[0.029s] Invoking command in '/home/amin/cobot/cobot_ws/build/mycobot_280_moveit2': AMENT_PREFIX_PATH=/home/amin/cobot/cobot_ws/install/mycobot_description:${AMENT_PREFIX_PATH} CMAKE_PREFIX_PATH=${CMAKE_PREFIX_PATH}:/opt/ros/jazzy DEBUGINFOD_URLS=https://debuginfod.ubuntu.com PYTHONPATH=/home/amin/cobot/cobot_ws/install/mycobot_description/lib/python3.12/site-packages:${PYTHONPATH} /usr/bin/cmake /home/amin/cobot/cobot_ws/src/mycobot_ros2/mycobot_280/mycobot_280_moveit2 -DCMAKE_INSTALL_PREFIX=/home/amin/cobot/cobot_ws/install/mycobot_280_moveit2
[0.188s] -- The C compiler identification is GNU 13.3.0
[0.412s] -- The CXX compiler identification is GNU 13.3.0
[0.484s] -- Detecting C compiler ABI info
[0.775s] -- Detecting C compiler ABI info - done
[0.814s] -- Check for working C compiler: /usr/bin/cc - skipped
[0.814s] -- Detecting C compile features
[0.814s] -- Detecting C compile features - done
[0.840s] -- Detecting CXX compiler ABI info
[1.159s] -- Detecting CXX compiler ABI info - done
[1.236s] -- Check for working CXX compiler: /usr/bin/c++ - skipped
[1.242s] -- Detecting CXX compile features
[1.243s] -- Detecting CXX compile features - done
[1.274s] -- Found ament_cmake: 2.5.4 (/opt/ros/jazzy/share/ament_cmake/cmake)
[2.044s] -- Found Python3: /usr/bin/python3 (found version "3.12.3") found components: Interpreter 
[3.548s] -- Configuring done (3.5s)
[3.587s] -- Generating done (0.0s)
[3.607s] -- Build files have been written to: /home/amin/cobot/cobot_ws/build/mycobot_280_moveit2
[3.648s] Invoked command in '/home/amin/cobot/cobot_ws/build/mycobot_280_moveit2' returned '0': AMENT_PREFIX_PATH=/home/amin/cobot/cobot_ws/install/mycobot_description:${AMENT_PREFIX_PATH} CMAKE_PREFIX_PATH=${CMAKE_PREFIX_PATH}:/opt/ros/jazzy DEBUGINFOD_URLS=https://debuginfod.ubuntu.com PYTHONPATH=/home/amin/cobot/cobot_ws/install/mycobot_description/lib/python3.12/site-packages:${PYTHONPATH} /usr/bin/cmake /home/amin/cobot/cobot_ws/src/mycobot_ros2/mycobot_280/mycobot_280_moveit2 -DCMAKE_INSTALL_PREFIX=/home/amin/cobot/cobot_ws/install/mycobot_280_moveit2
[3.652s] Invoking command in '/home/amin/cobot/cobot_ws/build/mycobot_280_moveit2': AMENT_PREFIX_PATH=/home/amin/cobot/cobot_ws/install/mycobot_description:${AMENT_PREFIX_PATH} CMAKE_PREFIX_PATH=${CMAKE_PREFIX_PATH}:/opt/ros/jazzy DEBUGINFOD_URLS=https://debuginfod.ubuntu.com PYTHONPATH=/home/amin/cobot/cobot_ws/install/mycobot_description/lib/python3.12/site-packages:${PYTHONPATH} /usr/bin/cmake --build /home/amin/cobot/cobot_ws/build/mycobot_280_moveit2 -- -j8 -l8
[6.333s] Invoked command in '/home/amin/cobot/cobot_ws/build/mycobot_280_moveit2' returned '0': AMENT_PREFIX_PATH=/home/amin/cobot/cobot_ws/install/mycobot_description:${AMENT_PREFIX_PATH} CMAKE_PREFIX_PATH=${CMAKE_PREFIX_PATH}:/opt/ros/jazzy DEBUGINFOD_URLS=https://debuginfod.ubuntu.com PYTHONPATH=/home/amin/cobot/cobot_ws/install/mycobot_description/lib/python3.12/site-packages:${PYTHONPATH} /usr/bin/cmake --build /home/amin/cobot/cobot_ws/build/mycobot_280_moveit2 -- -j8 -l8
[6.365s] Invoking command in '/home/amin/cobot/cobot_ws/build/mycobot_280_moveit2': AMENT_PREFIX_PATH=/home/amin/cobot/cobot_ws/install/mycobot_description:${AMENT_PREFIX_PATH} CMAKE_PREFIX_PATH=${CMAKE_PREFIX_PATH}:/opt/ros/jazzy DEBUGINFOD_URLS=https://debuginfod.ubuntu.com PYTHONPATH=/home/amin/cobot/cobot_ws/install/mycobot_description/lib/python3.12/site-packages:${PYTHONPATH} /usr/bin/cmake --install /home/amin/cobot/cobot_ws/build/mycobot_280_moveit2
[6.432s] -- Install configuration: ""
[6.432s] -- Installing: /home/amin/cobot/cobot_ws/install/mycobot_280_moveit2/share/ament_index/resource_index/package_run_dependencies/mycobot_280_moveit2
[6.432s] -- Installing: /home/amin/cobot/cobot_ws/install/mycobot_280_moveit2/share/ament_index/resource_index/parent_prefix_path/mycobot_280_moveit2
[6.432s] -- Installing: /home/amin/cobot/cobot_ws/install/mycobot_280_moveit2/share/mycobot_280_moveit2/environment/ament_prefix_path.sh
[6.432s] -- Installing: /home/amin/cobot/cobot_ws/install/mycobot_280_moveit2/share/mycobot_280_moveit2/environment/ament_prefix_path.dsv
[6.432s] -- Installing: /home/amin/cobot/cobot_ws/install/mycobot_280_moveit2/share/mycobot_280_moveit2/environment/path.sh
[6.433s] -- Installing: /home/amin/cobot/cobot_ws/install/mycobot_280_moveit2/share/mycobot_280_moveit2/environment/path.dsv
[6.433s] -- Installing: /home/amin/cobot/cobot_ws/install/mycobot_280_moveit2/share/mycobot_280_moveit2/local_setup.bash
[6.433s] -- Installing: /home/amin/cobot/cobot_ws/install/mycobot_280_moveit2/share/mycobot_280_moveit2/local_setup.sh
[6.433s] -- Installing: /home/amin/cobot/cobot_ws/install/mycobot_280_moveit2/share/mycobot_280_moveit2/local_setup.zsh
[6.433s] -- Installing: /home/amin/cobot/cobot_ws/install/mycobot_280_moveit2/share/mycobot_280_moveit2/local_setup.dsv
[6.433s] -- Installing: /home/amin/cobot/cobot_ws/install/mycobot_280_moveit2/share/mycobot_280_moveit2/package.dsv
[6.433s] -- Installing: /home/amin/cobot/cobot_ws/install/mycobot_280_moveit2/share/ament_index/resource_index/packages/mycobot_280_moveit2
[6.433s] -- Installing: /home/amin/cobot/cobot_ws/install/mycobot_280_moveit2/share/mycobot_280_moveit2/cmake/mycobot_280_moveit2Config.cmake
[6.434s] -- Installing: /home/amin/cobot/cobot_ws/install/mycobot_280_moveit2/share/mycobot_280_moveit2/cmake/mycobot_280_moveit2Config-version.cmake
[6.434s] -- Installing: /home/amin/cobot/cobot_ws/install/mycobot_280_moveit2/share/mycobot_280_moveit2/package.xml
[6.434s] -- Installing: /home/amin/cobot/cobot_ws/install/mycobot_280_moveit2/share/mycobot_280_moveit2/launch
[6.434s] -- Installing: /home/amin/cobot/cobot_ws/install/mycobot_280_moveit2/share/mycobot_280_moveit2/launch/warehouse_db.launch.py
[6.434s] -- Installing: /home/amin/cobot/cobot_ws/install/mycobot_280_moveit2/share/mycobot_280_moveit2/launch/rsp.launch.py
[6.434s] -- Installing: /home/amin/cobot/cobot_ws/install/mycobot_280_moveit2/share/mycobot_280_moveit2/launch/move_group.launch.py
[6.434s] -- Installing: /home/amin/cobot/cobot_ws/install/mycobot_280_moveit2/share/mycobot_280_moveit2/launch/setup_assistant.launch.py
[6.434s] -- Installing: /home/amin/cobot/cobot_ws/install/mycobot_280_moveit2/share/mycobot_280_moveit2/launch/spawn_controllers.launch.py
[6.434s] -- Installing: /home/amin/cobot/cobot_ws/install/mycobot_280_moveit2/share/mycobot_280_moveit2/launch/demo.launch.py
[6.435s] -- Installing: /home/amin/cobot/cobot_ws/install/mycobot_280_moveit2/share/mycobot_280_moveit2/launch/moveit_rviz.launch.py
[6.435s] -- Installing: /home/amin/cobot/cobot_ws/install/mycobot_280_moveit2/share/mycobot_280_moveit2/launch/static_virtual_joint_tfs.launch.py
[6.435s] -- Installing: /home/amin/cobot/cobot_ws/install/mycobot_280_moveit2/share/mycobot_280_moveit2/config
[6.435s] -- Installing: /home/amin/cobot/cobot_ws/install/mycobot_280_moveit2/share/mycobot_280_moveit2/config/pilz_cartesian_limits.yaml
[6.435s] -- Installing: /home/amin/cobot/cobot_ws/install/mycobot_280_moveit2/share/mycobot_280_moveit2/config/joint_limits.yaml
[6.435s] -- Installing: /home/amin/cobot/cobot_ws/install/mycobot_280_moveit2/share/mycobot_280_moveit2/config/kinematics.yaml
[6.442s] -- Installing: /home/amin/cobot/cobot_ws/install/mycobot_280_moveit2/share/mycobot_280_moveit2/config/moveit.rviz
[6.442s] -- Installing: /home/amin/cobot/cobot_ws/install/mycobot_280_moveit2/share/mycobot_280_moveit2/config/firefighter.srdf
[6.443s] -- Installing: /home/amin/cobot/cobot_ws/install/mycobot_280_moveit2/share/mycobot_280_moveit2/config/ros2_controllers.yaml
[6.443s] -- Installing: /home/amin/cobot/cobot_ws/install/mycobot_280_moveit2/share/mycobot_280_moveit2/config/firefighter.ros2_control.xacro
[6.443s] -- Installing: /home/amin/cobot/cobot_ws/install/mycobot_280_moveit2/share/mycobot_280_moveit2/config/moveit_controllers.yaml
[6.443s] -- Installing: /home/amin/cobot/cobot_ws/install/mycobot_280_moveit2/share/mycobot_280_moveit2/config/firefighter.urdf.xacro
[6.443s] -- Installing: /home/amin/cobot/cobot_ws/install/mycobot_280_moveit2/share/mycobot_280_moveit2/config/initial_positions.yaml
[6.443s] -- Installing: /home/amin/cobot/cobot_ws/install/mycobot_280_moveit2/share/mycobot_280_moveit2/.setup_assistant
[11.325s] Invoked command in '/home/amin/cobot/cobot_ws/build/mycobot_280_moveit2' returned '0': AMENT_PREFIX_PATH=/home/amin/cobot/cobot_ws/install/mycobot_description:${AMENT_PREFIX_PATH} CMAKE_PREFIX_PATH=${CMAKE_PREFIX_PATH}:/opt/ros/jazzy DEBUGINFOD_URLS=https://debuginfod.ubuntu.com PYTHONPATH=/home/amin/cobot/cobot_ws/install/mycobot_description/lib/python3.12/site-packages:${PYTHONPATH} /usr/bin/cmake --install /home/amin/cobot/cobot_ws/build/mycobot_280_moveit2
