[0.212s] Invoking command in '/home/amin/cobot/cobot_ws/build/mycobot_interfaces': CMAKE_PREFIX_PATH=${CMAKE_PREFIX_PATH}:/home/amin/cobot/cobot_ws/install/ultraarm:/home/amin/cobot/cobot_ws/install/pro450_moveit2_control:/home/amin/cobot/cobot_ws/install/mypalletizer_communication:/home/amin/cobot/cobot_ws/install/mypalletizer_260_pi:/home/amin/cobot/cobot_ws/install/mypalletizer_260:/home/amin/cobot/cobot_ws/install/mycobot_pro_450:/home/amin/cobot/cobot_ws/install/myarm_m750:/home/amin/cobot/cobot_ws/install/myarm_c650:/home/amin/cobot/cobot_ws/install/mycobot_communication:/home/amin/cobot/cobot_ws/install/mecharm_communication:/home/amin/cobot/cobot_ws/install/mycobot_630:/home/amin/cobot/cobot_ws/install/mycobot_600:/home/amin/cobot/cobot_ws/install/mycobot_320pi:/home/amin/cobot/cobot_ws/install/mycobot_320_riscv:/home/amin/cobot/cobot_ws/install/mycobot_320:/home/amin/cobot/cobot_ws/install/mycobot_280pi:/home/amin/cobot/cobot_ws/install/mycobot_280jn:/home/amin/cobot/cobot_ws/install/mycobot_280_x3pi:/home/amin/cobot/cobot_ws/install/mycobot_280_riscv:/home/amin/cobot/cobot_ws/install/mycobot_280_rdkx5:/home/amin/cobot/cobot_ws/install/mycobot_280_moveit2_control:/home/amin/cobot/cobot_ws/install/mycobot_280_arduino:/home/amin/cobot/cobot_ws/install/mycobot_280:/home/amin/cobot/cobot_ws/install/mybuddy:/home/amin/cobot/cobot_ws/install/myarm_300:/home/amin/cobot/cobot_ws/install/mecharm_pi:/home/amin/cobot/cobot_ws/install/mecharm:/home/amin/cobot/cobot_ws/install/mycobot_description:/opt/ros/jazzy DEBUGINFOD_URLS=https://debuginfod.ubuntu.com /usr/bin/cmake --build /home/amin/cobot/cobot_ws/build/mycobot_interfaces -- -j8 -l8
[0.263s] [  1%] Built target mycobot_interfaces__rosidl_generator_type_description
[0.275s] [  1%] Built target ament_cmake_python_copy_mycobot_interfaces
[0.306s] [  1%] Built target mycobot_interfaces__cpp
[0.315s] [ 27%] Built target mycobot_interfaces__rosidl_generator_c
[0.418s] [ 37%] Built target mycobot_interfaces__rosidl_typesupport_c
[0.419s] [ 47%] Built target mycobot_interfaces__rosidl_typesupport_introspection_c
[0.420s] [ 56%] Built target mycobot_interfaces__rosidl_typesupport_cpp
[0.450s] [ 66%] Built target mycobot_interfaces__rosidl_typesupport_fastrtps_c
[0.471s] [ 75%] Built target mycobot_interfaces__rosidl_typesupport_introspection_cpp
[0.471s] [ 85%] Built target mycobot_interfaces__rosidl_typesupport_fastrtps_cpp
[0.534s] [ 85%] Built target mycobot_interfaces
[0.608s] [ 86%] Built target mycobot_interfaces__py
[0.678s] [ 95%] Built target mycobot_interfaces__rosidl_generator_py
[0.747s] [ 97%] Built target mycobot_interfaces_s__rosidl_typesupport_c
[0.758s] [ 98%] Built target mycobot_interfaces_s__rosidl_typesupport_fastrtps_c
[0.763s] [100%] Built target mycobot_interfaces_s__rosidl_typesupport_introspection_c
[0.815s] running egg_info
[0.833s] writing mycobot_interfaces.egg-info/PKG-INFO
[0.833s] writing dependency_links to mycobot_interfaces.egg-info/dependency_links.txt
[0.833s] writing top-level names to mycobot_interfaces.egg-info/top_level.txt
[0.884s] reading manifest file 'mycobot_interfaces.egg-info/SOURCES.txt'
[0.885s] writing manifest file 'mycobot_interfaces.egg-info/SOURCES.txt'
[0.948s] [100%] Built target ament_cmake_python_build_mycobot_interfaces_egg
[0.948s] Invoked command in '/home/amin/cobot/cobot_ws/build/mycobot_interfaces' returned '0': CMAKE_PREFIX_PATH=${CMAKE_PREFIX_PATH}:/home/amin/cobot/cobot_ws/install/ultraarm:/home/amin/cobot/cobot_ws/install/pro450_moveit2_control:/home/amin/cobot/cobot_ws/install/mypalletizer_communication:/home/amin/cobot/cobot_ws/install/mypalletizer_260_pi:/home/amin/cobot/cobot_ws/install/mypalletizer_260:/home/amin/cobot/cobot_ws/install/mycobot_pro_450:/home/amin/cobot/cobot_ws/install/myarm_m750:/home/amin/cobot/cobot_ws/install/myarm_c650:/home/amin/cobot/cobot_ws/install/mycobot_communication:/home/amin/cobot/cobot_ws/install/mecharm_communication:/home/amin/cobot/cobot_ws/install/mycobot_630:/home/amin/cobot/cobot_ws/install/mycobot_600:/home/amin/cobot/cobot_ws/install/mycobot_320pi:/home/amin/cobot/cobot_ws/install/mycobot_320_riscv:/home/amin/cobot/cobot_ws/install/mycobot_320:/home/amin/cobot/cobot_ws/install/mycobot_280pi:/home/amin/cobot/cobot_ws/install/mycobot_280jn:/home/amin/cobot/cobot_ws/install/mycobot_280_x3pi:/home/amin/cobot/cobot_ws/install/mycobot_280_riscv:/home/amin/cobot/cobot_ws/install/mycobot_280_rdkx5:/home/amin/cobot/cobot_ws/install/mycobot_280_moveit2_control:/home/amin/cobot/cobot_ws/install/mycobot_280_arduino:/home/amin/cobot/cobot_ws/install/mycobot_280:/home/amin/cobot/cobot_ws/install/mybuddy:/home/amin/cobot/cobot_ws/install/myarm_300:/home/amin/cobot/cobot_ws/install/mecharm_pi:/home/amin/cobot/cobot_ws/install/mecharm:/home/amin/cobot/cobot_ws/install/mycobot_description:/opt/ros/jazzy DEBUGINFOD_URLS=https://debuginfod.ubuntu.com /usr/bin/cmake --build /home/amin/cobot/cobot_ws/build/mycobot_interfaces -- -j8 -l8
[0.949s] Invoking command in '/home/amin/cobot/cobot_ws/build/mycobot_interfaces': CMAKE_PREFIX_PATH=${CMAKE_PREFIX_PATH}:/home/amin/cobot/cobot_ws/install/ultraarm:/home/amin/cobot/cobot_ws/install/pro450_moveit2_control:/home/amin/cobot/cobot_ws/install/mypalletizer_communication:/home/amin/cobot/cobot_ws/install/mypalletizer_260_pi:/home/amin/cobot/cobot_ws/install/mypalletizer_260:/home/amin/cobot/cobot_ws/install/mycobot_pro_450:/home/amin/cobot/cobot_ws/install/myarm_m750:/home/amin/cobot/cobot_ws/install/myarm_c650:/home/amin/cobot/cobot_ws/install/mycobot_communication:/home/amin/cobot/cobot_ws/install/mecharm_communication:/home/amin/cobot/cobot_ws/install/mycobot_630:/home/amin/cobot/cobot_ws/install/mycobot_600:/home/amin/cobot/cobot_ws/install/mycobot_320pi:/home/amin/cobot/cobot_ws/install/mycobot_320_riscv:/home/amin/cobot/cobot_ws/install/mycobot_320:/home/amin/cobot/cobot_ws/install/mycobot_280pi:/home/amin/cobot/cobot_ws/install/mycobot_280jn:/home/amin/cobot/cobot_ws/install/mycobot_280_x3pi:/home/amin/cobot/cobot_ws/install/mycobot_280_riscv:/home/amin/cobot/cobot_ws/install/mycobot_280_rdkx5:/home/amin/cobot/cobot_ws/install/mycobot_280_moveit2_control:/home/amin/cobot/cobot_ws/install/mycobot_280_arduino:/home/amin/cobot/cobot_ws/install/mycobot_280:/home/amin/cobot/cobot_ws/install/mybuddy:/home/amin/cobot/cobot_ws/install/myarm_300:/home/amin/cobot/cobot_ws/install/mecharm_pi:/home/amin/cobot/cobot_ws/install/mecharm:/home/amin/cobot/cobot_ws/install/mycobot_description:/opt/ros/jazzy DEBUGINFOD_URLS=https://debuginfod.ubuntu.com /usr/bin/cmake --install /home/amin/cobot/cobot_ws/build/mycobot_interfaces
[0.956s] -- Install configuration: ""
[0.956s] -- Up-to-date: /home/amin/cobot/cobot_ws/install/mycobot_interfaces/share/ament_index/resource_index/rosidl_interfaces/mycobot_interfaces
[0.956s] -- Up-to-date: /home/amin/cobot/cobot_ws/install/mycobot_interfaces/share/mycobot_interfaces/msg/MycobotAngles.json
[0.956s] -- Up-to-date: /home/amin/cobot/cobot_ws/install/mycobot_interfaces/share/mycobot_interfaces/msg/MycobotCoords.json
[0.956s] -- Up-to-date: /home/amin/cobot/cobot_ws/install/mycobot_interfaces/share/mycobot_interfaces/msg/MycobotSetAngles.json
[0.956s] -- Up-to-date: /home/amin/cobot/cobot_ws/install/mycobot_interfaces/share/mycobot_interfaces/msg/MycobotSetCoords.json
[0.956s] -- Up-to-date: /home/amin/cobot/cobot_ws/install/mycobot_interfaces/share/mycobot_interfaces/msg/MycobotGripperStatus.json
[0.957s] -- Up-to-date: /home/amin/cobot/cobot_ws/install/mycobot_interfaces/share/mycobot_interfaces/msg/MycobotPumpStatus.json
[0.957s] -- Up-to-date: /home/amin/cobot/cobot_ws/install/mycobot_interfaces/share/mycobot_interfaces/srv/GetAngles.json
[0.957s] -- Up-to-date: /home/amin/cobot/cobot_ws/install/mycobot_interfaces/share/mycobot_interfaces/srv/SetAngles.json
[0.957s] -- Up-to-date: /home/amin/cobot/cobot_ws/install/mycobot_interfaces/share/mycobot_interfaces/srv/GetCoords.json
[0.957s] -- Up-to-date: /home/amin/cobot/cobot_ws/install/mycobot_interfaces/share/mycobot_interfaces/srv/SetCoords.json
[0.957s] -- Up-to-date: /home/amin/cobot/cobot_ws/install/mycobot_interfaces/share/mycobot_interfaces/srv/GripperStatus.json
[0.957s] -- Up-to-date: /home/amin/cobot/cobot_ws/install/mycobot_interfaces/share/mycobot_interfaces/srv/PumpStatus.json
[0.957s] -- Up-to-date: /home/amin/cobot/cobot_ws/install/mycobot_interfaces/include/mycobot_interfaces/mycobot_interfaces
[0.958s] -- Up-to-date: /home/amin/cobot/cobot_ws/install/mycobot_interfaces/include/mycobot_interfaces/mycobot_interfaces/srv
[0.958s] -- Up-to-date: /home/amin/cobot/cobot_ws/install/mycobot_interfaces/include/mycobot_interfaces/mycobot_interfaces/srv/gripper_status.h
[0.958s] -- Up-to-date: /home/amin/cobot/cobot_ws/install/mycobot_interfaces/include/mycobot_interfaces/mycobot_interfaces/srv/detail
[0.958s] -- Up-to-date: /home/amin/cobot/cobot_ws/install/mycobot_interfaces/include/mycobot_interfaces/mycobot_interfaces/srv/detail/set_coords__type_support.h
[0.958s] -- Up-to-date: /home/amin/cobot/cobot_ws/install/mycobot_interfaces/include/mycobot_interfaces/mycobot_interfaces/srv/detail/gripper_status__description.c
[0.958s] -- Up-to-date: /home/amin/cobot/cobot_ws/install/mycobot_interfaces/include/mycobot_interfaces/mycobot_interfaces/srv/detail/gripper_status__functions.h
[0.959s] -- Up-to-date: /home/amin/cobot/cobot_ws/install/mycobot_interfaces/include/mycobot_interfaces/mycobot_interfaces/srv/detail/set_angles__struct.h
[0.959s] -- Up-to-date: /home/amin/cobot/cobot_ws/install/mycobot_interfaces/include/mycobot_interfaces/mycobot_interfaces/srv/detail/set_coords__functions.h
[0.959s] -- Installing: /home/amin/cobot/cobot_ws/install/mycobot_interfaces/include/mycobot_interfaces/mycobot_interfaces/srv/detail/pump_status__type_support.c
[0.959s] -- Installing: /home/amin/cobot/cobot_ws/install/mycobot_interfaces/include/mycobot_interfaces/mycobot_interfaces/srv/detail/get_coords__type_support.c
[0.959s] -- Up-to-date: /home/amin/cobot/cobot_ws/install/mycobot_interfaces/include/mycobot_interfaces/mycobot_interfaces/srv/detail/set_angles__description.c
[0.959s] -- Up-to-date: /home/amin/cobot/cobot_ws/install/mycobot_interfaces/include/mycobot_interfaces/mycobot_interfaces/srv/detail/gripper_status__struct.h
[0.959s] -- Up-to-date: /home/amin/cobot/cobot_ws/install/mycobot_interfaces/include/mycobot_interfaces/mycobot_interfaces/srv/detail/get_angles__type_support.h
[0.959s] -- Up-to-date: /home/amin/cobot/cobot_ws/install/mycobot_interfaces/include/mycobot_interfaces/mycobot_interfaces/srv/detail/set_coords__functions.c
[0.959s] -- Installing: /home/amin/cobot/cobot_ws/install/mycobot_interfaces/include/mycobot_interfaces/mycobot_interfaces/srv/detail/set_coords__type_support.c
[0.959s] -- Installing: /home/amin/cobot/cobot_ws/install/mycobot_interfaces/include/mycobot_interfaces/mycobot_interfaces/srv/detail/set_angles__type_support.c
[0.959s] -- Up-to-date: /home/amin/cobot/cobot_ws/install/mycobot_interfaces/include/mycobot_interfaces/mycobot_interfaces/srv/detail/gripper_status__type_support.h
[0.960s] -- Up-to-date: /home/amin/cobot/cobot_ws/install/mycobot_interfaces/include/mycobot_interfaces/mycobot_interfaces/srv/detail/pump_status__struct.h
[0.960s] -- Up-to-date: /home/amin/cobot/cobot_ws/install/mycobot_interfaces/include/mycobot_interfaces/mycobot_interfaces/srv/detail/get_angles__struct.h
[0.960s] -- Up-to-date: /home/amin/cobot/cobot_ws/install/mycobot_interfaces/include/mycobot_interfaces/mycobot_interfaces/srv/detail/get_coords__description.c
[0.960s] -- Up-to-date: /home/amin/cobot/cobot_ws/install/mycobot_interfaces/include/mycobot_interfaces/mycobot_interfaces/srv/detail/set_coords__description.c
[0.960s] -- Up-to-date: /home/amin/cobot/cobot_ws/install/mycobot_interfaces/include/mycobot_interfaces/mycobot_interfaces/srv/detail/get_coords__functions.h
[0.960s] -- Installing: /home/amin/cobot/cobot_ws/install/mycobot_interfaces/include/mycobot_interfaces/mycobot_interfaces/srv/detail/get_angles__type_support.c
[0.961s] -- Up-to-date: /home/amin/cobot/cobot_ws/install/mycobot_interfaces/include/mycobot_interfaces/mycobot_interfaces/srv/detail/get_angles__functions.h
[0.961s] -- Installing: /home/amin/cobot/cobot_ws/install/mycobot_interfaces/include/mycobot_interfaces/mycobot_interfaces/srv/detail/gripper_status__type_support.c
[0.961s] -- Up-to-date: /home/amin/cobot/cobot_ws/install/mycobot_interfaces/include/mycobot_interfaces/mycobot_interfaces/srv/detail/get_angles__functions.c
[0.962s] -- Up-to-date: /home/amin/cobot/cobot_ws/install/mycobot_interfaces/include/mycobot_interfaces/mycobot_interfaces/srv/detail/pump_status__functions.c
[0.962s] -- Up-to-date: /home/amin/cobot/cobot_ws/install/mycobot_interfaces/include/mycobot_interfaces/mycobot_interfaces/srv/detail/pump_status__description.c
[0.962s] -- Up-to-date: /home/amin/cobot/cobot_ws/install/mycobot_interfaces/include/mycobot_interfaces/mycobot_interfaces/srv/detail/get_coords__type_support.h
[0.962s] -- Up-to-date: /home/amin/cobot/cobot_ws/install/mycobot_interfaces/include/mycobot_interfaces/mycobot_interfaces/srv/detail/set_angles__type_support.h
[0.962s] -- Up-to-date: /home/amin/cobot/cobot_ws/install/mycobot_interfaces/include/mycobot_interfaces/mycobot_interfaces/srv/detail/get_coords__functions.c
[0.962s] -- Up-to-date: /home/amin/cobot/cobot_ws/install/mycobot_interfaces/include/mycobot_interfaces/mycobot_interfaces/srv/detail/gripper_status__functions.c
[0.963s] -- Up-to-date: /home/amin/cobot/cobot_ws/install/mycobot_interfaces/include/mycobot_interfaces/mycobot_interfaces/srv/detail/get_angles__description.c
[0.963s] -- Up-to-date: /home/amin/cobot/cobot_ws/install/mycobot_interfaces/include/mycobot_interfaces/mycobot_interfaces/srv/detail/pump_status__functions.h
[0.963s] -- Up-to-date: /home/amin/cobot/cobot_ws/install/mycobot_interfaces/include/mycobot_interfaces/mycobot_interfaces/srv/detail/set_angles__functions.c
[0.963s] -- Up-to-date: /home/amin/cobot/cobot_ws/install/mycobot_interfaces/include/mycobot_interfaces/mycobot_interfaces/srv/detail/set_coords__struct.h
[0.963s] -- Up-to-date: /home/amin/cobot/cobot_ws/install/mycobot_interfaces/include/mycobot_interfaces/mycobot_interfaces/srv/detail/get_coords__struct.h
[0.963s] -- Up-to-date: /home/amin/cobot/cobot_ws/install/mycobot_interfaces/include/mycobot_interfaces/mycobot_interfaces/srv/detail/set_angles__functions.h
[0.963s] -- Up-to-date: /home/amin/cobot/cobot_ws/install/mycobot_interfaces/include/mycobot_interfaces/mycobot_interfaces/srv/detail/pump_status__type_support.h
[0.963s] -- Up-to-date: /home/amin/cobot/cobot_ws/install/mycobot_interfaces/include/mycobot_interfaces/mycobot_interfaces/srv/get_coords.h
[0.963s] -- Up-to-date: /home/amin/cobot/cobot_ws/install/mycobot_interfaces/include/mycobot_interfaces/mycobot_interfaces/srv/get_angles.h
[0.963s] -- Up-to-date: /home/amin/cobot/cobot_ws/install/mycobot_interfaces/include/mycobot_interfaces/mycobot_interfaces/srv/pump_status.h
[0.963s] -- Up-to-date: /home/amin/cobot/cobot_ws/install/mycobot_interfaces/include/mycobot_interfaces/mycobot_interfaces/srv/set_angles.h
[0.963s] -- Up-to-date: /home/amin/cobot/cobot_ws/install/mycobot_interfaces/include/mycobot_interfaces/mycobot_interfaces/srv/set_coords.h
[0.964s] -- Up-to-date: /home/amin/cobot/cobot_ws/install/mycobot_interfaces/include/mycobot_interfaces/mycobot_interfaces/msg
[0.964s] -- Up-to-date: /home/amin/cobot/cobot_ws/install/mycobot_interfaces/include/mycobot_interfaces/mycobot_interfaces/msg/detail
[0.964s] -- Up-to-date: /home/amin/cobot/cobot_ws/install/mycobot_interfaces/include/mycobot_interfaces/mycobot_interfaces/msg/detail/mycobot_pump_status__functions.c
[0.964s] -- Up-to-date: /home/amin/cobot/cobot_ws/install/mycobot_interfaces/include/mycobot_interfaces/mycobot_interfaces/msg/detail/mycobot_gripper_status__description.c
[0.964s] -- Up-to-date: /home/amin/cobot/cobot_ws/install/mycobot_interfaces/include/mycobot_interfaces/mycobot_interfaces/msg/detail/mycobot_gripper_status__type_support.h
[0.964s] -- Up-to-date: /home/amin/cobot/cobot_ws/install/mycobot_interfaces/include/mycobot_interfaces/mycobot_interfaces/msg/detail/mycobot_set_angles__functions.c
[0.964s] -- Up-to-date: /home/amin/cobot/cobot_ws/install/mycobot_interfaces/include/mycobot_interfaces/mycobot_interfaces/msg/detail/mycobot_coords__type_support.h
[0.964s] -- Up-to-date: /home/amin/cobot/cobot_ws/install/mycobot_interfaces/include/mycobot_interfaces/mycobot_interfaces/msg/detail/mycobot_coords__struct.h
[0.964s] -- Up-to-date: /home/amin/cobot/cobot_ws/install/mycobot_interfaces/include/mycobot_interfaces/mycobot_interfaces/msg/detail/mycobot_pump_status__type_support.h
[0.964s] -- Up-to-date: /home/amin/cobot/cobot_ws/install/mycobot_interfaces/include/mycobot_interfaces/mycobot_interfaces/msg/detail/mycobot_set_angles__description.c
[0.964s] -- Up-to-date: /home/amin/cobot/cobot_ws/install/mycobot_interfaces/include/mycobot_interfaces/mycobot_interfaces/msg/detail/mycobot_set_coords__type_support.h
[0.964s] -- Up-to-date: /home/amin/cobot/cobot_ws/install/mycobot_interfaces/include/mycobot_interfaces/mycobot_interfaces/msg/detail/mycobot_set_coords__functions.h
[0.965s] -- Installing: /home/amin/cobot/cobot_ws/install/mycobot_interfaces/include/mycobot_interfaces/mycobot_interfaces/msg/detail/mycobot_set_angles__type_support.c
[0.965s] -- Up-to-date: /home/amin/cobot/cobot_ws/install/mycobot_interfaces/include/mycobot_interfaces/mycobot_interfaces/msg/detail/mycobot_angles__struct.h
[0.965s] -- Installing: /home/amin/cobot/cobot_ws/install/mycobot_interfaces/include/mycobot_interfaces/mycobot_interfaces/msg/detail/mycobot_angles__type_support.c
[0.966s] -- Up-to-date: /home/amin/cobot/cobot_ws/install/mycobot_interfaces/include/mycobot_interfaces/mycobot_interfaces/msg/detail/mycobot_gripper_status__functions.c
[0.966s] -- Up-to-date: /home/amin/cobot/cobot_ws/install/mycobot_interfaces/include/mycobot_interfaces/mycobot_interfaces/msg/detail/mycobot_gripper_status__functions.h
[0.966s] -- Up-to-date: /home/amin/cobot/cobot_ws/install/mycobot_interfaces/include/mycobot_interfaces/mycobot_interfaces/msg/detail/mycobot_pump_status__functions.h
[0.966s] -- Up-to-date: /home/amin/cobot/cobot_ws/install/mycobot_interfaces/include/mycobot_interfaces/mycobot_interfaces/msg/detail/mycobot_set_angles__functions.h
[0.966s] -- Installing: /home/amin/cobot/cobot_ws/install/mycobot_interfaces/include/mycobot_interfaces/mycobot_interfaces/msg/detail/mycobot_pump_status__type_support.c
[0.966s] -- Installing: /home/amin/cobot/cobot_ws/install/mycobot_interfaces/include/mycobot_interfaces/mycobot_interfaces/msg/detail/mycobot_gripper_status__type_support.c
[0.966s] -- Up-to-date: /home/amin/cobot/cobot_ws/install/mycobot_interfaces/include/mycobot_interfaces/mycobot_interfaces/msg/detail/mycobot_coords__functions.h
[0.966s] -- Installing: /home/amin/cobot/cobot_ws/install/mycobot_interfaces/include/mycobot_interfaces/mycobot_interfaces/msg/detail/mycobot_coords__type_support.c
[0.966s] -- Up-to-date: /home/amin/cobot/cobot_ws/install/mycobot_interfaces/include/mycobot_interfaces/mycobot_interfaces/msg/detail/mycobot_coords__description.c
[0.966s] -- Installing: /home/amin/cobot/cobot_ws/install/mycobot_interfaces/include/mycobot_interfaces/mycobot_interfaces/msg/detail/mycobot_set_coords__type_support.c
[0.967s] -- Up-to-date: /home/amin/cobot/cobot_ws/install/mycobot_interfaces/include/mycobot_interfaces/mycobot_interfaces/msg/detail/mycobot_set_coords__struct.h
[0.967s] -- Up-to-date: /home/amin/cobot/cobot_ws/install/mycobot_interfaces/include/mycobot_interfaces/mycobot_interfaces/msg/detail/mycobot_angles__functions.h
[0.967s] -- Up-to-date: /home/amin/cobot/cobot_ws/install/mycobot_interfaces/include/mycobot_interfaces/mycobot_interfaces/msg/detail/mycobot_gripper_status__struct.h
[0.967s] -- Up-to-date: /home/amin/cobot/cobot_ws/install/mycobot_interfaces/include/mycobot_interfaces/mycobot_interfaces/msg/detail/mycobot_set_coords__description.c
[0.967s] -- Up-to-date: /home/amin/cobot/cobot_ws/install/mycobot_interfaces/include/mycobot_interfaces/mycobot_interfaces/msg/detail/mycobot_set_coords__functions.c
[0.968s] -- Up-to-date: /home/amin/cobot/cobot_ws/install/mycobot_interfaces/include/mycobot_interfaces/mycobot_interfaces/msg/detail/mycobot_coords__functions.c
[0.968s] -- Up-to-date: /home/amin/cobot/cobot_ws/install/mycobot_interfaces/include/mycobot_interfaces/mycobot_interfaces/msg/detail/mycobot_angles__functions.c
[0.968s] -- Up-to-date: /home/amin/cobot/cobot_ws/install/mycobot_interfaces/include/mycobot_interfaces/mycobot_interfaces/msg/detail/mycobot_set_angles__struct.h
[0.968s] -- Up-to-date: /home/amin/cobot/cobot_ws/install/mycobot_interfaces/include/mycobot_interfaces/mycobot_interfaces/msg/detail/mycobot_angles__type_support.h
[0.969s] -- Up-to-date: /home/amin/cobot/cobot_ws/install/mycobot_interfaces/include/mycobot_interfaces/mycobot_interfaces/msg/detail/mycobot_set_angles__type_support.h
[0.969s] -- Up-to-date: /home/amin/cobot/cobot_ws/install/mycobot_interfaces/include/mycobot_interfaces/mycobot_interfaces/msg/detail/mycobot_angles__description.c
[0.969s] -- Up-to-date: /home/amin/cobot/cobot_ws/install/mycobot_interfaces/include/mycobot_interfaces/mycobot_interfaces/msg/detail/mycobot_pump_status__struct.h
[0.969s] -- Up-to-date: /home/amin/cobot/cobot_ws/install/mycobot_interfaces/include/mycobot_interfaces/mycobot_interfaces/msg/detail/mycobot_pump_status__description.c
[0.970s] -- Up-to-date: /home/amin/cobot/cobot_ws/install/mycobot_interfaces/include/mycobot_interfaces/mycobot_interfaces/msg/rosidl_generator_c__visibility_control.h
[0.970s] -- Up-to-date: /home/amin/cobot/cobot_ws/install/mycobot_interfaces/include/mycobot_interfaces/mycobot_interfaces/msg/mycobot_set_angles.h
[0.970s] -- Up-to-date: /home/amin/cobot/cobot_ws/install/mycobot_interfaces/include/mycobot_interfaces/mycobot_interfaces/msg/mycobot_pump_status.h
[0.971s] -- Up-to-date: /home/amin/cobot/cobot_ws/install/mycobot_interfaces/include/mycobot_interfaces/mycobot_interfaces/msg/mycobot_coords.h
[0.971s] -- Up-to-date: /home/amin/cobot/cobot_ws/install/mycobot_interfaces/include/mycobot_interfaces/mycobot_interfaces/msg/mycobot_angles.h
[0.971s] -- Up-to-date: /home/amin/cobot/cobot_ws/install/mycobot_interfaces/include/mycobot_interfaces/mycobot_interfaces/msg/mycobot_gripper_status.h
[0.971s] -- Up-to-date: /home/amin/cobot/cobot_ws/install/mycobot_interfaces/include/mycobot_interfaces/mycobot_interfaces/msg/mycobot_set_coords.h
[0.971s] -- Up-to-date: /home/amin/cobot/cobot_ws/install/mycobot_interfaces/share/mycobot_interfaces/environment/library_path.sh
[0.971s] -- Up-to-date: /home/amin/cobot/cobot_ws/install/mycobot_interfaces/share/mycobot_interfaces/environment/library_path.dsv
[0.972s] -- Up-to-date: /home/amin/cobot/cobot_ws/install/mycobot_interfaces/lib/libmycobot_interfaces__rosidl_generator_c.so
[0.972s] -- Up-to-date: /home/amin/cobot/cobot_ws/install/mycobot_interfaces/include/mycobot_interfaces/mycobot_interfaces
[0.972s] -- Up-to-date: /home/amin/cobot/cobot_ws/install/mycobot_interfaces/include/mycobot_interfaces/mycobot_interfaces/srv
[0.972s] -- Up-to-date: /home/amin/cobot/cobot_ws/install/mycobot_interfaces/include/mycobot_interfaces/mycobot_interfaces/srv/detail
[0.973s] -- Up-to-date: /home/amin/cobot/cobot_ws/install/mycobot_interfaces/include/mycobot_interfaces/mycobot_interfaces/srv/detail/pump_status__rosidl_typesupport_fastrtps_c.h
[0.974s] -- Up-to-date: /home/amin/cobot/cobot_ws/install/mycobot_interfaces/include/mycobot_interfaces/mycobot_interfaces/srv/detail/get_coords__rosidl_typesupport_fastrtps_c.h
[0.974s] -- Up-to-date: /home/amin/cobot/cobot_ws/install/mycobot_interfaces/include/mycobot_interfaces/mycobot_interfaces/srv/detail/get_angles__rosidl_typesupport_fastrtps_c.h
[0.974s] -- Up-to-date: /home/amin/cobot/cobot_ws/install/mycobot_interfaces/include/mycobot_interfaces/mycobot_interfaces/srv/detail/set_angles__rosidl_typesupport_fastrtps_c.h
[0.974s] -- Up-to-date: /home/amin/cobot/cobot_ws/install/mycobot_interfaces/include/mycobot_interfaces/mycobot_interfaces/srv/detail/gripper_status__rosidl_typesupport_fastrtps_c.h
[0.974s] -- Up-to-date: /home/amin/cobot/cobot_ws/install/mycobot_interfaces/include/mycobot_interfaces/mycobot_interfaces/srv/detail/set_coords__rosidl_typesupport_fastrtps_c.h
[0.974s] -- Up-to-date: /home/amin/cobot/cobot_ws/install/mycobot_interfaces/include/mycobot_interfaces/mycobot_interfaces/msg
[0.974s] -- Up-to-date: /home/amin/cobot/cobot_ws/install/mycobot_interfaces/include/mycobot_interfaces/mycobot_interfaces/msg/detail
[0.974s] -- Up-to-date: /home/amin/cobot/cobot_ws/install/mycobot_interfaces/include/mycobot_interfaces/mycobot_interfaces/msg/detail/mycobot_pump_status__rosidl_typesupport_fastrtps_c.h
[0.975s] -- Up-to-date: /home/amin/cobot/cobot_ws/install/mycobot_interfaces/include/mycobot_interfaces/mycobot_interfaces/msg/detail/mycobot_angles__rosidl_typesupport_fastrtps_c.h
[0.975s] -- Up-to-date: /home/amin/cobot/cobot_ws/install/mycobot_interfaces/include/mycobot_interfaces/mycobot_interfaces/msg/detail/mycobot_set_angles__rosidl_typesupport_fastrtps_c.h
[0.975s] -- Up-to-date: /home/amin/cobot/cobot_ws/install/mycobot_interfaces/include/mycobot_interfaces/mycobot_interfaces/msg/detail/mycobot_coords__rosidl_typesupport_fastrtps_c.h
[0.975s] -- Up-to-date: /home/amin/cobot/cobot_ws/install/mycobot_interfaces/include/mycobot_interfaces/mycobot_interfaces/msg/detail/mycobot_set_coords__rosidl_typesupport_fastrtps_c.h
[0.975s] -- Up-to-date: /home/amin/cobot/cobot_ws/install/mycobot_interfaces/include/mycobot_interfaces/mycobot_interfaces/msg/detail/mycobot_gripper_status__rosidl_typesupport_fastrtps_c.h
[0.975s] -- Up-to-date: /home/amin/cobot/cobot_ws/install/mycobot_interfaces/include/mycobot_interfaces/mycobot_interfaces/msg/rosidl_typesupport_fastrtps_c__visibility_control.h
[0.976s] -- Up-to-date: /home/amin/cobot/cobot_ws/install/mycobot_interfaces/lib/libmycobot_interfaces__rosidl_typesupport_fastrtps_c.so
[0.976s] -- Up-to-date: /home/amin/cobot/cobot_ws/install/mycobot_interfaces/include/mycobot_interfaces/mycobot_interfaces
[0.976s] -- Up-to-date: /home/amin/cobot/cobot_ws/install/mycobot_interfaces/include/mycobot_interfaces/mycobot_interfaces/srv
[0.976s] -- Up-to-date: /home/amin/cobot/cobot_ws/install/mycobot_interfaces/include/mycobot_interfaces/mycobot_interfaces/srv/detail
[0.976s] -- Installing: /home/amin/cobot/cobot_ws/install/mycobot_interfaces/include/mycobot_interfaces/mycobot_interfaces/srv/detail/pump_status__type_support.c
[0.977s] -- Installing: /home/amin/cobot/cobot_ws/install/mycobot_interfaces/include/mycobot_interfaces/mycobot_interfaces/srv/detail/get_coords__type_support.c
[0.977s] -- Up-to-date: /home/amin/cobot/cobot_ws/install/mycobot_interfaces/include/mycobot_interfaces/mycobot_interfaces/srv/detail/set_angles__rosidl_typesupport_introspection_c.h
[0.978s] -- Installing: /home/amin/cobot/cobot_ws/install/mycobot_interfaces/include/mycobot_interfaces/mycobot_interfaces/srv/detail/set_coords__type_support.c
[0.978s] -- Installing: /home/amin/cobot/cobot_ws/install/mycobot_interfaces/include/mycobot_interfaces/mycobot_interfaces/srv/detail/set_angles__type_support.c
[0.978s] -- Up-to-date: /home/amin/cobot/cobot_ws/install/mycobot_interfaces/include/mycobot_interfaces/mycobot_interfaces/srv/detail/pump_status__rosidl_typesupport_introspection_c.h
[0.978s] -- Installing: /home/amin/cobot/cobot_ws/install/mycobot_interfaces/include/mycobot_interfaces/mycobot_interfaces/srv/detail/get_angles__type_support.c
[0.979s] -- Up-to-date: /home/amin/cobot/cobot_ws/install/mycobot_interfaces/include/mycobot_interfaces/mycobot_interfaces/srv/detail/get_angles__rosidl_typesupport_introspection_c.h
[0.979s] -- Installing: /home/amin/cobot/cobot_ws/install/mycobot_interfaces/include/mycobot_interfaces/mycobot_interfaces/srv/detail/gripper_status__type_support.c
[0.985s] -- Up-to-date: /home/amin/cobot/cobot_ws/install/mycobot_interfaces/include/mycobot_interfaces/mycobot_interfaces/srv/detail/set_coords__rosidl_typesupport_introspection_c.h
[0.985s] -- Up-to-date: /home/amin/cobot/cobot_ws/install/mycobot_interfaces/include/mycobot_interfaces/mycobot_interfaces/srv/detail/get_coords__rosidl_typesupport_introspection_c.h
[0.985s] -- Up-to-date: /home/amin/cobot/cobot_ws/install/mycobot_interfaces/include/mycobot_interfaces/mycobot_interfaces/srv/detail/gripper_status__rosidl_typesupport_introspection_c.h
[0.985s] -- Up-to-date: /home/amin/cobot/cobot_ws/install/mycobot_interfaces/include/mycobot_interfaces/mycobot_interfaces/msg
[0.985s] -- Up-to-date: /home/amin/cobot/cobot_ws/install/mycobot_interfaces/include/mycobot_interfaces/mycobot_interfaces/msg/detail
[0.985s] -- Up-to-date: /home/amin/cobot/cobot_ws/install/mycobot_interfaces/include/mycobot_interfaces/mycobot_interfaces/msg/detail/mycobot_set_coords__rosidl_typesupport_introspection_c.h
[0.985s] -- Installing: /home/amin/cobot/cobot_ws/install/mycobot_interfaces/include/mycobot_interfaces/mycobot_interfaces/msg/detail/mycobot_set_angles__type_support.c
[0.985s] -- Up-to-date: /home/amin/cobot/cobot_ws/install/mycobot_interfaces/include/mycobot_interfaces/mycobot_interfaces/msg/detail/mycobot_coords__rosidl_typesupport_introspection_c.h
[0.985s] -- Up-to-date: /home/amin/cobot/cobot_ws/install/mycobot_interfaces/include/mycobot_interfaces/mycobot_interfaces/msg/detail/mycobot_angles__rosidl_typesupport_introspection_c.h
[0.986s] -- Installing: /home/amin/cobot/cobot_ws/install/mycobot_interfaces/include/mycobot_interfaces/mycobot_interfaces/msg/detail/mycobot_angles__type_support.c
[0.986s] -- Installing: /home/amin/cobot/cobot_ws/install/mycobot_interfaces/include/mycobot_interfaces/mycobot_interfaces/msg/detail/mycobot_pump_status__type_support.c
[0.986s] -- Installing: /home/amin/cobot/cobot_ws/install/mycobot_interfaces/include/mycobot_interfaces/mycobot_interfaces/msg/detail/mycobot_gripper_status__type_support.c
[0.986s] -- Installing: /home/amin/cobot/cobot_ws/install/mycobot_interfaces/include/mycobot_interfaces/mycobot_interfaces/msg/detail/mycobot_coords__type_support.c
[0.986s] -- Installing: /home/amin/cobot/cobot_ws/install/mycobot_interfaces/include/mycobot_interfaces/mycobot_interfaces/msg/detail/mycobot_set_coords__type_support.c
[0.986s] -- Up-to-date: /home/amin/cobot/cobot_ws/install/mycobot_interfaces/include/mycobot_interfaces/mycobot_interfaces/msg/detail/mycobot_gripper_status__rosidl_typesupport_introspection_c.h
[0.986s] -- Up-to-date: /home/amin/cobot/cobot_ws/install/mycobot_interfaces/include/mycobot_interfaces/mycobot_interfaces/msg/detail/mycobot_set_angles__rosidl_typesupport_introspection_c.h
[0.986s] -- Up-to-date: /home/amin/cobot/cobot_ws/install/mycobot_interfaces/include/mycobot_interfaces/mycobot_interfaces/msg/detail/mycobot_pump_status__rosidl_typesupport_introspection_c.h
[0.986s] -- Up-to-date: /home/amin/cobot/cobot_ws/install/mycobot_interfaces/include/mycobot_interfaces/mycobot_interfaces/msg/rosidl_typesupport_introspection_c__visibility_control.h
[0.990s] -- Up-to-date: /home/amin/cobot/cobot_ws/install/mycobot_interfaces/lib/libmycobot_interfaces__rosidl_typesupport_introspection_c.so
[0.990s] -- Up-to-date: /home/amin/cobot/cobot_ws/install/mycobot_interfaces/lib/libmycobot_interfaces__rosidl_typesupport_c.so
[0.990s] -- Up-to-date: /home/amin/cobot/cobot_ws/install/mycobot_interfaces/include/mycobot_interfaces/mycobot_interfaces
[0.990s] -- Up-to-date: /home/amin/cobot/cobot_ws/install/mycobot_interfaces/include/mycobot_interfaces/mycobot_interfaces/srv
[0.990s] -- Up-to-date: /home/amin/cobot/cobot_ws/install/mycobot_interfaces/include/mycobot_interfaces/mycobot_interfaces/srv/set_angles.hpp
[0.990s] -- Up-to-date: /home/amin/cobot/cobot_ws/install/mycobot_interfaces/include/mycobot_interfaces/mycobot_interfaces/srv/get_coords.hpp
[0.990s] -- Up-to-date: /home/amin/cobot/cobot_ws/install/mycobot_interfaces/include/mycobot_interfaces/mycobot_interfaces/srv/gripper_status.hpp
[0.990s] -- Up-to-date: /home/amin/cobot/cobot_ws/install/mycobot_interfaces/include/mycobot_interfaces/mycobot_interfaces/srv/detail
[0.990s] -- Up-to-date: /home/amin/cobot/cobot_ws/install/mycobot_interfaces/include/mycobot_interfaces/mycobot_interfaces/srv/detail/get_coords__type_support.hpp
[0.990s] -- Up-to-date: /home/amin/cobot/cobot_ws/install/mycobot_interfaces/include/mycobot_interfaces/mycobot_interfaces/srv/detail/get_angles__builder.hpp
[0.990s] -- Up-to-date: /home/amin/cobot/cobot_ws/install/mycobot_interfaces/include/mycobot_interfaces/mycobot_interfaces/srv/detail/gripper_status__type_support.hpp
[0.991s] -- Up-to-date: /home/amin/cobot/cobot_ws/install/mycobot_interfaces/include/mycobot_interfaces/mycobot_interfaces/srv/detail/set_angles__traits.hpp
[0.991s] -- Up-to-date: /home/amin/cobot/cobot_ws/install/mycobot_interfaces/include/mycobot_interfaces/mycobot_interfaces/srv/detail/set_angles__builder.hpp
[0.991s] -- Up-to-date: /home/amin/cobot/cobot_ws/install/mycobot_interfaces/include/mycobot_interfaces/mycobot_interfaces/srv/detail/gripper_status__struct.hpp
[0.991s] -- Up-to-date: /home/amin/cobot/cobot_ws/install/mycobot_interfaces/include/mycobot_interfaces/mycobot_interfaces/srv/detail/gripper_status__traits.hpp
[0.991s] -- Up-to-date: /home/amin/cobot/cobot_ws/install/mycobot_interfaces/include/mycobot_interfaces/mycobot_interfaces/srv/detail/set_coords__struct.hpp
[0.991s] -- Up-to-date: /home/amin/cobot/cobot_ws/install/mycobot_interfaces/include/mycobot_interfaces/mycobot_interfaces/srv/detail/pump_status__builder.hpp
[0.991s] -- Up-to-date: /home/amin/cobot/cobot_ws/install/mycobot_interfaces/include/mycobot_interfaces/mycobot_interfaces/srv/detail/set_coords__builder.hpp
[0.991s] -- Up-to-date: /home/amin/cobot/cobot_ws/install/mycobot_interfaces/include/mycobot_interfaces/mycobot_interfaces/srv/detail/pump_status__type_support.hpp
[0.991s] -- Up-to-date: /home/amin/cobot/cobot_ws/install/mycobot_interfaces/include/mycobot_interfaces/mycobot_interfaces/srv/detail/get_coords__struct.hpp
[0.991s] -- Up-to-date: /home/amin/cobot/cobot_ws/install/mycobot_interfaces/include/mycobot_interfaces/mycobot_interfaces/srv/detail/gripper_status__builder.hpp
[0.991s] -- Up-to-date: /home/amin/cobot/cobot_ws/install/mycobot_interfaces/include/mycobot_interfaces/mycobot_interfaces/srv/detail/pump_status__traits.hpp
[0.991s] -- Up-to-date: /home/amin/cobot/cobot_ws/install/mycobot_interfaces/include/mycobot_interfaces/mycobot_interfaces/srv/detail/get_angles__type_support.hpp
[0.992s] -- Up-to-date: /home/amin/cobot/cobot_ws/install/mycobot_interfaces/include/mycobot_interfaces/mycobot_interfaces/srv/detail/get_coords__traits.hpp
[0.992s] -- Up-to-date: /home/amin/cobot/cobot_ws/install/mycobot_interfaces/include/mycobot_interfaces/mycobot_interfaces/srv/detail/set_angles__struct.hpp
[0.992s] -- Up-to-date: /home/amin/cobot/cobot_ws/install/mycobot_interfaces/include/mycobot_interfaces/mycobot_interfaces/srv/detail/get_angles__traits.hpp
[0.992s] -- Up-to-date: /home/amin/cobot/cobot_ws/install/mycobot_interfaces/include/mycobot_interfaces/mycobot_interfaces/srv/detail/get_coords__builder.hpp
[0.992s] -- Up-to-date: /home/amin/cobot/cobot_ws/install/mycobot_interfaces/include/mycobot_interfaces/mycobot_interfaces/srv/detail/set_coords__type_support.hpp
[0.992s] -- Up-to-date: /home/amin/cobot/cobot_ws/install/mycobot_interfaces/include/mycobot_interfaces/mycobot_interfaces/srv/detail/set_angles__type_support.hpp
[0.992s] -- Up-to-date: /home/amin/cobot/cobot_ws/install/mycobot_interfaces/include/mycobot_interfaces/mycobot_interfaces/srv/detail/set_coords__traits.hpp
[0.992s] -- Up-to-date: /home/amin/cobot/cobot_ws/install/mycobot_interfaces/include/mycobot_interfaces/mycobot_interfaces/srv/detail/get_angles__struct.hpp
[0.992s] -- Up-to-date: /home/amin/cobot/cobot_ws/install/mycobot_interfaces/include/mycobot_interfaces/mycobot_interfaces/srv/detail/pump_status__struct.hpp
[0.992s] -- Up-to-date: /home/amin/cobot/cobot_ws/install/mycobot_interfaces/include/mycobot_interfaces/mycobot_interfaces/srv/set_coords.hpp
[0.992s] -- Up-to-date: /home/amin/cobot/cobot_ws/install/mycobot_interfaces/include/mycobot_interfaces/mycobot_interfaces/srv/get_angles.hpp
[0.993s] -- Up-to-date: /home/amin/cobot/cobot_ws/install/mycobot_interfaces/include/mycobot_interfaces/mycobot_interfaces/srv/pump_status.hpp
[0.993s] -- Up-to-date: /home/amin/cobot/cobot_ws/install/mycobot_interfaces/include/mycobot_interfaces/mycobot_interfaces/msg
[0.993s] -- Up-to-date: /home/amin/cobot/cobot_ws/install/mycobot_interfaces/include/mycobot_interfaces/mycobot_interfaces/msg/mycobot_angles.hpp
[0.993s] -- Up-to-date: /home/amin/cobot/cobot_ws/install/mycobot_interfaces/include/mycobot_interfaces/mycobot_interfaces/msg/mycobot_gripper_status.hpp
[0.993s] -- Up-to-date: /home/amin/cobot/cobot_ws/install/mycobot_interfaces/include/mycobot_interfaces/mycobot_interfaces/msg/detail
[0.993s] -- Up-to-date: /home/amin/cobot/cobot_ws/install/mycobot_interfaces/include/mycobot_interfaces/mycobot_interfaces/msg/detail/mycobot_gripper_status__struct.hpp
[0.993s] -- Up-to-date: /home/amin/cobot/cobot_ws/install/mycobot_interfaces/include/mycobot_interfaces/mycobot_interfaces/msg/detail/mycobot_coords__struct.hpp
[0.993s] -- Up-to-date: /home/amin/cobot/cobot_ws/install/mycobot_interfaces/include/mycobot_interfaces/mycobot_interfaces/msg/detail/mycobot_set_angles__type_support.hpp
[0.993s] -- Up-to-date: /home/amin/cobot/cobot_ws/install/mycobot_interfaces/include/mycobot_interfaces/mycobot_interfaces/msg/detail/mycobot_gripper_status__builder.hpp
[0.993s] -- Up-to-date: /home/amin/cobot/cobot_ws/install/mycobot_interfaces/include/mycobot_interfaces/mycobot_interfaces/msg/detail/mycobot_angles__traits.hpp
[0.993s] -- Up-to-date: /home/amin/cobot/cobot_ws/install/mycobot_interfaces/include/mycobot_interfaces/mycobot_interfaces/msg/detail/mycobot_angles__struct.hpp
[0.996s] -- Up-to-date: /home/amin/cobot/cobot_ws/install/mycobot_interfaces/include/mycobot_interfaces/mycobot_interfaces/msg/detail/mycobot_gripper_status__type_support.hpp
[0.996s] -- Up-to-date: /home/amin/cobot/cobot_ws/install/mycobot_interfaces/include/mycobot_interfaces/mycobot_interfaces/msg/detail/mycobot_coords__type_support.hpp
[0.996s] -- Up-to-date: /home/amin/cobot/cobot_ws/install/mycobot_interfaces/include/mycobot_interfaces/mycobot_interfaces/msg/detail/mycobot_gripper_status__traits.hpp
[0.996s] -- Up-to-date: /home/amin/cobot/cobot_ws/install/mycobot_interfaces/include/mycobot_interfaces/mycobot_interfaces/msg/detail/mycobot_pump_status__type_support.hpp
[0.997s] -- Up-to-date: /home/amin/cobot/cobot_ws/install/mycobot_interfaces/include/mycobot_interfaces/mycobot_interfaces/msg/detail/mycobot_pump_status__struct.hpp
[0.997s] -- Up-to-date: /home/amin/cobot/cobot_ws/install/mycobot_interfaces/include/mycobot_interfaces/mycobot_interfaces/msg/detail/mycobot_angles__builder.hpp
[0.997s] -- Up-to-date: /home/amin/cobot/cobot_ws/install/mycobot_interfaces/include/mycobot_interfaces/mycobot_interfaces/msg/detail/mycobot_set_angles__builder.hpp
[0.998s] -- Up-to-date: /home/amin/cobot/cobot_ws/install/mycobot_interfaces/include/mycobot_interfaces/mycobot_interfaces/msg/detail/mycobot_coords__builder.hpp
[0.998s] -- Up-to-date: /home/amin/cobot/cobot_ws/install/mycobot_interfaces/include/mycobot_interfaces/mycobot_interfaces/msg/detail/mycobot_set_angles__traits.hpp
[0.999s] -- Up-to-date: /home/amin/cobot/cobot_ws/install/mycobot_interfaces/include/mycobot_interfaces/mycobot_interfaces/msg/detail/mycobot_coords__traits.hpp
[0.999s] -- Up-to-date: /home/amin/cobot/cobot_ws/install/mycobot_interfaces/include/mycobot_interfaces/mycobot_interfaces/msg/detail/mycobot_set_coords__type_support.hpp
[0.999s] -- Up-to-date: /home/amin/cobot/cobot_ws/install/mycobot_interfaces/include/mycobot_interfaces/mycobot_interfaces/msg/detail/mycobot_set_angles__struct.hpp
[0.999s] -- Up-to-date: /home/amin/cobot/cobot_ws/install/mycobot_interfaces/include/mycobot_interfaces/mycobot_interfaces/msg/detail/mycobot_set_coords__builder.hpp
[0.999s] -- Up-to-date: /home/amin/cobot/cobot_ws/install/mycobot_interfaces/include/mycobot_interfaces/mycobot_interfaces/msg/detail/mycobot_angles__type_support.hpp
[1.000s] -- Up-to-date: /home/amin/cobot/cobot_ws/install/mycobot_interfaces/include/mycobot_interfaces/mycobot_interfaces/msg/detail/mycobot_set_coords__struct.hpp
[1.000s] -- Up-to-date: /home/amin/cobot/cobot_ws/install/mycobot_interfaces/include/mycobot_interfaces/mycobot_interfaces/msg/detail/mycobot_set_coords__traits.hpp
[1.000s] -- Up-to-date: /home/amin/cobot/cobot_ws/install/mycobot_interfaces/include/mycobot_interfaces/mycobot_interfaces/msg/detail/mycobot_pump_status__traits.hpp
[1.003s] -- Up-to-date: /home/amin/cobot/cobot_ws/install/mycobot_interfaces/include/mycobot_interfaces/mycobot_interfaces/msg/detail/mycobot_pump_status__builder.hpp
[1.003s] -- Up-to-date: /home/amin/cobot/cobot_ws/install/mycobot_interfaces/include/mycobot_interfaces/mycobot_interfaces/msg/mycobot_set_coords.hpp
[1.003s] -- Up-to-date: /home/amin/cobot/cobot_ws/install/mycobot_interfaces/include/mycobot_interfaces/mycobot_interfaces/msg/mycobot_set_angles.hpp
[1.003s] -- Up-to-date: /home/amin/cobot/cobot_ws/install/mycobot_interfaces/include/mycobot_interfaces/mycobot_interfaces/msg/rosidl_generator_cpp__visibility_control.hpp
[1.004s] -- Up-to-date: /home/amin/cobot/cobot_ws/install/mycobot_interfaces/include/mycobot_interfaces/mycobot_interfaces/msg/mycobot_coords.hpp
[1.004s] -- Up-to-date: /home/amin/cobot/cobot_ws/install/mycobot_interfaces/include/mycobot_interfaces/mycobot_interfaces/msg/mycobot_pump_status.hpp
[1.004s] -- Up-to-date: /home/amin/cobot/cobot_ws/install/mycobot_interfaces/include/mycobot_interfaces/mycobot_interfaces
[1.004s] -- Up-to-date: /home/amin/cobot/cobot_ws/install/mycobot_interfaces/include/mycobot_interfaces/mycobot_interfaces/srv
[1.004s] -- Up-to-date: /home/amin/cobot/cobot_ws/install/mycobot_interfaces/include/mycobot_interfaces/mycobot_interfaces/srv/detail
[1.004s] -- Up-to-date: /home/amin/cobot/cobot_ws/install/mycobot_interfaces/include/mycobot_interfaces/mycobot_interfaces/srv/detail/gripper_status__rosidl_typesupport_fastrtps_cpp.hpp
[1.004s] -- Up-to-date: /home/amin/cobot/cobot_ws/install/mycobot_interfaces/include/mycobot_interfaces/mycobot_interfaces/srv/detail/pump_status__rosidl_typesupport_fastrtps_cpp.hpp
[1.004s] -- Up-to-date: /home/amin/cobot/cobot_ws/install/mycobot_interfaces/include/mycobot_interfaces/mycobot_interfaces/srv/detail/dds_fastrtps
[1.004s] -- Up-to-date: /home/amin/cobot/cobot_ws/install/mycobot_interfaces/include/mycobot_interfaces/mycobot_interfaces/srv/detail/get_angles__rosidl_typesupport_fastrtps_cpp.hpp
[1.005s] -- Up-to-date: /home/amin/cobot/cobot_ws/install/mycobot_interfaces/include/mycobot_interfaces/mycobot_interfaces/srv/detail/set_coords__rosidl_typesupport_fastrtps_cpp.hpp
[1.005s] -- Up-to-date: /home/amin/cobot/cobot_ws/install/mycobot_interfaces/include/mycobot_interfaces/mycobot_interfaces/srv/detail/get_coords__rosidl_typesupport_fastrtps_cpp.hpp
[1.005s] -- Up-to-date: /home/amin/cobot/cobot_ws/install/mycobot_interfaces/include/mycobot_interfaces/mycobot_interfaces/srv/detail/set_angles__rosidl_typesupport_fastrtps_cpp.hpp
[1.005s] -- Up-to-date: /home/amin/cobot/cobot_ws/install/mycobot_interfaces/include/mycobot_interfaces/mycobot_interfaces/msg
[1.005s] -- Up-to-date: /home/amin/cobot/cobot_ws/install/mycobot_interfaces/include/mycobot_interfaces/mycobot_interfaces/msg/detail
[1.005s] -- Up-to-date: /home/amin/cobot/cobot_ws/install/mycobot_interfaces/include/mycobot_interfaces/mycobot_interfaces/msg/detail/dds_fastrtps
[1.005s] -- Up-to-date: /home/amin/cobot/cobot_ws/install/mycobot_interfaces/include/mycobot_interfaces/mycobot_interfaces/msg/detail/mycobot_angles__rosidl_typesupport_fastrtps_cpp.hpp
[1.005s] -- Up-to-date: /home/amin/cobot/cobot_ws/install/mycobot_interfaces/include/mycobot_interfaces/mycobot_interfaces/msg/detail/mycobot_set_angles__rosidl_typesupport_fastrtps_cpp.hpp
[1.005s] -- Up-to-date: /home/amin/cobot/cobot_ws/install/mycobot_interfaces/include/mycobot_interfaces/mycobot_interfaces/msg/detail/mycobot_coords__rosidl_typesupport_fastrtps_cpp.hpp
[1.005s] -- Up-to-date: /home/amin/cobot/cobot_ws/install/mycobot_interfaces/include/mycobot_interfaces/mycobot_interfaces/msg/detail/mycobot_gripper_status__rosidl_typesupport_fastrtps_cpp.hpp
[1.005s] -- Up-to-date: /home/amin/cobot/cobot_ws/install/mycobot_interfaces/include/mycobot_interfaces/mycobot_interfaces/msg/detail/mycobot_set_coords__rosidl_typesupport_fastrtps_cpp.hpp
[1.005s] -- Up-to-date: /home/amin/cobot/cobot_ws/install/mycobot_interfaces/include/mycobot_interfaces/mycobot_interfaces/msg/detail/mycobot_pump_status__rosidl_typesupport_fastrtps_cpp.hpp
[1.005s] -- Up-to-date: /home/amin/cobot/cobot_ws/install/mycobot_interfaces/include/mycobot_interfaces/mycobot_interfaces/msg/rosidl_typesupport_fastrtps_cpp__visibility_control.h
[1.006s] -- Up-to-date: /home/amin/cobot/cobot_ws/install/mycobot_interfaces/lib/libmycobot_interfaces__rosidl_typesupport_fastrtps_cpp.so
[1.007s] -- Up-to-date: /home/amin/cobot/cobot_ws/install/mycobot_interfaces/include/mycobot_interfaces/mycobot_interfaces
[1.007s] -- Up-to-date: /home/amin/cobot/cobot_ws/install/mycobot_interfaces/include/mycobot_interfaces/mycobot_interfaces/srv
[1.007s] -- Up-to-date: /home/amin/cobot/cobot_ws/install/mycobot_interfaces/include/mycobot_interfaces/mycobot_interfaces/srv/detail
[1.007s] -- Up-to-date: /home/amin/cobot/cobot_ws/install/mycobot_interfaces/include/mycobot_interfaces/mycobot_interfaces/srv/detail/set_coords__type_support.cpp
[1.007s] -- Up-to-date: /home/amin/cobot/cobot_ws/install/mycobot_interfaces/include/mycobot_interfaces/mycobot_interfaces/srv/detail/pump_status__rosidl_typesupport_introspection_cpp.hpp
[1.007s] -- Up-to-date: /home/amin/cobot/cobot_ws/install/mycobot_interfaces/include/mycobot_interfaces/mycobot_interfaces/srv/detail/gripper_status__type_support.cpp
[1.007s] -- Up-to-date: /home/amin/cobot/cobot_ws/install/mycobot_interfaces/include/mycobot_interfaces/mycobot_interfaces/srv/detail/gripper_status__rosidl_typesupport_introspection_cpp.hpp
[1.007s] -- Up-to-date: /home/amin/cobot/cobot_ws/install/mycobot_interfaces/include/mycobot_interfaces/mycobot_interfaces/srv/detail/get_coords__type_support.cpp
[1.011s] -- Up-to-date: /home/amin/cobot/cobot_ws/install/mycobot_interfaces/include/mycobot_interfaces/mycobot_interfaces/srv/detail/set_angles__rosidl_typesupport_introspection_cpp.hpp
[1.011s] -- Up-to-date: /home/amin/cobot/cobot_ws/install/mycobot_interfaces/include/mycobot_interfaces/mycobot_interfaces/srv/detail/set_angles__type_support.cpp
[1.011s] -- Up-to-date: /home/amin/cobot/cobot_ws/install/mycobot_interfaces/include/mycobot_interfaces/mycobot_interfaces/srv/detail/get_angles__type_support.cpp
[1.011s] -- Up-to-date: /home/amin/cobot/cobot_ws/install/mycobot_interfaces/include/mycobot_interfaces/mycobot_interfaces/srv/detail/pump_status__type_support.cpp
[1.011s] -- Up-to-date: /home/amin/cobot/cobot_ws/install/mycobot_interfaces/include/mycobot_interfaces/mycobot_interfaces/srv/detail/get_angles__rosidl_typesupport_introspection_cpp.hpp
[1.011s] -- Up-to-date: /home/amin/cobot/cobot_ws/install/mycobot_interfaces/include/mycobot_interfaces/mycobot_interfaces/srv/detail/set_coords__rosidl_typesupport_introspection_cpp.hpp
[1.011s] -- Up-to-date: /home/amin/cobot/cobot_ws/install/mycobot_interfaces/include/mycobot_interfaces/mycobot_interfaces/srv/detail/get_coords__rosidl_typesupport_introspection_cpp.hpp
[1.011s] -- Up-to-date: /home/amin/cobot/cobot_ws/install/mycobot_interfaces/include/mycobot_interfaces/mycobot_interfaces/msg
[1.012s] -- Up-to-date: /home/amin/cobot/cobot_ws/install/mycobot_interfaces/include/mycobot_interfaces/mycobot_interfaces/msg/detail
[1.012s] -- Up-to-date: /home/amin/cobot/cobot_ws/install/mycobot_interfaces/include/mycobot_interfaces/mycobot_interfaces/msg/detail/mycobot_angles__type_support.cpp
[1.012s] -- Up-to-date: /home/amin/cobot/cobot_ws/install/mycobot_interfaces/include/mycobot_interfaces/mycobot_interfaces/msg/detail/mycobot_set_angles__type_support.cpp
[1.012s] -- Up-to-date: /home/amin/cobot/cobot_ws/install/mycobot_interfaces/include/mycobot_interfaces/mycobot_interfaces/msg/detail/mycobot_coords__type_support.cpp
[1.012s] -- Up-to-date: /home/amin/cobot/cobot_ws/install/mycobot_interfaces/include/mycobot_interfaces/mycobot_interfaces/msg/detail/mycobot_angles__rosidl_typesupport_introspection_cpp.hpp
[1.012s] -- Up-to-date: /home/amin/cobot/cobot_ws/install/mycobot_interfaces/include/mycobot_interfaces/mycobot_interfaces/msg/detail/mycobot_set_coords__type_support.cpp
[1.012s] -- Up-to-date: /home/amin/cobot/cobot_ws/install/mycobot_interfaces/include/mycobot_interfaces/mycobot_interfaces/msg/detail/mycobot_gripper_status__type_support.cpp
[1.012s] -- Up-to-date: /home/amin/cobot/cobot_ws/install/mycobot_interfaces/include/mycobot_interfaces/mycobot_interfaces/msg/detail/mycobot_set_coords__rosidl_typesupport_introspection_cpp.hpp
[1.012s] -- Up-to-date: /home/amin/cobot/cobot_ws/install/mycobot_interfaces/include/mycobot_interfaces/mycobot_interfaces/msg/detail/mycobot_set_angles__rosidl_typesupport_introspection_cpp.hpp
[1.012s] -- Up-to-date: /home/amin/cobot/cobot_ws/install/mycobot_interfaces/include/mycobot_interfaces/mycobot_interfaces/msg/detail/mycobot_coords__rosidl_typesupport_introspection_cpp.hpp
[1.012s] -- Up-to-date: /home/amin/cobot/cobot_ws/install/mycobot_interfaces/include/mycobot_interfaces/mycobot_interfaces/msg/detail/mycobot_gripper_status__rosidl_typesupport_introspection_cpp.hpp
[1.014s] -- Up-to-date: /home/amin/cobot/cobot_ws/install/mycobot_interfaces/include/mycobot_interfaces/mycobot_interfaces/msg/detail/mycobot_pump_status__rosidl_typesupport_introspection_cpp.hpp
[1.014s] -- Up-to-date: /home/amin/cobot/cobot_ws/install/mycobot_interfaces/include/mycobot_interfaces/mycobot_interfaces/msg/detail/mycobot_pump_status__type_support.cpp
[1.015s] -- Up-to-date: /home/amin/cobot/cobot_ws/install/mycobot_interfaces/lib/libmycobot_interfaces__rosidl_typesupport_introspection_cpp.so
[1.015s] -- Up-to-date: /home/amin/cobot/cobot_ws/install/mycobot_interfaces/lib/libmycobot_interfaces__rosidl_typesupport_cpp.so
[1.015s] -- Up-to-date: /home/amin/cobot/cobot_ws/install/mycobot_interfaces/share/mycobot_interfaces/environment/pythonpath.sh
[1.015s] -- Up-to-date: /home/amin/cobot/cobot_ws/install/mycobot_interfaces/share/mycobot_interfaces/environment/pythonpath.dsv
[1.015s] -- Up-to-date: /home/amin/cobot/cobot_ws/install/mycobot_interfaces/lib/python3.12/site-packages/mycobot_interfaces-0.0.0-py3.12.egg-info
[1.015s] -- Installing: /home/amin/cobot/cobot_ws/install/mycobot_interfaces/lib/python3.12/site-packages/mycobot_interfaces-0.0.0-py3.12.egg-info/SOURCES.txt
[1.016s] -- Installing: /home/amin/cobot/cobot_ws/install/mycobot_interfaces/lib/python3.12/site-packages/mycobot_interfaces-0.0.0-py3.12.egg-info/PKG-INFO
[1.016s] -- Installing: /home/amin/cobot/cobot_ws/install/mycobot_interfaces/lib/python3.12/site-packages/mycobot_interfaces-0.0.0-py3.12.egg-info/top_level.txt
[1.016s] -- Installing: /home/amin/cobot/cobot_ws/install/mycobot_interfaces/lib/python3.12/site-packages/mycobot_interfaces-0.0.0-py3.12.egg-info/dependency_links.txt
[1.016s] -- Up-to-date: /home/amin/cobot/cobot_ws/install/mycobot_interfaces/lib/python3.12/site-packages/mycobot_interfaces
[1.016s] -- Up-to-date: /home/amin/cobot/cobot_ws/install/mycobot_interfaces/lib/python3.12/site-packages/mycobot_interfaces/mycobot_interfaces_s__rosidl_typesupport_c.so
[1.016s] -- Up-to-date: /home/amin/cobot/cobot_ws/install/mycobot_interfaces/lib/python3.12/site-packages/mycobot_interfaces/mycobot_interfaces_s__rosidl_typesupport_introspection_c.so
[1.016s] -- Up-to-date: /home/amin/cobot/cobot_ws/install/mycobot_interfaces/lib/python3.12/site-packages/mycobot_interfaces/_mycobot_interfaces_s.ep.rosidl_typesupport_fastrtps_c.c
[1.016s] -- Up-to-date: /home/amin/cobot/cobot_ws/install/mycobot_interfaces/lib/python3.12/site-packages/mycobot_interfaces/__init__.py
[1.017s] -- Up-to-date: /home/amin/cobot/cobot_ws/install/mycobot_interfaces/lib/python3.12/site-packages/mycobot_interfaces/srv
[1.017s] -- Up-to-date: /home/amin/cobot/cobot_ws/install/mycobot_interfaces/lib/python3.12/site-packages/mycobot_interfaces/srv/_get_coords_s.c
[1.017s] -- Up-to-date: /home/amin/cobot/cobot_ws/install/mycobot_interfaces/lib/python3.12/site-packages/mycobot_interfaces/srv/_get_angles_s.c
[1.017s] -- Up-to-date: /home/amin/cobot/cobot_ws/install/mycobot_interfaces/lib/python3.12/site-packages/mycobot_interfaces/srv/_get_angles.py
[1.017s] -- Up-to-date: /home/amin/cobot/cobot_ws/install/mycobot_interfaces/lib/python3.12/site-packages/mycobot_interfaces/srv/_set_angles.py
[1.018s] -- Up-to-date: /home/amin/cobot/cobot_ws/install/mycobot_interfaces/lib/python3.12/site-packages/mycobot_interfaces/srv/_pump_status.py
[1.018s] -- Up-to-date: /home/amin/cobot/cobot_ws/install/mycobot_interfaces/lib/python3.12/site-packages/mycobot_interfaces/srv/_pump_status_s.c
[1.018s] -- Up-to-date: /home/amin/cobot/cobot_ws/install/mycobot_interfaces/lib/python3.12/site-packages/mycobot_interfaces/srv/_set_coords.py
[1.018s] -- Up-to-date: /home/amin/cobot/cobot_ws/install/mycobot_interfaces/lib/python3.12/site-packages/mycobot_interfaces/srv/__init__.py
[1.018s] -- Up-to-date: /home/amin/cobot/cobot_ws/install/mycobot_interfaces/lib/python3.12/site-packages/mycobot_interfaces/srv/_get_coords.py
[1.019s] -- Up-to-date: /home/amin/cobot/cobot_ws/install/mycobot_interfaces/lib/python3.12/site-packages/mycobot_interfaces/srv/_gripper_status_s.c
[1.019s] -- Up-to-date: /home/amin/cobot/cobot_ws/install/mycobot_interfaces/lib/python3.12/site-packages/mycobot_interfaces/srv/_gripper_status.py
[1.019s] -- Up-to-date: /home/amin/cobot/cobot_ws/install/mycobot_interfaces/lib/python3.12/site-packages/mycobot_interfaces/srv/_set_coords_s.c
[1.019s] -- Up-to-date: /home/amin/cobot/cobot_ws/install/mycobot_interfaces/lib/python3.12/site-packages/mycobot_interfaces/srv/_set_angles_s.c
[1.019s] -- Up-to-date: /home/amin/cobot/cobot_ws/install/mycobot_interfaces/lib/python3.12/site-packages/mycobot_interfaces/_mycobot_interfaces_s.ep.rosidl_typesupport_c.c
[1.019s] -- Up-to-date: /home/amin/cobot/cobot_ws/install/mycobot_interfaces/lib/python3.12/site-packages/mycobot_interfaces/msg
[1.019s] -- Up-to-date: /home/amin/cobot/cobot_ws/install/mycobot_interfaces/lib/python3.12/site-packages/mycobot_interfaces/msg/_mycobot_pump_status_s.c
[1.019s] -- Up-to-date: /home/amin/cobot/cobot_ws/install/mycobot_interfaces/lib/python3.12/site-packages/mycobot_interfaces/msg/_mycobot_set_angles_s.c
[1.021s] -- Up-to-date: /home/amin/cobot/cobot_ws/install/mycobot_interfaces/lib/python3.12/site-packages/mycobot_interfaces/msg/__init__.py
[1.022s] -- Up-to-date: /home/amin/cobot/cobot_ws/install/mycobot_interfaces/lib/python3.12/site-packages/mycobot_interfaces/msg/_mycobot_gripper_status.py
[1.023s] -- Up-to-date: /home/amin/cobot/cobot_ws/install/mycobot_interfaces/lib/python3.12/site-packages/mycobot_interfaces/msg/_mycobot_set_angles.py
[1.024s] -- Up-to-date: /home/amin/cobot/cobot_ws/install/mycobot_interfaces/lib/python3.12/site-packages/mycobot_interfaces/msg/_mycobot_set_coords_s.c
[1.027s] -- Up-to-date: /home/amin/cobot/cobot_ws/install/mycobot_interfaces/lib/python3.12/site-packages/mycobot_interfaces/msg/_mycobot_coords_s.c
[1.027s] -- Up-to-date: /home/amin/cobot/cobot_ws/install/mycobot_interfaces/lib/python3.12/site-packages/mycobot_interfaces/msg/_mycobot_angles_s.c
[1.027s] -- Up-to-date: /home/amin/cobot/cobot_ws/install/mycobot_interfaces/lib/python3.12/site-packages/mycobot_interfaces/msg/_mycobot_pump_status.py
[1.027s] -- Up-to-date: /home/amin/cobot/cobot_ws/install/mycobot_interfaces/lib/python3.12/site-packages/mycobot_interfaces/msg/_mycobot_set_coords.py
[1.029s] -- Up-to-date: /home/amin/cobot/cobot_ws/install/mycobot_interfaces/lib/python3.12/site-packages/mycobot_interfaces/msg/_mycobot_coords.py
[1.029s] -- Up-to-date: /home/amin/cobot/cobot_ws/install/mycobot_interfaces/lib/python3.12/site-packages/mycobot_interfaces/msg/_mycobot_angles.py
[1.029s] -- Up-to-date: /home/amin/cobot/cobot_ws/install/mycobot_interfaces/lib/python3.12/site-packages/mycobot_interfaces/msg/_mycobot_gripper_status_s.c
[1.030s] -- Up-to-date: /home/amin/cobot/cobot_ws/install/mycobot_interfaces/lib/python3.12/site-packages/mycobot_interfaces/_mycobot_interfaces_s.ep.rosidl_typesupport_introspection_c.c
[1.030s] -- Up-to-date: /home/amin/cobot/cobot_ws/install/mycobot_interfaces/lib/python3.12/site-packages/mycobot_interfaces/mycobot_interfaces_s__rosidl_typesupport_fastrtps_c.so
[1.051s] Listing '/home/amin/cobot/cobot_ws/install/mycobot_interfaces/lib/python3.12/site-packages/mycobot_interfaces'...
[1.051s] Listing '/home/amin/cobot/cobot_ws/install/mycobot_interfaces/lib/python3.12/site-packages/mycobot_interfaces/msg'...
[1.051s] Listing '/home/amin/cobot/cobot_ws/install/mycobot_interfaces/lib/python3.12/site-packages/mycobot_interfaces/srv'...
[1.057s] -- Up-to-date: /home/amin/cobot/cobot_ws/install/mycobot_interfaces/lib/python3.12/site-packages/mycobot_interfaces/mycobot_interfaces_s__rosidl_typesupport_fastrtps_c.so
[1.057s] -- Up-to-date: /home/amin/cobot/cobot_ws/install/mycobot_interfaces/lib/python3.12/site-packages/mycobot_interfaces/mycobot_interfaces_s__rosidl_typesupport_introspection_c.so
[1.057s] -- Up-to-date: /home/amin/cobot/cobot_ws/install/mycobot_interfaces/lib/python3.12/site-packages/mycobot_interfaces/mycobot_interfaces_s__rosidl_typesupport_c.so
[1.058s] -- Up-to-date: /home/amin/cobot/cobot_ws/install/mycobot_interfaces/lib/libmycobot_interfaces__rosidl_generator_py.so
[1.058s] -- Up-to-date: /home/amin/cobot/cobot_ws/install/mycobot_interfaces/share/mycobot_interfaces/msg/MycobotAngles.idl
[1.058s] -- Up-to-date: /home/amin/cobot/cobot_ws/install/mycobot_interfaces/share/mycobot_interfaces/msg/MycobotCoords.idl
[1.058s] -- Up-to-date: /home/amin/cobot/cobot_ws/install/mycobot_interfaces/share/mycobot_interfaces/msg/MycobotSetAngles.idl
[1.058s] -- Up-to-date: /home/amin/cobot/cobot_ws/install/mycobot_interfaces/share/mycobot_interfaces/msg/MycobotSetCoords.idl
[1.059s] -- Up-to-date: /home/amin/cobot/cobot_ws/install/mycobot_interfaces/share/mycobot_interfaces/msg/MycobotGripperStatus.idl
[1.059s] -- Up-to-date: /home/amin/cobot/cobot_ws/install/mycobot_interfaces/share/mycobot_interfaces/msg/MycobotPumpStatus.idl
[1.059s] -- Up-to-date: /home/amin/cobot/cobot_ws/install/mycobot_interfaces/share/mycobot_interfaces/srv/GetAngles.idl
[1.059s] -- Up-to-date: /home/amin/cobot/cobot_ws/install/mycobot_interfaces/share/mycobot_interfaces/srv/SetAngles.idl
[1.060s] -- Up-to-date: /home/amin/cobot/cobot_ws/install/mycobot_interfaces/share/mycobot_interfaces/srv/GetCoords.idl
[1.060s] -- Up-to-date: /home/amin/cobot/cobot_ws/install/mycobot_interfaces/share/mycobot_interfaces/srv/SetCoords.idl
[1.060s] -- Up-to-date: /home/amin/cobot/cobot_ws/install/mycobot_interfaces/share/mycobot_interfaces/srv/GripperStatus.idl
[1.060s] -- Up-to-date: /home/amin/cobot/cobot_ws/install/mycobot_interfaces/share/mycobot_interfaces/srv/PumpStatus.idl
[1.061s] -- Up-to-date: /home/amin/cobot/cobot_ws/install/mycobot_interfaces/share/mycobot_interfaces/msg/MycobotAngles.msg
[1.061s] -- Up-to-date: /home/amin/cobot/cobot_ws/install/mycobot_interfaces/share/mycobot_interfaces/msg/MycobotCoords.msg
[1.062s] -- Up-to-date: /home/amin/cobot/cobot_ws/install/mycobot_interfaces/share/mycobot_interfaces/msg/MycobotSetAngles.msg
[1.062s] -- Up-to-date: /home/amin/cobot/cobot_ws/install/mycobot_interfaces/share/mycobot_interfaces/msg/MycobotSetCoords.msg
[1.062s] -- Up-to-date: /home/amin/cobot/cobot_ws/install/mycobot_interfaces/share/mycobot_interfaces/msg/MycobotGripperStatus.msg
[1.062s] -- Up-to-date: /home/amin/cobot/cobot_ws/install/mycobot_interfaces/share/mycobot_interfaces/msg/MycobotPumpStatus.msg
[1.063s] -- Up-to-date: /home/amin/cobot/cobot_ws/install/mycobot_interfaces/share/mycobot_interfaces/srv/GetAngles.srv
[1.063s] -- Up-to-date: /home/amin/cobot/cobot_ws/install/mycobot_interfaces/share/mycobot_interfaces/srv/SetAngles.srv
[1.063s] -- Up-to-date: /home/amin/cobot/cobot_ws/install/mycobot_interfaces/share/mycobot_interfaces/srv/GetCoords.srv
[1.063s] -- Up-to-date: /home/amin/cobot/cobot_ws/install/mycobot_interfaces/share/mycobot_interfaces/srv/SetCoords.srv
[1.064s] -- Up-to-date: /home/amin/cobot/cobot_ws/install/mycobot_interfaces/share/mycobot_interfaces/srv/GripperStatus.srv
[1.064s] -- Up-to-date: /home/amin/cobot/cobot_ws/install/mycobot_interfaces/share/mycobot_interfaces/srv/PumpStatus.srv
[1.064s] -- Up-to-date: /home/amin/cobot/cobot_ws/install/mycobot_interfaces/share/ament_index/resource_index/package_run_dependencies/mycobot_interfaces
[1.064s] -- Up-to-date: /home/amin/cobot/cobot_ws/install/mycobot_interfaces/share/ament_index/resource_index/parent_prefix_path/mycobot_interfaces
[1.064s] -- Up-to-date: /home/amin/cobot/cobot_ws/install/mycobot_interfaces/share/mycobot_interfaces/environment/ament_prefix_path.sh
[1.064s] -- Up-to-date: /home/amin/cobot/cobot_ws/install/mycobot_interfaces/share/mycobot_interfaces/environment/ament_prefix_path.dsv
[1.065s] -- Up-to-date: /home/amin/cobot/cobot_ws/install/mycobot_interfaces/share/mycobot_interfaces/environment/path.sh
[1.065s] -- Up-to-date: /home/amin/cobot/cobot_ws/install/mycobot_interfaces/share/mycobot_interfaces/environment/path.dsv
[1.065s] -- Up-to-date: /home/amin/cobot/cobot_ws/install/mycobot_interfaces/share/mycobot_interfaces/local_setup.bash
[1.065s] -- Up-to-date: /home/amin/cobot/cobot_ws/install/mycobot_interfaces/share/mycobot_interfaces/local_setup.sh
[1.065s] -- Up-to-date: /home/amin/cobot/cobot_ws/install/mycobot_interfaces/share/mycobot_interfaces/local_setup.zsh
[1.065s] -- Up-to-date: /home/amin/cobot/cobot_ws/install/mycobot_interfaces/share/mycobot_interfaces/local_setup.dsv
[1.065s] -- Installing: /home/amin/cobot/cobot_ws/install/mycobot_interfaces/share/mycobot_interfaces/package.dsv
[1.065s] -- Up-to-date: /home/amin/cobot/cobot_ws/install/mycobot_interfaces/share/ament_index/resource_index/packages/mycobot_interfaces
[1.065s] -- Up-to-date: /home/amin/cobot/cobot_ws/install/mycobot_interfaces/share/mycobot_interfaces/cmake/export_mycobot_interfaces__rosidl_generator_cExport.cmake
[1.066s] -- Up-to-date: /home/amin/cobot/cobot_ws/install/mycobot_interfaces/share/mycobot_interfaces/cmake/export_mycobot_interfaces__rosidl_generator_cExport-noconfig.cmake
[1.066s] -- Up-to-date: /home/amin/cobot/cobot_ws/install/mycobot_interfaces/share/mycobot_interfaces/cmake/export_mycobot_interfaces__rosidl_typesupport_fastrtps_cExport.cmake
[1.066s] -- Up-to-date: /home/amin/cobot/cobot_ws/install/mycobot_interfaces/share/mycobot_interfaces/cmake/export_mycobot_interfaces__rosidl_typesupport_fastrtps_cExport-noconfig.cmake
[1.066s] -- Up-to-date: /home/amin/cobot/cobot_ws/install/mycobot_interfaces/share/mycobot_interfaces/cmake/mycobot_interfaces__rosidl_typesupport_introspection_cExport.cmake
[1.066s] -- Up-to-date: /home/amin/cobot/cobot_ws/install/mycobot_interfaces/share/mycobot_interfaces/cmake/mycobot_interfaces__rosidl_typesupport_introspection_cExport-noconfig.cmake
[1.067s] -- Up-to-date: /home/amin/cobot/cobot_ws/install/mycobot_interfaces/share/mycobot_interfaces/cmake/mycobot_interfaces__rosidl_typesupport_cExport.cmake
[1.067s] -- Up-to-date: /home/amin/cobot/cobot_ws/install/mycobot_interfaces/share/mycobot_interfaces/cmake/mycobot_interfaces__rosidl_typesupport_cExport-noconfig.cmake
[1.067s] -- Up-to-date: /home/amin/cobot/cobot_ws/install/mycobot_interfaces/share/mycobot_interfaces/cmake/export_mycobot_interfaces__rosidl_generator_cppExport.cmake
[1.067s] -- Up-to-date: /home/amin/cobot/cobot_ws/install/mycobot_interfaces/share/mycobot_interfaces/cmake/export_mycobot_interfaces__rosidl_typesupport_fastrtps_cppExport.cmake
[1.067s] -- Up-to-date: /home/amin/cobot/cobot_ws/install/mycobot_interfaces/share/mycobot_interfaces/cmake/export_mycobot_interfaces__rosidl_typesupport_fastrtps_cppExport-noconfig.cmake
[1.067s] -- Up-to-date: /home/amin/cobot/cobot_ws/install/mycobot_interfaces/share/mycobot_interfaces/cmake/mycobot_interfaces__rosidl_typesupport_introspection_cppExport.cmake
[1.067s] -- Up-to-date: /home/amin/cobot/cobot_ws/install/mycobot_interfaces/share/mycobot_interfaces/cmake/mycobot_interfaces__rosidl_typesupport_introspection_cppExport-noconfig.cmake
[1.068s] -- Up-to-date: /home/amin/cobot/cobot_ws/install/mycobot_interfaces/share/mycobot_interfaces/cmake/mycobot_interfaces__rosidl_typesupport_cppExport.cmake
[1.068s] -- Up-to-date: /home/amin/cobot/cobot_ws/install/mycobot_interfaces/share/mycobot_interfaces/cmake/mycobot_interfaces__rosidl_typesupport_cppExport-noconfig.cmake
[1.068s] -- Up-to-date: /home/amin/cobot/cobot_ws/install/mycobot_interfaces/share/mycobot_interfaces/cmake/export_mycobot_interfaces__rosidl_generator_pyExport.cmake
[1.068s] -- Up-to-date: /home/amin/cobot/cobot_ws/install/mycobot_interfaces/share/mycobot_interfaces/cmake/export_mycobot_interfaces__rosidl_generator_pyExport-noconfig.cmake
[1.069s] -- Up-to-date: /home/amin/cobot/cobot_ws/install/mycobot_interfaces/share/mycobot_interfaces/cmake/rosidl_cmake-extras.cmake
[1.069s] -- Up-to-date: /home/amin/cobot/cobot_ws/install/mycobot_interfaces/share/mycobot_interfaces/cmake/ament_cmake_export_dependencies-extras.cmake
[1.069s] -- Up-to-date: /home/amin/cobot/cobot_ws/install/mycobot_interfaces/share/mycobot_interfaces/cmake/ament_cmake_export_include_directories-extras.cmake
[1.069s] -- Up-to-date: /home/amin/cobot/cobot_ws/install/mycobot_interfaces/share/mycobot_interfaces/cmake/ament_cmake_export_libraries-extras.cmake
[1.069s] -- Up-to-date: /home/amin/cobot/cobot_ws/install/mycobot_interfaces/share/mycobot_interfaces/cmake/ament_cmake_export_targets-extras.cmake
[1.069s] -- Up-to-date: /home/amin/cobot/cobot_ws/install/mycobot_interfaces/share/mycobot_interfaces/cmake/rosidl_cmake_export_typesupport_targets-extras.cmake
[1.069s] -- Up-to-date: /home/amin/cobot/cobot_ws/install/mycobot_interfaces/share/mycobot_interfaces/cmake/rosidl_cmake_export_typesupport_libraries-extras.cmake
[1.069s] -- Up-to-date: /home/amin/cobot/cobot_ws/install/mycobot_interfaces/share/mycobot_interfaces/cmake/mycobot_interfacesConfig.cmake
[1.069s] -- Up-to-date: /home/amin/cobot/cobot_ws/install/mycobot_interfaces/share/mycobot_interfaces/cmake/mycobot_interfacesConfig-version.cmake
[1.069s] -- Up-to-date: /home/amin/cobot/cobot_ws/install/mycobot_interfaces/share/mycobot_interfaces/package.xml
[1.115s] Invoked command in '/home/amin/cobot/cobot_ws/build/mycobot_interfaces' returned '0': CMAKE_PREFIX_PATH=${CMAKE_PREFIX_PATH}:/home/amin/cobot/cobot_ws/install/ultraarm:/home/amin/cobot/cobot_ws/install/pro450_moveit2_control:/home/amin/cobot/cobot_ws/install/mypalletizer_communication:/home/amin/cobot/cobot_ws/install/mypalletizer_260_pi:/home/amin/cobot/cobot_ws/install/mypalletizer_260:/home/amin/cobot/cobot_ws/install/mycobot_pro_450:/home/amin/cobot/cobot_ws/install/myarm_m750:/home/amin/cobot/cobot_ws/install/myarm_c650:/home/amin/cobot/cobot_ws/install/mycobot_communication:/home/amin/cobot/cobot_ws/install/mecharm_communication:/home/amin/cobot/cobot_ws/install/mycobot_630:/home/amin/cobot/cobot_ws/install/mycobot_600:/home/amin/cobot/cobot_ws/install/mycobot_320pi:/home/amin/cobot/cobot_ws/install/mycobot_320_riscv:/home/amin/cobot/cobot_ws/install/mycobot_320:/home/amin/cobot/cobot_ws/install/mycobot_280pi:/home/amin/cobot/cobot_ws/install/mycobot_280jn:/home/amin/cobot/cobot_ws/install/mycobot_280_x3pi:/home/amin/cobot/cobot_ws/install/mycobot_280_riscv:/home/amin/cobot/cobot_ws/install/mycobot_280_rdkx5:/home/amin/cobot/cobot_ws/install/mycobot_280_moveit2_control:/home/amin/cobot/cobot_ws/install/mycobot_280_arduino:/home/amin/cobot/cobot_ws/install/mycobot_280:/home/amin/cobot/cobot_ws/install/mybuddy:/home/amin/cobot/cobot_ws/install/myarm_300:/home/amin/cobot/cobot_ws/install/mecharm_pi:/home/amin/cobot/cobot_ws/install/mecharm:/home/amin/cobot/cobot_ws/install/mycobot_description:/opt/ros/jazzy DEBUGINFOD_URLS=https://debuginfod.ubuntu.com /usr/bin/cmake --install /home/amin/cobot/cobot_ws/build/mycobot_interfaces
