[1.058s] Invoking command in '/home/amin/cobot/cobot_ws/src/mycobot_ros2/mycobot_pro/mycobot_pro_450': AMENT_PREFIX_PATH=/home/amin/cobot/cobot_ws/install/mycobot_description:${AMENT_PREFIX_PATH} DEBUGINFOD_URLS=https://debuginfod.ubuntu.com PYTHONPATH=/home/amin/cobot/cobot_ws/build/mycobot_pro_450/prefix_override:/usr/lib/python3/dist-packages/colcon_core/task/python/colcon_distutils_commands:/home/amin/cobot/cobot_ws/install/mycobot_pro_450/lib/python3.12/site-packages:/home/amin/cobot/cobot_ws/install/mycobot_description/lib/python3.12/site-packages:${PYTHONPATH} /usr/bin/python3 -W ignore:setup.py install is deprecated -W ignore:easy_install command is deprecated setup.py egg_info --egg-base ../../../../build/mycobot_pro_450 build --build-base /home/amin/cobot/cobot_ws/build/mycobot_pro_450/build install --record /home/amin/cobot/cobot_ws/build/mycobot_pro_450/install.log --single-version-externally-managed install_data
[1.282s] running egg_info
[1.296s] writing ../../../../build/mycobot_pro_450/mycobot_pro_450.egg-info/PKG-INFO
[1.297s] writing dependency_links to ../../../../build/mycobot_pro_450/mycobot_pro_450.egg-info/dependency_links.txt
[1.297s] writing entry points to ../../../../build/mycobot_pro_450/mycobot_pro_450.egg-info/entry_points.txt
[1.297s] writing requirements to ../../../../build/mycobot_pro_450/mycobot_pro_450.egg-info/requires.txt
[1.297s] writing top-level names to ../../../../build/mycobot_pro_450/mycobot_pro_450.egg-info/top_level.txt
[1.340s] reading manifest file '../../../../build/mycobot_pro_450/mycobot_pro_450.egg-info/SOURCES.txt'
[1.341s] adding license file 'LICENSE'
[1.341s] writing manifest file '../../../../build/mycobot_pro_450/mycobot_pro_450.egg-info/SOURCES.txt'
[1.341s] running build
[1.341s] running build_py
[1.341s] running install
[1.353s] running install_lib
[1.376s] running install_data
[1.378s] running install_egg_info
[1.403s] removing '/home/amin/cobot/cobot_ws/install/mycobot_pro_450/lib/python3.12/site-packages/mycobot_pro_450-0.0.0-py3.12.egg-info' (and everything under it)
[1.407s] Copying ../../../../build/mycobot_pro_450/mycobot_pro_450.egg-info to /home/amin/cobot/cobot_ws/install/mycobot_pro_450/lib/python3.12/site-packages/mycobot_pro_450-0.0.0-py3.12.egg-info
[1.407s] running install_scripts
[1.568s] Installing camera_display script to /home/amin/cobot/cobot_ws/install/mycobot_pro_450/lib/mycobot_pro_450
[1.569s] Installing follow_display script to /home/amin/cobot/cobot_ws/install/mycobot_pro_450/lib/mycobot_pro_450
[1.569s] Installing listen_real script to /home/amin/cobot/cobot_ws/install/mycobot_pro_450/lib/mycobot_pro_450
[1.569s] Installing listen_real_of_topic script to /home/amin/cobot/cobot_ws/install/mycobot_pro_450/lib/mycobot_pro_450
[1.569s] Installing listen_real_service script to /home/amin/cobot/cobot_ws/install/mycobot_pro_450/lib/mycobot_pro_450
[1.569s] Installing simple_gui script to /home/amin/cobot/cobot_ws/install/mycobot_pro_450/lib/mycobot_pro_450
[1.569s] Installing simple_gui_force_gripper script to /home/amin/cobot/cobot_ws/install/mycobot_pro_450/lib/mycobot_pro_450
[1.569s] Installing slider_control script to /home/amin/cobot/cobot_ws/install/mycobot_pro_450/lib/mycobot_pro_450
[1.569s] Installing slider_control_force_gripper script to /home/amin/cobot/cobot_ws/install/mycobot_pro_450/lib/mycobot_pro_450
[1.569s] Installing teleop_keyboard script to /home/amin/cobot/cobot_ws/install/mycobot_pro_450/lib/mycobot_pro_450
[1.570s] Installing teleop_keyboard_force_gripper script to /home/amin/cobot/cobot_ws/install/mycobot_pro_450/lib/mycobot_pro_450
[1.570s] writing list of installed files to '/home/amin/cobot/cobot_ws/build/mycobot_pro_450/install.log'
[1.633s] Invoked command in '/home/amin/cobot/cobot_ws/src/mycobot_ros2/mycobot_pro/mycobot_pro_450' returned '0': AMENT_PREFIX_PATH=/home/amin/cobot/cobot_ws/install/mycobot_description:${AMENT_PREFIX_PATH} DEBUGINFOD_URLS=https://debuginfod.ubuntu.com PYTHONPATH=/home/amin/cobot/cobot_ws/build/mycobot_pro_450/prefix_override:/usr/lib/python3/dist-packages/colcon_core/task/python/colcon_distutils_commands:/home/amin/cobot/cobot_ws/install/mycobot_pro_450/lib/python3.12/site-packages:/home/amin/cobot/cobot_ws/install/mycobot_description/lib/python3.12/site-packages:${PYTHONPATH} /usr/bin/python3 -W ignore:setup.py install is deprecated -W ignore:easy_install command is deprecated setup.py egg_info --egg-base ../../../../build/mycobot_pro_450 build --build-base /home/amin/cobot/cobot_ws/build/mycobot_pro_450/build install --record /home/amin/cobot/cobot_ws/build/mycobot_pro_450/install.log --single-version-externally-managed install_data
