[0.179s] Invoking command in '/home/amin/cobot/cobot_ws/build/mycobot_pro450_interfaces': CMAKE_PREFIX_PATH=${CMAKE_PREFIX_PATH}:/home/amin/cobot/cobot_ws/install/ultraarm:/home/amin/cobot/cobot_ws/install/pro450_moveit2_control:/home/amin/cobot/cobot_ws/install/mypalletizer_communication:/home/amin/cobot/cobot_ws/install/mypalletizer_260_pi:/home/amin/cobot/cobot_ws/install/mypalletizer_260:/home/amin/cobot/cobot_ws/install/mycobot_pro_450:/home/amin/cobot/cobot_ws/install/myarm_m750:/home/amin/cobot/cobot_ws/install/myarm_c650:/home/amin/cobot/cobot_ws/install/mycobot_communication:/home/amin/cobot/cobot_ws/install/mecharm_communication:/home/amin/cobot/cobot_ws/install/mycobot_630:/home/amin/cobot/cobot_ws/install/mycobot_600:/home/amin/cobot/cobot_ws/install/mycobot_320pi:/home/amin/cobot/cobot_ws/install/mycobot_320_riscv:/home/amin/cobot/cobot_ws/install/mycobot_320:/home/amin/cobot/cobot_ws/install/mycobot_280pi:/home/amin/cobot/cobot_ws/install/mycobot_280jn:/home/amin/cobot/cobot_ws/install/mycobot_280_x3pi:/home/amin/cobot/cobot_ws/install/mycobot_280_riscv:/home/amin/cobot/cobot_ws/install/mycobot_280_rdkx5:/home/amin/cobot/cobot_ws/install/mycobot_280_moveit2_control:/home/amin/cobot/cobot_ws/install/mycobot_280_arduino:/home/amin/cobot/cobot_ws/install/mycobot_280:/home/amin/cobot/cobot_ws/install/mybuddy:/home/amin/cobot/cobot_ws/install/myarm_300:/home/amin/cobot/cobot_ws/install/mecharm_pi:/home/amin/cobot/cobot_ws/install/mecharm:/home/amin/cobot/cobot_ws/install/mycobot_description:/opt/ros/jazzy DEBUGINFOD_URLS=https://debuginfod.ubuntu.com /usr/bin/cmake --build /home/amin/cobot/cobot_ws/build/mycobot_pro450_interfaces -- -j8 -l8
[0.255s] [  0%] Built target ament_cmake_python_copy_mycobot_pro450_interfaces
[0.263s] [  1%] Built target mycobot_pro450_interfaces__rosidl_generator_type_description
[0.318s] [  1%] Built target mycobot_pro450_interfaces__cpp
[0.366s] [ 27%] Built target mycobot_pro450_interfaces__rosidl_generator_c
[0.432s] [ 40%] Built target mycobot_pro450_interfaces__rosidl_typesupport_introspection_c
[0.433s] [ 46%] Built target mycobot_pro450_interfaces__rosidl_typesupport_c
[0.448s] [ 56%] Built target mycobot_pro450_interfaces__rosidl_typesupport_fastrtps_cpp
[0.457s] [ 66%] Built target mycobot_pro450_interfaces__rosidl_typesupport_introspection_cpp
[0.463s] [ 75%] Built target mycobot_pro450_interfaces__rosidl_typesupport_cpp
[0.465s] [ 85%] Built target mycobot_pro450_interfaces__rosidl_typesupport_fastrtps_c
[0.506s] [ 85%] Built target mycobot_pro450_interfaces
[0.561s] [ 86%] Built target mycobot_pro450_interfaces__py
[0.621s] [ 95%] Built target mycobot_pro450_interfaces__rosidl_generator_py
[0.682s] [ 97%] Built target mycobot_pro450_interfaces_s__rosidl_typesupport_c
[0.683s] [ 99%] Built target mycobot_pro450_interfaces_s__rosidl_typesupport_introspection_c
[0.687s] running egg_info
[0.697s] [100%] Built target mycobot_pro450_interfaces_s__rosidl_typesupport_fastrtps_c
[0.713s] writing mycobot_pro450_interfaces.egg-info/PKG-INFO
[0.713s] writing dependency_links to mycobot_pro450_interfaces.egg-info/dependency_links.txt
[0.713s] writing top-level names to mycobot_pro450_interfaces.egg-info/top_level.txt
[0.762s] reading manifest file 'mycobot_pro450_interfaces.egg-info/SOURCES.txt'
[0.763s] writing manifest file 'mycobot_pro450_interfaces.egg-info/SOURCES.txt'
[0.790s] [100%] Built target ament_cmake_python_build_mycobot_pro450_interfaces_egg
[0.801s] Invoked command in '/home/amin/cobot/cobot_ws/build/mycobot_pro450_interfaces' returned '0': CMAKE_PREFIX_PATH=${CMAKE_PREFIX_PATH}:/home/amin/cobot/cobot_ws/install/ultraarm:/home/amin/cobot/cobot_ws/install/pro450_moveit2_control:/home/amin/cobot/cobot_ws/install/mypalletizer_communication:/home/amin/cobot/cobot_ws/install/mypalletizer_260_pi:/home/amin/cobot/cobot_ws/install/mypalletizer_260:/home/amin/cobot/cobot_ws/install/mycobot_pro_450:/home/amin/cobot/cobot_ws/install/myarm_m750:/home/amin/cobot/cobot_ws/install/myarm_c650:/home/amin/cobot/cobot_ws/install/mycobot_communication:/home/amin/cobot/cobot_ws/install/mecharm_communication:/home/amin/cobot/cobot_ws/install/mycobot_630:/home/amin/cobot/cobot_ws/install/mycobot_600:/home/amin/cobot/cobot_ws/install/mycobot_320pi:/home/amin/cobot/cobot_ws/install/mycobot_320_riscv:/home/amin/cobot/cobot_ws/install/mycobot_320:/home/amin/cobot/cobot_ws/install/mycobot_280pi:/home/amin/cobot/cobot_ws/install/mycobot_280jn:/home/amin/cobot/cobot_ws/install/mycobot_280_x3pi:/home/amin/cobot/cobot_ws/install/mycobot_280_riscv:/home/amin/cobot/cobot_ws/install/mycobot_280_rdkx5:/home/amin/cobot/cobot_ws/install/mycobot_280_moveit2_control:/home/amin/cobot/cobot_ws/install/mycobot_280_arduino:/home/amin/cobot/cobot_ws/install/mycobot_280:/home/amin/cobot/cobot_ws/install/mybuddy:/home/amin/cobot/cobot_ws/install/myarm_300:/home/amin/cobot/cobot_ws/install/mecharm_pi:/home/amin/cobot/cobot_ws/install/mecharm:/home/amin/cobot/cobot_ws/install/mycobot_description:/opt/ros/jazzy DEBUGINFOD_URLS=https://debuginfod.ubuntu.com /usr/bin/cmake --build /home/amin/cobot/cobot_ws/build/mycobot_pro450_interfaces -- -j8 -l8
[0.809s] Invoking command in '/home/amin/cobot/cobot_ws/build/mycobot_pro450_interfaces': CMAKE_PREFIX_PATH=${CMAKE_PREFIX_PATH}:/home/amin/cobot/cobot_ws/install/ultraarm:/home/amin/cobot/cobot_ws/install/pro450_moveit2_control:/home/amin/cobot/cobot_ws/install/mypalletizer_communication:/home/amin/cobot/cobot_ws/install/mypalletizer_260_pi:/home/amin/cobot/cobot_ws/install/mypalletizer_260:/home/amin/cobot/cobot_ws/install/mycobot_pro_450:/home/amin/cobot/cobot_ws/install/myarm_m750:/home/amin/cobot/cobot_ws/install/myarm_c650:/home/amin/cobot/cobot_ws/install/mycobot_communication:/home/amin/cobot/cobot_ws/install/mecharm_communication:/home/amin/cobot/cobot_ws/install/mycobot_630:/home/amin/cobot/cobot_ws/install/mycobot_600:/home/amin/cobot/cobot_ws/install/mycobot_320pi:/home/amin/cobot/cobot_ws/install/mycobot_320_riscv:/home/amin/cobot/cobot_ws/install/mycobot_320:/home/amin/cobot/cobot_ws/install/mycobot_280pi:/home/amin/cobot/cobot_ws/install/mycobot_280jn:/home/amin/cobot/cobot_ws/install/mycobot_280_x3pi:/home/amin/cobot/cobot_ws/install/mycobot_280_riscv:/home/amin/cobot/cobot_ws/install/mycobot_280_rdkx5:/home/amin/cobot/cobot_ws/install/mycobot_280_moveit2_control:/home/amin/cobot/cobot_ws/install/mycobot_280_arduino:/home/amin/cobot/cobot_ws/install/mycobot_280:/home/amin/cobot/cobot_ws/install/mybuddy:/home/amin/cobot/cobot_ws/install/myarm_300:/home/amin/cobot/cobot_ws/install/mecharm_pi:/home/amin/cobot/cobot_ws/install/mecharm:/home/amin/cobot/cobot_ws/install/mycobot_description:/opt/ros/jazzy DEBUGINFOD_URLS=https://debuginfod.ubuntu.com /usr/bin/cmake --install /home/amin/cobot/cobot_ws/build/mycobot_pro450_interfaces
[0.816s] -- Install configuration: ""
[0.816s] -- Up-to-date: /home/amin/cobot/cobot_ws/install/mycobot_pro450_interfaces/share/ament_index/resource_index/rosidl_interfaces/mycobot_pro450_interfaces
[0.816s] -- Up-to-date: /home/amin/cobot/cobot_ws/install/mycobot_pro450_interfaces/share/mycobot_pro450_interfaces/msg/MycobotAngles.json
[0.816s] -- Up-to-date: /home/amin/cobot/cobot_ws/install/mycobot_pro450_interfaces/share/mycobot_pro450_interfaces/msg/MycobotCoords.json
[0.816s] -- Up-to-date: /home/amin/cobot/cobot_ws/install/mycobot_pro450_interfaces/share/mycobot_pro450_interfaces/msg/MycobotSetAngles.json
[0.816s] -- Up-to-date: /home/amin/cobot/cobot_ws/install/mycobot_pro450_interfaces/share/mycobot_pro450_interfaces/msg/MycobotSetCoords.json
[0.817s] -- Up-to-date: /home/amin/cobot/cobot_ws/install/mycobot_pro450_interfaces/share/mycobot_pro450_interfaces/msg/MycobotGripperStatus.json
[0.817s] -- Up-to-date: /home/amin/cobot/cobot_ws/install/mycobot_pro450_interfaces/share/mycobot_pro450_interfaces/srv/GetAngles.json
[0.817s] -- Up-to-date: /home/amin/cobot/cobot_ws/install/mycobot_pro450_interfaces/share/mycobot_pro450_interfaces/srv/SetAngles.json
[0.817s] -- Up-to-date: /home/amin/cobot/cobot_ws/install/mycobot_pro450_interfaces/share/mycobot_pro450_interfaces/srv/GetCoords.json
[0.817s] -- Up-to-date: /home/amin/cobot/cobot_ws/install/mycobot_pro450_interfaces/share/mycobot_pro450_interfaces/srv/SetCoords.json
[0.817s] -- Up-to-date: /home/amin/cobot/cobot_ws/install/mycobot_pro450_interfaces/share/mycobot_pro450_interfaces/srv/GripperStatus.json
[0.817s] -- Up-to-date: /home/amin/cobot/cobot_ws/install/mycobot_pro450_interfaces/share/mycobot_pro450_interfaces/srv/GetGripperValue.json
[0.817s] -- Up-to-date: /home/amin/cobot/cobot_ws/install/mycobot_pro450_interfaces/include/mycobot_pro450_interfaces/mycobot_pro450_interfaces
[0.817s] -- Up-to-date: /home/amin/cobot/cobot_ws/install/mycobot_pro450_interfaces/include/mycobot_pro450_interfaces/mycobot_pro450_interfaces/srv
[0.818s] -- Up-to-date: /home/amin/cobot/cobot_ws/install/mycobot_pro450_interfaces/include/mycobot_pro450_interfaces/mycobot_pro450_interfaces/srv/gripper_status.h
[0.818s] -- Up-to-date: /home/amin/cobot/cobot_ws/install/mycobot_pro450_interfaces/include/mycobot_pro450_interfaces/mycobot_pro450_interfaces/srv/get_gripper_value.h
[0.818s] -- Up-to-date: /home/amin/cobot/cobot_ws/install/mycobot_pro450_interfaces/include/mycobot_pro450_interfaces/mycobot_pro450_interfaces/srv/detail
[0.818s] -- Up-to-date: /home/amin/cobot/cobot_ws/install/mycobot_pro450_interfaces/include/mycobot_pro450_interfaces/mycobot_pro450_interfaces/srv/detail/set_coords__type_support.h
[0.819s] -- Up-to-date: /home/amin/cobot/cobot_ws/install/mycobot_pro450_interfaces/include/mycobot_pro450_interfaces/mycobot_pro450_interfaces/srv/detail/gripper_status__description.c
[0.819s] -- Up-to-date: /home/amin/cobot/cobot_ws/install/mycobot_pro450_interfaces/include/mycobot_pro450_interfaces/mycobot_pro450_interfaces/srv/detail/gripper_status__functions.h
[0.819s] -- Up-to-date: /home/amin/cobot/cobot_ws/install/mycobot_pro450_interfaces/include/mycobot_pro450_interfaces/mycobot_pro450_interfaces/srv/detail/set_angles__struct.h
[0.819s] -- Up-to-date: /home/amin/cobot/cobot_ws/install/mycobot_pro450_interfaces/include/mycobot_pro450_interfaces/mycobot_pro450_interfaces/srv/detail/set_coords__functions.h
[0.819s] -- Up-to-date: /home/amin/cobot/cobot_ws/install/mycobot_pro450_interfaces/include/mycobot_pro450_interfaces/mycobot_pro450_interfaces/srv/detail/get_gripper_value__functions.h
[0.819s] -- Installing: /home/amin/cobot/cobot_ws/install/mycobot_pro450_interfaces/include/mycobot_pro450_interfaces/mycobot_pro450_interfaces/srv/detail/get_coords__type_support.c
[0.820s] -- Up-to-date: /home/amin/cobot/cobot_ws/install/mycobot_pro450_interfaces/include/mycobot_pro450_interfaces/mycobot_pro450_interfaces/srv/detail/set_angles__description.c
[0.820s] -- Up-to-date: /home/amin/cobot/cobot_ws/install/mycobot_pro450_interfaces/include/mycobot_pro450_interfaces/mycobot_pro450_interfaces/srv/detail/gripper_status__struct.h
[0.820s] -- Up-to-date: /home/amin/cobot/cobot_ws/install/mycobot_pro450_interfaces/include/mycobot_pro450_interfaces/mycobot_pro450_interfaces/srv/detail/get_angles__type_support.h
[0.820s] -- Up-to-date: /home/amin/cobot/cobot_ws/install/mycobot_pro450_interfaces/include/mycobot_pro450_interfaces/mycobot_pro450_interfaces/srv/detail/set_coords__functions.c
[0.820s] -- Installing: /home/amin/cobot/cobot_ws/install/mycobot_pro450_interfaces/include/mycobot_pro450_interfaces/mycobot_pro450_interfaces/srv/detail/set_coords__type_support.c
[0.820s] -- Installing: /home/amin/cobot/cobot_ws/install/mycobot_pro450_interfaces/include/mycobot_pro450_interfaces/mycobot_pro450_interfaces/srv/detail/get_gripper_value__type_support.c
[0.820s] -- Installing: /home/amin/cobot/cobot_ws/install/mycobot_pro450_interfaces/include/mycobot_pro450_interfaces/mycobot_pro450_interfaces/srv/detail/set_angles__type_support.c
[0.820s] -- Up-to-date: /home/amin/cobot/cobot_ws/install/mycobot_pro450_interfaces/include/mycobot_pro450_interfaces/mycobot_pro450_interfaces/srv/detail/gripper_status__type_support.h
[0.821s] -- Up-to-date: /home/amin/cobot/cobot_ws/install/mycobot_pro450_interfaces/include/mycobot_pro450_interfaces/mycobot_pro450_interfaces/srv/detail/get_gripper_value__description.c
[0.821s] -- Up-to-date: /home/amin/cobot/cobot_ws/install/mycobot_pro450_interfaces/include/mycobot_pro450_interfaces/mycobot_pro450_interfaces/srv/detail/get_angles__struct.h
[0.821s] -- Up-to-date: /home/amin/cobot/cobot_ws/install/mycobot_pro450_interfaces/include/mycobot_pro450_interfaces/mycobot_pro450_interfaces/srv/detail/get_coords__description.c
[0.821s] -- Up-to-date: /home/amin/cobot/cobot_ws/install/mycobot_pro450_interfaces/include/mycobot_pro450_interfaces/mycobot_pro450_interfaces/srv/detail/set_coords__description.c
[0.821s] -- Up-to-date: /home/amin/cobot/cobot_ws/install/mycobot_pro450_interfaces/include/mycobot_pro450_interfaces/mycobot_pro450_interfaces/srv/detail/get_coords__functions.h
[0.821s] -- Installing: /home/amin/cobot/cobot_ws/install/mycobot_pro450_interfaces/include/mycobot_pro450_interfaces/mycobot_pro450_interfaces/srv/detail/get_angles__type_support.c
[0.822s] -- Up-to-date: /home/amin/cobot/cobot_ws/install/mycobot_pro450_interfaces/include/mycobot_pro450_interfaces/mycobot_pro450_interfaces/srv/detail/get_angles__functions.h
[0.822s] -- Installing: /home/amin/cobot/cobot_ws/install/mycobot_pro450_interfaces/include/mycobot_pro450_interfaces/mycobot_pro450_interfaces/srv/detail/gripper_status__type_support.c
[0.822s] -- Up-to-date: /home/amin/cobot/cobot_ws/install/mycobot_pro450_interfaces/include/mycobot_pro450_interfaces/mycobot_pro450_interfaces/srv/detail/get_angles__functions.c
[0.822s] -- Up-to-date: /home/amin/cobot/cobot_ws/install/mycobot_pro450_interfaces/include/mycobot_pro450_interfaces/mycobot_pro450_interfaces/srv/detail/get_gripper_value__type_support.h
[0.822s] -- Up-to-date: /home/amin/cobot/cobot_ws/install/mycobot_pro450_interfaces/include/mycobot_pro450_interfaces/mycobot_pro450_interfaces/srv/detail/get_coords__type_support.h
[0.822s] -- Up-to-date: /home/amin/cobot/cobot_ws/install/mycobot_pro450_interfaces/include/mycobot_pro450_interfaces/mycobot_pro450_interfaces/srv/detail/set_angles__type_support.h
[0.822s] -- Up-to-date: /home/amin/cobot/cobot_ws/install/mycobot_pro450_interfaces/include/mycobot_pro450_interfaces/mycobot_pro450_interfaces/srv/detail/get_coords__functions.c
[0.822s] -- Up-to-date: /home/amin/cobot/cobot_ws/install/mycobot_pro450_interfaces/include/mycobot_pro450_interfaces/mycobot_pro450_interfaces/srv/detail/gripper_status__functions.c
[0.822s] -- Up-to-date: /home/amin/cobot/cobot_ws/install/mycobot_pro450_interfaces/include/mycobot_pro450_interfaces/mycobot_pro450_interfaces/srv/detail/get_angles__description.c
[0.822s] -- Up-to-date: /home/amin/cobot/cobot_ws/install/mycobot_pro450_interfaces/include/mycobot_pro450_interfaces/mycobot_pro450_interfaces/srv/detail/get_gripper_value__functions.c
[0.822s] -- Up-to-date: /home/amin/cobot/cobot_ws/install/mycobot_pro450_interfaces/include/mycobot_pro450_interfaces/mycobot_pro450_interfaces/srv/detail/set_angles__functions.c
[0.823s] -- Up-to-date: /home/amin/cobot/cobot_ws/install/mycobot_pro450_interfaces/include/mycobot_pro450_interfaces/mycobot_pro450_interfaces/srv/detail/set_coords__struct.h
[0.823s] -- Up-to-date: /home/amin/cobot/cobot_ws/install/mycobot_pro450_interfaces/include/mycobot_pro450_interfaces/mycobot_pro450_interfaces/srv/detail/get_coords__struct.h
[0.823s] -- Up-to-date: /home/amin/cobot/cobot_ws/install/mycobot_pro450_interfaces/include/mycobot_pro450_interfaces/mycobot_pro450_interfaces/srv/detail/set_angles__functions.h
[0.823s] -- Up-to-date: /home/amin/cobot/cobot_ws/install/mycobot_pro450_interfaces/include/mycobot_pro450_interfaces/mycobot_pro450_interfaces/srv/detail/get_gripper_value__struct.h
[0.823s] -- Up-to-date: /home/amin/cobot/cobot_ws/install/mycobot_pro450_interfaces/include/mycobot_pro450_interfaces/mycobot_pro450_interfaces/srv/get_coords.h
[0.823s] -- Up-to-date: /home/amin/cobot/cobot_ws/install/mycobot_pro450_interfaces/include/mycobot_pro450_interfaces/mycobot_pro450_interfaces/srv/get_angles.h
[0.823s] -- Up-to-date: /home/amin/cobot/cobot_ws/install/mycobot_pro450_interfaces/include/mycobot_pro450_interfaces/mycobot_pro450_interfaces/srv/set_angles.h
[0.823s] -- Up-to-date: /home/amin/cobot/cobot_ws/install/mycobot_pro450_interfaces/include/mycobot_pro450_interfaces/mycobot_pro450_interfaces/srv/set_coords.h
[0.823s] -- Up-to-date: /home/amin/cobot/cobot_ws/install/mycobot_pro450_interfaces/include/mycobot_pro450_interfaces/mycobot_pro450_interfaces/msg
[0.823s] -- Up-to-date: /home/amin/cobot/cobot_ws/install/mycobot_pro450_interfaces/include/mycobot_pro450_interfaces/mycobot_pro450_interfaces/msg/detail
[0.823s] -- Up-to-date: /home/amin/cobot/cobot_ws/install/mycobot_pro450_interfaces/include/mycobot_pro450_interfaces/mycobot_pro450_interfaces/msg/detail/mycobot_gripper_status__description.c
[0.824s] -- Up-to-date: /home/amin/cobot/cobot_ws/install/mycobot_pro450_interfaces/include/mycobot_pro450_interfaces/mycobot_pro450_interfaces/msg/detail/mycobot_gripper_status__type_support.h
[0.824s] -- Up-to-date: /home/amin/cobot/cobot_ws/install/mycobot_pro450_interfaces/include/mycobot_pro450_interfaces/mycobot_pro450_interfaces/msg/detail/mycobot_set_angles__functions.c
[0.824s] -- Up-to-date: /home/amin/cobot/cobot_ws/install/mycobot_pro450_interfaces/include/mycobot_pro450_interfaces/mycobot_pro450_interfaces/msg/detail/mycobot_coords__type_support.h
[0.824s] -- Up-to-date: /home/amin/cobot/cobot_ws/install/mycobot_pro450_interfaces/include/mycobot_pro450_interfaces/mycobot_pro450_interfaces/msg/detail/mycobot_coords__struct.h
[0.824s] -- Up-to-date: /home/amin/cobot/cobot_ws/install/mycobot_pro450_interfaces/include/mycobot_pro450_interfaces/mycobot_pro450_interfaces/msg/detail/mycobot_set_angles__description.c
[0.824s] -- Up-to-date: /home/amin/cobot/cobot_ws/install/mycobot_pro450_interfaces/include/mycobot_pro450_interfaces/mycobot_pro450_interfaces/msg/detail/mycobot_set_coords__type_support.h
[0.824s] -- Up-to-date: /home/amin/cobot/cobot_ws/install/mycobot_pro450_interfaces/include/mycobot_pro450_interfaces/mycobot_pro450_interfaces/msg/detail/mycobot_set_coords__functions.h
[0.824s] -- Installing: /home/amin/cobot/cobot_ws/install/mycobot_pro450_interfaces/include/mycobot_pro450_interfaces/mycobot_pro450_interfaces/msg/detail/mycobot_set_angles__type_support.c
[0.824s] -- Up-to-date: /home/amin/cobot/cobot_ws/install/mycobot_pro450_interfaces/include/mycobot_pro450_interfaces/mycobot_pro450_interfaces/msg/detail/mycobot_angles__struct.h
[0.824s] -- Installing: /home/amin/cobot/cobot_ws/install/mycobot_pro450_interfaces/include/mycobot_pro450_interfaces/mycobot_pro450_interfaces/msg/detail/mycobot_angles__type_support.c
[0.824s] -- Up-to-date: /home/amin/cobot/cobot_ws/install/mycobot_pro450_interfaces/include/mycobot_pro450_interfaces/mycobot_pro450_interfaces/msg/detail/mycobot_gripper_status__functions.c
[0.824s] -- Up-to-date: /home/amin/cobot/cobot_ws/install/mycobot_pro450_interfaces/include/mycobot_pro450_interfaces/mycobot_pro450_interfaces/msg/detail/mycobot_gripper_status__functions.h
[0.825s] -- Up-to-date: /home/amin/cobot/cobot_ws/install/mycobot_pro450_interfaces/include/mycobot_pro450_interfaces/mycobot_pro450_interfaces/msg/detail/mycobot_set_angles__functions.h
[0.825s] -- Installing: /home/amin/cobot/cobot_ws/install/mycobot_pro450_interfaces/include/mycobot_pro450_interfaces/mycobot_pro450_interfaces/msg/detail/mycobot_gripper_status__type_support.c
[0.825s] -- Up-to-date: /home/amin/cobot/cobot_ws/install/mycobot_pro450_interfaces/include/mycobot_pro450_interfaces/mycobot_pro450_interfaces/msg/detail/mycobot_coords__functions.h
[0.825s] -- Installing: /home/amin/cobot/cobot_ws/install/mycobot_pro450_interfaces/include/mycobot_pro450_interfaces/mycobot_pro450_interfaces/msg/detail/mycobot_coords__type_support.c
[0.825s] -- Up-to-date: /home/amin/cobot/cobot_ws/install/mycobot_pro450_interfaces/include/mycobot_pro450_interfaces/mycobot_pro450_interfaces/msg/detail/mycobot_coords__description.c
[0.825s] -- Installing: /home/amin/cobot/cobot_ws/install/mycobot_pro450_interfaces/include/mycobot_pro450_interfaces/mycobot_pro450_interfaces/msg/detail/mycobot_set_coords__type_support.c
[0.825s] -- Up-to-date: /home/amin/cobot/cobot_ws/install/mycobot_pro450_interfaces/include/mycobot_pro450_interfaces/mycobot_pro450_interfaces/msg/detail/mycobot_set_coords__struct.h
[0.825s] -- Up-to-date: /home/amin/cobot/cobot_ws/install/mycobot_pro450_interfaces/include/mycobot_pro450_interfaces/mycobot_pro450_interfaces/msg/detail/mycobot_angles__functions.h
[0.825s] -- Up-to-date: /home/amin/cobot/cobot_ws/install/mycobot_pro450_interfaces/include/mycobot_pro450_interfaces/mycobot_pro450_interfaces/msg/detail/mycobot_gripper_status__struct.h
[0.825s] -- Up-to-date: /home/amin/cobot/cobot_ws/install/mycobot_pro450_interfaces/include/mycobot_pro450_interfaces/mycobot_pro450_interfaces/msg/detail/mycobot_set_coords__description.c
[0.826s] -- Up-to-date: /home/amin/cobot/cobot_ws/install/mycobot_pro450_interfaces/include/mycobot_pro450_interfaces/mycobot_pro450_interfaces/msg/detail/mycobot_set_coords__functions.c
[0.826s] -- Up-to-date: /home/amin/cobot/cobot_ws/install/mycobot_pro450_interfaces/include/mycobot_pro450_interfaces/mycobot_pro450_interfaces/msg/detail/mycobot_coords__functions.c
[0.826s] -- Up-to-date: /home/amin/cobot/cobot_ws/install/mycobot_pro450_interfaces/include/mycobot_pro450_interfaces/mycobot_pro450_interfaces/msg/detail/mycobot_angles__functions.c
[0.826s] -- Up-to-date: /home/amin/cobot/cobot_ws/install/mycobot_pro450_interfaces/include/mycobot_pro450_interfaces/mycobot_pro450_interfaces/msg/detail/mycobot_set_angles__struct.h
[0.826s] -- Up-to-date: /home/amin/cobot/cobot_ws/install/mycobot_pro450_interfaces/include/mycobot_pro450_interfaces/mycobot_pro450_interfaces/msg/detail/mycobot_angles__type_support.h
[0.826s] -- Up-to-date: /home/amin/cobot/cobot_ws/install/mycobot_pro450_interfaces/include/mycobot_pro450_interfaces/mycobot_pro450_interfaces/msg/detail/mycobot_set_angles__type_support.h
[0.826s] -- Up-to-date: /home/amin/cobot/cobot_ws/install/mycobot_pro450_interfaces/include/mycobot_pro450_interfaces/mycobot_pro450_interfaces/msg/detail/mycobot_angles__description.c
[0.826s] -- Up-to-date: /home/amin/cobot/cobot_ws/install/mycobot_pro450_interfaces/include/mycobot_pro450_interfaces/mycobot_pro450_interfaces/msg/rosidl_generator_c__visibility_control.h
[0.827s] -- Up-to-date: /home/amin/cobot/cobot_ws/install/mycobot_pro450_interfaces/include/mycobot_pro450_interfaces/mycobot_pro450_interfaces/msg/mycobot_set_angles.h
[0.827s] -- Up-to-date: /home/amin/cobot/cobot_ws/install/mycobot_pro450_interfaces/include/mycobot_pro450_interfaces/mycobot_pro450_interfaces/msg/mycobot_coords.h
[0.827s] -- Up-to-date: /home/amin/cobot/cobot_ws/install/mycobot_pro450_interfaces/include/mycobot_pro450_interfaces/mycobot_pro450_interfaces/msg/mycobot_angles.h
[0.827s] -- Up-to-date: /home/amin/cobot/cobot_ws/install/mycobot_pro450_interfaces/include/mycobot_pro450_interfaces/mycobot_pro450_interfaces/msg/mycobot_gripper_status.h
[0.827s] -- Up-to-date: /home/amin/cobot/cobot_ws/install/mycobot_pro450_interfaces/include/mycobot_pro450_interfaces/mycobot_pro450_interfaces/msg/mycobot_set_coords.h
[0.827s] -- Up-to-date: /home/amin/cobot/cobot_ws/install/mycobot_pro450_interfaces/share/mycobot_pro450_interfaces/environment/library_path.sh
[0.827s] -- Up-to-date: /home/amin/cobot/cobot_ws/install/mycobot_pro450_interfaces/share/mycobot_pro450_interfaces/environment/library_path.dsv
[0.827s] -- Up-to-date: /home/amin/cobot/cobot_ws/install/mycobot_pro450_interfaces/lib/libmycobot_pro450_interfaces__rosidl_generator_c.so
[0.828s] -- Up-to-date: /home/amin/cobot/cobot_ws/install/mycobot_pro450_interfaces/include/mycobot_pro450_interfaces/mycobot_pro450_interfaces
[0.828s] -- Up-to-date: /home/amin/cobot/cobot_ws/install/mycobot_pro450_interfaces/include/mycobot_pro450_interfaces/mycobot_pro450_interfaces/srv
[0.828s] -- Up-to-date: /home/amin/cobot/cobot_ws/install/mycobot_pro450_interfaces/include/mycobot_pro450_interfaces/mycobot_pro450_interfaces/srv/detail
[0.828s] -- Up-to-date: /home/amin/cobot/cobot_ws/install/mycobot_pro450_interfaces/include/mycobot_pro450_interfaces/mycobot_pro450_interfaces/srv/detail/get_gripper_value__rosidl_typesupport_fastrtps_c.h
[0.828s] -- Up-to-date: /home/amin/cobot/cobot_ws/install/mycobot_pro450_interfaces/include/mycobot_pro450_interfaces/mycobot_pro450_interfaces/srv/detail/get_coords__rosidl_typesupport_fastrtps_c.h
[0.828s] -- Up-to-date: /home/amin/cobot/cobot_ws/install/mycobot_pro450_interfaces/include/mycobot_pro450_interfaces/mycobot_pro450_interfaces/srv/detail/get_angles__rosidl_typesupport_fastrtps_c.h
[0.829s] -- Up-to-date: /home/amin/cobot/cobot_ws/install/mycobot_pro450_interfaces/include/mycobot_pro450_interfaces/mycobot_pro450_interfaces/srv/detail/set_angles__rosidl_typesupport_fastrtps_c.h
[0.829s] -- Up-to-date: /home/amin/cobot/cobot_ws/install/mycobot_pro450_interfaces/include/mycobot_pro450_interfaces/mycobot_pro450_interfaces/srv/detail/gripper_status__rosidl_typesupport_fastrtps_c.h
[0.829s] -- Up-to-date: /home/amin/cobot/cobot_ws/install/mycobot_pro450_interfaces/include/mycobot_pro450_interfaces/mycobot_pro450_interfaces/srv/detail/set_coords__rosidl_typesupport_fastrtps_c.h
[0.829s] -- Up-to-date: /home/amin/cobot/cobot_ws/install/mycobot_pro450_interfaces/include/mycobot_pro450_interfaces/mycobot_pro450_interfaces/msg
[0.829s] -- Up-to-date: /home/amin/cobot/cobot_ws/install/mycobot_pro450_interfaces/include/mycobot_pro450_interfaces/mycobot_pro450_interfaces/msg/detail
[0.830s] -- Up-to-date: /home/amin/cobot/cobot_ws/install/mycobot_pro450_interfaces/include/mycobot_pro450_interfaces/mycobot_pro450_interfaces/msg/detail/mycobot_angles__rosidl_typesupport_fastrtps_c.h
[0.830s] -- Up-to-date: /home/amin/cobot/cobot_ws/install/mycobot_pro450_interfaces/include/mycobot_pro450_interfaces/mycobot_pro450_interfaces/msg/detail/mycobot_set_angles__rosidl_typesupport_fastrtps_c.h
[0.830s] -- Up-to-date: /home/amin/cobot/cobot_ws/install/mycobot_pro450_interfaces/include/mycobot_pro450_interfaces/mycobot_pro450_interfaces/msg/detail/mycobot_coords__rosidl_typesupport_fastrtps_c.h
[0.830s] -- Up-to-date: /home/amin/cobot/cobot_ws/install/mycobot_pro450_interfaces/include/mycobot_pro450_interfaces/mycobot_pro450_interfaces/msg/detail/mycobot_set_coords__rosidl_typesupport_fastrtps_c.h
[0.830s] -- Up-to-date: /home/amin/cobot/cobot_ws/install/mycobot_pro450_interfaces/include/mycobot_pro450_interfaces/mycobot_pro450_interfaces/msg/detail/mycobot_gripper_status__rosidl_typesupport_fastrtps_c.h
[0.831s] -- Up-to-date: /home/amin/cobot/cobot_ws/install/mycobot_pro450_interfaces/include/mycobot_pro450_interfaces/mycobot_pro450_interfaces/msg/rosidl_typesupport_fastrtps_c__visibility_control.h
[0.831s] -- Up-to-date: /home/amin/cobot/cobot_ws/install/mycobot_pro450_interfaces/lib/libmycobot_pro450_interfaces__rosidl_typesupport_fastrtps_c.so
[0.831s] -- Up-to-date: /home/amin/cobot/cobot_ws/install/mycobot_pro450_interfaces/include/mycobot_pro450_interfaces/mycobot_pro450_interfaces
[0.831s] -- Up-to-date: /home/amin/cobot/cobot_ws/install/mycobot_pro450_interfaces/include/mycobot_pro450_interfaces/mycobot_pro450_interfaces/srv
[0.831s] -- Up-to-date: /home/amin/cobot/cobot_ws/install/mycobot_pro450_interfaces/include/mycobot_pro450_interfaces/mycobot_pro450_interfaces/srv/detail
[0.831s] -- Up-to-date: /home/amin/cobot/cobot_ws/install/mycobot_pro450_interfaces/include/mycobot_pro450_interfaces/mycobot_pro450_interfaces/srv/detail/get_gripper_value__rosidl_typesupport_introspection_c.h
[0.831s] -- Installing: /home/amin/cobot/cobot_ws/install/mycobot_pro450_interfaces/include/mycobot_pro450_interfaces/mycobot_pro450_interfaces/srv/detail/get_coords__type_support.c
[0.832s] -- Up-to-date: /home/amin/cobot/cobot_ws/install/mycobot_pro450_interfaces/include/mycobot_pro450_interfaces/mycobot_pro450_interfaces/srv/detail/set_angles__rosidl_typesupport_introspection_c.h
[0.832s] -- Installing: /home/amin/cobot/cobot_ws/install/mycobot_pro450_interfaces/include/mycobot_pro450_interfaces/mycobot_pro450_interfaces/srv/detail/set_coords__type_support.c
[0.832s] -- Installing: /home/amin/cobot/cobot_ws/install/mycobot_pro450_interfaces/include/mycobot_pro450_interfaces/mycobot_pro450_interfaces/srv/detail/get_gripper_value__type_support.c
[0.832s] -- Installing: /home/amin/cobot/cobot_ws/install/mycobot_pro450_interfaces/include/mycobot_pro450_interfaces/mycobot_pro450_interfaces/srv/detail/set_angles__type_support.c
[0.832s] -- Installing: /home/amin/cobot/cobot_ws/install/mycobot_pro450_interfaces/include/mycobot_pro450_interfaces/mycobot_pro450_interfaces/srv/detail/get_angles__type_support.c
[0.832s] -- Up-to-date: /home/amin/cobot/cobot_ws/install/mycobot_pro450_interfaces/include/mycobot_pro450_interfaces/mycobot_pro450_interfaces/srv/detail/get_angles__rosidl_typesupport_introspection_c.h
[0.833s] -- Installing: /home/amin/cobot/cobot_ws/install/mycobot_pro450_interfaces/include/mycobot_pro450_interfaces/mycobot_pro450_interfaces/srv/detail/gripper_status__type_support.c
[0.833s] -- Up-to-date: /home/amin/cobot/cobot_ws/install/mycobot_pro450_interfaces/include/mycobot_pro450_interfaces/mycobot_pro450_interfaces/srv/detail/set_coords__rosidl_typesupport_introspection_c.h
[0.833s] -- Up-to-date: /home/amin/cobot/cobot_ws/install/mycobot_pro450_interfaces/include/mycobot_pro450_interfaces/mycobot_pro450_interfaces/srv/detail/get_coords__rosidl_typesupport_introspection_c.h
[0.834s] -- Up-to-date: /home/amin/cobot/cobot_ws/install/mycobot_pro450_interfaces/include/mycobot_pro450_interfaces/mycobot_pro450_interfaces/srv/detail/gripper_status__rosidl_typesupport_introspection_c.h
[0.834s] -- Up-to-date: /home/amin/cobot/cobot_ws/install/mycobot_pro450_interfaces/include/mycobot_pro450_interfaces/mycobot_pro450_interfaces/msg
[0.834s] -- Up-to-date: /home/amin/cobot/cobot_ws/install/mycobot_pro450_interfaces/include/mycobot_pro450_interfaces/mycobot_pro450_interfaces/msg/detail
[0.834s] -- Up-to-date: /home/amin/cobot/cobot_ws/install/mycobot_pro450_interfaces/include/mycobot_pro450_interfaces/mycobot_pro450_interfaces/msg/detail/mycobot_set_coords__rosidl_typesupport_introspection_c.h
[0.835s] -- Installing: /home/amin/cobot/cobot_ws/install/mycobot_pro450_interfaces/include/mycobot_pro450_interfaces/mycobot_pro450_interfaces/msg/detail/mycobot_set_angles__type_support.c
[0.835s] -- Up-to-date: /home/amin/cobot/cobot_ws/install/mycobot_pro450_interfaces/include/mycobot_pro450_interfaces/mycobot_pro450_interfaces/msg/detail/mycobot_coords__rosidl_typesupport_introspection_c.h
[0.835s] -- Up-to-date: /home/amin/cobot/cobot_ws/install/mycobot_pro450_interfaces/include/mycobot_pro450_interfaces/mycobot_pro450_interfaces/msg/detail/mycobot_angles__rosidl_typesupport_introspection_c.h
[0.835s] -- Installing: /home/amin/cobot/cobot_ws/install/mycobot_pro450_interfaces/include/mycobot_pro450_interfaces/mycobot_pro450_interfaces/msg/detail/mycobot_angles__type_support.c
[0.835s] -- Installing: /home/amin/cobot/cobot_ws/install/mycobot_pro450_interfaces/include/mycobot_pro450_interfaces/mycobot_pro450_interfaces/msg/detail/mycobot_gripper_status__type_support.c
[0.835s] -- Installing: /home/amin/cobot/cobot_ws/install/mycobot_pro450_interfaces/include/mycobot_pro450_interfaces/mycobot_pro450_interfaces/msg/detail/mycobot_coords__type_support.c
[0.836s] -- Installing: /home/amin/cobot/cobot_ws/install/mycobot_pro450_interfaces/include/mycobot_pro450_interfaces/mycobot_pro450_interfaces/msg/detail/mycobot_set_coords__type_support.c
[0.836s] -- Up-to-date: /home/amin/cobot/cobot_ws/install/mycobot_pro450_interfaces/include/mycobot_pro450_interfaces/mycobot_pro450_interfaces/msg/detail/mycobot_gripper_status__rosidl_typesupport_introspection_c.h
[0.836s] -- Up-to-date: /home/amin/cobot/cobot_ws/install/mycobot_pro450_interfaces/include/mycobot_pro450_interfaces/mycobot_pro450_interfaces/msg/detail/mycobot_set_angles__rosidl_typesupport_introspection_c.h
[0.836s] -- Up-to-date: /home/amin/cobot/cobot_ws/install/mycobot_pro450_interfaces/include/mycobot_pro450_interfaces/mycobot_pro450_interfaces/msg/rosidl_typesupport_introspection_c__visibility_control.h
[0.836s] -- Up-to-date: /home/amin/cobot/cobot_ws/install/mycobot_pro450_interfaces/lib/libmycobot_pro450_interfaces__rosidl_typesupport_introspection_c.so
[0.836s] -- Up-to-date: /home/amin/cobot/cobot_ws/install/mycobot_pro450_interfaces/lib/libmycobot_pro450_interfaces__rosidl_typesupport_c.so
[0.836s] -- Up-to-date: /home/amin/cobot/cobot_ws/install/mycobot_pro450_interfaces/include/mycobot_pro450_interfaces/mycobot_pro450_interfaces
[0.836s] -- Up-to-date: /home/amin/cobot/cobot_ws/install/mycobot_pro450_interfaces/include/mycobot_pro450_interfaces/mycobot_pro450_interfaces/srv
[0.836s] -- Up-to-date: /home/amin/cobot/cobot_ws/install/mycobot_pro450_interfaces/include/mycobot_pro450_interfaces/mycobot_pro450_interfaces/srv/set_angles.hpp
[0.836s] -- Up-to-date: /home/amin/cobot/cobot_ws/install/mycobot_pro450_interfaces/include/mycobot_pro450_interfaces/mycobot_pro450_interfaces/srv/get_coords.hpp
[0.836s] -- Up-to-date: /home/amin/cobot/cobot_ws/install/mycobot_pro450_interfaces/include/mycobot_pro450_interfaces/mycobot_pro450_interfaces/srv/gripper_status.hpp
[0.836s] -- Up-to-date: /home/amin/cobot/cobot_ws/install/mycobot_pro450_interfaces/include/mycobot_pro450_interfaces/mycobot_pro450_interfaces/srv/detail
[0.837s] -- Up-to-date: /home/amin/cobot/cobot_ws/install/mycobot_pro450_interfaces/include/mycobot_pro450_interfaces/mycobot_pro450_interfaces/srv/detail/get_coords__type_support.hpp
[0.837s] -- Up-to-date: /home/amin/cobot/cobot_ws/install/mycobot_pro450_interfaces/include/mycobot_pro450_interfaces/mycobot_pro450_interfaces/srv/detail/get_angles__builder.hpp
[0.837s] -- Up-to-date: /home/amin/cobot/cobot_ws/install/mycobot_pro450_interfaces/include/mycobot_pro450_interfaces/mycobot_pro450_interfaces/srv/detail/gripper_status__type_support.hpp
[0.837s] -- Up-to-date: /home/amin/cobot/cobot_ws/install/mycobot_pro450_interfaces/include/mycobot_pro450_interfaces/mycobot_pro450_interfaces/srv/detail/set_angles__traits.hpp
[0.837s] -- Up-to-date: /home/amin/cobot/cobot_ws/install/mycobot_pro450_interfaces/include/mycobot_pro450_interfaces/mycobot_pro450_interfaces/srv/detail/set_angles__builder.hpp
[0.837s] -- Up-to-date: /home/amin/cobot/cobot_ws/install/mycobot_pro450_interfaces/include/mycobot_pro450_interfaces/mycobot_pro450_interfaces/srv/detail/gripper_status__struct.hpp
[0.837s] -- Up-to-date: /home/amin/cobot/cobot_ws/install/mycobot_pro450_interfaces/include/mycobot_pro450_interfaces/mycobot_pro450_interfaces/srv/detail/gripper_status__traits.hpp
[0.837s] -- Up-to-date: /home/amin/cobot/cobot_ws/install/mycobot_pro450_interfaces/include/mycobot_pro450_interfaces/mycobot_pro450_interfaces/srv/detail/set_coords__struct.hpp
[0.837s] -- Up-to-date: /home/amin/cobot/cobot_ws/install/mycobot_pro450_interfaces/include/mycobot_pro450_interfaces/mycobot_pro450_interfaces/srv/detail/set_coords__builder.hpp
[0.837s] -- Up-to-date: /home/amin/cobot/cobot_ws/install/mycobot_pro450_interfaces/include/mycobot_pro450_interfaces/mycobot_pro450_interfaces/srv/detail/get_gripper_value__builder.hpp
[0.837s] -- Up-to-date: /home/amin/cobot/cobot_ws/install/mycobot_pro450_interfaces/include/mycobot_pro450_interfaces/mycobot_pro450_interfaces/srv/detail/get_coords__struct.hpp
[0.837s] -- Up-to-date: /home/amin/cobot/cobot_ws/install/mycobot_pro450_interfaces/include/mycobot_pro450_interfaces/mycobot_pro450_interfaces/srv/detail/gripper_status__builder.hpp
[0.838s] -- Up-to-date: /home/amin/cobot/cobot_ws/install/mycobot_pro450_interfaces/include/mycobot_pro450_interfaces/mycobot_pro450_interfaces/srv/detail/get_gripper_value__struct.hpp
[0.838s] -- Up-to-date: /home/amin/cobot/cobot_ws/install/mycobot_pro450_interfaces/include/mycobot_pro450_interfaces/mycobot_pro450_interfaces/srv/detail/get_gripper_value__type_support.hpp
[0.838s] -- Up-to-date: /home/amin/cobot/cobot_ws/install/mycobot_pro450_interfaces/include/mycobot_pro450_interfaces/mycobot_pro450_interfaces/srv/detail/get_angles__type_support.hpp
[0.838s] -- Up-to-date: /home/amin/cobot/cobot_ws/install/mycobot_pro450_interfaces/include/mycobot_pro450_interfaces/mycobot_pro450_interfaces/srv/detail/get_coords__traits.hpp
[0.838s] -- Up-to-date: /home/amin/cobot/cobot_ws/install/mycobot_pro450_interfaces/include/mycobot_pro450_interfaces/mycobot_pro450_interfaces/srv/detail/get_gripper_value__traits.hpp
[0.838s] -- Up-to-date: /home/amin/cobot/cobot_ws/install/mycobot_pro450_interfaces/include/mycobot_pro450_interfaces/mycobot_pro450_interfaces/srv/detail/set_angles__struct.hpp
[0.838s] -- Up-to-date: /home/amin/cobot/cobot_ws/install/mycobot_pro450_interfaces/include/mycobot_pro450_interfaces/mycobot_pro450_interfaces/srv/detail/get_angles__traits.hpp
[0.838s] -- Up-to-date: /home/amin/cobot/cobot_ws/install/mycobot_pro450_interfaces/include/mycobot_pro450_interfaces/mycobot_pro450_interfaces/srv/detail/get_coords__builder.hpp
[0.838s] -- Up-to-date: /home/amin/cobot/cobot_ws/install/mycobot_pro450_interfaces/include/mycobot_pro450_interfaces/mycobot_pro450_interfaces/srv/detail/set_coords__type_support.hpp
[0.838s] -- Up-to-date: /home/amin/cobot/cobot_ws/install/mycobot_pro450_interfaces/include/mycobot_pro450_interfaces/mycobot_pro450_interfaces/srv/detail/set_angles__type_support.hpp
[0.838s] -- Up-to-date: /home/amin/cobot/cobot_ws/install/mycobot_pro450_interfaces/include/mycobot_pro450_interfaces/mycobot_pro450_interfaces/srv/detail/set_coords__traits.hpp
[0.838s] -- Up-to-date: /home/amin/cobot/cobot_ws/install/mycobot_pro450_interfaces/include/mycobot_pro450_interfaces/mycobot_pro450_interfaces/srv/detail/get_angles__struct.hpp
[0.839s] -- Up-to-date: /home/amin/cobot/cobot_ws/install/mycobot_pro450_interfaces/include/mycobot_pro450_interfaces/mycobot_pro450_interfaces/srv/set_coords.hpp
[0.839s] -- Up-to-date: /home/amin/cobot/cobot_ws/install/mycobot_pro450_interfaces/include/mycobot_pro450_interfaces/mycobot_pro450_interfaces/srv/get_angles.hpp
[0.839s] -- Up-to-date: /home/amin/cobot/cobot_ws/install/mycobot_pro450_interfaces/include/mycobot_pro450_interfaces/mycobot_pro450_interfaces/srv/get_gripper_value.hpp
[0.839s] -- Up-to-date: /home/amin/cobot/cobot_ws/install/mycobot_pro450_interfaces/include/mycobot_pro450_interfaces/mycobot_pro450_interfaces/msg
[0.839s] -- Up-to-date: /home/amin/cobot/cobot_ws/install/mycobot_pro450_interfaces/include/mycobot_pro450_interfaces/mycobot_pro450_interfaces/msg/mycobot_angles.hpp
[0.839s] -- Up-to-date: /home/amin/cobot/cobot_ws/install/mycobot_pro450_interfaces/include/mycobot_pro450_interfaces/mycobot_pro450_interfaces/msg/mycobot_gripper_status.hpp
[0.839s] -- Up-to-date: /home/amin/cobot/cobot_ws/install/mycobot_pro450_interfaces/include/mycobot_pro450_interfaces/mycobot_pro450_interfaces/msg/detail
[0.839s] -- Up-to-date: /home/amin/cobot/cobot_ws/install/mycobot_pro450_interfaces/include/mycobot_pro450_interfaces/mycobot_pro450_interfaces/msg/detail/mycobot_gripper_status__struct.hpp
[0.839s] -- Up-to-date: /home/amin/cobot/cobot_ws/install/mycobot_pro450_interfaces/include/mycobot_pro450_interfaces/mycobot_pro450_interfaces/msg/detail/mycobot_coords__struct.hpp
[0.839s] -- Up-to-date: /home/amin/cobot/cobot_ws/install/mycobot_pro450_interfaces/include/mycobot_pro450_interfaces/mycobot_pro450_interfaces/msg/detail/mycobot_set_angles__type_support.hpp
[0.839s] -- Up-to-date: /home/amin/cobot/cobot_ws/install/mycobot_pro450_interfaces/include/mycobot_pro450_interfaces/mycobot_pro450_interfaces/msg/detail/mycobot_gripper_status__builder.hpp
[0.839s] -- Up-to-date: /home/amin/cobot/cobot_ws/install/mycobot_pro450_interfaces/include/mycobot_pro450_interfaces/mycobot_pro450_interfaces/msg/detail/mycobot_angles__traits.hpp
[0.840s] -- Up-to-date: /home/amin/cobot/cobot_ws/install/mycobot_pro450_interfaces/include/mycobot_pro450_interfaces/mycobot_pro450_interfaces/msg/detail/mycobot_angles__struct.hpp
[0.840s] -- Up-to-date: /home/amin/cobot/cobot_ws/install/mycobot_pro450_interfaces/include/mycobot_pro450_interfaces/mycobot_pro450_interfaces/msg/detail/mycobot_gripper_status__type_support.hpp
[0.840s] -- Up-to-date: /home/amin/cobot/cobot_ws/install/mycobot_pro450_interfaces/include/mycobot_pro450_interfaces/mycobot_pro450_interfaces/msg/detail/mycobot_coords__type_support.hpp
[0.840s] -- Up-to-date: /home/amin/cobot/cobot_ws/install/mycobot_pro450_interfaces/include/mycobot_pro450_interfaces/mycobot_pro450_interfaces/msg/detail/mycobot_gripper_status__traits.hpp
[0.840s] -- Up-to-date: /home/amin/cobot/cobot_ws/install/mycobot_pro450_interfaces/include/mycobot_pro450_interfaces/mycobot_pro450_interfaces/msg/detail/mycobot_angles__builder.hpp
[0.840s] -- Up-to-date: /home/amin/cobot/cobot_ws/install/mycobot_pro450_interfaces/include/mycobot_pro450_interfaces/mycobot_pro450_interfaces/msg/detail/mycobot_set_angles__builder.hpp
[0.840s] -- Up-to-date: /home/amin/cobot/cobot_ws/install/mycobot_pro450_interfaces/include/mycobot_pro450_interfaces/mycobot_pro450_interfaces/msg/detail/mycobot_coords__builder.hpp
[0.840s] -- Up-to-date: /home/amin/cobot/cobot_ws/install/mycobot_pro450_interfaces/include/mycobot_pro450_interfaces/mycobot_pro450_interfaces/msg/detail/mycobot_set_angles__traits.hpp
[0.840s] -- Up-to-date: /home/amin/cobot/cobot_ws/install/mycobot_pro450_interfaces/include/mycobot_pro450_interfaces/mycobot_pro450_interfaces/msg/detail/mycobot_coords__traits.hpp
[0.840s] -- Up-to-date: /home/amin/cobot/cobot_ws/install/mycobot_pro450_interfaces/include/mycobot_pro450_interfaces/mycobot_pro450_interfaces/msg/detail/mycobot_set_coords__type_support.hpp
[0.840s] -- Up-to-date: /home/amin/cobot/cobot_ws/install/mycobot_pro450_interfaces/include/mycobot_pro450_interfaces/mycobot_pro450_interfaces/msg/detail/mycobot_set_angles__struct.hpp
[0.840s] -- Up-to-date: /home/amin/cobot/cobot_ws/install/mycobot_pro450_interfaces/include/mycobot_pro450_interfaces/mycobot_pro450_interfaces/msg/detail/mycobot_set_coords__builder.hpp
[0.841s] -- Up-to-date: /home/amin/cobot/cobot_ws/install/mycobot_pro450_interfaces/include/mycobot_pro450_interfaces/mycobot_pro450_interfaces/msg/detail/mycobot_angles__type_support.hpp
[0.841s] -- Up-to-date: /home/amin/cobot/cobot_ws/install/mycobot_pro450_interfaces/include/mycobot_pro450_interfaces/mycobot_pro450_interfaces/msg/detail/mycobot_set_coords__struct.hpp
[0.841s] -- Up-to-date: /home/amin/cobot/cobot_ws/install/mycobot_pro450_interfaces/include/mycobot_pro450_interfaces/mycobot_pro450_interfaces/msg/detail/mycobot_set_coords__traits.hpp
[0.841s] -- Up-to-date: /home/amin/cobot/cobot_ws/install/mycobot_pro450_interfaces/include/mycobot_pro450_interfaces/mycobot_pro450_interfaces/msg/mycobot_set_coords.hpp
[0.841s] -- Up-to-date: /home/amin/cobot/cobot_ws/install/mycobot_pro450_interfaces/include/mycobot_pro450_interfaces/mycobot_pro450_interfaces/msg/mycobot_set_angles.hpp
[0.841s] -- Up-to-date: /home/amin/cobot/cobot_ws/install/mycobot_pro450_interfaces/include/mycobot_pro450_interfaces/mycobot_pro450_interfaces/msg/rosidl_generator_cpp__visibility_control.hpp
[0.841s] -- Up-to-date: /home/amin/cobot/cobot_ws/install/mycobot_pro450_interfaces/include/mycobot_pro450_interfaces/mycobot_pro450_interfaces/msg/mycobot_coords.hpp
[0.841s] -- Up-to-date: /home/amin/cobot/cobot_ws/install/mycobot_pro450_interfaces/include/mycobot_pro450_interfaces/mycobot_pro450_interfaces
[0.841s] -- Up-to-date: /home/amin/cobot/cobot_ws/install/mycobot_pro450_interfaces/include/mycobot_pro450_interfaces/mycobot_pro450_interfaces/srv
[0.841s] -- Up-to-date: /home/amin/cobot/cobot_ws/install/mycobot_pro450_interfaces/include/mycobot_pro450_interfaces/mycobot_pro450_interfaces/srv/detail
[0.841s] -- Up-to-date: /home/amin/cobot/cobot_ws/install/mycobot_pro450_interfaces/include/mycobot_pro450_interfaces/mycobot_pro450_interfaces/srv/detail/gripper_status__rosidl_typesupport_fastrtps_cpp.hpp
[0.841s] -- Up-to-date: /home/amin/cobot/cobot_ws/install/mycobot_pro450_interfaces/include/mycobot_pro450_interfaces/mycobot_pro450_interfaces/srv/detail/get_gripper_value__rosidl_typesupport_fastrtps_cpp.hpp
[0.842s] -- Up-to-date: /home/amin/cobot/cobot_ws/install/mycobot_pro450_interfaces/include/mycobot_pro450_interfaces/mycobot_pro450_interfaces/srv/detail/dds_fastrtps
[0.842s] -- Up-to-date: /home/amin/cobot/cobot_ws/install/mycobot_pro450_interfaces/include/mycobot_pro450_interfaces/mycobot_pro450_interfaces/srv/detail/get_angles__rosidl_typesupport_fastrtps_cpp.hpp
[0.842s] -- Up-to-date: /home/amin/cobot/cobot_ws/install/mycobot_pro450_interfaces/include/mycobot_pro450_interfaces/mycobot_pro450_interfaces/srv/detail/set_coords__rosidl_typesupport_fastrtps_cpp.hpp
[0.842s] -- Up-to-date: /home/amin/cobot/cobot_ws/install/mycobot_pro450_interfaces/include/mycobot_pro450_interfaces/mycobot_pro450_interfaces/srv/detail/get_coords__rosidl_typesupport_fastrtps_cpp.hpp
[0.842s] -- Up-to-date: /home/amin/cobot/cobot_ws/install/mycobot_pro450_interfaces/include/mycobot_pro450_interfaces/mycobot_pro450_interfaces/srv/detail/set_angles__rosidl_typesupport_fastrtps_cpp.hpp
[0.842s] -- Up-to-date: /home/amin/cobot/cobot_ws/install/mycobot_pro450_interfaces/include/mycobot_pro450_interfaces/mycobot_pro450_interfaces/msg
[0.842s] -- Up-to-date: /home/amin/cobot/cobot_ws/install/mycobot_pro450_interfaces/include/mycobot_pro450_interfaces/mycobot_pro450_interfaces/msg/detail
[0.842s] -- Up-to-date: /home/amin/cobot/cobot_ws/install/mycobot_pro450_interfaces/include/mycobot_pro450_interfaces/mycobot_pro450_interfaces/msg/detail/dds_fastrtps
[0.842s] -- Up-to-date: /home/amin/cobot/cobot_ws/install/mycobot_pro450_interfaces/include/mycobot_pro450_interfaces/mycobot_pro450_interfaces/msg/detail/mycobot_angles__rosidl_typesupport_fastrtps_cpp.hpp
[0.842s] -- Up-to-date: /home/amin/cobot/cobot_ws/install/mycobot_pro450_interfaces/include/mycobot_pro450_interfaces/mycobot_pro450_interfaces/msg/detail/mycobot_set_angles__rosidl_typesupport_fastrtps_cpp.hpp
[0.842s] -- Up-to-date: /home/amin/cobot/cobot_ws/install/mycobot_pro450_interfaces/include/mycobot_pro450_interfaces/mycobot_pro450_interfaces/msg/detail/mycobot_coords__rosidl_typesupport_fastrtps_cpp.hpp
[0.843s] -- Up-to-date: /home/amin/cobot/cobot_ws/install/mycobot_pro450_interfaces/include/mycobot_pro450_interfaces/mycobot_pro450_interfaces/msg/detail/mycobot_gripper_status__rosidl_typesupport_fastrtps_cpp.hpp
[0.843s] -- Up-to-date: /home/amin/cobot/cobot_ws/install/mycobot_pro450_interfaces/include/mycobot_pro450_interfaces/mycobot_pro450_interfaces/msg/detail/mycobot_set_coords__rosidl_typesupport_fastrtps_cpp.hpp
[0.843s] -- Up-to-date: /home/amin/cobot/cobot_ws/install/mycobot_pro450_interfaces/include/mycobot_pro450_interfaces/mycobot_pro450_interfaces/msg/rosidl_typesupport_fastrtps_cpp__visibility_control.h
[0.843s] -- Up-to-date: /home/amin/cobot/cobot_ws/install/mycobot_pro450_interfaces/lib/libmycobot_pro450_interfaces__rosidl_typesupport_fastrtps_cpp.so
[0.843s] -- Up-to-date: /home/amin/cobot/cobot_ws/install/mycobot_pro450_interfaces/include/mycobot_pro450_interfaces/mycobot_pro450_interfaces
[0.843s] -- Up-to-date: /home/amin/cobot/cobot_ws/install/mycobot_pro450_interfaces/include/mycobot_pro450_interfaces/mycobot_pro450_interfaces/srv
[0.843s] -- Up-to-date: /home/amin/cobot/cobot_ws/install/mycobot_pro450_interfaces/include/mycobot_pro450_interfaces/mycobot_pro450_interfaces/srv/detail
[0.843s] -- Up-to-date: /home/amin/cobot/cobot_ws/install/mycobot_pro450_interfaces/include/mycobot_pro450_interfaces/mycobot_pro450_interfaces/srv/detail/set_coords__type_support.cpp
[0.843s] -- Up-to-date: /home/amin/cobot/cobot_ws/install/mycobot_pro450_interfaces/include/mycobot_pro450_interfaces/mycobot_pro450_interfaces/srv/detail/gripper_status__type_support.cpp
[0.843s] -- Up-to-date: /home/amin/cobot/cobot_ws/install/mycobot_pro450_interfaces/include/mycobot_pro450_interfaces/mycobot_pro450_interfaces/srv/detail/gripper_status__rosidl_typesupport_introspection_cpp.hpp
[0.843s] -- Up-to-date: /home/amin/cobot/cobot_ws/install/mycobot_pro450_interfaces/include/mycobot_pro450_interfaces/mycobot_pro450_interfaces/srv/detail/get_coords__type_support.cpp
[0.843s] -- Up-to-date: /home/amin/cobot/cobot_ws/install/mycobot_pro450_interfaces/include/mycobot_pro450_interfaces/mycobot_pro450_interfaces/srv/detail/get_gripper_value__rosidl_typesupport_introspection_cpp.hpp
[0.843s] -- Up-to-date: /home/amin/cobot/cobot_ws/install/mycobot_pro450_interfaces/include/mycobot_pro450_interfaces/mycobot_pro450_interfaces/srv/detail/set_angles__rosidl_typesupport_introspection_cpp.hpp
[0.844s] -- Up-to-date: /home/amin/cobot/cobot_ws/install/mycobot_pro450_interfaces/include/mycobot_pro450_interfaces/mycobot_pro450_interfaces/srv/detail/set_angles__type_support.cpp
[0.844s] -- Up-to-date: /home/amin/cobot/cobot_ws/install/mycobot_pro450_interfaces/include/mycobot_pro450_interfaces/mycobot_pro450_interfaces/srv/detail/get_angles__type_support.cpp
[0.844s] -- Up-to-date: /home/amin/cobot/cobot_ws/install/mycobot_pro450_interfaces/include/mycobot_pro450_interfaces/mycobot_pro450_interfaces/srv/detail/get_gripper_value__type_support.cpp
[0.844s] -- Up-to-date: /home/amin/cobot/cobot_ws/install/mycobot_pro450_interfaces/include/mycobot_pro450_interfaces/mycobot_pro450_interfaces/srv/detail/get_angles__rosidl_typesupport_introspection_cpp.hpp
[0.844s] -- Up-to-date: /home/amin/cobot/cobot_ws/install/mycobot_pro450_interfaces/include/mycobot_pro450_interfaces/mycobot_pro450_interfaces/srv/detail/set_coords__rosidl_typesupport_introspection_cpp.hpp
[0.844s] -- Up-to-date: /home/amin/cobot/cobot_ws/install/mycobot_pro450_interfaces/include/mycobot_pro450_interfaces/mycobot_pro450_interfaces/srv/detail/get_coords__rosidl_typesupport_introspection_cpp.hpp
[0.844s] -- Up-to-date: /home/amin/cobot/cobot_ws/install/mycobot_pro450_interfaces/include/mycobot_pro450_interfaces/mycobot_pro450_interfaces/msg
[0.844s] -- Up-to-date: /home/amin/cobot/cobot_ws/install/mycobot_pro450_interfaces/include/mycobot_pro450_interfaces/mycobot_pro450_interfaces/msg/detail
[0.844s] -- Up-to-date: /home/amin/cobot/cobot_ws/install/mycobot_pro450_interfaces/include/mycobot_pro450_interfaces/mycobot_pro450_interfaces/msg/detail/mycobot_angles__type_support.cpp
[0.844s] -- Up-to-date: /home/amin/cobot/cobot_ws/install/mycobot_pro450_interfaces/include/mycobot_pro450_interfaces/mycobot_pro450_interfaces/msg/detail/mycobot_set_angles__type_support.cpp
[0.844s] -- Up-to-date: /home/amin/cobot/cobot_ws/install/mycobot_pro450_interfaces/include/mycobot_pro450_interfaces/mycobot_pro450_interfaces/msg/detail/mycobot_coords__type_support.cpp
[0.844s] -- Up-to-date: /home/amin/cobot/cobot_ws/install/mycobot_pro450_interfaces/include/mycobot_pro450_interfaces/mycobot_pro450_interfaces/msg/detail/mycobot_angles__rosidl_typesupport_introspection_cpp.hpp
[0.844s] -- Up-to-date: /home/amin/cobot/cobot_ws/install/mycobot_pro450_interfaces/include/mycobot_pro450_interfaces/mycobot_pro450_interfaces/msg/detail/mycobot_set_coords__type_support.cpp
[0.845s] -- Up-to-date: /home/amin/cobot/cobot_ws/install/mycobot_pro450_interfaces/include/mycobot_pro450_interfaces/mycobot_pro450_interfaces/msg/detail/mycobot_gripper_status__type_support.cpp
[0.845s] -- Up-to-date: /home/amin/cobot/cobot_ws/install/mycobot_pro450_interfaces/include/mycobot_pro450_interfaces/mycobot_pro450_interfaces/msg/detail/mycobot_set_coords__rosidl_typesupport_introspection_cpp.hpp
[0.845s] -- Up-to-date: /home/amin/cobot/cobot_ws/install/mycobot_pro450_interfaces/include/mycobot_pro450_interfaces/mycobot_pro450_interfaces/msg/detail/mycobot_set_angles__rosidl_typesupport_introspection_cpp.hpp
[0.845s] -- Up-to-date: /home/amin/cobot/cobot_ws/install/mycobot_pro450_interfaces/include/mycobot_pro450_interfaces/mycobot_pro450_interfaces/msg/detail/mycobot_coords__rosidl_typesupport_introspection_cpp.hpp
[0.845s] -- Up-to-date: /home/amin/cobot/cobot_ws/install/mycobot_pro450_interfaces/include/mycobot_pro450_interfaces/mycobot_pro450_interfaces/msg/detail/mycobot_gripper_status__rosidl_typesupport_introspection_cpp.hpp
[0.845s] -- Up-to-date: /home/amin/cobot/cobot_ws/install/mycobot_pro450_interfaces/lib/libmycobot_pro450_interfaces__rosidl_typesupport_introspection_cpp.so
[0.845s] -- Up-to-date: /home/amin/cobot/cobot_ws/install/mycobot_pro450_interfaces/lib/libmycobot_pro450_interfaces__rosidl_typesupport_cpp.so
[0.845s] -- Up-to-date: /home/amin/cobot/cobot_ws/install/mycobot_pro450_interfaces/share/mycobot_pro450_interfaces/environment/pythonpath.sh
[0.845s] -- Up-to-date: /home/amin/cobot/cobot_ws/install/mycobot_pro450_interfaces/share/mycobot_pro450_interfaces/environment/pythonpath.dsv
[0.845s] -- Up-to-date: /home/amin/cobot/cobot_ws/install/mycobot_pro450_interfaces/lib/python3.12/site-packages/mycobot_pro450_interfaces-1.0.0-py3.12.egg-info
[0.845s] -- Installing: /home/amin/cobot/cobot_ws/install/mycobot_pro450_interfaces/lib/python3.12/site-packages/mycobot_pro450_interfaces-1.0.0-py3.12.egg-info/SOURCES.txt
[0.845s] -- Installing: /home/amin/cobot/cobot_ws/install/mycobot_pro450_interfaces/lib/python3.12/site-packages/mycobot_pro450_interfaces-1.0.0-py3.12.egg-info/PKG-INFO
[0.846s] -- Installing: /home/amin/cobot/cobot_ws/install/mycobot_pro450_interfaces/lib/python3.12/site-packages/mycobot_pro450_interfaces-1.0.0-py3.12.egg-info/top_level.txt
[0.846s] -- Installing: /home/amin/cobot/cobot_ws/install/mycobot_pro450_interfaces/lib/python3.12/site-packages/mycobot_pro450_interfaces-1.0.0-py3.12.egg-info/dependency_links.txt
[0.846s] -- Up-to-date: /home/amin/cobot/cobot_ws/install/mycobot_pro450_interfaces/lib/python3.12/site-packages/mycobot_pro450_interfaces
[0.846s] -- Up-to-date: /home/amin/cobot/cobot_ws/install/mycobot_pro450_interfaces/lib/python3.12/site-packages/mycobot_pro450_interfaces/__init__.py
[0.846s] -- Up-to-date: /home/amin/cobot/cobot_ws/install/mycobot_pro450_interfaces/lib/python3.12/site-packages/mycobot_pro450_interfaces/srv
[0.846s] -- Up-to-date: /home/amin/cobot/cobot_ws/install/mycobot_pro450_interfaces/lib/python3.12/site-packages/mycobot_pro450_interfaces/srv/_get_coords_s.c
[0.846s] -- Up-to-date: /home/amin/cobot/cobot_ws/install/mycobot_pro450_interfaces/lib/python3.12/site-packages/mycobot_pro450_interfaces/srv/_get_angles_s.c
[0.846s] -- Up-to-date: /home/amin/cobot/cobot_ws/install/mycobot_pro450_interfaces/lib/python3.12/site-packages/mycobot_pro450_interfaces/srv/_get_angles.py
[0.846s] -- Up-to-date: /home/amin/cobot/cobot_ws/install/mycobot_pro450_interfaces/lib/python3.12/site-packages/mycobot_pro450_interfaces/srv/_set_angles.py
[0.846s] -- Up-to-date: /home/amin/cobot/cobot_ws/install/mycobot_pro450_interfaces/lib/python3.12/site-packages/mycobot_pro450_interfaces/srv/_set_coords.py
[0.846s] -- Up-to-date: /home/amin/cobot/cobot_ws/install/mycobot_pro450_interfaces/lib/python3.12/site-packages/mycobot_pro450_interfaces/srv/__init__.py
[0.846s] -- Up-to-date: /home/amin/cobot/cobot_ws/install/mycobot_pro450_interfaces/lib/python3.12/site-packages/mycobot_pro450_interfaces/srv/_get_gripper_value_s.c
[0.847s] -- Up-to-date: /home/amin/cobot/cobot_ws/install/mycobot_pro450_interfaces/lib/python3.12/site-packages/mycobot_pro450_interfaces/srv/_get_coords.py
[0.847s] -- Up-to-date: /home/amin/cobot/cobot_ws/install/mycobot_pro450_interfaces/lib/python3.12/site-packages/mycobot_pro450_interfaces/srv/_gripper_status_s.c
[0.847s] -- Up-to-date: /home/amin/cobot/cobot_ws/install/mycobot_pro450_interfaces/lib/python3.12/site-packages/mycobot_pro450_interfaces/srv/_gripper_status.py
[0.847s] -- Up-to-date: /home/amin/cobot/cobot_ws/install/mycobot_pro450_interfaces/lib/python3.12/site-packages/mycobot_pro450_interfaces/srv/_set_coords_s.c
[0.847s] -- Up-to-date: /home/amin/cobot/cobot_ws/install/mycobot_pro450_interfaces/lib/python3.12/site-packages/mycobot_pro450_interfaces/srv/_set_angles_s.c
[0.847s] -- Up-to-date: /home/amin/cobot/cobot_ws/install/mycobot_pro450_interfaces/lib/python3.12/site-packages/mycobot_pro450_interfaces/srv/_get_gripper_value.py
[0.847s] -- Up-to-date: /home/amin/cobot/cobot_ws/install/mycobot_pro450_interfaces/lib/python3.12/site-packages/mycobot_pro450_interfaces/_mycobot_pro450_interfaces_s.ep.rosidl_typesupport_c.c
[0.847s] -- Up-to-date: /home/amin/cobot/cobot_ws/install/mycobot_pro450_interfaces/lib/python3.12/site-packages/mycobot_pro450_interfaces/mycobot_pro450_interfaces_s__rosidl_typesupport_fastrtps_c.so
[0.847s] -- Up-to-date: /home/amin/cobot/cobot_ws/install/mycobot_pro450_interfaces/lib/python3.12/site-packages/mycobot_pro450_interfaces/mycobot_pro450_interfaces_s__rosidl_typesupport_c.so
[0.847s] -- Up-to-date: /home/amin/cobot/cobot_ws/install/mycobot_pro450_interfaces/lib/python3.12/site-packages/mycobot_pro450_interfaces/mycobot_pro450_interfaces_s__rosidl_typesupport_introspection_c.so
[0.847s] -- Up-to-date: /home/amin/cobot/cobot_ws/install/mycobot_pro450_interfaces/lib/python3.12/site-packages/mycobot_pro450_interfaces/_mycobot_pro450_interfaces_s.ep.rosidl_typesupport_fastrtps_c.c
[0.847s] -- Up-to-date: /home/amin/cobot/cobot_ws/install/mycobot_pro450_interfaces/lib/python3.12/site-packages/mycobot_pro450_interfaces/msg
[0.848s] -- Up-to-date: /home/amin/cobot/cobot_ws/install/mycobot_pro450_interfaces/lib/python3.12/site-packages/mycobot_pro450_interfaces/msg/_mycobot_set_angles_s.c
[0.848s] -- Up-to-date: /home/amin/cobot/cobot_ws/install/mycobot_pro450_interfaces/lib/python3.12/site-packages/mycobot_pro450_interfaces/msg/__init__.py
[0.848s] -- Up-to-date: /home/amin/cobot/cobot_ws/install/mycobot_pro450_interfaces/lib/python3.12/site-packages/mycobot_pro450_interfaces/msg/_mycobot_gripper_status.py
[0.848s] -- Up-to-date: /home/amin/cobot/cobot_ws/install/mycobot_pro450_interfaces/lib/python3.12/site-packages/mycobot_pro450_interfaces/msg/_mycobot_set_angles.py
[0.848s] -- Up-to-date: /home/amin/cobot/cobot_ws/install/mycobot_pro450_interfaces/lib/python3.12/site-packages/mycobot_pro450_interfaces/msg/_mycobot_set_coords_s.c
[0.848s] -- Up-to-date: /home/amin/cobot/cobot_ws/install/mycobot_pro450_interfaces/lib/python3.12/site-packages/mycobot_pro450_interfaces/msg/_mycobot_coords_s.c
[0.848s] -- Up-to-date: /home/amin/cobot/cobot_ws/install/mycobot_pro450_interfaces/lib/python3.12/site-packages/mycobot_pro450_interfaces/msg/_mycobot_angles_s.c
[0.848s] -- Up-to-date: /home/amin/cobot/cobot_ws/install/mycobot_pro450_interfaces/lib/python3.12/site-packages/mycobot_pro450_interfaces/msg/_mycobot_set_coords.py
[0.848s] -- Up-to-date: /home/amin/cobot/cobot_ws/install/mycobot_pro450_interfaces/lib/python3.12/site-packages/mycobot_pro450_interfaces/msg/_mycobot_coords.py
[0.848s] -- Up-to-date: /home/amin/cobot/cobot_ws/install/mycobot_pro450_interfaces/lib/python3.12/site-packages/mycobot_pro450_interfaces/msg/_mycobot_angles.py
[0.848s] -- Up-to-date: /home/amin/cobot/cobot_ws/install/mycobot_pro450_interfaces/lib/python3.12/site-packages/mycobot_pro450_interfaces/msg/_mycobot_gripper_status_s.c
[0.848s] -- Up-to-date: /home/amin/cobot/cobot_ws/install/mycobot_pro450_interfaces/lib/python3.12/site-packages/mycobot_pro450_interfaces/_mycobot_pro450_interfaces_s.ep.rosidl_typesupport_introspection_c.c
[0.882s] Listing '/home/amin/cobot/cobot_ws/install/mycobot_pro450_interfaces/lib/python3.12/site-packages/mycobot_pro450_interfaces'...
[0.882s] Listing '/home/amin/cobot/cobot_ws/install/mycobot_pro450_interfaces/lib/python3.12/site-packages/mycobot_pro450_interfaces/msg'...
[0.882s] Listing '/home/amin/cobot/cobot_ws/install/mycobot_pro450_interfaces/lib/python3.12/site-packages/mycobot_pro450_interfaces/srv'...
[0.891s] -- Up-to-date: /home/amin/cobot/cobot_ws/install/mycobot_pro450_interfaces/lib/python3.12/site-packages/mycobot_pro450_interfaces/mycobot_pro450_interfaces_s__rosidl_typesupport_fastrtps_c.so
[0.891s] -- Up-to-date: /home/amin/cobot/cobot_ws/install/mycobot_pro450_interfaces/lib/python3.12/site-packages/mycobot_pro450_interfaces/mycobot_pro450_interfaces_s__rosidl_typesupport_introspection_c.so
[0.892s] -- Up-to-date: /home/amin/cobot/cobot_ws/install/mycobot_pro450_interfaces/lib/python3.12/site-packages/mycobot_pro450_interfaces/mycobot_pro450_interfaces_s__rosidl_typesupport_c.so
[0.892s] -- Up-to-date: /home/amin/cobot/cobot_ws/install/mycobot_pro450_interfaces/lib/libmycobot_pro450_interfaces__rosidl_generator_py.so
[0.893s] -- Up-to-date: /home/amin/cobot/cobot_ws/install/mycobot_pro450_interfaces/share/mycobot_pro450_interfaces/msg/MycobotAngles.idl
[0.893s] -- Up-to-date: /home/amin/cobot/cobot_ws/install/mycobot_pro450_interfaces/share/mycobot_pro450_interfaces/msg/MycobotCoords.idl
[0.893s] -- Up-to-date: /home/amin/cobot/cobot_ws/install/mycobot_pro450_interfaces/share/mycobot_pro450_interfaces/msg/MycobotSetAngles.idl
[0.893s] -- Up-to-date: /home/amin/cobot/cobot_ws/install/mycobot_pro450_interfaces/share/mycobot_pro450_interfaces/msg/MycobotSetCoords.idl
[0.893s] -- Up-to-date: /home/amin/cobot/cobot_ws/install/mycobot_pro450_interfaces/share/mycobot_pro450_interfaces/msg/MycobotGripperStatus.idl
[0.894s] -- Up-to-date: /home/amin/cobot/cobot_ws/install/mycobot_pro450_interfaces/share/mycobot_pro450_interfaces/srv/GetAngles.idl
[0.894s] -- Up-to-date: /home/amin/cobot/cobot_ws/install/mycobot_pro450_interfaces/share/mycobot_pro450_interfaces/srv/SetAngles.idl
[0.894s] -- Up-to-date: /home/amin/cobot/cobot_ws/install/mycobot_pro450_interfaces/share/mycobot_pro450_interfaces/srv/GetCoords.idl
[0.895s] -- Up-to-date: /home/amin/cobot/cobot_ws/install/mycobot_pro450_interfaces/share/mycobot_pro450_interfaces/srv/SetCoords.idl
[0.895s] -- Up-to-date: /home/amin/cobot/cobot_ws/install/mycobot_pro450_interfaces/share/mycobot_pro450_interfaces/srv/GripperStatus.idl
[0.895s] -- Up-to-date: /home/amin/cobot/cobot_ws/install/mycobot_pro450_interfaces/share/mycobot_pro450_interfaces/srv/GetGripperValue.idl
[0.895s] -- Up-to-date: /home/amin/cobot/cobot_ws/install/mycobot_pro450_interfaces/share/mycobot_pro450_interfaces/msg/MycobotAngles.msg
[0.895s] -- Up-to-date: /home/amin/cobot/cobot_ws/install/mycobot_pro450_interfaces/share/mycobot_pro450_interfaces/msg/MycobotCoords.msg
[0.895s] -- Up-to-date: /home/amin/cobot/cobot_ws/install/mycobot_pro450_interfaces/share/mycobot_pro450_interfaces/msg/MycobotSetAngles.msg
[0.895s] -- Up-to-date: /home/amin/cobot/cobot_ws/install/mycobot_pro450_interfaces/share/mycobot_pro450_interfaces/msg/MycobotSetCoords.msg
[0.895s] -- Up-to-date: /home/amin/cobot/cobot_ws/install/mycobot_pro450_interfaces/share/mycobot_pro450_interfaces/msg/MycobotGripperStatus.msg
[0.895s] -- Up-to-date: /home/amin/cobot/cobot_ws/install/mycobot_pro450_interfaces/share/mycobot_pro450_interfaces/srv/GetAngles.srv
[0.895s] -- Up-to-date: /home/amin/cobot/cobot_ws/install/mycobot_pro450_interfaces/share/mycobot_pro450_interfaces/srv/SetAngles.srv
[0.895s] -- Up-to-date: /home/amin/cobot/cobot_ws/install/mycobot_pro450_interfaces/share/mycobot_pro450_interfaces/srv/GetCoords.srv
[0.895s] -- Up-to-date: /home/amin/cobot/cobot_ws/install/mycobot_pro450_interfaces/share/mycobot_pro450_interfaces/srv/SetCoords.srv
[0.896s] -- Up-to-date: /home/amin/cobot/cobot_ws/install/mycobot_pro450_interfaces/share/mycobot_pro450_interfaces/srv/GripperStatus.srv
[0.896s] -- Up-to-date: /home/amin/cobot/cobot_ws/install/mycobot_pro450_interfaces/share/mycobot_pro450_interfaces/srv/GetGripperValue.srv
[0.896s] -- Up-to-date: /home/amin/cobot/cobot_ws/install/mycobot_pro450_interfaces/share/ament_index/resource_index/package_run_dependencies/mycobot_pro450_interfaces
[0.896s] -- Up-to-date: /home/amin/cobot/cobot_ws/install/mycobot_pro450_interfaces/share/ament_index/resource_index/parent_prefix_path/mycobot_pro450_interfaces
[0.896s] -- Up-to-date: /home/amin/cobot/cobot_ws/install/mycobot_pro450_interfaces/share/mycobot_pro450_interfaces/environment/ament_prefix_path.sh
[0.896s] -- Up-to-date: /home/amin/cobot/cobot_ws/install/mycobot_pro450_interfaces/share/mycobot_pro450_interfaces/environment/ament_prefix_path.dsv
[0.896s] -- Up-to-date: /home/amin/cobot/cobot_ws/install/mycobot_pro450_interfaces/share/mycobot_pro450_interfaces/environment/path.sh
[0.896s] -- Up-to-date: /home/amin/cobot/cobot_ws/install/mycobot_pro450_interfaces/share/mycobot_pro450_interfaces/environment/path.dsv
[0.896s] -- Up-to-date: /home/amin/cobot/cobot_ws/install/mycobot_pro450_interfaces/share/mycobot_pro450_interfaces/local_setup.bash
[0.896s] -- Up-to-date: /home/amin/cobot/cobot_ws/install/mycobot_pro450_interfaces/share/mycobot_pro450_interfaces/local_setup.sh
[0.896s] -- Up-to-date: /home/amin/cobot/cobot_ws/install/mycobot_pro450_interfaces/share/mycobot_pro450_interfaces/local_setup.zsh
[0.896s] -- Up-to-date: /home/amin/cobot/cobot_ws/install/mycobot_pro450_interfaces/share/mycobot_pro450_interfaces/local_setup.dsv
[0.897s] -- Installing: /home/amin/cobot/cobot_ws/install/mycobot_pro450_interfaces/share/mycobot_pro450_interfaces/package.dsv
[0.897s] -- Up-to-date: /home/amin/cobot/cobot_ws/install/mycobot_pro450_interfaces/share/ament_index/resource_index/packages/mycobot_pro450_interfaces
[0.897s] -- Up-to-date: /home/amin/cobot/cobot_ws/install/mycobot_pro450_interfaces/share/mycobot_pro450_interfaces/cmake/export_mycobot_pro450_interfaces__rosidl_generator_cExport.cmake
[0.897s] -- Up-to-date: /home/amin/cobot/cobot_ws/install/mycobot_pro450_interfaces/share/mycobot_pro450_interfaces/cmake/export_mycobot_pro450_interfaces__rosidl_generator_cExport-noconfig.cmake
[0.897s] -- Up-to-date: /home/amin/cobot/cobot_ws/install/mycobot_pro450_interfaces/share/mycobot_pro450_interfaces/cmake/export_mycobot_pro450_interfaces__rosidl_typesupport_fastrtps_cExport.cmake
[0.897s] -- Up-to-date: /home/amin/cobot/cobot_ws/install/mycobot_pro450_interfaces/share/mycobot_pro450_interfaces/cmake/export_mycobot_pro450_interfaces__rosidl_typesupport_fastrtps_cExport-noconfig.cmake
[0.897s] -- Up-to-date: /home/amin/cobot/cobot_ws/install/mycobot_pro450_interfaces/share/mycobot_pro450_interfaces/cmake/mycobot_pro450_interfaces__rosidl_typesupport_introspection_cExport.cmake
[0.897s] -- Up-to-date: /home/amin/cobot/cobot_ws/install/mycobot_pro450_interfaces/share/mycobot_pro450_interfaces/cmake/mycobot_pro450_interfaces__rosidl_typesupport_introspection_cExport-noconfig.cmake
[0.897s] -- Up-to-date: /home/amin/cobot/cobot_ws/install/mycobot_pro450_interfaces/share/mycobot_pro450_interfaces/cmake/mycobot_pro450_interfaces__rosidl_typesupport_cExport.cmake
[0.898s] -- Up-to-date: /home/amin/cobot/cobot_ws/install/mycobot_pro450_interfaces/share/mycobot_pro450_interfaces/cmake/mycobot_pro450_interfaces__rosidl_typesupport_cExport-noconfig.cmake
[0.898s] -- Up-to-date: /home/amin/cobot/cobot_ws/install/mycobot_pro450_interfaces/share/mycobot_pro450_interfaces/cmake/export_mycobot_pro450_interfaces__rosidl_generator_cppExport.cmake
[0.898s] -- Up-to-date: /home/amin/cobot/cobot_ws/install/mycobot_pro450_interfaces/share/mycobot_pro450_interfaces/cmake/export_mycobot_pro450_interfaces__rosidl_typesupport_fastrtps_cppExport.cmake
[0.898s] -- Up-to-date: /home/amin/cobot/cobot_ws/install/mycobot_pro450_interfaces/share/mycobot_pro450_interfaces/cmake/export_mycobot_pro450_interfaces__rosidl_typesupport_fastrtps_cppExport-noconfig.cmake
[0.898s] -- Up-to-date: /home/amin/cobot/cobot_ws/install/mycobot_pro450_interfaces/share/mycobot_pro450_interfaces/cmake/mycobot_pro450_interfaces__rosidl_typesupport_introspection_cppExport.cmake
[0.898s] -- Up-to-date: /home/amin/cobot/cobot_ws/install/mycobot_pro450_interfaces/share/mycobot_pro450_interfaces/cmake/mycobot_pro450_interfaces__rosidl_typesupport_introspection_cppExport-noconfig.cmake
[0.898s] -- Up-to-date: /home/amin/cobot/cobot_ws/install/mycobot_pro450_interfaces/share/mycobot_pro450_interfaces/cmake/mycobot_pro450_interfaces__rosidl_typesupport_cppExport.cmake
[0.898s] -- Up-to-date: /home/amin/cobot/cobot_ws/install/mycobot_pro450_interfaces/share/mycobot_pro450_interfaces/cmake/mycobot_pro450_interfaces__rosidl_typesupport_cppExport-noconfig.cmake
[0.898s] -- Up-to-date: /home/amin/cobot/cobot_ws/install/mycobot_pro450_interfaces/share/mycobot_pro450_interfaces/cmake/export_mycobot_pro450_interfaces__rosidl_generator_pyExport.cmake
[0.898s] -- Up-to-date: /home/amin/cobot/cobot_ws/install/mycobot_pro450_interfaces/share/mycobot_pro450_interfaces/cmake/export_mycobot_pro450_interfaces__rosidl_generator_pyExport-noconfig.cmake
[0.899s] -- Up-to-date: /home/amin/cobot/cobot_ws/install/mycobot_pro450_interfaces/share/mycobot_pro450_interfaces/cmake/rosidl_cmake-extras.cmake
[0.899s] -- Up-to-date: /home/amin/cobot/cobot_ws/install/mycobot_pro450_interfaces/share/mycobot_pro450_interfaces/cmake/ament_cmake_export_dependencies-extras.cmake
[0.899s] -- Up-to-date: /home/amin/cobot/cobot_ws/install/mycobot_pro450_interfaces/share/mycobot_pro450_interfaces/cmake/ament_cmake_export_include_directories-extras.cmake
[0.899s] -- Up-to-date: /home/amin/cobot/cobot_ws/install/mycobot_pro450_interfaces/share/mycobot_pro450_interfaces/cmake/ament_cmake_export_libraries-extras.cmake
[0.899s] -- Up-to-date: /home/amin/cobot/cobot_ws/install/mycobot_pro450_interfaces/share/mycobot_pro450_interfaces/cmake/ament_cmake_export_targets-extras.cmake
[0.899s] -- Up-to-date: /home/amin/cobot/cobot_ws/install/mycobot_pro450_interfaces/share/mycobot_pro450_interfaces/cmake/rosidl_cmake_export_typesupport_targets-extras.cmake
[0.899s] -- Up-to-date: /home/amin/cobot/cobot_ws/install/mycobot_pro450_interfaces/share/mycobot_pro450_interfaces/cmake/rosidl_cmake_export_typesupport_libraries-extras.cmake
[0.899s] -- Up-to-date: /home/amin/cobot/cobot_ws/install/mycobot_pro450_interfaces/share/mycobot_pro450_interfaces/cmake/mycobot_pro450_interfacesConfig.cmake
[0.899s] -- Up-to-date: /home/amin/cobot/cobot_ws/install/mycobot_pro450_interfaces/share/mycobot_pro450_interfaces/cmake/mycobot_pro450_interfacesConfig-version.cmake
[0.899s] -- Up-to-date: /home/amin/cobot/cobot_ws/install/mycobot_pro450_interfaces/share/mycobot_pro450_interfaces/package.xml
[0.926s] Invoked command in '/home/amin/cobot/cobot_ws/build/mycobot_pro450_interfaces' returned '0': CMAKE_PREFIX_PATH=${CMAKE_PREFIX_PATH}:/home/amin/cobot/cobot_ws/install/ultraarm:/home/amin/cobot/cobot_ws/install/pro450_moveit2_control:/home/amin/cobot/cobot_ws/install/mypalletizer_communication:/home/amin/cobot/cobot_ws/install/mypalletizer_260_pi:/home/amin/cobot/cobot_ws/install/mypalletizer_260:/home/amin/cobot/cobot_ws/install/mycobot_pro_450:/home/amin/cobot/cobot_ws/install/myarm_m750:/home/amin/cobot/cobot_ws/install/myarm_c650:/home/amin/cobot/cobot_ws/install/mycobot_communication:/home/amin/cobot/cobot_ws/install/mecharm_communication:/home/amin/cobot/cobot_ws/install/mycobot_630:/home/amin/cobot/cobot_ws/install/mycobot_600:/home/amin/cobot/cobot_ws/install/mycobot_320pi:/home/amin/cobot/cobot_ws/install/mycobot_320_riscv:/home/amin/cobot/cobot_ws/install/mycobot_320:/home/amin/cobot/cobot_ws/install/mycobot_280pi:/home/amin/cobot/cobot_ws/install/mycobot_280jn:/home/amin/cobot/cobot_ws/install/mycobot_280_x3pi:/home/amin/cobot/cobot_ws/install/mycobot_280_riscv:/home/amin/cobot/cobot_ws/install/mycobot_280_rdkx5:/home/amin/cobot/cobot_ws/install/mycobot_280_moveit2_control:/home/amin/cobot/cobot_ws/install/mycobot_280_arduino:/home/amin/cobot/cobot_ws/install/mycobot_280:/home/amin/cobot/cobot_ws/install/mybuddy:/home/amin/cobot/cobot_ws/install/myarm_300:/home/amin/cobot/cobot_ws/install/mecharm_pi:/home/amin/cobot/cobot_ws/install/mecharm:/home/amin/cobot/cobot_ws/install/mycobot_description:/opt/ros/jazzy DEBUGINFOD_URLS=https://debuginfod.ubuntu.com /usr/bin/cmake --install /home/amin/cobot/cobot_ws/build/mycobot_pro450_interfaces
