[0.212s] Invoking command in '/home/amin/cobot/cobot_ws/build/mycobot_pro450_interfaces': CMAKE_PREFIX_PATH=${CMAKE_PREFIX_PATH}:/home/amin/cobot/cobot_ws/install/ultraarm:/home/amin/cobot/cobot_ws/install/pro450_moveit2_control:/home/amin/cobot/cobot_ws/install/mypalletizer_communication:/home/amin/cobot/cobot_ws/install/mypalletizer_260_pi:/home/amin/cobot/cobot_ws/install/mypalletizer_260:/home/amin/cobot/cobot_ws/install/mycobot_pro_450:/home/amin/cobot/cobot_ws/install/myarm_m750:/home/amin/cobot/cobot_ws/install/myarm_c650:/home/amin/cobot/cobot_ws/install/mycobot_communication:/home/amin/cobot/cobot_ws/install/mecharm_communication:/home/amin/cobot/cobot_ws/install/mycobot_630:/home/amin/cobot/cobot_ws/install/mycobot_600:/home/amin/cobot/cobot_ws/install/mycobot_320pi:/home/amin/cobot/cobot_ws/install/mycobot_320_riscv:/home/amin/cobot/cobot_ws/install/mycobot_320:/home/amin/cobot/cobot_ws/install/mycobot_280pi:/home/amin/cobot/cobot_ws/install/mycobot_280jn:/home/amin/cobot/cobot_ws/install/mycobot_280_x3pi:/home/amin/cobot/cobot_ws/install/mycobot_280_riscv:/home/amin/cobot/cobot_ws/install/mycobot_280_rdkx5:/home/amin/cobot/cobot_ws/install/mycobot_280_moveit2_control:/home/amin/cobot/cobot_ws/install/mycobot_280_arduino:/home/amin/cobot/cobot_ws/install/mycobot_280:/home/amin/cobot/cobot_ws/install/mybuddy:/home/amin/cobot/cobot_ws/install/myarm_300:/home/amin/cobot/cobot_ws/install/mecharm_pi:/home/amin/cobot/cobot_ws/install/mecharm:/home/amin/cobot/cobot_ws/install/mycobot_description:/opt/ros/jazzy DEBUGINFOD_URLS=https://debuginfod.ubuntu.com /usr/bin/cmake --build /home/amin/cobot/cobot_ws/build/mycobot_pro450_interfaces -- -j8 -l8
[0.263s] [  1%] Built target mycobot_pro450_interfaces__rosidl_generator_type_description
[0.290s] [  1%] Built target ament_cmake_python_copy_mycobot_pro450_interfaces
[0.312s] [  1%] Built target mycobot_pro450_interfaces__cpp
[0.333s] [ 27%] Built target mycobot_pro450_interfaces__rosidl_generator_c
[0.448s] [ 37%] Built target mycobot_pro450_interfaces__rosidl_typesupport_c
[0.454s] [ 46%] Built target mycobot_pro450_interfaces__rosidl_typesupport_cpp
[0.459s] [ 56%] Built target mycobot_pro450_interfaces__rosidl_typesupport_fastrtps_cpp
[0.459s] [ 66%] Built target mycobot_pro450_interfaces__rosidl_typesupport_introspection_cpp
[0.460s] [ 80%] Built target mycobot_pro450_interfaces__rosidl_typesupport_fastrtps_c
[0.466s] [ 85%] Built target mycobot_pro450_interfaces__rosidl_typesupport_introspection_c
[0.528s] [ 85%] Built target mycobot_pro450_interfaces
[0.572s] [ 86%] Built target mycobot_pro450_interfaces__py
[0.625s] [ 95%] Built target mycobot_pro450_interfaces__rosidl_generator_py
[0.681s] [ 97%] Built target mycobot_pro450_interfaces_s__rosidl_typesupport_c
[0.681s] [ 98%] Built target mycobot_pro450_interfaces_s__rosidl_typesupport_fastrtps_c
[0.681s] [100%] Built target mycobot_pro450_interfaces_s__rosidl_typesupport_introspection_c
[0.789s] running egg_info
[0.820s] writing mycobot_pro450_interfaces.egg-info/PKG-INFO
[0.820s] writing dependency_links to mycobot_pro450_interfaces.egg-info/dependency_links.txt
[0.821s] writing top-level names to mycobot_pro450_interfaces.egg-info/top_level.txt
[0.875s] reading manifest file 'mycobot_pro450_interfaces.egg-info/SOURCES.txt'
[0.875s] writing manifest file 'mycobot_pro450_interfaces.egg-info/SOURCES.txt'
[0.943s] [100%] Built target ament_cmake_python_build_mycobot_pro450_interfaces_egg
[0.972s] Invoked command in '/home/amin/cobot/cobot_ws/build/mycobot_pro450_interfaces' returned '0': CMAKE_PREFIX_PATH=${CMAKE_PREFIX_PATH}:/home/amin/cobot/cobot_ws/install/ultraarm:/home/amin/cobot/cobot_ws/install/pro450_moveit2_control:/home/amin/cobot/cobot_ws/install/mypalletizer_communication:/home/amin/cobot/cobot_ws/install/mypalletizer_260_pi:/home/amin/cobot/cobot_ws/install/mypalletizer_260:/home/amin/cobot/cobot_ws/install/mycobot_pro_450:/home/amin/cobot/cobot_ws/install/myarm_m750:/home/amin/cobot/cobot_ws/install/myarm_c650:/home/amin/cobot/cobot_ws/install/mycobot_communication:/home/amin/cobot/cobot_ws/install/mecharm_communication:/home/amin/cobot/cobot_ws/install/mycobot_630:/home/amin/cobot/cobot_ws/install/mycobot_600:/home/amin/cobot/cobot_ws/install/mycobot_320pi:/home/amin/cobot/cobot_ws/install/mycobot_320_riscv:/home/amin/cobot/cobot_ws/install/mycobot_320:/home/amin/cobot/cobot_ws/install/mycobot_280pi:/home/amin/cobot/cobot_ws/install/mycobot_280jn:/home/amin/cobot/cobot_ws/install/mycobot_280_x3pi:/home/amin/cobot/cobot_ws/install/mycobot_280_riscv:/home/amin/cobot/cobot_ws/install/mycobot_280_rdkx5:/home/amin/cobot/cobot_ws/install/mycobot_280_moveit2_control:/home/amin/cobot/cobot_ws/install/mycobot_280_arduino:/home/amin/cobot/cobot_ws/install/mycobot_280:/home/amin/cobot/cobot_ws/install/mybuddy:/home/amin/cobot/cobot_ws/install/myarm_300:/home/amin/cobot/cobot_ws/install/mecharm_pi:/home/amin/cobot/cobot_ws/install/mecharm:/home/amin/cobot/cobot_ws/install/mycobot_description:/opt/ros/jazzy DEBUGINFOD_URLS=https://debuginfod.ubuntu.com /usr/bin/cmake --build /home/amin/cobot/cobot_ws/build/mycobot_pro450_interfaces -- -j8 -l8
[0.977s] Invoking command in '/home/amin/cobot/cobot_ws/build/mycobot_pro450_interfaces': CMAKE_PREFIX_PATH=${CMAKE_PREFIX_PATH}:/home/amin/cobot/cobot_ws/install/ultraarm:/home/amin/cobot/cobot_ws/install/pro450_moveit2_control:/home/amin/cobot/cobot_ws/install/mypalletizer_communication:/home/amin/cobot/cobot_ws/install/mypalletizer_260_pi:/home/amin/cobot/cobot_ws/install/mypalletizer_260:/home/amin/cobot/cobot_ws/install/mycobot_pro_450:/home/amin/cobot/cobot_ws/install/myarm_m750:/home/amin/cobot/cobot_ws/install/myarm_c650:/home/amin/cobot/cobot_ws/install/mycobot_communication:/home/amin/cobot/cobot_ws/install/mecharm_communication:/home/amin/cobot/cobot_ws/install/mycobot_630:/home/amin/cobot/cobot_ws/install/mycobot_600:/home/amin/cobot/cobot_ws/install/mycobot_320pi:/home/amin/cobot/cobot_ws/install/mycobot_320_riscv:/home/amin/cobot/cobot_ws/install/mycobot_320:/home/amin/cobot/cobot_ws/install/mycobot_280pi:/home/amin/cobot/cobot_ws/install/mycobot_280jn:/home/amin/cobot/cobot_ws/install/mycobot_280_x3pi:/home/amin/cobot/cobot_ws/install/mycobot_280_riscv:/home/amin/cobot/cobot_ws/install/mycobot_280_rdkx5:/home/amin/cobot/cobot_ws/install/mycobot_280_moveit2_control:/home/amin/cobot/cobot_ws/install/mycobot_280_arduino:/home/amin/cobot/cobot_ws/install/mycobot_280:/home/amin/cobot/cobot_ws/install/mybuddy:/home/amin/cobot/cobot_ws/install/myarm_300:/home/amin/cobot/cobot_ws/install/mecharm_pi:/home/amin/cobot/cobot_ws/install/mecharm:/home/amin/cobot/cobot_ws/install/mycobot_description:/opt/ros/jazzy DEBUGINFOD_URLS=https://debuginfod.ubuntu.com /usr/bin/cmake --install /home/amin/cobot/cobot_ws/build/mycobot_pro450_interfaces
[0.977s] -- Install configuration: ""
[0.977s] -- Up-to-date: /home/amin/cobot/cobot_ws/install/mycobot_pro450_interfaces/share/ament_index/resource_index/rosidl_interfaces/mycobot_pro450_interfaces
[0.977s] -- Up-to-date: /home/amin/cobot/cobot_ws/install/mycobot_pro450_interfaces/share/mycobot_pro450_interfaces/msg/MycobotAngles.json
[0.978s] -- Up-to-date: /home/amin/cobot/cobot_ws/install/mycobot_pro450_interfaces/share/mycobot_pro450_interfaces/msg/MycobotCoords.json
[0.978s] -- Up-to-date: /home/amin/cobot/cobot_ws/install/mycobot_pro450_interfaces/share/mycobot_pro450_interfaces/msg/MycobotSetAngles.json
[0.978s] -- Up-to-date: /home/amin/cobot/cobot_ws/install/mycobot_pro450_interfaces/share/mycobot_pro450_interfaces/msg/MycobotSetCoords.json
[0.978s] -- Up-to-date: /home/amin/cobot/cobot_ws/install/mycobot_pro450_interfaces/share/mycobot_pro450_interfaces/msg/MycobotGripperStatus.json
[0.978s] -- Up-to-date: /home/amin/cobot/cobot_ws/install/mycobot_pro450_interfaces/share/mycobot_pro450_interfaces/srv/GetAngles.json
[0.978s] -- Up-to-date: /home/amin/cobot/cobot_ws/install/mycobot_pro450_interfaces/share/mycobot_pro450_interfaces/srv/SetAngles.json
[0.978s] -- Up-to-date: /home/amin/cobot/cobot_ws/install/mycobot_pro450_interfaces/share/mycobot_pro450_interfaces/srv/GetCoords.json
[0.978s] -- Up-to-date: /home/amin/cobot/cobot_ws/install/mycobot_pro450_interfaces/share/mycobot_pro450_interfaces/srv/SetCoords.json
[0.978s] -- Up-to-date: /home/amin/cobot/cobot_ws/install/mycobot_pro450_interfaces/share/mycobot_pro450_interfaces/srv/GripperStatus.json
[0.978s] -- Up-to-date: /home/amin/cobot/cobot_ws/install/mycobot_pro450_interfaces/share/mycobot_pro450_interfaces/srv/GetGripperValue.json
[0.979s] -- Up-to-date: /home/amin/cobot/cobot_ws/install/mycobot_pro450_interfaces/include/mycobot_pro450_interfaces/mycobot_pro450_interfaces
[0.979s] -- Up-to-date: /home/amin/cobot/cobot_ws/install/mycobot_pro450_interfaces/include/mycobot_pro450_interfaces/mycobot_pro450_interfaces/srv
[0.979s] -- Up-to-date: /home/amin/cobot/cobot_ws/install/mycobot_pro450_interfaces/include/mycobot_pro450_interfaces/mycobot_pro450_interfaces/srv/gripper_status.h
[0.979s] -- Up-to-date: /home/amin/cobot/cobot_ws/install/mycobot_pro450_interfaces/include/mycobot_pro450_interfaces/mycobot_pro450_interfaces/srv/get_gripper_value.h
[0.979s] -- Up-to-date: /home/amin/cobot/cobot_ws/install/mycobot_pro450_interfaces/include/mycobot_pro450_interfaces/mycobot_pro450_interfaces/srv/detail
[0.979s] -- Up-to-date: /home/amin/cobot/cobot_ws/install/mycobot_pro450_interfaces/include/mycobot_pro450_interfaces/mycobot_pro450_interfaces/srv/detail/set_coords__type_support.h
[0.979s] -- Up-to-date: /home/amin/cobot/cobot_ws/install/mycobot_pro450_interfaces/include/mycobot_pro450_interfaces/mycobot_pro450_interfaces/srv/detail/gripper_status__description.c
[0.979s] -- Up-to-date: /home/amin/cobot/cobot_ws/install/mycobot_pro450_interfaces/include/mycobot_pro450_interfaces/mycobot_pro450_interfaces/srv/detail/gripper_status__functions.h
[0.979s] -- Up-to-date: /home/amin/cobot/cobot_ws/install/mycobot_pro450_interfaces/include/mycobot_pro450_interfaces/mycobot_pro450_interfaces/srv/detail/set_angles__struct.h
[0.980s] -- Up-to-date: /home/amin/cobot/cobot_ws/install/mycobot_pro450_interfaces/include/mycobot_pro450_interfaces/mycobot_pro450_interfaces/srv/detail/set_coords__functions.h
[0.980s] -- Up-to-date: /home/amin/cobot/cobot_ws/install/mycobot_pro450_interfaces/include/mycobot_pro450_interfaces/mycobot_pro450_interfaces/srv/detail/get_gripper_value__functions.h
[0.980s] -- Installing: /home/amin/cobot/cobot_ws/install/mycobot_pro450_interfaces/include/mycobot_pro450_interfaces/mycobot_pro450_interfaces/srv/detail/get_coords__type_support.c
[0.980s] -- Up-to-date: /home/amin/cobot/cobot_ws/install/mycobot_pro450_interfaces/include/mycobot_pro450_interfaces/mycobot_pro450_interfaces/srv/detail/set_angles__description.c
[0.980s] -- Up-to-date: /home/amin/cobot/cobot_ws/install/mycobot_pro450_interfaces/include/mycobot_pro450_interfaces/mycobot_pro450_interfaces/srv/detail/gripper_status__struct.h
[0.980s] -- Up-to-date: /home/amin/cobot/cobot_ws/install/mycobot_pro450_interfaces/include/mycobot_pro450_interfaces/mycobot_pro450_interfaces/srv/detail/get_angles__type_support.h
[0.980s] -- Up-to-date: /home/amin/cobot/cobot_ws/install/mycobot_pro450_interfaces/include/mycobot_pro450_interfaces/mycobot_pro450_interfaces/srv/detail/set_coords__functions.c
[0.980s] -- Installing: /home/amin/cobot/cobot_ws/install/mycobot_pro450_interfaces/include/mycobot_pro450_interfaces/mycobot_pro450_interfaces/srv/detail/set_coords__type_support.c
[0.981s] -- Installing: /home/amin/cobot/cobot_ws/install/mycobot_pro450_interfaces/include/mycobot_pro450_interfaces/mycobot_pro450_interfaces/srv/detail/get_gripper_value__type_support.c
[0.981s] -- Installing: /home/amin/cobot/cobot_ws/install/mycobot_pro450_interfaces/include/mycobot_pro450_interfaces/mycobot_pro450_interfaces/srv/detail/set_angles__type_support.c
[0.981s] -- Up-to-date: /home/amin/cobot/cobot_ws/install/mycobot_pro450_interfaces/include/mycobot_pro450_interfaces/mycobot_pro450_interfaces/srv/detail/gripper_status__type_support.h
[0.981s] -- Up-to-date: /home/amin/cobot/cobot_ws/install/mycobot_pro450_interfaces/include/mycobot_pro450_interfaces/mycobot_pro450_interfaces/srv/detail/get_gripper_value__description.c
[0.982s] -- Up-to-date: /home/amin/cobot/cobot_ws/install/mycobot_pro450_interfaces/include/mycobot_pro450_interfaces/mycobot_pro450_interfaces/srv/detail/get_angles__struct.h
[0.982s] -- Up-to-date: /home/amin/cobot/cobot_ws/install/mycobot_pro450_interfaces/include/mycobot_pro450_interfaces/mycobot_pro450_interfaces/srv/detail/get_coords__description.c
[0.982s] -- Up-to-date: /home/amin/cobot/cobot_ws/install/mycobot_pro450_interfaces/include/mycobot_pro450_interfaces/mycobot_pro450_interfaces/srv/detail/set_coords__description.c
[0.983s] -- Up-to-date: /home/amin/cobot/cobot_ws/install/mycobot_pro450_interfaces/include/mycobot_pro450_interfaces/mycobot_pro450_interfaces/srv/detail/get_coords__functions.h
[0.983s] -- Installing: /home/amin/cobot/cobot_ws/install/mycobot_pro450_interfaces/include/mycobot_pro450_interfaces/mycobot_pro450_interfaces/srv/detail/get_angles__type_support.c
[0.983s] -- Up-to-date: /home/amin/cobot/cobot_ws/install/mycobot_pro450_interfaces/include/mycobot_pro450_interfaces/mycobot_pro450_interfaces/srv/detail/get_angles__functions.h
[0.983s] -- Installing: /home/amin/cobot/cobot_ws/install/mycobot_pro450_interfaces/include/mycobot_pro450_interfaces/mycobot_pro450_interfaces/srv/detail/gripper_status__type_support.c
[0.983s] -- Up-to-date: /home/amin/cobot/cobot_ws/install/mycobot_pro450_interfaces/include/mycobot_pro450_interfaces/mycobot_pro450_interfaces/srv/detail/get_angles__functions.c
[0.986s] -- Up-to-date: /home/amin/cobot/cobot_ws/install/mycobot_pro450_interfaces/include/mycobot_pro450_interfaces/mycobot_pro450_interfaces/srv/detail/get_gripper_value__type_support.h
[0.990s] -- Up-to-date: /home/amin/cobot/cobot_ws/install/mycobot_pro450_interfaces/include/mycobot_pro450_interfaces/mycobot_pro450_interfaces/srv/detail/get_coords__type_support.h
[0.990s] -- Up-to-date: /home/amin/cobot/cobot_ws/install/mycobot_pro450_interfaces/include/mycobot_pro450_interfaces/mycobot_pro450_interfaces/srv/detail/set_angles__type_support.h
[0.990s] -- Up-to-date: /home/amin/cobot/cobot_ws/install/mycobot_pro450_interfaces/include/mycobot_pro450_interfaces/mycobot_pro450_interfaces/srv/detail/get_coords__functions.c
[0.990s] -- Up-to-date: /home/amin/cobot/cobot_ws/install/mycobot_pro450_interfaces/include/mycobot_pro450_interfaces/mycobot_pro450_interfaces/srv/detail/gripper_status__functions.c
[0.990s] -- Up-to-date: /home/amin/cobot/cobot_ws/install/mycobot_pro450_interfaces/include/mycobot_pro450_interfaces/mycobot_pro450_interfaces/srv/detail/get_angles__description.c
[0.990s] -- Up-to-date: /home/amin/cobot/cobot_ws/install/mycobot_pro450_interfaces/include/mycobot_pro450_interfaces/mycobot_pro450_interfaces/srv/detail/get_gripper_value__functions.c
[0.990s] -- Up-to-date: /home/amin/cobot/cobot_ws/install/mycobot_pro450_interfaces/include/mycobot_pro450_interfaces/mycobot_pro450_interfaces/srv/detail/set_angles__functions.c
[0.990s] -- Up-to-date: /home/amin/cobot/cobot_ws/install/mycobot_pro450_interfaces/include/mycobot_pro450_interfaces/mycobot_pro450_interfaces/srv/detail/set_coords__struct.h
[0.990s] -- Up-to-date: /home/amin/cobot/cobot_ws/install/mycobot_pro450_interfaces/include/mycobot_pro450_interfaces/mycobot_pro450_interfaces/srv/detail/get_coords__struct.h
[0.990s] -- Up-to-date: /home/amin/cobot/cobot_ws/install/mycobot_pro450_interfaces/include/mycobot_pro450_interfaces/mycobot_pro450_interfaces/srv/detail/set_angles__functions.h
[0.991s] -- Up-to-date: /home/amin/cobot/cobot_ws/install/mycobot_pro450_interfaces/include/mycobot_pro450_interfaces/mycobot_pro450_interfaces/srv/detail/get_gripper_value__struct.h
[0.991s] -- Up-to-date: /home/amin/cobot/cobot_ws/install/mycobot_pro450_interfaces/include/mycobot_pro450_interfaces/mycobot_pro450_interfaces/srv/get_coords.h
[0.991s] -- Up-to-date: /home/amin/cobot/cobot_ws/install/mycobot_pro450_interfaces/include/mycobot_pro450_interfaces/mycobot_pro450_interfaces/srv/get_angles.h
[0.991s] -- Up-to-date: /home/amin/cobot/cobot_ws/install/mycobot_pro450_interfaces/include/mycobot_pro450_interfaces/mycobot_pro450_interfaces/srv/set_angles.h
[0.991s] -- Up-to-date: /home/amin/cobot/cobot_ws/install/mycobot_pro450_interfaces/include/mycobot_pro450_interfaces/mycobot_pro450_interfaces/srv/set_coords.h
[0.991s] -- Up-to-date: /home/amin/cobot/cobot_ws/install/mycobot_pro450_interfaces/include/mycobot_pro450_interfaces/mycobot_pro450_interfaces/msg
[0.991s] -- Up-to-date: /home/amin/cobot/cobot_ws/install/mycobot_pro450_interfaces/include/mycobot_pro450_interfaces/mycobot_pro450_interfaces/msg/detail
[0.991s] -- Up-to-date: /home/amin/cobot/cobot_ws/install/mycobot_pro450_interfaces/include/mycobot_pro450_interfaces/mycobot_pro450_interfaces/msg/detail/mycobot_gripper_status__description.c
[0.991s] -- Up-to-date: /home/amin/cobot/cobot_ws/install/mycobot_pro450_interfaces/include/mycobot_pro450_interfaces/mycobot_pro450_interfaces/msg/detail/mycobot_gripper_status__type_support.h
[0.991s] -- Up-to-date: /home/amin/cobot/cobot_ws/install/mycobot_pro450_interfaces/include/mycobot_pro450_interfaces/mycobot_pro450_interfaces/msg/detail/mycobot_set_angles__functions.c
[0.993s] -- Up-to-date: /home/amin/cobot/cobot_ws/install/mycobot_pro450_interfaces/include/mycobot_pro450_interfaces/mycobot_pro450_interfaces/msg/detail/mycobot_coords__type_support.h
[0.993s] -- Up-to-date: /home/amin/cobot/cobot_ws/install/mycobot_pro450_interfaces/include/mycobot_pro450_interfaces/mycobot_pro450_interfaces/msg/detail/mycobot_coords__struct.h
[0.993s] -- Up-to-date: /home/amin/cobot/cobot_ws/install/mycobot_pro450_interfaces/include/mycobot_pro450_interfaces/mycobot_pro450_interfaces/msg/detail/mycobot_set_angles__description.c
[0.993s] -- Up-to-date: /home/amin/cobot/cobot_ws/install/mycobot_pro450_interfaces/include/mycobot_pro450_interfaces/mycobot_pro450_interfaces/msg/detail/mycobot_set_coords__type_support.h
[0.994s] -- Up-to-date: /home/amin/cobot/cobot_ws/install/mycobot_pro450_interfaces/include/mycobot_pro450_interfaces/mycobot_pro450_interfaces/msg/detail/mycobot_set_coords__functions.h
[0.994s] -- Installing: /home/amin/cobot/cobot_ws/install/mycobot_pro450_interfaces/include/mycobot_pro450_interfaces/mycobot_pro450_interfaces/msg/detail/mycobot_set_angles__type_support.c
[0.994s] -- Up-to-date: /home/amin/cobot/cobot_ws/install/mycobot_pro450_interfaces/include/mycobot_pro450_interfaces/mycobot_pro450_interfaces/msg/detail/mycobot_angles__struct.h
[0.995s] -- Installing: /home/amin/cobot/cobot_ws/install/mycobot_pro450_interfaces/include/mycobot_pro450_interfaces/mycobot_pro450_interfaces/msg/detail/mycobot_angles__type_support.c
[0.995s] -- Up-to-date: /home/amin/cobot/cobot_ws/install/mycobot_pro450_interfaces/include/mycobot_pro450_interfaces/mycobot_pro450_interfaces/msg/detail/mycobot_gripper_status__functions.c
[0.997s] -- Up-to-date: /home/amin/cobot/cobot_ws/install/mycobot_pro450_interfaces/include/mycobot_pro450_interfaces/mycobot_pro450_interfaces/msg/detail/mycobot_gripper_status__functions.h
[0.998s] -- Up-to-date: /home/amin/cobot/cobot_ws/install/mycobot_pro450_interfaces/include/mycobot_pro450_interfaces/mycobot_pro450_interfaces/msg/detail/mycobot_set_angles__functions.h
[0.998s] -- Installing: /home/amin/cobot/cobot_ws/install/mycobot_pro450_interfaces/include/mycobot_pro450_interfaces/mycobot_pro450_interfaces/msg/detail/mycobot_gripper_status__type_support.c
[1.001s] -- Up-to-date: /home/amin/cobot/cobot_ws/install/mycobot_pro450_interfaces/include/mycobot_pro450_interfaces/mycobot_pro450_interfaces/msg/detail/mycobot_coords__functions.h
[1.002s] -- Installing: /home/amin/cobot/cobot_ws/install/mycobot_pro450_interfaces/include/mycobot_pro450_interfaces/mycobot_pro450_interfaces/msg/detail/mycobot_coords__type_support.c
[1.002s] -- Up-to-date: /home/amin/cobot/cobot_ws/install/mycobot_pro450_interfaces/include/mycobot_pro450_interfaces/mycobot_pro450_interfaces/msg/detail/mycobot_coords__description.c
[1.003s] -- Installing: /home/amin/cobot/cobot_ws/install/mycobot_pro450_interfaces/include/mycobot_pro450_interfaces/mycobot_pro450_interfaces/msg/detail/mycobot_set_coords__type_support.c
[1.003s] -- Up-to-date: /home/amin/cobot/cobot_ws/install/mycobot_pro450_interfaces/include/mycobot_pro450_interfaces/mycobot_pro450_interfaces/msg/detail/mycobot_set_coords__struct.h
[1.004s] -- Up-to-date: /home/amin/cobot/cobot_ws/install/mycobot_pro450_interfaces/include/mycobot_pro450_interfaces/mycobot_pro450_interfaces/msg/detail/mycobot_angles__functions.h
[1.004s] -- Up-to-date: /home/amin/cobot/cobot_ws/install/mycobot_pro450_interfaces/include/mycobot_pro450_interfaces/mycobot_pro450_interfaces/msg/detail/mycobot_gripper_status__struct.h
[1.004s] -- Up-to-date: /home/amin/cobot/cobot_ws/install/mycobot_pro450_interfaces/include/mycobot_pro450_interfaces/mycobot_pro450_interfaces/msg/detail/mycobot_set_coords__description.c
[1.004s] -- Up-to-date: /home/amin/cobot/cobot_ws/install/mycobot_pro450_interfaces/include/mycobot_pro450_interfaces/mycobot_pro450_interfaces/msg/detail/mycobot_set_coords__functions.c
[1.004s] -- Up-to-date: /home/amin/cobot/cobot_ws/install/mycobot_pro450_interfaces/include/mycobot_pro450_interfaces/mycobot_pro450_interfaces/msg/detail/mycobot_coords__functions.c
[1.005s] -- Up-to-date: /home/amin/cobot/cobot_ws/install/mycobot_pro450_interfaces/include/mycobot_pro450_interfaces/mycobot_pro450_interfaces/msg/detail/mycobot_angles__functions.c
[1.005s] -- Up-to-date: /home/amin/cobot/cobot_ws/install/mycobot_pro450_interfaces/include/mycobot_pro450_interfaces/mycobot_pro450_interfaces/msg/detail/mycobot_set_angles__struct.h
[1.005s] -- Up-to-date: /home/amin/cobot/cobot_ws/install/mycobot_pro450_interfaces/include/mycobot_pro450_interfaces/mycobot_pro450_interfaces/msg/detail/mycobot_angles__type_support.h
[1.005s] -- Up-to-date: /home/amin/cobot/cobot_ws/install/mycobot_pro450_interfaces/include/mycobot_pro450_interfaces/mycobot_pro450_interfaces/msg/detail/mycobot_set_angles__type_support.h
[1.005s] -- Up-to-date: /home/amin/cobot/cobot_ws/install/mycobot_pro450_interfaces/include/mycobot_pro450_interfaces/mycobot_pro450_interfaces/msg/detail/mycobot_angles__description.c
[1.005s] -- Up-to-date: /home/amin/cobot/cobot_ws/install/mycobot_pro450_interfaces/include/mycobot_pro450_interfaces/mycobot_pro450_interfaces/msg/rosidl_generator_c__visibility_control.h
[1.005s] -- Up-to-date: /home/amin/cobot/cobot_ws/install/mycobot_pro450_interfaces/include/mycobot_pro450_interfaces/mycobot_pro450_interfaces/msg/mycobot_set_angles.h
[1.005s] -- Up-to-date: /home/amin/cobot/cobot_ws/install/mycobot_pro450_interfaces/include/mycobot_pro450_interfaces/mycobot_pro450_interfaces/msg/mycobot_coords.h
[1.005s] -- Up-to-date: /home/amin/cobot/cobot_ws/install/mycobot_pro450_interfaces/include/mycobot_pro450_interfaces/mycobot_pro450_interfaces/msg/mycobot_angles.h
[1.006s] -- Up-to-date: /home/amin/cobot/cobot_ws/install/mycobot_pro450_interfaces/include/mycobot_pro450_interfaces/mycobot_pro450_interfaces/msg/mycobot_gripper_status.h
[1.006s] -- Up-to-date: /home/amin/cobot/cobot_ws/install/mycobot_pro450_interfaces/include/mycobot_pro450_interfaces/mycobot_pro450_interfaces/msg/mycobot_set_coords.h
[1.006s] -- Up-to-date: /home/amin/cobot/cobot_ws/install/mycobot_pro450_interfaces/share/mycobot_pro450_interfaces/environment/library_path.sh
[1.006s] -- Up-to-date: /home/amin/cobot/cobot_ws/install/mycobot_pro450_interfaces/share/mycobot_pro450_interfaces/environment/library_path.dsv
[1.006s] -- Up-to-date: /home/amin/cobot/cobot_ws/install/mycobot_pro450_interfaces/lib/libmycobot_pro450_interfaces__rosidl_generator_c.so
[1.006s] -- Up-to-date: /home/amin/cobot/cobot_ws/install/mycobot_pro450_interfaces/include/mycobot_pro450_interfaces/mycobot_pro450_interfaces
[1.006s] -- Up-to-date: /home/amin/cobot/cobot_ws/install/mycobot_pro450_interfaces/include/mycobot_pro450_interfaces/mycobot_pro450_interfaces/srv
[1.007s] -- Up-to-date: /home/amin/cobot/cobot_ws/install/mycobot_pro450_interfaces/include/mycobot_pro450_interfaces/mycobot_pro450_interfaces/srv/detail
[1.007s] -- Up-to-date: /home/amin/cobot/cobot_ws/install/mycobot_pro450_interfaces/include/mycobot_pro450_interfaces/mycobot_pro450_interfaces/srv/detail/get_gripper_value__rosidl_typesupport_fastrtps_c.h
[1.008s] -- Up-to-date: /home/amin/cobot/cobot_ws/install/mycobot_pro450_interfaces/include/mycobot_pro450_interfaces/mycobot_pro450_interfaces/srv/detail/get_coords__rosidl_typesupport_fastrtps_c.h
[1.009s] -- Up-to-date: /home/amin/cobot/cobot_ws/install/mycobot_pro450_interfaces/include/mycobot_pro450_interfaces/mycobot_pro450_interfaces/srv/detail/get_angles__rosidl_typesupport_fastrtps_c.h
[1.009s] -- Up-to-date: /home/amin/cobot/cobot_ws/install/mycobot_pro450_interfaces/include/mycobot_pro450_interfaces/mycobot_pro450_interfaces/srv/detail/set_angles__rosidl_typesupport_fastrtps_c.h
[1.009s] -- Up-to-date: /home/amin/cobot/cobot_ws/install/mycobot_pro450_interfaces/include/mycobot_pro450_interfaces/mycobot_pro450_interfaces/srv/detail/gripper_status__rosidl_typesupport_fastrtps_c.h
[1.009s] -- Up-to-date: /home/amin/cobot/cobot_ws/install/mycobot_pro450_interfaces/include/mycobot_pro450_interfaces/mycobot_pro450_interfaces/srv/detail/set_coords__rosidl_typesupport_fastrtps_c.h
[1.010s] -- Up-to-date: /home/amin/cobot/cobot_ws/install/mycobot_pro450_interfaces/include/mycobot_pro450_interfaces/mycobot_pro450_interfaces/msg
[1.010s] -- Up-to-date: /home/amin/cobot/cobot_ws/install/mycobot_pro450_interfaces/include/mycobot_pro450_interfaces/mycobot_pro450_interfaces/msg/detail
[1.010s] -- Up-to-date: /home/amin/cobot/cobot_ws/install/mycobot_pro450_interfaces/include/mycobot_pro450_interfaces/mycobot_pro450_interfaces/msg/detail/mycobot_angles__rosidl_typesupport_fastrtps_c.h
[1.010s] -- Up-to-date: /home/amin/cobot/cobot_ws/install/mycobot_pro450_interfaces/include/mycobot_pro450_interfaces/mycobot_pro450_interfaces/msg/detail/mycobot_set_angles__rosidl_typesupport_fastrtps_c.h
[1.010s] -- Up-to-date: /home/amin/cobot/cobot_ws/install/mycobot_pro450_interfaces/include/mycobot_pro450_interfaces/mycobot_pro450_interfaces/msg/detail/mycobot_coords__rosidl_typesupport_fastrtps_c.h
[1.011s] -- Up-to-date: /home/amin/cobot/cobot_ws/install/mycobot_pro450_interfaces/include/mycobot_pro450_interfaces/mycobot_pro450_interfaces/msg/detail/mycobot_set_coords__rosidl_typesupport_fastrtps_c.h
[1.011s] -- Up-to-date: /home/amin/cobot/cobot_ws/install/mycobot_pro450_interfaces/include/mycobot_pro450_interfaces/mycobot_pro450_interfaces/msg/detail/mycobot_gripper_status__rosidl_typesupport_fastrtps_c.h
[1.011s] -- Up-to-date: /home/amin/cobot/cobot_ws/install/mycobot_pro450_interfaces/include/mycobot_pro450_interfaces/mycobot_pro450_interfaces/msg/rosidl_typesupport_fastrtps_c__visibility_control.h
[1.011s] -- Up-to-date: /home/amin/cobot/cobot_ws/install/mycobot_pro450_interfaces/lib/libmycobot_pro450_interfaces__rosidl_typesupport_fastrtps_c.so
[1.011s] -- Up-to-date: /home/amin/cobot/cobot_ws/install/mycobot_pro450_interfaces/include/mycobot_pro450_interfaces/mycobot_pro450_interfaces
[1.011s] -- Up-to-date: /home/amin/cobot/cobot_ws/install/mycobot_pro450_interfaces/include/mycobot_pro450_interfaces/mycobot_pro450_interfaces/srv
[1.011s] -- Up-to-date: /home/amin/cobot/cobot_ws/install/mycobot_pro450_interfaces/include/mycobot_pro450_interfaces/mycobot_pro450_interfaces/srv/detail
[1.011s] -- Up-to-date: /home/amin/cobot/cobot_ws/install/mycobot_pro450_interfaces/include/mycobot_pro450_interfaces/mycobot_pro450_interfaces/srv/detail/get_gripper_value__rosidl_typesupport_introspection_c.h
[1.012s] -- Installing: /home/amin/cobot/cobot_ws/install/mycobot_pro450_interfaces/include/mycobot_pro450_interfaces/mycobot_pro450_interfaces/srv/detail/get_coords__type_support.c
[1.012s] -- Up-to-date: /home/amin/cobot/cobot_ws/install/mycobot_pro450_interfaces/include/mycobot_pro450_interfaces/mycobot_pro450_interfaces/srv/detail/set_angles__rosidl_typesupport_introspection_c.h
[1.012s] -- Installing: /home/amin/cobot/cobot_ws/install/mycobot_pro450_interfaces/include/mycobot_pro450_interfaces/mycobot_pro450_interfaces/srv/detail/set_coords__type_support.c
[1.012s] -- Installing: /home/amin/cobot/cobot_ws/install/mycobot_pro450_interfaces/include/mycobot_pro450_interfaces/mycobot_pro450_interfaces/srv/detail/get_gripper_value__type_support.c
[1.012s] -- Installing: /home/amin/cobot/cobot_ws/install/mycobot_pro450_interfaces/include/mycobot_pro450_interfaces/mycobot_pro450_interfaces/srv/detail/set_angles__type_support.c
[1.012s] -- Installing: /home/amin/cobot/cobot_ws/install/mycobot_pro450_interfaces/include/mycobot_pro450_interfaces/mycobot_pro450_interfaces/srv/detail/get_angles__type_support.c
[1.012s] -- Up-to-date: /home/amin/cobot/cobot_ws/install/mycobot_pro450_interfaces/include/mycobot_pro450_interfaces/mycobot_pro450_interfaces/srv/detail/get_angles__rosidl_typesupport_introspection_c.h
[1.012s] -- Installing: /home/amin/cobot/cobot_ws/install/mycobot_pro450_interfaces/include/mycobot_pro450_interfaces/mycobot_pro450_interfaces/srv/detail/gripper_status__type_support.c
[1.012s] -- Up-to-date: /home/amin/cobot/cobot_ws/install/mycobot_pro450_interfaces/include/mycobot_pro450_interfaces/mycobot_pro450_interfaces/srv/detail/set_coords__rosidl_typesupport_introspection_c.h
[1.012s] -- Up-to-date: /home/amin/cobot/cobot_ws/install/mycobot_pro450_interfaces/include/mycobot_pro450_interfaces/mycobot_pro450_interfaces/srv/detail/get_coords__rosidl_typesupport_introspection_c.h
[1.012s] -- Up-to-date: /home/amin/cobot/cobot_ws/install/mycobot_pro450_interfaces/include/mycobot_pro450_interfaces/mycobot_pro450_interfaces/srv/detail/gripper_status__rosidl_typesupport_introspection_c.h
[1.012s] -- Up-to-date: /home/amin/cobot/cobot_ws/install/mycobot_pro450_interfaces/include/mycobot_pro450_interfaces/mycobot_pro450_interfaces/msg
[1.012s] -- Up-to-date: /home/amin/cobot/cobot_ws/install/mycobot_pro450_interfaces/include/mycobot_pro450_interfaces/mycobot_pro450_interfaces/msg/detail
[1.012s] -- Up-to-date: /home/amin/cobot/cobot_ws/install/mycobot_pro450_interfaces/include/mycobot_pro450_interfaces/mycobot_pro450_interfaces/msg/detail/mycobot_set_coords__rosidl_typesupport_introspection_c.h
[1.013s] -- Installing: /home/amin/cobot/cobot_ws/install/mycobot_pro450_interfaces/include/mycobot_pro450_interfaces/mycobot_pro450_interfaces/msg/detail/mycobot_set_angles__type_support.c
[1.013s] -- Up-to-date: /home/amin/cobot/cobot_ws/install/mycobot_pro450_interfaces/include/mycobot_pro450_interfaces/mycobot_pro450_interfaces/msg/detail/mycobot_coords__rosidl_typesupport_introspection_c.h
[1.013s] -- Up-to-date: /home/amin/cobot/cobot_ws/install/mycobot_pro450_interfaces/include/mycobot_pro450_interfaces/mycobot_pro450_interfaces/msg/detail/mycobot_angles__rosidl_typesupport_introspection_c.h
[1.013s] -- Installing: /home/amin/cobot/cobot_ws/install/mycobot_pro450_interfaces/include/mycobot_pro450_interfaces/mycobot_pro450_interfaces/msg/detail/mycobot_angles__type_support.c
[1.013s] -- Installing: /home/amin/cobot/cobot_ws/install/mycobot_pro450_interfaces/include/mycobot_pro450_interfaces/mycobot_pro450_interfaces/msg/detail/mycobot_gripper_status__type_support.c
[1.013s] -- Installing: /home/amin/cobot/cobot_ws/install/mycobot_pro450_interfaces/include/mycobot_pro450_interfaces/mycobot_pro450_interfaces/msg/detail/mycobot_coords__type_support.c
[1.013s] -- Installing: /home/amin/cobot/cobot_ws/install/mycobot_pro450_interfaces/include/mycobot_pro450_interfaces/mycobot_pro450_interfaces/msg/detail/mycobot_set_coords__type_support.c
[1.013s] -- Up-to-date: /home/amin/cobot/cobot_ws/install/mycobot_pro450_interfaces/include/mycobot_pro450_interfaces/mycobot_pro450_interfaces/msg/detail/mycobot_gripper_status__rosidl_typesupport_introspection_c.h
[1.013s] -- Up-to-date: /home/amin/cobot/cobot_ws/install/mycobot_pro450_interfaces/include/mycobot_pro450_interfaces/mycobot_pro450_interfaces/msg/detail/mycobot_set_angles__rosidl_typesupport_introspection_c.h
[1.013s] -- Up-to-date: /home/amin/cobot/cobot_ws/install/mycobot_pro450_interfaces/include/mycobot_pro450_interfaces/mycobot_pro450_interfaces/msg/rosidl_typesupport_introspection_c__visibility_control.h
[1.013s] -- Up-to-date: /home/amin/cobot/cobot_ws/install/mycobot_pro450_interfaces/lib/libmycobot_pro450_interfaces__rosidl_typesupport_introspection_c.so
[1.013s] -- Up-to-date: /home/amin/cobot/cobot_ws/install/mycobot_pro450_interfaces/lib/libmycobot_pro450_interfaces__rosidl_typesupport_c.so
[1.013s] -- Up-to-date: /home/amin/cobot/cobot_ws/install/mycobot_pro450_interfaces/include/mycobot_pro450_interfaces/mycobot_pro450_interfaces
[1.013s] -- Up-to-date: /home/amin/cobot/cobot_ws/install/mycobot_pro450_interfaces/include/mycobot_pro450_interfaces/mycobot_pro450_interfaces/srv
[1.013s] -- Up-to-date: /home/amin/cobot/cobot_ws/install/mycobot_pro450_interfaces/include/mycobot_pro450_interfaces/mycobot_pro450_interfaces/srv/set_angles.hpp
[1.013s] -- Up-to-date: /home/amin/cobot/cobot_ws/install/mycobot_pro450_interfaces/include/mycobot_pro450_interfaces/mycobot_pro450_interfaces/srv/get_coords.hpp
[1.014s] -- Up-to-date: /home/amin/cobot/cobot_ws/install/mycobot_pro450_interfaces/include/mycobot_pro450_interfaces/mycobot_pro450_interfaces/srv/gripper_status.hpp
[1.014s] -- Up-to-date: /home/amin/cobot/cobot_ws/install/mycobot_pro450_interfaces/include/mycobot_pro450_interfaces/mycobot_pro450_interfaces/srv/detail
[1.014s] -- Up-to-date: /home/amin/cobot/cobot_ws/install/mycobot_pro450_interfaces/include/mycobot_pro450_interfaces/mycobot_pro450_interfaces/srv/detail/get_coords__type_support.hpp
[1.014s] -- Up-to-date: /home/amin/cobot/cobot_ws/install/mycobot_pro450_interfaces/include/mycobot_pro450_interfaces/mycobot_pro450_interfaces/srv/detail/get_angles__builder.hpp
[1.014s] -- Up-to-date: /home/amin/cobot/cobot_ws/install/mycobot_pro450_interfaces/include/mycobot_pro450_interfaces/mycobot_pro450_interfaces/srv/detail/gripper_status__type_support.hpp
[1.014s] -- Up-to-date: /home/amin/cobot/cobot_ws/install/mycobot_pro450_interfaces/include/mycobot_pro450_interfaces/mycobot_pro450_interfaces/srv/detail/set_angles__traits.hpp
[1.014s] -- Up-to-date: /home/amin/cobot/cobot_ws/install/mycobot_pro450_interfaces/include/mycobot_pro450_interfaces/mycobot_pro450_interfaces/srv/detail/set_angles__builder.hpp
[1.014s] -- Up-to-date: /home/amin/cobot/cobot_ws/install/mycobot_pro450_interfaces/include/mycobot_pro450_interfaces/mycobot_pro450_interfaces/srv/detail/gripper_status__struct.hpp
[1.014s] -- Up-to-date: /home/amin/cobot/cobot_ws/install/mycobot_pro450_interfaces/include/mycobot_pro450_interfaces/mycobot_pro450_interfaces/srv/detail/gripper_status__traits.hpp
[1.014s] -- Up-to-date: /home/amin/cobot/cobot_ws/install/mycobot_pro450_interfaces/include/mycobot_pro450_interfaces/mycobot_pro450_interfaces/srv/detail/set_coords__struct.hpp
[1.014s] -- Up-to-date: /home/amin/cobot/cobot_ws/install/mycobot_pro450_interfaces/include/mycobot_pro450_interfaces/mycobot_pro450_interfaces/srv/detail/set_coords__builder.hpp
[1.014s] -- Up-to-date: /home/amin/cobot/cobot_ws/install/mycobot_pro450_interfaces/include/mycobot_pro450_interfaces/mycobot_pro450_interfaces/srv/detail/get_gripper_value__builder.hpp
[1.014s] -- Up-to-date: /home/amin/cobot/cobot_ws/install/mycobot_pro450_interfaces/include/mycobot_pro450_interfaces/mycobot_pro450_interfaces/srv/detail/get_coords__struct.hpp
[1.014s] -- Up-to-date: /home/amin/cobot/cobot_ws/install/mycobot_pro450_interfaces/include/mycobot_pro450_interfaces/mycobot_pro450_interfaces/srv/detail/gripper_status__builder.hpp
[1.014s] -- Up-to-date: /home/amin/cobot/cobot_ws/install/mycobot_pro450_interfaces/include/mycobot_pro450_interfaces/mycobot_pro450_interfaces/srv/detail/get_gripper_value__struct.hpp
[1.014s] -- Up-to-date: /home/amin/cobot/cobot_ws/install/mycobot_pro450_interfaces/include/mycobot_pro450_interfaces/mycobot_pro450_interfaces/srv/detail/get_gripper_value__type_support.hpp
[1.014s] -- Up-to-date: /home/amin/cobot/cobot_ws/install/mycobot_pro450_interfaces/include/mycobot_pro450_interfaces/mycobot_pro450_interfaces/srv/detail/get_angles__type_support.hpp
[1.014s] -- Up-to-date: /home/amin/cobot/cobot_ws/install/mycobot_pro450_interfaces/include/mycobot_pro450_interfaces/mycobot_pro450_interfaces/srv/detail/get_coords__traits.hpp
[1.014s] -- Up-to-date: /home/amin/cobot/cobot_ws/install/mycobot_pro450_interfaces/include/mycobot_pro450_interfaces/mycobot_pro450_interfaces/srv/detail/get_gripper_value__traits.hpp
[1.014s] -- Up-to-date: /home/amin/cobot/cobot_ws/install/mycobot_pro450_interfaces/include/mycobot_pro450_interfaces/mycobot_pro450_interfaces/srv/detail/set_angles__struct.hpp
[1.015s] -- Up-to-date: /home/amin/cobot/cobot_ws/install/mycobot_pro450_interfaces/include/mycobot_pro450_interfaces/mycobot_pro450_interfaces/srv/detail/get_angles__traits.hpp
[1.015s] -- Up-to-date: /home/amin/cobot/cobot_ws/install/mycobot_pro450_interfaces/include/mycobot_pro450_interfaces/mycobot_pro450_interfaces/srv/detail/get_coords__builder.hpp
[1.015s] -- Up-to-date: /home/amin/cobot/cobot_ws/install/mycobot_pro450_interfaces/include/mycobot_pro450_interfaces/mycobot_pro450_interfaces/srv/detail/set_coords__type_support.hpp
[1.015s] -- Up-to-date: /home/amin/cobot/cobot_ws/install/mycobot_pro450_interfaces/include/mycobot_pro450_interfaces/mycobot_pro450_interfaces/srv/detail/set_angles__type_support.hpp
[1.015s] -- Up-to-date: /home/amin/cobot/cobot_ws/install/mycobot_pro450_interfaces/include/mycobot_pro450_interfaces/mycobot_pro450_interfaces/srv/detail/set_coords__traits.hpp
[1.015s] -- Up-to-date: /home/amin/cobot/cobot_ws/install/mycobot_pro450_interfaces/include/mycobot_pro450_interfaces/mycobot_pro450_interfaces/srv/detail/get_angles__struct.hpp
[1.015s] -- Up-to-date: /home/amin/cobot/cobot_ws/install/mycobot_pro450_interfaces/include/mycobot_pro450_interfaces/mycobot_pro450_interfaces/srv/set_coords.hpp
[1.015s] -- Up-to-date: /home/amin/cobot/cobot_ws/install/mycobot_pro450_interfaces/include/mycobot_pro450_interfaces/mycobot_pro450_interfaces/srv/get_angles.hpp
[1.015s] -- Up-to-date: /home/amin/cobot/cobot_ws/install/mycobot_pro450_interfaces/include/mycobot_pro450_interfaces/mycobot_pro450_interfaces/srv/get_gripper_value.hpp
[1.015s] -- Up-to-date: /home/amin/cobot/cobot_ws/install/mycobot_pro450_interfaces/include/mycobot_pro450_interfaces/mycobot_pro450_interfaces/msg
[1.015s] -- Up-to-date: /home/amin/cobot/cobot_ws/install/mycobot_pro450_interfaces/include/mycobot_pro450_interfaces/mycobot_pro450_interfaces/msg/mycobot_angles.hpp
[1.015s] -- Up-to-date: /home/amin/cobot/cobot_ws/install/mycobot_pro450_interfaces/include/mycobot_pro450_interfaces/mycobot_pro450_interfaces/msg/mycobot_gripper_status.hpp
[1.015s] -- Up-to-date: /home/amin/cobot/cobot_ws/install/mycobot_pro450_interfaces/include/mycobot_pro450_interfaces/mycobot_pro450_interfaces/msg/detail
[1.015s] -- Up-to-date: /home/amin/cobot/cobot_ws/install/mycobot_pro450_interfaces/include/mycobot_pro450_interfaces/mycobot_pro450_interfaces/msg/detail/mycobot_gripper_status__struct.hpp
[1.015s] -- Up-to-date: /home/amin/cobot/cobot_ws/install/mycobot_pro450_interfaces/include/mycobot_pro450_interfaces/mycobot_pro450_interfaces/msg/detail/mycobot_coords__struct.hpp
[1.015s] -- Up-to-date: /home/amin/cobot/cobot_ws/install/mycobot_pro450_interfaces/include/mycobot_pro450_interfaces/mycobot_pro450_interfaces/msg/detail/mycobot_set_angles__type_support.hpp
[1.015s] -- Up-to-date: /home/amin/cobot/cobot_ws/install/mycobot_pro450_interfaces/include/mycobot_pro450_interfaces/mycobot_pro450_interfaces/msg/detail/mycobot_gripper_status__builder.hpp
[1.015s] -- Up-to-date: /home/amin/cobot/cobot_ws/install/mycobot_pro450_interfaces/include/mycobot_pro450_interfaces/mycobot_pro450_interfaces/msg/detail/mycobot_angles__traits.hpp
[1.015s] -- Up-to-date: /home/amin/cobot/cobot_ws/install/mycobot_pro450_interfaces/include/mycobot_pro450_interfaces/mycobot_pro450_interfaces/msg/detail/mycobot_angles__struct.hpp
[1.016s] -- Up-to-date: /home/amin/cobot/cobot_ws/install/mycobot_pro450_interfaces/include/mycobot_pro450_interfaces/mycobot_pro450_interfaces/msg/detail/mycobot_gripper_status__type_support.hpp
[1.016s] -- Up-to-date: /home/amin/cobot/cobot_ws/install/mycobot_pro450_interfaces/include/mycobot_pro450_interfaces/mycobot_pro450_interfaces/msg/detail/mycobot_coords__type_support.hpp
[1.016s] -- Up-to-date: /home/amin/cobot/cobot_ws/install/mycobot_pro450_interfaces/include/mycobot_pro450_interfaces/mycobot_pro450_interfaces/msg/detail/mycobot_gripper_status__traits.hpp
[1.016s] -- Up-to-date: /home/amin/cobot/cobot_ws/install/mycobot_pro450_interfaces/include/mycobot_pro450_interfaces/mycobot_pro450_interfaces/msg/detail/mycobot_angles__builder.hpp
[1.016s] -- Up-to-date: /home/amin/cobot/cobot_ws/install/mycobot_pro450_interfaces/include/mycobot_pro450_interfaces/mycobot_pro450_interfaces/msg/detail/mycobot_set_angles__builder.hpp
[1.016s] -- Up-to-date: /home/amin/cobot/cobot_ws/install/mycobot_pro450_interfaces/include/mycobot_pro450_interfaces/mycobot_pro450_interfaces/msg/detail/mycobot_coords__builder.hpp
[1.016s] -- Up-to-date: /home/amin/cobot/cobot_ws/install/mycobot_pro450_interfaces/include/mycobot_pro450_interfaces/mycobot_pro450_interfaces/msg/detail/mycobot_set_angles__traits.hpp
[1.016s] -- Up-to-date: /home/amin/cobot/cobot_ws/install/mycobot_pro450_interfaces/include/mycobot_pro450_interfaces/mycobot_pro450_interfaces/msg/detail/mycobot_coords__traits.hpp
[1.016s] -- Up-to-date: /home/amin/cobot/cobot_ws/install/mycobot_pro450_interfaces/include/mycobot_pro450_interfaces/mycobot_pro450_interfaces/msg/detail/mycobot_set_coords__type_support.hpp
[1.016s] -- Up-to-date: /home/amin/cobot/cobot_ws/install/mycobot_pro450_interfaces/include/mycobot_pro450_interfaces/mycobot_pro450_interfaces/msg/detail/mycobot_set_angles__struct.hpp
[1.016s] -- Up-to-date: /home/amin/cobot/cobot_ws/install/mycobot_pro450_interfaces/include/mycobot_pro450_interfaces/mycobot_pro450_interfaces/msg/detail/mycobot_set_coords__builder.hpp
[1.016s] -- Up-to-date: /home/amin/cobot/cobot_ws/install/mycobot_pro450_interfaces/include/mycobot_pro450_interfaces/mycobot_pro450_interfaces/msg/detail/mycobot_angles__type_support.hpp
[1.016s] -- Up-to-date: /home/amin/cobot/cobot_ws/install/mycobot_pro450_interfaces/include/mycobot_pro450_interfaces/mycobot_pro450_interfaces/msg/detail/mycobot_set_coords__struct.hpp
[1.016s] -- Up-to-date: /home/amin/cobot/cobot_ws/install/mycobot_pro450_interfaces/include/mycobot_pro450_interfaces/mycobot_pro450_interfaces/msg/detail/mycobot_set_coords__traits.hpp
[1.017s] -- Up-to-date: /home/amin/cobot/cobot_ws/install/mycobot_pro450_interfaces/include/mycobot_pro450_interfaces/mycobot_pro450_interfaces/msg/mycobot_set_coords.hpp
[1.017s] -- Up-to-date: /home/amin/cobot/cobot_ws/install/mycobot_pro450_interfaces/include/mycobot_pro450_interfaces/mycobot_pro450_interfaces/msg/mycobot_set_angles.hpp
[1.017s] -- Up-to-date: /home/amin/cobot/cobot_ws/install/mycobot_pro450_interfaces/include/mycobot_pro450_interfaces/mycobot_pro450_interfaces/msg/rosidl_generator_cpp__visibility_control.hpp
[1.017s] -- Up-to-date: /home/amin/cobot/cobot_ws/install/mycobot_pro450_interfaces/include/mycobot_pro450_interfaces/mycobot_pro450_interfaces/msg/mycobot_coords.hpp
[1.018s] -- Up-to-date: /home/amin/cobot/cobot_ws/install/mycobot_pro450_interfaces/include/mycobot_pro450_interfaces/mycobot_pro450_interfaces
[1.018s] -- Up-to-date: /home/amin/cobot/cobot_ws/install/mycobot_pro450_interfaces/include/mycobot_pro450_interfaces/mycobot_pro450_interfaces/srv
[1.018s] -- Up-to-date: /home/amin/cobot/cobot_ws/install/mycobot_pro450_interfaces/include/mycobot_pro450_interfaces/mycobot_pro450_interfaces/srv/detail
[1.018s] -- Up-to-date: /home/amin/cobot/cobot_ws/install/mycobot_pro450_interfaces/include/mycobot_pro450_interfaces/mycobot_pro450_interfaces/srv/detail/gripper_status__rosidl_typesupport_fastrtps_cpp.hpp
[1.018s] -- Up-to-date: /home/amin/cobot/cobot_ws/install/mycobot_pro450_interfaces/include/mycobot_pro450_interfaces/mycobot_pro450_interfaces/srv/detail/get_gripper_value__rosidl_typesupport_fastrtps_cpp.hpp
[1.018s] -- Up-to-date: /home/amin/cobot/cobot_ws/install/mycobot_pro450_interfaces/include/mycobot_pro450_interfaces/mycobot_pro450_interfaces/srv/detail/dds_fastrtps
[1.019s] -- Up-to-date: /home/amin/cobot/cobot_ws/install/mycobot_pro450_interfaces/include/mycobot_pro450_interfaces/mycobot_pro450_interfaces/srv/detail/get_angles__rosidl_typesupport_fastrtps_cpp.hpp
[1.019s] -- Up-to-date: /home/amin/cobot/cobot_ws/install/mycobot_pro450_interfaces/include/mycobot_pro450_interfaces/mycobot_pro450_interfaces/srv/detail/set_coords__rosidl_typesupport_fastrtps_cpp.hpp
[1.019s] -- Up-to-date: /home/amin/cobot/cobot_ws/install/mycobot_pro450_interfaces/include/mycobot_pro450_interfaces/mycobot_pro450_interfaces/srv/detail/get_coords__rosidl_typesupport_fastrtps_cpp.hpp
[1.020s] -- Up-to-date: /home/amin/cobot/cobot_ws/install/mycobot_pro450_interfaces/include/mycobot_pro450_interfaces/mycobot_pro450_interfaces/srv/detail/set_angles__rosidl_typesupport_fastrtps_cpp.hpp
[1.020s] -- Up-to-date: /home/amin/cobot/cobot_ws/install/mycobot_pro450_interfaces/include/mycobot_pro450_interfaces/mycobot_pro450_interfaces/msg
[1.020s] -- Up-to-date: /home/amin/cobot/cobot_ws/install/mycobot_pro450_interfaces/include/mycobot_pro450_interfaces/mycobot_pro450_interfaces/msg/detail
[1.020s] -- Up-to-date: /home/amin/cobot/cobot_ws/install/mycobot_pro450_interfaces/include/mycobot_pro450_interfaces/mycobot_pro450_interfaces/msg/detail/dds_fastrtps
[1.020s] -- Up-to-date: /home/amin/cobot/cobot_ws/install/mycobot_pro450_interfaces/include/mycobot_pro450_interfaces/mycobot_pro450_interfaces/msg/detail/mycobot_angles__rosidl_typesupport_fastrtps_cpp.hpp
[1.020s] -- Up-to-date: /home/amin/cobot/cobot_ws/install/mycobot_pro450_interfaces/include/mycobot_pro450_interfaces/mycobot_pro450_interfaces/msg/detail/mycobot_set_angles__rosidl_typesupport_fastrtps_cpp.hpp
[1.020s] -- Up-to-date: /home/amin/cobot/cobot_ws/install/mycobot_pro450_interfaces/include/mycobot_pro450_interfaces/mycobot_pro450_interfaces/msg/detail/mycobot_coords__rosidl_typesupport_fastrtps_cpp.hpp
[1.020s] -- Up-to-date: /home/amin/cobot/cobot_ws/install/mycobot_pro450_interfaces/include/mycobot_pro450_interfaces/mycobot_pro450_interfaces/msg/detail/mycobot_gripper_status__rosidl_typesupport_fastrtps_cpp.hpp
[1.020s] -- Up-to-date: /home/amin/cobot/cobot_ws/install/mycobot_pro450_interfaces/include/mycobot_pro450_interfaces/mycobot_pro450_interfaces/msg/detail/mycobot_set_coords__rosidl_typesupport_fastrtps_cpp.hpp
[1.020s] -- Up-to-date: /home/amin/cobot/cobot_ws/install/mycobot_pro450_interfaces/include/mycobot_pro450_interfaces/mycobot_pro450_interfaces/msg/rosidl_typesupport_fastrtps_cpp__visibility_control.h
[1.021s] -- Up-to-date: /home/amin/cobot/cobot_ws/install/mycobot_pro450_interfaces/lib/libmycobot_pro450_interfaces__rosidl_typesupport_fastrtps_cpp.so
[1.021s] -- Up-to-date: /home/amin/cobot/cobot_ws/install/mycobot_pro450_interfaces/include/mycobot_pro450_interfaces/mycobot_pro450_interfaces
[1.021s] -- Up-to-date: /home/amin/cobot/cobot_ws/install/mycobot_pro450_interfaces/include/mycobot_pro450_interfaces/mycobot_pro450_interfaces/srv
[1.021s] -- Up-to-date: /home/amin/cobot/cobot_ws/install/mycobot_pro450_interfaces/include/mycobot_pro450_interfaces/mycobot_pro450_interfaces/srv/detail
[1.021s] -- Up-to-date: /home/amin/cobot/cobot_ws/install/mycobot_pro450_interfaces/include/mycobot_pro450_interfaces/mycobot_pro450_interfaces/srv/detail/set_coords__type_support.cpp
[1.021s] -- Up-to-date: /home/amin/cobot/cobot_ws/install/mycobot_pro450_interfaces/include/mycobot_pro450_interfaces/mycobot_pro450_interfaces/srv/detail/gripper_status__type_support.cpp
[1.021s] -- Up-to-date: /home/amin/cobot/cobot_ws/install/mycobot_pro450_interfaces/include/mycobot_pro450_interfaces/mycobot_pro450_interfaces/srv/detail/gripper_status__rosidl_typesupport_introspection_cpp.hpp
[1.021s] -- Up-to-date: /home/amin/cobot/cobot_ws/install/mycobot_pro450_interfaces/include/mycobot_pro450_interfaces/mycobot_pro450_interfaces/srv/detail/get_coords__type_support.cpp
[1.021s] -- Up-to-date: /home/amin/cobot/cobot_ws/install/mycobot_pro450_interfaces/include/mycobot_pro450_interfaces/mycobot_pro450_interfaces/srv/detail/get_gripper_value__rosidl_typesupport_introspection_cpp.hpp
[1.021s] -- Up-to-date: /home/amin/cobot/cobot_ws/install/mycobot_pro450_interfaces/include/mycobot_pro450_interfaces/mycobot_pro450_interfaces/srv/detail/set_angles__rosidl_typesupport_introspection_cpp.hpp
[1.022s] -- Up-to-date: /home/amin/cobot/cobot_ws/install/mycobot_pro450_interfaces/include/mycobot_pro450_interfaces/mycobot_pro450_interfaces/srv/detail/set_angles__type_support.cpp
[1.022s] -- Up-to-date: /home/amin/cobot/cobot_ws/install/mycobot_pro450_interfaces/include/mycobot_pro450_interfaces/mycobot_pro450_interfaces/srv/detail/get_angles__type_support.cpp
[1.022s] -- Up-to-date: /home/amin/cobot/cobot_ws/install/mycobot_pro450_interfaces/include/mycobot_pro450_interfaces/mycobot_pro450_interfaces/srv/detail/get_gripper_value__type_support.cpp
[1.022s] -- Up-to-date: /home/amin/cobot/cobot_ws/install/mycobot_pro450_interfaces/include/mycobot_pro450_interfaces/mycobot_pro450_interfaces/srv/detail/get_angles__rosidl_typesupport_introspection_cpp.hpp
[1.022s] -- Up-to-date: /home/amin/cobot/cobot_ws/install/mycobot_pro450_interfaces/include/mycobot_pro450_interfaces/mycobot_pro450_interfaces/srv/detail/set_coords__rosidl_typesupport_introspection_cpp.hpp
[1.022s] -- Up-to-date: /home/amin/cobot/cobot_ws/install/mycobot_pro450_interfaces/include/mycobot_pro450_interfaces/mycobot_pro450_interfaces/srv/detail/get_coords__rosidl_typesupport_introspection_cpp.hpp
[1.022s] -- Up-to-date: /home/amin/cobot/cobot_ws/install/mycobot_pro450_interfaces/include/mycobot_pro450_interfaces/mycobot_pro450_interfaces/msg
[1.022s] -- Up-to-date: /home/amin/cobot/cobot_ws/install/mycobot_pro450_interfaces/include/mycobot_pro450_interfaces/mycobot_pro450_interfaces/msg/detail
[1.023s] -- Up-to-date: /home/amin/cobot/cobot_ws/install/mycobot_pro450_interfaces/include/mycobot_pro450_interfaces/mycobot_pro450_interfaces/msg/detail/mycobot_angles__type_support.cpp
[1.023s] -- Up-to-date: /home/amin/cobot/cobot_ws/install/mycobot_pro450_interfaces/include/mycobot_pro450_interfaces/mycobot_pro450_interfaces/msg/detail/mycobot_set_angles__type_support.cpp
[1.023s] -- Up-to-date: /home/amin/cobot/cobot_ws/install/mycobot_pro450_interfaces/include/mycobot_pro450_interfaces/mycobot_pro450_interfaces/msg/detail/mycobot_coords__type_support.cpp
[1.023s] -- Up-to-date: /home/amin/cobot/cobot_ws/install/mycobot_pro450_interfaces/include/mycobot_pro450_interfaces/mycobot_pro450_interfaces/msg/detail/mycobot_angles__rosidl_typesupport_introspection_cpp.hpp
[1.023s] -- Up-to-date: /home/amin/cobot/cobot_ws/install/mycobot_pro450_interfaces/include/mycobot_pro450_interfaces/mycobot_pro450_interfaces/msg/detail/mycobot_set_coords__type_support.cpp
[1.023s] -- Up-to-date: /home/amin/cobot/cobot_ws/install/mycobot_pro450_interfaces/include/mycobot_pro450_interfaces/mycobot_pro450_interfaces/msg/detail/mycobot_gripper_status__type_support.cpp
[1.023s] -- Up-to-date: /home/amin/cobot/cobot_ws/install/mycobot_pro450_interfaces/include/mycobot_pro450_interfaces/mycobot_pro450_interfaces/msg/detail/mycobot_set_coords__rosidl_typesupport_introspection_cpp.hpp
[1.024s] -- Up-to-date: /home/amin/cobot/cobot_ws/install/mycobot_pro450_interfaces/include/mycobot_pro450_interfaces/mycobot_pro450_interfaces/msg/detail/mycobot_set_angles__rosidl_typesupport_introspection_cpp.hpp
[1.024s] -- Up-to-date: /home/amin/cobot/cobot_ws/install/mycobot_pro450_interfaces/include/mycobot_pro450_interfaces/mycobot_pro450_interfaces/msg/detail/mycobot_coords__rosidl_typesupport_introspection_cpp.hpp
[1.024s] -- Up-to-date: /home/amin/cobot/cobot_ws/install/mycobot_pro450_interfaces/include/mycobot_pro450_interfaces/mycobot_pro450_interfaces/msg/detail/mycobot_gripper_status__rosidl_typesupport_introspection_cpp.hpp
[1.024s] -- Up-to-date: /home/amin/cobot/cobot_ws/install/mycobot_pro450_interfaces/lib/libmycobot_pro450_interfaces__rosidl_typesupport_introspection_cpp.so
[1.024s] -- Up-to-date: /home/amin/cobot/cobot_ws/install/mycobot_pro450_interfaces/lib/libmycobot_pro450_interfaces__rosidl_typesupport_cpp.so
[1.024s] -- Up-to-date: /home/amin/cobot/cobot_ws/install/mycobot_pro450_interfaces/share/mycobot_pro450_interfaces/environment/pythonpath.sh
[1.024s] -- Up-to-date: /home/amin/cobot/cobot_ws/install/mycobot_pro450_interfaces/share/mycobot_pro450_interfaces/environment/pythonpath.dsv
[1.025s] -- Up-to-date: /home/amin/cobot/cobot_ws/install/mycobot_pro450_interfaces/lib/python3.12/site-packages/mycobot_pro450_interfaces-1.0.0-py3.12.egg-info
[1.025s] -- Installing: /home/amin/cobot/cobot_ws/install/mycobot_pro450_interfaces/lib/python3.12/site-packages/mycobot_pro450_interfaces-1.0.0-py3.12.egg-info/SOURCES.txt
[1.025s] -- Installing: /home/amin/cobot/cobot_ws/install/mycobot_pro450_interfaces/lib/python3.12/site-packages/mycobot_pro450_interfaces-1.0.0-py3.12.egg-info/PKG-INFO
[1.025s] -- Installing: /home/amin/cobot/cobot_ws/install/mycobot_pro450_interfaces/lib/python3.12/site-packages/mycobot_pro450_interfaces-1.0.0-py3.12.egg-info/top_level.txt
[1.025s] -- Installing: /home/amin/cobot/cobot_ws/install/mycobot_pro450_interfaces/lib/python3.12/site-packages/mycobot_pro450_interfaces-1.0.0-py3.12.egg-info/dependency_links.txt
[1.025s] -- Up-to-date: /home/amin/cobot/cobot_ws/install/mycobot_pro450_interfaces/lib/python3.12/site-packages/mycobot_pro450_interfaces
[1.025s] -- Up-to-date: /home/amin/cobot/cobot_ws/install/mycobot_pro450_interfaces/lib/python3.12/site-packages/mycobot_pro450_interfaces/__init__.py
[1.025s] -- Up-to-date: /home/amin/cobot/cobot_ws/install/mycobot_pro450_interfaces/lib/python3.12/site-packages/mycobot_pro450_interfaces/srv
[1.025s] -- Up-to-date: /home/amin/cobot/cobot_ws/install/mycobot_pro450_interfaces/lib/python3.12/site-packages/mycobot_pro450_interfaces/srv/_get_coords_s.c
[1.026s] -- Up-to-date: /home/amin/cobot/cobot_ws/install/mycobot_pro450_interfaces/lib/python3.12/site-packages/mycobot_pro450_interfaces/srv/_get_angles_s.c
[1.026s] -- Up-to-date: /home/amin/cobot/cobot_ws/install/mycobot_pro450_interfaces/lib/python3.12/site-packages/mycobot_pro450_interfaces/srv/_get_angles.py
[1.026s] -- Up-to-date: /home/amin/cobot/cobot_ws/install/mycobot_pro450_interfaces/lib/python3.12/site-packages/mycobot_pro450_interfaces/srv/_set_angles.py
[1.026s] -- Up-to-date: /home/amin/cobot/cobot_ws/install/mycobot_pro450_interfaces/lib/python3.12/site-packages/mycobot_pro450_interfaces/srv/_set_coords.py
[1.026s] -- Up-to-date: /home/amin/cobot/cobot_ws/install/mycobot_pro450_interfaces/lib/python3.12/site-packages/mycobot_pro450_interfaces/srv/__init__.py
[1.026s] -- Up-to-date: /home/amin/cobot/cobot_ws/install/mycobot_pro450_interfaces/lib/python3.12/site-packages/mycobot_pro450_interfaces/srv/_get_gripper_value_s.c
[1.026s] -- Up-to-date: /home/amin/cobot/cobot_ws/install/mycobot_pro450_interfaces/lib/python3.12/site-packages/mycobot_pro450_interfaces/srv/_get_coords.py
[1.026s] -- Up-to-date: /home/amin/cobot/cobot_ws/install/mycobot_pro450_interfaces/lib/python3.12/site-packages/mycobot_pro450_interfaces/srv/_gripper_status_s.c
[1.026s] -- Up-to-date: /home/amin/cobot/cobot_ws/install/mycobot_pro450_interfaces/lib/python3.12/site-packages/mycobot_pro450_interfaces/srv/_gripper_status.py
[1.027s] -- Up-to-date: /home/amin/cobot/cobot_ws/install/mycobot_pro450_interfaces/lib/python3.12/site-packages/mycobot_pro450_interfaces/srv/_set_coords_s.c
[1.027s] -- Up-to-date: /home/amin/cobot/cobot_ws/install/mycobot_pro450_interfaces/lib/python3.12/site-packages/mycobot_pro450_interfaces/srv/_set_angles_s.c
[1.027s] -- Up-to-date: /home/amin/cobot/cobot_ws/install/mycobot_pro450_interfaces/lib/python3.12/site-packages/mycobot_pro450_interfaces/srv/_get_gripper_value.py
[1.027s] -- Up-to-date: /home/amin/cobot/cobot_ws/install/mycobot_pro450_interfaces/lib/python3.12/site-packages/mycobot_pro450_interfaces/_mycobot_pro450_interfaces_s.ep.rosidl_typesupport_c.c
[1.027s] -- Up-to-date: /home/amin/cobot/cobot_ws/install/mycobot_pro450_interfaces/lib/python3.12/site-packages/mycobot_pro450_interfaces/mycobot_pro450_interfaces_s__rosidl_typesupport_fastrtps_c.so
[1.027s] -- Up-to-date: /home/amin/cobot/cobot_ws/install/mycobot_pro450_interfaces/lib/python3.12/site-packages/mycobot_pro450_interfaces/mycobot_pro450_interfaces_s__rosidl_typesupport_c.so
[1.027s] -- Up-to-date: /home/amin/cobot/cobot_ws/install/mycobot_pro450_interfaces/lib/python3.12/site-packages/mycobot_pro450_interfaces/mycobot_pro450_interfaces_s__rosidl_typesupport_introspection_c.so
[1.027s] -- Up-to-date: /home/amin/cobot/cobot_ws/install/mycobot_pro450_interfaces/lib/python3.12/site-packages/mycobot_pro450_interfaces/_mycobot_pro450_interfaces_s.ep.rosidl_typesupport_fastrtps_c.c
[1.027s] -- Up-to-date: /home/amin/cobot/cobot_ws/install/mycobot_pro450_interfaces/lib/python3.12/site-packages/mycobot_pro450_interfaces/msg
[1.028s] -- Up-to-date: /home/amin/cobot/cobot_ws/install/mycobot_pro450_interfaces/lib/python3.12/site-packages/mycobot_pro450_interfaces/msg/_mycobot_set_angles_s.c
[1.028s] -- Up-to-date: /home/amin/cobot/cobot_ws/install/mycobot_pro450_interfaces/lib/python3.12/site-packages/mycobot_pro450_interfaces/msg/__init__.py
[1.028s] -- Up-to-date: /home/amin/cobot/cobot_ws/install/mycobot_pro450_interfaces/lib/python3.12/site-packages/mycobot_pro450_interfaces/msg/_mycobot_gripper_status.py
[1.028s] -- Up-to-date: /home/amin/cobot/cobot_ws/install/mycobot_pro450_interfaces/lib/python3.12/site-packages/mycobot_pro450_interfaces/msg/_mycobot_set_angles.py
[1.029s] -- Up-to-date: /home/amin/cobot/cobot_ws/install/mycobot_pro450_interfaces/lib/python3.12/site-packages/mycobot_pro450_interfaces/msg/_mycobot_set_coords_s.c
[1.029s] -- Up-to-date: /home/amin/cobot/cobot_ws/install/mycobot_pro450_interfaces/lib/python3.12/site-packages/mycobot_pro450_interfaces/msg/_mycobot_coords_s.c
[1.029s] -- Up-to-date: /home/amin/cobot/cobot_ws/install/mycobot_pro450_interfaces/lib/python3.12/site-packages/mycobot_pro450_interfaces/msg/_mycobot_angles_s.c
[1.029s] -- Up-to-date: /home/amin/cobot/cobot_ws/install/mycobot_pro450_interfaces/lib/python3.12/site-packages/mycobot_pro450_interfaces/msg/_mycobot_set_coords.py
[1.029s] -- Up-to-date: /home/amin/cobot/cobot_ws/install/mycobot_pro450_interfaces/lib/python3.12/site-packages/mycobot_pro450_interfaces/msg/_mycobot_coords.py
[1.029s] -- Up-to-date: /home/amin/cobot/cobot_ws/install/mycobot_pro450_interfaces/lib/python3.12/site-packages/mycobot_pro450_interfaces/msg/_mycobot_angles.py
[1.029s] -- Up-to-date: /home/amin/cobot/cobot_ws/install/mycobot_pro450_interfaces/lib/python3.12/site-packages/mycobot_pro450_interfaces/msg/_mycobot_gripper_status_s.c
[1.029s] -- Up-to-date: /home/amin/cobot/cobot_ws/install/mycobot_pro450_interfaces/lib/python3.12/site-packages/mycobot_pro450_interfaces/_mycobot_pro450_interfaces_s.ep.rosidl_typesupport_introspection_c.c
[1.054s] Listing '/home/amin/cobot/cobot_ws/install/mycobot_pro450_interfaces/lib/python3.12/site-packages/mycobot_pro450_interfaces'...
[1.054s] Listing '/home/amin/cobot/cobot_ws/install/mycobot_pro450_interfaces/lib/python3.12/site-packages/mycobot_pro450_interfaces/msg'...
[1.054s] Listing '/home/amin/cobot/cobot_ws/install/mycobot_pro450_interfaces/lib/python3.12/site-packages/mycobot_pro450_interfaces/srv'...
[1.054s] -- Up-to-date: /home/amin/cobot/cobot_ws/install/mycobot_pro450_interfaces/lib/python3.12/site-packages/mycobot_pro450_interfaces/mycobot_pro450_interfaces_s__rosidl_typesupport_fastrtps_c.so
[1.054s] -- Up-to-date: /home/amin/cobot/cobot_ws/install/mycobot_pro450_interfaces/lib/python3.12/site-packages/mycobot_pro450_interfaces/mycobot_pro450_interfaces_s__rosidl_typesupport_introspection_c.so
[1.054s] -- Up-to-date: /home/amin/cobot/cobot_ws/install/mycobot_pro450_interfaces/lib/python3.12/site-packages/mycobot_pro450_interfaces/mycobot_pro450_interfaces_s__rosidl_typesupport_c.so
[1.054s] -- Up-to-date: /home/amin/cobot/cobot_ws/install/mycobot_pro450_interfaces/lib/libmycobot_pro450_interfaces__rosidl_generator_py.so
[1.054s] -- Up-to-date: /home/amin/cobot/cobot_ws/install/mycobot_pro450_interfaces/share/mycobot_pro450_interfaces/msg/MycobotAngles.idl
[1.054s] -- Up-to-date: /home/amin/cobot/cobot_ws/install/mycobot_pro450_interfaces/share/mycobot_pro450_interfaces/msg/MycobotCoords.idl
[1.055s] -- Up-to-date: /home/amin/cobot/cobot_ws/install/mycobot_pro450_interfaces/share/mycobot_pro450_interfaces/msg/MycobotSetAngles.idl
[1.055s] -- Up-to-date: /home/amin/cobot/cobot_ws/install/mycobot_pro450_interfaces/share/mycobot_pro450_interfaces/msg/MycobotSetCoords.idl
[1.055s] -- Up-to-date: /home/amin/cobot/cobot_ws/install/mycobot_pro450_interfaces/share/mycobot_pro450_interfaces/msg/MycobotGripperStatus.idl
[1.055s] -- Up-to-date: /home/amin/cobot/cobot_ws/install/mycobot_pro450_interfaces/share/mycobot_pro450_interfaces/srv/GetAngles.idl
[1.055s] -- Up-to-date: /home/amin/cobot/cobot_ws/install/mycobot_pro450_interfaces/share/mycobot_pro450_interfaces/srv/SetAngles.idl
[1.055s] -- Up-to-date: /home/amin/cobot/cobot_ws/install/mycobot_pro450_interfaces/share/mycobot_pro450_interfaces/srv/GetCoords.idl
[1.055s] -- Up-to-date: /home/amin/cobot/cobot_ws/install/mycobot_pro450_interfaces/share/mycobot_pro450_interfaces/srv/SetCoords.idl
[1.055s] -- Up-to-date: /home/amin/cobot/cobot_ws/install/mycobot_pro450_interfaces/share/mycobot_pro450_interfaces/srv/GripperStatus.idl
[1.055s] -- Up-to-date: /home/amin/cobot/cobot_ws/install/mycobot_pro450_interfaces/share/mycobot_pro450_interfaces/srv/GetGripperValue.idl
[1.055s] -- Up-to-date: /home/amin/cobot/cobot_ws/install/mycobot_pro450_interfaces/share/mycobot_pro450_interfaces/msg/MycobotAngles.msg
[1.055s] -- Up-to-date: /home/amin/cobot/cobot_ws/install/mycobot_pro450_interfaces/share/mycobot_pro450_interfaces/msg/MycobotCoords.msg
[1.056s] -- Up-to-date: /home/amin/cobot/cobot_ws/install/mycobot_pro450_interfaces/share/mycobot_pro450_interfaces/msg/MycobotSetAngles.msg
[1.056s] -- Up-to-date: /home/amin/cobot/cobot_ws/install/mycobot_pro450_interfaces/share/mycobot_pro450_interfaces/msg/MycobotSetCoords.msg
[1.056s] -- Up-to-date: /home/amin/cobot/cobot_ws/install/mycobot_pro450_interfaces/share/mycobot_pro450_interfaces/msg/MycobotGripperStatus.msg
[1.056s] -- Up-to-date: /home/amin/cobot/cobot_ws/install/mycobot_pro450_interfaces/share/mycobot_pro450_interfaces/srv/GetAngles.srv
[1.056s] -- Up-to-date: /home/amin/cobot/cobot_ws/install/mycobot_pro450_interfaces/share/mycobot_pro450_interfaces/srv/SetAngles.srv
[1.056s] -- Up-to-date: /home/amin/cobot/cobot_ws/install/mycobot_pro450_interfaces/share/mycobot_pro450_interfaces/srv/GetCoords.srv
[1.056s] -- Up-to-date: /home/amin/cobot/cobot_ws/install/mycobot_pro450_interfaces/share/mycobot_pro450_interfaces/srv/SetCoords.srv
[1.056s] -- Up-to-date: /home/amin/cobot/cobot_ws/install/mycobot_pro450_interfaces/share/mycobot_pro450_interfaces/srv/GripperStatus.srv
[1.056s] -- Up-to-date: /home/amin/cobot/cobot_ws/install/mycobot_pro450_interfaces/share/mycobot_pro450_interfaces/srv/GetGripperValue.srv
[1.056s] -- Up-to-date: /home/amin/cobot/cobot_ws/install/mycobot_pro450_interfaces/share/ament_index/resource_index/package_run_dependencies/mycobot_pro450_interfaces
[1.056s] -- Up-to-date: /home/amin/cobot/cobot_ws/install/mycobot_pro450_interfaces/share/ament_index/resource_index/parent_prefix_path/mycobot_pro450_interfaces
[1.056s] -- Up-to-date: /home/amin/cobot/cobot_ws/install/mycobot_pro450_interfaces/share/mycobot_pro450_interfaces/environment/ament_prefix_path.sh
[1.056s] -- Up-to-date: /home/amin/cobot/cobot_ws/install/mycobot_pro450_interfaces/share/mycobot_pro450_interfaces/environment/ament_prefix_path.dsv
[1.056s] -- Up-to-date: /home/amin/cobot/cobot_ws/install/mycobot_pro450_interfaces/share/mycobot_pro450_interfaces/environment/path.sh
[1.056s] -- Up-to-date: /home/amin/cobot/cobot_ws/install/mycobot_pro450_interfaces/share/mycobot_pro450_interfaces/environment/path.dsv
[1.056s] -- Up-to-date: /home/amin/cobot/cobot_ws/install/mycobot_pro450_interfaces/share/mycobot_pro450_interfaces/local_setup.bash
[1.056s] -- Up-to-date: /home/amin/cobot/cobot_ws/install/mycobot_pro450_interfaces/share/mycobot_pro450_interfaces/local_setup.sh
[1.056s] -- Up-to-date: /home/amin/cobot/cobot_ws/install/mycobot_pro450_interfaces/share/mycobot_pro450_interfaces/local_setup.zsh
[1.056s] -- Up-to-date: /home/amin/cobot/cobot_ws/install/mycobot_pro450_interfaces/share/mycobot_pro450_interfaces/local_setup.dsv
[1.056s] -- Installing: /home/amin/cobot/cobot_ws/install/mycobot_pro450_interfaces/share/mycobot_pro450_interfaces/package.dsv
[1.056s] -- Up-to-date: /home/amin/cobot/cobot_ws/install/mycobot_pro450_interfaces/share/ament_index/resource_index/packages/mycobot_pro450_interfaces
[1.057s] -- Up-to-date: /home/amin/cobot/cobot_ws/install/mycobot_pro450_interfaces/share/mycobot_pro450_interfaces/cmake/export_mycobot_pro450_interfaces__rosidl_generator_cExport.cmake
[1.057s] -- Up-to-date: /home/amin/cobot/cobot_ws/install/mycobot_pro450_interfaces/share/mycobot_pro450_interfaces/cmake/export_mycobot_pro450_interfaces__rosidl_generator_cExport-noconfig.cmake
[1.057s] -- Up-to-date: /home/amin/cobot/cobot_ws/install/mycobot_pro450_interfaces/share/mycobot_pro450_interfaces/cmake/export_mycobot_pro450_interfaces__rosidl_typesupport_fastrtps_cExport.cmake
[1.057s] -- Up-to-date: /home/amin/cobot/cobot_ws/install/mycobot_pro450_interfaces/share/mycobot_pro450_interfaces/cmake/export_mycobot_pro450_interfaces__rosidl_typesupport_fastrtps_cExport-noconfig.cmake
[1.057s] -- Up-to-date: /home/amin/cobot/cobot_ws/install/mycobot_pro450_interfaces/share/mycobot_pro450_interfaces/cmake/mycobot_pro450_interfaces__rosidl_typesupport_introspection_cExport.cmake
[1.057s] -- Up-to-date: /home/amin/cobot/cobot_ws/install/mycobot_pro450_interfaces/share/mycobot_pro450_interfaces/cmake/mycobot_pro450_interfaces__rosidl_typesupport_introspection_cExport-noconfig.cmake
[1.057s] -- Up-to-date: /home/amin/cobot/cobot_ws/install/mycobot_pro450_interfaces/share/mycobot_pro450_interfaces/cmake/mycobot_pro450_interfaces__rosidl_typesupport_cExport.cmake
[1.057s] -- Up-to-date: /home/amin/cobot/cobot_ws/install/mycobot_pro450_interfaces/share/mycobot_pro450_interfaces/cmake/mycobot_pro450_interfaces__rosidl_typesupport_cExport-noconfig.cmake
[1.057s] -- Up-to-date: /home/amin/cobot/cobot_ws/install/mycobot_pro450_interfaces/share/mycobot_pro450_interfaces/cmake/export_mycobot_pro450_interfaces__rosidl_generator_cppExport.cmake
[1.057s] -- Up-to-date: /home/amin/cobot/cobot_ws/install/mycobot_pro450_interfaces/share/mycobot_pro450_interfaces/cmake/export_mycobot_pro450_interfaces__rosidl_typesupport_fastrtps_cppExport.cmake
[1.057s] -- Up-to-date: /home/amin/cobot/cobot_ws/install/mycobot_pro450_interfaces/share/mycobot_pro450_interfaces/cmake/export_mycobot_pro450_interfaces__rosidl_typesupport_fastrtps_cppExport-noconfig.cmake
[1.057s] -- Up-to-date: /home/amin/cobot/cobot_ws/install/mycobot_pro450_interfaces/share/mycobot_pro450_interfaces/cmake/mycobot_pro450_interfaces__rosidl_typesupport_introspection_cppExport.cmake
[1.057s] -- Up-to-date: /home/amin/cobot/cobot_ws/install/mycobot_pro450_interfaces/share/mycobot_pro450_interfaces/cmake/mycobot_pro450_interfaces__rosidl_typesupport_introspection_cppExport-noconfig.cmake
[1.057s] -- Up-to-date: /home/amin/cobot/cobot_ws/install/mycobot_pro450_interfaces/share/mycobot_pro450_interfaces/cmake/mycobot_pro450_interfaces__rosidl_typesupport_cppExport.cmake
[1.057s] -- Up-to-date: /home/amin/cobot/cobot_ws/install/mycobot_pro450_interfaces/share/mycobot_pro450_interfaces/cmake/mycobot_pro450_interfaces__rosidl_typesupport_cppExport-noconfig.cmake
[1.057s] -- Up-to-date: /home/amin/cobot/cobot_ws/install/mycobot_pro450_interfaces/share/mycobot_pro450_interfaces/cmake/export_mycobot_pro450_interfaces__rosidl_generator_pyExport.cmake
[1.057s] -- Up-to-date: /home/amin/cobot/cobot_ws/install/mycobot_pro450_interfaces/share/mycobot_pro450_interfaces/cmake/export_mycobot_pro450_interfaces__rosidl_generator_pyExport-noconfig.cmake
[1.057s] -- Up-to-date: /home/amin/cobot/cobot_ws/install/mycobot_pro450_interfaces/share/mycobot_pro450_interfaces/cmake/rosidl_cmake-extras.cmake
[1.057s] -- Up-to-date: /home/amin/cobot/cobot_ws/install/mycobot_pro450_interfaces/share/mycobot_pro450_interfaces/cmake/ament_cmake_export_dependencies-extras.cmake
[1.057s] -- Up-to-date: /home/amin/cobot/cobot_ws/install/mycobot_pro450_interfaces/share/mycobot_pro450_interfaces/cmake/ament_cmake_export_include_directories-extras.cmake
[1.057s] -- Up-to-date: /home/amin/cobot/cobot_ws/install/mycobot_pro450_interfaces/share/mycobot_pro450_interfaces/cmake/ament_cmake_export_libraries-extras.cmake
[1.058s] -- Up-to-date: /home/amin/cobot/cobot_ws/install/mycobot_pro450_interfaces/share/mycobot_pro450_interfaces/cmake/ament_cmake_export_targets-extras.cmake
[1.058s] -- Up-to-date: /home/amin/cobot/cobot_ws/install/mycobot_pro450_interfaces/share/mycobot_pro450_interfaces/cmake/rosidl_cmake_export_typesupport_targets-extras.cmake
[1.058s] -- Up-to-date: /home/amin/cobot/cobot_ws/install/mycobot_pro450_interfaces/share/mycobot_pro450_interfaces/cmake/rosidl_cmake_export_typesupport_libraries-extras.cmake
[1.058s] -- Up-to-date: /home/amin/cobot/cobot_ws/install/mycobot_pro450_interfaces/share/mycobot_pro450_interfaces/cmake/mycobot_pro450_interfacesConfig.cmake
[1.058s] -- Up-to-date: /home/amin/cobot/cobot_ws/install/mycobot_pro450_interfaces/share/mycobot_pro450_interfaces/cmake/mycobot_pro450_interfacesConfig-version.cmake
[1.058s] -- Up-to-date: /home/amin/cobot/cobot_ws/install/mycobot_pro450_interfaces/share/mycobot_pro450_interfaces/package.xml
[1.096s] Invoked command in '/home/amin/cobot/cobot_ws/build/mycobot_pro450_interfaces' returned '0': CMAKE_PREFIX_PATH=${CMAKE_PREFIX_PATH}:/home/amin/cobot/cobot_ws/install/ultraarm:/home/amin/cobot/cobot_ws/install/pro450_moveit2_control:/home/amin/cobot/cobot_ws/install/mypalletizer_communication:/home/amin/cobot/cobot_ws/install/mypalletizer_260_pi:/home/amin/cobot/cobot_ws/install/mypalletizer_260:/home/amin/cobot/cobot_ws/install/mycobot_pro_450:/home/amin/cobot/cobot_ws/install/myarm_m750:/home/amin/cobot/cobot_ws/install/myarm_c650:/home/amin/cobot/cobot_ws/install/mycobot_communication:/home/amin/cobot/cobot_ws/install/mecharm_communication:/home/amin/cobot/cobot_ws/install/mycobot_630:/home/amin/cobot/cobot_ws/install/mycobot_600:/home/amin/cobot/cobot_ws/install/mycobot_320pi:/home/amin/cobot/cobot_ws/install/mycobot_320_riscv:/home/amin/cobot/cobot_ws/install/mycobot_320:/home/amin/cobot/cobot_ws/install/mycobot_280pi:/home/amin/cobot/cobot_ws/install/mycobot_280jn:/home/amin/cobot/cobot_ws/install/mycobot_280_x3pi:/home/amin/cobot/cobot_ws/install/mycobot_280_riscv:/home/amin/cobot/cobot_ws/install/mycobot_280_rdkx5:/home/amin/cobot/cobot_ws/install/mycobot_280_moveit2_control:/home/amin/cobot/cobot_ws/install/mycobot_280_arduino:/home/amin/cobot/cobot_ws/install/mycobot_280:/home/amin/cobot/cobot_ws/install/mybuddy:/home/amin/cobot/cobot_ws/install/myarm_300:/home/amin/cobot/cobot_ws/install/mecharm_pi:/home/amin/cobot/cobot_ws/install/mecharm:/home/amin/cobot/cobot_ws/install/mycobot_description:/opt/ros/jazzy DEBUGINFOD_URLS=https://debuginfod.ubuntu.com /usr/bin/cmake --install /home/amin/cobot/cobot_ws/build/mycobot_pro450_interfaces
