/home/amin/cobot/cobot_ws/install/mycobot_280_rdkx5/lib/python3.12/site-packages/mycobot_280_rdkx5/listen_real.py
/home/amin/cobot/cobot_ws/install/mycobot_280_rdkx5/lib/python3.12/site-packages/mycobot_280_rdkx5/slider_control.py
/home/amin/cobot/cobot_ws/install/mycobot_280_rdkx5/lib/python3.12/site-packages/mycobot_280_rdkx5/teleop_keyboard.py
/home/amin/cobot/cobot_ws/install/mycobot_280_rdkx5/lib/python3.12/site-packages/mycobot_280_rdkx5/__init__.py
/home/amin/cobot/cobot_ws/install/mycobot_280_rdkx5/lib/python3.12/site-packages/mycobot_280_rdkx5/slider_control_adaptive_gripper.py
/home/amin/cobot/cobot_ws/install/mycobot_280_rdkx5/lib/python3.12/site-packages/mycobot_280_rdkx5/follow_display.py
/home/amin/cobot/cobot_ws/install/mycobot_280_rdkx5/lib/python3.12/site-packages/mycobot_280_rdkx5/simple_gui.py
/home/amin/cobot/cobot_ws/install/mycobot_280_rdkx5/lib/python3.12/site-packages/mycobot_280_rdkx5/__pycache__/listen_real.cpython-312.pyc
/home/amin/cobot/cobot_ws/install/mycobot_280_rdkx5/lib/python3.12/site-packages/mycobot_280_rdkx5/__pycache__/slider_control.cpython-312.pyc
/home/amin/cobot/cobot_ws/install/mycobot_280_rdkx5/lib/python3.12/site-packages/mycobot_280_rdkx5/__pycache__/teleop_keyboard.cpython-312.pyc
/home/amin/cobot/cobot_ws/install/mycobot_280_rdkx5/lib/python3.12/site-packages/mycobot_280_rdkx5/__pycache__/__init__.cpython-312.pyc
/home/amin/cobot/cobot_ws/install/mycobot_280_rdkx5/lib/python3.12/site-packages/mycobot_280_rdkx5/__pycache__/slider_control_adaptive_gripper.cpython-312.pyc
/home/amin/cobot/cobot_ws/install/mycobot_280_rdkx5/lib/python3.12/site-packages/mycobot_280_rdkx5/__pycache__/follow_display.cpython-312.pyc
/home/amin/cobot/cobot_ws/install/mycobot_280_rdkx5/lib/python3.12/site-packages/mycobot_280_rdkx5/__pycache__/simple_gui.cpython-312.pyc
/home/amin/cobot/cobot_ws/install/mycobot_280_rdkx5/share/ament_index/resource_index/packages/mycobot_280_rdkx5
/home/amin/cobot/cobot_ws/install/mycobot_280_rdkx5/share/mycobot_280_rdkx5/package.xml
/home/amin/cobot/cobot_ws/install/mycobot_280_rdkx5/share/mycobot_280_rdkx5/launch/mycobot_follow.launch.py
/home/amin/cobot/cobot_ws/install/mycobot_280_rdkx5/share/mycobot_280_rdkx5/launch/teleop_keyboard.launch.py
/home/amin/cobot/cobot_ws/install/mycobot_280_rdkx5/share/mycobot_280_rdkx5/launch/simple_gui.launch.py
/home/amin/cobot/cobot_ws/install/mycobot_280_rdkx5/share/mycobot_280_rdkx5/launch/slider_control_adaptive_gripper.launch.py
/home/amin/cobot/cobot_ws/install/mycobot_280_rdkx5/share/mycobot_280_rdkx5/launch/test.launch.py
/home/amin/cobot/cobot_ws/install/mycobot_280_rdkx5/share/mycobot_280_rdkx5/launch/test_adaptive_gripper.launch.py
/home/amin/cobot/cobot_ws/install/mycobot_280_rdkx5/share/mycobot_280_rdkx5/launch/slider_control.launch.py
/home/amin/cobot/cobot_ws/install/mycobot_280_rdkx5/share/mycobot_280_rdkx5/config/mycobot_280_rdkx5.rviz
/home/amin/cobot/cobot_ws/install/mycobot_280_rdkx5/lib/python3.12/site-packages/mycobot_280_rdkx5-0.0.0-py3.12.egg-info/SOURCES.txt
/home/amin/cobot/cobot_ws/install/mycobot_280_rdkx5/lib/python3.12/site-packages/mycobot_280_rdkx5-0.0.0-py3.12.egg-info/entry_points.txt
/home/amin/cobot/cobot_ws/install/mycobot_280_rdkx5/lib/python3.12/site-packages/mycobot_280_rdkx5-0.0.0-py3.12.egg-info/requires.txt
/home/amin/cobot/cobot_ws/install/mycobot_280_rdkx5/lib/python3.12/site-packages/mycobot_280_rdkx5-0.0.0-py3.12.egg-info/PKG-INFO
/home/amin/cobot/cobot_ws/install/mycobot_280_rdkx5/lib/python3.12/site-packages/mycobot_280_rdkx5-0.0.0-py3.12.egg-info/zip-safe
/home/amin/cobot/cobot_ws/install/mycobot_280_rdkx5/lib/python3.12/site-packages/mycobot_280_rdkx5-0.0.0-py3.12.egg-info/top_level.txt
/home/amin/cobot/cobot_ws/install/mycobot_280_rdkx5/lib/python3.12/site-packages/mycobot_280_rdkx5-0.0.0-py3.12.egg-info/dependency_links.txt
/home/amin/cobot/cobot_ws/install/mycobot_280_rdkx5/lib/mycobot_280_rdkx5/follow_display
/home/amin/cobot/cobot_ws/install/mycobot_280_rdkx5/lib/mycobot_280_rdkx5/listen_real
/home/amin/cobot/cobot_ws/install/mycobot_280_rdkx5/lib/mycobot_280_rdkx5/simple_gui
/home/amin/cobot/cobot_ws/install/mycobot_280_rdkx5/lib/mycobot_280_rdkx5/slider_control
/home/amin/cobot/cobot_ws/install/mycobot_280_rdkx5/lib/mycobot_280_rdkx5/slider_control_adaptive_gripper
/home/amin/cobot/cobot_ws/install/mycobot_280_rdkx5/lib/mycobot_280_rdkx5/teleop_keyboard
