[0.208s] Invoking command in '/home/amin/cobot/cobot_ws/build/mypalletizer_interfaces': CMAKE_PREFIX_PATH=${CMAKE_PREFIX_PATH}:/home/amin/cobot/cobot_ws/install/ultraarm:/home/amin/cobot/cobot_ws/install/pro450_moveit2_control:/home/amin/cobot/cobot_ws/install/mypalletizer_communication:/home/amin/cobot/cobot_ws/install/mypalletizer_260_pi:/home/amin/cobot/cobot_ws/install/mypalletizer_260:/home/amin/cobot/cobot_ws/install/mycobot_pro_450:/home/amin/cobot/cobot_ws/install/myarm_m750:/home/amin/cobot/cobot_ws/install/myarm_c650:/home/amin/cobot/cobot_ws/install/mycobot_communication:/home/amin/cobot/cobot_ws/install/mecharm_communication:/home/amin/cobot/cobot_ws/install/mycobot_630:/home/amin/cobot/cobot_ws/install/mycobot_600:/home/amin/cobot/cobot_ws/install/mycobot_320pi:/home/amin/cobot/cobot_ws/install/mycobot_320_riscv:/home/amin/cobot/cobot_ws/install/mycobot_320:/home/amin/cobot/cobot_ws/install/mycobot_280pi:/home/amin/cobot/cobot_ws/install/mycobot_280jn:/home/amin/cobot/cobot_ws/install/mycobot_280_x3pi:/home/amin/cobot/cobot_ws/install/mycobot_280_riscv:/home/amin/cobot/cobot_ws/install/mycobot_280_rdkx5:/home/amin/cobot/cobot_ws/install/mycobot_280_moveit2_control:/home/amin/cobot/cobot_ws/install/mycobot_280_arduino:/home/amin/cobot/cobot_ws/install/mycobot_280:/home/amin/cobot/cobot_ws/install/mybuddy:/home/amin/cobot/cobot_ws/install/myarm_300:/home/amin/cobot/cobot_ws/install/mecharm_pi:/home/amin/cobot/cobot_ws/install/mecharm:/home/amin/cobot/cobot_ws/install/mycobot_description:/opt/ros/jazzy DEBUGINFOD_URLS=https://debuginfod.ubuntu.com /usr/bin/cmake --build /home/amin/cobot/cobot_ws/build/mypalletizer_interfaces -- -j8 -l8
[0.262s] [  1%] Built target mypalletizer_interfaces__rosidl_generator_type_description
[0.279s] [  1%] Built target ament_cmake_python_copy_mypalletizer_interfaces
[0.297s] [  1%] Built target mypalletizer_interfaces__cpp
[0.313s] [ 27%] Built target mypalletizer_interfaces__rosidl_generator_c
[0.368s] [ 37%] Built target mypalletizer_interfaces__rosidl_typesupport_c
[0.379s] [ 47%] Built target mypalletizer_interfaces__rosidl_typesupport_introspection_c
[0.382s] [ 56%] Built target mypalletizer_interfaces__rosidl_typesupport_cpp
[0.410s] [ 66%] Built target mypalletizer_interfaces__rosidl_typesupport_fastrtps_c
[0.438s] [ 75%] Built target mypalletizer_interfaces__rosidl_typesupport_introspection_cpp
[0.449s] [ 85%] Built target mypalletizer_interfaces__rosidl_typesupport_fastrtps_cpp
[0.509s] [ 85%] Built target mypalletizer_interfaces
[0.557s] [ 86%] Built target mypalletizer_interfaces__py
[0.641s] [ 95%] Built target mypalletizer_interfaces__rosidl_generator_py
[0.696s] [ 96%] Built target mypalletizer_interfaces_s__rosidl_typesupport_fastrtps_c
[0.696s] [ 98%] Built target mypalletizer_interfaces_s__rosidl_typesupport_c
[0.717s] [100%] Built target mypalletizer_interfaces_s__rosidl_typesupport_introspection_c
[0.811s] running egg_info
[0.841s] writing mypalletizer_interfaces.egg-info/PKG-INFO
[0.841s] writing dependency_links to mypalletizer_interfaces.egg-info/dependency_links.txt
[0.841s] writing top-level names to mypalletizer_interfaces.egg-info/top_level.txt
[0.895s] reading manifest file 'mypalletizer_interfaces.egg-info/SOURCES.txt'
[0.896s] writing manifest file 'mypalletizer_interfaces.egg-info/SOURCES.txt'
[0.933s] [100%] Built target ament_cmake_python_build_mypalletizer_interfaces_egg
[0.948s] Invoked command in '/home/amin/cobot/cobot_ws/build/mypalletizer_interfaces' returned '0': CMAKE_PREFIX_PATH=${CMAKE_PREFIX_PATH}:/home/amin/cobot/cobot_ws/install/ultraarm:/home/amin/cobot/cobot_ws/install/pro450_moveit2_control:/home/amin/cobot/cobot_ws/install/mypalletizer_communication:/home/amin/cobot/cobot_ws/install/mypalletizer_260_pi:/home/amin/cobot/cobot_ws/install/mypalletizer_260:/home/amin/cobot/cobot_ws/install/mycobot_pro_450:/home/amin/cobot/cobot_ws/install/myarm_m750:/home/amin/cobot/cobot_ws/install/myarm_c650:/home/amin/cobot/cobot_ws/install/mycobot_communication:/home/amin/cobot/cobot_ws/install/mecharm_communication:/home/amin/cobot/cobot_ws/install/mycobot_630:/home/amin/cobot/cobot_ws/install/mycobot_600:/home/amin/cobot/cobot_ws/install/mycobot_320pi:/home/amin/cobot/cobot_ws/install/mycobot_320_riscv:/home/amin/cobot/cobot_ws/install/mycobot_320:/home/amin/cobot/cobot_ws/install/mycobot_280pi:/home/amin/cobot/cobot_ws/install/mycobot_280jn:/home/amin/cobot/cobot_ws/install/mycobot_280_x3pi:/home/amin/cobot/cobot_ws/install/mycobot_280_riscv:/home/amin/cobot/cobot_ws/install/mycobot_280_rdkx5:/home/amin/cobot/cobot_ws/install/mycobot_280_moveit2_control:/home/amin/cobot/cobot_ws/install/mycobot_280_arduino:/home/amin/cobot/cobot_ws/install/mycobot_280:/home/amin/cobot/cobot_ws/install/mybuddy:/home/amin/cobot/cobot_ws/install/myarm_300:/home/amin/cobot/cobot_ws/install/mecharm_pi:/home/amin/cobot/cobot_ws/install/mecharm:/home/amin/cobot/cobot_ws/install/mycobot_description:/opt/ros/jazzy DEBUGINFOD_URLS=https://debuginfod.ubuntu.com /usr/bin/cmake --build /home/amin/cobot/cobot_ws/build/mypalletizer_interfaces -- -j8 -l8
[0.963s] Invoking command in '/home/amin/cobot/cobot_ws/build/mypalletizer_interfaces': CMAKE_PREFIX_PATH=${CMAKE_PREFIX_PATH}:/home/amin/cobot/cobot_ws/install/ultraarm:/home/amin/cobot/cobot_ws/install/pro450_moveit2_control:/home/amin/cobot/cobot_ws/install/mypalletizer_communication:/home/amin/cobot/cobot_ws/install/mypalletizer_260_pi:/home/amin/cobot/cobot_ws/install/mypalletizer_260:/home/amin/cobot/cobot_ws/install/mycobot_pro_450:/home/amin/cobot/cobot_ws/install/myarm_m750:/home/amin/cobot/cobot_ws/install/myarm_c650:/home/amin/cobot/cobot_ws/install/mycobot_communication:/home/amin/cobot/cobot_ws/install/mecharm_communication:/home/amin/cobot/cobot_ws/install/mycobot_630:/home/amin/cobot/cobot_ws/install/mycobot_600:/home/amin/cobot/cobot_ws/install/mycobot_320pi:/home/amin/cobot/cobot_ws/install/mycobot_320_riscv:/home/amin/cobot/cobot_ws/install/mycobot_320:/home/amin/cobot/cobot_ws/install/mycobot_280pi:/home/amin/cobot/cobot_ws/install/mycobot_280jn:/home/amin/cobot/cobot_ws/install/mycobot_280_x3pi:/home/amin/cobot/cobot_ws/install/mycobot_280_riscv:/home/amin/cobot/cobot_ws/install/mycobot_280_rdkx5:/home/amin/cobot/cobot_ws/install/mycobot_280_moveit2_control:/home/amin/cobot/cobot_ws/install/mycobot_280_arduino:/home/amin/cobot/cobot_ws/install/mycobot_280:/home/amin/cobot/cobot_ws/install/mybuddy:/home/amin/cobot/cobot_ws/install/myarm_300:/home/amin/cobot/cobot_ws/install/mecharm_pi:/home/amin/cobot/cobot_ws/install/mecharm:/home/amin/cobot/cobot_ws/install/mycobot_description:/opt/ros/jazzy DEBUGINFOD_URLS=https://debuginfod.ubuntu.com /usr/bin/cmake --install /home/amin/cobot/cobot_ws/build/mypalletizer_interfaces
[0.973s] -- Install configuration: ""
[0.973s] -- Up-to-date: /home/amin/cobot/cobot_ws/install/mypalletizer_interfaces/share/ament_index/resource_index/rosidl_interfaces/mypalletizer_interfaces
[0.974s] -- Up-to-date: /home/amin/cobot/cobot_ws/install/mypalletizer_interfaces/share/mypalletizer_interfaces/msg/MypalAngles.json
[0.974s] -- Up-to-date: /home/amin/cobot/cobot_ws/install/mypalletizer_interfaces/share/mypalletizer_interfaces/msg/MypalCoords.json
[0.974s] -- Up-to-date: /home/amin/cobot/cobot_ws/install/mypalletizer_interfaces/share/mypalletizer_interfaces/msg/MypalSetAngles.json
[0.974s] -- Up-to-date: /home/amin/cobot/cobot_ws/install/mypalletizer_interfaces/share/mypalletizer_interfaces/msg/MypalSetCoords.json
[0.974s] -- Up-to-date: /home/amin/cobot/cobot_ws/install/mypalletizer_interfaces/share/mypalletizer_interfaces/msg/MypalGripperStatus.json
[0.974s] -- Up-to-date: /home/amin/cobot/cobot_ws/install/mypalletizer_interfaces/share/mypalletizer_interfaces/msg/MypalPumpStatus.json
[0.975s] -- Up-to-date: /home/amin/cobot/cobot_ws/install/mypalletizer_interfaces/share/mypalletizer_interfaces/srv/GetAngles.json
[0.975s] -- Up-to-date: /home/amin/cobot/cobot_ws/install/mypalletizer_interfaces/share/mypalletizer_interfaces/srv/SetAngles.json
[0.975s] -- Up-to-date: /home/amin/cobot/cobot_ws/install/mypalletizer_interfaces/share/mypalletizer_interfaces/srv/GetCoords.json
[0.975s] -- Up-to-date: /home/amin/cobot/cobot_ws/install/mypalletizer_interfaces/share/mypalletizer_interfaces/srv/SetCoords.json
[0.975s] -- Up-to-date: /home/amin/cobot/cobot_ws/install/mypalletizer_interfaces/share/mypalletizer_interfaces/srv/GripperStatus.json
[0.975s] -- Up-to-date: /home/amin/cobot/cobot_ws/install/mypalletizer_interfaces/share/mypalletizer_interfaces/srv/PumpStatus.json
[0.976s] -- Up-to-date: /home/amin/cobot/cobot_ws/install/mypalletizer_interfaces/include/mypalletizer_interfaces/mypalletizer_interfaces
[0.976s] -- Up-to-date: /home/amin/cobot/cobot_ws/install/mypalletizer_interfaces/include/mypalletizer_interfaces/mypalletizer_interfaces/srv
[0.976s] -- Up-to-date: /home/amin/cobot/cobot_ws/install/mypalletizer_interfaces/include/mypalletizer_interfaces/mypalletizer_interfaces/srv/gripper_status.h
[0.976s] -- Up-to-date: /home/amin/cobot/cobot_ws/install/mypalletizer_interfaces/include/mypalletizer_interfaces/mypalletizer_interfaces/srv/detail
[0.976s] -- Up-to-date: /home/amin/cobot/cobot_ws/install/mypalletizer_interfaces/include/mypalletizer_interfaces/mypalletizer_interfaces/srv/detail/set_coords__type_support.h
[0.976s] -- Up-to-date: /home/amin/cobot/cobot_ws/install/mypalletizer_interfaces/include/mypalletizer_interfaces/mypalletizer_interfaces/srv/detail/gripper_status__description.c
[0.976s] -- Up-to-date: /home/amin/cobot/cobot_ws/install/mypalletizer_interfaces/include/mypalletizer_interfaces/mypalletizer_interfaces/srv/detail/gripper_status__functions.h
[0.977s] -- Up-to-date: /home/amin/cobot/cobot_ws/install/mypalletizer_interfaces/include/mypalletizer_interfaces/mypalletizer_interfaces/srv/detail/set_angles__struct.h
[0.977s] -- Up-to-date: /home/amin/cobot/cobot_ws/install/mypalletizer_interfaces/include/mypalletizer_interfaces/mypalletizer_interfaces/srv/detail/set_coords__functions.h
[0.977s] -- Installing: /home/amin/cobot/cobot_ws/install/mypalletizer_interfaces/include/mypalletizer_interfaces/mypalletizer_interfaces/srv/detail/pump_status__type_support.c
[0.977s] -- Installing: /home/amin/cobot/cobot_ws/install/mypalletizer_interfaces/include/mypalletizer_interfaces/mypalletizer_interfaces/srv/detail/get_coords__type_support.c
[0.977s] -- Up-to-date: /home/amin/cobot/cobot_ws/install/mypalletizer_interfaces/include/mypalletizer_interfaces/mypalletizer_interfaces/srv/detail/set_angles__description.c
[0.977s] -- Up-to-date: /home/amin/cobot/cobot_ws/install/mypalletizer_interfaces/include/mypalletizer_interfaces/mypalletizer_interfaces/srv/detail/gripper_status__struct.h
[0.978s] -- Up-to-date: /home/amin/cobot/cobot_ws/install/mypalletizer_interfaces/include/mypalletizer_interfaces/mypalletizer_interfaces/srv/detail/get_angles__type_support.h
[0.978s] -- Up-to-date: /home/amin/cobot/cobot_ws/install/mypalletizer_interfaces/include/mypalletizer_interfaces/mypalletizer_interfaces/srv/detail/set_coords__functions.c
[0.978s] -- Installing: /home/amin/cobot/cobot_ws/install/mypalletizer_interfaces/include/mypalletizer_interfaces/mypalletizer_interfaces/srv/detail/set_coords__type_support.c
[0.978s] -- Installing: /home/amin/cobot/cobot_ws/install/mypalletizer_interfaces/include/mypalletizer_interfaces/mypalletizer_interfaces/srv/detail/set_angles__type_support.c
[0.978s] -- Up-to-date: /home/amin/cobot/cobot_ws/install/mypalletizer_interfaces/include/mypalletizer_interfaces/mypalletizer_interfaces/srv/detail/gripper_status__type_support.h
[0.978s] -- Up-to-date: /home/amin/cobot/cobot_ws/install/mypalletizer_interfaces/include/mypalletizer_interfaces/mypalletizer_interfaces/srv/detail/pump_status__struct.h
[0.978s] -- Up-to-date: /home/amin/cobot/cobot_ws/install/mypalletizer_interfaces/include/mypalletizer_interfaces/mypalletizer_interfaces/srv/detail/get_angles__struct.h
[0.978s] -- Up-to-date: /home/amin/cobot/cobot_ws/install/mypalletizer_interfaces/include/mypalletizer_interfaces/mypalletizer_interfaces/srv/detail/get_coords__description.c
[0.978s] -- Up-to-date: /home/amin/cobot/cobot_ws/install/mypalletizer_interfaces/include/mypalletizer_interfaces/mypalletizer_interfaces/srv/detail/set_coords__description.c
[0.979s] -- Up-to-date: /home/amin/cobot/cobot_ws/install/mypalletizer_interfaces/include/mypalletizer_interfaces/mypalletizer_interfaces/srv/detail/get_coords__functions.h
[0.979s] -- Installing: /home/amin/cobot/cobot_ws/install/mypalletizer_interfaces/include/mypalletizer_interfaces/mypalletizer_interfaces/srv/detail/get_angles__type_support.c
[0.979s] -- Up-to-date: /home/amin/cobot/cobot_ws/install/mypalletizer_interfaces/include/mypalletizer_interfaces/mypalletizer_interfaces/srv/detail/get_angles__functions.h
[0.979s] -- Installing: /home/amin/cobot/cobot_ws/install/mypalletizer_interfaces/include/mypalletizer_interfaces/mypalletizer_interfaces/srv/detail/gripper_status__type_support.c
[0.979s] -- Up-to-date: /home/amin/cobot/cobot_ws/install/mypalletizer_interfaces/include/mypalletizer_interfaces/mypalletizer_interfaces/srv/detail/get_angles__functions.c
[0.979s] -- Up-to-date: /home/amin/cobot/cobot_ws/install/mypalletizer_interfaces/include/mypalletizer_interfaces/mypalletizer_interfaces/srv/detail/pump_status__functions.c
[0.979s] -- Up-to-date: /home/amin/cobot/cobot_ws/install/mypalletizer_interfaces/include/mypalletizer_interfaces/mypalletizer_interfaces/srv/detail/pump_status__description.c
[0.979s] -- Up-to-date: /home/amin/cobot/cobot_ws/install/mypalletizer_interfaces/include/mypalletizer_interfaces/mypalletizer_interfaces/srv/detail/get_coords__type_support.h
[0.979s] -- Up-to-date: /home/amin/cobot/cobot_ws/install/mypalletizer_interfaces/include/mypalletizer_interfaces/mypalletizer_interfaces/srv/detail/set_angles__type_support.h
[0.980s] -- Up-to-date: /home/amin/cobot/cobot_ws/install/mypalletizer_interfaces/include/mypalletizer_interfaces/mypalletizer_interfaces/srv/detail/get_coords__functions.c
[0.980s] -- Up-to-date: /home/amin/cobot/cobot_ws/install/mypalletizer_interfaces/include/mypalletizer_interfaces/mypalletizer_interfaces/srv/detail/gripper_status__functions.c
[0.980s] -- Up-to-date: /home/amin/cobot/cobot_ws/install/mypalletizer_interfaces/include/mypalletizer_interfaces/mypalletizer_interfaces/srv/detail/get_angles__description.c
[0.980s] -- Up-to-date: /home/amin/cobot/cobot_ws/install/mypalletizer_interfaces/include/mypalletizer_interfaces/mypalletizer_interfaces/srv/detail/pump_status__functions.h
[0.980s] -- Up-to-date: /home/amin/cobot/cobot_ws/install/mypalletizer_interfaces/include/mypalletizer_interfaces/mypalletizer_interfaces/srv/detail/set_angles__functions.c
[0.980s] -- Up-to-date: /home/amin/cobot/cobot_ws/install/mypalletizer_interfaces/include/mypalletizer_interfaces/mypalletizer_interfaces/srv/detail/set_coords__struct.h
[0.980s] -- Up-to-date: /home/amin/cobot/cobot_ws/install/mypalletizer_interfaces/include/mypalletizer_interfaces/mypalletizer_interfaces/srv/detail/get_coords__struct.h
[0.980s] -- Up-to-date: /home/amin/cobot/cobot_ws/install/mypalletizer_interfaces/include/mypalletizer_interfaces/mypalletizer_interfaces/srv/detail/set_angles__functions.h
[0.980s] -- Up-to-date: /home/amin/cobot/cobot_ws/install/mypalletizer_interfaces/include/mypalletizer_interfaces/mypalletizer_interfaces/srv/detail/pump_status__type_support.h
[0.981s] -- Up-to-date: /home/amin/cobot/cobot_ws/install/mypalletizer_interfaces/include/mypalletizer_interfaces/mypalletizer_interfaces/srv/get_coords.h
[0.981s] -- Up-to-date: /home/amin/cobot/cobot_ws/install/mypalletizer_interfaces/include/mypalletizer_interfaces/mypalletizer_interfaces/srv/get_angles.h
[0.981s] -- Up-to-date: /home/amin/cobot/cobot_ws/install/mypalletizer_interfaces/include/mypalletizer_interfaces/mypalletizer_interfaces/srv/pump_status.h
[0.981s] -- Up-to-date: /home/amin/cobot/cobot_ws/install/mypalletizer_interfaces/include/mypalletizer_interfaces/mypalletizer_interfaces/srv/set_angles.h
[0.981s] -- Up-to-date: /home/amin/cobot/cobot_ws/install/mypalletizer_interfaces/include/mypalletizer_interfaces/mypalletizer_interfaces/srv/set_coords.h
[0.981s] -- Up-to-date: /home/amin/cobot/cobot_ws/install/mypalletizer_interfaces/include/mypalletizer_interfaces/mypalletizer_interfaces/msg
[0.981s] -- Up-to-date: /home/amin/cobot/cobot_ws/install/mypalletizer_interfaces/include/mypalletizer_interfaces/mypalletizer_interfaces/msg/mypal_pump_status.h
[0.982s] -- Up-to-date: /home/amin/cobot/cobot_ws/install/mypalletizer_interfaces/include/mypalletizer_interfaces/mypalletizer_interfaces/msg/detail
[0.982s] -- Up-to-date: /home/amin/cobot/cobot_ws/install/mypalletizer_interfaces/include/mypalletizer_interfaces/mypalletizer_interfaces/msg/detail/mypal_angles__type_support.h
[0.982s] -- Up-to-date: /home/amin/cobot/cobot_ws/install/mypalletizer_interfaces/include/mypalletizer_interfaces/mypalletizer_interfaces/msg/detail/mypal_set_angles__functions.c
[0.982s] -- Up-to-date: /home/amin/cobot/cobot_ws/install/mypalletizer_interfaces/include/mypalletizer_interfaces/mypalletizer_interfaces/msg/detail/mypal_set_angles__functions.h
[0.982s] -- Up-to-date: /home/amin/cobot/cobot_ws/install/mypalletizer_interfaces/include/mypalletizer_interfaces/mypalletizer_interfaces/msg/detail/mypal_angles__functions.c
[0.982s] -- Up-to-date: /home/amin/cobot/cobot_ws/install/mypalletizer_interfaces/include/mypalletizer_interfaces/mypalletizer_interfaces/msg/detail/mypal_set_angles__struct.h
[0.982s] -- Up-to-date: /home/amin/cobot/cobot_ws/install/mypalletizer_interfaces/include/mypalletizer_interfaces/mypalletizer_interfaces/msg/detail/mypal_gripper_status__functions.h
[0.982s] -- Up-to-date: /home/amin/cobot/cobot_ws/install/mypalletizer_interfaces/include/mypalletizer_interfaces/mypalletizer_interfaces/msg/detail/mypal_set_coords__functions.c
[0.982s] -- Installing: /home/amin/cobot/cobot_ws/install/mypalletizer_interfaces/include/mypalletizer_interfaces/mypalletizer_interfaces/msg/detail/mypal_angles__type_support.c
[0.983s] -- Installing: /home/amin/cobot/cobot_ws/install/mypalletizer_interfaces/include/mypalletizer_interfaces/mypalletizer_interfaces/msg/detail/mypal_pump_status__type_support.c
[0.983s] -- Up-to-date: /home/amin/cobot/cobot_ws/install/mypalletizer_interfaces/include/mypalletizer_interfaces/mypalletizer_interfaces/msg/detail/mypal_gripper_status__description.c
[0.983s] -- Up-to-date: /home/amin/cobot/cobot_ws/install/mypalletizer_interfaces/include/mypalletizer_interfaces/mypalletizer_interfaces/msg/detail/mypal_set_coords__description.c
[0.983s] -- Installing: /home/amin/cobot/cobot_ws/install/mypalletizer_interfaces/include/mypalletizer_interfaces/mypalletizer_interfaces/msg/detail/mypal_gripper_status__type_support.c
[0.983s] -- Up-to-date: /home/amin/cobot/cobot_ws/install/mypalletizer_interfaces/include/mypalletizer_interfaces/mypalletizer_interfaces/msg/detail/mypal_set_angles__type_support.h
[0.983s] -- Up-to-date: /home/amin/cobot/cobot_ws/install/mypalletizer_interfaces/include/mypalletizer_interfaces/mypalletizer_interfaces/msg/detail/mypal_pump_status__description.c
[0.983s] -- Installing: /home/amin/cobot/cobot_ws/install/mypalletizer_interfaces/include/mypalletizer_interfaces/mypalletizer_interfaces/msg/detail/mypal_coords__type_support.c
[0.983s] -- Up-to-date: /home/amin/cobot/cobot_ws/install/mypalletizer_interfaces/include/mypalletizer_interfaces/mypalletizer_interfaces/msg/detail/mypal_set_angles__description.c
[0.984s] -- Up-to-date: /home/amin/cobot/cobot_ws/install/mypalletizer_interfaces/include/mypalletizer_interfaces/mypalletizer_interfaces/msg/detail/mypal_coords__type_support.h
[0.984s] -- Up-to-date: /home/amin/cobot/cobot_ws/install/mypalletizer_interfaces/include/mypalletizer_interfaces/mypalletizer_interfaces/msg/detail/mypal_pump_status__functions.h
[0.984s] -- Up-to-date: /home/amin/cobot/cobot_ws/install/mypalletizer_interfaces/include/mypalletizer_interfaces/mypalletizer_interfaces/msg/detail/mypal_coords__functions.c
[0.984s] -- Up-to-date: /home/amin/cobot/cobot_ws/install/mypalletizer_interfaces/include/mypalletizer_interfaces/mypalletizer_interfaces/msg/detail/mypal_set_coords__type_support.h
[0.984s] -- Up-to-date: /home/amin/cobot/cobot_ws/install/mypalletizer_interfaces/include/mypalletizer_interfaces/mypalletizer_interfaces/msg/detail/mypal_coords__functions.h
[0.984s] -- Installing: /home/amin/cobot/cobot_ws/install/mypalletizer_interfaces/include/mypalletizer_interfaces/mypalletizer_interfaces/msg/detail/mypal_set_angles__type_support.c
[0.984s] -- Up-to-date: /home/amin/cobot/cobot_ws/install/mypalletizer_interfaces/include/mypalletizer_interfaces/mypalletizer_interfaces/msg/detail/mypal_angles__description.c
[0.984s] -- Up-to-date: /home/amin/cobot/cobot_ws/install/mypalletizer_interfaces/include/mypalletizer_interfaces/mypalletizer_interfaces/msg/detail/mypal_gripper_status__type_support.h
[0.984s] -- Up-to-date: /home/amin/cobot/cobot_ws/install/mypalletizer_interfaces/include/mypalletizer_interfaces/mypalletizer_interfaces/msg/detail/mypal_set_coords__struct.h
[0.985s] -- Up-to-date: /home/amin/cobot/cobot_ws/install/mypalletizer_interfaces/include/mypalletizer_interfaces/mypalletizer_interfaces/msg/detail/mypal_pump_status__functions.c
[0.985s] -- Up-to-date: /home/amin/cobot/cobot_ws/install/mypalletizer_interfaces/include/mypalletizer_interfaces/mypalletizer_interfaces/msg/detail/mypal_coords__description.c
[0.985s] -- Installing: /home/amin/cobot/cobot_ws/install/mypalletizer_interfaces/include/mypalletizer_interfaces/mypalletizer_interfaces/msg/detail/mypal_set_coords__type_support.c
[0.986s] -- Up-to-date: /home/amin/cobot/cobot_ws/install/mypalletizer_interfaces/include/mypalletizer_interfaces/mypalletizer_interfaces/msg/detail/mypal_gripper_status__functions.c
[0.986s] -- Up-to-date: /home/amin/cobot/cobot_ws/install/mypalletizer_interfaces/include/mypalletizer_interfaces/mypalletizer_interfaces/msg/detail/mypal_coords__struct.h
[0.986s] -- Up-to-date: /home/amin/cobot/cobot_ws/install/mypalletizer_interfaces/include/mypalletizer_interfaces/mypalletizer_interfaces/msg/detail/mypal_angles__functions.h
[0.986s] -- Up-to-date: /home/amin/cobot/cobot_ws/install/mypalletizer_interfaces/include/mypalletizer_interfaces/mypalletizer_interfaces/msg/detail/mypal_pump_status__struct.h
[0.986s] -- Up-to-date: /home/amin/cobot/cobot_ws/install/mypalletizer_interfaces/include/mypalletizer_interfaces/mypalletizer_interfaces/msg/detail/mypal_pump_status__type_support.h
[0.986s] -- Up-to-date: /home/amin/cobot/cobot_ws/install/mypalletizer_interfaces/include/mypalletizer_interfaces/mypalletizer_interfaces/msg/detail/mypal_gripper_status__struct.h
[0.987s] -- Up-to-date: /home/amin/cobot/cobot_ws/install/mypalletizer_interfaces/include/mypalletizer_interfaces/mypalletizer_interfaces/msg/detail/mypal_set_coords__functions.h
[0.987s] -- Up-to-date: /home/amin/cobot/cobot_ws/install/mypalletizer_interfaces/include/mypalletizer_interfaces/mypalletizer_interfaces/msg/detail/mypal_angles__struct.h
[0.987s] -- Up-to-date: /home/amin/cobot/cobot_ws/install/mypalletizer_interfaces/include/mypalletizer_interfaces/mypalletizer_interfaces/msg/rosidl_generator_c__visibility_control.h
[0.987s] -- Up-to-date: /home/amin/cobot/cobot_ws/install/mypalletizer_interfaces/include/mypalletizer_interfaces/mypalletizer_interfaces/msg/mypal_coords.h
[0.987s] -- Up-to-date: /home/amin/cobot/cobot_ws/install/mypalletizer_interfaces/include/mypalletizer_interfaces/mypalletizer_interfaces/msg/mypal_set_angles.h
[0.988s] -- Up-to-date: /home/amin/cobot/cobot_ws/install/mypalletizer_interfaces/include/mypalletizer_interfaces/mypalletizer_interfaces/msg/mypal_angles.h
[0.988s] -- Up-to-date: /home/amin/cobot/cobot_ws/install/mypalletizer_interfaces/include/mypalletizer_interfaces/mypalletizer_interfaces/msg/mypal_gripper_status.h
[0.988s] -- Up-to-date: /home/amin/cobot/cobot_ws/install/mypalletizer_interfaces/include/mypalletizer_interfaces/mypalletizer_interfaces/msg/mypal_set_coords.h
[0.991s] -- Up-to-date: /home/amin/cobot/cobot_ws/install/mypalletizer_interfaces/share/mypalletizer_interfaces/environment/library_path.sh
[0.991s] -- Up-to-date: /home/amin/cobot/cobot_ws/install/mypalletizer_interfaces/share/mypalletizer_interfaces/environment/library_path.dsv
[0.991s] -- Up-to-date: /home/amin/cobot/cobot_ws/install/mypalletizer_interfaces/lib/libmypalletizer_interfaces__rosidl_generator_c.so
[0.992s] -- Up-to-date: /home/amin/cobot/cobot_ws/install/mypalletizer_interfaces/include/mypalletizer_interfaces/mypalletizer_interfaces
[0.992s] -- Up-to-date: /home/amin/cobot/cobot_ws/install/mypalletizer_interfaces/include/mypalletizer_interfaces/mypalletizer_interfaces/srv
[0.992s] -- Up-to-date: /home/amin/cobot/cobot_ws/install/mypalletizer_interfaces/include/mypalletizer_interfaces/mypalletizer_interfaces/srv/detail
[0.992s] -- Up-to-date: /home/amin/cobot/cobot_ws/install/mypalletizer_interfaces/include/mypalletizer_interfaces/mypalletizer_interfaces/srv/detail/pump_status__rosidl_typesupport_fastrtps_c.h
[0.992s] -- Up-to-date: /home/amin/cobot/cobot_ws/install/mypalletizer_interfaces/include/mypalletizer_interfaces/mypalletizer_interfaces/srv/detail/get_coords__rosidl_typesupport_fastrtps_c.h
[0.992s] -- Up-to-date: /home/amin/cobot/cobot_ws/install/mypalletizer_interfaces/include/mypalletizer_interfaces/mypalletizer_interfaces/srv/detail/get_angles__rosidl_typesupport_fastrtps_c.h
[0.992s] -- Up-to-date: /home/amin/cobot/cobot_ws/install/mypalletizer_interfaces/include/mypalletizer_interfaces/mypalletizer_interfaces/srv/detail/set_angles__rosidl_typesupport_fastrtps_c.h
[0.992s] -- Up-to-date: /home/amin/cobot/cobot_ws/install/mypalletizer_interfaces/include/mypalletizer_interfaces/mypalletizer_interfaces/srv/detail/gripper_status__rosidl_typesupport_fastrtps_c.h
[0.992s] -- Up-to-date: /home/amin/cobot/cobot_ws/install/mypalletizer_interfaces/include/mypalletizer_interfaces/mypalletizer_interfaces/srv/detail/set_coords__rosidl_typesupport_fastrtps_c.h
[0.992s] -- Up-to-date: /home/amin/cobot/cobot_ws/install/mypalletizer_interfaces/include/mypalletizer_interfaces/mypalletizer_interfaces/msg
[0.992s] -- Up-to-date: /home/amin/cobot/cobot_ws/install/mypalletizer_interfaces/include/mypalletizer_interfaces/mypalletizer_interfaces/msg/detail
[0.992s] -- Up-to-date: /home/amin/cobot/cobot_ws/install/mypalletizer_interfaces/include/mypalletizer_interfaces/mypalletizer_interfaces/msg/detail/mypal_set_angles__rosidl_typesupport_fastrtps_c.h
[0.992s] -- Up-to-date: /home/amin/cobot/cobot_ws/install/mypalletizer_interfaces/include/mypalletizer_interfaces/mypalletizer_interfaces/msg/detail/mypal_pump_status__rosidl_typesupport_fastrtps_c.h
[0.993s] -- Up-to-date: /home/amin/cobot/cobot_ws/install/mypalletizer_interfaces/include/mypalletizer_interfaces/mypalletizer_interfaces/msg/detail/mypal_coords__rosidl_typesupport_fastrtps_c.h
[0.993s] -- Up-to-date: /home/amin/cobot/cobot_ws/install/mypalletizer_interfaces/include/mypalletizer_interfaces/mypalletizer_interfaces/msg/detail/mypal_set_coords__rosidl_typesupport_fastrtps_c.h
[0.993s] -- Up-to-date: /home/amin/cobot/cobot_ws/install/mypalletizer_interfaces/include/mypalletizer_interfaces/mypalletizer_interfaces/msg/detail/mypal_angles__rosidl_typesupport_fastrtps_c.h
[0.993s] -- Up-to-date: /home/amin/cobot/cobot_ws/install/mypalletizer_interfaces/include/mypalletizer_interfaces/mypalletizer_interfaces/msg/detail/mypal_gripper_status__rosidl_typesupport_fastrtps_c.h
[0.993s] -- Up-to-date: /home/amin/cobot/cobot_ws/install/mypalletizer_interfaces/include/mypalletizer_interfaces/mypalletizer_interfaces/msg/rosidl_typesupport_fastrtps_c__visibility_control.h
[0.993s] -- Up-to-date: /home/amin/cobot/cobot_ws/install/mypalletizer_interfaces/lib/libmypalletizer_interfaces__rosidl_typesupport_fastrtps_c.so
[0.993s] -- Up-to-date: /home/amin/cobot/cobot_ws/install/mypalletizer_interfaces/include/mypalletizer_interfaces/mypalletizer_interfaces
[0.993s] -- Up-to-date: /home/amin/cobot/cobot_ws/install/mypalletizer_interfaces/include/mypalletizer_interfaces/mypalletizer_interfaces/srv
[0.993s] -- Up-to-date: /home/amin/cobot/cobot_ws/install/mypalletizer_interfaces/include/mypalletizer_interfaces/mypalletizer_interfaces/srv/detail
[0.993s] -- Installing: /home/amin/cobot/cobot_ws/install/mypalletizer_interfaces/include/mypalletizer_interfaces/mypalletizer_interfaces/srv/detail/pump_status__type_support.c
[0.994s] -- Installing: /home/amin/cobot/cobot_ws/install/mypalletizer_interfaces/include/mypalletizer_interfaces/mypalletizer_interfaces/srv/detail/get_coords__type_support.c
[0.994s] -- Up-to-date: /home/amin/cobot/cobot_ws/install/mypalletizer_interfaces/include/mypalletizer_interfaces/mypalletizer_interfaces/srv/detail/set_angles__rosidl_typesupport_introspection_c.h
[0.994s] -- Installing: /home/amin/cobot/cobot_ws/install/mypalletizer_interfaces/include/mypalletizer_interfaces/mypalletizer_interfaces/srv/detail/set_coords__type_support.c
[0.994s] -- Installing: /home/amin/cobot/cobot_ws/install/mypalletizer_interfaces/include/mypalletizer_interfaces/mypalletizer_interfaces/srv/detail/set_angles__type_support.c
[0.994s] -- Up-to-date: /home/amin/cobot/cobot_ws/install/mypalletizer_interfaces/include/mypalletizer_interfaces/mypalletizer_interfaces/srv/detail/pump_status__rosidl_typesupport_introspection_c.h
[0.994s] -- Installing: /home/amin/cobot/cobot_ws/install/mypalletizer_interfaces/include/mypalletizer_interfaces/mypalletizer_interfaces/srv/detail/get_angles__type_support.c
[0.994s] -- Up-to-date: /home/amin/cobot/cobot_ws/install/mypalletizer_interfaces/include/mypalletizer_interfaces/mypalletizer_interfaces/srv/detail/get_angles__rosidl_typesupport_introspection_c.h
[0.994s] -- Installing: /home/amin/cobot/cobot_ws/install/mypalletizer_interfaces/include/mypalletizer_interfaces/mypalletizer_interfaces/srv/detail/gripper_status__type_support.c
[0.994s] -- Up-to-date: /home/amin/cobot/cobot_ws/install/mypalletizer_interfaces/include/mypalletizer_interfaces/mypalletizer_interfaces/srv/detail/set_coords__rosidl_typesupport_introspection_c.h
[0.995s] -- Up-to-date: /home/amin/cobot/cobot_ws/install/mypalletizer_interfaces/include/mypalletizer_interfaces/mypalletizer_interfaces/srv/detail/get_coords__rosidl_typesupport_introspection_c.h
[0.995s] -- Up-to-date: /home/amin/cobot/cobot_ws/install/mypalletizer_interfaces/include/mypalletizer_interfaces/mypalletizer_interfaces/srv/detail/gripper_status__rosidl_typesupport_introspection_c.h
[0.995s] -- Up-to-date: /home/amin/cobot/cobot_ws/install/mypalletizer_interfaces/include/mypalletizer_interfaces/mypalletizer_interfaces/msg
[0.995s] -- Up-to-date: /home/amin/cobot/cobot_ws/install/mypalletizer_interfaces/include/mypalletizer_interfaces/mypalletizer_interfaces/msg/detail
[0.995s] -- Installing: /home/amin/cobot/cobot_ws/install/mypalletizer_interfaces/include/mypalletizer_interfaces/mypalletizer_interfaces/msg/detail/mypal_angles__type_support.c
[0.995s] -- Up-to-date: /home/amin/cobot/cobot_ws/install/mypalletizer_interfaces/include/mypalletizer_interfaces/mypalletizer_interfaces/msg/detail/mypal_pump_status__rosidl_typesupport_introspection_c.h
[0.995s] -- Installing: /home/amin/cobot/cobot_ws/install/mypalletizer_interfaces/include/mypalletizer_interfaces/mypalletizer_interfaces/msg/detail/mypal_pump_status__type_support.c
[0.995s] -- Installing: /home/amin/cobot/cobot_ws/install/mypalletizer_interfaces/include/mypalletizer_interfaces/mypalletizer_interfaces/msg/detail/mypal_gripper_status__type_support.c
[0.995s] -- Installing: /home/amin/cobot/cobot_ws/install/mypalletizer_interfaces/include/mypalletizer_interfaces/mypalletizer_interfaces/msg/detail/mypal_coords__type_support.c
[0.995s] -- Installing: /home/amin/cobot/cobot_ws/install/mypalletizer_interfaces/include/mypalletizer_interfaces/mypalletizer_interfaces/msg/detail/mypal_set_angles__type_support.c
[0.995s] -- Up-to-date: /home/amin/cobot/cobot_ws/install/mypalletizer_interfaces/include/mypalletizer_interfaces/mypalletizer_interfaces/msg/detail/mypal_gripper_status__rosidl_typesupport_introspection_c.h
[0.995s] -- Up-to-date: /home/amin/cobot/cobot_ws/install/mypalletizer_interfaces/include/mypalletizer_interfaces/mypalletizer_interfaces/msg/detail/mypal_set_coords__rosidl_typesupport_introspection_c.h
[0.996s] -- Installing: /home/amin/cobot/cobot_ws/install/mypalletizer_interfaces/include/mypalletizer_interfaces/mypalletizer_interfaces/msg/detail/mypal_set_coords__type_support.c
[0.996s] -- Up-to-date: /home/amin/cobot/cobot_ws/install/mypalletizer_interfaces/include/mypalletizer_interfaces/mypalletizer_interfaces/msg/detail/mypal_angles__rosidl_typesupport_introspection_c.h
[0.996s] -- Up-to-date: /home/amin/cobot/cobot_ws/install/mypalletizer_interfaces/include/mypalletizer_interfaces/mypalletizer_interfaces/msg/detail/mypal_set_angles__rosidl_typesupport_introspection_c.h
[0.996s] -- Up-to-date: /home/amin/cobot/cobot_ws/install/mypalletizer_interfaces/include/mypalletizer_interfaces/mypalletizer_interfaces/msg/detail/mypal_coords__rosidl_typesupport_introspection_c.h
[0.996s] -- Up-to-date: /home/amin/cobot/cobot_ws/install/mypalletizer_interfaces/include/mypalletizer_interfaces/mypalletizer_interfaces/msg/rosidl_typesupport_introspection_c__visibility_control.h
[0.996s] -- Up-to-date: /home/amin/cobot/cobot_ws/install/mypalletizer_interfaces/lib/libmypalletizer_interfaces__rosidl_typesupport_introspection_c.so
[0.996s] -- Up-to-date: /home/amin/cobot/cobot_ws/install/mypalletizer_interfaces/lib/libmypalletizer_interfaces__rosidl_typesupport_c.so
[0.996s] -- Up-to-date: /home/amin/cobot/cobot_ws/install/mypalletizer_interfaces/include/mypalletizer_interfaces/mypalletizer_interfaces
[0.996s] -- Up-to-date: /home/amin/cobot/cobot_ws/install/mypalletizer_interfaces/include/mypalletizer_interfaces/mypalletizer_interfaces/srv
[0.996s] -- Up-to-date: /home/amin/cobot/cobot_ws/install/mypalletizer_interfaces/include/mypalletizer_interfaces/mypalletizer_interfaces/srv/set_angles.hpp
[0.996s] -- Up-to-date: /home/amin/cobot/cobot_ws/install/mypalletizer_interfaces/include/mypalletizer_interfaces/mypalletizer_interfaces/srv/get_coords.hpp
[0.996s] -- Up-to-date: /home/amin/cobot/cobot_ws/install/mypalletizer_interfaces/include/mypalletizer_interfaces/mypalletizer_interfaces/srv/gripper_status.hpp
[0.996s] -- Up-to-date: /home/amin/cobot/cobot_ws/install/mypalletizer_interfaces/include/mypalletizer_interfaces/mypalletizer_interfaces/srv/detail
[0.997s] -- Up-to-date: /home/amin/cobot/cobot_ws/install/mypalletizer_interfaces/include/mypalletizer_interfaces/mypalletizer_interfaces/srv/detail/get_coords__type_support.hpp
[0.997s] -- Up-to-date: /home/amin/cobot/cobot_ws/install/mypalletizer_interfaces/include/mypalletizer_interfaces/mypalletizer_interfaces/srv/detail/get_angles__builder.hpp
[0.997s] -- Up-to-date: /home/amin/cobot/cobot_ws/install/mypalletizer_interfaces/include/mypalletizer_interfaces/mypalletizer_interfaces/srv/detail/gripper_status__type_support.hpp
[0.997s] -- Up-to-date: /home/amin/cobot/cobot_ws/install/mypalletizer_interfaces/include/mypalletizer_interfaces/mypalletizer_interfaces/srv/detail/set_angles__traits.hpp
[0.997s] -- Up-to-date: /home/amin/cobot/cobot_ws/install/mypalletizer_interfaces/include/mypalletizer_interfaces/mypalletizer_interfaces/srv/detail/set_angles__builder.hpp
[0.997s] -- Up-to-date: /home/amin/cobot/cobot_ws/install/mypalletizer_interfaces/include/mypalletizer_interfaces/mypalletizer_interfaces/srv/detail/gripper_status__struct.hpp
[0.997s] -- Up-to-date: /home/amin/cobot/cobot_ws/install/mypalletizer_interfaces/include/mypalletizer_interfaces/mypalletizer_interfaces/srv/detail/gripper_status__traits.hpp
[0.997s] -- Up-to-date: /home/amin/cobot/cobot_ws/install/mypalletizer_interfaces/include/mypalletizer_interfaces/mypalletizer_interfaces/srv/detail/set_coords__struct.hpp
[0.997s] -- Up-to-date: /home/amin/cobot/cobot_ws/install/mypalletizer_interfaces/include/mypalletizer_interfaces/mypalletizer_interfaces/srv/detail/pump_status__builder.hpp
[0.997s] -- Up-to-date: /home/amin/cobot/cobot_ws/install/mypalletizer_interfaces/include/mypalletizer_interfaces/mypalletizer_interfaces/srv/detail/set_coords__builder.hpp
[0.997s] -- Up-to-date: /home/amin/cobot/cobot_ws/install/mypalletizer_interfaces/include/mypalletizer_interfaces/mypalletizer_interfaces/srv/detail/pump_status__type_support.hpp
[0.997s] -- Up-to-date: /home/amin/cobot/cobot_ws/install/mypalletizer_interfaces/include/mypalletizer_interfaces/mypalletizer_interfaces/srv/detail/get_coords__struct.hpp
[0.997s] -- Up-to-date: /home/amin/cobot/cobot_ws/install/mypalletizer_interfaces/include/mypalletizer_interfaces/mypalletizer_interfaces/srv/detail/gripper_status__builder.hpp
[0.998s] -- Up-to-date: /home/amin/cobot/cobot_ws/install/mypalletizer_interfaces/include/mypalletizer_interfaces/mypalletizer_interfaces/srv/detail/pump_status__traits.hpp
[0.998s] -- Up-to-date: /home/amin/cobot/cobot_ws/install/mypalletizer_interfaces/include/mypalletizer_interfaces/mypalletizer_interfaces/srv/detail/get_angles__type_support.hpp
[0.998s] -- Up-to-date: /home/amin/cobot/cobot_ws/install/mypalletizer_interfaces/include/mypalletizer_interfaces/mypalletizer_interfaces/srv/detail/get_coords__traits.hpp
[0.998s] -- Up-to-date: /home/amin/cobot/cobot_ws/install/mypalletizer_interfaces/include/mypalletizer_interfaces/mypalletizer_interfaces/srv/detail/set_angles__struct.hpp
[1.000s] -- Up-to-date: /home/amin/cobot/cobot_ws/install/mypalletizer_interfaces/include/mypalletizer_interfaces/mypalletizer_interfaces/srv/detail/get_angles__traits.hpp
[1.001s] -- Up-to-date: /home/amin/cobot/cobot_ws/install/mypalletizer_interfaces/include/mypalletizer_interfaces/mypalletizer_interfaces/srv/detail/get_coords__builder.hpp
[1.001s] -- Up-to-date: /home/amin/cobot/cobot_ws/install/mypalletizer_interfaces/include/mypalletizer_interfaces/mypalletizer_interfaces/srv/detail/set_coords__type_support.hpp
[1.001s] -- Up-to-date: /home/amin/cobot/cobot_ws/install/mypalletizer_interfaces/include/mypalletizer_interfaces/mypalletizer_interfaces/srv/detail/set_angles__type_support.hpp
[1.001s] -- Up-to-date: /home/amin/cobot/cobot_ws/install/mypalletizer_interfaces/include/mypalletizer_interfaces/mypalletizer_interfaces/srv/detail/set_coords__traits.hpp
[1.001s] -- Up-to-date: /home/amin/cobot/cobot_ws/install/mypalletizer_interfaces/include/mypalletizer_interfaces/mypalletizer_interfaces/srv/detail/get_angles__struct.hpp
[1.001s] -- Up-to-date: /home/amin/cobot/cobot_ws/install/mypalletizer_interfaces/include/mypalletizer_interfaces/mypalletizer_interfaces/srv/detail/pump_status__struct.hpp
[1.001s] -- Up-to-date: /home/amin/cobot/cobot_ws/install/mypalletizer_interfaces/include/mypalletizer_interfaces/mypalletizer_interfaces/srv/set_coords.hpp
[1.001s] -- Up-to-date: /home/amin/cobot/cobot_ws/install/mypalletizer_interfaces/include/mypalletizer_interfaces/mypalletizer_interfaces/srv/get_angles.hpp
[1.001s] -- Up-to-date: /home/amin/cobot/cobot_ws/install/mypalletizer_interfaces/include/mypalletizer_interfaces/mypalletizer_interfaces/srv/pump_status.hpp
[1.001s] -- Up-to-date: /home/amin/cobot/cobot_ws/install/mypalletizer_interfaces/include/mypalletizer_interfaces/mypalletizer_interfaces/msg
[1.001s] -- Up-to-date: /home/amin/cobot/cobot_ws/install/mypalletizer_interfaces/include/mypalletizer_interfaces/mypalletizer_interfaces/msg/mypal_set_coords.hpp
[1.002s] -- Up-to-date: /home/amin/cobot/cobot_ws/install/mypalletizer_interfaces/include/mypalletizer_interfaces/mypalletizer_interfaces/msg/mypal_pump_status.hpp
[1.004s] -- Up-to-date: /home/amin/cobot/cobot_ws/install/mypalletizer_interfaces/include/mypalletizer_interfaces/mypalletizer_interfaces/msg/mypal_set_angles.hpp
[1.005s] -- Up-to-date: /home/amin/cobot/cobot_ws/install/mypalletizer_interfaces/include/mypalletizer_interfaces/mypalletizer_interfaces/msg/detail
[1.005s] -- Up-to-date: /home/amin/cobot/cobot_ws/install/mypalletizer_interfaces/include/mypalletizer_interfaces/mypalletizer_interfaces/msg/detail/mypal_set_angles__struct.hpp
[1.005s] -- Up-to-date: /home/amin/cobot/cobot_ws/install/mypalletizer_interfaces/include/mypalletizer_interfaces/mypalletizer_interfaces/msg/detail/mypal_gripper_status__traits.hpp
[1.005s] -- Up-to-date: /home/amin/cobot/cobot_ws/install/mypalletizer_interfaces/include/mypalletizer_interfaces/mypalletizer_interfaces/msg/detail/mypal_coords__type_support.hpp
[1.005s] -- Up-to-date: /home/amin/cobot/cobot_ws/install/mypalletizer_interfaces/include/mypalletizer_interfaces/mypalletizer_interfaces/msg/detail/mypal_set_angles__type_support.hpp
[1.006s] -- Up-to-date: /home/amin/cobot/cobot_ws/install/mypalletizer_interfaces/include/mypalletizer_interfaces/mypalletizer_interfaces/msg/detail/mypal_set_coords__traits.hpp
[1.006s] -- Up-to-date: /home/amin/cobot/cobot_ws/install/mypalletizer_interfaces/include/mypalletizer_interfaces/mypalletizer_interfaces/msg/detail/mypal_gripper_status__type_support.hpp
[1.006s] -- Up-to-date: /home/amin/cobot/cobot_ws/install/mypalletizer_interfaces/include/mypalletizer_interfaces/mypalletizer_interfaces/msg/detail/mypal_angles__traits.hpp
[1.006s] -- Up-to-date: /home/amin/cobot/cobot_ws/install/mypalletizer_interfaces/include/mypalletizer_interfaces/mypalletizer_interfaces/msg/detail/mypal_pump_status__struct.hpp
[1.006s] -- Up-to-date: /home/amin/cobot/cobot_ws/install/mypalletizer_interfaces/include/mypalletizer_interfaces/mypalletizer_interfaces/msg/detail/mypal_coords__struct.hpp
[1.007s] -- Up-to-date: /home/amin/cobot/cobot_ws/install/mypalletizer_interfaces/include/mypalletizer_interfaces/mypalletizer_interfaces/msg/detail/mypal_gripper_status__builder.hpp
[1.007s] -- Up-to-date: /home/amin/cobot/cobot_ws/install/mypalletizer_interfaces/include/mypalletizer_interfaces/mypalletizer_interfaces/msg/detail/mypal_set_coords__builder.hpp
[1.007s] -- Up-to-date: /home/amin/cobot/cobot_ws/install/mypalletizer_interfaces/include/mypalletizer_interfaces/mypalletizer_interfaces/msg/detail/mypal_pump_status__type_support.hpp
[1.007s] -- Up-to-date: /home/amin/cobot/cobot_ws/install/mypalletizer_interfaces/include/mypalletizer_interfaces/mypalletizer_interfaces/msg/detail/mypal_set_angles__traits.hpp
[1.008s] -- Up-to-date: /home/amin/cobot/cobot_ws/install/mypalletizer_interfaces/include/mypalletizer_interfaces/mypalletizer_interfaces/msg/detail/mypal_gripper_status__struct.hpp
[1.008s] -- Up-to-date: /home/amin/cobot/cobot_ws/install/mypalletizer_interfaces/include/mypalletizer_interfaces/mypalletizer_interfaces/msg/detail/mypal_set_coords__type_support.hpp
[1.008s] -- Up-to-date: /home/amin/cobot/cobot_ws/install/mypalletizer_interfaces/include/mypalletizer_interfaces/mypalletizer_interfaces/msg/detail/mypal_angles__builder.hpp
[1.008s] -- Up-to-date: /home/amin/cobot/cobot_ws/install/mypalletizer_interfaces/include/mypalletizer_interfaces/mypalletizer_interfaces/msg/detail/mypal_pump_status__traits.hpp
[1.008s] -- Up-to-date: /home/amin/cobot/cobot_ws/install/mypalletizer_interfaces/include/mypalletizer_interfaces/mypalletizer_interfaces/msg/detail/mypal_angles__type_support.hpp
[1.008s] -- Up-to-date: /home/amin/cobot/cobot_ws/install/mypalletizer_interfaces/include/mypalletizer_interfaces/mypalletizer_interfaces/msg/detail/mypal_coords__traits.hpp
[1.008s] -- Up-to-date: /home/amin/cobot/cobot_ws/install/mypalletizer_interfaces/include/mypalletizer_interfaces/mypalletizer_interfaces/msg/detail/mypal_angles__struct.hpp
[1.009s] -- Up-to-date: /home/amin/cobot/cobot_ws/install/mypalletizer_interfaces/include/mypalletizer_interfaces/mypalletizer_interfaces/msg/detail/mypal_set_coords__struct.hpp
[1.009s] -- Up-to-date: /home/amin/cobot/cobot_ws/install/mypalletizer_interfaces/include/mypalletizer_interfaces/mypalletizer_interfaces/msg/detail/mypal_coords__builder.hpp
[1.009s] -- Up-to-date: /home/amin/cobot/cobot_ws/install/mypalletizer_interfaces/include/mypalletizer_interfaces/mypalletizer_interfaces/msg/detail/mypal_set_angles__builder.hpp
[1.009s] -- Up-to-date: /home/amin/cobot/cobot_ws/install/mypalletizer_interfaces/include/mypalletizer_interfaces/mypalletizer_interfaces/msg/detail/mypal_pump_status__builder.hpp
[1.009s] -- Up-to-date: /home/amin/cobot/cobot_ws/install/mypalletizer_interfaces/include/mypalletizer_interfaces/mypalletizer_interfaces/msg/mypal_angles.hpp
[1.009s] -- Up-to-date: /home/amin/cobot/cobot_ws/install/mypalletizer_interfaces/include/mypalletizer_interfaces/mypalletizer_interfaces/msg/rosidl_generator_cpp__visibility_control.hpp
[1.009s] -- Up-to-date: /home/amin/cobot/cobot_ws/install/mypalletizer_interfaces/include/mypalletizer_interfaces/mypalletizer_interfaces/msg/mypal_coords.hpp
[1.010s] -- Up-to-date: /home/amin/cobot/cobot_ws/install/mypalletizer_interfaces/include/mypalletizer_interfaces/mypalletizer_interfaces/msg/mypal_gripper_status.hpp
[1.010s] -- Up-to-date: /home/amin/cobot/cobot_ws/install/mypalletizer_interfaces/include/mypalletizer_interfaces/mypalletizer_interfaces
[1.010s] -- Up-to-date: /home/amin/cobot/cobot_ws/install/mypalletizer_interfaces/include/mypalletizer_interfaces/mypalletizer_interfaces/srv
[1.010s] -- Up-to-date: /home/amin/cobot/cobot_ws/install/mypalletizer_interfaces/include/mypalletizer_interfaces/mypalletizer_interfaces/srv/detail
[1.010s] -- Up-to-date: /home/amin/cobot/cobot_ws/install/mypalletizer_interfaces/include/mypalletizer_interfaces/mypalletizer_interfaces/srv/detail/gripper_status__rosidl_typesupport_fastrtps_cpp.hpp
[1.010s] -- Up-to-date: /home/amin/cobot/cobot_ws/install/mypalletizer_interfaces/include/mypalletizer_interfaces/mypalletizer_interfaces/srv/detail/pump_status__rosidl_typesupport_fastrtps_cpp.hpp
[1.011s] -- Up-to-date: /home/amin/cobot/cobot_ws/install/mypalletizer_interfaces/include/mypalletizer_interfaces/mypalletizer_interfaces/srv/detail/dds_fastrtps
[1.011s] -- Up-to-date: /home/amin/cobot/cobot_ws/install/mypalletizer_interfaces/include/mypalletizer_interfaces/mypalletizer_interfaces/srv/detail/get_angles__rosidl_typesupport_fastrtps_cpp.hpp
[1.011s] -- Up-to-date: /home/amin/cobot/cobot_ws/install/mypalletizer_interfaces/include/mypalletizer_interfaces/mypalletizer_interfaces/srv/detail/set_coords__rosidl_typesupport_fastrtps_cpp.hpp
[1.011s] -- Up-to-date: /home/amin/cobot/cobot_ws/install/mypalletizer_interfaces/include/mypalletizer_interfaces/mypalletizer_interfaces/srv/detail/get_coords__rosidl_typesupport_fastrtps_cpp.hpp
[1.011s] -- Up-to-date: /home/amin/cobot/cobot_ws/install/mypalletizer_interfaces/include/mypalletizer_interfaces/mypalletizer_interfaces/srv/detail/set_angles__rosidl_typesupport_fastrtps_cpp.hpp
[1.012s] -- Up-to-date: /home/amin/cobot/cobot_ws/install/mypalletizer_interfaces/include/mypalletizer_interfaces/mypalletizer_interfaces/msg
[1.012s] -- Up-to-date: /home/amin/cobot/cobot_ws/install/mypalletizer_interfaces/include/mypalletizer_interfaces/mypalletizer_interfaces/msg/detail
[1.012s] -- Up-to-date: /home/amin/cobot/cobot_ws/install/mypalletizer_interfaces/include/mypalletizer_interfaces/mypalletizer_interfaces/msg/detail/mypal_pump_status__rosidl_typesupport_fastrtps_cpp.hpp
[1.012s] -- Up-to-date: /home/amin/cobot/cobot_ws/install/mypalletizer_interfaces/include/mypalletizer_interfaces/mypalletizer_interfaces/msg/detail/mypal_set_angles__rosidl_typesupport_fastrtps_cpp.hpp
[1.012s] -- Up-to-date: /home/amin/cobot/cobot_ws/install/mypalletizer_interfaces/include/mypalletizer_interfaces/mypalletizer_interfaces/msg/detail/dds_fastrtps
[1.012s] -- Up-to-date: /home/amin/cobot/cobot_ws/install/mypalletizer_interfaces/include/mypalletizer_interfaces/mypalletizer_interfaces/msg/detail/mypal_coords__rosidl_typesupport_fastrtps_cpp.hpp
[1.012s] -- Up-to-date: /home/amin/cobot/cobot_ws/install/mypalletizer_interfaces/include/mypalletizer_interfaces/mypalletizer_interfaces/msg/detail/mypal_set_coords__rosidl_typesupport_fastrtps_cpp.hpp
[1.012s] -- Up-to-date: /home/amin/cobot/cobot_ws/install/mypalletizer_interfaces/include/mypalletizer_interfaces/mypalletizer_interfaces/msg/detail/mypal_angles__rosidl_typesupport_fastrtps_cpp.hpp
[1.012s] -- Up-to-date: /home/amin/cobot/cobot_ws/install/mypalletizer_interfaces/include/mypalletizer_interfaces/mypalletizer_interfaces/msg/detail/mypal_gripper_status__rosidl_typesupport_fastrtps_cpp.hpp
[1.012s] -- Up-to-date: /home/amin/cobot/cobot_ws/install/mypalletizer_interfaces/include/mypalletizer_interfaces/mypalletizer_interfaces/msg/rosidl_typesupport_fastrtps_cpp__visibility_control.h
[1.012s] -- Up-to-date: /home/amin/cobot/cobot_ws/install/mypalletizer_interfaces/lib/libmypalletizer_interfaces__rosidl_typesupport_fastrtps_cpp.so
[1.013s] -- Up-to-date: /home/amin/cobot/cobot_ws/install/mypalletizer_interfaces/include/mypalletizer_interfaces/mypalletizer_interfaces
[1.013s] -- Up-to-date: /home/amin/cobot/cobot_ws/install/mypalletizer_interfaces/include/mypalletizer_interfaces/mypalletizer_interfaces/srv
[1.013s] -- Up-to-date: /home/amin/cobot/cobot_ws/install/mypalletizer_interfaces/include/mypalletizer_interfaces/mypalletizer_interfaces/srv/detail
[1.013s] -- Up-to-date: /home/amin/cobot/cobot_ws/install/mypalletizer_interfaces/include/mypalletizer_interfaces/mypalletizer_interfaces/srv/detail/set_coords__type_support.cpp
[1.013s] -- Up-to-date: /home/amin/cobot/cobot_ws/install/mypalletizer_interfaces/include/mypalletizer_interfaces/mypalletizer_interfaces/srv/detail/pump_status__rosidl_typesupport_introspection_cpp.hpp
[1.013s] -- Up-to-date: /home/amin/cobot/cobot_ws/install/mypalletizer_interfaces/include/mypalletizer_interfaces/mypalletizer_interfaces/srv/detail/gripper_status__type_support.cpp
[1.013s] -- Up-to-date: /home/amin/cobot/cobot_ws/install/mypalletizer_interfaces/include/mypalletizer_interfaces/mypalletizer_interfaces/srv/detail/gripper_status__rosidl_typesupport_introspection_cpp.hpp
[1.013s] -- Up-to-date: /home/amin/cobot/cobot_ws/install/mypalletizer_interfaces/include/mypalletizer_interfaces/mypalletizer_interfaces/srv/detail/get_coords__type_support.cpp
[1.013s] -- Up-to-date: /home/amin/cobot/cobot_ws/install/mypalletizer_interfaces/include/mypalletizer_interfaces/mypalletizer_interfaces/srv/detail/set_angles__rosidl_typesupport_introspection_cpp.hpp
[1.013s] -- Up-to-date: /home/amin/cobot/cobot_ws/install/mypalletizer_interfaces/include/mypalletizer_interfaces/mypalletizer_interfaces/srv/detail/set_angles__type_support.cpp
[1.013s] -- Up-to-date: /home/amin/cobot/cobot_ws/install/mypalletizer_interfaces/include/mypalletizer_interfaces/mypalletizer_interfaces/srv/detail/get_angles__type_support.cpp
[1.013s] -- Up-to-date: /home/amin/cobot/cobot_ws/install/mypalletizer_interfaces/include/mypalletizer_interfaces/mypalletizer_interfaces/srv/detail/pump_status__type_support.cpp
[1.014s] -- Up-to-date: /home/amin/cobot/cobot_ws/install/mypalletizer_interfaces/include/mypalletizer_interfaces/mypalletizer_interfaces/srv/detail/get_angles__rosidl_typesupport_introspection_cpp.hpp
[1.014s] -- Up-to-date: /home/amin/cobot/cobot_ws/install/mypalletizer_interfaces/include/mypalletizer_interfaces/mypalletizer_interfaces/srv/detail/set_coords__rosidl_typesupport_introspection_cpp.hpp
[1.014s] -- Up-to-date: /home/amin/cobot/cobot_ws/install/mypalletizer_interfaces/include/mypalletizer_interfaces/mypalletizer_interfaces/srv/detail/get_coords__rosidl_typesupport_introspection_cpp.hpp
[1.014s] -- Up-to-date: /home/amin/cobot/cobot_ws/install/mypalletizer_interfaces/include/mypalletizer_interfaces/mypalletizer_interfaces/msg
[1.014s] -- Up-to-date: /home/amin/cobot/cobot_ws/install/mypalletizer_interfaces/include/mypalletizer_interfaces/mypalletizer_interfaces/msg/detail
[1.014s] -- Up-to-date: /home/amin/cobot/cobot_ws/install/mypalletizer_interfaces/include/mypalletizer_interfaces/mypalletizer_interfaces/msg/detail/mypal_angles__type_support.cpp
[1.014s] -- Up-to-date: /home/amin/cobot/cobot_ws/install/mypalletizer_interfaces/include/mypalletizer_interfaces/mypalletizer_interfaces/msg/detail/mypal_gripper_status__rosidl_typesupport_introspection_cpp.hpp
[1.014s] -- Up-to-date: /home/amin/cobot/cobot_ws/install/mypalletizer_interfaces/include/mypalletizer_interfaces/mypalletizer_interfaces/msg/detail/mypal_set_coords__rosidl_typesupport_introspection_cpp.hpp
[1.014s] -- Up-to-date: /home/amin/cobot/cobot_ws/install/mypalletizer_interfaces/include/mypalletizer_interfaces/mypalletizer_interfaces/msg/detail/mypal_gripper_status__type_support.cpp
[1.014s] -- Up-to-date: /home/amin/cobot/cobot_ws/install/mypalletizer_interfaces/include/mypalletizer_interfaces/mypalletizer_interfaces/msg/detail/mypal_pump_status__type_support.cpp
[1.014s] -- Up-to-date: /home/amin/cobot/cobot_ws/install/mypalletizer_interfaces/include/mypalletizer_interfaces/mypalletizer_interfaces/msg/detail/mypal_angles__rosidl_typesupport_introspection_cpp.hpp
[1.014s] -- Up-to-date: /home/amin/cobot/cobot_ws/install/mypalletizer_interfaces/include/mypalletizer_interfaces/mypalletizer_interfaces/msg/detail/mypal_set_angles__type_support.cpp
[1.015s] -- Up-to-date: /home/amin/cobot/cobot_ws/install/mypalletizer_interfaces/include/mypalletizer_interfaces/mypalletizer_interfaces/msg/detail/mypal_coords__rosidl_typesupport_introspection_cpp.hpp
[1.015s] -- Up-to-date: /home/amin/cobot/cobot_ws/install/mypalletizer_interfaces/include/mypalletizer_interfaces/mypalletizer_interfaces/msg/detail/mypal_set_coords__type_support.cpp
[1.015s] -- Up-to-date: /home/amin/cobot/cobot_ws/install/mypalletizer_interfaces/include/mypalletizer_interfaces/mypalletizer_interfaces/msg/detail/mypal_set_angles__rosidl_typesupport_introspection_cpp.hpp
[1.015s] -- Up-to-date: /home/amin/cobot/cobot_ws/install/mypalletizer_interfaces/include/mypalletizer_interfaces/mypalletizer_interfaces/msg/detail/mypal_coords__type_support.cpp
[1.015s] -- Up-to-date: /home/amin/cobot/cobot_ws/install/mypalletizer_interfaces/include/mypalletizer_interfaces/mypalletizer_interfaces/msg/detail/mypal_pump_status__rosidl_typesupport_introspection_cpp.hpp
[1.015s] -- Up-to-date: /home/amin/cobot/cobot_ws/install/mypalletizer_interfaces/lib/libmypalletizer_interfaces__rosidl_typesupport_introspection_cpp.so
[1.015s] -- Up-to-date: /home/amin/cobot/cobot_ws/install/mypalletizer_interfaces/lib/libmypalletizer_interfaces__rosidl_typesupport_cpp.so
[1.015s] -- Up-to-date: /home/amin/cobot/cobot_ws/install/mypalletizer_interfaces/share/mypalletizer_interfaces/environment/pythonpath.sh
[1.015s] -- Up-to-date: /home/amin/cobot/cobot_ws/install/mypalletizer_interfaces/share/mypalletizer_interfaces/environment/pythonpath.dsv
[1.016s] -- Up-to-date: /home/amin/cobot/cobot_ws/install/mypalletizer_interfaces/lib/python3.12/site-packages/mypalletizer_interfaces-0.0.0-py3.12.egg-info
[1.016s] -- Installing: /home/amin/cobot/cobot_ws/install/mypalletizer_interfaces/lib/python3.12/site-packages/mypalletizer_interfaces-0.0.0-py3.12.egg-info/SOURCES.txt
[1.016s] -- Installing: /home/amin/cobot/cobot_ws/install/mypalletizer_interfaces/lib/python3.12/site-packages/mypalletizer_interfaces-0.0.0-py3.12.egg-info/PKG-INFO
[1.016s] -- Installing: /home/amin/cobot/cobot_ws/install/mypalletizer_interfaces/lib/python3.12/site-packages/mypalletizer_interfaces-0.0.0-py3.12.egg-info/top_level.txt
[1.016s] -- Installing: /home/amin/cobot/cobot_ws/install/mypalletizer_interfaces/lib/python3.12/site-packages/mypalletizer_interfaces-0.0.0-py3.12.egg-info/dependency_links.txt
[1.016s] -- Up-to-date: /home/amin/cobot/cobot_ws/install/mypalletizer_interfaces/lib/python3.12/site-packages/mypalletizer_interfaces
[1.017s] -- Up-to-date: /home/amin/cobot/cobot_ws/install/mypalletizer_interfaces/lib/python3.12/site-packages/mypalletizer_interfaces/mypalletizer_interfaces_s__rosidl_typesupport_fastrtps_c.so
[1.017s] -- Up-to-date: /home/amin/cobot/cobot_ws/install/mypalletizer_interfaces/lib/python3.12/site-packages/mypalletizer_interfaces/mypalletizer_interfaces_s__rosidl_typesupport_introspection_c.so
[1.017s] -- Up-to-date: /home/amin/cobot/cobot_ws/install/mypalletizer_interfaces/lib/python3.12/site-packages/mypalletizer_interfaces/_mypalletizer_interfaces_s.ep.rosidl_typesupport_introspection_c.c
[1.017s] -- Up-to-date: /home/amin/cobot/cobot_ws/install/mypalletizer_interfaces/lib/python3.12/site-packages/mypalletizer_interfaces/__init__.py
[1.018s] -- Up-to-date: /home/amin/cobot/cobot_ws/install/mypalletizer_interfaces/lib/python3.12/site-packages/mypalletizer_interfaces/srv
[1.018s] -- Up-to-date: /home/amin/cobot/cobot_ws/install/mypalletizer_interfaces/lib/python3.12/site-packages/mypalletizer_interfaces/srv/_get_coords_s.c
[1.018s] -- Up-to-date: /home/amin/cobot/cobot_ws/install/mypalletizer_interfaces/lib/python3.12/site-packages/mypalletizer_interfaces/srv/_get_angles_s.c
[1.019s] -- Up-to-date: /home/amin/cobot/cobot_ws/install/mypalletizer_interfaces/lib/python3.12/site-packages/mypalletizer_interfaces/srv/_get_angles.py
[1.019s] -- Up-to-date: /home/amin/cobot/cobot_ws/install/mypalletizer_interfaces/lib/python3.12/site-packages/mypalletizer_interfaces/srv/_set_angles.py
[1.019s] -- Up-to-date: /home/amin/cobot/cobot_ws/install/mypalletizer_interfaces/lib/python3.12/site-packages/mypalletizer_interfaces/srv/_pump_status.py
[1.019s] -- Up-to-date: /home/amin/cobot/cobot_ws/install/mypalletizer_interfaces/lib/python3.12/site-packages/mypalletizer_interfaces/srv/_pump_status_s.c
[1.019s] -- Up-to-date: /home/amin/cobot/cobot_ws/install/mypalletizer_interfaces/lib/python3.12/site-packages/mypalletizer_interfaces/srv/_set_coords.py
[1.019s] -- Up-to-date: /home/amin/cobot/cobot_ws/install/mypalletizer_interfaces/lib/python3.12/site-packages/mypalletizer_interfaces/srv/__init__.py
[1.019s] -- Up-to-date: /home/amin/cobot/cobot_ws/install/mypalletizer_interfaces/lib/python3.12/site-packages/mypalletizer_interfaces/srv/_get_coords.py
[1.019s] -- Up-to-date: /home/amin/cobot/cobot_ws/install/mypalletizer_interfaces/lib/python3.12/site-packages/mypalletizer_interfaces/srv/_gripper_status_s.c
[1.020s] -- Up-to-date: /home/amin/cobot/cobot_ws/install/mypalletizer_interfaces/lib/python3.12/site-packages/mypalletizer_interfaces/srv/_gripper_status.py
[1.020s] -- Up-to-date: /home/amin/cobot/cobot_ws/install/mypalletizer_interfaces/lib/python3.12/site-packages/mypalletizer_interfaces/srv/_set_coords_s.c
[1.020s] -- Up-to-date: /home/amin/cobot/cobot_ws/install/mypalletizer_interfaces/lib/python3.12/site-packages/mypalletizer_interfaces/srv/_set_angles_s.c
[1.020s] -- Up-to-date: /home/amin/cobot/cobot_ws/install/mypalletizer_interfaces/lib/python3.12/site-packages/mypalletizer_interfaces/msg
[1.020s] -- Up-to-date: /home/amin/cobot/cobot_ws/install/mypalletizer_interfaces/lib/python3.12/site-packages/mypalletizer_interfaces/msg/_mypal_angles.py
[1.020s] -- Up-to-date: /home/amin/cobot/cobot_ws/install/mypalletizer_interfaces/lib/python3.12/site-packages/mypalletizer_interfaces/msg/_mypal_gripper_status_s.c
[1.020s] -- Up-to-date: /home/amin/cobot/cobot_ws/install/mypalletizer_interfaces/lib/python3.12/site-packages/mypalletizer_interfaces/msg/_mypal_set_coords.py
[1.020s] -- Up-to-date: /home/amin/cobot/cobot_ws/install/mypalletizer_interfaces/lib/python3.12/site-packages/mypalletizer_interfaces/msg/_mypal_set_angles_s.c
[1.020s] -- Up-to-date: /home/amin/cobot/cobot_ws/install/mypalletizer_interfaces/lib/python3.12/site-packages/mypalletizer_interfaces/msg/__init__.py
[1.020s] -- Up-to-date: /home/amin/cobot/cobot_ws/install/mypalletizer_interfaces/lib/python3.12/site-packages/mypalletizer_interfaces/msg/_mypal_gripper_status.py
[1.021s] -- Up-to-date: /home/amin/cobot/cobot_ws/install/mypalletizer_interfaces/lib/python3.12/site-packages/mypalletizer_interfaces/msg/_mypal_coords.py
[1.021s] -- Up-to-date: /home/amin/cobot/cobot_ws/install/mypalletizer_interfaces/lib/python3.12/site-packages/mypalletizer_interfaces/msg/_mypal_pump_status.py
[1.021s] -- Up-to-date: /home/amin/cobot/cobot_ws/install/mypalletizer_interfaces/lib/python3.12/site-packages/mypalletizer_interfaces/msg/_mypal_angles_s.c
[1.021s] -- Up-to-date: /home/amin/cobot/cobot_ws/install/mypalletizer_interfaces/lib/python3.12/site-packages/mypalletizer_interfaces/msg/_mypal_set_coords_s.c
[1.021s] -- Up-to-date: /home/amin/cobot/cobot_ws/install/mypalletizer_interfaces/lib/python3.12/site-packages/mypalletizer_interfaces/msg/_mypal_coords_s.c
[1.021s] -- Up-to-date: /home/amin/cobot/cobot_ws/install/mypalletizer_interfaces/lib/python3.12/site-packages/mypalletizer_interfaces/msg/_mypal_pump_status_s.c
[1.021s] -- Up-to-date: /home/amin/cobot/cobot_ws/install/mypalletizer_interfaces/lib/python3.12/site-packages/mypalletizer_interfaces/msg/_mypal_set_angles.py
[1.021s] -- Up-to-date: /home/amin/cobot/cobot_ws/install/mypalletizer_interfaces/lib/python3.12/site-packages/mypalletizer_interfaces/_mypalletizer_interfaces_s.ep.rosidl_typesupport_c.c
[1.021s] -- Up-to-date: /home/amin/cobot/cobot_ws/install/mypalletizer_interfaces/lib/python3.12/site-packages/mypalletizer_interfaces/mypalletizer_interfaces_s__rosidl_typesupport_c.so
[1.021s] -- Up-to-date: /home/amin/cobot/cobot_ws/install/mypalletizer_interfaces/lib/python3.12/site-packages/mypalletizer_interfaces/_mypalletizer_interfaces_s.ep.rosidl_typesupport_fastrtps_c.c
[1.086s] Listing '/home/amin/cobot/cobot_ws/install/mypalletizer_interfaces/lib/python3.12/site-packages/mypalletizer_interfaces'...
[1.086s] Listing '/home/amin/cobot/cobot_ws/install/mypalletizer_interfaces/lib/python3.12/site-packages/mypalletizer_interfaces/msg'...
[1.086s] Listing '/home/amin/cobot/cobot_ws/install/mypalletizer_interfaces/lib/python3.12/site-packages/mypalletizer_interfaces/srv'...
[1.087s] -- Up-to-date: /home/amin/cobot/cobot_ws/install/mypalletizer_interfaces/lib/python3.12/site-packages/mypalletizer_interfaces/mypalletizer_interfaces_s__rosidl_typesupport_fastrtps_c.so
[1.087s] -- Up-to-date: /home/amin/cobot/cobot_ws/install/mypalletizer_interfaces/lib/python3.12/site-packages/mypalletizer_interfaces/mypalletizer_interfaces_s__rosidl_typesupport_introspection_c.so
[1.087s] -- Up-to-date: /home/amin/cobot/cobot_ws/install/mypalletizer_interfaces/lib/python3.12/site-packages/mypalletizer_interfaces/mypalletizer_interfaces_s__rosidl_typesupport_c.so
[1.087s] -- Up-to-date: /home/amin/cobot/cobot_ws/install/mypalletizer_interfaces/lib/libmypalletizer_interfaces__rosidl_generator_py.so
[1.087s] -- Up-to-date: /home/amin/cobot/cobot_ws/install/mypalletizer_interfaces/share/mypalletizer_interfaces/msg/MypalAngles.idl
[1.087s] -- Up-to-date: /home/amin/cobot/cobot_ws/install/mypalletizer_interfaces/share/mypalletizer_interfaces/msg/MypalCoords.idl
[1.087s] -- Up-to-date: /home/amin/cobot/cobot_ws/install/mypalletizer_interfaces/share/mypalletizer_interfaces/msg/MypalSetAngles.idl
[1.087s] -- Up-to-date: /home/amin/cobot/cobot_ws/install/mypalletizer_interfaces/share/mypalletizer_interfaces/msg/MypalSetCoords.idl
[1.088s] -- Up-to-date: /home/amin/cobot/cobot_ws/install/mypalletizer_interfaces/share/mypalletizer_interfaces/msg/MypalGripperStatus.idl
[1.088s] -- Up-to-date: /home/amin/cobot/cobot_ws/install/mypalletizer_interfaces/share/mypalletizer_interfaces/msg/MypalPumpStatus.idl
[1.088s] -- Up-to-date: /home/amin/cobot/cobot_ws/install/mypalletizer_interfaces/share/mypalletizer_interfaces/srv/GetAngles.idl
[1.088s] -- Up-to-date: /home/amin/cobot/cobot_ws/install/mypalletizer_interfaces/share/mypalletizer_interfaces/srv/SetAngles.idl
[1.088s] -- Up-to-date: /home/amin/cobot/cobot_ws/install/mypalletizer_interfaces/share/mypalletizer_interfaces/srv/GetCoords.idl
[1.088s] -- Up-to-date: /home/amin/cobot/cobot_ws/install/mypalletizer_interfaces/share/mypalletizer_interfaces/srv/SetCoords.idl
[1.088s] -- Up-to-date: /home/amin/cobot/cobot_ws/install/mypalletizer_interfaces/share/mypalletizer_interfaces/srv/GripperStatus.idl
[1.088s] -- Up-to-date: /home/amin/cobot/cobot_ws/install/mypalletizer_interfaces/share/mypalletizer_interfaces/srv/PumpStatus.idl
[1.088s] -- Up-to-date: /home/amin/cobot/cobot_ws/install/mypalletizer_interfaces/share/mypalletizer_interfaces/msg/MypalAngles.msg
[1.089s] -- Up-to-date: /home/amin/cobot/cobot_ws/install/mypalletizer_interfaces/share/mypalletizer_interfaces/msg/MypalCoords.msg
[1.089s] -- Up-to-date: /home/amin/cobot/cobot_ws/install/mypalletizer_interfaces/share/mypalletizer_interfaces/msg/MypalSetAngles.msg
[1.089s] -- Up-to-date: /home/amin/cobot/cobot_ws/install/mypalletizer_interfaces/share/mypalletizer_interfaces/msg/MypalSetCoords.msg
[1.089s] -- Up-to-date: /home/amin/cobot/cobot_ws/install/mypalletizer_interfaces/share/mypalletizer_interfaces/msg/MypalGripperStatus.msg
[1.089s] -- Up-to-date: /home/amin/cobot/cobot_ws/install/mypalletizer_interfaces/share/mypalletizer_interfaces/msg/MypalPumpStatus.msg
[1.089s] -- Up-to-date: /home/amin/cobot/cobot_ws/install/mypalletizer_interfaces/share/mypalletizer_interfaces/srv/GetAngles.srv
[1.089s] -- Up-to-date: /home/amin/cobot/cobot_ws/install/mypalletizer_interfaces/share/mypalletizer_interfaces/srv/SetAngles.srv
[1.089s] -- Up-to-date: /home/amin/cobot/cobot_ws/install/mypalletizer_interfaces/share/mypalletizer_interfaces/srv/GetCoords.srv
[1.089s] -- Up-to-date: /home/amin/cobot/cobot_ws/install/mypalletizer_interfaces/share/mypalletizer_interfaces/srv/SetCoords.srv
[1.089s] -- Up-to-date: /home/amin/cobot/cobot_ws/install/mypalletizer_interfaces/share/mypalletizer_interfaces/srv/GripperStatus.srv
[1.089s] -- Up-to-date: /home/amin/cobot/cobot_ws/install/mypalletizer_interfaces/share/mypalletizer_interfaces/srv/PumpStatus.srv
[1.090s] -- Up-to-date: /home/amin/cobot/cobot_ws/install/mypalletizer_interfaces/share/ament_index/resource_index/package_run_dependencies/mypalletizer_interfaces
[1.091s] -- Up-to-date: /home/amin/cobot/cobot_ws/install/mypalletizer_interfaces/share/ament_index/resource_index/parent_prefix_path/mypalletizer_interfaces
[1.091s] -- Up-to-date: /home/amin/cobot/cobot_ws/install/mypalletizer_interfaces/share/mypalletizer_interfaces/environment/ament_prefix_path.sh
[1.091s] -- Up-to-date: /home/amin/cobot/cobot_ws/install/mypalletizer_interfaces/share/mypalletizer_interfaces/environment/ament_prefix_path.dsv
[1.091s] -- Up-to-date: /home/amin/cobot/cobot_ws/install/mypalletizer_interfaces/share/mypalletizer_interfaces/environment/path.sh
[1.092s] -- Up-to-date: /home/amin/cobot/cobot_ws/install/mypalletizer_interfaces/share/mypalletizer_interfaces/environment/path.dsv
[1.092s] -- Up-to-date: /home/amin/cobot/cobot_ws/install/mypalletizer_interfaces/share/mypalletizer_interfaces/local_setup.bash
[1.093s] -- Up-to-date: /home/amin/cobot/cobot_ws/install/mypalletizer_interfaces/share/mypalletizer_interfaces/local_setup.sh
[1.093s] -- Up-to-date: /home/amin/cobot/cobot_ws/install/mypalletizer_interfaces/share/mypalletizer_interfaces/local_setup.zsh
[1.093s] -- Up-to-date: /home/amin/cobot/cobot_ws/install/mypalletizer_interfaces/share/mypalletizer_interfaces/local_setup.dsv
[1.093s] -- Installing: /home/amin/cobot/cobot_ws/install/mypalletizer_interfaces/share/mypalletizer_interfaces/package.dsv
[1.094s] -- Up-to-date: /home/amin/cobot/cobot_ws/install/mypalletizer_interfaces/share/ament_index/resource_index/packages/mypalletizer_interfaces
[1.094s] -- Up-to-date: /home/amin/cobot/cobot_ws/install/mypalletizer_interfaces/share/mypalletizer_interfaces/cmake/export_mypalletizer_interfaces__rosidl_generator_cExport.cmake
[1.094s] -- Up-to-date: /home/amin/cobot/cobot_ws/install/mypalletizer_interfaces/share/mypalletizer_interfaces/cmake/export_mypalletizer_interfaces__rosidl_generator_cExport-noconfig.cmake
[1.095s] -- Up-to-date: /home/amin/cobot/cobot_ws/install/mypalletizer_interfaces/share/mypalletizer_interfaces/cmake/export_mypalletizer_interfaces__rosidl_typesupport_fastrtps_cExport.cmake
[1.095s] -- Up-to-date: /home/amin/cobot/cobot_ws/install/mypalletizer_interfaces/share/mypalletizer_interfaces/cmake/export_mypalletizer_interfaces__rosidl_typesupport_fastrtps_cExport-noconfig.cmake
[1.095s] -- Up-to-date: /home/amin/cobot/cobot_ws/install/mypalletizer_interfaces/share/mypalletizer_interfaces/cmake/mypalletizer_interfaces__rosidl_typesupport_introspection_cExport.cmake
[1.095s] -- Up-to-date: /home/amin/cobot/cobot_ws/install/mypalletizer_interfaces/share/mypalletizer_interfaces/cmake/mypalletizer_interfaces__rosidl_typesupport_introspection_cExport-noconfig.cmake
[1.096s] -- Up-to-date: /home/amin/cobot/cobot_ws/install/mypalletizer_interfaces/share/mypalletizer_interfaces/cmake/mypalletizer_interfaces__rosidl_typesupport_cExport.cmake
[1.096s] -- Up-to-date: /home/amin/cobot/cobot_ws/install/mypalletizer_interfaces/share/mypalletizer_interfaces/cmake/mypalletizer_interfaces__rosidl_typesupport_cExport-noconfig.cmake
[1.096s] -- Up-to-date: /home/amin/cobot/cobot_ws/install/mypalletizer_interfaces/share/mypalletizer_interfaces/cmake/export_mypalletizer_interfaces__rosidl_generator_cppExport.cmake
[1.096s] -- Up-to-date: /home/amin/cobot/cobot_ws/install/mypalletizer_interfaces/share/mypalletizer_interfaces/cmake/export_mypalletizer_interfaces__rosidl_typesupport_fastrtps_cppExport.cmake
[1.096s] -- Up-to-date: /home/amin/cobot/cobot_ws/install/mypalletizer_interfaces/share/mypalletizer_interfaces/cmake/export_mypalletizer_interfaces__rosidl_typesupport_fastrtps_cppExport-noconfig.cmake
[1.096s] -- Up-to-date: /home/amin/cobot/cobot_ws/install/mypalletizer_interfaces/share/mypalletizer_interfaces/cmake/mypalletizer_interfaces__rosidl_typesupport_introspection_cppExport.cmake
[1.096s] -- Up-to-date: /home/amin/cobot/cobot_ws/install/mypalletizer_interfaces/share/mypalletizer_interfaces/cmake/mypalletizer_interfaces__rosidl_typesupport_introspection_cppExport-noconfig.cmake
[1.096s] -- Up-to-date: /home/amin/cobot/cobot_ws/install/mypalletizer_interfaces/share/mypalletizer_interfaces/cmake/mypalletizer_interfaces__rosidl_typesupport_cppExport.cmake
[1.097s] -- Up-to-date: /home/amin/cobot/cobot_ws/install/mypalletizer_interfaces/share/mypalletizer_interfaces/cmake/mypalletizer_interfaces__rosidl_typesupport_cppExport-noconfig.cmake
[1.097s] -- Up-to-date: /home/amin/cobot/cobot_ws/install/mypalletizer_interfaces/share/mypalletizer_interfaces/cmake/export_mypalletizer_interfaces__rosidl_generator_pyExport.cmake
[1.097s] -- Up-to-date: /home/amin/cobot/cobot_ws/install/mypalletizer_interfaces/share/mypalletizer_interfaces/cmake/export_mypalletizer_interfaces__rosidl_generator_pyExport-noconfig.cmake
[1.097s] -- Up-to-date: /home/amin/cobot/cobot_ws/install/mypalletizer_interfaces/share/mypalletizer_interfaces/cmake/rosidl_cmake-extras.cmake
[1.097s] -- Up-to-date: /home/amin/cobot/cobot_ws/install/mypalletizer_interfaces/share/mypalletizer_interfaces/cmake/ament_cmake_export_dependencies-extras.cmake
[1.098s] -- Up-to-date: /home/amin/cobot/cobot_ws/install/mypalletizer_interfaces/share/mypalletizer_interfaces/cmake/ament_cmake_export_include_directories-extras.cmake
[1.098s] -- Up-to-date: /home/amin/cobot/cobot_ws/install/mypalletizer_interfaces/share/mypalletizer_interfaces/cmake/ament_cmake_export_libraries-extras.cmake
[1.098s] -- Up-to-date: /home/amin/cobot/cobot_ws/install/mypalletizer_interfaces/share/mypalletizer_interfaces/cmake/ament_cmake_export_targets-extras.cmake
[1.098s] -- Up-to-date: /home/amin/cobot/cobot_ws/install/mypalletizer_interfaces/share/mypalletizer_interfaces/cmake/rosidl_cmake_export_typesupport_targets-extras.cmake
[1.098s] -- Up-to-date: /home/amin/cobot/cobot_ws/install/mypalletizer_interfaces/share/mypalletizer_interfaces/cmake/rosidl_cmake_export_typesupport_libraries-extras.cmake
[1.098s] -- Up-to-date: /home/amin/cobot/cobot_ws/install/mypalletizer_interfaces/share/mypalletizer_interfaces/cmake/mypalletizer_interfacesConfig.cmake
[1.098s] -- Up-to-date: /home/amin/cobot/cobot_ws/install/mypalletizer_interfaces/share/mypalletizer_interfaces/cmake/mypalletizer_interfacesConfig-version.cmake
[1.098s] -- Up-to-date: /home/amin/cobot/cobot_ws/install/mypalletizer_interfaces/share/mypalletizer_interfaces/package.xml
[1.098s] Invoked command in '/home/amin/cobot/cobot_ws/build/mypalletizer_interfaces' returned '0': CMAKE_PREFIX_PATH=${CMAKE_PREFIX_PATH}:/home/amin/cobot/cobot_ws/install/ultraarm:/home/amin/cobot/cobot_ws/install/pro450_moveit2_control:/home/amin/cobot/cobot_ws/install/mypalletizer_communication:/home/amin/cobot/cobot_ws/install/mypalletizer_260_pi:/home/amin/cobot/cobot_ws/install/mypalletizer_260:/home/amin/cobot/cobot_ws/install/mycobot_pro_450:/home/amin/cobot/cobot_ws/install/myarm_m750:/home/amin/cobot/cobot_ws/install/myarm_c650:/home/amin/cobot/cobot_ws/install/mycobot_communication:/home/amin/cobot/cobot_ws/install/mecharm_communication:/home/amin/cobot/cobot_ws/install/mycobot_630:/home/amin/cobot/cobot_ws/install/mycobot_600:/home/amin/cobot/cobot_ws/install/mycobot_320pi:/home/amin/cobot/cobot_ws/install/mycobot_320_riscv:/home/amin/cobot/cobot_ws/install/mycobot_320:/home/amin/cobot/cobot_ws/install/mycobot_280pi:/home/amin/cobot/cobot_ws/install/mycobot_280jn:/home/amin/cobot/cobot_ws/install/mycobot_280_x3pi:/home/amin/cobot/cobot_ws/install/mycobot_280_riscv:/home/amin/cobot/cobot_ws/install/mycobot_280_rdkx5:/home/amin/cobot/cobot_ws/install/mycobot_280_moveit2_control:/home/amin/cobot/cobot_ws/install/mycobot_280_arduino:/home/amin/cobot/cobot_ws/install/mycobot_280:/home/amin/cobot/cobot_ws/install/mybuddy:/home/amin/cobot/cobot_ws/install/myarm_300:/home/amin/cobot/cobot_ws/install/mecharm_pi:/home/amin/cobot/cobot_ws/install/mecharm:/home/amin/cobot/cobot_ws/install/mycobot_description:/opt/ros/jazzy DEBUGINFOD_URLS=https://debuginfod.ubuntu.com /usr/bin/cmake --install /home/amin/cobot/cobot_ws/build/mypalletizer_interfaces
