[1.267s] Invoking command in '/home/amin/cobot/cobot_ws/src/mycobot_ros2/myArm/myarm_m750': AMENT_PREFIX_PATH=/home/amin/cobot/cobot_ws/install/mycobot_communication:/home/amin/cobot/cobot_ws/install/mycobot_interfaces:/home/amin/cobot/cobot_ws/install/mycobot_description:${AMENT_PREFIX_PATH} CMAKE_PREFIX_PATH=/home/amin/cobot/cobot_ws/install/mycobot_interfaces:${CMAKE_PREFIX_PATH} DEBUGINFOD_URLS=https://debuginfod.ubuntu.com LD_LIBRARY_PATH=/home/amin/cobot/cobot_ws/install/mycobot_interfaces/lib:${LD_LIBRARY_PATH} PYTHONPATH=/home/amin/cobot/cobot_ws/build/myarm_m750/prefix_override:/usr/lib/python3/dist-packages/colcon_core/task/python/colcon_distutils_commands:/home/amin/cobot/cobot_ws/install/myarm_m750/lib/python3.12/site-packages:/home/amin/cobot/cobot_ws/install/mycobot_communication/lib/python3.12/site-packages:/home/amin/cobot/cobot_ws/install/mycobot_interfaces/lib/python3.12/site-packages:/home/amin/cobot/cobot_ws/install/mycobot_description/lib/python3.12/site-packages:${PYTHONPATH} /usr/bin/python3 -W ignore:setup.py install is deprecated -W ignore:easy_install command is deprecated setup.py egg_info --egg-base ../../../../build/myarm_m750 build --build-base /home/amin/cobot/cobot_ws/build/myarm_m750/build install --record /home/amin/cobot/cobot_ws/build/myarm_m750/install.log --single-version-externally-managed install_data
[1.533s] running egg_info
[1.534s] creating ../../../../build/myarm_m750/myarm_m750.egg-info
[1.553s] writing ../../../../build/myarm_m750/myarm_m750.egg-info/PKG-INFO
[1.554s] writing dependency_links to ../../../../build/myarm_m750/myarm_m750.egg-info/dependency_links.txt
[1.554s] writing entry points to ../../../../build/myarm_m750/myarm_m750.egg-info/entry_points.txt
[1.554s] writing requirements to ../../../../build/myarm_m750/myarm_m750.egg-info/requires.txt
[1.554s] writing top-level names to ../../../../build/myarm_m750/myarm_m750.egg-info/top_level.txt
[1.555s] writing manifest file '../../../../build/myarm_m750/myarm_m750.egg-info/SOURCES.txt'
[1.593s] reading manifest file '../../../../build/myarm_m750/myarm_m750.egg-info/SOURCES.txt'
[1.593s] adding license file 'LICENSE'
[1.594s] writing manifest file '../../../../build/myarm_m750/myarm_m750.egg-info/SOURCES.txt'
[1.594s] running build
[1.594s] running build_py
[1.595s] creating /home/amin/cobot/cobot_ws/build/myarm_m750/build
[1.595s] creating /home/amin/cobot/cobot_ws/build/myarm_m750/build/lib
[1.595s] creating /home/amin/cobot/cobot_ws/build/myarm_m750/build/lib/myarm_m750
[1.595s] copying myarm_m750/slider_control.py -> /home/amin/cobot/cobot_ws/build/myarm_m750/build/lib/myarm_m750
[1.595s] copying myarm_m750/teleop_keyboard.py -> /home/amin/cobot/cobot_ws/build/myarm_m750/build/lib/myarm_m750
[1.595s] copying myarm_m750/__init__.py -> /home/amin/cobot/cobot_ws/build/myarm_m750/build/lib/myarm_m750
[1.597s] copying myarm_m750/follow_display.py -> /home/amin/cobot/cobot_ws/build/myarm_m750/build/lib/myarm_m750
[1.597s] copying myarm_m750/simple_gui.py -> /home/amin/cobot/cobot_ws/build/myarm_m750/build/lib/myarm_m750
[1.597s] copying myarm_m750/combined_control.py -> /home/amin/cobot/cobot_ws/build/myarm_m750/build/lib/myarm_m750
[1.597s] copying myarm_m750/read_control.py -> /home/amin/cobot/cobot_ws/build/myarm_m750/build/lib/myarm_m750
[1.597s] running install
[1.602s] running install_lib
[1.622s] creating /home/amin/cobot/cobot_ws/install/myarm_m750/lib/python3.12/site-packages/myarm_m750
[1.622s] copying /home/amin/cobot/cobot_ws/build/myarm_m750/build/lib/myarm_m750/slider_control.py -> /home/amin/cobot/cobot_ws/install/myarm_m750/lib/python3.12/site-packages/myarm_m750
[1.622s] copying /home/amin/cobot/cobot_ws/build/myarm_m750/build/lib/myarm_m750/teleop_keyboard.py -> /home/amin/cobot/cobot_ws/install/myarm_m750/lib/python3.12/site-packages/myarm_m750
[1.623s] copying /home/amin/cobot/cobot_ws/build/myarm_m750/build/lib/myarm_m750/__init__.py -> /home/amin/cobot/cobot_ws/install/myarm_m750/lib/python3.12/site-packages/myarm_m750
[1.623s] copying /home/amin/cobot/cobot_ws/build/myarm_m750/build/lib/myarm_m750/follow_display.py -> /home/amin/cobot/cobot_ws/install/myarm_m750/lib/python3.12/site-packages/myarm_m750
[1.623s] copying /home/amin/cobot/cobot_ws/build/myarm_m750/build/lib/myarm_m750/simple_gui.py -> /home/amin/cobot/cobot_ws/install/myarm_m750/lib/python3.12/site-packages/myarm_m750
[1.623s] copying /home/amin/cobot/cobot_ws/build/myarm_m750/build/lib/myarm_m750/combined_control.py -> /home/amin/cobot/cobot_ws/install/myarm_m750/lib/python3.12/site-packages/myarm_m750
[1.623s] copying /home/amin/cobot/cobot_ws/build/myarm_m750/build/lib/myarm_m750/read_control.py -> /home/amin/cobot/cobot_ws/install/myarm_m750/lib/python3.12/site-packages/myarm_m750
[1.624s] byte-compiling /home/amin/cobot/cobot_ws/install/myarm_m750/lib/python3.12/site-packages/myarm_m750/slider_control.py to slider_control.cpython-312.pyc
[1.624s] byte-compiling /home/amin/cobot/cobot_ws/install/myarm_m750/lib/python3.12/site-packages/myarm_m750/teleop_keyboard.py to teleop_keyboard.cpython-312.pyc
[1.626s] byte-compiling /home/amin/cobot/cobot_ws/install/myarm_m750/lib/python3.12/site-packages/myarm_m750/__init__.py to __init__.cpython-312.pyc
[1.626s] byte-compiling /home/amin/cobot/cobot_ws/install/myarm_m750/lib/python3.12/site-packages/myarm_m750/follow_display.py to follow_display.cpython-312.pyc
[1.627s] byte-compiling /home/amin/cobot/cobot_ws/install/myarm_m750/lib/python3.12/site-packages/myarm_m750/simple_gui.py to simple_gui.cpython-312.pyc
[1.631s] byte-compiling /home/amin/cobot/cobot_ws/install/myarm_m750/lib/python3.12/site-packages/myarm_m750/combined_control.py to combined_control.cpython-312.pyc
[1.632s] byte-compiling /home/amin/cobot/cobot_ws/install/myarm_m750/lib/python3.12/site-packages/myarm_m750/read_control.py to read_control.cpython-312.pyc
[1.633s] running install_data
[1.633s] creating /home/amin/cobot/cobot_ws/install/myarm_m750/share/ament_index
[1.633s] creating /home/amin/cobot/cobot_ws/install/myarm_m750/share/ament_index/resource_index
[1.634s] creating /home/amin/cobot/cobot_ws/install/myarm_m750/share/ament_index/resource_index/packages
[1.634s] copying resource/myarm_m750 -> /home/amin/cobot/cobot_ws/install/myarm_m750/share/ament_index/resource_index/packages
[1.634s] copying package.xml -> /home/amin/cobot/cobot_ws/install/myarm_m750/share/myarm_m750
[1.635s] creating /home/amin/cobot/cobot_ws/install/myarm_m750/share/myarm_m750/launch
[1.635s] copying launch/mycobot_follow.launch.py -> /home/amin/cobot/cobot_ws/install/myarm_m750/share/myarm_m750/launch
[1.635s] copying launch/debug.launch.py -> /home/amin/cobot/cobot_ws/install/myarm_m750/share/myarm_m750/launch
[1.636s] copying launch/teleop_keyboard.launch.py -> /home/amin/cobot/cobot_ws/install/myarm_m750/share/myarm_m750/launch
[1.636s] copying launch/simple_gui.launch.py -> /home/amin/cobot/cobot_ws/install/myarm_m750/share/myarm_m750/launch
[1.636s] copying launch/test.launch.py -> /home/amin/cobot/cobot_ws/install/myarm_m750/share/myarm_m750/launch
[1.636s] copying launch/slider_control.launch.py -> /home/amin/cobot/cobot_ws/install/myarm_m750/share/myarm_m750/launch
[1.636s] copying launch/combined_control.launch.py -> /home/amin/cobot/cobot_ws/install/myarm_m750/share/myarm_m750/launch
[1.636s] creating /home/amin/cobot/cobot_ws/install/myarm_m750/share/myarm_m750/config
[1.636s] copying config/myarm_m750_with_myarm_c650.rviz -> /home/amin/cobot/cobot_ws/install/myarm_m750/share/myarm_m750/config
[1.636s] copying config/myarm_m750.rviz -> /home/amin/cobot/cobot_ws/install/myarm_m750/share/myarm_m750/config
[1.636s] copying config/myarm_m_with_myarm_c650.rviz -> /home/amin/cobot/cobot_ws/install/myarm_m750/share/myarm_m750/config
[1.636s] copying config/mycobot_with_marker.rviz -> /home/amin/cobot/cobot_ws/install/myarm_m750/share/myarm_m750/config
[1.636s] running install_egg_info
[1.656s] Copying ../../../../build/myarm_m750/myarm_m750.egg-info to /home/amin/cobot/cobot_ws/install/myarm_m750/lib/python3.12/site-packages/myarm_m750-0.0.0-py3.12.egg-info
[1.657s] running install_scripts
[1.789s] Installing combined_control script to /home/amin/cobot/cobot_ws/install/myarm_m750/lib/myarm_m750
[1.790s] Installing follow_display script to /home/amin/cobot/cobot_ws/install/myarm_m750/lib/myarm_m750
[1.790s] Installing read_control script to /home/amin/cobot/cobot_ws/install/myarm_m750/lib/myarm_m750
[1.790s] Installing simple_gui script to /home/amin/cobot/cobot_ws/install/myarm_m750/lib/myarm_m750
[1.792s] Installing slider_control script to /home/amin/cobot/cobot_ws/install/myarm_m750/lib/myarm_m750
[1.792s] Installing teleop_keyboard script to /home/amin/cobot/cobot_ws/install/myarm_m750/lib/myarm_m750
[1.792s] writing list of installed files to '/home/amin/cobot/cobot_ws/build/myarm_m750/install.log'
[1.849s] Invoked command in '/home/amin/cobot/cobot_ws/src/mycobot_ros2/myArm/myarm_m750' returned '0': AMENT_PREFIX_PATH=/home/amin/cobot/cobot_ws/install/mycobot_communication:/home/amin/cobot/cobot_ws/install/mycobot_interfaces:/home/amin/cobot/cobot_ws/install/mycobot_description:${AMENT_PREFIX_PATH} CMAKE_PREFIX_PATH=/home/amin/cobot/cobot_ws/install/mycobot_interfaces:${CMAKE_PREFIX_PATH} DEBUGINFOD_URLS=https://debuginfod.ubuntu.com LD_LIBRARY_PATH=/home/amin/cobot/cobot_ws/install/mycobot_interfaces/lib:${LD_LIBRARY_PATH} PYTHONPATH=/home/amin/cobot/cobot_ws/build/myarm_m750/prefix_override:/usr/lib/python3/dist-packages/colcon_core/task/python/colcon_distutils_commands:/home/amin/cobot/cobot_ws/install/myarm_m750/lib/python3.12/site-packages:/home/amin/cobot/cobot_ws/install/mycobot_communication/lib/python3.12/site-packages:/home/amin/cobot/cobot_ws/install/mycobot_interfaces/lib/python3.12/site-packages:/home/amin/cobot/cobot_ws/install/mycobot_description/lib/python3.12/site-packages:${PYTHONPATH} /usr/bin/python3 -W ignore:setup.py install is deprecated -W ignore:easy_install command is deprecated setup.py egg_info --egg-base ../../../../build/myarm_m750 build --build-base /home/amin/cobot/cobot_ws/build/myarm_m750/build install --record /home/amin/cobot/cobot_ws/build/myarm_m750/install.log --single-version-externally-managed install_data
