[2.977s] Invoking command in '/home/amin/cobot/cobot_ws/src/mycobot_ros2/mycobot_description': DEBUGINFOD_URLS=https://debuginfod.ubuntu.com PYTHONPATH=/home/amin/cobot/cobot_ws/build/mycobot_description/prefix_override:/usr/lib/python3/dist-packages/colcon_core/task/python/colcon_distutils_commands:/home/amin/cobot/cobot_ws/install/mycobot_description/lib/python3.12/site-packages:${PYTHONPATH} /usr/bin/python3 -W ignore:setup.py install is deprecated -W ignore:easy_install command is deprecated setup.py egg_info --egg-base ../../../build/mycobot_description build --build-base /home/amin/cobot/cobot_ws/build/mycobot_description/build install --record /home/amin/cobot/cobot_ws/build/mycobot_description/install.log --single-version-externally-managed install_data
[3.451s] running egg_info
[3.484s] writing ../../../build/mycobot_description/mycobot_description.egg-info/PKG-INFO
[3.484s] writing dependency_links to ../../../build/mycobot_description/mycobot_description.egg-info/dependency_links.txt
[3.484s] writing requirements to ../../../build/mycobot_description/mycobot_description.egg-info/requires.txt
[3.485s] writing top-level names to ../../../build/mycobot_description/mycobot_description.egg-info/top_level.txt
[3.552s] reading manifest file '../../../build/mycobot_description/mycobot_description.egg-info/SOURCES.txt'
[3.555s] adding license file 'LICENSE'
[3.560s] writing manifest file '../../../build/mycobot_description/mycobot_description.egg-info/SOURCES.txt'
[3.560s] running build
[3.560s] running build_py
[3.560s] running install
[3.570s] running install_lib
[3.604s] running install_data
[3.610s] running install_egg_info
[3.642s] removing '/home/amin/cobot/cobot_ws/install/mycobot_description/lib/python3.12/site-packages/mycobot_description-0.0.0-py3.12.egg-info' (and everything under it)
[3.644s] Copying ../../../build/mycobot_description/mycobot_description.egg-info to /home/amin/cobot/cobot_ws/install/mycobot_description/lib/python3.12/site-packages/mycobot_description-0.0.0-py3.12.egg-info
[3.645s] running install_scripts
[3.852s] writing list of installed files to '/home/amin/cobot/cobot_ws/build/mycobot_description/install.log'
[3.963s] Invoked command in '/home/amin/cobot/cobot_ws/src/mycobot_ros2/mycobot_description' returned '0': DEBUGINFOD_URLS=https://debuginfod.ubuntu.com PYTHONPATH=/home/amin/cobot/cobot_ws/build/mycobot_description/prefix_override:/usr/lib/python3/dist-packages/colcon_core/task/python/colcon_distutils_commands:/home/amin/cobot/cobot_ws/install/mycobot_description/lib/python3.12/site-packages:${PYTHONPATH} /usr/bin/python3 -W ignore:setup.py install is deprecated -W ignore:easy_install command is deprecated setup.py egg_info --egg-base ../../../build/mycobot_description build --build-base /home/amin/cobot/cobot_ws/build/mycobot_description/build install --record /home/amin/cobot/cobot_ws/build/mycobot_description/install.log --single-version-externally-managed install_data
