[3.720s] Invoking command in '/home/amin/cobot/cobot_ws/src/mycobot_ros2/mycobot_280/mycobot_280jn': AMENT_PREFIX_PATH=/home/amin/cobot/cobot_ws/install/mycobot_description:${AMENT_PREFIX_PATH} DEBUGINFOD_URLS=https://debuginfod.ubuntu.com PYTHONPATH=/home/amin/cobot/cobot_ws/build/mycobot_280jn/prefix_override:/usr/lib/python3/dist-packages/colcon_core/task/python/colcon_distutils_commands:/home/amin/cobot/cobot_ws/install/mycobot_280jn/lib/python3.12/site-packages:/home/amin/cobot/cobot_ws/install/mycobot_description/lib/python3.12/site-packages:${PYTHONPATH} /usr/bin/python3 -W ignore:setup.py install is deprecated -W ignore:easy_install command is deprecated setup.py egg_info --egg-base ../../../../build/mycobot_280jn build --build-base /home/amin/cobot/cobot_ws/build/mycobot_280jn/build install --record /home/amin/cobot/cobot_ws/build/mycobot_280jn/install.log --single-version-externally-managed install_data
[4.371s] running egg_info
[4.372s] creating ../../../../build/mycobot_280jn/mycobot_280jn.egg-info
[4.416s] writing ../../../../build/mycobot_280jn/mycobot_280jn.egg-info/PKG-INFO
[4.417s] writing dependency_links to ../../../../build/mycobot_280jn/mycobot_280jn.egg-info/dependency_links.txt
[4.418s] writing entry points to ../../../../build/mycobot_280jn/mycobot_280jn.egg-info/entry_points.txt
[4.419s] writing requirements to ../../../../build/mycobot_280jn/mycobot_280jn.egg-info/requires.txt
[4.419s] writing top-level names to ../../../../build/mycobot_280jn/mycobot_280jn.egg-info/top_level.txt
[4.419s] writing manifest file '../../../../build/mycobot_280jn/mycobot_280jn.egg-info/SOURCES.txt'
[4.504s] reading manifest file '../../../../build/mycobot_280jn/mycobot_280jn.egg-info/SOURCES.txt'
[4.506s] adding license file 'LICENSE'
[4.506s] writing manifest file '../../../../build/mycobot_280jn/mycobot_280jn.egg-info/SOURCES.txt'
[4.506s] running build
[4.507s] running build_py
[4.507s] creating /home/amin/cobot/cobot_ws/build/mycobot_280jn/build
[4.508s] creating /home/amin/cobot/cobot_ws/build/mycobot_280jn/build/lib
[4.508s] creating /home/amin/cobot/cobot_ws/build/mycobot_280jn/build/lib/mycobot_280jn
[4.509s] copying mycobot_280jn/opencv_camera.py -> /home/amin/cobot/cobot_ws/build/mycobot_280jn/build/lib/mycobot_280jn
[4.509s] copying mycobot_280jn/camera_display.py -> /home/amin/cobot/cobot_ws/build/mycobot_280jn/build/lib/mycobot_280jn
[4.509s] copying mycobot_280jn/listen_real.py -> /home/amin/cobot/cobot_ws/build/mycobot_280jn/build/lib/mycobot_280jn
[4.510s] copying mycobot_280jn/listen_real_of_topic.py -> /home/amin/cobot/cobot_ws/build/mycobot_280jn/build/lib/mycobot_280jn
[4.510s] copying mycobot_280jn/listen_real_service.py -> /home/amin/cobot/cobot_ws/build/mycobot_280jn/build/lib/mycobot_280jn
[4.511s] copying mycobot_280jn/slider_control.py -> /home/amin/cobot/cobot_ws/build/mycobot_280jn/build/lib/mycobot_280jn
[4.513s] copying mycobot_280jn/teleop_keyboard.py -> /home/amin/cobot/cobot_ws/build/mycobot_280jn/build/lib/mycobot_280jn
[4.513s] copying mycobot_280jn/__init__.py -> /home/amin/cobot/cobot_ws/build/mycobot_280jn/build/lib/mycobot_280jn
[4.513s] copying mycobot_280jn/slider_control_adaptive_gripper.py -> /home/amin/cobot/cobot_ws/build/mycobot_280jn/build/lib/mycobot_280jn
[4.513s] copying mycobot_280jn/follow_display.py -> /home/amin/cobot/cobot_ws/build/mycobot_280jn/build/lib/mycobot_280jn
[4.513s] copying mycobot_280jn/simple_gui.py -> /home/amin/cobot/cobot_ws/build/mycobot_280jn/build/lib/mycobot_280jn
[4.513s] running install
[4.526s] running install_lib
[4.568s] creating /home/amin/cobot/cobot_ws/install/mycobot_280jn/lib/python3.12/site-packages/mycobot_280jn
[4.569s] copying /home/amin/cobot/cobot_ws/build/mycobot_280jn/build/lib/mycobot_280jn/opencv_camera.py -> /home/amin/cobot/cobot_ws/install/mycobot_280jn/lib/python3.12/site-packages/mycobot_280jn
[4.569s] copying /home/amin/cobot/cobot_ws/build/mycobot_280jn/build/lib/mycobot_280jn/camera_display.py -> /home/amin/cobot/cobot_ws/install/mycobot_280jn/lib/python3.12/site-packages/mycobot_280jn
[4.569s] copying /home/amin/cobot/cobot_ws/build/mycobot_280jn/build/lib/mycobot_280jn/listen_real.py -> /home/amin/cobot/cobot_ws/install/mycobot_280jn/lib/python3.12/site-packages/mycobot_280jn
[4.569s] copying /home/amin/cobot/cobot_ws/build/mycobot_280jn/build/lib/mycobot_280jn/listen_real_of_topic.py -> /home/amin/cobot/cobot_ws/install/mycobot_280jn/lib/python3.12/site-packages/mycobot_280jn
[4.570s] copying /home/amin/cobot/cobot_ws/build/mycobot_280jn/build/lib/mycobot_280jn/listen_real_service.py -> /home/amin/cobot/cobot_ws/install/mycobot_280jn/lib/python3.12/site-packages/mycobot_280jn
[4.570s] copying /home/amin/cobot/cobot_ws/build/mycobot_280jn/build/lib/mycobot_280jn/slider_control.py -> /home/amin/cobot/cobot_ws/install/mycobot_280jn/lib/python3.12/site-packages/mycobot_280jn
[4.570s] copying /home/amin/cobot/cobot_ws/build/mycobot_280jn/build/lib/mycobot_280jn/teleop_keyboard.py -> /home/amin/cobot/cobot_ws/install/mycobot_280jn/lib/python3.12/site-packages/mycobot_280jn
[4.570s] copying /home/amin/cobot/cobot_ws/build/mycobot_280jn/build/lib/mycobot_280jn/__init__.py -> /home/amin/cobot/cobot_ws/install/mycobot_280jn/lib/python3.12/site-packages/mycobot_280jn
[4.570s] copying /home/amin/cobot/cobot_ws/build/mycobot_280jn/build/lib/mycobot_280jn/slider_control_adaptive_gripper.py -> /home/amin/cobot/cobot_ws/install/mycobot_280jn/lib/python3.12/site-packages/mycobot_280jn
[4.571s] copying /home/amin/cobot/cobot_ws/build/mycobot_280jn/build/lib/mycobot_280jn/follow_display.py -> /home/amin/cobot/cobot_ws/install/mycobot_280jn/lib/python3.12/site-packages/mycobot_280jn
[4.571s] copying /home/amin/cobot/cobot_ws/build/mycobot_280jn/build/lib/mycobot_280jn/simple_gui.py -> /home/amin/cobot/cobot_ws/install/mycobot_280jn/lib/python3.12/site-packages/mycobot_280jn
[4.572s] byte-compiling /home/amin/cobot/cobot_ws/install/mycobot_280jn/lib/python3.12/site-packages/mycobot_280jn/opencv_camera.py to opencv_camera.cpython-312.pyc
[4.573s] byte-compiling /home/amin/cobot/cobot_ws/install/mycobot_280jn/lib/python3.12/site-packages/mycobot_280jn/camera_display.py to camera_display.cpython-312.pyc
[4.574s] byte-compiling /home/amin/cobot/cobot_ws/install/mycobot_280jn/lib/python3.12/site-packages/mycobot_280jn/listen_real.py to listen_real.cpython-312.pyc
[4.579s] byte-compiling /home/amin/cobot/cobot_ws/install/mycobot_280jn/lib/python3.12/site-packages/mycobot_280jn/listen_real_of_topic.py to listen_real_of_topic.cpython-312.pyc
[4.582s] byte-compiling /home/amin/cobot/cobot_ws/install/mycobot_280jn/lib/python3.12/site-packages/mycobot_280jn/listen_real_service.py to listen_real_service.cpython-312.pyc
[4.587s] byte-compiling /home/amin/cobot/cobot_ws/install/mycobot_280jn/lib/python3.12/site-packages/mycobot_280jn/slider_control.py to slider_control.cpython-312.pyc
[4.588s] byte-compiling /home/amin/cobot/cobot_ws/install/mycobot_280jn/lib/python3.12/site-packages/mycobot_280jn/teleop_keyboard.py to teleop_keyboard.cpython-312.pyc
[4.594s] byte-compiling /home/amin/cobot/cobot_ws/install/mycobot_280jn/lib/python3.12/site-packages/mycobot_280jn/__init__.py to __init__.cpython-312.pyc
[4.595s] byte-compiling /home/amin/cobot/cobot_ws/install/mycobot_280jn/lib/python3.12/site-packages/mycobot_280jn/slider_control_adaptive_gripper.py to slider_control_adaptive_gripper.cpython-312.pyc
[4.599s] byte-compiling /home/amin/cobot/cobot_ws/install/mycobot_280jn/lib/python3.12/site-packages/mycobot_280jn/follow_display.py to follow_display.cpython-312.pyc
[4.599s] byte-compiling /home/amin/cobot/cobot_ws/install/mycobot_280jn/lib/python3.12/site-packages/mycobot_280jn/simple_gui.py to simple_gui.cpython-312.pyc
[4.607s] running install_data
[4.607s] creating /home/amin/cobot/cobot_ws/install/mycobot_280jn/share/ament_index
[4.608s] creating /home/amin/cobot/cobot_ws/install/mycobot_280jn/share/ament_index/resource_index
[4.608s] creating /home/amin/cobot/cobot_ws/install/mycobot_280jn/share/ament_index/resource_index/packages
[4.610s] copying resource/mycobot_280jn -> /home/amin/cobot/cobot_ws/install/mycobot_280jn/share/ament_index/resource_index/packages
[4.610s] copying package.xml -> /home/amin/cobot/cobot_ws/install/mycobot_280jn/share/mycobot_280jn
[4.610s] creating /home/amin/cobot/cobot_ws/install/mycobot_280jn/share/mycobot_280jn/launch
[4.610s] copying launch/mycobot_follow.launch.py -> /home/amin/cobot/cobot_ws/install/mycobot_280jn/share/mycobot_280jn/launch
[4.611s] copying launch/teleop_keyboard.launch.py -> /home/amin/cobot/cobot_ws/install/mycobot_280jn/share/mycobot_280jn/launch
[4.611s] copying launch/simple_gui.launch.py -> /home/amin/cobot/cobot_ws/install/mycobot_280jn/share/mycobot_280jn/launch
[4.611s] copying launch/slider_control_adaptive_gripper.launch.py -> /home/amin/cobot/cobot_ws/install/mycobot_280jn/share/mycobot_280jn/launch
[4.611s] copying launch/test.launch.py -> /home/amin/cobot/cobot_ws/install/mycobot_280jn/share/mycobot_280jn/launch
[4.612s] copying launch/test_gripper.launch.py -> /home/amin/cobot/cobot_ws/install/mycobot_280jn/share/mycobot_280jn/launch
[4.615s] copying launch/slider_control.launch.py -> /home/amin/cobot/cobot_ws/install/mycobot_280jn/share/mycobot_280jn/launch
[4.616s] creating /home/amin/cobot/cobot_ws/install/mycobot_280jn/share/mycobot_280jn/config
[4.616s] copying config/mycobot_jn.rviz -> /home/amin/cobot/cobot_ws/install/mycobot_280jn/share/mycobot_280jn/config
[4.616s] copying config/mycobot_with_marker.rviz -> /home/amin/cobot/cobot_ws/install/mycobot_280jn/share/mycobot_280jn/config
[4.616s] running install_egg_info
[4.684s] Copying ../../../../build/mycobot_280jn/mycobot_280jn.egg-info to /home/amin/cobot/cobot_ws/install/mycobot_280jn/lib/python3.12/site-packages/mycobot_280jn-0.0.0-py3.12.egg-info
[4.686s] running install_scripts
[4.970s] Installing camera_display script to /home/amin/cobot/cobot_ws/install/mycobot_280jn/lib/mycobot_280jn
[4.971s] Installing follow_display script to /home/amin/cobot/cobot_ws/install/mycobot_280jn/lib/mycobot_280jn
[4.971s] Installing listen_real script to /home/amin/cobot/cobot_ws/install/mycobot_280jn/lib/mycobot_280jn
[4.972s] Installing listen_real_of_topic script to /home/amin/cobot/cobot_ws/install/mycobot_280jn/lib/mycobot_280jn
[4.972s] Installing listen_real_service script to /home/amin/cobot/cobot_ws/install/mycobot_280jn/lib/mycobot_280jn
[4.973s] Installing opencv_camera script to /home/amin/cobot/cobot_ws/install/mycobot_280jn/lib/mycobot_280jn
[4.973s] Installing simple_gui script to /home/amin/cobot/cobot_ws/install/mycobot_280jn/lib/mycobot_280jn
[4.973s] Installing slider_control script to /home/amin/cobot/cobot_ws/install/mycobot_280jn/lib/mycobot_280jn
[4.974s] Installing slider_control_adaptive_gripper script to /home/amin/cobot/cobot_ws/install/mycobot_280jn/lib/mycobot_280jn
[4.975s] Installing teleop_keyboard script to /home/amin/cobot/cobot_ws/install/mycobot_280jn/lib/mycobot_280jn
[4.975s] writing list of installed files to '/home/amin/cobot/cobot_ws/build/mycobot_280jn/install.log'
[5.046s] Invoked command in '/home/amin/cobot/cobot_ws/src/mycobot_ros2/mycobot_280/mycobot_280jn' returned '0': AMENT_PREFIX_PATH=/home/amin/cobot/cobot_ws/install/mycobot_description:${AMENT_PREFIX_PATH} DEBUGINFOD_URLS=https://debuginfod.ubuntu.com PYTHONPATH=/home/amin/cobot/cobot_ws/build/mycobot_280jn/prefix_override:/usr/lib/python3/dist-packages/colcon_core/task/python/colcon_distutils_commands:/home/amin/cobot/cobot_ws/install/mycobot_280jn/lib/python3.12/site-packages:/home/amin/cobot/cobot_ws/install/mycobot_description/lib/python3.12/site-packages:${PYTHONPATH} /usr/bin/python3 -W ignore:setup.py install is deprecated -W ignore:easy_install command is deprecated setup.py egg_info --egg-base ../../../../build/mycobot_280jn build --build-base /home/amin/cobot/cobot_ws/build/mycobot_280jn/build install --record /home/amin/cobot/cobot_ws/build/mycobot_280jn/install.log --single-version-externally-managed install_data
