[0.181s] Invoking command in '/home/amin/cobot/cobot_ws/build/mecharm_interfaces': CMAKE_PREFIX_PATH=${CMAKE_PREFIX_PATH}:/home/amin/cobot/cobot_ws/install/ultraarm:/home/amin/cobot/cobot_ws/install/pro450_moveit2_control:/home/amin/cobot/cobot_ws/install/mypalletizer_communication:/home/amin/cobot/cobot_ws/install/mypalletizer_260_pi:/home/amin/cobot/cobot_ws/install/mypalletizer_260:/home/amin/cobot/cobot_ws/install/mycobot_pro_450:/home/amin/cobot/cobot_ws/install/myarm_m750:/home/amin/cobot/cobot_ws/install/myarm_c650:/home/amin/cobot/cobot_ws/install/mycobot_communication:/home/amin/cobot/cobot_ws/install/mecharm_communication:/home/amin/cobot/cobot_ws/install/mycobot_630:/home/amin/cobot/cobot_ws/install/mycobot_600:/home/amin/cobot/cobot_ws/install/mycobot_320pi:/home/amin/cobot/cobot_ws/install/mycobot_320_riscv:/home/amin/cobot/cobot_ws/install/mycobot_320:/home/amin/cobot/cobot_ws/install/mycobot_280pi:/home/amin/cobot/cobot_ws/install/mycobot_280jn:/home/amin/cobot/cobot_ws/install/mycobot_280_x3pi:/home/amin/cobot/cobot_ws/install/mycobot_280_riscv:/home/amin/cobot/cobot_ws/install/mycobot_280_rdkx5:/home/amin/cobot/cobot_ws/install/mycobot_280_moveit2_control:/home/amin/cobot/cobot_ws/install/mycobot_280_arduino:/home/amin/cobot/cobot_ws/install/mycobot_280:/home/amin/cobot/cobot_ws/install/mybuddy:/home/amin/cobot/cobot_ws/install/myarm_300:/home/amin/cobot/cobot_ws/install/mecharm_pi:/home/amin/cobot/cobot_ws/install/mecharm:/home/amin/cobot/cobot_ws/install/mycobot_description:/opt/ros/jazzy DEBUGINFOD_URLS=https://debuginfod.ubuntu.com /usr/bin/cmake --build /home/amin/cobot/cobot_ws/build/mecharm_interfaces -- -j8 -l8
[0.247s] [  1%] Built target mecharm_interfaces__rosidl_generator_type_description
[0.261s] [  1%] Built target ament_cmake_python_copy_mecharm_interfaces
[0.295s] [ 27%] Built target mecharm_interfaces__rosidl_generator_c
[0.295s] [ 27%] Built target mecharm_interfaces__cpp
[0.389s] [ 37%] Built target mecharm_interfaces__rosidl_typesupport_c
[0.404s] [ 47%] Built target mecharm_interfaces__rosidl_typesupport_introspection_c
[0.410s] [ 56%] Built target mecharm_interfaces__rosidl_typesupport_cpp
[0.411s] [ 65%] Built target mecharm_interfaces__rosidl_typesupport_introspection_cpp
[0.414s] [ 75%] Built target mecharm_interfaces__rosidl_typesupport_fastrtps_c
[0.421s] [ 85%] Built target mecharm_interfaces__rosidl_typesupport_fastrtps_cpp
[0.481s] [ 85%] Built target mecharm_interfaces
[0.530s] [ 86%] Built target mecharm_interfaces__py
[0.610s] [ 95%] Built target mecharm_interfaces__rosidl_generator_py
[0.668s] [ 97%] Built target mecharm_interfaces_s__rosidl_typesupport_introspection_c
[0.677s] [ 99%] Built target mecharm_interfaces_s__rosidl_typesupport_fastrtps_c
[0.677s] [100%] Built target mecharm_interfaces_s__rosidl_typesupport_c
[0.831s] running egg_info
[0.872s] writing mecharm_interfaces.egg-info/PKG-INFO
[0.872s] writing dependency_links to mecharm_interfaces.egg-info/dependency_links.txt
[0.872s] writing top-level names to mecharm_interfaces.egg-info/top_level.txt
[0.945s] reading manifest file 'mecharm_interfaces.egg-info/SOURCES.txt'
[0.948s] writing manifest file 'mecharm_interfaces.egg-info/SOURCES.txt'
[0.973s] [100%] Built target ament_cmake_python_build_mecharm_interfaces_egg
[1.472s] Invoked command in '/home/amin/cobot/cobot_ws/build/mecharm_interfaces' returned '0': CMAKE_PREFIX_PATH=${CMAKE_PREFIX_PATH}:/home/amin/cobot/cobot_ws/install/ultraarm:/home/amin/cobot/cobot_ws/install/pro450_moveit2_control:/home/amin/cobot/cobot_ws/install/mypalletizer_communication:/home/amin/cobot/cobot_ws/install/mypalletizer_260_pi:/home/amin/cobot/cobot_ws/install/mypalletizer_260:/home/amin/cobot/cobot_ws/install/mycobot_pro_450:/home/amin/cobot/cobot_ws/install/myarm_m750:/home/amin/cobot/cobot_ws/install/myarm_c650:/home/amin/cobot/cobot_ws/install/mycobot_communication:/home/amin/cobot/cobot_ws/install/mecharm_communication:/home/amin/cobot/cobot_ws/install/mycobot_630:/home/amin/cobot/cobot_ws/install/mycobot_600:/home/amin/cobot/cobot_ws/install/mycobot_320pi:/home/amin/cobot/cobot_ws/install/mycobot_320_riscv:/home/amin/cobot/cobot_ws/install/mycobot_320:/home/amin/cobot/cobot_ws/install/mycobot_280pi:/home/amin/cobot/cobot_ws/install/mycobot_280jn:/home/amin/cobot/cobot_ws/install/mycobot_280_x3pi:/home/amin/cobot/cobot_ws/install/mycobot_280_riscv:/home/amin/cobot/cobot_ws/install/mycobot_280_rdkx5:/home/amin/cobot/cobot_ws/install/mycobot_280_moveit2_control:/home/amin/cobot/cobot_ws/install/mycobot_280_arduino:/home/amin/cobot/cobot_ws/install/mycobot_280:/home/amin/cobot/cobot_ws/install/mybuddy:/home/amin/cobot/cobot_ws/install/myarm_300:/home/amin/cobot/cobot_ws/install/mecharm_pi:/home/amin/cobot/cobot_ws/install/mecharm:/home/amin/cobot/cobot_ws/install/mycobot_description:/opt/ros/jazzy DEBUGINFOD_URLS=https://debuginfod.ubuntu.com /usr/bin/cmake --build /home/amin/cobot/cobot_ws/build/mecharm_interfaces -- -j8 -l8
[1.473s] Invoking command in '/home/amin/cobot/cobot_ws/build/mecharm_interfaces': CMAKE_PREFIX_PATH=${CMAKE_PREFIX_PATH}:/home/amin/cobot/cobot_ws/install/ultraarm:/home/amin/cobot/cobot_ws/install/pro450_moveit2_control:/home/amin/cobot/cobot_ws/install/mypalletizer_communication:/home/amin/cobot/cobot_ws/install/mypalletizer_260_pi:/home/amin/cobot/cobot_ws/install/mypalletizer_260:/home/amin/cobot/cobot_ws/install/mycobot_pro_450:/home/amin/cobot/cobot_ws/install/myarm_m750:/home/amin/cobot/cobot_ws/install/myarm_c650:/home/amin/cobot/cobot_ws/install/mycobot_communication:/home/amin/cobot/cobot_ws/install/mecharm_communication:/home/amin/cobot/cobot_ws/install/mycobot_630:/home/amin/cobot/cobot_ws/install/mycobot_600:/home/amin/cobot/cobot_ws/install/mycobot_320pi:/home/amin/cobot/cobot_ws/install/mycobot_320_riscv:/home/amin/cobot/cobot_ws/install/mycobot_320:/home/amin/cobot/cobot_ws/install/mycobot_280pi:/home/amin/cobot/cobot_ws/install/mycobot_280jn:/home/amin/cobot/cobot_ws/install/mycobot_280_x3pi:/home/amin/cobot/cobot_ws/install/mycobot_280_riscv:/home/amin/cobot/cobot_ws/install/mycobot_280_rdkx5:/home/amin/cobot/cobot_ws/install/mycobot_280_moveit2_control:/home/amin/cobot/cobot_ws/install/mycobot_280_arduino:/home/amin/cobot/cobot_ws/install/mycobot_280:/home/amin/cobot/cobot_ws/install/mybuddy:/home/amin/cobot/cobot_ws/install/myarm_300:/home/amin/cobot/cobot_ws/install/mecharm_pi:/home/amin/cobot/cobot_ws/install/mecharm:/home/amin/cobot/cobot_ws/install/mycobot_description:/opt/ros/jazzy DEBUGINFOD_URLS=https://debuginfod.ubuntu.com /usr/bin/cmake --install /home/amin/cobot/cobot_ws/build/mecharm_interfaces
[1.493s] -- Install configuration: ""
[1.493s] -- Up-to-date: /home/amin/cobot/cobot_ws/install/mecharm_interfaces/share/ament_index/resource_index/rosidl_interfaces/mecharm_interfaces
[1.493s] -- Up-to-date: /home/amin/cobot/cobot_ws/install/mecharm_interfaces/share/mecharm_interfaces/msg/MecharmAngles.json
[1.494s] -- Up-to-date: /home/amin/cobot/cobot_ws/install/mecharm_interfaces/share/mecharm_interfaces/msg/MecharmCoords.json
[1.508s] -- Up-to-date: /home/amin/cobot/cobot_ws/install/mecharm_interfaces/share/mecharm_interfaces/msg/MecharmSetAngles.json
[1.508s] -- Up-to-date: /home/amin/cobot/cobot_ws/install/mecharm_interfaces/share/mecharm_interfaces/msg/MecharmSetCoords.json
[1.508s] -- Up-to-date: /home/amin/cobot/cobot_ws/install/mecharm_interfaces/share/mecharm_interfaces/msg/MecharmGripperStatus.json
[1.508s] -- Up-to-date: /home/amin/cobot/cobot_ws/install/mecharm_interfaces/share/mecharm_interfaces/msg/MecharmPumpStatus.json
[1.508s] -- Up-to-date: /home/amin/cobot/cobot_ws/install/mecharm_interfaces/share/mecharm_interfaces/srv/GetAngles.json
[1.508s] -- Up-to-date: /home/amin/cobot/cobot_ws/install/mecharm_interfaces/share/mecharm_interfaces/srv/SetAngles.json
[1.508s] -- Up-to-date: /home/amin/cobot/cobot_ws/install/mecharm_interfaces/share/mecharm_interfaces/srv/GetCoords.json
[1.508s] -- Up-to-date: /home/amin/cobot/cobot_ws/install/mecharm_interfaces/share/mecharm_interfaces/srv/SetCoords.json
[1.508s] -- Up-to-date: /home/amin/cobot/cobot_ws/install/mecharm_interfaces/share/mecharm_interfaces/srv/GripperStatus.json
[1.509s] -- Up-to-date: /home/amin/cobot/cobot_ws/install/mecharm_interfaces/share/mecharm_interfaces/srv/PumpStatus.json
[1.509s] -- Up-to-date: /home/amin/cobot/cobot_ws/install/mecharm_interfaces/include/mecharm_interfaces/mecharm_interfaces
[1.509s] -- Up-to-date: /home/amin/cobot/cobot_ws/install/mecharm_interfaces/include/mecharm_interfaces/mecharm_interfaces/srv
[1.509s] -- Up-to-date: /home/amin/cobot/cobot_ws/install/mecharm_interfaces/include/mecharm_interfaces/mecharm_interfaces/srv/gripper_status.h
[1.509s] -- Up-to-date: /home/amin/cobot/cobot_ws/install/mecharm_interfaces/include/mecharm_interfaces/mecharm_interfaces/srv/detail
[1.509s] -- Up-to-date: /home/amin/cobot/cobot_ws/install/mecharm_interfaces/include/mecharm_interfaces/mecharm_interfaces/srv/detail/set_coords__type_support.h
[1.509s] -- Up-to-date: /home/amin/cobot/cobot_ws/install/mecharm_interfaces/include/mecharm_interfaces/mecharm_interfaces/srv/detail/gripper_status__description.c
[1.509s] -- Up-to-date: /home/amin/cobot/cobot_ws/install/mecharm_interfaces/include/mecharm_interfaces/mecharm_interfaces/srv/detail/gripper_status__functions.h
[1.509s] -- Up-to-date: /home/amin/cobot/cobot_ws/install/mecharm_interfaces/include/mecharm_interfaces/mecharm_interfaces/srv/detail/set_angles__struct.h
[1.509s] -- Up-to-date: /home/amin/cobot/cobot_ws/install/mecharm_interfaces/include/mecharm_interfaces/mecharm_interfaces/srv/detail/set_coords__functions.h
[1.509s] -- Installing: /home/amin/cobot/cobot_ws/install/mecharm_interfaces/include/mecharm_interfaces/mecharm_interfaces/srv/detail/pump_status__type_support.c
[1.509s] -- Installing: /home/amin/cobot/cobot_ws/install/mecharm_interfaces/include/mecharm_interfaces/mecharm_interfaces/srv/detail/get_coords__type_support.c
[1.509s] -- Up-to-date: /home/amin/cobot/cobot_ws/install/mecharm_interfaces/include/mecharm_interfaces/mecharm_interfaces/srv/detail/set_angles__description.c
[1.510s] -- Up-to-date: /home/amin/cobot/cobot_ws/install/mecharm_interfaces/include/mecharm_interfaces/mecharm_interfaces/srv/detail/gripper_status__struct.h
[1.510s] -- Up-to-date: /home/amin/cobot/cobot_ws/install/mecharm_interfaces/include/mecharm_interfaces/mecharm_interfaces/srv/detail/get_angles__type_support.h
[1.510s] -- Up-to-date: /home/amin/cobot/cobot_ws/install/mecharm_interfaces/include/mecharm_interfaces/mecharm_interfaces/srv/detail/set_coords__functions.c
[1.510s] -- Installing: /home/amin/cobot/cobot_ws/install/mecharm_interfaces/include/mecharm_interfaces/mecharm_interfaces/srv/detail/set_coords__type_support.c
[1.520s] -- Installing: /home/amin/cobot/cobot_ws/install/mecharm_interfaces/include/mecharm_interfaces/mecharm_interfaces/srv/detail/set_angles__type_support.c
[1.520s] -- Up-to-date: /home/amin/cobot/cobot_ws/install/mecharm_interfaces/include/mecharm_interfaces/mecharm_interfaces/srv/detail/gripper_status__type_support.h
[1.521s] -- Up-to-date: /home/amin/cobot/cobot_ws/install/mecharm_interfaces/include/mecharm_interfaces/mecharm_interfaces/srv/detail/pump_status__struct.h
[1.521s] -- Up-to-date: /home/amin/cobot/cobot_ws/install/mecharm_interfaces/include/mecharm_interfaces/mecharm_interfaces/srv/detail/get_angles__struct.h
[1.521s] -- Up-to-date: /home/amin/cobot/cobot_ws/install/mecharm_interfaces/include/mecharm_interfaces/mecharm_interfaces/srv/detail/get_coords__description.c
[1.521s] -- Up-to-date: /home/amin/cobot/cobot_ws/install/mecharm_interfaces/include/mecharm_interfaces/mecharm_interfaces/srv/detail/set_coords__description.c
[1.521s] -- Up-to-date: /home/amin/cobot/cobot_ws/install/mecharm_interfaces/include/mecharm_interfaces/mecharm_interfaces/srv/detail/get_coords__functions.h
[1.521s] -- Installing: /home/amin/cobot/cobot_ws/install/mecharm_interfaces/include/mecharm_interfaces/mecharm_interfaces/srv/detail/get_angles__type_support.c
[1.521s] -- Up-to-date: /home/amin/cobot/cobot_ws/install/mecharm_interfaces/include/mecharm_interfaces/mecharm_interfaces/srv/detail/get_angles__functions.h
[1.521s] -- Installing: /home/amin/cobot/cobot_ws/install/mecharm_interfaces/include/mecharm_interfaces/mecharm_interfaces/srv/detail/gripper_status__type_support.c
[1.522s] -- Up-to-date: /home/amin/cobot/cobot_ws/install/mecharm_interfaces/include/mecharm_interfaces/mecharm_interfaces/srv/detail/get_angles__functions.c
[1.522s] -- Up-to-date: /home/amin/cobot/cobot_ws/install/mecharm_interfaces/include/mecharm_interfaces/mecharm_interfaces/srv/detail/pump_status__functions.c
[1.522s] -- Up-to-date: /home/amin/cobot/cobot_ws/install/mecharm_interfaces/include/mecharm_interfaces/mecharm_interfaces/srv/detail/pump_status__description.c
[1.522s] -- Up-to-date: /home/amin/cobot/cobot_ws/install/mecharm_interfaces/include/mecharm_interfaces/mecharm_interfaces/srv/detail/get_coords__type_support.h
[1.525s] -- Up-to-date: /home/amin/cobot/cobot_ws/install/mecharm_interfaces/include/mecharm_interfaces/mecharm_interfaces/srv/detail/set_angles__type_support.h
[1.525s] -- Up-to-date: /home/amin/cobot/cobot_ws/install/mecharm_interfaces/include/mecharm_interfaces/mecharm_interfaces/srv/detail/get_coords__functions.c
[1.525s] -- Up-to-date: /home/amin/cobot/cobot_ws/install/mecharm_interfaces/include/mecharm_interfaces/mecharm_interfaces/srv/detail/gripper_status__functions.c
[1.525s] -- Up-to-date: /home/amin/cobot/cobot_ws/install/mecharm_interfaces/include/mecharm_interfaces/mecharm_interfaces/srv/detail/get_angles__description.c
[1.525s] -- Up-to-date: /home/amin/cobot/cobot_ws/install/mecharm_interfaces/include/mecharm_interfaces/mecharm_interfaces/srv/detail/pump_status__functions.h
[1.525s] -- Up-to-date: /home/amin/cobot/cobot_ws/install/mecharm_interfaces/include/mecharm_interfaces/mecharm_interfaces/srv/detail/set_angles__functions.c
[1.525s] -- Up-to-date: /home/amin/cobot/cobot_ws/install/mecharm_interfaces/include/mecharm_interfaces/mecharm_interfaces/srv/detail/set_coords__struct.h
[1.525s] -- Up-to-date: /home/amin/cobot/cobot_ws/install/mecharm_interfaces/include/mecharm_interfaces/mecharm_interfaces/srv/detail/get_coords__struct.h
[1.525s] -- Up-to-date: /home/amin/cobot/cobot_ws/install/mecharm_interfaces/include/mecharm_interfaces/mecharm_interfaces/srv/detail/set_angles__functions.h
[1.526s] -- Up-to-date: /home/amin/cobot/cobot_ws/install/mecharm_interfaces/include/mecharm_interfaces/mecharm_interfaces/srv/detail/pump_status__type_support.h
[1.526s] -- Up-to-date: /home/amin/cobot/cobot_ws/install/mecharm_interfaces/include/mecharm_interfaces/mecharm_interfaces/srv/get_coords.h
[1.526s] -- Up-to-date: /home/amin/cobot/cobot_ws/install/mecharm_interfaces/include/mecharm_interfaces/mecharm_interfaces/srv/get_angles.h
[1.526s] -- Up-to-date: /home/amin/cobot/cobot_ws/install/mecharm_interfaces/include/mecharm_interfaces/mecharm_interfaces/srv/pump_status.h
[1.526s] -- Up-to-date: /home/amin/cobot/cobot_ws/install/mecharm_interfaces/include/mecharm_interfaces/mecharm_interfaces/srv/set_angles.h
[1.526s] -- Up-to-date: /home/amin/cobot/cobot_ws/install/mecharm_interfaces/include/mecharm_interfaces/mecharm_interfaces/srv/set_coords.h
[1.526s] -- Up-to-date: /home/amin/cobot/cobot_ws/install/mecharm_interfaces/include/mecharm_interfaces/mecharm_interfaces/msg
[1.526s] -- Up-to-date: /home/amin/cobot/cobot_ws/install/mecharm_interfaces/include/mecharm_interfaces/mecharm_interfaces/msg/mecharm_set_angles.h
[1.526s] -- Up-to-date: /home/amin/cobot/cobot_ws/install/mecharm_interfaces/include/mecharm_interfaces/mecharm_interfaces/msg/mecharm_coords.h
[1.526s] -- Up-to-date: /home/amin/cobot/cobot_ws/install/mecharm_interfaces/include/mecharm_interfaces/mecharm_interfaces/msg/mecharm_pump_status.h
[1.526s] -- Up-to-date: /home/amin/cobot/cobot_ws/install/mecharm_interfaces/include/mecharm_interfaces/mecharm_interfaces/msg/detail
[1.526s] -- Up-to-date: /home/amin/cobot/cobot_ws/install/mecharm_interfaces/include/mecharm_interfaces/mecharm_interfaces/msg/detail/mecharm_coords__description.c
[1.526s] -- Installing: /home/amin/cobot/cobot_ws/install/mecharm_interfaces/include/mecharm_interfaces/mecharm_interfaces/msg/detail/mecharm_pump_status__type_support.c
[1.526s] -- Up-to-date: /home/amin/cobot/cobot_ws/install/mecharm_interfaces/include/mecharm_interfaces/mecharm_interfaces/msg/detail/mecharm_angles__description.c
[1.527s] -- Up-to-date: /home/amin/cobot/cobot_ws/install/mecharm_interfaces/include/mecharm_interfaces/mecharm_interfaces/msg/detail/mecharm_set_coords__functions.h
[1.527s] -- Installing: /home/amin/cobot/cobot_ws/install/mecharm_interfaces/include/mecharm_interfaces/mecharm_interfaces/msg/detail/mecharm_set_coords__type_support.c
[1.527s] -- Up-to-date: /home/amin/cobot/cobot_ws/install/mecharm_interfaces/include/mecharm_interfaces/mecharm_interfaces/msg/detail/mecharm_angles__functions.c
[1.527s] -- Up-to-date: /home/amin/cobot/cobot_ws/install/mecharm_interfaces/include/mecharm_interfaces/mecharm_interfaces/msg/detail/mecharm_angles__struct.h
[1.527s] -- Up-to-date: /home/amin/cobot/cobot_ws/install/mecharm_interfaces/include/mecharm_interfaces/mecharm_interfaces/msg/detail/mecharm_pump_status__functions.h
[1.527s] -- Up-to-date: /home/amin/cobot/cobot_ws/install/mecharm_interfaces/include/mecharm_interfaces/mecharm_interfaces/msg/detail/mecharm_gripper_status__type_support.h
[1.531s] -- Up-to-date: /home/amin/cobot/cobot_ws/install/mecharm_interfaces/include/mecharm_interfaces/mecharm_interfaces/msg/detail/mecharm_gripper_status__description.c
[1.532s] -- Up-to-date: /home/amin/cobot/cobot_ws/install/mecharm_interfaces/include/mecharm_interfaces/mecharm_interfaces/msg/detail/mecharm_angles__type_support.h
[1.532s] -- Up-to-date: /home/amin/cobot/cobot_ws/install/mecharm_interfaces/include/mecharm_interfaces/mecharm_interfaces/msg/detail/mecharm_gripper_status__functions.h
[1.532s] -- Up-to-date: /home/amin/cobot/cobot_ws/install/mecharm_interfaces/include/mecharm_interfaces/mecharm_interfaces/msg/detail/mecharm_set_angles__type_support.h
[1.532s] -- Up-to-date: /home/amin/cobot/cobot_ws/install/mecharm_interfaces/include/mecharm_interfaces/mecharm_interfaces/msg/detail/mecharm_pump_status__functions.c
[1.532s] -- Up-to-date: /home/amin/cobot/cobot_ws/install/mecharm_interfaces/include/mecharm_interfaces/mecharm_interfaces/msg/detail/mecharm_angles__functions.h
[1.532s] -- Up-to-date: /home/amin/cobot/cobot_ws/install/mecharm_interfaces/include/mecharm_interfaces/mecharm_interfaces/msg/detail/mecharm_gripper_status__struct.h
[1.532s] -- Up-to-date: /home/amin/cobot/cobot_ws/install/mecharm_interfaces/include/mecharm_interfaces/mecharm_interfaces/msg/detail/mecharm_gripper_status__functions.c
[1.532s] -- Up-to-date: /home/amin/cobot/cobot_ws/install/mecharm_interfaces/include/mecharm_interfaces/mecharm_interfaces/msg/detail/mecharm_coords__struct.h
[1.532s] -- Up-to-date: /home/amin/cobot/cobot_ws/install/mecharm_interfaces/include/mecharm_interfaces/mecharm_interfaces/msg/detail/mecharm_coords__functions.h
[1.532s] -- Up-to-date: /home/amin/cobot/cobot_ws/install/mecharm_interfaces/include/mecharm_interfaces/mecharm_interfaces/msg/detail/mecharm_set_angles__struct.h
[1.532s] -- Up-to-date: /home/amin/cobot/cobot_ws/install/mecharm_interfaces/include/mecharm_interfaces/mecharm_interfaces/msg/detail/mecharm_coords__type_support.h
[1.532s] -- Installing: /home/amin/cobot/cobot_ws/install/mecharm_interfaces/include/mecharm_interfaces/mecharm_interfaces/msg/detail/mecharm_angles__type_support.c
[1.533s] -- Installing: /home/amin/cobot/cobot_ws/install/mecharm_interfaces/include/mecharm_interfaces/mecharm_interfaces/msg/detail/mecharm_coords__type_support.c
[1.533s] -- Up-to-date: /home/amin/cobot/cobot_ws/install/mecharm_interfaces/include/mecharm_interfaces/mecharm_interfaces/msg/detail/mecharm_set_angles__functions.h
[1.533s] -- Up-to-date: /home/amin/cobot/cobot_ws/install/mecharm_interfaces/include/mecharm_interfaces/mecharm_interfaces/msg/detail/mecharm_pump_status__description.c
[1.533s] -- Up-to-date: /home/amin/cobot/cobot_ws/install/mecharm_interfaces/include/mecharm_interfaces/mecharm_interfaces/msg/detail/mecharm_set_coords__type_support.h
[1.533s] -- Up-to-date: /home/amin/cobot/cobot_ws/install/mecharm_interfaces/include/mecharm_interfaces/mecharm_interfaces/msg/detail/mecharm_set_coords__functions.c
[1.533s] -- Up-to-date: /home/amin/cobot/cobot_ws/install/mecharm_interfaces/include/mecharm_interfaces/mecharm_interfaces/msg/detail/mecharm_pump_status__struct.h
[1.533s] -- Installing: /home/amin/cobot/cobot_ws/install/mecharm_interfaces/include/mecharm_interfaces/mecharm_interfaces/msg/detail/mecharm_set_angles__type_support.c
[1.537s] -- Up-to-date: /home/amin/cobot/cobot_ws/install/mecharm_interfaces/include/mecharm_interfaces/mecharm_interfaces/msg/detail/mecharm_set_angles__description.c
[1.537s] -- Installing: /home/amin/cobot/cobot_ws/install/mecharm_interfaces/include/mecharm_interfaces/mecharm_interfaces/msg/detail/mecharm_gripper_status__type_support.c
[1.537s] -- Up-to-date: /home/amin/cobot/cobot_ws/install/mecharm_interfaces/include/mecharm_interfaces/mecharm_interfaces/msg/detail/mecharm_set_coords__description.c
[1.537s] -- Up-to-date: /home/amin/cobot/cobot_ws/install/mecharm_interfaces/include/mecharm_interfaces/mecharm_interfaces/msg/detail/mecharm_set_coords__struct.h
[1.538s] -- Up-to-date: /home/amin/cobot/cobot_ws/install/mecharm_interfaces/include/mecharm_interfaces/mecharm_interfaces/msg/detail/mecharm_coords__functions.c
[1.538s] -- Up-to-date: /home/amin/cobot/cobot_ws/install/mecharm_interfaces/include/mecharm_interfaces/mecharm_interfaces/msg/detail/mecharm_set_angles__functions.c
[1.538s] -- Up-to-date: /home/amin/cobot/cobot_ws/install/mecharm_interfaces/include/mecharm_interfaces/mecharm_interfaces/msg/detail/mecharm_pump_status__type_support.h
[1.538s] -- Up-to-date: /home/amin/cobot/cobot_ws/install/mecharm_interfaces/include/mecharm_interfaces/mecharm_interfaces/msg/rosidl_generator_c__visibility_control.h
[1.538s] -- Up-to-date: /home/amin/cobot/cobot_ws/install/mecharm_interfaces/include/mecharm_interfaces/mecharm_interfaces/msg/mecharm_set_coords.h
[1.538s] -- Up-to-date: /home/amin/cobot/cobot_ws/install/mecharm_interfaces/include/mecharm_interfaces/mecharm_interfaces/msg/mecharm_angles.h
[1.538s] -- Up-to-date: /home/amin/cobot/cobot_ws/install/mecharm_interfaces/include/mecharm_interfaces/mecharm_interfaces/msg/mecharm_gripper_status.h
[1.538s] -- Up-to-date: /home/amin/cobot/cobot_ws/install/mecharm_interfaces/share/mecharm_interfaces/environment/library_path.sh
[1.538s] -- Up-to-date: /home/amin/cobot/cobot_ws/install/mecharm_interfaces/share/mecharm_interfaces/environment/library_path.dsv
[1.538s] -- Up-to-date: /home/amin/cobot/cobot_ws/install/mecharm_interfaces/lib/libmecharm_interfaces__rosidl_generator_c.so
[1.539s] -- Up-to-date: /home/amin/cobot/cobot_ws/install/mecharm_interfaces/include/mecharm_interfaces/mecharm_interfaces
[1.539s] -- Up-to-date: /home/amin/cobot/cobot_ws/install/mecharm_interfaces/include/mecharm_interfaces/mecharm_interfaces/srv
[1.539s] -- Up-to-date: /home/amin/cobot/cobot_ws/install/mecharm_interfaces/include/mecharm_interfaces/mecharm_interfaces/srv/detail
[1.539s] -- Up-to-date: /home/amin/cobot/cobot_ws/install/mecharm_interfaces/include/mecharm_interfaces/mecharm_interfaces/srv/detail/pump_status__rosidl_typesupport_fastrtps_c.h
[1.539s] -- Up-to-date: /home/amin/cobot/cobot_ws/install/mecharm_interfaces/include/mecharm_interfaces/mecharm_interfaces/srv/detail/get_coords__rosidl_typesupport_fastrtps_c.h
[1.540s] -- Up-to-date: /home/amin/cobot/cobot_ws/install/mecharm_interfaces/include/mecharm_interfaces/mecharm_interfaces/srv/detail/get_angles__rosidl_typesupport_fastrtps_c.h
[1.540s] -- Up-to-date: /home/amin/cobot/cobot_ws/install/mecharm_interfaces/include/mecharm_interfaces/mecharm_interfaces/srv/detail/set_angles__rosidl_typesupport_fastrtps_c.h
[1.540s] -- Up-to-date: /home/amin/cobot/cobot_ws/install/mecharm_interfaces/include/mecharm_interfaces/mecharm_interfaces/srv/detail/gripper_status__rosidl_typesupport_fastrtps_c.h
[1.541s] -- Up-to-date: /home/amin/cobot/cobot_ws/install/mecharm_interfaces/include/mecharm_interfaces/mecharm_interfaces/srv/detail/set_coords__rosidl_typesupport_fastrtps_c.h
[1.541s] -- Up-to-date: /home/amin/cobot/cobot_ws/install/mecharm_interfaces/include/mecharm_interfaces/mecharm_interfaces/msg
[1.541s] -- Up-to-date: /home/amin/cobot/cobot_ws/install/mecharm_interfaces/include/mecharm_interfaces/mecharm_interfaces/msg/detail
[1.541s] -- Up-to-date: /home/amin/cobot/cobot_ws/install/mecharm_interfaces/include/mecharm_interfaces/mecharm_interfaces/msg/detail/mecharm_set_coords__rosidl_typesupport_fastrtps_c.h
[1.541s] -- Up-to-date: /home/amin/cobot/cobot_ws/install/mecharm_interfaces/include/mecharm_interfaces/mecharm_interfaces/msg/detail/mecharm_angles__rosidl_typesupport_fastrtps_c.h
[1.558s] -- Up-to-date: /home/amin/cobot/cobot_ws/install/mecharm_interfaces/include/mecharm_interfaces/mecharm_interfaces/msg/detail/mecharm_coords__rosidl_typesupport_fastrtps_c.h
[1.558s] -- Up-to-date: /home/amin/cobot/cobot_ws/install/mecharm_interfaces/include/mecharm_interfaces/mecharm_interfaces/msg/detail/mecharm_gripper_status__rosidl_typesupport_fastrtps_c.h
[1.558s] -- Up-to-date: /home/amin/cobot/cobot_ws/install/mecharm_interfaces/include/mecharm_interfaces/mecharm_interfaces/msg/detail/mecharm_set_angles__rosidl_typesupport_fastrtps_c.h
[1.558s] -- Up-to-date: /home/amin/cobot/cobot_ws/install/mecharm_interfaces/include/mecharm_interfaces/mecharm_interfaces/msg/detail/mecharm_pump_status__rosidl_typesupport_fastrtps_c.h
[1.558s] -- Up-to-date: /home/amin/cobot/cobot_ws/install/mecharm_interfaces/include/mecharm_interfaces/mecharm_interfaces/msg/rosidl_typesupport_fastrtps_c__visibility_control.h
[1.558s] -- Up-to-date: /home/amin/cobot/cobot_ws/install/mecharm_interfaces/lib/libmecharm_interfaces__rosidl_typesupport_fastrtps_c.so
[1.559s] -- Up-to-date: /home/amin/cobot/cobot_ws/install/mecharm_interfaces/include/mecharm_interfaces/mecharm_interfaces
[1.559s] -- Up-to-date: /home/amin/cobot/cobot_ws/install/mecharm_interfaces/include/mecharm_interfaces/mecharm_interfaces/srv
[1.559s] -- Up-to-date: /home/amin/cobot/cobot_ws/install/mecharm_interfaces/include/mecharm_interfaces/mecharm_interfaces/srv/detail
[1.559s] -- Installing: /home/amin/cobot/cobot_ws/install/mecharm_interfaces/include/mecharm_interfaces/mecharm_interfaces/srv/detail/pump_status__type_support.c
[1.559s] -- Installing: /home/amin/cobot/cobot_ws/install/mecharm_interfaces/include/mecharm_interfaces/mecharm_interfaces/srv/detail/get_coords__type_support.c
[1.559s] -- Up-to-date: /home/amin/cobot/cobot_ws/install/mecharm_interfaces/include/mecharm_interfaces/mecharm_interfaces/srv/detail/set_angles__rosidl_typesupport_introspection_c.h
[1.559s] -- Installing: /home/amin/cobot/cobot_ws/install/mecharm_interfaces/include/mecharm_interfaces/mecharm_interfaces/srv/detail/set_coords__type_support.c
[1.559s] -- Installing: /home/amin/cobot/cobot_ws/install/mecharm_interfaces/include/mecharm_interfaces/mecharm_interfaces/srv/detail/set_angles__type_support.c
[1.559s] -- Up-to-date: /home/amin/cobot/cobot_ws/install/mecharm_interfaces/include/mecharm_interfaces/mecharm_interfaces/srv/detail/pump_status__rosidl_typesupport_introspection_c.h
[1.559s] -- Installing: /home/amin/cobot/cobot_ws/install/mecharm_interfaces/include/mecharm_interfaces/mecharm_interfaces/srv/detail/get_angles__type_support.c
[1.559s] -- Up-to-date: /home/amin/cobot/cobot_ws/install/mecharm_interfaces/include/mecharm_interfaces/mecharm_interfaces/srv/detail/get_angles__rosidl_typesupport_introspection_c.h
[1.560s] -- Installing: /home/amin/cobot/cobot_ws/install/mecharm_interfaces/include/mecharm_interfaces/mecharm_interfaces/srv/detail/gripper_status__type_support.c
[1.560s] -- Up-to-date: /home/amin/cobot/cobot_ws/install/mecharm_interfaces/include/mecharm_interfaces/mecharm_interfaces/srv/detail/set_coords__rosidl_typesupport_introspection_c.h
[1.560s] -- Up-to-date: /home/amin/cobot/cobot_ws/install/mecharm_interfaces/include/mecharm_interfaces/mecharm_interfaces/srv/detail/get_coords__rosidl_typesupport_introspection_c.h
[1.560s] -- Up-to-date: /home/amin/cobot/cobot_ws/install/mecharm_interfaces/include/mecharm_interfaces/mecharm_interfaces/srv/detail/gripper_status__rosidl_typesupport_introspection_c.h
[1.560s] -- Up-to-date: /home/amin/cobot/cobot_ws/install/mecharm_interfaces/include/mecharm_interfaces/mecharm_interfaces/msg
[1.560s] -- Up-to-date: /home/amin/cobot/cobot_ws/install/mecharm_interfaces/include/mecharm_interfaces/mecharm_interfaces/msg/detail
[1.560s] -- Installing: /home/amin/cobot/cobot_ws/install/mecharm_interfaces/include/mecharm_interfaces/mecharm_interfaces/msg/detail/mecharm_pump_status__type_support.c
[1.560s] -- Installing: /home/amin/cobot/cobot_ws/install/mecharm_interfaces/include/mecharm_interfaces/mecharm_interfaces/msg/detail/mecharm_set_coords__type_support.c
[1.560s] -- Up-to-date: /home/amin/cobot/cobot_ws/install/mecharm_interfaces/include/mecharm_interfaces/mecharm_interfaces/msg/detail/mecharm_set_coords__rosidl_typesupport_introspection_c.h
[1.560s] -- Installing: /home/amin/cobot/cobot_ws/install/mecharm_interfaces/include/mecharm_interfaces/mecharm_interfaces/msg/detail/mecharm_angles__type_support.c
[1.560s] -- Installing: /home/amin/cobot/cobot_ws/install/mecharm_interfaces/include/mecharm_interfaces/mecharm_interfaces/msg/detail/mecharm_coords__type_support.c
[1.560s] -- Up-to-date: /home/amin/cobot/cobot_ws/install/mecharm_interfaces/include/mecharm_interfaces/mecharm_interfaces/msg/detail/mecharm_coords__rosidl_typesupport_introspection_c.h
[1.561s] -- Up-to-date: /home/amin/cobot/cobot_ws/install/mecharm_interfaces/include/mecharm_interfaces/mecharm_interfaces/msg/detail/mecharm_pump_status__rosidl_typesupport_introspection_c.h
[1.564s] -- Installing: /home/amin/cobot/cobot_ws/install/mecharm_interfaces/include/mecharm_interfaces/mecharm_interfaces/msg/detail/mecharm_set_angles__type_support.c
[1.564s] -- Installing: /home/amin/cobot/cobot_ws/install/mecharm_interfaces/include/mecharm_interfaces/mecharm_interfaces/msg/detail/mecharm_gripper_status__type_support.c
[1.564s] -- Up-to-date: /home/amin/cobot/cobot_ws/install/mecharm_interfaces/include/mecharm_interfaces/mecharm_interfaces/msg/detail/mecharm_set_angles__rosidl_typesupport_introspection_c.h
[1.564s] -- Up-to-date: /home/amin/cobot/cobot_ws/install/mecharm_interfaces/include/mecharm_interfaces/mecharm_interfaces/msg/detail/mecharm_angles__rosidl_typesupport_introspection_c.h
[1.565s] -- Up-to-date: /home/amin/cobot/cobot_ws/install/mecharm_interfaces/include/mecharm_interfaces/mecharm_interfaces/msg/detail/mecharm_gripper_status__rosidl_typesupport_introspection_c.h
[1.565s] -- Up-to-date: /home/amin/cobot/cobot_ws/install/mecharm_interfaces/include/mecharm_interfaces/mecharm_interfaces/msg/rosidl_typesupport_introspection_c__visibility_control.h
[1.565s] -- Up-to-date: /home/amin/cobot/cobot_ws/install/mecharm_interfaces/lib/libmecharm_interfaces__rosidl_typesupport_introspection_c.so
[1.566s] -- Up-to-date: /home/amin/cobot/cobot_ws/install/mecharm_interfaces/lib/libmecharm_interfaces__rosidl_typesupport_c.so
[1.566s] -- Up-to-date: /home/amin/cobot/cobot_ws/install/mecharm_interfaces/include/mecharm_interfaces/mecharm_interfaces
[1.566s] -- Up-to-date: /home/amin/cobot/cobot_ws/install/mecharm_interfaces/include/mecharm_interfaces/mecharm_interfaces/srv
[1.566s] -- Up-to-date: /home/amin/cobot/cobot_ws/install/mecharm_interfaces/include/mecharm_interfaces/mecharm_interfaces/srv/set_angles.hpp
[1.566s] -- Up-to-date: /home/amin/cobot/cobot_ws/install/mecharm_interfaces/include/mecharm_interfaces/mecharm_interfaces/srv/get_coords.hpp
[1.566s] -- Up-to-date: /home/amin/cobot/cobot_ws/install/mecharm_interfaces/include/mecharm_interfaces/mecharm_interfaces/srv/gripper_status.hpp
[1.566s] -- Up-to-date: /home/amin/cobot/cobot_ws/install/mecharm_interfaces/include/mecharm_interfaces/mecharm_interfaces/srv/detail
[1.566s] -- Up-to-date: /home/amin/cobot/cobot_ws/install/mecharm_interfaces/include/mecharm_interfaces/mecharm_interfaces/srv/detail/get_coords__type_support.hpp
[1.567s] -- Up-to-date: /home/amin/cobot/cobot_ws/install/mecharm_interfaces/include/mecharm_interfaces/mecharm_interfaces/srv/detail/get_angles__builder.hpp
[1.567s] -- Up-to-date: /home/amin/cobot/cobot_ws/install/mecharm_interfaces/include/mecharm_interfaces/mecharm_interfaces/srv/detail/gripper_status__type_support.hpp
[1.567s] -- Up-to-date: /home/amin/cobot/cobot_ws/install/mecharm_interfaces/include/mecharm_interfaces/mecharm_interfaces/srv/detail/set_angles__traits.hpp
[1.567s] -- Up-to-date: /home/amin/cobot/cobot_ws/install/mecharm_interfaces/include/mecharm_interfaces/mecharm_interfaces/srv/detail/set_angles__builder.hpp
[1.567s] -- Up-to-date: /home/amin/cobot/cobot_ws/install/mecharm_interfaces/include/mecharm_interfaces/mecharm_interfaces/srv/detail/gripper_status__struct.hpp
[1.567s] -- Up-to-date: /home/amin/cobot/cobot_ws/install/mecharm_interfaces/include/mecharm_interfaces/mecharm_interfaces/srv/detail/gripper_status__traits.hpp
[1.567s] -- Up-to-date: /home/amin/cobot/cobot_ws/install/mecharm_interfaces/include/mecharm_interfaces/mecharm_interfaces/srv/detail/set_coords__struct.hpp
[1.567s] -- Up-to-date: /home/amin/cobot/cobot_ws/install/mecharm_interfaces/include/mecharm_interfaces/mecharm_interfaces/srv/detail/pump_status__builder.hpp
[1.568s] -- Up-to-date: /home/amin/cobot/cobot_ws/install/mecharm_interfaces/include/mecharm_interfaces/mecharm_interfaces/srv/detail/set_coords__builder.hpp
[1.572s] -- Up-to-date: /home/amin/cobot/cobot_ws/install/mecharm_interfaces/include/mecharm_interfaces/mecharm_interfaces/srv/detail/pump_status__type_support.hpp
[1.572s] -- Up-to-date: /home/amin/cobot/cobot_ws/install/mecharm_interfaces/include/mecharm_interfaces/mecharm_interfaces/srv/detail/get_coords__struct.hpp
[1.573s] -- Up-to-date: /home/amin/cobot/cobot_ws/install/mecharm_interfaces/include/mecharm_interfaces/mecharm_interfaces/srv/detail/gripper_status__builder.hpp
[1.573s] -- Up-to-date: /home/amin/cobot/cobot_ws/install/mecharm_interfaces/include/mecharm_interfaces/mecharm_interfaces/srv/detail/pump_status__traits.hpp
[1.573s] -- Up-to-date: /home/amin/cobot/cobot_ws/install/mecharm_interfaces/include/mecharm_interfaces/mecharm_interfaces/srv/detail/get_angles__type_support.hpp
[1.573s] -- Up-to-date: /home/amin/cobot/cobot_ws/install/mecharm_interfaces/include/mecharm_interfaces/mecharm_interfaces/srv/detail/get_coords__traits.hpp
[1.574s] -- Up-to-date: /home/amin/cobot/cobot_ws/install/mecharm_interfaces/include/mecharm_interfaces/mecharm_interfaces/srv/detail/set_angles__struct.hpp
[1.574s] -- Up-to-date: /home/amin/cobot/cobot_ws/install/mecharm_interfaces/include/mecharm_interfaces/mecharm_interfaces/srv/detail/get_angles__traits.hpp
[1.574s] -- Up-to-date: /home/amin/cobot/cobot_ws/install/mecharm_interfaces/include/mecharm_interfaces/mecharm_interfaces/srv/detail/get_coords__builder.hpp
[1.574s] -- Up-to-date: /home/amin/cobot/cobot_ws/install/mecharm_interfaces/include/mecharm_interfaces/mecharm_interfaces/srv/detail/set_coords__type_support.hpp
[1.574s] -- Up-to-date: /home/amin/cobot/cobot_ws/install/mecharm_interfaces/include/mecharm_interfaces/mecharm_interfaces/srv/detail/set_angles__type_support.hpp
[1.575s] -- Up-to-date: /home/amin/cobot/cobot_ws/install/mecharm_interfaces/include/mecharm_interfaces/mecharm_interfaces/srv/detail/set_coords__traits.hpp
[1.575s] -- Up-to-date: /home/amin/cobot/cobot_ws/install/mecharm_interfaces/include/mecharm_interfaces/mecharm_interfaces/srv/detail/get_angles__struct.hpp
[1.575s] -- Up-to-date: /home/amin/cobot/cobot_ws/install/mecharm_interfaces/include/mecharm_interfaces/mecharm_interfaces/srv/detail/pump_status__struct.hpp
[1.575s] -- Up-to-date: /home/amin/cobot/cobot_ws/install/mecharm_interfaces/include/mecharm_interfaces/mecharm_interfaces/srv/set_coords.hpp
[1.576s] -- Up-to-date: /home/amin/cobot/cobot_ws/install/mecharm_interfaces/include/mecharm_interfaces/mecharm_interfaces/srv/get_angles.hpp
[1.576s] -- Up-to-date: /home/amin/cobot/cobot_ws/install/mecharm_interfaces/include/mecharm_interfaces/mecharm_interfaces/srv/pump_status.hpp
[1.576s] -- Up-to-date: /home/amin/cobot/cobot_ws/install/mecharm_interfaces/include/mecharm_interfaces/mecharm_interfaces/msg
[1.576s] -- Up-to-date: /home/amin/cobot/cobot_ws/install/mecharm_interfaces/include/mecharm_interfaces/mecharm_interfaces/msg/detail
[1.576s] -- Up-to-date: /home/amin/cobot/cobot_ws/install/mecharm_interfaces/include/mecharm_interfaces/mecharm_interfaces/msg/detail/mecharm_gripper_status__traits.hpp
[1.576s] -- Up-to-date: /home/amin/cobot/cobot_ws/install/mecharm_interfaces/include/mecharm_interfaces/mecharm_interfaces/msg/detail/mecharm_pump_status__type_support.hpp
[1.576s] -- Up-to-date: /home/amin/cobot/cobot_ws/install/mecharm_interfaces/include/mecharm_interfaces/mecharm_interfaces/msg/detail/mecharm_pump_status__struct.hpp
[1.576s] -- Up-to-date: /home/amin/cobot/cobot_ws/install/mecharm_interfaces/include/mecharm_interfaces/mecharm_interfaces/msg/detail/mecharm_angles__struct.hpp
[1.576s] -- Up-to-date: /home/amin/cobot/cobot_ws/install/mecharm_interfaces/include/mecharm_interfaces/mecharm_interfaces/msg/detail/mecharm_coords__struct.hpp
[1.579s] -- Up-to-date: /home/amin/cobot/cobot_ws/install/mecharm_interfaces/include/mecharm_interfaces/mecharm_interfaces/msg/detail/mecharm_pump_status__traits.hpp
[1.579s] -- Up-to-date: /home/amin/cobot/cobot_ws/install/mecharm_interfaces/include/mecharm_interfaces/mecharm_interfaces/msg/detail/mecharm_set_coords__traits.hpp
[1.579s] -- Up-to-date: /home/amin/cobot/cobot_ws/install/mecharm_interfaces/include/mecharm_interfaces/mecharm_interfaces/msg/detail/mecharm_angles__traits.hpp
[1.579s] -- Up-to-date: /home/amin/cobot/cobot_ws/install/mecharm_interfaces/include/mecharm_interfaces/mecharm_interfaces/msg/detail/mecharm_angles__builder.hpp
[1.579s] -- Up-to-date: /home/amin/cobot/cobot_ws/install/mecharm_interfaces/include/mecharm_interfaces/mecharm_interfaces/msg/detail/mecharm_set_coords__builder.hpp
[1.579s] -- Up-to-date: /home/amin/cobot/cobot_ws/install/mecharm_interfaces/include/mecharm_interfaces/mecharm_interfaces/msg/detail/mecharm_set_coords__type_support.hpp
[1.579s] -- Up-to-date: /home/amin/cobot/cobot_ws/install/mecharm_interfaces/include/mecharm_interfaces/mecharm_interfaces/msg/detail/mecharm_set_angles__type_support.hpp
[1.580s] -- Up-to-date: /home/amin/cobot/cobot_ws/install/mecharm_interfaces/include/mecharm_interfaces/mecharm_interfaces/msg/detail/mecharm_gripper_status__builder.hpp
[1.580s] -- Up-to-date: /home/amin/cobot/cobot_ws/install/mecharm_interfaces/include/mecharm_interfaces/mecharm_interfaces/msg/detail/mecharm_set_angles__builder.hpp
[1.580s] -- Up-to-date: /home/amin/cobot/cobot_ws/install/mecharm_interfaces/include/mecharm_interfaces/mecharm_interfaces/msg/detail/mecharm_gripper_status__struct.hpp
[1.580s] -- Up-to-date: /home/amin/cobot/cobot_ws/install/mecharm_interfaces/include/mecharm_interfaces/mecharm_interfaces/msg/detail/mecharm_coords__type_support.hpp
[1.580s] -- Up-to-date: /home/amin/cobot/cobot_ws/install/mecharm_interfaces/include/mecharm_interfaces/mecharm_interfaces/msg/detail/mecharm_set_coords__struct.hpp
[1.580s] -- Up-to-date: /home/amin/cobot/cobot_ws/install/mecharm_interfaces/include/mecharm_interfaces/mecharm_interfaces/msg/detail/mecharm_coords__builder.hpp
[1.580s] -- Up-to-date: /home/amin/cobot/cobot_ws/install/mecharm_interfaces/include/mecharm_interfaces/mecharm_interfaces/msg/detail/mecharm_angles__type_support.hpp
[1.580s] -- Up-to-date: /home/amin/cobot/cobot_ws/install/mecharm_interfaces/include/mecharm_interfaces/mecharm_interfaces/msg/detail/mecharm_gripper_status__type_support.hpp
[1.580s] -- Up-to-date: /home/amin/cobot/cobot_ws/install/mecharm_interfaces/include/mecharm_interfaces/mecharm_interfaces/msg/detail/mecharm_set_angles__traits.hpp
[1.580s] -- Up-to-date: /home/amin/cobot/cobot_ws/install/mecharm_interfaces/include/mecharm_interfaces/mecharm_interfaces/msg/detail/mecharm_set_angles__struct.hpp
[1.580s] -- Up-to-date: /home/amin/cobot/cobot_ws/install/mecharm_interfaces/include/mecharm_interfaces/mecharm_interfaces/msg/detail/mecharm_coords__traits.hpp
[1.581s] -- Up-to-date: /home/amin/cobot/cobot_ws/install/mecharm_interfaces/include/mecharm_interfaces/mecharm_interfaces/msg/detail/mecharm_pump_status__builder.hpp
[1.581s] -- Up-to-date: /home/amin/cobot/cobot_ws/install/mecharm_interfaces/include/mecharm_interfaces/mecharm_interfaces/msg/mecharm_pump_status.hpp
[1.581s] -- Up-to-date: /home/amin/cobot/cobot_ws/install/mecharm_interfaces/include/mecharm_interfaces/mecharm_interfaces/msg/mecharm_gripper_status.hpp
[1.581s] -- Up-to-date: /home/amin/cobot/cobot_ws/install/mecharm_interfaces/include/mecharm_interfaces/mecharm_interfaces/msg/mecharm_set_coords.hpp
[1.581s] -- Up-to-date: /home/amin/cobot/cobot_ws/install/mecharm_interfaces/include/mecharm_interfaces/mecharm_interfaces/msg/mecharm_coords.hpp
[1.581s] -- Up-to-date: /home/amin/cobot/cobot_ws/install/mecharm_interfaces/include/mecharm_interfaces/mecharm_interfaces/msg/mecharm_set_angles.hpp
[1.581s] -- Up-to-date: /home/amin/cobot/cobot_ws/install/mecharm_interfaces/include/mecharm_interfaces/mecharm_interfaces/msg/mecharm_angles.hpp
[1.581s] -- Up-to-date: /home/amin/cobot/cobot_ws/install/mecharm_interfaces/include/mecharm_interfaces/mecharm_interfaces/msg/rosidl_generator_cpp__visibility_control.hpp
[1.581s] -- Up-to-date: /home/amin/cobot/cobot_ws/install/mecharm_interfaces/include/mecharm_interfaces/mecharm_interfaces
[1.581s] -- Up-to-date: /home/amin/cobot/cobot_ws/install/mecharm_interfaces/include/mecharm_interfaces/mecharm_interfaces/srv
[1.581s] -- Up-to-date: /home/amin/cobot/cobot_ws/install/mecharm_interfaces/include/mecharm_interfaces/mecharm_interfaces/srv/detail
[1.581s] -- Up-to-date: /home/amin/cobot/cobot_ws/install/mecharm_interfaces/include/mecharm_interfaces/mecharm_interfaces/srv/detail/gripper_status__rosidl_typesupport_fastrtps_cpp.hpp
[1.581s] -- Up-to-date: /home/amin/cobot/cobot_ws/install/mecharm_interfaces/include/mecharm_interfaces/mecharm_interfaces/srv/detail/pump_status__rosidl_typesupport_fastrtps_cpp.hpp
[1.582s] -- Up-to-date: /home/amin/cobot/cobot_ws/install/mecharm_interfaces/include/mecharm_interfaces/mecharm_interfaces/srv/detail/dds_fastrtps
[1.582s] -- Up-to-date: /home/amin/cobot/cobot_ws/install/mecharm_interfaces/include/mecharm_interfaces/mecharm_interfaces/srv/detail/get_angles__rosidl_typesupport_fastrtps_cpp.hpp
[1.582s] -- Up-to-date: /home/amin/cobot/cobot_ws/install/mecharm_interfaces/include/mecharm_interfaces/mecharm_interfaces/srv/detail/set_coords__rosidl_typesupport_fastrtps_cpp.hpp
[1.582s] -- Up-to-date: /home/amin/cobot/cobot_ws/install/mecharm_interfaces/include/mecharm_interfaces/mecharm_interfaces/srv/detail/get_coords__rosidl_typesupport_fastrtps_cpp.hpp
[1.582s] -- Up-to-date: /home/amin/cobot/cobot_ws/install/mecharm_interfaces/include/mecharm_interfaces/mecharm_interfaces/srv/detail/set_angles__rosidl_typesupport_fastrtps_cpp.hpp
[1.582s] -- Up-to-date: /home/amin/cobot/cobot_ws/install/mecharm_interfaces/include/mecharm_interfaces/mecharm_interfaces/msg
[1.582s] -- Up-to-date: /home/amin/cobot/cobot_ws/install/mecharm_interfaces/include/mecharm_interfaces/mecharm_interfaces/msg/detail
[1.582s] -- Up-to-date: /home/amin/cobot/cobot_ws/install/mecharm_interfaces/include/mecharm_interfaces/mecharm_interfaces/msg/detail/dds_fastrtps
[1.582s] -- Up-to-date: /home/amin/cobot/cobot_ws/install/mecharm_interfaces/include/mecharm_interfaces/mecharm_interfaces/msg/detail/mecharm_pump_status__rosidl_typesupport_fastrtps_cpp.hpp
[1.582s] -- Up-to-date: /home/amin/cobot/cobot_ws/install/mecharm_interfaces/include/mecharm_interfaces/mecharm_interfaces/msg/detail/mecharm_set_coords__rosidl_typesupport_fastrtps_cpp.hpp
[1.582s] -- Up-to-date: /home/amin/cobot/cobot_ws/install/mecharm_interfaces/include/mecharm_interfaces/mecharm_interfaces/msg/detail/mecharm_angles__rosidl_typesupport_fastrtps_cpp.hpp
[1.582s] -- Up-to-date: /home/amin/cobot/cobot_ws/install/mecharm_interfaces/include/mecharm_interfaces/mecharm_interfaces/msg/detail/mecharm_set_angles__rosidl_typesupport_fastrtps_cpp.hpp
[1.583s] -- Up-to-date: /home/amin/cobot/cobot_ws/install/mecharm_interfaces/include/mecharm_interfaces/mecharm_interfaces/msg/detail/mecharm_coords__rosidl_typesupport_fastrtps_cpp.hpp
[1.583s] -- Up-to-date: /home/amin/cobot/cobot_ws/install/mecharm_interfaces/include/mecharm_interfaces/mecharm_interfaces/msg/detail/mecharm_gripper_status__rosidl_typesupport_fastrtps_cpp.hpp
[1.583s] -- Up-to-date: /home/amin/cobot/cobot_ws/install/mecharm_interfaces/include/mecharm_interfaces/mecharm_interfaces/msg/rosidl_typesupport_fastrtps_cpp__visibility_control.h
[1.583s] -- Up-to-date: /home/amin/cobot/cobot_ws/install/mecharm_interfaces/lib/libmecharm_interfaces__rosidl_typesupport_fastrtps_cpp.so
[1.583s] -- Up-to-date: /home/amin/cobot/cobot_ws/install/mecharm_interfaces/include/mecharm_interfaces/mecharm_interfaces
[1.583s] -- Up-to-date: /home/amin/cobot/cobot_ws/install/mecharm_interfaces/include/mecharm_interfaces/mecharm_interfaces/srv
[1.583s] -- Up-to-date: /home/amin/cobot/cobot_ws/install/mecharm_interfaces/include/mecharm_interfaces/mecharm_interfaces/srv/detail
[1.583s] -- Up-to-date: /home/amin/cobot/cobot_ws/install/mecharm_interfaces/include/mecharm_interfaces/mecharm_interfaces/srv/detail/set_coords__type_support.cpp
[1.583s] -- Up-to-date: /home/amin/cobot/cobot_ws/install/mecharm_interfaces/include/mecharm_interfaces/mecharm_interfaces/srv/detail/pump_status__rosidl_typesupport_introspection_cpp.hpp
[1.583s] -- Up-to-date: /home/amin/cobot/cobot_ws/install/mecharm_interfaces/include/mecharm_interfaces/mecharm_interfaces/srv/detail/gripper_status__type_support.cpp
[1.583s] -- Up-to-date: /home/amin/cobot/cobot_ws/install/mecharm_interfaces/include/mecharm_interfaces/mecharm_interfaces/srv/detail/gripper_status__rosidl_typesupport_introspection_cpp.hpp
[1.584s] -- Up-to-date: /home/amin/cobot/cobot_ws/install/mecharm_interfaces/include/mecharm_interfaces/mecharm_interfaces/srv/detail/get_coords__type_support.cpp
[1.584s] -- Up-to-date: /home/amin/cobot/cobot_ws/install/mecharm_interfaces/include/mecharm_interfaces/mecharm_interfaces/srv/detail/set_angles__rosidl_typesupport_introspection_cpp.hpp
[1.584s] -- Up-to-date: /home/amin/cobot/cobot_ws/install/mecharm_interfaces/include/mecharm_interfaces/mecharm_interfaces/srv/detail/set_angles__type_support.cpp
[1.584s] -- Up-to-date: /home/amin/cobot/cobot_ws/install/mecharm_interfaces/include/mecharm_interfaces/mecharm_interfaces/srv/detail/get_angles__type_support.cpp
[1.584s] -- Up-to-date: /home/amin/cobot/cobot_ws/install/mecharm_interfaces/include/mecharm_interfaces/mecharm_interfaces/srv/detail/pump_status__type_support.cpp
[1.584s] -- Up-to-date: /home/amin/cobot/cobot_ws/install/mecharm_interfaces/include/mecharm_interfaces/mecharm_interfaces/srv/detail/get_angles__rosidl_typesupport_introspection_cpp.hpp
[1.584s] -- Up-to-date: /home/amin/cobot/cobot_ws/install/mecharm_interfaces/include/mecharm_interfaces/mecharm_interfaces/srv/detail/set_coords__rosidl_typesupport_introspection_cpp.hpp
[1.584s] -- Up-to-date: /home/amin/cobot/cobot_ws/install/mecharm_interfaces/include/mecharm_interfaces/mecharm_interfaces/srv/detail/get_coords__rosidl_typesupport_introspection_cpp.hpp
[1.584s] -- Up-to-date: /home/amin/cobot/cobot_ws/install/mecharm_interfaces/include/mecharm_interfaces/mecharm_interfaces/msg
[1.584s] -- Up-to-date: /home/amin/cobot/cobot_ws/install/mecharm_interfaces/include/mecharm_interfaces/mecharm_interfaces/msg/detail
[1.584s] -- Up-to-date: /home/amin/cobot/cobot_ws/install/mecharm_interfaces/include/mecharm_interfaces/mecharm_interfaces/msg/detail/mecharm_coords__rosidl_typesupport_introspection_cpp.hpp
[1.584s] -- Up-to-date: /home/amin/cobot/cobot_ws/install/mecharm_interfaces/include/mecharm_interfaces/mecharm_interfaces/msg/detail/mecharm_gripper_status__type_support.cpp
[1.585s] -- Up-to-date: /home/amin/cobot/cobot_ws/install/mecharm_interfaces/include/mecharm_interfaces/mecharm_interfaces/msg/detail/mecharm_set_angles__rosidl_typesupport_introspection_cpp.hpp
[1.585s] -- Up-to-date: /home/amin/cobot/cobot_ws/install/mecharm_interfaces/include/mecharm_interfaces/mecharm_interfaces/msg/detail/mecharm_set_coords__rosidl_typesupport_introspection_cpp.hpp
[1.585s] -- Up-to-date: /home/amin/cobot/cobot_ws/install/mecharm_interfaces/include/mecharm_interfaces/mecharm_interfaces/msg/detail/mecharm_set_angles__type_support.cpp
[1.585s] -- Up-to-date: /home/amin/cobot/cobot_ws/install/mecharm_interfaces/include/mecharm_interfaces/mecharm_interfaces/msg/detail/mecharm_pump_status__rosidl_typesupport_introspection_cpp.hpp
[1.585s] -- Up-to-date: /home/amin/cobot/cobot_ws/install/mecharm_interfaces/include/mecharm_interfaces/mecharm_interfaces/msg/detail/mecharm_pump_status__type_support.cpp
[1.585s] -- Up-to-date: /home/amin/cobot/cobot_ws/install/mecharm_interfaces/include/mecharm_interfaces/mecharm_interfaces/msg/detail/mecharm_angles__rosidl_typesupport_introspection_cpp.hpp
[1.585s] -- Up-to-date: /home/amin/cobot/cobot_ws/install/mecharm_interfaces/include/mecharm_interfaces/mecharm_interfaces/msg/detail/mecharm_coords__type_support.cpp
[1.585s] -- Up-to-date: /home/amin/cobot/cobot_ws/install/mecharm_interfaces/include/mecharm_interfaces/mecharm_interfaces/msg/detail/mecharm_set_coords__type_support.cpp
[1.585s] -- Up-to-date: /home/amin/cobot/cobot_ws/install/mecharm_interfaces/include/mecharm_interfaces/mecharm_interfaces/msg/detail/mecharm_angles__type_support.cpp
[1.585s] -- Up-to-date: /home/amin/cobot/cobot_ws/install/mecharm_interfaces/include/mecharm_interfaces/mecharm_interfaces/msg/detail/mecharm_gripper_status__rosidl_typesupport_introspection_cpp.hpp
[1.585s] -- Up-to-date: /home/amin/cobot/cobot_ws/install/mecharm_interfaces/lib/libmecharm_interfaces__rosidl_typesupport_introspection_cpp.so
[1.585s] -- Up-to-date: /home/amin/cobot/cobot_ws/install/mecharm_interfaces/lib/libmecharm_interfaces__rosidl_typesupport_cpp.so
[1.586s] -- Up-to-date: /home/amin/cobot/cobot_ws/install/mecharm_interfaces/share/mecharm_interfaces/environment/pythonpath.sh
[1.586s] -- Up-to-date: /home/amin/cobot/cobot_ws/install/mecharm_interfaces/share/mecharm_interfaces/environment/pythonpath.dsv
[1.586s] -- Up-to-date: /home/amin/cobot/cobot_ws/install/mecharm_interfaces/lib/python3.12/site-packages/mecharm_interfaces-0.0.0-py3.12.egg-info
[1.586s] -- Installing: /home/amin/cobot/cobot_ws/install/mecharm_interfaces/lib/python3.12/site-packages/mecharm_interfaces-0.0.0-py3.12.egg-info/SOURCES.txt
[1.586s] -- Installing: /home/amin/cobot/cobot_ws/install/mecharm_interfaces/lib/python3.12/site-packages/mecharm_interfaces-0.0.0-py3.12.egg-info/PKG-INFO
[1.586s] -- Installing: /home/amin/cobot/cobot_ws/install/mecharm_interfaces/lib/python3.12/site-packages/mecharm_interfaces-0.0.0-py3.12.egg-info/top_level.txt
[1.586s] -- Installing: /home/amin/cobot/cobot_ws/install/mecharm_interfaces/lib/python3.12/site-packages/mecharm_interfaces-0.0.0-py3.12.egg-info/dependency_links.txt
[1.586s] -- Up-to-date: /home/amin/cobot/cobot_ws/install/mecharm_interfaces/lib/python3.12/site-packages/mecharm_interfaces
[1.586s] -- Up-to-date: /home/amin/cobot/cobot_ws/install/mecharm_interfaces/lib/python3.12/site-packages/mecharm_interfaces/_mecharm_interfaces_s.ep.rosidl_typesupport_fastrtps_c.c
[1.586s] -- Up-to-date: /home/amin/cobot/cobot_ws/install/mecharm_interfaces/lib/python3.12/site-packages/mecharm_interfaces/mecharm_interfaces_s__rosidl_typesupport_c.so
[1.586s] -- Up-to-date: /home/amin/cobot/cobot_ws/install/mecharm_interfaces/lib/python3.12/site-packages/mecharm_interfaces/__init__.py
[1.586s] -- Up-to-date: /home/amin/cobot/cobot_ws/install/mecharm_interfaces/lib/python3.12/site-packages/mecharm_interfaces/srv
[1.587s] -- Up-to-date: /home/amin/cobot/cobot_ws/install/mecharm_interfaces/lib/python3.12/site-packages/mecharm_interfaces/srv/_get_coords_s.c
[1.587s] -- Up-to-date: /home/amin/cobot/cobot_ws/install/mecharm_interfaces/lib/python3.12/site-packages/mecharm_interfaces/srv/_get_angles_s.c
[1.587s] -- Up-to-date: /home/amin/cobot/cobot_ws/install/mecharm_interfaces/lib/python3.12/site-packages/mecharm_interfaces/srv/_get_angles.py
[1.587s] -- Up-to-date: /home/amin/cobot/cobot_ws/install/mecharm_interfaces/lib/python3.12/site-packages/mecharm_interfaces/srv/_set_angles.py
[1.587s] -- Up-to-date: /home/amin/cobot/cobot_ws/install/mecharm_interfaces/lib/python3.12/site-packages/mecharm_interfaces/srv/_pump_status.py
[1.587s] -- Up-to-date: /home/amin/cobot/cobot_ws/install/mecharm_interfaces/lib/python3.12/site-packages/mecharm_interfaces/srv/_pump_status_s.c
[1.587s] -- Up-to-date: /home/amin/cobot/cobot_ws/install/mecharm_interfaces/lib/python3.12/site-packages/mecharm_interfaces/srv/_set_coords.py
[1.587s] -- Up-to-date: /home/amin/cobot/cobot_ws/install/mecharm_interfaces/lib/python3.12/site-packages/mecharm_interfaces/srv/__init__.py
[1.587s] -- Up-to-date: /home/amin/cobot/cobot_ws/install/mecharm_interfaces/lib/python3.12/site-packages/mecharm_interfaces/srv/_get_coords.py
[1.587s] -- Up-to-date: /home/amin/cobot/cobot_ws/install/mecharm_interfaces/lib/python3.12/site-packages/mecharm_interfaces/srv/_gripper_status_s.c
[1.587s] -- Up-to-date: /home/amin/cobot/cobot_ws/install/mecharm_interfaces/lib/python3.12/site-packages/mecharm_interfaces/srv/_gripper_status.py
[1.587s] -- Up-to-date: /home/amin/cobot/cobot_ws/install/mecharm_interfaces/lib/python3.12/site-packages/mecharm_interfaces/srv/_set_coords_s.c
[1.588s] -- Up-to-date: /home/amin/cobot/cobot_ws/install/mecharm_interfaces/lib/python3.12/site-packages/mecharm_interfaces/srv/_set_angles_s.c
[1.588s] -- Up-to-date: /home/amin/cobot/cobot_ws/install/mecharm_interfaces/lib/python3.12/site-packages/mecharm_interfaces/msg
[1.588s] -- Up-to-date: /home/amin/cobot/cobot_ws/install/mecharm_interfaces/lib/python3.12/site-packages/mecharm_interfaces/msg/_mecharm_coords.py
[1.588s] -- Up-to-date: /home/amin/cobot/cobot_ws/install/mecharm_interfaces/lib/python3.12/site-packages/mecharm_interfaces/msg/__init__.py
[1.588s] -- Up-to-date: /home/amin/cobot/cobot_ws/install/mecharm_interfaces/lib/python3.12/site-packages/mecharm_interfaces/msg/_mecharm_pump_status.py
[1.588s] -- Up-to-date: /home/amin/cobot/cobot_ws/install/mecharm_interfaces/lib/python3.12/site-packages/mecharm_interfaces/msg/_mecharm_gripper_status_s.c
[1.588s] -- Up-to-date: /home/amin/cobot/cobot_ws/install/mecharm_interfaces/lib/python3.12/site-packages/mecharm_interfaces/msg/_mecharm_set_coords.py
[1.588s] -- Up-to-date: /home/amin/cobot/cobot_ws/install/mecharm_interfaces/lib/python3.12/site-packages/mecharm_interfaces/msg/_mecharm_set_coords_s.c
[1.588s] -- Up-to-date: /home/amin/cobot/cobot_ws/install/mecharm_interfaces/lib/python3.12/site-packages/mecharm_interfaces/msg/_mecharm_set_angles_s.c
[1.588s] -- Up-to-date: /home/amin/cobot/cobot_ws/install/mecharm_interfaces/lib/python3.12/site-packages/mecharm_interfaces/msg/_mecharm_angles.py
[1.588s] -- Up-to-date: /home/amin/cobot/cobot_ws/install/mecharm_interfaces/lib/python3.12/site-packages/mecharm_interfaces/msg/_mecharm_gripper_status.py
[1.588s] -- Up-to-date: /home/amin/cobot/cobot_ws/install/mecharm_interfaces/lib/python3.12/site-packages/mecharm_interfaces/msg/_mecharm_pump_status_s.c
[1.588s] -- Up-to-date: /home/amin/cobot/cobot_ws/install/mecharm_interfaces/lib/python3.12/site-packages/mecharm_interfaces/msg/_mecharm_coords_s.c
[1.589s] -- Up-to-date: /home/amin/cobot/cobot_ws/install/mecharm_interfaces/lib/python3.12/site-packages/mecharm_interfaces/msg/_mecharm_angles_s.c
[1.589s] -- Up-to-date: /home/amin/cobot/cobot_ws/install/mecharm_interfaces/lib/python3.12/site-packages/mecharm_interfaces/msg/_mecharm_set_angles.py
[1.589s] -- Up-to-date: /home/amin/cobot/cobot_ws/install/mecharm_interfaces/lib/python3.12/site-packages/mecharm_interfaces/mecharm_interfaces_s__rosidl_typesupport_fastrtps_c.so
[1.589s] -- Up-to-date: /home/amin/cobot/cobot_ws/install/mecharm_interfaces/lib/python3.12/site-packages/mecharm_interfaces/_mecharm_interfaces_s.ep.rosidl_typesupport_introspection_c.c
[1.589s] -- Up-to-date: /home/amin/cobot/cobot_ws/install/mecharm_interfaces/lib/python3.12/site-packages/mecharm_interfaces/_mecharm_interfaces_s.ep.rosidl_typesupport_c.c
[1.589s] -- Up-to-date: /home/amin/cobot/cobot_ws/install/mecharm_interfaces/lib/python3.12/site-packages/mecharm_interfaces/mecharm_interfaces_s__rosidl_typesupport_introspection_c.so
[1.589s] Listing '/home/amin/cobot/cobot_ws/install/mecharm_interfaces/lib/python3.12/site-packages/mecharm_interfaces'...
[1.589s] Listing '/home/amin/cobot/cobot_ws/install/mecharm_interfaces/lib/python3.12/site-packages/mecharm_interfaces/msg'...
[1.590s] Listing '/home/amin/cobot/cobot_ws/install/mecharm_interfaces/lib/python3.12/site-packages/mecharm_interfaces/srv'...
[1.590s] -- Up-to-date: /home/amin/cobot/cobot_ws/install/mecharm_interfaces/lib/python3.12/site-packages/mecharm_interfaces/mecharm_interfaces_s__rosidl_typesupport_fastrtps_c.so
[1.590s] -- Up-to-date: /home/amin/cobot/cobot_ws/install/mecharm_interfaces/lib/python3.12/site-packages/mecharm_interfaces/mecharm_interfaces_s__rosidl_typesupport_introspection_c.so
[1.592s] -- Up-to-date: /home/amin/cobot/cobot_ws/install/mecharm_interfaces/lib/python3.12/site-packages/mecharm_interfaces/mecharm_interfaces_s__rosidl_typesupport_c.so
[1.592s] -- Up-to-date: /home/amin/cobot/cobot_ws/install/mecharm_interfaces/lib/libmecharm_interfaces__rosidl_generator_py.so
[1.592s] -- Up-to-date: /home/amin/cobot/cobot_ws/install/mecharm_interfaces/share/mecharm_interfaces/msg/MecharmAngles.idl
[1.592s] -- Up-to-date: /home/amin/cobot/cobot_ws/install/mecharm_interfaces/share/mecharm_interfaces/msg/MecharmCoords.idl
[1.592s] -- Up-to-date: /home/amin/cobot/cobot_ws/install/mecharm_interfaces/share/mecharm_interfaces/msg/MecharmSetAngles.idl
[1.593s] -- Up-to-date: /home/amin/cobot/cobot_ws/install/mecharm_interfaces/share/mecharm_interfaces/msg/MecharmSetCoords.idl
[1.593s] -- Up-to-date: /home/amin/cobot/cobot_ws/install/mecharm_interfaces/share/mecharm_interfaces/msg/MecharmGripperStatus.idl
[1.593s] -- Up-to-date: /home/amin/cobot/cobot_ws/install/mecharm_interfaces/share/mecharm_interfaces/msg/MecharmPumpStatus.idl
[1.593s] -- Up-to-date: /home/amin/cobot/cobot_ws/install/mecharm_interfaces/share/mecharm_interfaces/srv/GetAngles.idl
[1.593s] -- Up-to-date: /home/amin/cobot/cobot_ws/install/mecharm_interfaces/share/mecharm_interfaces/srv/SetAngles.idl
[1.593s] -- Up-to-date: /home/amin/cobot/cobot_ws/install/mecharm_interfaces/share/mecharm_interfaces/srv/GetCoords.idl
[1.594s] -- Up-to-date: /home/amin/cobot/cobot_ws/install/mecharm_interfaces/share/mecharm_interfaces/srv/SetCoords.idl
[1.594s] -- Up-to-date: /home/amin/cobot/cobot_ws/install/mecharm_interfaces/share/mecharm_interfaces/srv/GripperStatus.idl
[1.594s] -- Up-to-date: /home/amin/cobot/cobot_ws/install/mecharm_interfaces/share/mecharm_interfaces/srv/PumpStatus.idl
[1.594s] -- Up-to-date: /home/amin/cobot/cobot_ws/install/mecharm_interfaces/share/mecharm_interfaces/msg/MecharmAngles.msg
[1.594s] -- Up-to-date: /home/amin/cobot/cobot_ws/install/mecharm_interfaces/share/mecharm_interfaces/msg/MecharmCoords.msg
[1.594s] -- Up-to-date: /home/amin/cobot/cobot_ws/install/mecharm_interfaces/share/mecharm_interfaces/msg/MecharmSetAngles.msg
[1.594s] -- Up-to-date: /home/amin/cobot/cobot_ws/install/mecharm_interfaces/share/mecharm_interfaces/msg/MecharmSetCoords.msg
[1.594s] -- Up-to-date: /home/amin/cobot/cobot_ws/install/mecharm_interfaces/share/mecharm_interfaces/msg/MecharmGripperStatus.msg
[1.594s] -- Up-to-date: /home/amin/cobot/cobot_ws/install/mecharm_interfaces/share/mecharm_interfaces/msg/MecharmPumpStatus.msg
[1.594s] -- Up-to-date: /home/amin/cobot/cobot_ws/install/mecharm_interfaces/share/mecharm_interfaces/srv/GetAngles.srv
[1.594s] -- Up-to-date: /home/amin/cobot/cobot_ws/install/mecharm_interfaces/share/mecharm_interfaces/srv/SetAngles.srv
[1.594s] -- Up-to-date: /home/amin/cobot/cobot_ws/install/mecharm_interfaces/share/mecharm_interfaces/srv/GetCoords.srv
[1.594s] -- Up-to-date: /home/amin/cobot/cobot_ws/install/mecharm_interfaces/share/mecharm_interfaces/srv/SetCoords.srv
[1.595s] -- Up-to-date: /home/amin/cobot/cobot_ws/install/mecharm_interfaces/share/mecharm_interfaces/srv/GripperStatus.srv
[1.595s] -- Up-to-date: /home/amin/cobot/cobot_ws/install/mecharm_interfaces/share/mecharm_interfaces/srv/PumpStatus.srv
[1.595s] -- Up-to-date: /home/amin/cobot/cobot_ws/install/mecharm_interfaces/share/ament_index/resource_index/package_run_dependencies/mecharm_interfaces
[1.595s] -- Up-to-date: /home/amin/cobot/cobot_ws/install/mecharm_interfaces/share/ament_index/resource_index/parent_prefix_path/mecharm_interfaces
[1.595s] -- Up-to-date: /home/amin/cobot/cobot_ws/install/mecharm_interfaces/share/mecharm_interfaces/environment/ament_prefix_path.sh
[1.595s] -- Up-to-date: /home/amin/cobot/cobot_ws/install/mecharm_interfaces/share/mecharm_interfaces/environment/ament_prefix_path.dsv
[1.595s] -- Up-to-date: /home/amin/cobot/cobot_ws/install/mecharm_interfaces/share/mecharm_interfaces/environment/path.sh
[1.595s] -- Up-to-date: /home/amin/cobot/cobot_ws/install/mecharm_interfaces/share/mecharm_interfaces/environment/path.dsv
[1.595s] -- Up-to-date: /home/amin/cobot/cobot_ws/install/mecharm_interfaces/share/mecharm_interfaces/local_setup.bash
[1.595s] -- Up-to-date: /home/amin/cobot/cobot_ws/install/mecharm_interfaces/share/mecharm_interfaces/local_setup.sh
[1.595s] -- Up-to-date: /home/amin/cobot/cobot_ws/install/mecharm_interfaces/share/mecharm_interfaces/local_setup.zsh
[1.595s] -- Up-to-date: /home/amin/cobot/cobot_ws/install/mecharm_interfaces/share/mecharm_interfaces/local_setup.dsv
[1.596s] -- Installing: /home/amin/cobot/cobot_ws/install/mecharm_interfaces/share/mecharm_interfaces/package.dsv
[1.596s] -- Up-to-date: /home/amin/cobot/cobot_ws/install/mecharm_interfaces/share/ament_index/resource_index/packages/mecharm_interfaces
[1.596s] -- Up-to-date: /home/amin/cobot/cobot_ws/install/mecharm_interfaces/share/mecharm_interfaces/cmake/export_mecharm_interfaces__rosidl_generator_cExport.cmake
[1.596s] -- Up-to-date: /home/amin/cobot/cobot_ws/install/mecharm_interfaces/share/mecharm_interfaces/cmake/export_mecharm_interfaces__rosidl_generator_cExport-noconfig.cmake
[1.596s] -- Up-to-date: /home/amin/cobot/cobot_ws/install/mecharm_interfaces/share/mecharm_interfaces/cmake/export_mecharm_interfaces__rosidl_typesupport_fastrtps_cExport.cmake
[1.596s] -- Up-to-date: /home/amin/cobot/cobot_ws/install/mecharm_interfaces/share/mecharm_interfaces/cmake/export_mecharm_interfaces__rosidl_typesupport_fastrtps_cExport-noconfig.cmake
[1.596s] -- Up-to-date: /home/amin/cobot/cobot_ws/install/mecharm_interfaces/share/mecharm_interfaces/cmake/mecharm_interfaces__rosidl_typesupport_introspection_cExport.cmake
[1.596s] -- Up-to-date: /home/amin/cobot/cobot_ws/install/mecharm_interfaces/share/mecharm_interfaces/cmake/mecharm_interfaces__rosidl_typesupport_introspection_cExport-noconfig.cmake
[1.596s] -- Up-to-date: /home/amin/cobot/cobot_ws/install/mecharm_interfaces/share/mecharm_interfaces/cmake/mecharm_interfaces__rosidl_typesupport_cExport.cmake
[1.596s] -- Up-to-date: /home/amin/cobot/cobot_ws/install/mecharm_interfaces/share/mecharm_interfaces/cmake/mecharm_interfaces__rosidl_typesupport_cExport-noconfig.cmake
[1.596s] -- Up-to-date: /home/amin/cobot/cobot_ws/install/mecharm_interfaces/share/mecharm_interfaces/cmake/export_mecharm_interfaces__rosidl_generator_cppExport.cmake
[1.596s] -- Up-to-date: /home/amin/cobot/cobot_ws/install/mecharm_interfaces/share/mecharm_interfaces/cmake/export_mecharm_interfaces__rosidl_typesupport_fastrtps_cppExport.cmake
[1.596s] -- Up-to-date: /home/amin/cobot/cobot_ws/install/mecharm_interfaces/share/mecharm_interfaces/cmake/export_mecharm_interfaces__rosidl_typesupport_fastrtps_cppExport-noconfig.cmake
[1.597s] -- Up-to-date: /home/amin/cobot/cobot_ws/install/mecharm_interfaces/share/mecharm_interfaces/cmake/mecharm_interfaces__rosidl_typesupport_introspection_cppExport.cmake
[1.597s] -- Up-to-date: /home/amin/cobot/cobot_ws/install/mecharm_interfaces/share/mecharm_interfaces/cmake/mecharm_interfaces__rosidl_typesupport_introspection_cppExport-noconfig.cmake
[1.597s] -- Up-to-date: /home/amin/cobot/cobot_ws/install/mecharm_interfaces/share/mecharm_interfaces/cmake/mecharm_interfaces__rosidl_typesupport_cppExport.cmake
[1.597s] -- Up-to-date: /home/amin/cobot/cobot_ws/install/mecharm_interfaces/share/mecharm_interfaces/cmake/mecharm_interfaces__rosidl_typesupport_cppExport-noconfig.cmake
[1.597s] -- Up-to-date: /home/amin/cobot/cobot_ws/install/mecharm_interfaces/share/mecharm_interfaces/cmake/export_mecharm_interfaces__rosidl_generator_pyExport.cmake
[1.597s] -- Up-to-date: /home/amin/cobot/cobot_ws/install/mecharm_interfaces/share/mecharm_interfaces/cmake/export_mecharm_interfaces__rosidl_generator_pyExport-noconfig.cmake
[1.597s] -- Up-to-date: /home/amin/cobot/cobot_ws/install/mecharm_interfaces/share/mecharm_interfaces/cmake/rosidl_cmake-extras.cmake
[1.597s] -- Up-to-date: /home/amin/cobot/cobot_ws/install/mecharm_interfaces/share/mecharm_interfaces/cmake/ament_cmake_export_dependencies-extras.cmake
[1.597s] -- Up-to-date: /home/amin/cobot/cobot_ws/install/mecharm_interfaces/share/mecharm_interfaces/cmake/ament_cmake_export_include_directories-extras.cmake
[1.597s] -- Up-to-date: /home/amin/cobot/cobot_ws/install/mecharm_interfaces/share/mecharm_interfaces/cmake/ament_cmake_export_libraries-extras.cmake
[1.597s] -- Up-to-date: /home/amin/cobot/cobot_ws/install/mecharm_interfaces/share/mecharm_interfaces/cmake/ament_cmake_export_targets-extras.cmake
[1.597s] -- Up-to-date: /home/amin/cobot/cobot_ws/install/mecharm_interfaces/share/mecharm_interfaces/cmake/rosidl_cmake_export_typesupport_targets-extras.cmake
[1.598s] -- Up-to-date: /home/amin/cobot/cobot_ws/install/mecharm_interfaces/share/mecharm_interfaces/cmake/rosidl_cmake_export_typesupport_libraries-extras.cmake
[1.598s] -- Up-to-date: /home/amin/cobot/cobot_ws/install/mecharm_interfaces/share/mecharm_interfaces/cmake/mecharm_interfacesConfig.cmake
[1.598s] -- Up-to-date: /home/amin/cobot/cobot_ws/install/mecharm_interfaces/share/mecharm_interfaces/cmake/mecharm_interfacesConfig-version.cmake
[1.598s] -- Up-to-date: /home/amin/cobot/cobot_ws/install/mecharm_interfaces/share/mecharm_interfaces/package.xml
[1.601s] Invoked command in '/home/amin/cobot/cobot_ws/build/mecharm_interfaces' returned '0': CMAKE_PREFIX_PATH=${CMAKE_PREFIX_PATH}:/home/amin/cobot/cobot_ws/install/ultraarm:/home/amin/cobot/cobot_ws/install/pro450_moveit2_control:/home/amin/cobot/cobot_ws/install/mypalletizer_communication:/home/amin/cobot/cobot_ws/install/mypalletizer_260_pi:/home/amin/cobot/cobot_ws/install/mypalletizer_260:/home/amin/cobot/cobot_ws/install/mycobot_pro_450:/home/amin/cobot/cobot_ws/install/myarm_m750:/home/amin/cobot/cobot_ws/install/myarm_c650:/home/amin/cobot/cobot_ws/install/mycobot_communication:/home/amin/cobot/cobot_ws/install/mecharm_communication:/home/amin/cobot/cobot_ws/install/mycobot_630:/home/amin/cobot/cobot_ws/install/mycobot_600:/home/amin/cobot/cobot_ws/install/mycobot_320pi:/home/amin/cobot/cobot_ws/install/mycobot_320_riscv:/home/amin/cobot/cobot_ws/install/mycobot_320:/home/amin/cobot/cobot_ws/install/mycobot_280pi:/home/amin/cobot/cobot_ws/install/mycobot_280jn:/home/amin/cobot/cobot_ws/install/mycobot_280_x3pi:/home/amin/cobot/cobot_ws/install/mycobot_280_riscv:/home/amin/cobot/cobot_ws/install/mycobot_280_rdkx5:/home/amin/cobot/cobot_ws/install/mycobot_280_moveit2_control:/home/amin/cobot/cobot_ws/install/mycobot_280_arduino:/home/amin/cobot/cobot_ws/install/mycobot_280:/home/amin/cobot/cobot_ws/install/mybuddy:/home/amin/cobot/cobot_ws/install/myarm_300:/home/amin/cobot/cobot_ws/install/mecharm_pi:/home/amin/cobot/cobot_ws/install/mecharm:/home/amin/cobot/cobot_ws/install/mycobot_description:/opt/ros/jazzy DEBUGINFOD_URLS=https://debuginfod.ubuntu.com /usr/bin/cmake --install /home/amin/cobot/cobot_ws/build/mecharm_interfaces
