[0.666s] Invoking command in '/home/amin/cobot/cobot_ws/build/mycobot_interfaces': CMAKE_PREFIX_PATH=${CMAKE_PREFIX_PATH}:/home/amin/cobot/cobot_ws/install/ultraarm:/home/amin/cobot/cobot_ws/install/pro450_moveit2_control:/home/amin/cobot/cobot_ws/install/mypalletizer_communication:/home/amin/cobot/cobot_ws/install/mypalletizer_260_pi:/home/amin/cobot/cobot_ws/install/mypalletizer_260:/home/amin/cobot/cobot_ws/install/mycobot_pro_450:/home/amin/cobot/cobot_ws/install/myarm_m750:/home/amin/cobot/cobot_ws/install/myarm_c650:/home/amin/cobot/cobot_ws/install/mycobot_communication:/home/amin/cobot/cobot_ws/install/mecharm_communication:/home/amin/cobot/cobot_ws/install/mycobot_630:/home/amin/cobot/cobot_ws/install/mycobot_600:/home/amin/cobot/cobot_ws/install/mycobot_320pi:/home/amin/cobot/cobot_ws/install/mycobot_320_riscv:/home/amin/cobot/cobot_ws/install/mycobot_320:/home/amin/cobot/cobot_ws/install/mycobot_280pi:/home/amin/cobot/cobot_ws/install/mycobot_280jn:/home/amin/cobot/cobot_ws/install/mycobot_280_x3pi:/home/amin/cobot/cobot_ws/install/mycobot_280_riscv:/home/amin/cobot/cobot_ws/install/mycobot_280_rdkx5:/home/amin/cobot/cobot_ws/install/mycobot_280_moveit2_control:/home/amin/cobot/cobot_ws/install/mycobot_280_arduino:/home/amin/cobot/cobot_ws/install/mycobot_280:/home/amin/cobot/cobot_ws/install/mybuddy:/home/amin/cobot/cobot_ws/install/myarm_300:/home/amin/cobot/cobot_ws/install/mecharm_pi:/home/amin/cobot/cobot_ws/install/mecharm:/home/amin/cobot/cobot_ws/install/mycobot_description:/opt/ros/jazzy DEBUGINFOD_URLS=https://debuginfod.ubuntu.com /usr/bin/cmake --build /home/amin/cobot/cobot_ws/build/mycobot_interfaces -- -j8 -l8
[0.854s] [  0%] Built target ament_cmake_python_copy_mycobot_interfaces
[0.854s] [  1%] Built target mycobot_interfaces__rosidl_generator_type_description
[1.017s] [  1%] Built target mycobot_interfaces__cpp
[1.036s] [ 27%] Built target mycobot_interfaces__rosidl_generator_c
[1.272s] [ 37%] Built target mycobot_interfaces__rosidl_typesupport_c
[1.355s] [ 47%] Built target mycobot_interfaces__rosidl_typesupport_introspection_c
[1.365s] [ 57%] Built target mycobot_interfaces__rosidl_typesupport_fastrtps_cpp
[1.506s] [ 66%] Built target mycobot_interfaces__rosidl_typesupport_introspection_cpp
[1.517s] [ 75%] Built target mycobot_interfaces__rosidl_typesupport_cpp
[1.518s] [ 85%] Built target mycobot_interfaces__rosidl_typesupport_fastrtps_c
[1.652s] [ 85%] Built target mycobot_interfaces
[1.752s] [ 86%] Built target mycobot_interfaces__py
[2.003s] [ 95%] Built target mycobot_interfaces__rosidl_generator_py
[2.170s] [ 97%] Built target mycobot_interfaces_s__rosidl_typesupport_introspection_c
[2.177s] [ 98%] Built target mycobot_interfaces_s__rosidl_typesupport_fastrtps_c
[2.179s] [100%] Built target mycobot_interfaces_s__rosidl_typesupport_c
[2.364s] running egg_info
[2.449s] writing mycobot_interfaces.egg-info/PKG-INFO
[2.449s] writing dependency_links to mycobot_interfaces.egg-info/dependency_links.txt
[2.450s] writing top-level names to mycobot_interfaces.egg-info/top_level.txt
[2.722s] reading manifest file 'mycobot_interfaces.egg-info/SOURCES.txt'
[2.728s] writing manifest file 'mycobot_interfaces.egg-info/SOURCES.txt'
[2.898s] [100%] Built target ament_cmake_python_build_mycobot_interfaces_egg
[2.945s] Invoked command in '/home/amin/cobot/cobot_ws/build/mycobot_interfaces' returned '0': CMAKE_PREFIX_PATH=${CMAKE_PREFIX_PATH}:/home/amin/cobot/cobot_ws/install/ultraarm:/home/amin/cobot/cobot_ws/install/pro450_moveit2_control:/home/amin/cobot/cobot_ws/install/mypalletizer_communication:/home/amin/cobot/cobot_ws/install/mypalletizer_260_pi:/home/amin/cobot/cobot_ws/install/mypalletizer_260:/home/amin/cobot/cobot_ws/install/mycobot_pro_450:/home/amin/cobot/cobot_ws/install/myarm_m750:/home/amin/cobot/cobot_ws/install/myarm_c650:/home/amin/cobot/cobot_ws/install/mycobot_communication:/home/amin/cobot/cobot_ws/install/mecharm_communication:/home/amin/cobot/cobot_ws/install/mycobot_630:/home/amin/cobot/cobot_ws/install/mycobot_600:/home/amin/cobot/cobot_ws/install/mycobot_320pi:/home/amin/cobot/cobot_ws/install/mycobot_320_riscv:/home/amin/cobot/cobot_ws/install/mycobot_320:/home/amin/cobot/cobot_ws/install/mycobot_280pi:/home/amin/cobot/cobot_ws/install/mycobot_280jn:/home/amin/cobot/cobot_ws/install/mycobot_280_x3pi:/home/amin/cobot/cobot_ws/install/mycobot_280_riscv:/home/amin/cobot/cobot_ws/install/mycobot_280_rdkx5:/home/amin/cobot/cobot_ws/install/mycobot_280_moveit2_control:/home/amin/cobot/cobot_ws/install/mycobot_280_arduino:/home/amin/cobot/cobot_ws/install/mycobot_280:/home/amin/cobot/cobot_ws/install/mybuddy:/home/amin/cobot/cobot_ws/install/myarm_300:/home/amin/cobot/cobot_ws/install/mecharm_pi:/home/amin/cobot/cobot_ws/install/mecharm:/home/amin/cobot/cobot_ws/install/mycobot_description:/opt/ros/jazzy DEBUGINFOD_URLS=https://debuginfod.ubuntu.com /usr/bin/cmake --build /home/amin/cobot/cobot_ws/build/mycobot_interfaces -- -j8 -l8
[2.948s] Invoking command in '/home/amin/cobot/cobot_ws/build/mycobot_interfaces': CMAKE_PREFIX_PATH=${CMAKE_PREFIX_PATH}:/home/amin/cobot/cobot_ws/install/ultraarm:/home/amin/cobot/cobot_ws/install/pro450_moveit2_control:/home/amin/cobot/cobot_ws/install/mypalletizer_communication:/home/amin/cobot/cobot_ws/install/mypalletizer_260_pi:/home/amin/cobot/cobot_ws/install/mypalletizer_260:/home/amin/cobot/cobot_ws/install/mycobot_pro_450:/home/amin/cobot/cobot_ws/install/myarm_m750:/home/amin/cobot/cobot_ws/install/myarm_c650:/home/amin/cobot/cobot_ws/install/mycobot_communication:/home/amin/cobot/cobot_ws/install/mecharm_communication:/home/amin/cobot/cobot_ws/install/mycobot_630:/home/amin/cobot/cobot_ws/install/mycobot_600:/home/amin/cobot/cobot_ws/install/mycobot_320pi:/home/amin/cobot/cobot_ws/install/mycobot_320_riscv:/home/amin/cobot/cobot_ws/install/mycobot_320:/home/amin/cobot/cobot_ws/install/mycobot_280pi:/home/amin/cobot/cobot_ws/install/mycobot_280jn:/home/amin/cobot/cobot_ws/install/mycobot_280_x3pi:/home/amin/cobot/cobot_ws/install/mycobot_280_riscv:/home/amin/cobot/cobot_ws/install/mycobot_280_rdkx5:/home/amin/cobot/cobot_ws/install/mycobot_280_moveit2_control:/home/amin/cobot/cobot_ws/install/mycobot_280_arduino:/home/amin/cobot/cobot_ws/install/mycobot_280:/home/amin/cobot/cobot_ws/install/mybuddy:/home/amin/cobot/cobot_ws/install/myarm_300:/home/amin/cobot/cobot_ws/install/mecharm_pi:/home/amin/cobot/cobot_ws/install/mecharm:/home/amin/cobot/cobot_ws/install/mycobot_description:/opt/ros/jazzy DEBUGINFOD_URLS=https://debuginfod.ubuntu.com /usr/bin/cmake --install /home/amin/cobot/cobot_ws/build/mycobot_interfaces
[2.976s] -- Install configuration: ""
[2.976s] -- Up-to-date: /home/amin/cobot/cobot_ws/install/mycobot_interfaces/share/ament_index/resource_index/rosidl_interfaces/mycobot_interfaces
[2.976s] -- Up-to-date: /home/amin/cobot/cobot_ws/install/mycobot_interfaces/share/mycobot_interfaces/msg/MycobotAngles.json
[2.976s] -- Up-to-date: /home/amin/cobot/cobot_ws/install/mycobot_interfaces/share/mycobot_interfaces/msg/MycobotCoords.json
[2.977s] -- Up-to-date: /home/amin/cobot/cobot_ws/install/mycobot_interfaces/share/mycobot_interfaces/msg/MycobotSetAngles.json
[2.977s] -- Up-to-date: /home/amin/cobot/cobot_ws/install/mycobot_interfaces/share/mycobot_interfaces/msg/MycobotSetCoords.json
[2.977s] -- Up-to-date: /home/amin/cobot/cobot_ws/install/mycobot_interfaces/share/mycobot_interfaces/msg/MycobotGripperStatus.json
[2.977s] -- Up-to-date: /home/amin/cobot/cobot_ws/install/mycobot_interfaces/share/mycobot_interfaces/msg/MycobotPumpStatus.json
[2.977s] -- Up-to-date: /home/amin/cobot/cobot_ws/install/mycobot_interfaces/share/mycobot_interfaces/srv/GetAngles.json
[2.977s] -- Up-to-date: /home/amin/cobot/cobot_ws/install/mycobot_interfaces/share/mycobot_interfaces/srv/SetAngles.json
[2.977s] -- Up-to-date: /home/amin/cobot/cobot_ws/install/mycobot_interfaces/share/mycobot_interfaces/srv/GetCoords.json
[2.978s] -- Up-to-date: /home/amin/cobot/cobot_ws/install/mycobot_interfaces/share/mycobot_interfaces/srv/SetCoords.json
[2.978s] -- Up-to-date: /home/amin/cobot/cobot_ws/install/mycobot_interfaces/share/mycobot_interfaces/srv/GripperStatus.json
[2.978s] -- Up-to-date: /home/amin/cobot/cobot_ws/install/mycobot_interfaces/share/mycobot_interfaces/srv/PumpStatus.json
[2.978s] -- Up-to-date: /home/amin/cobot/cobot_ws/install/mycobot_interfaces/include/mycobot_interfaces/mycobot_interfaces
[2.978s] -- Up-to-date: /home/amin/cobot/cobot_ws/install/mycobot_interfaces/include/mycobot_interfaces/mycobot_interfaces/srv
[2.978s] -- Up-to-date: /home/amin/cobot/cobot_ws/install/mycobot_interfaces/include/mycobot_interfaces/mycobot_interfaces/srv/gripper_status.h
[2.978s] -- Up-to-date: /home/amin/cobot/cobot_ws/install/mycobot_interfaces/include/mycobot_interfaces/mycobot_interfaces/srv/detail
[2.979s] -- Up-to-date: /home/amin/cobot/cobot_ws/install/mycobot_interfaces/include/mycobot_interfaces/mycobot_interfaces/srv/detail/set_coords__type_support.h
[2.979s] -- Up-to-date: /home/amin/cobot/cobot_ws/install/mycobot_interfaces/include/mycobot_interfaces/mycobot_interfaces/srv/detail/gripper_status__description.c
[2.979s] -- Up-to-date: /home/amin/cobot/cobot_ws/install/mycobot_interfaces/include/mycobot_interfaces/mycobot_interfaces/srv/detail/gripper_status__functions.h
[2.979s] -- Up-to-date: /home/amin/cobot/cobot_ws/install/mycobot_interfaces/include/mycobot_interfaces/mycobot_interfaces/srv/detail/set_angles__struct.h
[2.979s] -- Up-to-date: /home/amin/cobot/cobot_ws/install/mycobot_interfaces/include/mycobot_interfaces/mycobot_interfaces/srv/detail/set_coords__functions.h
[2.979s] -- Installing: /home/amin/cobot/cobot_ws/install/mycobot_interfaces/include/mycobot_interfaces/mycobot_interfaces/srv/detail/pump_status__type_support.c
[2.979s] -- Installing: /home/amin/cobot/cobot_ws/install/mycobot_interfaces/include/mycobot_interfaces/mycobot_interfaces/srv/detail/get_coords__type_support.c
[2.980s] -- Up-to-date: /home/amin/cobot/cobot_ws/install/mycobot_interfaces/include/mycobot_interfaces/mycobot_interfaces/srv/detail/set_angles__description.c
[2.980s] -- Up-to-date: /home/amin/cobot/cobot_ws/install/mycobot_interfaces/include/mycobot_interfaces/mycobot_interfaces/srv/detail/gripper_status__struct.h
[2.980s] -- Up-to-date: /home/amin/cobot/cobot_ws/install/mycobot_interfaces/include/mycobot_interfaces/mycobot_interfaces/srv/detail/get_angles__type_support.h
[2.980s] -- Up-to-date: /home/amin/cobot/cobot_ws/install/mycobot_interfaces/include/mycobot_interfaces/mycobot_interfaces/srv/detail/set_coords__functions.c
[2.980s] -- Installing: /home/amin/cobot/cobot_ws/install/mycobot_interfaces/include/mycobot_interfaces/mycobot_interfaces/srv/detail/set_coords__type_support.c
[2.980s] -- Installing: /home/amin/cobot/cobot_ws/install/mycobot_interfaces/include/mycobot_interfaces/mycobot_interfaces/srv/detail/set_angles__type_support.c
[2.980s] -- Up-to-date: /home/amin/cobot/cobot_ws/install/mycobot_interfaces/include/mycobot_interfaces/mycobot_interfaces/srv/detail/gripper_status__type_support.h
[2.980s] -- Up-to-date: /home/amin/cobot/cobot_ws/install/mycobot_interfaces/include/mycobot_interfaces/mycobot_interfaces/srv/detail/pump_status__struct.h
[2.981s] -- Up-to-date: /home/amin/cobot/cobot_ws/install/mycobot_interfaces/include/mycobot_interfaces/mycobot_interfaces/srv/detail/get_angles__struct.h
[2.981s] -- Up-to-date: /home/amin/cobot/cobot_ws/install/mycobot_interfaces/include/mycobot_interfaces/mycobot_interfaces/srv/detail/get_coords__description.c
[2.981s] -- Up-to-date: /home/amin/cobot/cobot_ws/install/mycobot_interfaces/include/mycobot_interfaces/mycobot_interfaces/srv/detail/set_coords__description.c
[2.981s] -- Up-to-date: /home/amin/cobot/cobot_ws/install/mycobot_interfaces/include/mycobot_interfaces/mycobot_interfaces/srv/detail/get_coords__functions.h
[2.982s] -- Installing: /home/amin/cobot/cobot_ws/install/mycobot_interfaces/include/mycobot_interfaces/mycobot_interfaces/srv/detail/get_angles__type_support.c
[2.982s] -- Up-to-date: /home/amin/cobot/cobot_ws/install/mycobot_interfaces/include/mycobot_interfaces/mycobot_interfaces/srv/detail/get_angles__functions.h
[2.982s] -- Installing: /home/amin/cobot/cobot_ws/install/mycobot_interfaces/include/mycobot_interfaces/mycobot_interfaces/srv/detail/gripper_status__type_support.c
[2.982s] -- Up-to-date: /home/amin/cobot/cobot_ws/install/mycobot_interfaces/include/mycobot_interfaces/mycobot_interfaces/srv/detail/get_angles__functions.c
[2.982s] -- Up-to-date: /home/amin/cobot/cobot_ws/install/mycobot_interfaces/include/mycobot_interfaces/mycobot_interfaces/srv/detail/pump_status__functions.c
[2.982s] -- Up-to-date: /home/amin/cobot/cobot_ws/install/mycobot_interfaces/include/mycobot_interfaces/mycobot_interfaces/srv/detail/pump_status__description.c
[2.982s] -- Up-to-date: /home/amin/cobot/cobot_ws/install/mycobot_interfaces/include/mycobot_interfaces/mycobot_interfaces/srv/detail/get_coords__type_support.h
[2.983s] -- Up-to-date: /home/amin/cobot/cobot_ws/install/mycobot_interfaces/include/mycobot_interfaces/mycobot_interfaces/srv/detail/set_angles__type_support.h
[2.983s] -- Up-to-date: /home/amin/cobot/cobot_ws/install/mycobot_interfaces/include/mycobot_interfaces/mycobot_interfaces/srv/detail/get_coords__functions.c
[2.983s] -- Up-to-date: /home/amin/cobot/cobot_ws/install/mycobot_interfaces/include/mycobot_interfaces/mycobot_interfaces/srv/detail/gripper_status__functions.c
[2.983s] -- Up-to-date: /home/amin/cobot/cobot_ws/install/mycobot_interfaces/include/mycobot_interfaces/mycobot_interfaces/srv/detail/get_angles__description.c
[2.983s] -- Up-to-date: /home/amin/cobot/cobot_ws/install/mycobot_interfaces/include/mycobot_interfaces/mycobot_interfaces/srv/detail/pump_status__functions.h
[2.984s] -- Up-to-date: /home/amin/cobot/cobot_ws/install/mycobot_interfaces/include/mycobot_interfaces/mycobot_interfaces/srv/detail/set_angles__functions.c
[2.984s] -- Up-to-date: /home/amin/cobot/cobot_ws/install/mycobot_interfaces/include/mycobot_interfaces/mycobot_interfaces/srv/detail/set_coords__struct.h
[2.984s] -- Up-to-date: /home/amin/cobot/cobot_ws/install/mycobot_interfaces/include/mycobot_interfaces/mycobot_interfaces/srv/detail/get_coords__struct.h
[2.984s] -- Up-to-date: /home/amin/cobot/cobot_ws/install/mycobot_interfaces/include/mycobot_interfaces/mycobot_interfaces/srv/detail/set_angles__functions.h
[2.984s] -- Up-to-date: /home/amin/cobot/cobot_ws/install/mycobot_interfaces/include/mycobot_interfaces/mycobot_interfaces/srv/detail/pump_status__type_support.h
[2.985s] -- Up-to-date: /home/amin/cobot/cobot_ws/install/mycobot_interfaces/include/mycobot_interfaces/mycobot_interfaces/srv/get_coords.h
[2.985s] -- Up-to-date: /home/amin/cobot/cobot_ws/install/mycobot_interfaces/include/mycobot_interfaces/mycobot_interfaces/srv/get_angles.h
[2.985s] -- Up-to-date: /home/amin/cobot/cobot_ws/install/mycobot_interfaces/include/mycobot_interfaces/mycobot_interfaces/srv/pump_status.h
[2.985s] -- Up-to-date: /home/amin/cobot/cobot_ws/install/mycobot_interfaces/include/mycobot_interfaces/mycobot_interfaces/srv/set_angles.h
[2.985s] -- Up-to-date: /home/amin/cobot/cobot_ws/install/mycobot_interfaces/include/mycobot_interfaces/mycobot_interfaces/srv/set_coords.h
[2.985s] -- Up-to-date: /home/amin/cobot/cobot_ws/install/mycobot_interfaces/include/mycobot_interfaces/mycobot_interfaces/msg
[2.985s] -- Up-to-date: /home/amin/cobot/cobot_ws/install/mycobot_interfaces/include/mycobot_interfaces/mycobot_interfaces/msg/detail
[2.986s] -- Up-to-date: /home/amin/cobot/cobot_ws/install/mycobot_interfaces/include/mycobot_interfaces/mycobot_interfaces/msg/detail/mycobot_pump_status__functions.c
[2.986s] -- Up-to-date: /home/amin/cobot/cobot_ws/install/mycobot_interfaces/include/mycobot_interfaces/mycobot_interfaces/msg/detail/mycobot_gripper_status__description.c
[2.986s] -- Up-to-date: /home/amin/cobot/cobot_ws/install/mycobot_interfaces/include/mycobot_interfaces/mycobot_interfaces/msg/detail/mycobot_gripper_status__type_support.h
[2.986s] -- Up-to-date: /home/amin/cobot/cobot_ws/install/mycobot_interfaces/include/mycobot_interfaces/mycobot_interfaces/msg/detail/mycobot_set_angles__functions.c
[2.986s] -- Up-to-date: /home/amin/cobot/cobot_ws/install/mycobot_interfaces/include/mycobot_interfaces/mycobot_interfaces/msg/detail/mycobot_coords__type_support.h
[2.986s] -- Up-to-date: /home/amin/cobot/cobot_ws/install/mycobot_interfaces/include/mycobot_interfaces/mycobot_interfaces/msg/detail/mycobot_coords__struct.h
[2.987s] -- Up-to-date: /home/amin/cobot/cobot_ws/install/mycobot_interfaces/include/mycobot_interfaces/mycobot_interfaces/msg/detail/mycobot_pump_status__type_support.h
[2.987s] -- Up-to-date: /home/amin/cobot/cobot_ws/install/mycobot_interfaces/include/mycobot_interfaces/mycobot_interfaces/msg/detail/mycobot_set_angles__description.c
[2.987s] -- Up-to-date: /home/amin/cobot/cobot_ws/install/mycobot_interfaces/include/mycobot_interfaces/mycobot_interfaces/msg/detail/mycobot_set_coords__type_support.h
[2.987s] -- Up-to-date: /home/amin/cobot/cobot_ws/install/mycobot_interfaces/include/mycobot_interfaces/mycobot_interfaces/msg/detail/mycobot_set_coords__functions.h
[2.987s] -- Installing: /home/amin/cobot/cobot_ws/install/mycobot_interfaces/include/mycobot_interfaces/mycobot_interfaces/msg/detail/mycobot_set_angles__type_support.c
[2.987s] -- Up-to-date: /home/amin/cobot/cobot_ws/install/mycobot_interfaces/include/mycobot_interfaces/mycobot_interfaces/msg/detail/mycobot_angles__struct.h
[2.987s] -- Installing: /home/amin/cobot/cobot_ws/install/mycobot_interfaces/include/mycobot_interfaces/mycobot_interfaces/msg/detail/mycobot_angles__type_support.c
[2.987s] -- Up-to-date: /home/amin/cobot/cobot_ws/install/mycobot_interfaces/include/mycobot_interfaces/mycobot_interfaces/msg/detail/mycobot_gripper_status__functions.c
[2.988s] -- Up-to-date: /home/amin/cobot/cobot_ws/install/mycobot_interfaces/include/mycobot_interfaces/mycobot_interfaces/msg/detail/mycobot_gripper_status__functions.h
[2.988s] -- Up-to-date: /home/amin/cobot/cobot_ws/install/mycobot_interfaces/include/mycobot_interfaces/mycobot_interfaces/msg/detail/mycobot_pump_status__functions.h
[2.988s] -- Up-to-date: /home/amin/cobot/cobot_ws/install/mycobot_interfaces/include/mycobot_interfaces/mycobot_interfaces/msg/detail/mycobot_set_angles__functions.h
[2.988s] -- Installing: /home/amin/cobot/cobot_ws/install/mycobot_interfaces/include/mycobot_interfaces/mycobot_interfaces/msg/detail/mycobot_pump_status__type_support.c
[2.988s] -- Installing: /home/amin/cobot/cobot_ws/install/mycobot_interfaces/include/mycobot_interfaces/mycobot_interfaces/msg/detail/mycobot_gripper_status__type_support.c
[2.988s] -- Up-to-date: /home/amin/cobot/cobot_ws/install/mycobot_interfaces/include/mycobot_interfaces/mycobot_interfaces/msg/detail/mycobot_coords__functions.h
[2.988s] -- Installing: /home/amin/cobot/cobot_ws/install/mycobot_interfaces/include/mycobot_interfaces/mycobot_interfaces/msg/detail/mycobot_coords__type_support.c
[2.989s] -- Up-to-date: /home/amin/cobot/cobot_ws/install/mycobot_interfaces/include/mycobot_interfaces/mycobot_interfaces/msg/detail/mycobot_coords__description.c
[2.989s] -- Installing: /home/amin/cobot/cobot_ws/install/mycobot_interfaces/include/mycobot_interfaces/mycobot_interfaces/msg/detail/mycobot_set_coords__type_support.c
[2.989s] -- Up-to-date: /home/amin/cobot/cobot_ws/install/mycobot_interfaces/include/mycobot_interfaces/mycobot_interfaces/msg/detail/mycobot_set_coords__struct.h
[2.989s] -- Up-to-date: /home/amin/cobot/cobot_ws/install/mycobot_interfaces/include/mycobot_interfaces/mycobot_interfaces/msg/detail/mycobot_angles__functions.h
[2.989s] -- Up-to-date: /home/amin/cobot/cobot_ws/install/mycobot_interfaces/include/mycobot_interfaces/mycobot_interfaces/msg/detail/mycobot_gripper_status__struct.h
[2.989s] -- Up-to-date: /home/amin/cobot/cobot_ws/install/mycobot_interfaces/include/mycobot_interfaces/mycobot_interfaces/msg/detail/mycobot_set_coords__description.c
[2.989s] -- Up-to-date: /home/amin/cobot/cobot_ws/install/mycobot_interfaces/include/mycobot_interfaces/mycobot_interfaces/msg/detail/mycobot_set_coords__functions.c
[2.990s] -- Up-to-date: /home/amin/cobot/cobot_ws/install/mycobot_interfaces/include/mycobot_interfaces/mycobot_interfaces/msg/detail/mycobot_coords__functions.c
[2.990s] -- Up-to-date: /home/amin/cobot/cobot_ws/install/mycobot_interfaces/include/mycobot_interfaces/mycobot_interfaces/msg/detail/mycobot_angles__functions.c
[2.990s] -- Up-to-date: /home/amin/cobot/cobot_ws/install/mycobot_interfaces/include/mycobot_interfaces/mycobot_interfaces/msg/detail/mycobot_set_angles__struct.h
[2.990s] -- Up-to-date: /home/amin/cobot/cobot_ws/install/mycobot_interfaces/include/mycobot_interfaces/mycobot_interfaces/msg/detail/mycobot_angles__type_support.h
[2.990s] -- Up-to-date: /home/amin/cobot/cobot_ws/install/mycobot_interfaces/include/mycobot_interfaces/mycobot_interfaces/msg/detail/mycobot_set_angles__type_support.h
[2.990s] -- Up-to-date: /home/amin/cobot/cobot_ws/install/mycobot_interfaces/include/mycobot_interfaces/mycobot_interfaces/msg/detail/mycobot_angles__description.c
[2.991s] -- Up-to-date: /home/amin/cobot/cobot_ws/install/mycobot_interfaces/include/mycobot_interfaces/mycobot_interfaces/msg/detail/mycobot_pump_status__struct.h
[2.991s] -- Up-to-date: /home/amin/cobot/cobot_ws/install/mycobot_interfaces/include/mycobot_interfaces/mycobot_interfaces/msg/detail/mycobot_pump_status__description.c
[2.991s] -- Up-to-date: /home/amin/cobot/cobot_ws/install/mycobot_interfaces/include/mycobot_interfaces/mycobot_interfaces/msg/rosidl_generator_c__visibility_control.h
[2.991s] -- Up-to-date: /home/amin/cobot/cobot_ws/install/mycobot_interfaces/include/mycobot_interfaces/mycobot_interfaces/msg/mycobot_set_angles.h
[2.991s] -- Up-to-date: /home/amin/cobot/cobot_ws/install/mycobot_interfaces/include/mycobot_interfaces/mycobot_interfaces/msg/mycobot_pump_status.h
[2.991s] -- Up-to-date: /home/amin/cobot/cobot_ws/install/mycobot_interfaces/include/mycobot_interfaces/mycobot_interfaces/msg/mycobot_coords.h
[2.992s] -- Up-to-date: /home/amin/cobot/cobot_ws/install/mycobot_interfaces/include/mycobot_interfaces/mycobot_interfaces/msg/mycobot_angles.h
[2.992s] -- Up-to-date: /home/amin/cobot/cobot_ws/install/mycobot_interfaces/include/mycobot_interfaces/mycobot_interfaces/msg/mycobot_gripper_status.h
[2.992s] -- Up-to-date: /home/amin/cobot/cobot_ws/install/mycobot_interfaces/include/mycobot_interfaces/mycobot_interfaces/msg/mycobot_set_coords.h
[2.992s] -- Up-to-date: /home/amin/cobot/cobot_ws/install/mycobot_interfaces/share/mycobot_interfaces/environment/library_path.sh
[2.992s] -- Up-to-date: /home/amin/cobot/cobot_ws/install/mycobot_interfaces/share/mycobot_interfaces/environment/library_path.dsv
[2.992s] -- Up-to-date: /home/amin/cobot/cobot_ws/install/mycobot_interfaces/lib/libmycobot_interfaces__rosidl_generator_c.so
[2.993s] -- Up-to-date: /home/amin/cobot/cobot_ws/install/mycobot_interfaces/include/mycobot_interfaces/mycobot_interfaces
[2.993s] -- Up-to-date: /home/amin/cobot/cobot_ws/install/mycobot_interfaces/include/mycobot_interfaces/mycobot_interfaces/srv
[2.993s] -- Up-to-date: /home/amin/cobot/cobot_ws/install/mycobot_interfaces/include/mycobot_interfaces/mycobot_interfaces/srv/detail
[2.993s] -- Up-to-date: /home/amin/cobot/cobot_ws/install/mycobot_interfaces/include/mycobot_interfaces/mycobot_interfaces/srv/detail/pump_status__rosidl_typesupport_fastrtps_c.h
[2.993s] -- Up-to-date: /home/amin/cobot/cobot_ws/install/mycobot_interfaces/include/mycobot_interfaces/mycobot_interfaces/srv/detail/get_coords__rosidl_typesupport_fastrtps_c.h
[2.993s] -- Up-to-date: /home/amin/cobot/cobot_ws/install/mycobot_interfaces/include/mycobot_interfaces/mycobot_interfaces/srv/detail/get_angles__rosidl_typesupport_fastrtps_c.h
[2.993s] -- Up-to-date: /home/amin/cobot/cobot_ws/install/mycobot_interfaces/include/mycobot_interfaces/mycobot_interfaces/srv/detail/set_angles__rosidl_typesupport_fastrtps_c.h
[2.994s] -- Up-to-date: /home/amin/cobot/cobot_ws/install/mycobot_interfaces/include/mycobot_interfaces/mycobot_interfaces/srv/detail/gripper_status__rosidl_typesupport_fastrtps_c.h
[2.994s] -- Up-to-date: /home/amin/cobot/cobot_ws/install/mycobot_interfaces/include/mycobot_interfaces/mycobot_interfaces/srv/detail/set_coords__rosidl_typesupport_fastrtps_c.h
[2.994s] -- Up-to-date: /home/amin/cobot/cobot_ws/install/mycobot_interfaces/include/mycobot_interfaces/mycobot_interfaces/msg
[2.994s] -- Up-to-date: /home/amin/cobot/cobot_ws/install/mycobot_interfaces/include/mycobot_interfaces/mycobot_interfaces/msg/detail
[2.994s] -- Up-to-date: /home/amin/cobot/cobot_ws/install/mycobot_interfaces/include/mycobot_interfaces/mycobot_interfaces/msg/detail/mycobot_pump_status__rosidl_typesupport_fastrtps_c.h
[2.994s] -- Up-to-date: /home/amin/cobot/cobot_ws/install/mycobot_interfaces/include/mycobot_interfaces/mycobot_interfaces/msg/detail/mycobot_angles__rosidl_typesupport_fastrtps_c.h
[2.994s] -- Up-to-date: /home/amin/cobot/cobot_ws/install/mycobot_interfaces/include/mycobot_interfaces/mycobot_interfaces/msg/detail/mycobot_set_angles__rosidl_typesupport_fastrtps_c.h
[2.995s] -- Up-to-date: /home/amin/cobot/cobot_ws/install/mycobot_interfaces/include/mycobot_interfaces/mycobot_interfaces/msg/detail/mycobot_coords__rosidl_typesupport_fastrtps_c.h
[2.995s] -- Up-to-date: /home/amin/cobot/cobot_ws/install/mycobot_interfaces/include/mycobot_interfaces/mycobot_interfaces/msg/detail/mycobot_set_coords__rosidl_typesupport_fastrtps_c.h
[2.995s] -- Up-to-date: /home/amin/cobot/cobot_ws/install/mycobot_interfaces/include/mycobot_interfaces/mycobot_interfaces/msg/detail/mycobot_gripper_status__rosidl_typesupport_fastrtps_c.h
[2.995s] -- Up-to-date: /home/amin/cobot/cobot_ws/install/mycobot_interfaces/include/mycobot_interfaces/mycobot_interfaces/msg/rosidl_typesupport_fastrtps_c__visibility_control.h
[2.995s] -- Up-to-date: /home/amin/cobot/cobot_ws/install/mycobot_interfaces/lib/libmycobot_interfaces__rosidl_typesupport_fastrtps_c.so
[2.995s] -- Up-to-date: /home/amin/cobot/cobot_ws/install/mycobot_interfaces/include/mycobot_interfaces/mycobot_interfaces
[2.995s] -- Up-to-date: /home/amin/cobot/cobot_ws/install/mycobot_interfaces/include/mycobot_interfaces/mycobot_interfaces/srv
[2.996s] -- Up-to-date: /home/amin/cobot/cobot_ws/install/mycobot_interfaces/include/mycobot_interfaces/mycobot_interfaces/srv/detail
[2.996s] -- Installing: /home/amin/cobot/cobot_ws/install/mycobot_interfaces/include/mycobot_interfaces/mycobot_interfaces/srv/detail/pump_status__type_support.c
[2.996s] -- Installing: /home/amin/cobot/cobot_ws/install/mycobot_interfaces/include/mycobot_interfaces/mycobot_interfaces/srv/detail/get_coords__type_support.c
[2.996s] -- Up-to-date: /home/amin/cobot/cobot_ws/install/mycobot_interfaces/include/mycobot_interfaces/mycobot_interfaces/srv/detail/set_angles__rosidl_typesupport_introspection_c.h
[2.997s] -- Installing: /home/amin/cobot/cobot_ws/install/mycobot_interfaces/include/mycobot_interfaces/mycobot_interfaces/srv/detail/set_coords__type_support.c
[2.997s] -- Installing: /home/amin/cobot/cobot_ws/install/mycobot_interfaces/include/mycobot_interfaces/mycobot_interfaces/srv/detail/set_angles__type_support.c
[2.997s] -- Up-to-date: /home/amin/cobot/cobot_ws/install/mycobot_interfaces/include/mycobot_interfaces/mycobot_interfaces/srv/detail/pump_status__rosidl_typesupport_introspection_c.h
[2.997s] -- Installing: /home/amin/cobot/cobot_ws/install/mycobot_interfaces/include/mycobot_interfaces/mycobot_interfaces/srv/detail/get_angles__type_support.c
[2.998s] -- Up-to-date: /home/amin/cobot/cobot_ws/install/mycobot_interfaces/include/mycobot_interfaces/mycobot_interfaces/srv/detail/get_angles__rosidl_typesupport_introspection_c.h
[2.998s] -- Installing: /home/amin/cobot/cobot_ws/install/mycobot_interfaces/include/mycobot_interfaces/mycobot_interfaces/srv/detail/gripper_status__type_support.c
[2.998s] -- Up-to-date: /home/amin/cobot/cobot_ws/install/mycobot_interfaces/include/mycobot_interfaces/mycobot_interfaces/srv/detail/set_coords__rosidl_typesupport_introspection_c.h
[2.998s] -- Up-to-date: /home/amin/cobot/cobot_ws/install/mycobot_interfaces/include/mycobot_interfaces/mycobot_interfaces/srv/detail/get_coords__rosidl_typesupport_introspection_c.h
[2.998s] -- Up-to-date: /home/amin/cobot/cobot_ws/install/mycobot_interfaces/include/mycobot_interfaces/mycobot_interfaces/srv/detail/gripper_status__rosidl_typesupport_introspection_c.h
[2.998s] -- Up-to-date: /home/amin/cobot/cobot_ws/install/mycobot_interfaces/include/mycobot_interfaces/mycobot_interfaces/msg
[2.999s] -- Up-to-date: /home/amin/cobot/cobot_ws/install/mycobot_interfaces/include/mycobot_interfaces/mycobot_interfaces/msg/detail
[2.999s] -- Up-to-date: /home/amin/cobot/cobot_ws/install/mycobot_interfaces/include/mycobot_interfaces/mycobot_interfaces/msg/detail/mycobot_set_coords__rosidl_typesupport_introspection_c.h
[2.999s] -- Installing: /home/amin/cobot/cobot_ws/install/mycobot_interfaces/include/mycobot_interfaces/mycobot_interfaces/msg/detail/mycobot_set_angles__type_support.c
[3.000s] -- Up-to-date: /home/amin/cobot/cobot_ws/install/mycobot_interfaces/include/mycobot_interfaces/mycobot_interfaces/msg/detail/mycobot_coords__rosidl_typesupport_introspection_c.h
[3.000s] -- Up-to-date: /home/amin/cobot/cobot_ws/install/mycobot_interfaces/include/mycobot_interfaces/mycobot_interfaces/msg/detail/mycobot_angles__rosidl_typesupport_introspection_c.h
[3.000s] -- Installing: /home/amin/cobot/cobot_ws/install/mycobot_interfaces/include/mycobot_interfaces/mycobot_interfaces/msg/detail/mycobot_angles__type_support.c
[3.001s] -- Installing: /home/amin/cobot/cobot_ws/install/mycobot_interfaces/include/mycobot_interfaces/mycobot_interfaces/msg/detail/mycobot_pump_status__type_support.c
[3.001s] -- Installing: /home/amin/cobot/cobot_ws/install/mycobot_interfaces/include/mycobot_interfaces/mycobot_interfaces/msg/detail/mycobot_gripper_status__type_support.c
[3.001s] -- Installing: /home/amin/cobot/cobot_ws/install/mycobot_interfaces/include/mycobot_interfaces/mycobot_interfaces/msg/detail/mycobot_coords__type_support.c
[3.002s] -- Installing: /home/amin/cobot/cobot_ws/install/mycobot_interfaces/include/mycobot_interfaces/mycobot_interfaces/msg/detail/mycobot_set_coords__type_support.c
[3.002s] -- Up-to-date: /home/amin/cobot/cobot_ws/install/mycobot_interfaces/include/mycobot_interfaces/mycobot_interfaces/msg/detail/mycobot_gripper_status__rosidl_typesupport_introspection_c.h
[3.003s] -- Up-to-date: /home/amin/cobot/cobot_ws/install/mycobot_interfaces/include/mycobot_interfaces/mycobot_interfaces/msg/detail/mycobot_set_angles__rosidl_typesupport_introspection_c.h
[3.003s] -- Up-to-date: /home/amin/cobot/cobot_ws/install/mycobot_interfaces/include/mycobot_interfaces/mycobot_interfaces/msg/detail/mycobot_pump_status__rosidl_typesupport_introspection_c.h
[3.004s] -- Up-to-date: /home/amin/cobot/cobot_ws/install/mycobot_interfaces/include/mycobot_interfaces/mycobot_interfaces/msg/rosidl_typesupport_introspection_c__visibility_control.h
[3.004s] -- Up-to-date: /home/amin/cobot/cobot_ws/install/mycobot_interfaces/lib/libmycobot_interfaces__rosidl_typesupport_introspection_c.so
[3.004s] -- Up-to-date: /home/amin/cobot/cobot_ws/install/mycobot_interfaces/lib/libmycobot_interfaces__rosidl_typesupport_c.so
[3.005s] -- Up-to-date: /home/amin/cobot/cobot_ws/install/mycobot_interfaces/include/mycobot_interfaces/mycobot_interfaces
[3.005s] -- Up-to-date: /home/amin/cobot/cobot_ws/install/mycobot_interfaces/include/mycobot_interfaces/mycobot_interfaces/srv
[3.006s] -- Up-to-date: /home/amin/cobot/cobot_ws/install/mycobot_interfaces/include/mycobot_interfaces/mycobot_interfaces/srv/set_angles.hpp
[3.006s] -- Up-to-date: /home/amin/cobot/cobot_ws/install/mycobot_interfaces/include/mycobot_interfaces/mycobot_interfaces/srv/get_coords.hpp
[3.006s] -- Up-to-date: /home/amin/cobot/cobot_ws/install/mycobot_interfaces/include/mycobot_interfaces/mycobot_interfaces/srv/gripper_status.hpp
[3.007s] -- Up-to-date: /home/amin/cobot/cobot_ws/install/mycobot_interfaces/include/mycobot_interfaces/mycobot_interfaces/srv/detail
[3.007s] -- Up-to-date: /home/amin/cobot/cobot_ws/install/mycobot_interfaces/include/mycobot_interfaces/mycobot_interfaces/srv/detail/get_coords__type_support.hpp
[3.007s] -- Up-to-date: /home/amin/cobot/cobot_ws/install/mycobot_interfaces/include/mycobot_interfaces/mycobot_interfaces/srv/detail/get_angles__builder.hpp
[3.007s] -- Up-to-date: /home/amin/cobot/cobot_ws/install/mycobot_interfaces/include/mycobot_interfaces/mycobot_interfaces/srv/detail/gripper_status__type_support.hpp
[3.008s] -- Up-to-date: /home/amin/cobot/cobot_ws/install/mycobot_interfaces/include/mycobot_interfaces/mycobot_interfaces/srv/detail/set_angles__traits.hpp
[3.008s] -- Up-to-date: /home/amin/cobot/cobot_ws/install/mycobot_interfaces/include/mycobot_interfaces/mycobot_interfaces/srv/detail/set_angles__builder.hpp
[3.008s] -- Up-to-date: /home/amin/cobot/cobot_ws/install/mycobot_interfaces/include/mycobot_interfaces/mycobot_interfaces/srv/detail/gripper_status__struct.hpp
[3.008s] -- Up-to-date: /home/amin/cobot/cobot_ws/install/mycobot_interfaces/include/mycobot_interfaces/mycobot_interfaces/srv/detail/gripper_status__traits.hpp
[3.009s] -- Up-to-date: /home/amin/cobot/cobot_ws/install/mycobot_interfaces/include/mycobot_interfaces/mycobot_interfaces/srv/detail/set_coords__struct.hpp
[3.009s] -- Up-to-date: /home/amin/cobot/cobot_ws/install/mycobot_interfaces/include/mycobot_interfaces/mycobot_interfaces/srv/detail/pump_status__builder.hpp
[3.009s] -- Up-to-date: /home/amin/cobot/cobot_ws/install/mycobot_interfaces/include/mycobot_interfaces/mycobot_interfaces/srv/detail/set_coords__builder.hpp
[3.010s] -- Up-to-date: /home/amin/cobot/cobot_ws/install/mycobot_interfaces/include/mycobot_interfaces/mycobot_interfaces/srv/detail/pump_status__type_support.hpp
[3.010s] -- Up-to-date: /home/amin/cobot/cobot_ws/install/mycobot_interfaces/include/mycobot_interfaces/mycobot_interfaces/srv/detail/get_coords__struct.hpp
[3.010s] -- Up-to-date: /home/amin/cobot/cobot_ws/install/mycobot_interfaces/include/mycobot_interfaces/mycobot_interfaces/srv/detail/gripper_status__builder.hpp
[3.011s] -- Up-to-date: /home/amin/cobot/cobot_ws/install/mycobot_interfaces/include/mycobot_interfaces/mycobot_interfaces/srv/detail/pump_status__traits.hpp
[3.011s] -- Up-to-date: /home/amin/cobot/cobot_ws/install/mycobot_interfaces/include/mycobot_interfaces/mycobot_interfaces/srv/detail/get_angles__type_support.hpp
[3.011s] -- Up-to-date: /home/amin/cobot/cobot_ws/install/mycobot_interfaces/include/mycobot_interfaces/mycobot_interfaces/srv/detail/get_coords__traits.hpp
[3.012s] -- Up-to-date: /home/amin/cobot/cobot_ws/install/mycobot_interfaces/include/mycobot_interfaces/mycobot_interfaces/srv/detail/set_angles__struct.hpp
[3.012s] -- Up-to-date: /home/amin/cobot/cobot_ws/install/mycobot_interfaces/include/mycobot_interfaces/mycobot_interfaces/srv/detail/get_angles__traits.hpp
[3.012s] -- Up-to-date: /home/amin/cobot/cobot_ws/install/mycobot_interfaces/include/mycobot_interfaces/mycobot_interfaces/srv/detail/get_coords__builder.hpp
[3.013s] -- Up-to-date: /home/amin/cobot/cobot_ws/install/mycobot_interfaces/include/mycobot_interfaces/mycobot_interfaces/srv/detail/set_coords__type_support.hpp
[3.013s] -- Up-to-date: /home/amin/cobot/cobot_ws/install/mycobot_interfaces/include/mycobot_interfaces/mycobot_interfaces/srv/detail/set_angles__type_support.hpp
[3.013s] -- Up-to-date: /home/amin/cobot/cobot_ws/install/mycobot_interfaces/include/mycobot_interfaces/mycobot_interfaces/srv/detail/set_coords__traits.hpp
[3.013s] -- Up-to-date: /home/amin/cobot/cobot_ws/install/mycobot_interfaces/include/mycobot_interfaces/mycobot_interfaces/srv/detail/get_angles__struct.hpp
[3.013s] -- Up-to-date: /home/amin/cobot/cobot_ws/install/mycobot_interfaces/include/mycobot_interfaces/mycobot_interfaces/srv/detail/pump_status__struct.hpp
[3.013s] -- Up-to-date: /home/amin/cobot/cobot_ws/install/mycobot_interfaces/include/mycobot_interfaces/mycobot_interfaces/srv/set_coords.hpp
[3.014s] -- Up-to-date: /home/amin/cobot/cobot_ws/install/mycobot_interfaces/include/mycobot_interfaces/mycobot_interfaces/srv/get_angles.hpp
[3.014s] -- Up-to-date: /home/amin/cobot/cobot_ws/install/mycobot_interfaces/include/mycobot_interfaces/mycobot_interfaces/srv/pump_status.hpp
[3.014s] -- Up-to-date: /home/amin/cobot/cobot_ws/install/mycobot_interfaces/include/mycobot_interfaces/mycobot_interfaces/msg
[3.014s] -- Up-to-date: /home/amin/cobot/cobot_ws/install/mycobot_interfaces/include/mycobot_interfaces/mycobot_interfaces/msg/mycobot_angles.hpp
[3.014s] -- Up-to-date: /home/amin/cobot/cobot_ws/install/mycobot_interfaces/include/mycobot_interfaces/mycobot_interfaces/msg/mycobot_gripper_status.hpp
[3.014s] -- Up-to-date: /home/amin/cobot/cobot_ws/install/mycobot_interfaces/include/mycobot_interfaces/mycobot_interfaces/msg/detail
[3.015s] -- Up-to-date: /home/amin/cobot/cobot_ws/install/mycobot_interfaces/include/mycobot_interfaces/mycobot_interfaces/msg/detail/mycobot_gripper_status__struct.hpp
[3.015s] -- Up-to-date: /home/amin/cobot/cobot_ws/install/mycobot_interfaces/include/mycobot_interfaces/mycobot_interfaces/msg/detail/mycobot_coords__struct.hpp
[3.015s] -- Up-to-date: /home/amin/cobot/cobot_ws/install/mycobot_interfaces/include/mycobot_interfaces/mycobot_interfaces/msg/detail/mycobot_set_angles__type_support.hpp
[3.015s] -- Up-to-date: /home/amin/cobot/cobot_ws/install/mycobot_interfaces/include/mycobot_interfaces/mycobot_interfaces/msg/detail/mycobot_gripper_status__builder.hpp
[3.015s] -- Up-to-date: /home/amin/cobot/cobot_ws/install/mycobot_interfaces/include/mycobot_interfaces/mycobot_interfaces/msg/detail/mycobot_angles__traits.hpp
[3.015s] -- Up-to-date: /home/amin/cobot/cobot_ws/install/mycobot_interfaces/include/mycobot_interfaces/mycobot_interfaces/msg/detail/mycobot_angles__struct.hpp
[3.016s] -- Up-to-date: /home/amin/cobot/cobot_ws/install/mycobot_interfaces/include/mycobot_interfaces/mycobot_interfaces/msg/detail/mycobot_gripper_status__type_support.hpp
[3.016s] -- Up-to-date: /home/amin/cobot/cobot_ws/install/mycobot_interfaces/include/mycobot_interfaces/mycobot_interfaces/msg/detail/mycobot_coords__type_support.hpp
[3.016s] -- Up-to-date: /home/amin/cobot/cobot_ws/install/mycobot_interfaces/include/mycobot_interfaces/mycobot_interfaces/msg/detail/mycobot_gripper_status__traits.hpp
[3.016s] -- Up-to-date: /home/amin/cobot/cobot_ws/install/mycobot_interfaces/include/mycobot_interfaces/mycobot_interfaces/msg/detail/mycobot_pump_status__type_support.hpp
[3.017s] -- Up-to-date: /home/amin/cobot/cobot_ws/install/mycobot_interfaces/include/mycobot_interfaces/mycobot_interfaces/msg/detail/mycobot_pump_status__struct.hpp
[3.017s] -- Up-to-date: /home/amin/cobot/cobot_ws/install/mycobot_interfaces/include/mycobot_interfaces/mycobot_interfaces/msg/detail/mycobot_angles__builder.hpp
[3.017s] -- Up-to-date: /home/amin/cobot/cobot_ws/install/mycobot_interfaces/include/mycobot_interfaces/mycobot_interfaces/msg/detail/mycobot_set_angles__builder.hpp
[3.017s] -- Up-to-date: /home/amin/cobot/cobot_ws/install/mycobot_interfaces/include/mycobot_interfaces/mycobot_interfaces/msg/detail/mycobot_coords__builder.hpp
[3.017s] -- Up-to-date: /home/amin/cobot/cobot_ws/install/mycobot_interfaces/include/mycobot_interfaces/mycobot_interfaces/msg/detail/mycobot_set_angles__traits.hpp
[3.018s] -- Up-to-date: /home/amin/cobot/cobot_ws/install/mycobot_interfaces/include/mycobot_interfaces/mycobot_interfaces/msg/detail/mycobot_coords__traits.hpp
[3.018s] -- Up-to-date: /home/amin/cobot/cobot_ws/install/mycobot_interfaces/include/mycobot_interfaces/mycobot_interfaces/msg/detail/mycobot_set_coords__type_support.hpp
[3.018s] -- Up-to-date: /home/amin/cobot/cobot_ws/install/mycobot_interfaces/include/mycobot_interfaces/mycobot_interfaces/msg/detail/mycobot_set_angles__struct.hpp
[3.019s] -- Up-to-date: /home/amin/cobot/cobot_ws/install/mycobot_interfaces/include/mycobot_interfaces/mycobot_interfaces/msg/detail/mycobot_set_coords__builder.hpp
[3.019s] -- Up-to-date: /home/amin/cobot/cobot_ws/install/mycobot_interfaces/include/mycobot_interfaces/mycobot_interfaces/msg/detail/mycobot_angles__type_support.hpp
[3.019s] -- Up-to-date: /home/amin/cobot/cobot_ws/install/mycobot_interfaces/include/mycobot_interfaces/mycobot_interfaces/msg/detail/mycobot_set_coords__struct.hpp
[3.019s] -- Up-to-date: /home/amin/cobot/cobot_ws/install/mycobot_interfaces/include/mycobot_interfaces/mycobot_interfaces/msg/detail/mycobot_set_coords__traits.hpp
[3.019s] -- Up-to-date: /home/amin/cobot/cobot_ws/install/mycobot_interfaces/include/mycobot_interfaces/mycobot_interfaces/msg/detail/mycobot_pump_status__traits.hpp
[3.019s] -- Up-to-date: /home/amin/cobot/cobot_ws/install/mycobot_interfaces/include/mycobot_interfaces/mycobot_interfaces/msg/detail/mycobot_pump_status__builder.hpp
[3.020s] -- Up-to-date: /home/amin/cobot/cobot_ws/install/mycobot_interfaces/include/mycobot_interfaces/mycobot_interfaces/msg/mycobot_set_coords.hpp
[3.020s] -- Up-to-date: /home/amin/cobot/cobot_ws/install/mycobot_interfaces/include/mycobot_interfaces/mycobot_interfaces/msg/mycobot_set_angles.hpp
[3.020s] -- Up-to-date: /home/amin/cobot/cobot_ws/install/mycobot_interfaces/include/mycobot_interfaces/mycobot_interfaces/msg/rosidl_generator_cpp__visibility_control.hpp
[3.020s] -- Up-to-date: /home/amin/cobot/cobot_ws/install/mycobot_interfaces/include/mycobot_interfaces/mycobot_interfaces/msg/mycobot_coords.hpp
[3.020s] -- Up-to-date: /home/amin/cobot/cobot_ws/install/mycobot_interfaces/include/mycobot_interfaces/mycobot_interfaces/msg/mycobot_pump_status.hpp
[3.021s] -- Up-to-date: /home/amin/cobot/cobot_ws/install/mycobot_interfaces/include/mycobot_interfaces/mycobot_interfaces
[3.021s] -- Up-to-date: /home/amin/cobot/cobot_ws/install/mycobot_interfaces/include/mycobot_interfaces/mycobot_interfaces/srv
[3.021s] -- Up-to-date: /home/amin/cobot/cobot_ws/install/mycobot_interfaces/include/mycobot_interfaces/mycobot_interfaces/srv/detail
[3.021s] -- Up-to-date: /home/amin/cobot/cobot_ws/install/mycobot_interfaces/include/mycobot_interfaces/mycobot_interfaces/srv/detail/gripper_status__rosidl_typesupport_fastrtps_cpp.hpp
[3.021s] -- Up-to-date: /home/amin/cobot/cobot_ws/install/mycobot_interfaces/include/mycobot_interfaces/mycobot_interfaces/srv/detail/pump_status__rosidl_typesupport_fastrtps_cpp.hpp
[3.022s] -- Up-to-date: /home/amin/cobot/cobot_ws/install/mycobot_interfaces/include/mycobot_interfaces/mycobot_interfaces/srv/detail/dds_fastrtps
[3.022s] -- Up-to-date: /home/amin/cobot/cobot_ws/install/mycobot_interfaces/include/mycobot_interfaces/mycobot_interfaces/srv/detail/get_angles__rosidl_typesupport_fastrtps_cpp.hpp
[3.022s] -- Up-to-date: /home/amin/cobot/cobot_ws/install/mycobot_interfaces/include/mycobot_interfaces/mycobot_interfaces/srv/detail/set_coords__rosidl_typesupport_fastrtps_cpp.hpp
[3.022s] -- Up-to-date: /home/amin/cobot/cobot_ws/install/mycobot_interfaces/include/mycobot_interfaces/mycobot_interfaces/srv/detail/get_coords__rosidl_typesupport_fastrtps_cpp.hpp
[3.022s] -- Up-to-date: /home/amin/cobot/cobot_ws/install/mycobot_interfaces/include/mycobot_interfaces/mycobot_interfaces/srv/detail/set_angles__rosidl_typesupport_fastrtps_cpp.hpp
[3.022s] -- Up-to-date: /home/amin/cobot/cobot_ws/install/mycobot_interfaces/include/mycobot_interfaces/mycobot_interfaces/msg
[3.023s] -- Up-to-date: /home/amin/cobot/cobot_ws/install/mycobot_interfaces/include/mycobot_interfaces/mycobot_interfaces/msg/detail
[3.023s] -- Up-to-date: /home/amin/cobot/cobot_ws/install/mycobot_interfaces/include/mycobot_interfaces/mycobot_interfaces/msg/detail/dds_fastrtps
[3.023s] -- Up-to-date: /home/amin/cobot/cobot_ws/install/mycobot_interfaces/include/mycobot_interfaces/mycobot_interfaces/msg/detail/mycobot_angles__rosidl_typesupport_fastrtps_cpp.hpp
[3.023s] -- Up-to-date: /home/amin/cobot/cobot_ws/install/mycobot_interfaces/include/mycobot_interfaces/mycobot_interfaces/msg/detail/mycobot_set_angles__rosidl_typesupport_fastrtps_cpp.hpp
[3.024s] -- Up-to-date: /home/amin/cobot/cobot_ws/install/mycobot_interfaces/include/mycobot_interfaces/mycobot_interfaces/msg/detail/mycobot_coords__rosidl_typesupport_fastrtps_cpp.hpp
[3.024s] -- Up-to-date: /home/amin/cobot/cobot_ws/install/mycobot_interfaces/include/mycobot_interfaces/mycobot_interfaces/msg/detail/mycobot_gripper_status__rosidl_typesupport_fastrtps_cpp.hpp
[3.024s] -- Up-to-date: /home/amin/cobot/cobot_ws/install/mycobot_interfaces/include/mycobot_interfaces/mycobot_interfaces/msg/detail/mycobot_set_coords__rosidl_typesupport_fastrtps_cpp.hpp
[3.025s] -- Up-to-date: /home/amin/cobot/cobot_ws/install/mycobot_interfaces/include/mycobot_interfaces/mycobot_interfaces/msg/detail/mycobot_pump_status__rosidl_typesupport_fastrtps_cpp.hpp
[3.025s] -- Up-to-date: /home/amin/cobot/cobot_ws/install/mycobot_interfaces/include/mycobot_interfaces/mycobot_interfaces/msg/rosidl_typesupport_fastrtps_cpp__visibility_control.h
[3.025s] -- Up-to-date: /home/amin/cobot/cobot_ws/install/mycobot_interfaces/lib/libmycobot_interfaces__rosidl_typesupport_fastrtps_cpp.so
[3.025s] -- Up-to-date: /home/amin/cobot/cobot_ws/install/mycobot_interfaces/include/mycobot_interfaces/mycobot_interfaces
[3.025s] -- Up-to-date: /home/amin/cobot/cobot_ws/install/mycobot_interfaces/include/mycobot_interfaces/mycobot_interfaces/srv
[3.025s] -- Up-to-date: /home/amin/cobot/cobot_ws/install/mycobot_interfaces/include/mycobot_interfaces/mycobot_interfaces/srv/detail
[3.026s] -- Up-to-date: /home/amin/cobot/cobot_ws/install/mycobot_interfaces/include/mycobot_interfaces/mycobot_interfaces/srv/detail/set_coords__type_support.cpp
[3.026s] -- Up-to-date: /home/amin/cobot/cobot_ws/install/mycobot_interfaces/include/mycobot_interfaces/mycobot_interfaces/srv/detail/pump_status__rosidl_typesupport_introspection_cpp.hpp
[3.026s] -- Up-to-date: /home/amin/cobot/cobot_ws/install/mycobot_interfaces/include/mycobot_interfaces/mycobot_interfaces/srv/detail/gripper_status__type_support.cpp
[3.026s] -- Up-to-date: /home/amin/cobot/cobot_ws/install/mycobot_interfaces/include/mycobot_interfaces/mycobot_interfaces/srv/detail/gripper_status__rosidl_typesupport_introspection_cpp.hpp
[3.026s] -- Up-to-date: /home/amin/cobot/cobot_ws/install/mycobot_interfaces/include/mycobot_interfaces/mycobot_interfaces/srv/detail/get_coords__type_support.cpp
[3.027s] -- Up-to-date: /home/amin/cobot/cobot_ws/install/mycobot_interfaces/include/mycobot_interfaces/mycobot_interfaces/srv/detail/set_angles__rosidl_typesupport_introspection_cpp.hpp
[3.027s] -- Up-to-date: /home/amin/cobot/cobot_ws/install/mycobot_interfaces/include/mycobot_interfaces/mycobot_interfaces/srv/detail/set_angles__type_support.cpp
[3.027s] -- Up-to-date: /home/amin/cobot/cobot_ws/install/mycobot_interfaces/include/mycobot_interfaces/mycobot_interfaces/srv/detail/get_angles__type_support.cpp
[3.027s] -- Up-to-date: /home/amin/cobot/cobot_ws/install/mycobot_interfaces/include/mycobot_interfaces/mycobot_interfaces/srv/detail/pump_status__type_support.cpp
[3.027s] -- Up-to-date: /home/amin/cobot/cobot_ws/install/mycobot_interfaces/include/mycobot_interfaces/mycobot_interfaces/srv/detail/get_angles__rosidl_typesupport_introspection_cpp.hpp
[3.027s] -- Up-to-date: /home/amin/cobot/cobot_ws/install/mycobot_interfaces/include/mycobot_interfaces/mycobot_interfaces/srv/detail/set_coords__rosidl_typesupport_introspection_cpp.hpp
[3.028s] -- Up-to-date: /home/amin/cobot/cobot_ws/install/mycobot_interfaces/include/mycobot_interfaces/mycobot_interfaces/srv/detail/get_coords__rosidl_typesupport_introspection_cpp.hpp
[3.028s] -- Up-to-date: /home/amin/cobot/cobot_ws/install/mycobot_interfaces/include/mycobot_interfaces/mycobot_interfaces/msg
[3.028s] -- Up-to-date: /home/amin/cobot/cobot_ws/install/mycobot_interfaces/include/mycobot_interfaces/mycobot_interfaces/msg/detail
[3.028s] -- Up-to-date: /home/amin/cobot/cobot_ws/install/mycobot_interfaces/include/mycobot_interfaces/mycobot_interfaces/msg/detail/mycobot_angles__type_support.cpp
[3.028s] -- Up-to-date: /home/amin/cobot/cobot_ws/install/mycobot_interfaces/include/mycobot_interfaces/mycobot_interfaces/msg/detail/mycobot_set_angles__type_support.cpp
[3.029s] -- Up-to-date: /home/amin/cobot/cobot_ws/install/mycobot_interfaces/include/mycobot_interfaces/mycobot_interfaces/msg/detail/mycobot_coords__type_support.cpp
[3.029s] -- Up-to-date: /home/amin/cobot/cobot_ws/install/mycobot_interfaces/include/mycobot_interfaces/mycobot_interfaces/msg/detail/mycobot_angles__rosidl_typesupport_introspection_cpp.hpp
[3.029s] -- Up-to-date: /home/amin/cobot/cobot_ws/install/mycobot_interfaces/include/mycobot_interfaces/mycobot_interfaces/msg/detail/mycobot_set_coords__type_support.cpp
[3.029s] -- Up-to-date: /home/amin/cobot/cobot_ws/install/mycobot_interfaces/include/mycobot_interfaces/mycobot_interfaces/msg/detail/mycobot_gripper_status__type_support.cpp
[3.029s] -- Up-to-date: /home/amin/cobot/cobot_ws/install/mycobot_interfaces/include/mycobot_interfaces/mycobot_interfaces/msg/detail/mycobot_set_coords__rosidl_typesupport_introspection_cpp.hpp
[3.029s] -- Up-to-date: /home/amin/cobot/cobot_ws/install/mycobot_interfaces/include/mycobot_interfaces/mycobot_interfaces/msg/detail/mycobot_set_angles__rosidl_typesupport_introspection_cpp.hpp
[3.030s] -- Up-to-date: /home/amin/cobot/cobot_ws/install/mycobot_interfaces/include/mycobot_interfaces/mycobot_interfaces/msg/detail/mycobot_coords__rosidl_typesupport_introspection_cpp.hpp
[3.030s] -- Up-to-date: /home/amin/cobot/cobot_ws/install/mycobot_interfaces/include/mycobot_interfaces/mycobot_interfaces/msg/detail/mycobot_gripper_status__rosidl_typesupport_introspection_cpp.hpp
[3.030s] -- Up-to-date: /home/amin/cobot/cobot_ws/install/mycobot_interfaces/include/mycobot_interfaces/mycobot_interfaces/msg/detail/mycobot_pump_status__rosidl_typesupport_introspection_cpp.hpp
[3.030s] -- Up-to-date: /home/amin/cobot/cobot_ws/install/mycobot_interfaces/include/mycobot_interfaces/mycobot_interfaces/msg/detail/mycobot_pump_status__type_support.cpp
[3.030s] -- Up-to-date: /home/amin/cobot/cobot_ws/install/mycobot_interfaces/lib/libmycobot_interfaces__rosidl_typesupport_introspection_cpp.so
[3.031s] -- Up-to-date: /home/amin/cobot/cobot_ws/install/mycobot_interfaces/lib/libmycobot_interfaces__rosidl_typesupport_cpp.so
[3.031s] -- Up-to-date: /home/amin/cobot/cobot_ws/install/mycobot_interfaces/share/mycobot_interfaces/environment/pythonpath.sh
[3.031s] -- Up-to-date: /home/amin/cobot/cobot_ws/install/mycobot_interfaces/share/mycobot_interfaces/environment/pythonpath.dsv
[3.031s] -- Up-to-date: /home/amin/cobot/cobot_ws/install/mycobot_interfaces/lib/python3.12/site-packages/mycobot_interfaces-0.0.0-py3.12.egg-info
[3.031s] -- Installing: /home/amin/cobot/cobot_ws/install/mycobot_interfaces/lib/python3.12/site-packages/mycobot_interfaces-0.0.0-py3.12.egg-info/SOURCES.txt
[3.031s] -- Installing: /home/amin/cobot/cobot_ws/install/mycobot_interfaces/lib/python3.12/site-packages/mycobot_interfaces-0.0.0-py3.12.egg-info/PKG-INFO
[3.032s] -- Installing: /home/amin/cobot/cobot_ws/install/mycobot_interfaces/lib/python3.12/site-packages/mycobot_interfaces-0.0.0-py3.12.egg-info/top_level.txt
[3.032s] -- Installing: /home/amin/cobot/cobot_ws/install/mycobot_interfaces/lib/python3.12/site-packages/mycobot_interfaces-0.0.0-py3.12.egg-info/dependency_links.txt
[3.032s] -- Up-to-date: /home/amin/cobot/cobot_ws/install/mycobot_interfaces/lib/python3.12/site-packages/mycobot_interfaces
[3.032s] -- Up-to-date: /home/amin/cobot/cobot_ws/install/mycobot_interfaces/lib/python3.12/site-packages/mycobot_interfaces/mycobot_interfaces_s__rosidl_typesupport_c.so
[3.032s] -- Up-to-date: /home/amin/cobot/cobot_ws/install/mycobot_interfaces/lib/python3.12/site-packages/mycobot_interfaces/mycobot_interfaces_s__rosidl_typesupport_introspection_c.so
[3.032s] -- Up-to-date: /home/amin/cobot/cobot_ws/install/mycobot_interfaces/lib/python3.12/site-packages/mycobot_interfaces/_mycobot_interfaces_s.ep.rosidl_typesupport_fastrtps_c.c
[3.033s] -- Up-to-date: /home/amin/cobot/cobot_ws/install/mycobot_interfaces/lib/python3.12/site-packages/mycobot_interfaces/__init__.py
[3.033s] -- Up-to-date: /home/amin/cobot/cobot_ws/install/mycobot_interfaces/lib/python3.12/site-packages/mycobot_interfaces/srv
[3.033s] -- Up-to-date: /home/amin/cobot/cobot_ws/install/mycobot_interfaces/lib/python3.12/site-packages/mycobot_interfaces/srv/_get_coords_s.c
[3.033s] -- Up-to-date: /home/amin/cobot/cobot_ws/install/mycobot_interfaces/lib/python3.12/site-packages/mycobot_interfaces/srv/_get_angles_s.c
[3.033s] -- Up-to-date: /home/amin/cobot/cobot_ws/install/mycobot_interfaces/lib/python3.12/site-packages/mycobot_interfaces/srv/_get_angles.py
[3.033s] -- Up-to-date: /home/amin/cobot/cobot_ws/install/mycobot_interfaces/lib/python3.12/site-packages/mycobot_interfaces/srv/_set_angles.py
[3.034s] -- Up-to-date: /home/amin/cobot/cobot_ws/install/mycobot_interfaces/lib/python3.12/site-packages/mycobot_interfaces/srv/_pump_status.py
[3.034s] -- Up-to-date: /home/amin/cobot/cobot_ws/install/mycobot_interfaces/lib/python3.12/site-packages/mycobot_interfaces/srv/_pump_status_s.c
[3.034s] -- Up-to-date: /home/amin/cobot/cobot_ws/install/mycobot_interfaces/lib/python3.12/site-packages/mycobot_interfaces/srv/_set_coords.py
[3.034s] -- Up-to-date: /home/amin/cobot/cobot_ws/install/mycobot_interfaces/lib/python3.12/site-packages/mycobot_interfaces/srv/__init__.py
[3.035s] -- Up-to-date: /home/amin/cobot/cobot_ws/install/mycobot_interfaces/lib/python3.12/site-packages/mycobot_interfaces/srv/_get_coords.py
[3.035s] -- Up-to-date: /home/amin/cobot/cobot_ws/install/mycobot_interfaces/lib/python3.12/site-packages/mycobot_interfaces/srv/_gripper_status_s.c
[3.035s] -- Up-to-date: /home/amin/cobot/cobot_ws/install/mycobot_interfaces/lib/python3.12/site-packages/mycobot_interfaces/srv/_gripper_status.py
[3.035s] -- Up-to-date: /home/amin/cobot/cobot_ws/install/mycobot_interfaces/lib/python3.12/site-packages/mycobot_interfaces/srv/_set_coords_s.c
[3.035s] -- Up-to-date: /home/amin/cobot/cobot_ws/install/mycobot_interfaces/lib/python3.12/site-packages/mycobot_interfaces/srv/_set_angles_s.c
[3.035s] -- Up-to-date: /home/amin/cobot/cobot_ws/install/mycobot_interfaces/lib/python3.12/site-packages/mycobot_interfaces/_mycobot_interfaces_s.ep.rosidl_typesupport_c.c
[3.036s] -- Up-to-date: /home/amin/cobot/cobot_ws/install/mycobot_interfaces/lib/python3.12/site-packages/mycobot_interfaces/msg
[3.036s] -- Up-to-date: /home/amin/cobot/cobot_ws/install/mycobot_interfaces/lib/python3.12/site-packages/mycobot_interfaces/msg/_mycobot_pump_status_s.c
[3.036s] -- Up-to-date: /home/amin/cobot/cobot_ws/install/mycobot_interfaces/lib/python3.12/site-packages/mycobot_interfaces/msg/_mycobot_set_angles_s.c
[3.036s] -- Up-to-date: /home/amin/cobot/cobot_ws/install/mycobot_interfaces/lib/python3.12/site-packages/mycobot_interfaces/msg/__init__.py
[3.036s] -- Up-to-date: /home/amin/cobot/cobot_ws/install/mycobot_interfaces/lib/python3.12/site-packages/mycobot_interfaces/msg/_mycobot_gripper_status.py
[3.036s] -- Up-to-date: /home/amin/cobot/cobot_ws/install/mycobot_interfaces/lib/python3.12/site-packages/mycobot_interfaces/msg/_mycobot_set_angles.py
[3.037s] -- Up-to-date: /home/amin/cobot/cobot_ws/install/mycobot_interfaces/lib/python3.12/site-packages/mycobot_interfaces/msg/_mycobot_set_coords_s.c
[3.037s] -- Up-to-date: /home/amin/cobot/cobot_ws/install/mycobot_interfaces/lib/python3.12/site-packages/mycobot_interfaces/msg/_mycobot_coords_s.c
[3.037s] -- Up-to-date: /home/amin/cobot/cobot_ws/install/mycobot_interfaces/lib/python3.12/site-packages/mycobot_interfaces/msg/_mycobot_angles_s.c
[3.038s] -- Up-to-date: /home/amin/cobot/cobot_ws/install/mycobot_interfaces/lib/python3.12/site-packages/mycobot_interfaces/msg/_mycobot_pump_status.py
[3.038s] -- Up-to-date: /home/amin/cobot/cobot_ws/install/mycobot_interfaces/lib/python3.12/site-packages/mycobot_interfaces/msg/_mycobot_set_coords.py
[3.038s] -- Up-to-date: /home/amin/cobot/cobot_ws/install/mycobot_interfaces/lib/python3.12/site-packages/mycobot_interfaces/msg/_mycobot_coords.py
[3.038s] -- Up-to-date: /home/amin/cobot/cobot_ws/install/mycobot_interfaces/lib/python3.12/site-packages/mycobot_interfaces/msg/_mycobot_angles.py
[3.038s] -- Up-to-date: /home/amin/cobot/cobot_ws/install/mycobot_interfaces/lib/python3.12/site-packages/mycobot_interfaces/msg/_mycobot_gripper_status_s.c
[3.039s] -- Up-to-date: /home/amin/cobot/cobot_ws/install/mycobot_interfaces/lib/python3.12/site-packages/mycobot_interfaces/_mycobot_interfaces_s.ep.rosidl_typesupport_introspection_c.c
[3.039s] -- Up-to-date: /home/amin/cobot/cobot_ws/install/mycobot_interfaces/lib/python3.12/site-packages/mycobot_interfaces/mycobot_interfaces_s__rosidl_typesupport_fastrtps_c.so
[3.081s] Listing '/home/amin/cobot/cobot_ws/install/mycobot_interfaces/lib/python3.12/site-packages/mycobot_interfaces'...
[3.081s] Listing '/home/amin/cobot/cobot_ws/install/mycobot_interfaces/lib/python3.12/site-packages/mycobot_interfaces/msg'...
[3.081s] Listing '/home/amin/cobot/cobot_ws/install/mycobot_interfaces/lib/python3.12/site-packages/mycobot_interfaces/srv'...
[3.082s] -- Up-to-date: /home/amin/cobot/cobot_ws/install/mycobot_interfaces/lib/python3.12/site-packages/mycobot_interfaces/mycobot_interfaces_s__rosidl_typesupport_fastrtps_c.so
[3.082s] -- Up-to-date: /home/amin/cobot/cobot_ws/install/mycobot_interfaces/lib/python3.12/site-packages/mycobot_interfaces/mycobot_interfaces_s__rosidl_typesupport_introspection_c.so
[3.083s] -- Up-to-date: /home/amin/cobot/cobot_ws/install/mycobot_interfaces/lib/python3.12/site-packages/mycobot_interfaces/mycobot_interfaces_s__rosidl_typesupport_c.so
[3.083s] -- Up-to-date: /home/amin/cobot/cobot_ws/install/mycobot_interfaces/lib/libmycobot_interfaces__rosidl_generator_py.so
[3.083s] -- Up-to-date: /home/amin/cobot/cobot_ws/install/mycobot_interfaces/share/mycobot_interfaces/msg/MycobotAngles.idl
[3.083s] -- Up-to-date: /home/amin/cobot/cobot_ws/install/mycobot_interfaces/share/mycobot_interfaces/msg/MycobotCoords.idl
[3.083s] -- Up-to-date: /home/amin/cobot/cobot_ws/install/mycobot_interfaces/share/mycobot_interfaces/msg/MycobotSetAngles.idl
[3.084s] -- Up-to-date: /home/amin/cobot/cobot_ws/install/mycobot_interfaces/share/mycobot_interfaces/msg/MycobotSetCoords.idl
[3.084s] -- Up-to-date: /home/amin/cobot/cobot_ws/install/mycobot_interfaces/share/mycobot_interfaces/msg/MycobotGripperStatus.idl
[3.085s] -- Up-to-date: /home/amin/cobot/cobot_ws/install/mycobot_interfaces/share/mycobot_interfaces/msg/MycobotPumpStatus.idl
[3.085s] -- Up-to-date: /home/amin/cobot/cobot_ws/install/mycobot_interfaces/share/mycobot_interfaces/srv/GetAngles.idl
[3.085s] -- Up-to-date: /home/amin/cobot/cobot_ws/install/mycobot_interfaces/share/mycobot_interfaces/srv/SetAngles.idl
[3.085s] -- Up-to-date: /home/amin/cobot/cobot_ws/install/mycobot_interfaces/share/mycobot_interfaces/srv/GetCoords.idl
[3.085s] -- Up-to-date: /home/amin/cobot/cobot_ws/install/mycobot_interfaces/share/mycobot_interfaces/srv/SetCoords.idl
[3.085s] -- Up-to-date: /home/amin/cobot/cobot_ws/install/mycobot_interfaces/share/mycobot_interfaces/srv/GripperStatus.idl
[3.086s] -- Up-to-date: /home/amin/cobot/cobot_ws/install/mycobot_interfaces/share/mycobot_interfaces/srv/PumpStatus.idl
[3.086s] -- Up-to-date: /home/amin/cobot/cobot_ws/install/mycobot_interfaces/share/mycobot_interfaces/msg/MycobotAngles.msg
[3.086s] -- Up-to-date: /home/amin/cobot/cobot_ws/install/mycobot_interfaces/share/mycobot_interfaces/msg/MycobotCoords.msg
[3.086s] -- Up-to-date: /home/amin/cobot/cobot_ws/install/mycobot_interfaces/share/mycobot_interfaces/msg/MycobotSetAngles.msg
[3.086s] -- Up-to-date: /home/amin/cobot/cobot_ws/install/mycobot_interfaces/share/mycobot_interfaces/msg/MycobotSetCoords.msg
[3.086s] -- Up-to-date: /home/amin/cobot/cobot_ws/install/mycobot_interfaces/share/mycobot_interfaces/msg/MycobotGripperStatus.msg
[3.087s] -- Up-to-date: /home/amin/cobot/cobot_ws/install/mycobot_interfaces/share/mycobot_interfaces/msg/MycobotPumpStatus.msg
[3.087s] -- Up-to-date: /home/amin/cobot/cobot_ws/install/mycobot_interfaces/share/mycobot_interfaces/srv/GetAngles.srv
[3.087s] -- Up-to-date: /home/amin/cobot/cobot_ws/install/mycobot_interfaces/share/mycobot_interfaces/srv/SetAngles.srv
[3.087s] -- Up-to-date: /home/amin/cobot/cobot_ws/install/mycobot_interfaces/share/mycobot_interfaces/srv/GetCoords.srv
[3.087s] -- Up-to-date: /home/amin/cobot/cobot_ws/install/mycobot_interfaces/share/mycobot_interfaces/srv/SetCoords.srv
[3.087s] -- Up-to-date: /home/amin/cobot/cobot_ws/install/mycobot_interfaces/share/mycobot_interfaces/srv/GripperStatus.srv
[3.088s] -- Up-to-date: /home/amin/cobot/cobot_ws/install/mycobot_interfaces/share/mycobot_interfaces/srv/PumpStatus.srv
[3.088s] -- Up-to-date: /home/amin/cobot/cobot_ws/install/mycobot_interfaces/share/ament_index/resource_index/package_run_dependencies/mycobot_interfaces
[3.088s] -- Up-to-date: /home/amin/cobot/cobot_ws/install/mycobot_interfaces/share/ament_index/resource_index/parent_prefix_path/mycobot_interfaces
[3.088s] -- Up-to-date: /home/amin/cobot/cobot_ws/install/mycobot_interfaces/share/mycobot_interfaces/environment/ament_prefix_path.sh
[3.089s] -- Up-to-date: /home/amin/cobot/cobot_ws/install/mycobot_interfaces/share/mycobot_interfaces/environment/ament_prefix_path.dsv
[3.090s] -- Up-to-date: /home/amin/cobot/cobot_ws/install/mycobot_interfaces/share/mycobot_interfaces/environment/path.sh
[3.090s] -- Up-to-date: /home/amin/cobot/cobot_ws/install/mycobot_interfaces/share/mycobot_interfaces/environment/path.dsv
[3.090s] -- Up-to-date: /home/amin/cobot/cobot_ws/install/mycobot_interfaces/share/mycobot_interfaces/local_setup.bash
[3.090s] -- Up-to-date: /home/amin/cobot/cobot_ws/install/mycobot_interfaces/share/mycobot_interfaces/local_setup.sh
[3.091s] -- Up-to-date: /home/amin/cobot/cobot_ws/install/mycobot_interfaces/share/mycobot_interfaces/local_setup.zsh
[3.091s] -- Up-to-date: /home/amin/cobot/cobot_ws/install/mycobot_interfaces/share/mycobot_interfaces/local_setup.dsv
[3.091s] -- Installing: /home/amin/cobot/cobot_ws/install/mycobot_interfaces/share/mycobot_interfaces/package.dsv
[3.091s] -- Up-to-date: /home/amin/cobot/cobot_ws/install/mycobot_interfaces/share/ament_index/resource_index/packages/mycobot_interfaces
[3.091s] -- Up-to-date: /home/amin/cobot/cobot_ws/install/mycobot_interfaces/share/mycobot_interfaces/cmake/export_mycobot_interfaces__rosidl_generator_cExport.cmake
[3.091s] -- Up-to-date: /home/amin/cobot/cobot_ws/install/mycobot_interfaces/share/mycobot_interfaces/cmake/export_mycobot_interfaces__rosidl_generator_cExport-noconfig.cmake
[3.092s] -- Up-to-date: /home/amin/cobot/cobot_ws/install/mycobot_interfaces/share/mycobot_interfaces/cmake/export_mycobot_interfaces__rosidl_typesupport_fastrtps_cExport.cmake
[3.092s] -- Up-to-date: /home/amin/cobot/cobot_ws/install/mycobot_interfaces/share/mycobot_interfaces/cmake/export_mycobot_interfaces__rosidl_typesupport_fastrtps_cExport-noconfig.cmake
[3.092s] -- Up-to-date: /home/amin/cobot/cobot_ws/install/mycobot_interfaces/share/mycobot_interfaces/cmake/mycobot_interfaces__rosidl_typesupport_introspection_cExport.cmake
[3.092s] -- Up-to-date: /home/amin/cobot/cobot_ws/install/mycobot_interfaces/share/mycobot_interfaces/cmake/mycobot_interfaces__rosidl_typesupport_introspection_cExport-noconfig.cmake
[3.092s] -- Up-to-date: /home/amin/cobot/cobot_ws/install/mycobot_interfaces/share/mycobot_interfaces/cmake/mycobot_interfaces__rosidl_typesupport_cExport.cmake
[3.093s] -- Up-to-date: /home/amin/cobot/cobot_ws/install/mycobot_interfaces/share/mycobot_interfaces/cmake/mycobot_interfaces__rosidl_typesupport_cExport-noconfig.cmake
[3.093s] -- Up-to-date: /home/amin/cobot/cobot_ws/install/mycobot_interfaces/share/mycobot_interfaces/cmake/export_mycobot_interfaces__rosidl_generator_cppExport.cmake
[3.093s] -- Up-to-date: /home/amin/cobot/cobot_ws/install/mycobot_interfaces/share/mycobot_interfaces/cmake/export_mycobot_interfaces__rosidl_typesupport_fastrtps_cppExport.cmake
[3.093s] -- Up-to-date: /home/amin/cobot/cobot_ws/install/mycobot_interfaces/share/mycobot_interfaces/cmake/export_mycobot_interfaces__rosidl_typesupport_fastrtps_cppExport-noconfig.cmake
[3.093s] -- Up-to-date: /home/amin/cobot/cobot_ws/install/mycobot_interfaces/share/mycobot_interfaces/cmake/mycobot_interfaces__rosidl_typesupport_introspection_cppExport.cmake
[3.094s] -- Up-to-date: /home/amin/cobot/cobot_ws/install/mycobot_interfaces/share/mycobot_interfaces/cmake/mycobot_interfaces__rosidl_typesupport_introspection_cppExport-noconfig.cmake
[3.094s] -- Up-to-date: /home/amin/cobot/cobot_ws/install/mycobot_interfaces/share/mycobot_interfaces/cmake/mycobot_interfaces__rosidl_typesupport_cppExport.cmake
[3.094s] -- Up-to-date: /home/amin/cobot/cobot_ws/install/mycobot_interfaces/share/mycobot_interfaces/cmake/mycobot_interfaces__rosidl_typesupport_cppExport-noconfig.cmake
[3.094s] -- Up-to-date: /home/amin/cobot/cobot_ws/install/mycobot_interfaces/share/mycobot_interfaces/cmake/export_mycobot_interfaces__rosidl_generator_pyExport.cmake
[3.094s] -- Up-to-date: /home/amin/cobot/cobot_ws/install/mycobot_interfaces/share/mycobot_interfaces/cmake/export_mycobot_interfaces__rosidl_generator_pyExport-noconfig.cmake
[3.095s] -- Up-to-date: /home/amin/cobot/cobot_ws/install/mycobot_interfaces/share/mycobot_interfaces/cmake/rosidl_cmake-extras.cmake
[3.095s] -- Up-to-date: /home/amin/cobot/cobot_ws/install/mycobot_interfaces/share/mycobot_interfaces/cmake/ament_cmake_export_dependencies-extras.cmake
[3.095s] -- Up-to-date: /home/amin/cobot/cobot_ws/install/mycobot_interfaces/share/mycobot_interfaces/cmake/ament_cmake_export_include_directories-extras.cmake
[3.095s] -- Up-to-date: /home/amin/cobot/cobot_ws/install/mycobot_interfaces/share/mycobot_interfaces/cmake/ament_cmake_export_libraries-extras.cmake
[3.095s] -- Up-to-date: /home/amin/cobot/cobot_ws/install/mycobot_interfaces/share/mycobot_interfaces/cmake/ament_cmake_export_targets-extras.cmake
[3.096s] -- Up-to-date: /home/amin/cobot/cobot_ws/install/mycobot_interfaces/share/mycobot_interfaces/cmake/rosidl_cmake_export_typesupport_targets-extras.cmake
[3.096s] -- Up-to-date: /home/amin/cobot/cobot_ws/install/mycobot_interfaces/share/mycobot_interfaces/cmake/rosidl_cmake_export_typesupport_libraries-extras.cmake
[3.096s] -- Up-to-date: /home/amin/cobot/cobot_ws/install/mycobot_interfaces/share/mycobot_interfaces/cmake/mycobot_interfacesConfig.cmake
[3.096s] -- Up-to-date: /home/amin/cobot/cobot_ws/install/mycobot_interfaces/share/mycobot_interfaces/cmake/mycobot_interfacesConfig-version.cmake
[3.096s] -- Up-to-date: /home/amin/cobot/cobot_ws/install/mycobot_interfaces/share/mycobot_interfaces/package.xml
[3.169s] Invoked command in '/home/amin/cobot/cobot_ws/build/mycobot_interfaces' returned '0': CMAKE_PREFIX_PATH=${CMAKE_PREFIX_PATH}:/home/amin/cobot/cobot_ws/install/ultraarm:/home/amin/cobot/cobot_ws/install/pro450_moveit2_control:/home/amin/cobot/cobot_ws/install/mypalletizer_communication:/home/amin/cobot/cobot_ws/install/mypalletizer_260_pi:/home/amin/cobot/cobot_ws/install/mypalletizer_260:/home/amin/cobot/cobot_ws/install/mycobot_pro_450:/home/amin/cobot/cobot_ws/install/myarm_m750:/home/amin/cobot/cobot_ws/install/myarm_c650:/home/amin/cobot/cobot_ws/install/mycobot_communication:/home/amin/cobot/cobot_ws/install/mecharm_communication:/home/amin/cobot/cobot_ws/install/mycobot_630:/home/amin/cobot/cobot_ws/install/mycobot_600:/home/amin/cobot/cobot_ws/install/mycobot_320pi:/home/amin/cobot/cobot_ws/install/mycobot_320_riscv:/home/amin/cobot/cobot_ws/install/mycobot_320:/home/amin/cobot/cobot_ws/install/mycobot_280pi:/home/amin/cobot/cobot_ws/install/mycobot_280jn:/home/amin/cobot/cobot_ws/install/mycobot_280_x3pi:/home/amin/cobot/cobot_ws/install/mycobot_280_riscv:/home/amin/cobot/cobot_ws/install/mycobot_280_rdkx5:/home/amin/cobot/cobot_ws/install/mycobot_280_moveit2_control:/home/amin/cobot/cobot_ws/install/mycobot_280_arduino:/home/amin/cobot/cobot_ws/install/mycobot_280:/home/amin/cobot/cobot_ws/install/mybuddy:/home/amin/cobot/cobot_ws/install/myarm_300:/home/amin/cobot/cobot_ws/install/mecharm_pi:/home/amin/cobot/cobot_ws/install/mecharm:/home/amin/cobot/cobot_ws/install/mycobot_description:/opt/ros/jazzy DEBUGINFOD_URLS=https://debuginfod.ubuntu.com /usr/bin/cmake --install /home/amin/cobot/cobot_ws/build/mycobot_interfaces
