[1.060s] Invoking command in '/home/amin/cobot/cobot_ws/src/mycobot_ros2/mecharm/mecharm_communication': AMENT_PREFIX_PATH=/home/amin/cobot/cobot_ws/install/mycobot_interfaces:${AMENT_PREFIX_PATH} CMAKE_PREFIX_PATH=/home/amin/cobot/cobot_ws/install/mycobot_interfaces:${CMAKE_PREFIX_PATH} DEBUGINFOD_URLS=https://debuginfod.ubuntu.com LD_LIBRARY_PATH=/home/amin/cobot/cobot_ws/install/mycobot_interfaces/lib:${LD_LIBRARY_PATH} PYTHONPATH=/home/amin/cobot/cobot_ws/build/mecharm_communication/prefix_override:/usr/lib/python3/dist-packages/colcon_core/task/python/colcon_distutils_commands:/home/amin/cobot/cobot_ws/install/mecharm_communication/lib/python3.12/site-packages:/home/amin/cobot/cobot_ws/install/mycobot_interfaces/lib/python3.12/site-packages:${PYTHONPATH} /usr/bin/python3 -W ignore:setup.py install is deprecated -W ignore:easy_install command is deprecated setup.py egg_info --egg-base ../../../../build/mecharm_communication build --build-base /home/amin/cobot/cobot_ws/build/mecharm_communication/build install --record /home/amin/cobot/cobot_ws/build/mecharm_communication/install.log --single-version-externally-managed install_data
[1.323s] running egg_info
[1.324s] creating ../../../../build/mecharm_communication/mecharm_communication.egg-info
[1.343s] writing ../../../../build/mecharm_communication/mecharm_communication.egg-info/PKG-INFO
[1.343s] writing dependency_links to ../../../../build/mecharm_communication/mecharm_communication.egg-info/dependency_links.txt
[1.343s] writing entry points to ../../../../build/mecharm_communication/mecharm_communication.egg-info/entry_points.txt
[1.343s] writing requirements to ../../../../build/mecharm_communication/mecharm_communication.egg-info/requires.txt
[1.344s] writing top-level names to ../../../../build/mecharm_communication/mecharm_communication.egg-info/top_level.txt
[1.344s] writing manifest file '../../../../build/mecharm_communication/mecharm_communication.egg-info/SOURCES.txt'
[1.384s] reading manifest file '../../../../build/mecharm_communication/mecharm_communication.egg-info/SOURCES.txt'
[1.384s] writing manifest file '../../../../build/mecharm_communication/mecharm_communication.egg-info/SOURCES.txt'
[1.384s] running build
[1.385s] running build_py
[1.385s] creating /home/amin/cobot/cobot_ws/build/mecharm_communication/build
[1.385s] creating /home/amin/cobot/cobot_ws/build/mecharm_communication/build/lib
[1.385s] creating /home/amin/cobot/cobot_ws/build/mecharm_communication/build/lib/mecharm_communication
[1.386s] copying mecharm_communication/mecharm_topics_seeed.py -> /home/amin/cobot/cobot_ws/build/mecharm_communication/build/lib/mecharm_communication
[1.386s] copying mecharm_communication/mecharm_topics_pi.py -> /home/amin/cobot/cobot_ws/build/mecharm_communication/build/lib/mecharm_communication
[1.386s] copying mecharm_communication/mecharm_topics_jsnn.py -> /home/amin/cobot/cobot_ws/build/mecharm_communication/build/lib/mecharm_communication
[1.386s] copying mecharm_communication/__init__.py -> /home/amin/cobot/cobot_ws/build/mecharm_communication/build/lib/mecharm_communication
[1.386s] copying mecharm_communication/mecharm_services.py -> /home/amin/cobot/cobot_ws/build/mecharm_communication/build/lib/mecharm_communication
[1.387s] copying mecharm_communication/mecharm_topics.py -> /home/amin/cobot/cobot_ws/build/mecharm_communication/build/lib/mecharm_communication
[1.387s] running install
[1.392s] running install_lib
[1.411s] creating /home/amin/cobot/cobot_ws/install/mecharm_communication/lib/python3.12/site-packages/mecharm_communication
[1.412s] copying /home/amin/cobot/cobot_ws/build/mecharm_communication/build/lib/mecharm_communication/mecharm_topics_seeed.py -> /home/amin/cobot/cobot_ws/install/mecharm_communication/lib/python3.12/site-packages/mecharm_communication
[1.412s] copying /home/amin/cobot/cobot_ws/build/mecharm_communication/build/lib/mecharm_communication/mecharm_topics_pi.py -> /home/amin/cobot/cobot_ws/install/mecharm_communication/lib/python3.12/site-packages/mecharm_communication
[1.412s] copying /home/amin/cobot/cobot_ws/build/mecharm_communication/build/lib/mecharm_communication/mecharm_topics_jsnn.py -> /home/amin/cobot/cobot_ws/install/mecharm_communication/lib/python3.12/site-packages/mecharm_communication
[1.412s] copying /home/amin/cobot/cobot_ws/build/mecharm_communication/build/lib/mecharm_communication/__init__.py -> /home/amin/cobot/cobot_ws/install/mecharm_communication/lib/python3.12/site-packages/mecharm_communication
[1.412s] copying /home/amin/cobot/cobot_ws/build/mecharm_communication/build/lib/mecharm_communication/mecharm_services.py -> /home/amin/cobot/cobot_ws/install/mecharm_communication/lib/python3.12/site-packages/mecharm_communication
[1.412s] copying /home/amin/cobot/cobot_ws/build/mecharm_communication/build/lib/mecharm_communication/mecharm_topics.py -> /home/amin/cobot/cobot_ws/install/mecharm_communication/lib/python3.12/site-packages/mecharm_communication
[1.412s] byte-compiling /home/amin/cobot/cobot_ws/install/mecharm_communication/lib/python3.12/site-packages/mecharm_communication/mecharm_topics_seeed.py to mecharm_topics_seeed.cpython-312.pyc
[1.415s] byte-compiling /home/amin/cobot/cobot_ws/install/mecharm_communication/lib/python3.12/site-packages/mecharm_communication/mecharm_topics_pi.py to mecharm_topics_pi.cpython-312.pyc
[1.416s] byte-compiling /home/amin/cobot/cobot_ws/install/mecharm_communication/lib/python3.12/site-packages/mecharm_communication/mecharm_topics_jsnn.py to mecharm_topics_jsnn.cpython-312.pyc
[1.417s] byte-compiling /home/amin/cobot/cobot_ws/install/mecharm_communication/lib/python3.12/site-packages/mecharm_communication/__init__.py to __init__.cpython-312.pyc
[1.417s] byte-compiling /home/amin/cobot/cobot_ws/install/mecharm_communication/lib/python3.12/site-packages/mecharm_communication/mecharm_services.py to mecharm_services.cpython-312.pyc
[1.418s] byte-compiling /home/amin/cobot/cobot_ws/install/mecharm_communication/lib/python3.12/site-packages/mecharm_communication/mecharm_topics.py to mecharm_topics.cpython-312.pyc
[1.420s] running install_data
[1.420s] creating /home/amin/cobot/cobot_ws/install/mecharm_communication/share/ament_index
[1.420s] creating /home/amin/cobot/cobot_ws/install/mecharm_communication/share/ament_index/resource_index
[1.420s] creating /home/amin/cobot/cobot_ws/install/mecharm_communication/share/ament_index/resource_index/packages
[1.421s] copying resource/mecharm_communication -> /home/amin/cobot/cobot_ws/install/mecharm_communication/share/ament_index/resource_index/packages
[1.421s] copying package.xml -> /home/amin/cobot/cobot_ws/install/mecharm_communication/share/mecharm_communication
[1.421s] creating /home/amin/cobot/cobot_ws/install/mecharm_communication/share/mecharm_communication/launch
[1.421s] copying launch/communication_topic_pi.launch.py -> /home/amin/cobot/cobot_ws/install/mecharm_communication/share/mecharm_communication/launch
[1.421s] copying launch/communication_topic.launch.py -> /home/amin/cobot/cobot_ws/install/mecharm_communication/share/mecharm_communication/launch
[1.421s] copying launch/communication_service.launch.py -> /home/amin/cobot/cobot_ws/install/mecharm_communication/share/mecharm_communication/launch
[1.421s] copying launch/communication_jsnn.launch.py -> /home/amin/cobot/cobot_ws/install/mecharm_communication/share/mecharm_communication/launch
[1.421s] copying launch/communication_seeed.launch.py -> /home/amin/cobot/cobot_ws/install/mecharm_communication/share/mecharm_communication/launch
[1.422s] running install_egg_info
[1.442s] Copying ../../../../build/mecharm_communication/mecharm_communication.egg-info to /home/amin/cobot/cobot_ws/install/mecharm_communication/lib/python3.12/site-packages/mecharm_communication-0.0.0-py3.12.egg-info
[1.443s] running install_scripts
[1.577s] Installing mecharm_services script to /home/amin/cobot/cobot_ws/install/mecharm_communication/lib/mecharm_communication
[1.577s] Installing mycobot_topics script to /home/amin/cobot/cobot_ws/install/mecharm_communication/lib/mecharm_communication
[1.577s] Installing mycobot_topics_jsnn script to /home/amin/cobot/cobot_ws/install/mecharm_communication/lib/mecharm_communication
[1.577s] Installing mycobot_topics_pi script to /home/amin/cobot/cobot_ws/install/mecharm_communication/lib/mecharm_communication
[1.577s] Installing mycobot_topics_seeed script to /home/amin/cobot/cobot_ws/install/mecharm_communication/lib/mecharm_communication
[1.578s] writing list of installed files to '/home/amin/cobot/cobot_ws/build/mecharm_communication/install.log'
[1.612s] Invoked command in '/home/amin/cobot/cobot_ws/src/mycobot_ros2/mecharm/mecharm_communication' returned '0': AMENT_PREFIX_PATH=/home/amin/cobot/cobot_ws/install/mycobot_interfaces:${AMENT_PREFIX_PATH} CMAKE_PREFIX_PATH=/home/amin/cobot/cobot_ws/install/mycobot_interfaces:${CMAKE_PREFIX_PATH} DEBUGINFOD_URLS=https://debuginfod.ubuntu.com LD_LIBRARY_PATH=/home/amin/cobot/cobot_ws/install/mycobot_interfaces/lib:${LD_LIBRARY_PATH} PYTHONPATH=/home/amin/cobot/cobot_ws/build/mecharm_communication/prefix_override:/usr/lib/python3/dist-packages/colcon_core/task/python/colcon_distutils_commands:/home/amin/cobot/cobot_ws/install/mecharm_communication/lib/python3.12/site-packages:/home/amin/cobot/cobot_ws/install/mycobot_interfaces/lib/python3.12/site-packages:${PYTHONPATH} /usr/bin/python3 -W ignore:setup.py install is deprecated -W ignore:easy_install command is deprecated setup.py egg_info --egg-base ../../../../build/mecharm_communication build --build-base /home/amin/cobot/cobot_ws/build/mecharm_communication/build install --record /home/amin/cobot/cobot_ws/build/mecharm_communication/install.log --single-version-externally-managed install_data
