[0.657s] Invoking command in '/home/amin/cobot/cobot_ws/build/mypalletizer_interfaces': CMAKE_PREFIX_PATH=${CMAKE_PREFIX_PATH}:/home/amin/cobot/cobot_ws/install/ultraarm:/home/amin/cobot/cobot_ws/install/pro450_moveit2_control:/home/amin/cobot/cobot_ws/install/mypalletizer_communication:/home/amin/cobot/cobot_ws/install/mypalletizer_260_pi:/home/amin/cobot/cobot_ws/install/mypalletizer_260:/home/amin/cobot/cobot_ws/install/mycobot_pro_450:/home/amin/cobot/cobot_ws/install/myarm_m750:/home/amin/cobot/cobot_ws/install/myarm_c650:/home/amin/cobot/cobot_ws/install/mycobot_communication:/home/amin/cobot/cobot_ws/install/mecharm_communication:/home/amin/cobot/cobot_ws/install/mycobot_630:/home/amin/cobot/cobot_ws/install/mycobot_600:/home/amin/cobot/cobot_ws/install/mycobot_320pi:/home/amin/cobot/cobot_ws/install/mycobot_320_riscv:/home/amin/cobot/cobot_ws/install/mycobot_320:/home/amin/cobot/cobot_ws/install/mycobot_280pi:/home/amin/cobot/cobot_ws/install/mycobot_280jn:/home/amin/cobot/cobot_ws/install/mycobot_280_x3pi:/home/amin/cobot/cobot_ws/install/mycobot_280_riscv:/home/amin/cobot/cobot_ws/install/mycobot_280_rdkx5:/home/amin/cobot/cobot_ws/install/mycobot_280_moveit2_control:/home/amin/cobot/cobot_ws/install/mycobot_280_arduino:/home/amin/cobot/cobot_ws/install/mycobot_280:/home/amin/cobot/cobot_ws/install/mybuddy:/home/amin/cobot/cobot_ws/install/myarm_300:/home/amin/cobot/cobot_ws/install/mecharm_pi:/home/amin/cobot/cobot_ws/install/mecharm:/home/amin/cobot/cobot_ws/install/mycobot_description:/opt/ros/jazzy DEBUGINFOD_URLS=https://debuginfod.ubuntu.com /usr/bin/cmake --build /home/amin/cobot/cobot_ws/build/mypalletizer_interfaces -- -j8 -l8
[0.794s] [  1%] Built target mypalletizer_interfaces__rosidl_generator_type_description
[0.837s] [  1%] Built target ament_cmake_python_copy_mypalletizer_interfaces
[0.910s] [  1%] Built target mypalletizer_interfaces__cpp
[0.972s] [ 27%] Built target mypalletizer_interfaces__rosidl_generator_c
[1.324s] [ 37%] Built target mypalletizer_interfaces__rosidl_typesupport_c
[1.339s] [ 47%] Built target mypalletizer_interfaces__rosidl_typesupport_introspection_c
[1.365s] [ 56%] Built target mypalletizer_interfaces__rosidl_typesupport_cpp
[1.445s] [ 66%] Built target mypalletizer_interfaces__rosidl_typesupport_fastrtps_cpp
[1.462s] [ 76%] Built target mypalletizer_interfaces__rosidl_typesupport_fastrtps_c
[1.469s] [ 85%] Built target mypalletizer_interfaces__rosidl_typesupport_introspection_cpp
[1.583s] [ 85%] Built target mypalletizer_interfaces
[1.710s] [ 86%] Built target mypalletizer_interfaces__py
[1.865s] [ 95%] Built target mypalletizer_interfaces__rosidl_generator_py
[2.032s] [ 97%] Built target mypalletizer_interfaces_s__rosidl_typesupport_introspection_c
[2.050s] [ 99%] Built target mypalletizer_interfaces_s__rosidl_typesupport_c
[2.080s] [100%] Built target mypalletizer_interfaces_s__rosidl_typesupport_fastrtps_c
[2.322s] running egg_info
[2.399s] writing mypalletizer_interfaces.egg-info/PKG-INFO
[2.400s] writing dependency_links to mypalletizer_interfaces.egg-info/dependency_links.txt
[2.400s] writing top-level names to mypalletizer_interfaces.egg-info/top_level.txt
[2.637s] reading manifest file 'mypalletizer_interfaces.egg-info/SOURCES.txt'
[2.639s] writing manifest file 'mypalletizer_interfaces.egg-info/SOURCES.txt'
[2.817s] [100%] Built target ament_cmake_python_build_mypalletizer_interfaces_egg
[2.882s] Invoked command in '/home/amin/cobot/cobot_ws/build/mypalletizer_interfaces' returned '0': CMAKE_PREFIX_PATH=${CMAKE_PREFIX_PATH}:/home/amin/cobot/cobot_ws/install/ultraarm:/home/amin/cobot/cobot_ws/install/pro450_moveit2_control:/home/amin/cobot/cobot_ws/install/mypalletizer_communication:/home/amin/cobot/cobot_ws/install/mypalletizer_260_pi:/home/amin/cobot/cobot_ws/install/mypalletizer_260:/home/amin/cobot/cobot_ws/install/mycobot_pro_450:/home/amin/cobot/cobot_ws/install/myarm_m750:/home/amin/cobot/cobot_ws/install/myarm_c650:/home/amin/cobot/cobot_ws/install/mycobot_communication:/home/amin/cobot/cobot_ws/install/mecharm_communication:/home/amin/cobot/cobot_ws/install/mycobot_630:/home/amin/cobot/cobot_ws/install/mycobot_600:/home/amin/cobot/cobot_ws/install/mycobot_320pi:/home/amin/cobot/cobot_ws/install/mycobot_320_riscv:/home/amin/cobot/cobot_ws/install/mycobot_320:/home/amin/cobot/cobot_ws/install/mycobot_280pi:/home/amin/cobot/cobot_ws/install/mycobot_280jn:/home/amin/cobot/cobot_ws/install/mycobot_280_x3pi:/home/amin/cobot/cobot_ws/install/mycobot_280_riscv:/home/amin/cobot/cobot_ws/install/mycobot_280_rdkx5:/home/amin/cobot/cobot_ws/install/mycobot_280_moveit2_control:/home/amin/cobot/cobot_ws/install/mycobot_280_arduino:/home/amin/cobot/cobot_ws/install/mycobot_280:/home/amin/cobot/cobot_ws/install/mybuddy:/home/amin/cobot/cobot_ws/install/myarm_300:/home/amin/cobot/cobot_ws/install/mecharm_pi:/home/amin/cobot/cobot_ws/install/mecharm:/home/amin/cobot/cobot_ws/install/mycobot_description:/opt/ros/jazzy DEBUGINFOD_URLS=https://debuginfod.ubuntu.com /usr/bin/cmake --build /home/amin/cobot/cobot_ws/build/mypalletizer_interfaces -- -j8 -l8
[2.883s] Invoking command in '/home/amin/cobot/cobot_ws/build/mypalletizer_interfaces': CMAKE_PREFIX_PATH=${CMAKE_PREFIX_PATH}:/home/amin/cobot/cobot_ws/install/ultraarm:/home/amin/cobot/cobot_ws/install/pro450_moveit2_control:/home/amin/cobot/cobot_ws/install/mypalletizer_communication:/home/amin/cobot/cobot_ws/install/mypalletizer_260_pi:/home/amin/cobot/cobot_ws/install/mypalletizer_260:/home/amin/cobot/cobot_ws/install/mycobot_pro_450:/home/amin/cobot/cobot_ws/install/myarm_m750:/home/amin/cobot/cobot_ws/install/myarm_c650:/home/amin/cobot/cobot_ws/install/mycobot_communication:/home/amin/cobot/cobot_ws/install/mecharm_communication:/home/amin/cobot/cobot_ws/install/mycobot_630:/home/amin/cobot/cobot_ws/install/mycobot_600:/home/amin/cobot/cobot_ws/install/mycobot_320pi:/home/amin/cobot/cobot_ws/install/mycobot_320_riscv:/home/amin/cobot/cobot_ws/install/mycobot_320:/home/amin/cobot/cobot_ws/install/mycobot_280pi:/home/amin/cobot/cobot_ws/install/mycobot_280jn:/home/amin/cobot/cobot_ws/install/mycobot_280_x3pi:/home/amin/cobot/cobot_ws/install/mycobot_280_riscv:/home/amin/cobot/cobot_ws/install/mycobot_280_rdkx5:/home/amin/cobot/cobot_ws/install/mycobot_280_moveit2_control:/home/amin/cobot/cobot_ws/install/mycobot_280_arduino:/home/amin/cobot/cobot_ws/install/mycobot_280:/home/amin/cobot/cobot_ws/install/mybuddy:/home/amin/cobot/cobot_ws/install/myarm_300:/home/amin/cobot/cobot_ws/install/mecharm_pi:/home/amin/cobot/cobot_ws/install/mecharm:/home/amin/cobot/cobot_ws/install/mycobot_description:/opt/ros/jazzy DEBUGINFOD_URLS=https://debuginfod.ubuntu.com /usr/bin/cmake --install /home/amin/cobot/cobot_ws/build/mypalletizer_interfaces
[2.884s] -- Install configuration: ""
[2.885s] -- Up-to-date: /home/amin/cobot/cobot_ws/install/mypalletizer_interfaces/share/ament_index/resource_index/rosidl_interfaces/mypalletizer_interfaces
[2.885s] -- Up-to-date: /home/amin/cobot/cobot_ws/install/mypalletizer_interfaces/share/mypalletizer_interfaces/msg/MypalAngles.json
[2.885s] -- Up-to-date: /home/amin/cobot/cobot_ws/install/mypalletizer_interfaces/share/mypalletizer_interfaces/msg/MypalCoords.json
[2.885s] -- Up-to-date: /home/amin/cobot/cobot_ws/install/mypalletizer_interfaces/share/mypalletizer_interfaces/msg/MypalSetAngles.json
[2.886s] -- Up-to-date: /home/amin/cobot/cobot_ws/install/mypalletizer_interfaces/share/mypalletizer_interfaces/msg/MypalSetCoords.json
[2.886s] -- Up-to-date: /home/amin/cobot/cobot_ws/install/mypalletizer_interfaces/share/mypalletizer_interfaces/msg/MypalGripperStatus.json
[2.886s] -- Up-to-date: /home/amin/cobot/cobot_ws/install/mypalletizer_interfaces/share/mypalletizer_interfaces/msg/MypalPumpStatus.json
[2.886s] -- Up-to-date: /home/amin/cobot/cobot_ws/install/mypalletizer_interfaces/share/mypalletizer_interfaces/srv/GetAngles.json
[2.886s] -- Up-to-date: /home/amin/cobot/cobot_ws/install/mypalletizer_interfaces/share/mypalletizer_interfaces/srv/SetAngles.json
[2.887s] -- Up-to-date: /home/amin/cobot/cobot_ws/install/mypalletizer_interfaces/share/mypalletizer_interfaces/srv/GetCoords.json
[2.887s] -- Up-to-date: /home/amin/cobot/cobot_ws/install/mypalletizer_interfaces/share/mypalletizer_interfaces/srv/SetCoords.json
[2.887s] -- Up-to-date: /home/amin/cobot/cobot_ws/install/mypalletizer_interfaces/share/mypalletizer_interfaces/srv/GripperStatus.json
[2.887s] -- Up-to-date: /home/amin/cobot/cobot_ws/install/mypalletizer_interfaces/share/mypalletizer_interfaces/srv/PumpStatus.json
[2.888s] -- Up-to-date: /home/amin/cobot/cobot_ws/install/mypalletizer_interfaces/include/mypalletizer_interfaces/mypalletizer_interfaces
[2.888s] -- Up-to-date: /home/amin/cobot/cobot_ws/install/mypalletizer_interfaces/include/mypalletizer_interfaces/mypalletizer_interfaces/srv
[2.888s] -- Up-to-date: /home/amin/cobot/cobot_ws/install/mypalletizer_interfaces/include/mypalletizer_interfaces/mypalletizer_interfaces/srv/gripper_status.h
[2.889s] -- Up-to-date: /home/amin/cobot/cobot_ws/install/mypalletizer_interfaces/include/mypalletizer_interfaces/mypalletizer_interfaces/srv/detail
[2.889s] -- Up-to-date: /home/amin/cobot/cobot_ws/install/mypalletizer_interfaces/include/mypalletizer_interfaces/mypalletizer_interfaces/srv/detail/set_coords__type_support.h
[2.889s] -- Up-to-date: /home/amin/cobot/cobot_ws/install/mypalletizer_interfaces/include/mypalletizer_interfaces/mypalletizer_interfaces/srv/detail/gripper_status__description.c
[2.889s] -- Up-to-date: /home/amin/cobot/cobot_ws/install/mypalletizer_interfaces/include/mypalletizer_interfaces/mypalletizer_interfaces/srv/detail/gripper_status__functions.h
[2.890s] -- Up-to-date: /home/amin/cobot/cobot_ws/install/mypalletizer_interfaces/include/mypalletizer_interfaces/mypalletizer_interfaces/srv/detail/set_angles__struct.h
[2.890s] -- Up-to-date: /home/amin/cobot/cobot_ws/install/mypalletizer_interfaces/include/mypalletizer_interfaces/mypalletizer_interfaces/srv/detail/set_coords__functions.h
[2.890s] -- Installing: /home/amin/cobot/cobot_ws/install/mypalletizer_interfaces/include/mypalletizer_interfaces/mypalletizer_interfaces/srv/detail/pump_status__type_support.c
[2.890s] -- Installing: /home/amin/cobot/cobot_ws/install/mypalletizer_interfaces/include/mypalletizer_interfaces/mypalletizer_interfaces/srv/detail/get_coords__type_support.c
[2.891s] -- Up-to-date: /home/amin/cobot/cobot_ws/install/mypalletizer_interfaces/include/mypalletizer_interfaces/mypalletizer_interfaces/srv/detail/set_angles__description.c
[2.891s] -- Up-to-date: /home/amin/cobot/cobot_ws/install/mypalletizer_interfaces/include/mypalletizer_interfaces/mypalletizer_interfaces/srv/detail/gripper_status__struct.h
[2.891s] -- Up-to-date: /home/amin/cobot/cobot_ws/install/mypalletizer_interfaces/include/mypalletizer_interfaces/mypalletizer_interfaces/srv/detail/get_angles__type_support.h
[2.891s] -- Up-to-date: /home/amin/cobot/cobot_ws/install/mypalletizer_interfaces/include/mypalletizer_interfaces/mypalletizer_interfaces/srv/detail/set_coords__functions.c
[2.892s] -- Installing: /home/amin/cobot/cobot_ws/install/mypalletizer_interfaces/include/mypalletizer_interfaces/mypalletizer_interfaces/srv/detail/set_coords__type_support.c
[2.892s] -- Installing: /home/amin/cobot/cobot_ws/install/mypalletizer_interfaces/include/mypalletizer_interfaces/mypalletizer_interfaces/srv/detail/set_angles__type_support.c
[2.892s] -- Up-to-date: /home/amin/cobot/cobot_ws/install/mypalletizer_interfaces/include/mypalletizer_interfaces/mypalletizer_interfaces/srv/detail/gripper_status__type_support.h
[2.892s] -- Up-to-date: /home/amin/cobot/cobot_ws/install/mypalletizer_interfaces/include/mypalletizer_interfaces/mypalletizer_interfaces/srv/detail/pump_status__struct.h
[2.893s] -- Up-to-date: /home/amin/cobot/cobot_ws/install/mypalletizer_interfaces/include/mypalletizer_interfaces/mypalletizer_interfaces/srv/detail/get_angles__struct.h
[2.894s] -- Up-to-date: /home/amin/cobot/cobot_ws/install/mypalletizer_interfaces/include/mypalletizer_interfaces/mypalletizer_interfaces/srv/detail/get_coords__description.c
[2.896s] -- Up-to-date: /home/amin/cobot/cobot_ws/install/mypalletizer_interfaces/include/mypalletizer_interfaces/mypalletizer_interfaces/srv/detail/set_coords__description.c
[2.897s] -- Up-to-date: /home/amin/cobot/cobot_ws/install/mypalletizer_interfaces/include/mypalletizer_interfaces/mypalletizer_interfaces/srv/detail/get_coords__functions.h
[2.897s] -- Installing: /home/amin/cobot/cobot_ws/install/mypalletizer_interfaces/include/mypalletizer_interfaces/mypalletizer_interfaces/srv/detail/get_angles__type_support.c
[2.897s] -- Up-to-date: /home/amin/cobot/cobot_ws/install/mypalletizer_interfaces/include/mypalletizer_interfaces/mypalletizer_interfaces/srv/detail/get_angles__functions.h
[2.898s] -- Installing: /home/amin/cobot/cobot_ws/install/mypalletizer_interfaces/include/mypalletizer_interfaces/mypalletizer_interfaces/srv/detail/gripper_status__type_support.c
[2.898s] -- Up-to-date: /home/amin/cobot/cobot_ws/install/mypalletizer_interfaces/include/mypalletizer_interfaces/mypalletizer_interfaces/srv/detail/get_angles__functions.c
[2.898s] -- Up-to-date: /home/amin/cobot/cobot_ws/install/mypalletizer_interfaces/include/mypalletizer_interfaces/mypalletizer_interfaces/srv/detail/pump_status__functions.c
[2.899s] -- Up-to-date: /home/amin/cobot/cobot_ws/install/mypalletizer_interfaces/include/mypalletizer_interfaces/mypalletizer_interfaces/srv/detail/pump_status__description.c
[2.899s] -- Up-to-date: /home/amin/cobot/cobot_ws/install/mypalletizer_interfaces/include/mypalletizer_interfaces/mypalletizer_interfaces/srv/detail/get_coords__type_support.h
[2.899s] -- Up-to-date: /home/amin/cobot/cobot_ws/install/mypalletizer_interfaces/include/mypalletizer_interfaces/mypalletizer_interfaces/srv/detail/set_angles__type_support.h
[2.905s] -- Up-to-date: /home/amin/cobot/cobot_ws/install/mypalletizer_interfaces/include/mypalletizer_interfaces/mypalletizer_interfaces/srv/detail/get_coords__functions.c
[2.906s] -- Up-to-date: /home/amin/cobot/cobot_ws/install/mypalletizer_interfaces/include/mypalletizer_interfaces/mypalletizer_interfaces/srv/detail/gripper_status__functions.c
[2.906s] -- Up-to-date: /home/amin/cobot/cobot_ws/install/mypalletizer_interfaces/include/mypalletizer_interfaces/mypalletizer_interfaces/srv/detail/get_angles__description.c
[2.907s] -- Up-to-date: /home/amin/cobot/cobot_ws/install/mypalletizer_interfaces/include/mypalletizer_interfaces/mypalletizer_interfaces/srv/detail/pump_status__functions.h
[2.907s] -- Up-to-date: /home/amin/cobot/cobot_ws/install/mypalletizer_interfaces/include/mypalletizer_interfaces/mypalletizer_interfaces/srv/detail/set_angles__functions.c
[2.907s] -- Up-to-date: /home/amin/cobot/cobot_ws/install/mypalletizer_interfaces/include/mypalletizer_interfaces/mypalletizer_interfaces/srv/detail/set_coords__struct.h
[2.908s] -- Up-to-date: /home/amin/cobot/cobot_ws/install/mypalletizer_interfaces/include/mypalletizer_interfaces/mypalletizer_interfaces/srv/detail/get_coords__struct.h
[2.908s] -- Up-to-date: /home/amin/cobot/cobot_ws/install/mypalletizer_interfaces/include/mypalletizer_interfaces/mypalletizer_interfaces/srv/detail/set_angles__functions.h
[2.908s] -- Up-to-date: /home/amin/cobot/cobot_ws/install/mypalletizer_interfaces/include/mypalletizer_interfaces/mypalletizer_interfaces/srv/detail/pump_status__type_support.h
[2.908s] -- Up-to-date: /home/amin/cobot/cobot_ws/install/mypalletizer_interfaces/include/mypalletizer_interfaces/mypalletizer_interfaces/srv/get_coords.h
[2.908s] -- Up-to-date: /home/amin/cobot/cobot_ws/install/mypalletizer_interfaces/include/mypalletizer_interfaces/mypalletizer_interfaces/srv/get_angles.h
[2.909s] -- Up-to-date: /home/amin/cobot/cobot_ws/install/mypalletizer_interfaces/include/mypalletizer_interfaces/mypalletizer_interfaces/srv/pump_status.h
[2.909s] -- Up-to-date: /home/amin/cobot/cobot_ws/install/mypalletizer_interfaces/include/mypalletizer_interfaces/mypalletizer_interfaces/srv/set_angles.h
[2.909s] -- Up-to-date: /home/amin/cobot/cobot_ws/install/mypalletizer_interfaces/include/mypalletizer_interfaces/mypalletizer_interfaces/srv/set_coords.h
[2.911s] -- Up-to-date: /home/amin/cobot/cobot_ws/install/mypalletizer_interfaces/include/mypalletizer_interfaces/mypalletizer_interfaces/msg
[2.912s] -- Up-to-date: /home/amin/cobot/cobot_ws/install/mypalletizer_interfaces/include/mypalletizer_interfaces/mypalletizer_interfaces/msg/mypal_pump_status.h
[2.914s] -- Up-to-date: /home/amin/cobot/cobot_ws/install/mypalletizer_interfaces/include/mypalletizer_interfaces/mypalletizer_interfaces/msg/detail
[2.915s] -- Up-to-date: /home/amin/cobot/cobot_ws/install/mypalletizer_interfaces/include/mypalletizer_interfaces/mypalletizer_interfaces/msg/detail/mypal_angles__type_support.h
[2.915s] -- Up-to-date: /home/amin/cobot/cobot_ws/install/mypalletizer_interfaces/include/mypalletizer_interfaces/mypalletizer_interfaces/msg/detail/mypal_set_angles__functions.c
[2.916s] -- Up-to-date: /home/amin/cobot/cobot_ws/install/mypalletizer_interfaces/include/mypalletizer_interfaces/mypalletizer_interfaces/msg/detail/mypal_set_angles__functions.h
[2.916s] -- Up-to-date: /home/amin/cobot/cobot_ws/install/mypalletizer_interfaces/include/mypalletizer_interfaces/mypalletizer_interfaces/msg/detail/mypal_angles__functions.c
[2.916s] -- Up-to-date: /home/amin/cobot/cobot_ws/install/mypalletizer_interfaces/include/mypalletizer_interfaces/mypalletizer_interfaces/msg/detail/mypal_set_angles__struct.h
[2.916s] -- Up-to-date: /home/amin/cobot/cobot_ws/install/mypalletizer_interfaces/include/mypalletizer_interfaces/mypalletizer_interfaces/msg/detail/mypal_gripper_status__functions.h
[2.916s] -- Up-to-date: /home/amin/cobot/cobot_ws/install/mypalletizer_interfaces/include/mypalletizer_interfaces/mypalletizer_interfaces/msg/detail/mypal_set_coords__functions.c
[2.917s] -- Installing: /home/amin/cobot/cobot_ws/install/mypalletizer_interfaces/include/mypalletizer_interfaces/mypalletizer_interfaces/msg/detail/mypal_angles__type_support.c
[2.917s] -- Installing: /home/amin/cobot/cobot_ws/install/mypalletizer_interfaces/include/mypalletizer_interfaces/mypalletizer_interfaces/msg/detail/mypal_pump_status__type_support.c
[2.917s] -- Up-to-date: /home/amin/cobot/cobot_ws/install/mypalletizer_interfaces/include/mypalletizer_interfaces/mypalletizer_interfaces/msg/detail/mypal_gripper_status__description.c
[2.917s] -- Up-to-date: /home/amin/cobot/cobot_ws/install/mypalletizer_interfaces/include/mypalletizer_interfaces/mypalletizer_interfaces/msg/detail/mypal_set_coords__description.c
[2.918s] -- Installing: /home/amin/cobot/cobot_ws/install/mypalletizer_interfaces/include/mypalletizer_interfaces/mypalletizer_interfaces/msg/detail/mypal_gripper_status__type_support.c
[2.918s] -- Up-to-date: /home/amin/cobot/cobot_ws/install/mypalletizer_interfaces/include/mypalletizer_interfaces/mypalletizer_interfaces/msg/detail/mypal_set_angles__type_support.h
[2.918s] -- Up-to-date: /home/amin/cobot/cobot_ws/install/mypalletizer_interfaces/include/mypalletizer_interfaces/mypalletizer_interfaces/msg/detail/mypal_pump_status__description.c
[2.918s] -- Installing: /home/amin/cobot/cobot_ws/install/mypalletizer_interfaces/include/mypalletizer_interfaces/mypalletizer_interfaces/msg/detail/mypal_coords__type_support.c
[2.918s] -- Up-to-date: /home/amin/cobot/cobot_ws/install/mypalletizer_interfaces/include/mypalletizer_interfaces/mypalletizer_interfaces/msg/detail/mypal_set_angles__description.c
[2.918s] -- Up-to-date: /home/amin/cobot/cobot_ws/install/mypalletizer_interfaces/include/mypalletizer_interfaces/mypalletizer_interfaces/msg/detail/mypal_coords__type_support.h
[2.918s] -- Up-to-date: /home/amin/cobot/cobot_ws/install/mypalletizer_interfaces/include/mypalletizer_interfaces/mypalletizer_interfaces/msg/detail/mypal_pump_status__functions.h
[2.919s] -- Up-to-date: /home/amin/cobot/cobot_ws/install/mypalletizer_interfaces/include/mypalletizer_interfaces/mypalletizer_interfaces/msg/detail/mypal_coords__functions.c
[2.919s] -- Up-to-date: /home/amin/cobot/cobot_ws/install/mypalletizer_interfaces/include/mypalletizer_interfaces/mypalletizer_interfaces/msg/detail/mypal_set_coords__type_support.h
[2.919s] -- Up-to-date: /home/amin/cobot/cobot_ws/install/mypalletizer_interfaces/include/mypalletizer_interfaces/mypalletizer_interfaces/msg/detail/mypal_coords__functions.h
[2.919s] -- Installing: /home/amin/cobot/cobot_ws/install/mypalletizer_interfaces/include/mypalletizer_interfaces/mypalletizer_interfaces/msg/detail/mypal_set_angles__type_support.c
[2.919s] -- Up-to-date: /home/amin/cobot/cobot_ws/install/mypalletizer_interfaces/include/mypalletizer_interfaces/mypalletizer_interfaces/msg/detail/mypal_angles__description.c
[2.919s] -- Up-to-date: /home/amin/cobot/cobot_ws/install/mypalletizer_interfaces/include/mypalletizer_interfaces/mypalletizer_interfaces/msg/detail/mypal_gripper_status__type_support.h
[2.919s] -- Up-to-date: /home/amin/cobot/cobot_ws/install/mypalletizer_interfaces/include/mypalletizer_interfaces/mypalletizer_interfaces/msg/detail/mypal_set_coords__struct.h
[2.920s] -- Up-to-date: /home/amin/cobot/cobot_ws/install/mypalletizer_interfaces/include/mypalletizer_interfaces/mypalletizer_interfaces/msg/detail/mypal_pump_status__functions.c
[2.920s] -- Up-to-date: /home/amin/cobot/cobot_ws/install/mypalletizer_interfaces/include/mypalletizer_interfaces/mypalletizer_interfaces/msg/detail/mypal_coords__description.c
[2.920s] -- Installing: /home/amin/cobot/cobot_ws/install/mypalletizer_interfaces/include/mypalletizer_interfaces/mypalletizer_interfaces/msg/detail/mypal_set_coords__type_support.c
[2.920s] -- Up-to-date: /home/amin/cobot/cobot_ws/install/mypalletizer_interfaces/include/mypalletizer_interfaces/mypalletizer_interfaces/msg/detail/mypal_gripper_status__functions.c
[2.920s] -- Up-to-date: /home/amin/cobot/cobot_ws/install/mypalletizer_interfaces/include/mypalletizer_interfaces/mypalletizer_interfaces/msg/detail/mypal_coords__struct.h
[2.920s] -- Up-to-date: /home/amin/cobot/cobot_ws/install/mypalletizer_interfaces/include/mypalletizer_interfaces/mypalletizer_interfaces/msg/detail/mypal_angles__functions.h
[2.920s] -- Up-to-date: /home/amin/cobot/cobot_ws/install/mypalletizer_interfaces/include/mypalletizer_interfaces/mypalletizer_interfaces/msg/detail/mypal_pump_status__struct.h
[2.921s] -- Up-to-date: /home/amin/cobot/cobot_ws/install/mypalletizer_interfaces/include/mypalletizer_interfaces/mypalletizer_interfaces/msg/detail/mypal_pump_status__type_support.h
[2.921s] -- Up-to-date: /home/amin/cobot/cobot_ws/install/mypalletizer_interfaces/include/mypalletizer_interfaces/mypalletizer_interfaces/msg/detail/mypal_gripper_status__struct.h
[2.921s] -- Up-to-date: /home/amin/cobot/cobot_ws/install/mypalletizer_interfaces/include/mypalletizer_interfaces/mypalletizer_interfaces/msg/detail/mypal_set_coords__functions.h
[2.921s] -- Up-to-date: /home/amin/cobot/cobot_ws/install/mypalletizer_interfaces/include/mypalletizer_interfaces/mypalletizer_interfaces/msg/detail/mypal_angles__struct.h
[2.922s] -- Up-to-date: /home/amin/cobot/cobot_ws/install/mypalletizer_interfaces/include/mypalletizer_interfaces/mypalletizer_interfaces/msg/rosidl_generator_c__visibility_control.h
[2.922s] -- Up-to-date: /home/amin/cobot/cobot_ws/install/mypalletizer_interfaces/include/mypalletizer_interfaces/mypalletizer_interfaces/msg/mypal_coords.h
[2.922s] -- Up-to-date: /home/amin/cobot/cobot_ws/install/mypalletizer_interfaces/include/mypalletizer_interfaces/mypalletizer_interfaces/msg/mypal_set_angles.h
[2.922s] -- Up-to-date: /home/amin/cobot/cobot_ws/install/mypalletizer_interfaces/include/mypalletizer_interfaces/mypalletizer_interfaces/msg/mypal_angles.h
[2.922s] -- Up-to-date: /home/amin/cobot/cobot_ws/install/mypalletizer_interfaces/include/mypalletizer_interfaces/mypalletizer_interfaces/msg/mypal_gripper_status.h
[2.922s] -- Up-to-date: /home/amin/cobot/cobot_ws/install/mypalletizer_interfaces/include/mypalletizer_interfaces/mypalletizer_interfaces/msg/mypal_set_coords.h
[2.923s] -- Up-to-date: /home/amin/cobot/cobot_ws/install/mypalletizer_interfaces/share/mypalletizer_interfaces/environment/library_path.sh
[2.923s] -- Up-to-date: /home/amin/cobot/cobot_ws/install/mypalletizer_interfaces/share/mypalletizer_interfaces/environment/library_path.dsv
[2.923s] -- Up-to-date: /home/amin/cobot/cobot_ws/install/mypalletizer_interfaces/lib/libmypalletizer_interfaces__rosidl_generator_c.so
[2.923s] -- Up-to-date: /home/amin/cobot/cobot_ws/install/mypalletizer_interfaces/include/mypalletizer_interfaces/mypalletizer_interfaces
[2.923s] -- Up-to-date: /home/amin/cobot/cobot_ws/install/mypalletizer_interfaces/include/mypalletizer_interfaces/mypalletizer_interfaces/srv
[2.923s] -- Up-to-date: /home/amin/cobot/cobot_ws/install/mypalletizer_interfaces/include/mypalletizer_interfaces/mypalletizer_interfaces/srv/detail
[2.923s] -- Up-to-date: /home/amin/cobot/cobot_ws/install/mypalletizer_interfaces/include/mypalletizer_interfaces/mypalletizer_interfaces/srv/detail/pump_status__rosidl_typesupport_fastrtps_c.h
[2.924s] -- Up-to-date: /home/amin/cobot/cobot_ws/install/mypalletizer_interfaces/include/mypalletizer_interfaces/mypalletizer_interfaces/srv/detail/get_coords__rosidl_typesupport_fastrtps_c.h
[2.924s] -- Up-to-date: /home/amin/cobot/cobot_ws/install/mypalletizer_interfaces/include/mypalletizer_interfaces/mypalletizer_interfaces/srv/detail/get_angles__rosidl_typesupport_fastrtps_c.h
[2.924s] -- Up-to-date: /home/amin/cobot/cobot_ws/install/mypalletizer_interfaces/include/mypalletizer_interfaces/mypalletizer_interfaces/srv/detail/set_angles__rosidl_typesupport_fastrtps_c.h
[2.924s] -- Up-to-date: /home/amin/cobot/cobot_ws/install/mypalletizer_interfaces/include/mypalletizer_interfaces/mypalletizer_interfaces/srv/detail/gripper_status__rosidl_typesupport_fastrtps_c.h
[2.924s] -- Up-to-date: /home/amin/cobot/cobot_ws/install/mypalletizer_interfaces/include/mypalletizer_interfaces/mypalletizer_interfaces/srv/detail/set_coords__rosidl_typesupport_fastrtps_c.h
[2.924s] -- Up-to-date: /home/amin/cobot/cobot_ws/install/mypalletizer_interfaces/include/mypalletizer_interfaces/mypalletizer_interfaces/msg
[2.924s] -- Up-to-date: /home/amin/cobot/cobot_ws/install/mypalletizer_interfaces/include/mypalletizer_interfaces/mypalletizer_interfaces/msg/detail
[2.925s] -- Up-to-date: /home/amin/cobot/cobot_ws/install/mypalletizer_interfaces/include/mypalletizer_interfaces/mypalletizer_interfaces/msg/detail/mypal_set_angles__rosidl_typesupport_fastrtps_c.h
[2.925s] -- Up-to-date: /home/amin/cobot/cobot_ws/install/mypalletizer_interfaces/include/mypalletizer_interfaces/mypalletizer_interfaces/msg/detail/mypal_pump_status__rosidl_typesupport_fastrtps_c.h
[2.925s] -- Up-to-date: /home/amin/cobot/cobot_ws/install/mypalletizer_interfaces/include/mypalletizer_interfaces/mypalletizer_interfaces/msg/detail/mypal_coords__rosidl_typesupport_fastrtps_c.h
[2.925s] -- Up-to-date: /home/amin/cobot/cobot_ws/install/mypalletizer_interfaces/include/mypalletizer_interfaces/mypalletizer_interfaces/msg/detail/mypal_set_coords__rosidl_typesupport_fastrtps_c.h
[2.925s] -- Up-to-date: /home/amin/cobot/cobot_ws/install/mypalletizer_interfaces/include/mypalletizer_interfaces/mypalletizer_interfaces/msg/detail/mypal_angles__rosidl_typesupport_fastrtps_c.h
[2.925s] -- Up-to-date: /home/amin/cobot/cobot_ws/install/mypalletizer_interfaces/include/mypalletizer_interfaces/mypalletizer_interfaces/msg/detail/mypal_gripper_status__rosidl_typesupport_fastrtps_c.h
[2.926s] -- Up-to-date: /home/amin/cobot/cobot_ws/install/mypalletizer_interfaces/include/mypalletizer_interfaces/mypalletizer_interfaces/msg/rosidl_typesupport_fastrtps_c__visibility_control.h
[2.926s] -- Up-to-date: /home/amin/cobot/cobot_ws/install/mypalletizer_interfaces/lib/libmypalletizer_interfaces__rosidl_typesupport_fastrtps_c.so
[2.926s] -- Up-to-date: /home/amin/cobot/cobot_ws/install/mypalletizer_interfaces/include/mypalletizer_interfaces/mypalletizer_interfaces
[2.926s] -- Up-to-date: /home/amin/cobot/cobot_ws/install/mypalletizer_interfaces/include/mypalletizer_interfaces/mypalletizer_interfaces/srv
[2.926s] -- Up-to-date: /home/amin/cobot/cobot_ws/install/mypalletizer_interfaces/include/mypalletizer_interfaces/mypalletizer_interfaces/srv/detail
[2.926s] -- Installing: /home/amin/cobot/cobot_ws/install/mypalletizer_interfaces/include/mypalletizer_interfaces/mypalletizer_interfaces/srv/detail/pump_status__type_support.c
[2.927s] -- Installing: /home/amin/cobot/cobot_ws/install/mypalletizer_interfaces/include/mypalletizer_interfaces/mypalletizer_interfaces/srv/detail/get_coords__type_support.c
[2.928s] -- Up-to-date: /home/amin/cobot/cobot_ws/install/mypalletizer_interfaces/include/mypalletizer_interfaces/mypalletizer_interfaces/srv/detail/set_angles__rosidl_typesupport_introspection_c.h
[2.928s] -- Installing: /home/amin/cobot/cobot_ws/install/mypalletizer_interfaces/include/mypalletizer_interfaces/mypalletizer_interfaces/srv/detail/set_coords__type_support.c
[2.928s] -- Installing: /home/amin/cobot/cobot_ws/install/mypalletizer_interfaces/include/mypalletizer_interfaces/mypalletizer_interfaces/srv/detail/set_angles__type_support.c
[2.928s] -- Up-to-date: /home/amin/cobot/cobot_ws/install/mypalletizer_interfaces/include/mypalletizer_interfaces/mypalletizer_interfaces/srv/detail/pump_status__rosidl_typesupport_introspection_c.h
[2.928s] -- Installing: /home/amin/cobot/cobot_ws/install/mypalletizer_interfaces/include/mypalletizer_interfaces/mypalletizer_interfaces/srv/detail/get_angles__type_support.c
[2.928s] -- Up-to-date: /home/amin/cobot/cobot_ws/install/mypalletizer_interfaces/include/mypalletizer_interfaces/mypalletizer_interfaces/srv/detail/get_angles__rosidl_typesupport_introspection_c.h
[2.928s] -- Installing: /home/amin/cobot/cobot_ws/install/mypalletizer_interfaces/include/mypalletizer_interfaces/mypalletizer_interfaces/srv/detail/gripper_status__type_support.c
[2.929s] -- Up-to-date: /home/amin/cobot/cobot_ws/install/mypalletizer_interfaces/include/mypalletizer_interfaces/mypalletizer_interfaces/srv/detail/set_coords__rosidl_typesupport_introspection_c.h
[2.929s] -- Up-to-date: /home/amin/cobot/cobot_ws/install/mypalletizer_interfaces/include/mypalletizer_interfaces/mypalletizer_interfaces/srv/detail/get_coords__rosidl_typesupport_introspection_c.h
[2.929s] -- Up-to-date: /home/amin/cobot/cobot_ws/install/mypalletizer_interfaces/include/mypalletizer_interfaces/mypalletizer_interfaces/srv/detail/gripper_status__rosidl_typesupport_introspection_c.h
[2.929s] -- Up-to-date: /home/amin/cobot/cobot_ws/install/mypalletizer_interfaces/include/mypalletizer_interfaces/mypalletizer_interfaces/msg
[2.929s] -- Up-to-date: /home/amin/cobot/cobot_ws/install/mypalletizer_interfaces/include/mypalletizer_interfaces/mypalletizer_interfaces/msg/detail
[2.929s] -- Installing: /home/amin/cobot/cobot_ws/install/mypalletizer_interfaces/include/mypalletizer_interfaces/mypalletizer_interfaces/msg/detail/mypal_angles__type_support.c
[2.930s] -- Up-to-date: /home/amin/cobot/cobot_ws/install/mypalletizer_interfaces/include/mypalletizer_interfaces/mypalletizer_interfaces/msg/detail/mypal_pump_status__rosidl_typesupport_introspection_c.h
[2.930s] -- Installing: /home/amin/cobot/cobot_ws/install/mypalletizer_interfaces/include/mypalletizer_interfaces/mypalletizer_interfaces/msg/detail/mypal_pump_status__type_support.c
[2.930s] -- Installing: /home/amin/cobot/cobot_ws/install/mypalletizer_interfaces/include/mypalletizer_interfaces/mypalletizer_interfaces/msg/detail/mypal_gripper_status__type_support.c
[2.930s] -- Installing: /home/amin/cobot/cobot_ws/install/mypalletizer_interfaces/include/mypalletizer_interfaces/mypalletizer_interfaces/msg/detail/mypal_coords__type_support.c
[2.930s] -- Installing: /home/amin/cobot/cobot_ws/install/mypalletizer_interfaces/include/mypalletizer_interfaces/mypalletizer_interfaces/msg/detail/mypal_set_angles__type_support.c
[2.931s] -- Up-to-date: /home/amin/cobot/cobot_ws/install/mypalletizer_interfaces/include/mypalletizer_interfaces/mypalletizer_interfaces/msg/detail/mypal_gripper_status__rosidl_typesupport_introspection_c.h
[2.932s] -- Up-to-date: /home/amin/cobot/cobot_ws/install/mypalletizer_interfaces/include/mypalletizer_interfaces/mypalletizer_interfaces/msg/detail/mypal_set_coords__rosidl_typesupport_introspection_c.h
[2.932s] -- Installing: /home/amin/cobot/cobot_ws/install/mypalletizer_interfaces/include/mypalletizer_interfaces/mypalletizer_interfaces/msg/detail/mypal_set_coords__type_support.c
[2.932s] -- Up-to-date: /home/amin/cobot/cobot_ws/install/mypalletizer_interfaces/include/mypalletizer_interfaces/mypalletizer_interfaces/msg/detail/mypal_angles__rosidl_typesupport_introspection_c.h
[2.932s] -- Up-to-date: /home/amin/cobot/cobot_ws/install/mypalletizer_interfaces/include/mypalletizer_interfaces/mypalletizer_interfaces/msg/detail/mypal_set_angles__rosidl_typesupport_introspection_c.h
[2.932s] -- Up-to-date: /home/amin/cobot/cobot_ws/install/mypalletizer_interfaces/include/mypalletizer_interfaces/mypalletizer_interfaces/msg/detail/mypal_coords__rosidl_typesupport_introspection_c.h
[2.933s] -- Up-to-date: /home/amin/cobot/cobot_ws/install/mypalletizer_interfaces/include/mypalletizer_interfaces/mypalletizer_interfaces/msg/rosidl_typesupport_introspection_c__visibility_control.h
[2.933s] -- Up-to-date: /home/amin/cobot/cobot_ws/install/mypalletizer_interfaces/lib/libmypalletizer_interfaces__rosidl_typesupport_introspection_c.so
[2.933s] -- Up-to-date: /home/amin/cobot/cobot_ws/install/mypalletizer_interfaces/lib/libmypalletizer_interfaces__rosidl_typesupport_c.so
[2.933s] -- Up-to-date: /home/amin/cobot/cobot_ws/install/mypalletizer_interfaces/include/mypalletizer_interfaces/mypalletizer_interfaces
[2.933s] -- Up-to-date: /home/amin/cobot/cobot_ws/install/mypalletizer_interfaces/include/mypalletizer_interfaces/mypalletizer_interfaces/srv
[2.935s] -- Up-to-date: /home/amin/cobot/cobot_ws/install/mypalletizer_interfaces/include/mypalletizer_interfaces/mypalletizer_interfaces/srv/set_angles.hpp
[2.935s] -- Up-to-date: /home/amin/cobot/cobot_ws/install/mypalletizer_interfaces/include/mypalletizer_interfaces/mypalletizer_interfaces/srv/get_coords.hpp
[2.935s] -- Up-to-date: /home/amin/cobot/cobot_ws/install/mypalletizer_interfaces/include/mypalletizer_interfaces/mypalletizer_interfaces/srv/gripper_status.hpp
[2.935s] -- Up-to-date: /home/amin/cobot/cobot_ws/install/mypalletizer_interfaces/include/mypalletizer_interfaces/mypalletizer_interfaces/srv/detail
[2.935s] -- Up-to-date: /home/amin/cobot/cobot_ws/install/mypalletizer_interfaces/include/mypalletizer_interfaces/mypalletizer_interfaces/srv/detail/get_coords__type_support.hpp
[2.935s] -- Up-to-date: /home/amin/cobot/cobot_ws/install/mypalletizer_interfaces/include/mypalletizer_interfaces/mypalletizer_interfaces/srv/detail/get_angles__builder.hpp
[2.936s] -- Up-to-date: /home/amin/cobot/cobot_ws/install/mypalletizer_interfaces/include/mypalletizer_interfaces/mypalletizer_interfaces/srv/detail/gripper_status__type_support.hpp
[2.936s] -- Up-to-date: /home/amin/cobot/cobot_ws/install/mypalletizer_interfaces/include/mypalletizer_interfaces/mypalletizer_interfaces/srv/detail/set_angles__traits.hpp
[2.936s] -- Up-to-date: /home/amin/cobot/cobot_ws/install/mypalletizer_interfaces/include/mypalletizer_interfaces/mypalletizer_interfaces/srv/detail/set_angles__builder.hpp
[2.936s] -- Up-to-date: /home/amin/cobot/cobot_ws/install/mypalletizer_interfaces/include/mypalletizer_interfaces/mypalletizer_interfaces/srv/detail/gripper_status__struct.hpp
[2.936s] -- Up-to-date: /home/amin/cobot/cobot_ws/install/mypalletizer_interfaces/include/mypalletizer_interfaces/mypalletizer_interfaces/srv/detail/gripper_status__traits.hpp
[2.937s] -- Up-to-date: /home/amin/cobot/cobot_ws/install/mypalletizer_interfaces/include/mypalletizer_interfaces/mypalletizer_interfaces/srv/detail/set_coords__struct.hpp
[2.937s] -- Up-to-date: /home/amin/cobot/cobot_ws/install/mypalletizer_interfaces/include/mypalletizer_interfaces/mypalletizer_interfaces/srv/detail/pump_status__builder.hpp
[2.937s] -- Up-to-date: /home/amin/cobot/cobot_ws/install/mypalletizer_interfaces/include/mypalletizer_interfaces/mypalletizer_interfaces/srv/detail/set_coords__builder.hpp
[2.937s] -- Up-to-date: /home/amin/cobot/cobot_ws/install/mypalletizer_interfaces/include/mypalletizer_interfaces/mypalletizer_interfaces/srv/detail/pump_status__type_support.hpp
[2.937s] -- Up-to-date: /home/amin/cobot/cobot_ws/install/mypalletizer_interfaces/include/mypalletizer_interfaces/mypalletizer_interfaces/srv/detail/get_coords__struct.hpp
[2.938s] -- Up-to-date: /home/amin/cobot/cobot_ws/install/mypalletizer_interfaces/include/mypalletizer_interfaces/mypalletizer_interfaces/srv/detail/gripper_status__builder.hpp
[2.938s] -- Up-to-date: /home/amin/cobot/cobot_ws/install/mypalletizer_interfaces/include/mypalletizer_interfaces/mypalletizer_interfaces/srv/detail/pump_status__traits.hpp
[2.938s] -- Up-to-date: /home/amin/cobot/cobot_ws/install/mypalletizer_interfaces/include/mypalletizer_interfaces/mypalletizer_interfaces/srv/detail/get_angles__type_support.hpp
[2.938s] -- Up-to-date: /home/amin/cobot/cobot_ws/install/mypalletizer_interfaces/include/mypalletizer_interfaces/mypalletizer_interfaces/srv/detail/get_coords__traits.hpp
[2.938s] -- Up-to-date: /home/amin/cobot/cobot_ws/install/mypalletizer_interfaces/include/mypalletizer_interfaces/mypalletizer_interfaces/srv/detail/set_angles__struct.hpp
[2.939s] -- Up-to-date: /home/amin/cobot/cobot_ws/install/mypalletizer_interfaces/include/mypalletizer_interfaces/mypalletizer_interfaces/srv/detail/get_angles__traits.hpp
[2.939s] -- Up-to-date: /home/amin/cobot/cobot_ws/install/mypalletizer_interfaces/include/mypalletizer_interfaces/mypalletizer_interfaces/srv/detail/get_coords__builder.hpp
[2.939s] -- Up-to-date: /home/amin/cobot/cobot_ws/install/mypalletizer_interfaces/include/mypalletizer_interfaces/mypalletizer_interfaces/srv/detail/set_coords__type_support.hpp
[2.939s] -- Up-to-date: /home/amin/cobot/cobot_ws/install/mypalletizer_interfaces/include/mypalletizer_interfaces/mypalletizer_interfaces/srv/detail/set_angles__type_support.hpp
[2.939s] -- Up-to-date: /home/amin/cobot/cobot_ws/install/mypalletizer_interfaces/include/mypalletizer_interfaces/mypalletizer_interfaces/srv/detail/set_coords__traits.hpp
[2.939s] -- Up-to-date: /home/amin/cobot/cobot_ws/install/mypalletizer_interfaces/include/mypalletizer_interfaces/mypalletizer_interfaces/srv/detail/get_angles__struct.hpp
[2.940s] -- Up-to-date: /home/amin/cobot/cobot_ws/install/mypalletizer_interfaces/include/mypalletizer_interfaces/mypalletizer_interfaces/srv/detail/pump_status__struct.hpp
[2.940s] -- Up-to-date: /home/amin/cobot/cobot_ws/install/mypalletizer_interfaces/include/mypalletizer_interfaces/mypalletizer_interfaces/srv/set_coords.hpp
[2.940s] -- Up-to-date: /home/amin/cobot/cobot_ws/install/mypalletizer_interfaces/include/mypalletizer_interfaces/mypalletizer_interfaces/srv/get_angles.hpp
[2.940s] -- Up-to-date: /home/amin/cobot/cobot_ws/install/mypalletizer_interfaces/include/mypalletizer_interfaces/mypalletizer_interfaces/srv/pump_status.hpp
[2.940s] -- Up-to-date: /home/amin/cobot/cobot_ws/install/mypalletizer_interfaces/include/mypalletizer_interfaces/mypalletizer_interfaces/msg
[2.940s] -- Up-to-date: /home/amin/cobot/cobot_ws/install/mypalletizer_interfaces/include/mypalletizer_interfaces/mypalletizer_interfaces/msg/mypal_set_coords.hpp
[2.941s] -- Up-to-date: /home/amin/cobot/cobot_ws/install/mypalletizer_interfaces/include/mypalletizer_interfaces/mypalletizer_interfaces/msg/mypal_pump_status.hpp
[2.941s] -- Up-to-date: /home/amin/cobot/cobot_ws/install/mypalletizer_interfaces/include/mypalletizer_interfaces/mypalletizer_interfaces/msg/mypal_set_angles.hpp
[2.941s] -- Up-to-date: /home/amin/cobot/cobot_ws/install/mypalletizer_interfaces/include/mypalletizer_interfaces/mypalletizer_interfaces/msg/detail
[2.942s] -- Up-to-date: /home/amin/cobot/cobot_ws/install/mypalletizer_interfaces/include/mypalletizer_interfaces/mypalletizer_interfaces/msg/detail/mypal_set_angles__struct.hpp
[2.942s] -- Up-to-date: /home/amin/cobot/cobot_ws/install/mypalletizer_interfaces/include/mypalletizer_interfaces/mypalletizer_interfaces/msg/detail/mypal_gripper_status__traits.hpp
[2.942s] -- Up-to-date: /home/amin/cobot/cobot_ws/install/mypalletizer_interfaces/include/mypalletizer_interfaces/mypalletizer_interfaces/msg/detail/mypal_coords__type_support.hpp
[2.942s] -- Up-to-date: /home/amin/cobot/cobot_ws/install/mypalletizer_interfaces/include/mypalletizer_interfaces/mypalletizer_interfaces/msg/detail/mypal_set_angles__type_support.hpp
[2.942s] -- Up-to-date: /home/amin/cobot/cobot_ws/install/mypalletizer_interfaces/include/mypalletizer_interfaces/mypalletizer_interfaces/msg/detail/mypal_set_coords__traits.hpp
[2.943s] -- Up-to-date: /home/amin/cobot/cobot_ws/install/mypalletizer_interfaces/include/mypalletizer_interfaces/mypalletizer_interfaces/msg/detail/mypal_gripper_status__type_support.hpp
[2.943s] -- Up-to-date: /home/amin/cobot/cobot_ws/install/mypalletizer_interfaces/include/mypalletizer_interfaces/mypalletizer_interfaces/msg/detail/mypal_angles__traits.hpp
[2.943s] -- Up-to-date: /home/amin/cobot/cobot_ws/install/mypalletizer_interfaces/include/mypalletizer_interfaces/mypalletizer_interfaces/msg/detail/mypal_pump_status__struct.hpp
[2.943s] -- Up-to-date: /home/amin/cobot/cobot_ws/install/mypalletizer_interfaces/include/mypalletizer_interfaces/mypalletizer_interfaces/msg/detail/mypal_coords__struct.hpp
[2.943s] -- Up-to-date: /home/amin/cobot/cobot_ws/install/mypalletizer_interfaces/include/mypalletizer_interfaces/mypalletizer_interfaces/msg/detail/mypal_gripper_status__builder.hpp
[2.943s] -- Up-to-date: /home/amin/cobot/cobot_ws/install/mypalletizer_interfaces/include/mypalletizer_interfaces/mypalletizer_interfaces/msg/detail/mypal_set_coords__builder.hpp
[2.944s] -- Up-to-date: /home/amin/cobot/cobot_ws/install/mypalletizer_interfaces/include/mypalletizer_interfaces/mypalletizer_interfaces/msg/detail/mypal_pump_status__type_support.hpp
[2.944s] -- Up-to-date: /home/amin/cobot/cobot_ws/install/mypalletizer_interfaces/include/mypalletizer_interfaces/mypalletizer_interfaces/msg/detail/mypal_set_angles__traits.hpp
[2.944s] -- Up-to-date: /home/amin/cobot/cobot_ws/install/mypalletizer_interfaces/include/mypalletizer_interfaces/mypalletizer_interfaces/msg/detail/mypal_gripper_status__struct.hpp
[2.944s] -- Up-to-date: /home/amin/cobot/cobot_ws/install/mypalletizer_interfaces/include/mypalletizer_interfaces/mypalletizer_interfaces/msg/detail/mypal_set_coords__type_support.hpp
[2.944s] -- Up-to-date: /home/amin/cobot/cobot_ws/install/mypalletizer_interfaces/include/mypalletizer_interfaces/mypalletizer_interfaces/msg/detail/mypal_angles__builder.hpp
[2.944s] -- Up-to-date: /home/amin/cobot/cobot_ws/install/mypalletizer_interfaces/include/mypalletizer_interfaces/mypalletizer_interfaces/msg/detail/mypal_pump_status__traits.hpp
[2.944s] -- Up-to-date: /home/amin/cobot/cobot_ws/install/mypalletizer_interfaces/include/mypalletizer_interfaces/mypalletizer_interfaces/msg/detail/mypal_angles__type_support.hpp
[2.945s] -- Up-to-date: /home/amin/cobot/cobot_ws/install/mypalletizer_interfaces/include/mypalletizer_interfaces/mypalletizer_interfaces/msg/detail/mypal_coords__traits.hpp
[2.945s] -- Up-to-date: /home/amin/cobot/cobot_ws/install/mypalletizer_interfaces/include/mypalletizer_interfaces/mypalletizer_interfaces/msg/detail/mypal_angles__struct.hpp
[2.945s] -- Up-to-date: /home/amin/cobot/cobot_ws/install/mypalletizer_interfaces/include/mypalletizer_interfaces/mypalletizer_interfaces/msg/detail/mypal_set_coords__struct.hpp
[2.946s] -- Up-to-date: /home/amin/cobot/cobot_ws/install/mypalletizer_interfaces/include/mypalletizer_interfaces/mypalletizer_interfaces/msg/detail/mypal_coords__builder.hpp
[2.946s] -- Up-to-date: /home/amin/cobot/cobot_ws/install/mypalletizer_interfaces/include/mypalletizer_interfaces/mypalletizer_interfaces/msg/detail/mypal_set_angles__builder.hpp
[2.946s] -- Up-to-date: /home/amin/cobot/cobot_ws/install/mypalletizer_interfaces/include/mypalletizer_interfaces/mypalletizer_interfaces/msg/detail/mypal_pump_status__builder.hpp
[2.946s] -- Up-to-date: /home/amin/cobot/cobot_ws/install/mypalletizer_interfaces/include/mypalletizer_interfaces/mypalletizer_interfaces/msg/mypal_angles.hpp
[2.946s] -- Up-to-date: /home/amin/cobot/cobot_ws/install/mypalletizer_interfaces/include/mypalletizer_interfaces/mypalletizer_interfaces/msg/rosidl_generator_cpp__visibility_control.hpp
[2.946s] -- Up-to-date: /home/amin/cobot/cobot_ws/install/mypalletizer_interfaces/include/mypalletizer_interfaces/mypalletizer_interfaces/msg/mypal_coords.hpp
[2.947s] -- Up-to-date: /home/amin/cobot/cobot_ws/install/mypalletizer_interfaces/include/mypalletizer_interfaces/mypalletizer_interfaces/msg/mypal_gripper_status.hpp
[2.947s] -- Up-to-date: /home/amin/cobot/cobot_ws/install/mypalletizer_interfaces/include/mypalletizer_interfaces/mypalletizer_interfaces
[2.947s] -- Up-to-date: /home/amin/cobot/cobot_ws/install/mypalletizer_interfaces/include/mypalletizer_interfaces/mypalletizer_interfaces/srv
[2.947s] -- Up-to-date: /home/amin/cobot/cobot_ws/install/mypalletizer_interfaces/include/mypalletizer_interfaces/mypalletizer_interfaces/srv/detail
[2.947s] -- Up-to-date: /home/amin/cobot/cobot_ws/install/mypalletizer_interfaces/include/mypalletizer_interfaces/mypalletizer_interfaces/srv/detail/gripper_status__rosidl_typesupport_fastrtps_cpp.hpp
[2.947s] -- Up-to-date: /home/amin/cobot/cobot_ws/install/mypalletizer_interfaces/include/mypalletizer_interfaces/mypalletizer_interfaces/srv/detail/pump_status__rosidl_typesupport_fastrtps_cpp.hpp
[2.948s] -- Up-to-date: /home/amin/cobot/cobot_ws/install/mypalletizer_interfaces/include/mypalletizer_interfaces/mypalletizer_interfaces/srv/detail/dds_fastrtps
[2.948s] -- Up-to-date: /home/amin/cobot/cobot_ws/install/mypalletizer_interfaces/include/mypalletizer_interfaces/mypalletizer_interfaces/srv/detail/get_angles__rosidl_typesupport_fastrtps_cpp.hpp
[2.948s] -- Up-to-date: /home/amin/cobot/cobot_ws/install/mypalletizer_interfaces/include/mypalletizer_interfaces/mypalletizer_interfaces/srv/detail/set_coords__rosidl_typesupport_fastrtps_cpp.hpp
[2.948s] -- Up-to-date: /home/amin/cobot/cobot_ws/install/mypalletizer_interfaces/include/mypalletizer_interfaces/mypalletizer_interfaces/srv/detail/get_coords__rosidl_typesupport_fastrtps_cpp.hpp
[2.948s] -- Up-to-date: /home/amin/cobot/cobot_ws/install/mypalletizer_interfaces/include/mypalletizer_interfaces/mypalletizer_interfaces/srv/detail/set_angles__rosidl_typesupport_fastrtps_cpp.hpp
[2.948s] -- Up-to-date: /home/amin/cobot/cobot_ws/install/mypalletizer_interfaces/include/mypalletizer_interfaces/mypalletizer_interfaces/msg
[2.948s] -- Up-to-date: /home/amin/cobot/cobot_ws/install/mypalletizer_interfaces/include/mypalletizer_interfaces/mypalletizer_interfaces/msg/detail
[2.949s] -- Up-to-date: /home/amin/cobot/cobot_ws/install/mypalletizer_interfaces/include/mypalletizer_interfaces/mypalletizer_interfaces/msg/detail/mypal_pump_status__rosidl_typesupport_fastrtps_cpp.hpp
[2.949s] -- Up-to-date: /home/amin/cobot/cobot_ws/install/mypalletizer_interfaces/include/mypalletizer_interfaces/mypalletizer_interfaces/msg/detail/mypal_set_angles__rosidl_typesupport_fastrtps_cpp.hpp
[2.949s] -- Up-to-date: /home/amin/cobot/cobot_ws/install/mypalletizer_interfaces/include/mypalletizer_interfaces/mypalletizer_interfaces/msg/detail/dds_fastrtps
[2.949s] -- Up-to-date: /home/amin/cobot/cobot_ws/install/mypalletizer_interfaces/include/mypalletizer_interfaces/mypalletizer_interfaces/msg/detail/mypal_coords__rosidl_typesupport_fastrtps_cpp.hpp
[2.949s] -- Up-to-date: /home/amin/cobot/cobot_ws/install/mypalletizer_interfaces/include/mypalletizer_interfaces/mypalletizer_interfaces/msg/detail/mypal_set_coords__rosidl_typesupport_fastrtps_cpp.hpp
[2.949s] -- Up-to-date: /home/amin/cobot/cobot_ws/install/mypalletizer_interfaces/include/mypalletizer_interfaces/mypalletizer_interfaces/msg/detail/mypal_angles__rosidl_typesupport_fastrtps_cpp.hpp
[2.949s] -- Up-to-date: /home/amin/cobot/cobot_ws/install/mypalletizer_interfaces/include/mypalletizer_interfaces/mypalletizer_interfaces/msg/detail/mypal_gripper_status__rosidl_typesupport_fastrtps_cpp.hpp
[2.950s] -- Up-to-date: /home/amin/cobot/cobot_ws/install/mypalletizer_interfaces/include/mypalletizer_interfaces/mypalletizer_interfaces/msg/rosidl_typesupport_fastrtps_cpp__visibility_control.h
[2.950s] -- Up-to-date: /home/amin/cobot/cobot_ws/install/mypalletizer_interfaces/lib/libmypalletizer_interfaces__rosidl_typesupport_fastrtps_cpp.so
[2.950s] -- Up-to-date: /home/amin/cobot/cobot_ws/install/mypalletizer_interfaces/include/mypalletizer_interfaces/mypalletizer_interfaces
[2.950s] -- Up-to-date: /home/amin/cobot/cobot_ws/install/mypalletizer_interfaces/include/mypalletizer_interfaces/mypalletizer_interfaces/srv
[2.950s] -- Up-to-date: /home/amin/cobot/cobot_ws/install/mypalletizer_interfaces/include/mypalletizer_interfaces/mypalletizer_interfaces/srv/detail
[2.950s] -- Up-to-date: /home/amin/cobot/cobot_ws/install/mypalletizer_interfaces/include/mypalletizer_interfaces/mypalletizer_interfaces/srv/detail/set_coords__type_support.cpp
[2.951s] -- Up-to-date: /home/amin/cobot/cobot_ws/install/mypalletizer_interfaces/include/mypalletizer_interfaces/mypalletizer_interfaces/srv/detail/pump_status__rosidl_typesupport_introspection_cpp.hpp
[2.951s] -- Up-to-date: /home/amin/cobot/cobot_ws/install/mypalletizer_interfaces/include/mypalletizer_interfaces/mypalletizer_interfaces/srv/detail/gripper_status__type_support.cpp
[2.951s] -- Up-to-date: /home/amin/cobot/cobot_ws/install/mypalletizer_interfaces/include/mypalletizer_interfaces/mypalletizer_interfaces/srv/detail/gripper_status__rosidl_typesupport_introspection_cpp.hpp
[2.951s] -- Up-to-date: /home/amin/cobot/cobot_ws/install/mypalletizer_interfaces/include/mypalletizer_interfaces/mypalletizer_interfaces/srv/detail/get_coords__type_support.cpp
[2.951s] -- Up-to-date: /home/amin/cobot/cobot_ws/install/mypalletizer_interfaces/include/mypalletizer_interfaces/mypalletizer_interfaces/srv/detail/set_angles__rosidl_typesupport_introspection_cpp.hpp
[2.951s] -- Up-to-date: /home/amin/cobot/cobot_ws/install/mypalletizer_interfaces/include/mypalletizer_interfaces/mypalletizer_interfaces/srv/detail/set_angles__type_support.cpp
[2.951s] -- Up-to-date: /home/amin/cobot/cobot_ws/install/mypalletizer_interfaces/include/mypalletizer_interfaces/mypalletizer_interfaces/srv/detail/get_angles__type_support.cpp
[2.952s] -- Up-to-date: /home/amin/cobot/cobot_ws/install/mypalletizer_interfaces/include/mypalletizer_interfaces/mypalletizer_interfaces/srv/detail/pump_status__type_support.cpp
[2.952s] -- Up-to-date: /home/amin/cobot/cobot_ws/install/mypalletizer_interfaces/include/mypalletizer_interfaces/mypalletizer_interfaces/srv/detail/get_angles__rosidl_typesupport_introspection_cpp.hpp
[2.952s] -- Up-to-date: /home/amin/cobot/cobot_ws/install/mypalletizer_interfaces/include/mypalletizer_interfaces/mypalletizer_interfaces/srv/detail/set_coords__rosidl_typesupport_introspection_cpp.hpp
[2.952s] -- Up-to-date: /home/amin/cobot/cobot_ws/install/mypalletizer_interfaces/include/mypalletizer_interfaces/mypalletizer_interfaces/srv/detail/get_coords__rosidl_typesupport_introspection_cpp.hpp
[2.952s] -- Up-to-date: /home/amin/cobot/cobot_ws/install/mypalletizer_interfaces/include/mypalletizer_interfaces/mypalletizer_interfaces/msg
[2.952s] -- Up-to-date: /home/amin/cobot/cobot_ws/install/mypalletizer_interfaces/include/mypalletizer_interfaces/mypalletizer_interfaces/msg/detail
[2.952s] -- Up-to-date: /home/amin/cobot/cobot_ws/install/mypalletizer_interfaces/include/mypalletizer_interfaces/mypalletizer_interfaces/msg/detail/mypal_angles__type_support.cpp
[2.953s] -- Up-to-date: /home/amin/cobot/cobot_ws/install/mypalletizer_interfaces/include/mypalletizer_interfaces/mypalletizer_interfaces/msg/detail/mypal_gripper_status__rosidl_typesupport_introspection_cpp.hpp
[2.953s] -- Up-to-date: /home/amin/cobot/cobot_ws/install/mypalletizer_interfaces/include/mypalletizer_interfaces/mypalletizer_interfaces/msg/detail/mypal_set_coords__rosidl_typesupport_introspection_cpp.hpp
[2.953s] -- Up-to-date: /home/amin/cobot/cobot_ws/install/mypalletizer_interfaces/include/mypalletizer_interfaces/mypalletizer_interfaces/msg/detail/mypal_gripper_status__type_support.cpp
[2.953s] -- Up-to-date: /home/amin/cobot/cobot_ws/install/mypalletizer_interfaces/include/mypalletizer_interfaces/mypalletizer_interfaces/msg/detail/mypal_pump_status__type_support.cpp
[2.953s] -- Up-to-date: /home/amin/cobot/cobot_ws/install/mypalletizer_interfaces/include/mypalletizer_interfaces/mypalletizer_interfaces/msg/detail/mypal_angles__rosidl_typesupport_introspection_cpp.hpp
[2.953s] -- Up-to-date: /home/amin/cobot/cobot_ws/install/mypalletizer_interfaces/include/mypalletizer_interfaces/mypalletizer_interfaces/msg/detail/mypal_set_angles__type_support.cpp
[2.953s] -- Up-to-date: /home/amin/cobot/cobot_ws/install/mypalletizer_interfaces/include/mypalletizer_interfaces/mypalletizer_interfaces/msg/detail/mypal_coords__rosidl_typesupport_introspection_cpp.hpp
[2.954s] -- Up-to-date: /home/amin/cobot/cobot_ws/install/mypalletizer_interfaces/include/mypalletizer_interfaces/mypalletizer_interfaces/msg/detail/mypal_set_coords__type_support.cpp
[2.954s] -- Up-to-date: /home/amin/cobot/cobot_ws/install/mypalletizer_interfaces/include/mypalletizer_interfaces/mypalletizer_interfaces/msg/detail/mypal_set_angles__rosidl_typesupport_introspection_cpp.hpp
[2.954s] -- Up-to-date: /home/amin/cobot/cobot_ws/install/mypalletizer_interfaces/include/mypalletizer_interfaces/mypalletizer_interfaces/msg/detail/mypal_coords__type_support.cpp
[2.954s] -- Up-to-date: /home/amin/cobot/cobot_ws/install/mypalletizer_interfaces/include/mypalletizer_interfaces/mypalletizer_interfaces/msg/detail/mypal_pump_status__rosidl_typesupport_introspection_cpp.hpp
[2.954s] -- Up-to-date: /home/amin/cobot/cobot_ws/install/mypalletizer_interfaces/lib/libmypalletizer_interfaces__rosidl_typesupport_introspection_cpp.so
[2.954s] -- Up-to-date: /home/amin/cobot/cobot_ws/install/mypalletizer_interfaces/lib/libmypalletizer_interfaces__rosidl_typesupport_cpp.so
[2.954s] -- Up-to-date: /home/amin/cobot/cobot_ws/install/mypalletizer_interfaces/share/mypalletizer_interfaces/environment/pythonpath.sh
[2.954s] -- Up-to-date: /home/amin/cobot/cobot_ws/install/mypalletizer_interfaces/share/mypalletizer_interfaces/environment/pythonpath.dsv
[2.955s] -- Up-to-date: /home/amin/cobot/cobot_ws/install/mypalletizer_interfaces/lib/python3.12/site-packages/mypalletizer_interfaces-0.0.0-py3.12.egg-info
[2.955s] -- Installing: /home/amin/cobot/cobot_ws/install/mypalletizer_interfaces/lib/python3.12/site-packages/mypalletizer_interfaces-0.0.0-py3.12.egg-info/SOURCES.txt
[2.955s] -- Installing: /home/amin/cobot/cobot_ws/install/mypalletizer_interfaces/lib/python3.12/site-packages/mypalletizer_interfaces-0.0.0-py3.12.egg-info/PKG-INFO
[2.955s] -- Installing: /home/amin/cobot/cobot_ws/install/mypalletizer_interfaces/lib/python3.12/site-packages/mypalletizer_interfaces-0.0.0-py3.12.egg-info/top_level.txt
[2.955s] -- Installing: /home/amin/cobot/cobot_ws/install/mypalletizer_interfaces/lib/python3.12/site-packages/mypalletizer_interfaces-0.0.0-py3.12.egg-info/dependency_links.txt
[2.955s] -- Up-to-date: /home/amin/cobot/cobot_ws/install/mypalletizer_interfaces/lib/python3.12/site-packages/mypalletizer_interfaces
[2.955s] -- Up-to-date: /home/amin/cobot/cobot_ws/install/mypalletizer_interfaces/lib/python3.12/site-packages/mypalletizer_interfaces/mypalletizer_interfaces_s__rosidl_typesupport_fastrtps_c.so
[2.956s] -- Up-to-date: /home/amin/cobot/cobot_ws/install/mypalletizer_interfaces/lib/python3.12/site-packages/mypalletizer_interfaces/mypalletizer_interfaces_s__rosidl_typesupport_introspection_c.so
[2.956s] -- Up-to-date: /home/amin/cobot/cobot_ws/install/mypalletizer_interfaces/lib/python3.12/site-packages/mypalletizer_interfaces/_mypalletizer_interfaces_s.ep.rosidl_typesupport_introspection_c.c
[2.956s] -- Up-to-date: /home/amin/cobot/cobot_ws/install/mypalletizer_interfaces/lib/python3.12/site-packages/mypalletizer_interfaces/__init__.py
[2.956s] -- Up-to-date: /home/amin/cobot/cobot_ws/install/mypalletizer_interfaces/lib/python3.12/site-packages/mypalletizer_interfaces/srv
[2.956s] -- Up-to-date: /home/amin/cobot/cobot_ws/install/mypalletizer_interfaces/lib/python3.12/site-packages/mypalletizer_interfaces/srv/_get_coords_s.c
[2.956s] -- Up-to-date: /home/amin/cobot/cobot_ws/install/mypalletizer_interfaces/lib/python3.12/site-packages/mypalletizer_interfaces/srv/_get_angles_s.c
[2.956s] -- Up-to-date: /home/amin/cobot/cobot_ws/install/mypalletizer_interfaces/lib/python3.12/site-packages/mypalletizer_interfaces/srv/_get_angles.py
[2.957s] -- Up-to-date: /home/amin/cobot/cobot_ws/install/mypalletizer_interfaces/lib/python3.12/site-packages/mypalletizer_interfaces/srv/_set_angles.py
[2.957s] -- Up-to-date: /home/amin/cobot/cobot_ws/install/mypalletizer_interfaces/lib/python3.12/site-packages/mypalletizer_interfaces/srv/_pump_status.py
[2.957s] -- Up-to-date: /home/amin/cobot/cobot_ws/install/mypalletizer_interfaces/lib/python3.12/site-packages/mypalletizer_interfaces/srv/_pump_status_s.c
[2.957s] -- Up-to-date: /home/amin/cobot/cobot_ws/install/mypalletizer_interfaces/lib/python3.12/site-packages/mypalletizer_interfaces/srv/_set_coords.py
[2.957s] -- Up-to-date: /home/amin/cobot/cobot_ws/install/mypalletizer_interfaces/lib/python3.12/site-packages/mypalletizer_interfaces/srv/__init__.py
[2.958s] -- Up-to-date: /home/amin/cobot/cobot_ws/install/mypalletizer_interfaces/lib/python3.12/site-packages/mypalletizer_interfaces/srv/_get_coords.py
[2.958s] -- Up-to-date: /home/amin/cobot/cobot_ws/install/mypalletizer_interfaces/lib/python3.12/site-packages/mypalletizer_interfaces/srv/_gripper_status_s.c
[2.958s] -- Up-to-date: /home/amin/cobot/cobot_ws/install/mypalletizer_interfaces/lib/python3.12/site-packages/mypalletizer_interfaces/srv/_gripper_status.py
[2.958s] -- Up-to-date: /home/amin/cobot/cobot_ws/install/mypalletizer_interfaces/lib/python3.12/site-packages/mypalletizer_interfaces/srv/_set_coords_s.c
[2.958s] -- Up-to-date: /home/amin/cobot/cobot_ws/install/mypalletizer_interfaces/lib/python3.12/site-packages/mypalletizer_interfaces/srv/_set_angles_s.c
[2.958s] -- Up-to-date: /home/amin/cobot/cobot_ws/install/mypalletizer_interfaces/lib/python3.12/site-packages/mypalletizer_interfaces/msg
[2.958s] -- Up-to-date: /home/amin/cobot/cobot_ws/install/mypalletizer_interfaces/lib/python3.12/site-packages/mypalletizer_interfaces/msg/_mypal_angles.py
[2.959s] -- Up-to-date: /home/amin/cobot/cobot_ws/install/mypalletizer_interfaces/lib/python3.12/site-packages/mypalletizer_interfaces/msg/_mypal_gripper_status_s.c
[2.959s] -- Up-to-date: /home/amin/cobot/cobot_ws/install/mypalletizer_interfaces/lib/python3.12/site-packages/mypalletizer_interfaces/msg/_mypal_set_coords.py
[2.959s] -- Up-to-date: /home/amin/cobot/cobot_ws/install/mypalletizer_interfaces/lib/python3.12/site-packages/mypalletizer_interfaces/msg/_mypal_set_angles_s.c
[2.959s] -- Up-to-date: /home/amin/cobot/cobot_ws/install/mypalletizer_interfaces/lib/python3.12/site-packages/mypalletizer_interfaces/msg/__init__.py
[2.959s] -- Up-to-date: /home/amin/cobot/cobot_ws/install/mypalletizer_interfaces/lib/python3.12/site-packages/mypalletizer_interfaces/msg/_mypal_gripper_status.py
[2.959s] -- Up-to-date: /home/amin/cobot/cobot_ws/install/mypalletizer_interfaces/lib/python3.12/site-packages/mypalletizer_interfaces/msg/_mypal_coords.py
[2.959s] -- Up-to-date: /home/amin/cobot/cobot_ws/install/mypalletizer_interfaces/lib/python3.12/site-packages/mypalletizer_interfaces/msg/_mypal_pump_status.py
[2.959s] -- Up-to-date: /home/amin/cobot/cobot_ws/install/mypalletizer_interfaces/lib/python3.12/site-packages/mypalletizer_interfaces/msg/_mypal_angles_s.c
[2.960s] -- Up-to-date: /home/amin/cobot/cobot_ws/install/mypalletizer_interfaces/lib/python3.12/site-packages/mypalletizer_interfaces/msg/_mypal_set_coords_s.c
[2.960s] -- Up-to-date: /home/amin/cobot/cobot_ws/install/mypalletizer_interfaces/lib/python3.12/site-packages/mypalletizer_interfaces/msg/_mypal_coords_s.c
[2.960s] -- Up-to-date: /home/amin/cobot/cobot_ws/install/mypalletizer_interfaces/lib/python3.12/site-packages/mypalletizer_interfaces/msg/_mypal_pump_status_s.c
[2.960s] -- Up-to-date: /home/amin/cobot/cobot_ws/install/mypalletizer_interfaces/lib/python3.12/site-packages/mypalletizer_interfaces/msg/_mypal_set_angles.py
[2.960s] -- Up-to-date: /home/amin/cobot/cobot_ws/install/mypalletizer_interfaces/lib/python3.12/site-packages/mypalletizer_interfaces/_mypalletizer_interfaces_s.ep.rosidl_typesupport_c.c
[2.960s] -- Up-to-date: /home/amin/cobot/cobot_ws/install/mypalletizer_interfaces/lib/python3.12/site-packages/mypalletizer_interfaces/mypalletizer_interfaces_s__rosidl_typesupport_c.so
[2.961s] -- Up-to-date: /home/amin/cobot/cobot_ws/install/mypalletizer_interfaces/lib/python3.12/site-packages/mypalletizer_interfaces/_mypalletizer_interfaces_s.ep.rosidl_typesupport_fastrtps_c.c
[3.053s] Listing '/home/amin/cobot/cobot_ws/install/mypalletizer_interfaces/lib/python3.12/site-packages/mypalletizer_interfaces'...
[3.054s] Listing '/home/amin/cobot/cobot_ws/install/mypalletizer_interfaces/lib/python3.12/site-packages/mypalletizer_interfaces/msg'...
[3.054s] Listing '/home/amin/cobot/cobot_ws/install/mypalletizer_interfaces/lib/python3.12/site-packages/mypalletizer_interfaces/srv'...
[3.054s] -- Up-to-date: /home/amin/cobot/cobot_ws/install/mypalletizer_interfaces/lib/python3.12/site-packages/mypalletizer_interfaces/mypalletizer_interfaces_s__rosidl_typesupport_fastrtps_c.so
[3.054s] -- Up-to-date: /home/amin/cobot/cobot_ws/install/mypalletizer_interfaces/lib/python3.12/site-packages/mypalletizer_interfaces/mypalletizer_interfaces_s__rosidl_typesupport_introspection_c.so
[3.054s] -- Up-to-date: /home/amin/cobot/cobot_ws/install/mypalletizer_interfaces/lib/python3.12/site-packages/mypalletizer_interfaces/mypalletizer_interfaces_s__rosidl_typesupport_c.so
[3.055s] -- Up-to-date: /home/amin/cobot/cobot_ws/install/mypalletizer_interfaces/lib/libmypalletizer_interfaces__rosidl_generator_py.so
[3.055s] -- Up-to-date: /home/amin/cobot/cobot_ws/install/mypalletizer_interfaces/share/mypalletizer_interfaces/msg/MypalAngles.idl
[3.055s] -- Up-to-date: /home/amin/cobot/cobot_ws/install/mypalletizer_interfaces/share/mypalletizer_interfaces/msg/MypalCoords.idl
[3.055s] -- Up-to-date: /home/amin/cobot/cobot_ws/install/mypalletizer_interfaces/share/mypalletizer_interfaces/msg/MypalSetAngles.idl
[3.055s] -- Up-to-date: /home/amin/cobot/cobot_ws/install/mypalletizer_interfaces/share/mypalletizer_interfaces/msg/MypalSetCoords.idl
[3.055s] -- Up-to-date: /home/amin/cobot/cobot_ws/install/mypalletizer_interfaces/share/mypalletizer_interfaces/msg/MypalGripperStatus.idl
[3.056s] -- Up-to-date: /home/amin/cobot/cobot_ws/install/mypalletizer_interfaces/share/mypalletizer_interfaces/msg/MypalPumpStatus.idl
[3.056s] -- Up-to-date: /home/amin/cobot/cobot_ws/install/mypalletizer_interfaces/share/mypalletizer_interfaces/srv/GetAngles.idl
[3.056s] -- Up-to-date: /home/amin/cobot/cobot_ws/install/mypalletizer_interfaces/share/mypalletizer_interfaces/srv/SetAngles.idl
[3.056s] -- Up-to-date: /home/amin/cobot/cobot_ws/install/mypalletizer_interfaces/share/mypalletizer_interfaces/srv/GetCoords.idl
[3.056s] -- Up-to-date: /home/amin/cobot/cobot_ws/install/mypalletizer_interfaces/share/mypalletizer_interfaces/srv/SetCoords.idl
[3.056s] -- Up-to-date: /home/amin/cobot/cobot_ws/install/mypalletizer_interfaces/share/mypalletizer_interfaces/srv/GripperStatus.idl
[3.057s] -- Up-to-date: /home/amin/cobot/cobot_ws/install/mypalletizer_interfaces/share/mypalletizer_interfaces/srv/PumpStatus.idl
[3.057s] -- Up-to-date: /home/amin/cobot/cobot_ws/install/mypalletizer_interfaces/share/mypalletizer_interfaces/msg/MypalAngles.msg
[3.057s] -- Up-to-date: /home/amin/cobot/cobot_ws/install/mypalletizer_interfaces/share/mypalletizer_interfaces/msg/MypalCoords.msg
[3.057s] -- Up-to-date: /home/amin/cobot/cobot_ws/install/mypalletizer_interfaces/share/mypalletizer_interfaces/msg/MypalSetAngles.msg
[3.057s] -- Up-to-date: /home/amin/cobot/cobot_ws/install/mypalletizer_interfaces/share/mypalletizer_interfaces/msg/MypalSetCoords.msg
[3.058s] -- Up-to-date: /home/amin/cobot/cobot_ws/install/mypalletizer_interfaces/share/mypalletizer_interfaces/msg/MypalGripperStatus.msg
[3.058s] -- Up-to-date: /home/amin/cobot/cobot_ws/install/mypalletizer_interfaces/share/mypalletizer_interfaces/msg/MypalPumpStatus.msg
[3.058s] -- Up-to-date: /home/amin/cobot/cobot_ws/install/mypalletizer_interfaces/share/mypalletizer_interfaces/srv/GetAngles.srv
[3.058s] -- Up-to-date: /home/amin/cobot/cobot_ws/install/mypalletizer_interfaces/share/mypalletizer_interfaces/srv/SetAngles.srv
[3.058s] -- Up-to-date: /home/amin/cobot/cobot_ws/install/mypalletizer_interfaces/share/mypalletizer_interfaces/srv/GetCoords.srv
[3.058s] -- Up-to-date: /home/amin/cobot/cobot_ws/install/mypalletizer_interfaces/share/mypalletizer_interfaces/srv/SetCoords.srv
[3.059s] -- Up-to-date: /home/amin/cobot/cobot_ws/install/mypalletizer_interfaces/share/mypalletizer_interfaces/srv/GripperStatus.srv
[3.059s] -- Up-to-date: /home/amin/cobot/cobot_ws/install/mypalletizer_interfaces/share/mypalletizer_interfaces/srv/PumpStatus.srv
[3.059s] -- Up-to-date: /home/amin/cobot/cobot_ws/install/mypalletizer_interfaces/share/ament_index/resource_index/package_run_dependencies/mypalletizer_interfaces
[3.060s] -- Up-to-date: /home/amin/cobot/cobot_ws/install/mypalletizer_interfaces/share/ament_index/resource_index/parent_prefix_path/mypalletizer_interfaces
[3.060s] -- Up-to-date: /home/amin/cobot/cobot_ws/install/mypalletizer_interfaces/share/mypalletizer_interfaces/environment/ament_prefix_path.sh
[3.060s] -- Up-to-date: /home/amin/cobot/cobot_ws/install/mypalletizer_interfaces/share/mypalletizer_interfaces/environment/ament_prefix_path.dsv
[3.060s] -- Up-to-date: /home/amin/cobot/cobot_ws/install/mypalletizer_interfaces/share/mypalletizer_interfaces/environment/path.sh
[3.060s] -- Up-to-date: /home/amin/cobot/cobot_ws/install/mypalletizer_interfaces/share/mypalletizer_interfaces/environment/path.dsv
[3.061s] -- Up-to-date: /home/amin/cobot/cobot_ws/install/mypalletizer_interfaces/share/mypalletizer_interfaces/local_setup.bash
[3.061s] -- Up-to-date: /home/amin/cobot/cobot_ws/install/mypalletizer_interfaces/share/mypalletizer_interfaces/local_setup.sh
[3.061s] -- Up-to-date: /home/amin/cobot/cobot_ws/install/mypalletizer_interfaces/share/mypalletizer_interfaces/local_setup.zsh
[3.061s] -- Up-to-date: /home/amin/cobot/cobot_ws/install/mypalletizer_interfaces/share/mypalletizer_interfaces/local_setup.dsv
[3.061s] -- Installing: /home/amin/cobot/cobot_ws/install/mypalletizer_interfaces/share/mypalletizer_interfaces/package.dsv
[3.061s] -- Up-to-date: /home/amin/cobot/cobot_ws/install/mypalletizer_interfaces/share/ament_index/resource_index/packages/mypalletizer_interfaces
[3.062s] -- Up-to-date: /home/amin/cobot/cobot_ws/install/mypalletizer_interfaces/share/mypalletizer_interfaces/cmake/export_mypalletizer_interfaces__rosidl_generator_cExport.cmake
[3.062s] -- Up-to-date: /home/amin/cobot/cobot_ws/install/mypalletizer_interfaces/share/mypalletizer_interfaces/cmake/export_mypalletizer_interfaces__rosidl_generator_cExport-noconfig.cmake
[3.062s] -- Up-to-date: /home/amin/cobot/cobot_ws/install/mypalletizer_interfaces/share/mypalletizer_interfaces/cmake/export_mypalletizer_interfaces__rosidl_typesupport_fastrtps_cExport.cmake
[3.062s] -- Up-to-date: /home/amin/cobot/cobot_ws/install/mypalletizer_interfaces/share/mypalletizer_interfaces/cmake/export_mypalletizer_interfaces__rosidl_typesupport_fastrtps_cExport-noconfig.cmake
[3.062s] -- Up-to-date: /home/amin/cobot/cobot_ws/install/mypalletizer_interfaces/share/mypalletizer_interfaces/cmake/mypalletizer_interfaces__rosidl_typesupport_introspection_cExport.cmake
[3.062s] -- Up-to-date: /home/amin/cobot/cobot_ws/install/mypalletizer_interfaces/share/mypalletizer_interfaces/cmake/mypalletizer_interfaces__rosidl_typesupport_introspection_cExport-noconfig.cmake
[3.063s] -- Up-to-date: /home/amin/cobot/cobot_ws/install/mypalletizer_interfaces/share/mypalletizer_interfaces/cmake/mypalletizer_interfaces__rosidl_typesupport_cExport.cmake
[3.063s] -- Up-to-date: /home/amin/cobot/cobot_ws/install/mypalletizer_interfaces/share/mypalletizer_interfaces/cmake/mypalletizer_interfaces__rosidl_typesupport_cExport-noconfig.cmake
[3.063s] -- Up-to-date: /home/amin/cobot/cobot_ws/install/mypalletizer_interfaces/share/mypalletizer_interfaces/cmake/export_mypalletizer_interfaces__rosidl_generator_cppExport.cmake
[3.063s] -- Up-to-date: /home/amin/cobot/cobot_ws/install/mypalletizer_interfaces/share/mypalletizer_interfaces/cmake/export_mypalletizer_interfaces__rosidl_typesupport_fastrtps_cppExport.cmake
[3.063s] -- Up-to-date: /home/amin/cobot/cobot_ws/install/mypalletizer_interfaces/share/mypalletizer_interfaces/cmake/export_mypalletizer_interfaces__rosidl_typesupport_fastrtps_cppExport-noconfig.cmake
[3.063s] -- Up-to-date: /home/amin/cobot/cobot_ws/install/mypalletizer_interfaces/share/mypalletizer_interfaces/cmake/mypalletizer_interfaces__rosidl_typesupport_introspection_cppExport.cmake
[3.064s] -- Up-to-date: /home/amin/cobot/cobot_ws/install/mypalletizer_interfaces/share/mypalletizer_interfaces/cmake/mypalletizer_interfaces__rosidl_typesupport_introspection_cppExport-noconfig.cmake
[3.064s] -- Up-to-date: /home/amin/cobot/cobot_ws/install/mypalletizer_interfaces/share/mypalletizer_interfaces/cmake/mypalletizer_interfaces__rosidl_typesupport_cppExport.cmake
[3.064s] -- Up-to-date: /home/amin/cobot/cobot_ws/install/mypalletizer_interfaces/share/mypalletizer_interfaces/cmake/mypalletizer_interfaces__rosidl_typesupport_cppExport-noconfig.cmake
[3.064s] -- Up-to-date: /home/amin/cobot/cobot_ws/install/mypalletizer_interfaces/share/mypalletizer_interfaces/cmake/export_mypalletizer_interfaces__rosidl_generator_pyExport.cmake
[3.065s] -- Up-to-date: /home/amin/cobot/cobot_ws/install/mypalletizer_interfaces/share/mypalletizer_interfaces/cmake/export_mypalletizer_interfaces__rosidl_generator_pyExport-noconfig.cmake
[3.065s] -- Up-to-date: /home/amin/cobot/cobot_ws/install/mypalletizer_interfaces/share/mypalletizer_interfaces/cmake/rosidl_cmake-extras.cmake
[3.065s] -- Up-to-date: /home/amin/cobot/cobot_ws/install/mypalletizer_interfaces/share/mypalletizer_interfaces/cmake/ament_cmake_export_dependencies-extras.cmake
[3.065s] -- Up-to-date: /home/amin/cobot/cobot_ws/install/mypalletizer_interfaces/share/mypalletizer_interfaces/cmake/ament_cmake_export_include_directories-extras.cmake
[3.065s] -- Up-to-date: /home/amin/cobot/cobot_ws/install/mypalletizer_interfaces/share/mypalletizer_interfaces/cmake/ament_cmake_export_libraries-extras.cmake
[3.066s] -- Up-to-date: /home/amin/cobot/cobot_ws/install/mypalletizer_interfaces/share/mypalletizer_interfaces/cmake/ament_cmake_export_targets-extras.cmake
[3.066s] -- Up-to-date: /home/amin/cobot/cobot_ws/install/mypalletizer_interfaces/share/mypalletizer_interfaces/cmake/rosidl_cmake_export_typesupport_targets-extras.cmake
[3.066s] -- Up-to-date: /home/amin/cobot/cobot_ws/install/mypalletizer_interfaces/share/mypalletizer_interfaces/cmake/rosidl_cmake_export_typesupport_libraries-extras.cmake
[3.066s] -- Up-to-date: /home/amin/cobot/cobot_ws/install/mypalletizer_interfaces/share/mypalletizer_interfaces/cmake/mypalletizer_interfacesConfig.cmake
[3.066s] -- Up-to-date: /home/amin/cobot/cobot_ws/install/mypalletizer_interfaces/share/mypalletizer_interfaces/cmake/mypalletizer_interfacesConfig-version.cmake
[3.066s] -- Up-to-date: /home/amin/cobot/cobot_ws/install/mypalletizer_interfaces/share/mypalletizer_interfaces/package.xml
[3.196s] Invoked command in '/home/amin/cobot/cobot_ws/build/mypalletizer_interfaces' returned '0': CMAKE_PREFIX_PATH=${CMAKE_PREFIX_PATH}:/home/amin/cobot/cobot_ws/install/ultraarm:/home/amin/cobot/cobot_ws/install/pro450_moveit2_control:/home/amin/cobot/cobot_ws/install/mypalletizer_communication:/home/amin/cobot/cobot_ws/install/mypalletizer_260_pi:/home/amin/cobot/cobot_ws/install/mypalletizer_260:/home/amin/cobot/cobot_ws/install/mycobot_pro_450:/home/amin/cobot/cobot_ws/install/myarm_m750:/home/amin/cobot/cobot_ws/install/myarm_c650:/home/amin/cobot/cobot_ws/install/mycobot_communication:/home/amin/cobot/cobot_ws/install/mecharm_communication:/home/amin/cobot/cobot_ws/install/mycobot_630:/home/amin/cobot/cobot_ws/install/mycobot_600:/home/amin/cobot/cobot_ws/install/mycobot_320pi:/home/amin/cobot/cobot_ws/install/mycobot_320_riscv:/home/amin/cobot/cobot_ws/install/mycobot_320:/home/amin/cobot/cobot_ws/install/mycobot_280pi:/home/amin/cobot/cobot_ws/install/mycobot_280jn:/home/amin/cobot/cobot_ws/install/mycobot_280_x3pi:/home/amin/cobot/cobot_ws/install/mycobot_280_riscv:/home/amin/cobot/cobot_ws/install/mycobot_280_rdkx5:/home/amin/cobot/cobot_ws/install/mycobot_280_moveit2_control:/home/amin/cobot/cobot_ws/install/mycobot_280_arduino:/home/amin/cobot/cobot_ws/install/mycobot_280:/home/amin/cobot/cobot_ws/install/mybuddy:/home/amin/cobot/cobot_ws/install/myarm_300:/home/amin/cobot/cobot_ws/install/mecharm_pi:/home/amin/cobot/cobot_ws/install/mecharm:/home/amin/cobot/cobot_ws/install/mycobot_description:/opt/ros/jazzy DEBUGINFOD_URLS=https://debuginfod.ubuntu.com /usr/bin/cmake --install /home/amin/cobot/cobot_ws/build/mypalletizer_interfaces
