[4.452s] Invoking command in '/home/amin/cobot/cobot_ws/src/mycobot_ros2/mycobot_pro/mycobot_600': AMENT_PREFIX_PATH=/home/amin/cobot/cobot_ws/install/mycobot_description:${AMENT_PREFIX_PATH} DEBUGINFOD_URLS=https://debuginfod.ubuntu.com PYTHONPATH=/home/amin/cobot/cobot_ws/build/mycobot_600/prefix_override:/usr/lib/python3/dist-packages/colcon_core/task/python/colcon_distutils_commands:/home/amin/cobot/cobot_ws/install/mycobot_600/lib/python3.12/site-packages:/home/amin/cobot/cobot_ws/install/mycobot_description/lib/python3.12/site-packages:${PYTHONPATH} /usr/bin/python3 -W ignore:setup.py install is deprecated -W ignore:easy_install command is deprecated setup.py egg_info --egg-base ../../../../build/mycobot_600 build --build-base /home/amin/cobot/cobot_ws/build/mycobot_600/build install --record /home/amin/cobot/cobot_ws/build/mycobot_600/install.log --single-version-externally-managed install_data
[5.162s] running egg_info
[5.162s] creating ../../../../build/mycobot_600/mycobot_600.egg-info
[5.241s] writing ../../../../build/mycobot_600/mycobot_600.egg-info/PKG-INFO
[5.249s] writing dependency_links to ../../../../build/mycobot_600/mycobot_600.egg-info/dependency_links.txt
[5.249s] writing entry points to ../../../../build/mycobot_600/mycobot_600.egg-info/entry_points.txt
[5.249s] writing requirements to ../../../../build/mycobot_600/mycobot_600.egg-info/requires.txt
[5.249s] writing top-level names to ../../../../build/mycobot_600/mycobot_600.egg-info/top_level.txt
[5.250s] writing manifest file '../../../../build/mycobot_600/mycobot_600.egg-info/SOURCES.txt'
[5.378s] reading manifest file '../../../../build/mycobot_600/mycobot_600.egg-info/SOURCES.txt'
[5.384s] adding license file 'LICENSE'
[5.384s] writing manifest file '../../../../build/mycobot_600/mycobot_600.egg-info/SOURCES.txt'
[5.384s] running build
[5.384s] running build_py
[5.384s] creating /home/amin/cobot/cobot_ws/build/mycobot_600/build
[5.385s] creating /home/amin/cobot/cobot_ws/build/mycobot_600/build/lib
[5.386s] creating /home/amin/cobot/cobot_ws/build/mycobot_600/build/lib/mycobot_600
[5.386s] copying mycobot_600/slider_control.py -> /home/amin/cobot/cobot_ws/build/mycobot_600/build/lib/mycobot_600
[5.386s] copying mycobot_600/__init__.py -> /home/amin/cobot/cobot_ws/build/mycobot_600/build/lib/mycobot_600
[5.386s] running install
[5.414s] running install_lib
[5.493s] creating /home/amin/cobot/cobot_ws/install/mycobot_600/lib/python3.12/site-packages/mycobot_600
[5.494s] copying /home/amin/cobot/cobot_ws/build/mycobot_600/build/lib/mycobot_600/slider_control.py -> /home/amin/cobot/cobot_ws/install/mycobot_600/lib/python3.12/site-packages/mycobot_600
[5.494s] copying /home/amin/cobot/cobot_ws/build/mycobot_600/build/lib/mycobot_600/__init__.py -> /home/amin/cobot/cobot_ws/install/mycobot_600/lib/python3.12/site-packages/mycobot_600
[5.502s] byte-compiling /home/amin/cobot/cobot_ws/install/mycobot_600/lib/python3.12/site-packages/mycobot_600/slider_control.py to slider_control.cpython-312.pyc
[5.502s] byte-compiling /home/amin/cobot/cobot_ws/install/mycobot_600/lib/python3.12/site-packages/mycobot_600/__init__.py to __init__.cpython-312.pyc
[5.505s] running install_data
[5.505s] creating /home/amin/cobot/cobot_ws/install/mycobot_600/share/ament_index
[5.506s] creating /home/amin/cobot/cobot_ws/install/mycobot_600/share/ament_index/resource_index
[5.507s] creating /home/amin/cobot/cobot_ws/install/mycobot_600/share/ament_index/resource_index/packages
[5.507s] copying resource/mycobot_600 -> /home/amin/cobot/cobot_ws/install/mycobot_600/share/ament_index/resource_index/packages
[5.508s] copying package.xml -> /home/amin/cobot/cobot_ws/install/mycobot_600/share/mycobot_600
[5.508s] creating /home/amin/cobot/cobot_ws/install/mycobot_600/share/mycobot_600/launch
[5.508s] copying launch/test.launch.py -> /home/amin/cobot/cobot_ws/install/mycobot_600/share/mycobot_600/launch
[5.508s] copying launch/slider_control.launch.py -> /home/amin/cobot/cobot_ws/install/mycobot_600/share/mycobot_600/launch
[5.508s] creating /home/amin/cobot/cobot_ws/install/mycobot_600/share/mycobot_600/config
[5.508s] copying config/mycobot_600.rviz -> /home/amin/cobot/cobot_ws/install/mycobot_600/share/mycobot_600/config
[5.510s] running install_egg_info
[5.591s] Copying ../../../../build/mycobot_600/mycobot_600.egg-info to /home/amin/cobot/cobot_ws/install/mycobot_600/lib/python3.12/site-packages/mycobot_600-0.0.0-py3.12.egg-info
[5.595s] running install_scripts
[5.973s] Installing slider_control script to /home/amin/cobot/cobot_ws/install/mycobot_600/lib/mycobot_600
[5.973s] writing list of installed files to '/home/amin/cobot/cobot_ws/build/mycobot_600/install.log'
[6.036s] Invoked command in '/home/amin/cobot/cobot_ws/src/mycobot_ros2/mycobot_pro/mycobot_600' returned '0': AMENT_PREFIX_PATH=/home/amin/cobot/cobot_ws/install/mycobot_description:${AMENT_PREFIX_PATH} DEBUGINFOD_URLS=https://debuginfod.ubuntu.com PYTHONPATH=/home/amin/cobot/cobot_ws/build/mycobot_600/prefix_override:/usr/lib/python3/dist-packages/colcon_core/task/python/colcon_distutils_commands:/home/amin/cobot/cobot_ws/install/mycobot_600/lib/python3.12/site-packages:/home/amin/cobot/cobot_ws/install/mycobot_description/lib/python3.12/site-packages:${PYTHONPATH} /usr/bin/python3 -W ignore:setup.py install is deprecated -W ignore:easy_install command is deprecated setup.py egg_info --egg-base ../../../../build/mycobot_600 build --build-base /home/amin/cobot/cobot_ws/build/mycobot_600/build install --record /home/amin/cobot/cobot_ws/build/mycobot_600/install.log --single-version-externally-managed install_data
