[0.485s] Invoking command in '/home/amin/cobot/cobot_ws/build/mycobot_pro450_interfaces': CMAKE_PREFIX_PATH=${CMAKE_PREFIX_PATH}:/home/amin/cobot/cobot_ws/install/ultraarm:/home/amin/cobot/cobot_ws/install/pro450_moveit2_control:/home/amin/cobot/cobot_ws/install/mypalletizer_communication:/home/amin/cobot/cobot_ws/install/mypalletizer_260_pi:/home/amin/cobot/cobot_ws/install/mypalletizer_260:/home/amin/cobot/cobot_ws/install/mycobot_pro_450:/home/amin/cobot/cobot_ws/install/myarm_m750:/home/amin/cobot/cobot_ws/install/myarm_c650:/home/amin/cobot/cobot_ws/install/mycobot_communication:/home/amin/cobot/cobot_ws/install/mecharm_communication:/home/amin/cobot/cobot_ws/install/mycobot_630:/home/amin/cobot/cobot_ws/install/mycobot_600:/home/amin/cobot/cobot_ws/install/mycobot_320pi:/home/amin/cobot/cobot_ws/install/mycobot_320_riscv:/home/amin/cobot/cobot_ws/install/mycobot_320:/home/amin/cobot/cobot_ws/install/mycobot_280pi:/home/amin/cobot/cobot_ws/install/mycobot_280jn:/home/amin/cobot/cobot_ws/install/mycobot_280_x3pi:/home/amin/cobot/cobot_ws/install/mycobot_280_riscv:/home/amin/cobot/cobot_ws/install/mycobot_280_rdkx5:/home/amin/cobot/cobot_ws/install/mycobot_280_moveit2_control:/home/amin/cobot/cobot_ws/install/mycobot_280_arduino:/home/amin/cobot/cobot_ws/install/mycobot_280:/home/amin/cobot/cobot_ws/install/mybuddy:/home/amin/cobot/cobot_ws/install/myarm_300:/home/amin/cobot/cobot_ws/install/mecharm_pi:/home/amin/cobot/cobot_ws/install/mecharm:/home/amin/cobot/cobot_ws/install/mycobot_description:/opt/ros/jazzy DEBUGINFOD_URLS=https://debuginfod.ubuntu.com /usr/bin/cmake --build /home/amin/cobot/cobot_ws/build/mycobot_pro450_interfaces -- -j8 -l8
[0.604s] [  1%] Built target mycobot_pro450_interfaces__rosidl_generator_type_description
[0.643s] [  1%] Built target ament_cmake_python_copy_mycobot_pro450_interfaces
[0.691s] [  1%] Built target mycobot_pro450_interfaces__cpp
[0.737s] [ 27%] Built target mycobot_pro450_interfaces__rosidl_generator_c
[0.819s] [ 36%] Built target mycobot_pro450_interfaces__rosidl_typesupport_cpp
[0.844s] [ 45%] Built target mycobot_pro450_interfaces__rosidl_typesupport_introspection_c
[0.847s] [ 55%] Built target mycobot_pro450_interfaces__rosidl_typesupport_c
[0.852s] [ 65%] Built target mycobot_pro450_interfaces__rosidl_typesupport_fastrtps_c
[0.872s] [ 75%] Built target mycobot_pro450_interfaces__rosidl_typesupport_fastrtps_cpp
[0.879s] [ 85%] Built target mycobot_pro450_interfaces__rosidl_typesupport_introspection_cpp
[0.968s] [ 85%] Built target mycobot_pro450_interfaces
[1.019s] [ 86%] Built target mycobot_pro450_interfaces__py
[1.104s] [ 95%] Built target mycobot_pro450_interfaces__rosidl_generator_py
[1.185s] [ 97%] Built target mycobot_pro450_interfaces_s__rosidl_typesupport_c
[1.226s] [ 99%] Built target mycobot_pro450_interfaces_s__rosidl_typesupport_introspection_c
[1.232s] [100%] Built target mycobot_pro450_interfaces_s__rosidl_typesupport_fastrtps_c
[1.258s] running egg_info
[1.300s] writing mycobot_pro450_interfaces.egg-info/PKG-INFO
[1.300s] writing dependency_links to mycobot_pro450_interfaces.egg-info/dependency_links.txt
[1.300s] writing top-level names to mycobot_pro450_interfaces.egg-info/top_level.txt
[1.423s] reading manifest file 'mycobot_pro450_interfaces.egg-info/SOURCES.txt'
[1.424s] writing manifest file 'mycobot_pro450_interfaces.egg-info/SOURCES.txt'
[1.526s] [100%] Built target ament_cmake_python_build_mycobot_pro450_interfaces_egg
[1.556s] Invoked command in '/home/amin/cobot/cobot_ws/build/mycobot_pro450_interfaces' returned '0': CMAKE_PREFIX_PATH=${CMAKE_PREFIX_PATH}:/home/amin/cobot/cobot_ws/install/ultraarm:/home/amin/cobot/cobot_ws/install/pro450_moveit2_control:/home/amin/cobot/cobot_ws/install/mypalletizer_communication:/home/amin/cobot/cobot_ws/install/mypalletizer_260_pi:/home/amin/cobot/cobot_ws/install/mypalletizer_260:/home/amin/cobot/cobot_ws/install/mycobot_pro_450:/home/amin/cobot/cobot_ws/install/myarm_m750:/home/amin/cobot/cobot_ws/install/myarm_c650:/home/amin/cobot/cobot_ws/install/mycobot_communication:/home/amin/cobot/cobot_ws/install/mecharm_communication:/home/amin/cobot/cobot_ws/install/mycobot_630:/home/amin/cobot/cobot_ws/install/mycobot_600:/home/amin/cobot/cobot_ws/install/mycobot_320pi:/home/amin/cobot/cobot_ws/install/mycobot_320_riscv:/home/amin/cobot/cobot_ws/install/mycobot_320:/home/amin/cobot/cobot_ws/install/mycobot_280pi:/home/amin/cobot/cobot_ws/install/mycobot_280jn:/home/amin/cobot/cobot_ws/install/mycobot_280_x3pi:/home/amin/cobot/cobot_ws/install/mycobot_280_riscv:/home/amin/cobot/cobot_ws/install/mycobot_280_rdkx5:/home/amin/cobot/cobot_ws/install/mycobot_280_moveit2_control:/home/amin/cobot/cobot_ws/install/mycobot_280_arduino:/home/amin/cobot/cobot_ws/install/mycobot_280:/home/amin/cobot/cobot_ws/install/mybuddy:/home/amin/cobot/cobot_ws/install/myarm_300:/home/amin/cobot/cobot_ws/install/mecharm_pi:/home/amin/cobot/cobot_ws/install/mecharm:/home/amin/cobot/cobot_ws/install/mycobot_description:/opt/ros/jazzy DEBUGINFOD_URLS=https://debuginfod.ubuntu.com /usr/bin/cmake --build /home/amin/cobot/cobot_ws/build/mycobot_pro450_interfaces -- -j8 -l8
[1.579s] Invoking command in '/home/amin/cobot/cobot_ws/build/mycobot_pro450_interfaces': CMAKE_PREFIX_PATH=${CMAKE_PREFIX_PATH}:/home/amin/cobot/cobot_ws/install/ultraarm:/home/amin/cobot/cobot_ws/install/pro450_moveit2_control:/home/amin/cobot/cobot_ws/install/mypalletizer_communication:/home/amin/cobot/cobot_ws/install/mypalletizer_260_pi:/home/amin/cobot/cobot_ws/install/mypalletizer_260:/home/amin/cobot/cobot_ws/install/mycobot_pro_450:/home/amin/cobot/cobot_ws/install/myarm_m750:/home/amin/cobot/cobot_ws/install/myarm_c650:/home/amin/cobot/cobot_ws/install/mycobot_communication:/home/amin/cobot/cobot_ws/install/mecharm_communication:/home/amin/cobot/cobot_ws/install/mycobot_630:/home/amin/cobot/cobot_ws/install/mycobot_600:/home/amin/cobot/cobot_ws/install/mycobot_320pi:/home/amin/cobot/cobot_ws/install/mycobot_320_riscv:/home/amin/cobot/cobot_ws/install/mycobot_320:/home/amin/cobot/cobot_ws/install/mycobot_280pi:/home/amin/cobot/cobot_ws/install/mycobot_280jn:/home/amin/cobot/cobot_ws/install/mycobot_280_x3pi:/home/amin/cobot/cobot_ws/install/mycobot_280_riscv:/home/amin/cobot/cobot_ws/install/mycobot_280_rdkx5:/home/amin/cobot/cobot_ws/install/mycobot_280_moveit2_control:/home/amin/cobot/cobot_ws/install/mycobot_280_arduino:/home/amin/cobot/cobot_ws/install/mycobot_280:/home/amin/cobot/cobot_ws/install/mybuddy:/home/amin/cobot/cobot_ws/install/myarm_300:/home/amin/cobot/cobot_ws/install/mecharm_pi:/home/amin/cobot/cobot_ws/install/mecharm:/home/amin/cobot/cobot_ws/install/mycobot_description:/opt/ros/jazzy DEBUGINFOD_URLS=https://debuginfod.ubuntu.com /usr/bin/cmake --install /home/amin/cobot/cobot_ws/build/mycobot_pro450_interfaces
[1.601s] -- Install configuration: ""
[1.602s] -- Up-to-date: /home/amin/cobot/cobot_ws/install/mycobot_pro450_interfaces/share/ament_index/resource_index/rosidl_interfaces/mycobot_pro450_interfaces
[1.602s] -- Up-to-date: /home/amin/cobot/cobot_ws/install/mycobot_pro450_interfaces/share/mycobot_pro450_interfaces/msg/MycobotAngles.json
[1.602s] -- Up-to-date: /home/amin/cobot/cobot_ws/install/mycobot_pro450_interfaces/share/mycobot_pro450_interfaces/msg/MycobotCoords.json
[1.602s] -- Up-to-date: /home/amin/cobot/cobot_ws/install/mycobot_pro450_interfaces/share/mycobot_pro450_interfaces/msg/MycobotSetAngles.json
[1.602s] -- Up-to-date: /home/amin/cobot/cobot_ws/install/mycobot_pro450_interfaces/share/mycobot_pro450_interfaces/msg/MycobotSetCoords.json
[1.602s] -- Up-to-date: /home/amin/cobot/cobot_ws/install/mycobot_pro450_interfaces/share/mycobot_pro450_interfaces/msg/MycobotGripperStatus.json
[1.602s] -- Up-to-date: /home/amin/cobot/cobot_ws/install/mycobot_pro450_interfaces/share/mycobot_pro450_interfaces/srv/GetAngles.json
[1.602s] -- Up-to-date: /home/amin/cobot/cobot_ws/install/mycobot_pro450_interfaces/share/mycobot_pro450_interfaces/srv/SetAngles.json
[1.602s] -- Up-to-date: /home/amin/cobot/cobot_ws/install/mycobot_pro450_interfaces/share/mycobot_pro450_interfaces/srv/GetCoords.json
[1.602s] -- Up-to-date: /home/amin/cobot/cobot_ws/install/mycobot_pro450_interfaces/share/mycobot_pro450_interfaces/srv/SetCoords.json
[1.602s] -- Up-to-date: /home/amin/cobot/cobot_ws/install/mycobot_pro450_interfaces/share/mycobot_pro450_interfaces/srv/GripperStatus.json
[1.603s] -- Up-to-date: /home/amin/cobot/cobot_ws/install/mycobot_pro450_interfaces/share/mycobot_pro450_interfaces/srv/GetGripperValue.json
[1.603s] -- Up-to-date: /home/amin/cobot/cobot_ws/install/mycobot_pro450_interfaces/include/mycobot_pro450_interfaces/mycobot_pro450_interfaces
[1.606s] -- Up-to-date: /home/amin/cobot/cobot_ws/install/mycobot_pro450_interfaces/include/mycobot_pro450_interfaces/mycobot_pro450_interfaces/srv
[1.606s] -- Up-to-date: /home/amin/cobot/cobot_ws/install/mycobot_pro450_interfaces/include/mycobot_pro450_interfaces/mycobot_pro450_interfaces/srv/gripper_status.h
[1.606s] -- Up-to-date: /home/amin/cobot/cobot_ws/install/mycobot_pro450_interfaces/include/mycobot_pro450_interfaces/mycobot_pro450_interfaces/srv/get_gripper_value.h
[1.606s] -- Up-to-date: /home/amin/cobot/cobot_ws/install/mycobot_pro450_interfaces/include/mycobot_pro450_interfaces/mycobot_pro450_interfaces/srv/detail
[1.606s] -- Up-to-date: /home/amin/cobot/cobot_ws/install/mycobot_pro450_interfaces/include/mycobot_pro450_interfaces/mycobot_pro450_interfaces/srv/detail/set_coords__type_support.h
[1.606s] -- Up-to-date: /home/amin/cobot/cobot_ws/install/mycobot_pro450_interfaces/include/mycobot_pro450_interfaces/mycobot_pro450_interfaces/srv/detail/gripper_status__description.c
[1.607s] -- Up-to-date: /home/amin/cobot/cobot_ws/install/mycobot_pro450_interfaces/include/mycobot_pro450_interfaces/mycobot_pro450_interfaces/srv/detail/gripper_status__functions.h
[1.607s] -- Up-to-date: /home/amin/cobot/cobot_ws/install/mycobot_pro450_interfaces/include/mycobot_pro450_interfaces/mycobot_pro450_interfaces/srv/detail/set_angles__struct.h
[1.607s] -- Up-to-date: /home/amin/cobot/cobot_ws/install/mycobot_pro450_interfaces/include/mycobot_pro450_interfaces/mycobot_pro450_interfaces/srv/detail/set_coords__functions.h
[1.607s] -- Up-to-date: /home/amin/cobot/cobot_ws/install/mycobot_pro450_interfaces/include/mycobot_pro450_interfaces/mycobot_pro450_interfaces/srv/detail/get_gripper_value__functions.h
[1.610s] -- Installing: /home/amin/cobot/cobot_ws/install/mycobot_pro450_interfaces/include/mycobot_pro450_interfaces/mycobot_pro450_interfaces/srv/detail/get_coords__type_support.c
[1.611s] -- Up-to-date: /home/amin/cobot/cobot_ws/install/mycobot_pro450_interfaces/include/mycobot_pro450_interfaces/mycobot_pro450_interfaces/srv/detail/set_angles__description.c
[1.611s] -- Up-to-date: /home/amin/cobot/cobot_ws/install/mycobot_pro450_interfaces/include/mycobot_pro450_interfaces/mycobot_pro450_interfaces/srv/detail/gripper_status__struct.h
[1.611s] -- Up-to-date: /home/amin/cobot/cobot_ws/install/mycobot_pro450_interfaces/include/mycobot_pro450_interfaces/mycobot_pro450_interfaces/srv/detail/get_angles__type_support.h
[1.611s] -- Up-to-date: /home/amin/cobot/cobot_ws/install/mycobot_pro450_interfaces/include/mycobot_pro450_interfaces/mycobot_pro450_interfaces/srv/detail/set_coords__functions.c
[1.611s] -- Installing: /home/amin/cobot/cobot_ws/install/mycobot_pro450_interfaces/include/mycobot_pro450_interfaces/mycobot_pro450_interfaces/srv/detail/set_coords__type_support.c
[1.611s] -- Installing: /home/amin/cobot/cobot_ws/install/mycobot_pro450_interfaces/include/mycobot_pro450_interfaces/mycobot_pro450_interfaces/srv/detail/get_gripper_value__type_support.c
[1.612s] -- Installing: /home/amin/cobot/cobot_ws/install/mycobot_pro450_interfaces/include/mycobot_pro450_interfaces/mycobot_pro450_interfaces/srv/detail/set_angles__type_support.c
[1.612s] -- Up-to-date: /home/amin/cobot/cobot_ws/install/mycobot_pro450_interfaces/include/mycobot_pro450_interfaces/mycobot_pro450_interfaces/srv/detail/gripper_status__type_support.h
[1.612s] -- Up-to-date: /home/amin/cobot/cobot_ws/install/mycobot_pro450_interfaces/include/mycobot_pro450_interfaces/mycobot_pro450_interfaces/srv/detail/get_gripper_value__description.c
[1.613s] -- Up-to-date: /home/amin/cobot/cobot_ws/install/mycobot_pro450_interfaces/include/mycobot_pro450_interfaces/mycobot_pro450_interfaces/srv/detail/get_angles__struct.h
[1.614s] -- Up-to-date: /home/amin/cobot/cobot_ws/install/mycobot_pro450_interfaces/include/mycobot_pro450_interfaces/mycobot_pro450_interfaces/srv/detail/get_coords__description.c
[1.614s] -- Up-to-date: /home/amin/cobot/cobot_ws/install/mycobot_pro450_interfaces/include/mycobot_pro450_interfaces/mycobot_pro450_interfaces/srv/detail/set_coords__description.c
[1.614s] -- Up-to-date: /home/amin/cobot/cobot_ws/install/mycobot_pro450_interfaces/include/mycobot_pro450_interfaces/mycobot_pro450_interfaces/srv/detail/get_coords__functions.h
[1.614s] -- Installing: /home/amin/cobot/cobot_ws/install/mycobot_pro450_interfaces/include/mycobot_pro450_interfaces/mycobot_pro450_interfaces/srv/detail/get_angles__type_support.c
[1.614s] -- Up-to-date: /home/amin/cobot/cobot_ws/install/mycobot_pro450_interfaces/include/mycobot_pro450_interfaces/mycobot_pro450_interfaces/srv/detail/get_angles__functions.h
[1.614s] -- Installing: /home/amin/cobot/cobot_ws/install/mycobot_pro450_interfaces/include/mycobot_pro450_interfaces/mycobot_pro450_interfaces/srv/detail/gripper_status__type_support.c
[1.614s] -- Up-to-date: /home/amin/cobot/cobot_ws/install/mycobot_pro450_interfaces/include/mycobot_pro450_interfaces/mycobot_pro450_interfaces/srv/detail/get_angles__functions.c
[1.614s] -- Up-to-date: /home/amin/cobot/cobot_ws/install/mycobot_pro450_interfaces/include/mycobot_pro450_interfaces/mycobot_pro450_interfaces/srv/detail/get_gripper_value__type_support.h
[1.614s] -- Up-to-date: /home/amin/cobot/cobot_ws/install/mycobot_pro450_interfaces/include/mycobot_pro450_interfaces/mycobot_pro450_interfaces/srv/detail/get_coords__type_support.h
[1.615s] -- Up-to-date: /home/amin/cobot/cobot_ws/install/mycobot_pro450_interfaces/include/mycobot_pro450_interfaces/mycobot_pro450_interfaces/srv/detail/set_angles__type_support.h
[1.615s] -- Up-to-date: /home/amin/cobot/cobot_ws/install/mycobot_pro450_interfaces/include/mycobot_pro450_interfaces/mycobot_pro450_interfaces/srv/detail/get_coords__functions.c
[1.615s] -- Up-to-date: /home/amin/cobot/cobot_ws/install/mycobot_pro450_interfaces/include/mycobot_pro450_interfaces/mycobot_pro450_interfaces/srv/detail/gripper_status__functions.c
[1.615s] -- Up-to-date: /home/amin/cobot/cobot_ws/install/mycobot_pro450_interfaces/include/mycobot_pro450_interfaces/mycobot_pro450_interfaces/srv/detail/get_angles__description.c
[1.615s] -- Up-to-date: /home/amin/cobot/cobot_ws/install/mycobot_pro450_interfaces/include/mycobot_pro450_interfaces/mycobot_pro450_interfaces/srv/detail/get_gripper_value__functions.c
[1.615s] -- Up-to-date: /home/amin/cobot/cobot_ws/install/mycobot_pro450_interfaces/include/mycobot_pro450_interfaces/mycobot_pro450_interfaces/srv/detail/set_angles__functions.c
[1.615s] -- Up-to-date: /home/amin/cobot/cobot_ws/install/mycobot_pro450_interfaces/include/mycobot_pro450_interfaces/mycobot_pro450_interfaces/srv/detail/set_coords__struct.h
[1.615s] -- Up-to-date: /home/amin/cobot/cobot_ws/install/mycobot_pro450_interfaces/include/mycobot_pro450_interfaces/mycobot_pro450_interfaces/srv/detail/get_coords__struct.h
[1.615s] -- Up-to-date: /home/amin/cobot/cobot_ws/install/mycobot_pro450_interfaces/include/mycobot_pro450_interfaces/mycobot_pro450_interfaces/srv/detail/set_angles__functions.h
[1.615s] -- Up-to-date: /home/amin/cobot/cobot_ws/install/mycobot_pro450_interfaces/include/mycobot_pro450_interfaces/mycobot_pro450_interfaces/srv/detail/get_gripper_value__struct.h
[1.615s] -- Up-to-date: /home/amin/cobot/cobot_ws/install/mycobot_pro450_interfaces/include/mycobot_pro450_interfaces/mycobot_pro450_interfaces/srv/get_coords.h
[1.615s] -- Up-to-date: /home/amin/cobot/cobot_ws/install/mycobot_pro450_interfaces/include/mycobot_pro450_interfaces/mycobot_pro450_interfaces/srv/get_angles.h
[1.615s] -- Up-to-date: /home/amin/cobot/cobot_ws/install/mycobot_pro450_interfaces/include/mycobot_pro450_interfaces/mycobot_pro450_interfaces/srv/set_angles.h
[1.615s] -- Up-to-date: /home/amin/cobot/cobot_ws/install/mycobot_pro450_interfaces/include/mycobot_pro450_interfaces/mycobot_pro450_interfaces/srv/set_coords.h
[1.616s] -- Up-to-date: /home/amin/cobot/cobot_ws/install/mycobot_pro450_interfaces/include/mycobot_pro450_interfaces/mycobot_pro450_interfaces/msg
[1.616s] -- Up-to-date: /home/amin/cobot/cobot_ws/install/mycobot_pro450_interfaces/include/mycobot_pro450_interfaces/mycobot_pro450_interfaces/msg/detail
[1.616s] -- Up-to-date: /home/amin/cobot/cobot_ws/install/mycobot_pro450_interfaces/include/mycobot_pro450_interfaces/mycobot_pro450_interfaces/msg/detail/mycobot_gripper_status__description.c
[1.616s] -- Up-to-date: /home/amin/cobot/cobot_ws/install/mycobot_pro450_interfaces/include/mycobot_pro450_interfaces/mycobot_pro450_interfaces/msg/detail/mycobot_gripper_status__type_support.h
[1.616s] -- Up-to-date: /home/amin/cobot/cobot_ws/install/mycobot_pro450_interfaces/include/mycobot_pro450_interfaces/mycobot_pro450_interfaces/msg/detail/mycobot_set_angles__functions.c
[1.616s] -- Up-to-date: /home/amin/cobot/cobot_ws/install/mycobot_pro450_interfaces/include/mycobot_pro450_interfaces/mycobot_pro450_interfaces/msg/detail/mycobot_coords__type_support.h
[1.616s] -- Up-to-date: /home/amin/cobot/cobot_ws/install/mycobot_pro450_interfaces/include/mycobot_pro450_interfaces/mycobot_pro450_interfaces/msg/detail/mycobot_coords__struct.h
[1.616s] -- Up-to-date: /home/amin/cobot/cobot_ws/install/mycobot_pro450_interfaces/include/mycobot_pro450_interfaces/mycobot_pro450_interfaces/msg/detail/mycobot_set_angles__description.c
[1.617s] -- Up-to-date: /home/amin/cobot/cobot_ws/install/mycobot_pro450_interfaces/include/mycobot_pro450_interfaces/mycobot_pro450_interfaces/msg/detail/mycobot_set_coords__type_support.h
[1.619s] -- Up-to-date: /home/amin/cobot/cobot_ws/install/mycobot_pro450_interfaces/include/mycobot_pro450_interfaces/mycobot_pro450_interfaces/msg/detail/mycobot_set_coords__functions.h
[1.623s] -- Installing: /home/amin/cobot/cobot_ws/install/mycobot_pro450_interfaces/include/mycobot_pro450_interfaces/mycobot_pro450_interfaces/msg/detail/mycobot_set_angles__type_support.c
[1.626s] -- Up-to-date: /home/amin/cobot/cobot_ws/install/mycobot_pro450_interfaces/include/mycobot_pro450_interfaces/mycobot_pro450_interfaces/msg/detail/mycobot_angles__struct.h
[1.626s] -- Installing: /home/amin/cobot/cobot_ws/install/mycobot_pro450_interfaces/include/mycobot_pro450_interfaces/mycobot_pro450_interfaces/msg/detail/mycobot_angles__type_support.c
[1.626s] -- Up-to-date: /home/amin/cobot/cobot_ws/install/mycobot_pro450_interfaces/include/mycobot_pro450_interfaces/mycobot_pro450_interfaces/msg/detail/mycobot_gripper_status__functions.c
[1.626s] -- Up-to-date: /home/amin/cobot/cobot_ws/install/mycobot_pro450_interfaces/include/mycobot_pro450_interfaces/mycobot_pro450_interfaces/msg/detail/mycobot_gripper_status__functions.h
[1.627s] -- Up-to-date: /home/amin/cobot/cobot_ws/install/mycobot_pro450_interfaces/include/mycobot_pro450_interfaces/mycobot_pro450_interfaces/msg/detail/mycobot_set_angles__functions.h
[1.627s] -- Installing: /home/amin/cobot/cobot_ws/install/mycobot_pro450_interfaces/include/mycobot_pro450_interfaces/mycobot_pro450_interfaces/msg/detail/mycobot_gripper_status__type_support.c
[1.628s] -- Up-to-date: /home/amin/cobot/cobot_ws/install/mycobot_pro450_interfaces/include/mycobot_pro450_interfaces/mycobot_pro450_interfaces/msg/detail/mycobot_coords__functions.h
[1.628s] -- Installing: /home/amin/cobot/cobot_ws/install/mycobot_pro450_interfaces/include/mycobot_pro450_interfaces/mycobot_pro450_interfaces/msg/detail/mycobot_coords__type_support.c
[1.628s] -- Up-to-date: /home/amin/cobot/cobot_ws/install/mycobot_pro450_interfaces/include/mycobot_pro450_interfaces/mycobot_pro450_interfaces/msg/detail/mycobot_coords__description.c
[1.628s] -- Installing: /home/amin/cobot/cobot_ws/install/mycobot_pro450_interfaces/include/mycobot_pro450_interfaces/mycobot_pro450_interfaces/msg/detail/mycobot_set_coords__type_support.c
[1.628s] -- Up-to-date: /home/amin/cobot/cobot_ws/install/mycobot_pro450_interfaces/include/mycobot_pro450_interfaces/mycobot_pro450_interfaces/msg/detail/mycobot_set_coords__struct.h
[1.628s] -- Up-to-date: /home/amin/cobot/cobot_ws/install/mycobot_pro450_interfaces/include/mycobot_pro450_interfaces/mycobot_pro450_interfaces/msg/detail/mycobot_angles__functions.h
[1.629s] -- Up-to-date: /home/amin/cobot/cobot_ws/install/mycobot_pro450_interfaces/include/mycobot_pro450_interfaces/mycobot_pro450_interfaces/msg/detail/mycobot_gripper_status__struct.h
[1.636s] -- Up-to-date: /home/amin/cobot/cobot_ws/install/mycobot_pro450_interfaces/include/mycobot_pro450_interfaces/mycobot_pro450_interfaces/msg/detail/mycobot_set_coords__description.c
[1.636s] -- Up-to-date: /home/amin/cobot/cobot_ws/install/mycobot_pro450_interfaces/include/mycobot_pro450_interfaces/mycobot_pro450_interfaces/msg/detail/mycobot_set_coords__functions.c
[1.636s] -- Up-to-date: /home/amin/cobot/cobot_ws/install/mycobot_pro450_interfaces/include/mycobot_pro450_interfaces/mycobot_pro450_interfaces/msg/detail/mycobot_coords__functions.c
[1.637s] -- Up-to-date: /home/amin/cobot/cobot_ws/install/mycobot_pro450_interfaces/include/mycobot_pro450_interfaces/mycobot_pro450_interfaces/msg/detail/mycobot_angles__functions.c
[1.637s] -- Up-to-date: /home/amin/cobot/cobot_ws/install/mycobot_pro450_interfaces/include/mycobot_pro450_interfaces/mycobot_pro450_interfaces/msg/detail/mycobot_set_angles__struct.h
[1.637s] -- Up-to-date: /home/amin/cobot/cobot_ws/install/mycobot_pro450_interfaces/include/mycobot_pro450_interfaces/mycobot_pro450_interfaces/msg/detail/mycobot_angles__type_support.h
[1.637s] -- Up-to-date: /home/amin/cobot/cobot_ws/install/mycobot_pro450_interfaces/include/mycobot_pro450_interfaces/mycobot_pro450_interfaces/msg/detail/mycobot_set_angles__type_support.h
[1.637s] -- Up-to-date: /home/amin/cobot/cobot_ws/install/mycobot_pro450_interfaces/include/mycobot_pro450_interfaces/mycobot_pro450_interfaces/msg/detail/mycobot_angles__description.c
[1.637s] -- Up-to-date: /home/amin/cobot/cobot_ws/install/mycobot_pro450_interfaces/include/mycobot_pro450_interfaces/mycobot_pro450_interfaces/msg/rosidl_generator_c__visibility_control.h
[1.637s] -- Up-to-date: /home/amin/cobot/cobot_ws/install/mycobot_pro450_interfaces/include/mycobot_pro450_interfaces/mycobot_pro450_interfaces/msg/mycobot_set_angles.h
[1.637s] -- Up-to-date: /home/amin/cobot/cobot_ws/install/mycobot_pro450_interfaces/include/mycobot_pro450_interfaces/mycobot_pro450_interfaces/msg/mycobot_coords.h
[1.637s] -- Up-to-date: /home/amin/cobot/cobot_ws/install/mycobot_pro450_interfaces/include/mycobot_pro450_interfaces/mycobot_pro450_interfaces/msg/mycobot_angles.h
[1.637s] -- Up-to-date: /home/amin/cobot/cobot_ws/install/mycobot_pro450_interfaces/include/mycobot_pro450_interfaces/mycobot_pro450_interfaces/msg/mycobot_gripper_status.h
[1.638s] -- Up-to-date: /home/amin/cobot/cobot_ws/install/mycobot_pro450_interfaces/include/mycobot_pro450_interfaces/mycobot_pro450_interfaces/msg/mycobot_set_coords.h
[1.638s] -- Up-to-date: /home/amin/cobot/cobot_ws/install/mycobot_pro450_interfaces/share/mycobot_pro450_interfaces/environment/library_path.sh
[1.638s] -- Up-to-date: /home/amin/cobot/cobot_ws/install/mycobot_pro450_interfaces/share/mycobot_pro450_interfaces/environment/library_path.dsv
[1.638s] -- Up-to-date: /home/amin/cobot/cobot_ws/install/mycobot_pro450_interfaces/lib/libmycobot_pro450_interfaces__rosidl_generator_c.so
[1.638s] -- Up-to-date: /home/amin/cobot/cobot_ws/install/mycobot_pro450_interfaces/include/mycobot_pro450_interfaces/mycobot_pro450_interfaces
[1.638s] -- Up-to-date: /home/amin/cobot/cobot_ws/install/mycobot_pro450_interfaces/include/mycobot_pro450_interfaces/mycobot_pro450_interfaces/srv
[1.639s] -- Up-to-date: /home/amin/cobot/cobot_ws/install/mycobot_pro450_interfaces/include/mycobot_pro450_interfaces/mycobot_pro450_interfaces/srv/detail
[1.639s] -- Up-to-date: /home/amin/cobot/cobot_ws/install/mycobot_pro450_interfaces/include/mycobot_pro450_interfaces/mycobot_pro450_interfaces/srv/detail/get_gripper_value__rosidl_typesupport_fastrtps_c.h
[1.639s] -- Up-to-date: /home/amin/cobot/cobot_ws/install/mycobot_pro450_interfaces/include/mycobot_pro450_interfaces/mycobot_pro450_interfaces/srv/detail/get_coords__rosidl_typesupport_fastrtps_c.h
[1.639s] -- Up-to-date: /home/amin/cobot/cobot_ws/install/mycobot_pro450_interfaces/include/mycobot_pro450_interfaces/mycobot_pro450_interfaces/srv/detail/get_angles__rosidl_typesupport_fastrtps_c.h
[1.639s] -- Up-to-date: /home/amin/cobot/cobot_ws/install/mycobot_pro450_interfaces/include/mycobot_pro450_interfaces/mycobot_pro450_interfaces/srv/detail/set_angles__rosidl_typesupport_fastrtps_c.h
[1.639s] -- Up-to-date: /home/amin/cobot/cobot_ws/install/mycobot_pro450_interfaces/include/mycobot_pro450_interfaces/mycobot_pro450_interfaces/srv/detail/gripper_status__rosidl_typesupport_fastrtps_c.h
[1.639s] -- Up-to-date: /home/amin/cobot/cobot_ws/install/mycobot_pro450_interfaces/include/mycobot_pro450_interfaces/mycobot_pro450_interfaces/srv/detail/set_coords__rosidl_typesupport_fastrtps_c.h
[1.640s] -- Up-to-date: /home/amin/cobot/cobot_ws/install/mycobot_pro450_interfaces/include/mycobot_pro450_interfaces/mycobot_pro450_interfaces/msg
[1.640s] -- Up-to-date: /home/amin/cobot/cobot_ws/install/mycobot_pro450_interfaces/include/mycobot_pro450_interfaces/mycobot_pro450_interfaces/msg/detail
[1.640s] -- Up-to-date: /home/amin/cobot/cobot_ws/install/mycobot_pro450_interfaces/include/mycobot_pro450_interfaces/mycobot_pro450_interfaces/msg/detail/mycobot_angles__rosidl_typesupport_fastrtps_c.h
[1.640s] -- Up-to-date: /home/amin/cobot/cobot_ws/install/mycobot_pro450_interfaces/include/mycobot_pro450_interfaces/mycobot_pro450_interfaces/msg/detail/mycobot_set_angles__rosidl_typesupport_fastrtps_c.h
[1.640s] -- Up-to-date: /home/amin/cobot/cobot_ws/install/mycobot_pro450_interfaces/include/mycobot_pro450_interfaces/mycobot_pro450_interfaces/msg/detail/mycobot_coords__rosidl_typesupport_fastrtps_c.h
[1.640s] -- Up-to-date: /home/amin/cobot/cobot_ws/install/mycobot_pro450_interfaces/include/mycobot_pro450_interfaces/mycobot_pro450_interfaces/msg/detail/mycobot_set_coords__rosidl_typesupport_fastrtps_c.h
[1.640s] -- Up-to-date: /home/amin/cobot/cobot_ws/install/mycobot_pro450_interfaces/include/mycobot_pro450_interfaces/mycobot_pro450_interfaces/msg/detail/mycobot_gripper_status__rosidl_typesupport_fastrtps_c.h
[1.640s] -- Up-to-date: /home/amin/cobot/cobot_ws/install/mycobot_pro450_interfaces/include/mycobot_pro450_interfaces/mycobot_pro450_interfaces/msg/rosidl_typesupport_fastrtps_c__visibility_control.h
[1.641s] -- Up-to-date: /home/amin/cobot/cobot_ws/install/mycobot_pro450_interfaces/lib/libmycobot_pro450_interfaces__rosidl_typesupport_fastrtps_c.so
[1.641s] -- Up-to-date: /home/amin/cobot/cobot_ws/install/mycobot_pro450_interfaces/include/mycobot_pro450_interfaces/mycobot_pro450_interfaces
[1.641s] -- Up-to-date: /home/amin/cobot/cobot_ws/install/mycobot_pro450_interfaces/include/mycobot_pro450_interfaces/mycobot_pro450_interfaces/srv
[1.641s] -- Up-to-date: /home/amin/cobot/cobot_ws/install/mycobot_pro450_interfaces/include/mycobot_pro450_interfaces/mycobot_pro450_interfaces/srv/detail
[1.641s] -- Up-to-date: /home/amin/cobot/cobot_ws/install/mycobot_pro450_interfaces/include/mycobot_pro450_interfaces/mycobot_pro450_interfaces/srv/detail/get_gripper_value__rosidl_typesupport_introspection_c.h
[1.641s] -- Installing: /home/amin/cobot/cobot_ws/install/mycobot_pro450_interfaces/include/mycobot_pro450_interfaces/mycobot_pro450_interfaces/srv/detail/get_coords__type_support.c
[1.642s] -- Up-to-date: /home/amin/cobot/cobot_ws/install/mycobot_pro450_interfaces/include/mycobot_pro450_interfaces/mycobot_pro450_interfaces/srv/detail/set_angles__rosidl_typesupport_introspection_c.h
[1.643s] -- Installing: /home/amin/cobot/cobot_ws/install/mycobot_pro450_interfaces/include/mycobot_pro450_interfaces/mycobot_pro450_interfaces/srv/detail/set_coords__type_support.c
[1.643s] -- Installing: /home/amin/cobot/cobot_ws/install/mycobot_pro450_interfaces/include/mycobot_pro450_interfaces/mycobot_pro450_interfaces/srv/detail/get_gripper_value__type_support.c
[1.643s] -- Installing: /home/amin/cobot/cobot_ws/install/mycobot_pro450_interfaces/include/mycobot_pro450_interfaces/mycobot_pro450_interfaces/srv/detail/set_angles__type_support.c
[1.645s] -- Installing: /home/amin/cobot/cobot_ws/install/mycobot_pro450_interfaces/include/mycobot_pro450_interfaces/mycobot_pro450_interfaces/srv/detail/get_angles__type_support.c
[1.645s] -- Up-to-date: /home/amin/cobot/cobot_ws/install/mycobot_pro450_interfaces/include/mycobot_pro450_interfaces/mycobot_pro450_interfaces/srv/detail/get_angles__rosidl_typesupport_introspection_c.h
[1.645s] -- Installing: /home/amin/cobot/cobot_ws/install/mycobot_pro450_interfaces/include/mycobot_pro450_interfaces/mycobot_pro450_interfaces/srv/detail/gripper_status__type_support.c
[1.646s] -- Up-to-date: /home/amin/cobot/cobot_ws/install/mycobot_pro450_interfaces/include/mycobot_pro450_interfaces/mycobot_pro450_interfaces/srv/detail/set_coords__rosidl_typesupport_introspection_c.h
[1.646s] -- Up-to-date: /home/amin/cobot/cobot_ws/install/mycobot_pro450_interfaces/include/mycobot_pro450_interfaces/mycobot_pro450_interfaces/srv/detail/get_coords__rosidl_typesupport_introspection_c.h
[1.646s] -- Up-to-date: /home/amin/cobot/cobot_ws/install/mycobot_pro450_interfaces/include/mycobot_pro450_interfaces/mycobot_pro450_interfaces/srv/detail/gripper_status__rosidl_typesupport_introspection_c.h
[1.646s] -- Up-to-date: /home/amin/cobot/cobot_ws/install/mycobot_pro450_interfaces/include/mycobot_pro450_interfaces/mycobot_pro450_interfaces/msg
[1.646s] -- Up-to-date: /home/amin/cobot/cobot_ws/install/mycobot_pro450_interfaces/include/mycobot_pro450_interfaces/mycobot_pro450_interfaces/msg/detail
[1.646s] -- Up-to-date: /home/amin/cobot/cobot_ws/install/mycobot_pro450_interfaces/include/mycobot_pro450_interfaces/mycobot_pro450_interfaces/msg/detail/mycobot_set_coords__rosidl_typesupport_introspection_c.h
[1.646s] -- Installing: /home/amin/cobot/cobot_ws/install/mycobot_pro450_interfaces/include/mycobot_pro450_interfaces/mycobot_pro450_interfaces/msg/detail/mycobot_set_angles__type_support.c
[1.647s] -- Up-to-date: /home/amin/cobot/cobot_ws/install/mycobot_pro450_interfaces/include/mycobot_pro450_interfaces/mycobot_pro450_interfaces/msg/detail/mycobot_coords__rosidl_typesupport_introspection_c.h
[1.648s] -- Up-to-date: /home/amin/cobot/cobot_ws/install/mycobot_pro450_interfaces/include/mycobot_pro450_interfaces/mycobot_pro450_interfaces/msg/detail/mycobot_angles__rosidl_typesupport_introspection_c.h
[1.648s] -- Installing: /home/amin/cobot/cobot_ws/install/mycobot_pro450_interfaces/include/mycobot_pro450_interfaces/mycobot_pro450_interfaces/msg/detail/mycobot_angles__type_support.c
[1.648s] -- Installing: /home/amin/cobot/cobot_ws/install/mycobot_pro450_interfaces/include/mycobot_pro450_interfaces/mycobot_pro450_interfaces/msg/detail/mycobot_gripper_status__type_support.c
[1.649s] -- Installing: /home/amin/cobot/cobot_ws/install/mycobot_pro450_interfaces/include/mycobot_pro450_interfaces/mycobot_pro450_interfaces/msg/detail/mycobot_coords__type_support.c
[1.654s] -- Installing: /home/amin/cobot/cobot_ws/install/mycobot_pro450_interfaces/include/mycobot_pro450_interfaces/mycobot_pro450_interfaces/msg/detail/mycobot_set_coords__type_support.c
[1.654s] -- Up-to-date: /home/amin/cobot/cobot_ws/install/mycobot_pro450_interfaces/include/mycobot_pro450_interfaces/mycobot_pro450_interfaces/msg/detail/mycobot_gripper_status__rosidl_typesupport_introspection_c.h
[1.654s] -- Up-to-date: /home/amin/cobot/cobot_ws/install/mycobot_pro450_interfaces/include/mycobot_pro450_interfaces/mycobot_pro450_interfaces/msg/detail/mycobot_set_angles__rosidl_typesupport_introspection_c.h
[1.655s] -- Up-to-date: /home/amin/cobot/cobot_ws/install/mycobot_pro450_interfaces/include/mycobot_pro450_interfaces/mycobot_pro450_interfaces/msg/rosidl_typesupport_introspection_c__visibility_control.h
[1.655s] -- Up-to-date: /home/amin/cobot/cobot_ws/install/mycobot_pro450_interfaces/lib/libmycobot_pro450_interfaces__rosidl_typesupport_introspection_c.so
[1.655s] -- Up-to-date: /home/amin/cobot/cobot_ws/install/mycobot_pro450_interfaces/lib/libmycobot_pro450_interfaces__rosidl_typesupport_c.so
[1.674s] -- Up-to-date: /home/amin/cobot/cobot_ws/install/mycobot_pro450_interfaces/include/mycobot_pro450_interfaces/mycobot_pro450_interfaces
[1.674s] -- Up-to-date: /home/amin/cobot/cobot_ws/install/mycobot_pro450_interfaces/include/mycobot_pro450_interfaces/mycobot_pro450_interfaces/srv
[1.674s] -- Up-to-date: /home/amin/cobot/cobot_ws/install/mycobot_pro450_interfaces/include/mycobot_pro450_interfaces/mycobot_pro450_interfaces/srv/set_angles.hpp
[1.674s] -- Up-to-date: /home/amin/cobot/cobot_ws/install/mycobot_pro450_interfaces/include/mycobot_pro450_interfaces/mycobot_pro450_interfaces/srv/get_coords.hpp
[1.674s] -- Up-to-date: /home/amin/cobot/cobot_ws/install/mycobot_pro450_interfaces/include/mycobot_pro450_interfaces/mycobot_pro450_interfaces/srv/gripper_status.hpp
[1.674s] -- Up-to-date: /home/amin/cobot/cobot_ws/install/mycobot_pro450_interfaces/include/mycobot_pro450_interfaces/mycobot_pro450_interfaces/srv/detail
[1.674s] -- Up-to-date: /home/amin/cobot/cobot_ws/install/mycobot_pro450_interfaces/include/mycobot_pro450_interfaces/mycobot_pro450_interfaces/srv/detail/get_coords__type_support.hpp
[1.675s] -- Up-to-date: /home/amin/cobot/cobot_ws/install/mycobot_pro450_interfaces/include/mycobot_pro450_interfaces/mycobot_pro450_interfaces/srv/detail/get_angles__builder.hpp
[1.675s] -- Up-to-date: /home/amin/cobot/cobot_ws/install/mycobot_pro450_interfaces/include/mycobot_pro450_interfaces/mycobot_pro450_interfaces/srv/detail/gripper_status__type_support.hpp
[1.675s] -- Up-to-date: /home/amin/cobot/cobot_ws/install/mycobot_pro450_interfaces/include/mycobot_pro450_interfaces/mycobot_pro450_interfaces/srv/detail/set_angles__traits.hpp
[1.675s] -- Up-to-date: /home/amin/cobot/cobot_ws/install/mycobot_pro450_interfaces/include/mycobot_pro450_interfaces/mycobot_pro450_interfaces/srv/detail/set_angles__builder.hpp
[1.675s] -- Up-to-date: /home/amin/cobot/cobot_ws/install/mycobot_pro450_interfaces/include/mycobot_pro450_interfaces/mycobot_pro450_interfaces/srv/detail/gripper_status__struct.hpp
[1.675s] -- Up-to-date: /home/amin/cobot/cobot_ws/install/mycobot_pro450_interfaces/include/mycobot_pro450_interfaces/mycobot_pro450_interfaces/srv/detail/gripper_status__traits.hpp
[1.675s] -- Up-to-date: /home/amin/cobot/cobot_ws/install/mycobot_pro450_interfaces/include/mycobot_pro450_interfaces/mycobot_pro450_interfaces/srv/detail/set_coords__struct.hpp
[1.675s] -- Up-to-date: /home/amin/cobot/cobot_ws/install/mycobot_pro450_interfaces/include/mycobot_pro450_interfaces/mycobot_pro450_interfaces/srv/detail/set_coords__builder.hpp
[1.675s] -- Up-to-date: /home/amin/cobot/cobot_ws/install/mycobot_pro450_interfaces/include/mycobot_pro450_interfaces/mycobot_pro450_interfaces/srv/detail/get_gripper_value__builder.hpp
[1.675s] -- Up-to-date: /home/amin/cobot/cobot_ws/install/mycobot_pro450_interfaces/include/mycobot_pro450_interfaces/mycobot_pro450_interfaces/srv/detail/get_coords__struct.hpp
[1.675s] -- Up-to-date: /home/amin/cobot/cobot_ws/install/mycobot_pro450_interfaces/include/mycobot_pro450_interfaces/mycobot_pro450_interfaces/srv/detail/gripper_status__builder.hpp
[1.675s] -- Up-to-date: /home/amin/cobot/cobot_ws/install/mycobot_pro450_interfaces/include/mycobot_pro450_interfaces/mycobot_pro450_interfaces/srv/detail/get_gripper_value__struct.hpp
[1.675s] -- Up-to-date: /home/amin/cobot/cobot_ws/install/mycobot_pro450_interfaces/include/mycobot_pro450_interfaces/mycobot_pro450_interfaces/srv/detail/get_gripper_value__type_support.hpp
[1.675s] -- Up-to-date: /home/amin/cobot/cobot_ws/install/mycobot_pro450_interfaces/include/mycobot_pro450_interfaces/mycobot_pro450_interfaces/srv/detail/get_angles__type_support.hpp
[1.676s] -- Up-to-date: /home/amin/cobot/cobot_ws/install/mycobot_pro450_interfaces/include/mycobot_pro450_interfaces/mycobot_pro450_interfaces/srv/detail/get_coords__traits.hpp
[1.676s] -- Up-to-date: /home/amin/cobot/cobot_ws/install/mycobot_pro450_interfaces/include/mycobot_pro450_interfaces/mycobot_pro450_interfaces/srv/detail/get_gripper_value__traits.hpp
[1.676s] -- Up-to-date: /home/amin/cobot/cobot_ws/install/mycobot_pro450_interfaces/include/mycobot_pro450_interfaces/mycobot_pro450_interfaces/srv/detail/set_angles__struct.hpp
[1.676s] -- Up-to-date: /home/amin/cobot/cobot_ws/install/mycobot_pro450_interfaces/include/mycobot_pro450_interfaces/mycobot_pro450_interfaces/srv/detail/get_angles__traits.hpp
[1.676s] -- Up-to-date: /home/amin/cobot/cobot_ws/install/mycobot_pro450_interfaces/include/mycobot_pro450_interfaces/mycobot_pro450_interfaces/srv/detail/get_coords__builder.hpp
[1.676s] -- Up-to-date: /home/amin/cobot/cobot_ws/install/mycobot_pro450_interfaces/include/mycobot_pro450_interfaces/mycobot_pro450_interfaces/srv/detail/set_coords__type_support.hpp
[1.677s] -- Up-to-date: /home/amin/cobot/cobot_ws/install/mycobot_pro450_interfaces/include/mycobot_pro450_interfaces/mycobot_pro450_interfaces/srv/detail/set_angles__type_support.hpp
[1.677s] -- Up-to-date: /home/amin/cobot/cobot_ws/install/mycobot_pro450_interfaces/include/mycobot_pro450_interfaces/mycobot_pro450_interfaces/srv/detail/set_coords__traits.hpp
[1.677s] -- Up-to-date: /home/amin/cobot/cobot_ws/install/mycobot_pro450_interfaces/include/mycobot_pro450_interfaces/mycobot_pro450_interfaces/srv/detail/get_angles__struct.hpp
[1.677s] -- Up-to-date: /home/amin/cobot/cobot_ws/install/mycobot_pro450_interfaces/include/mycobot_pro450_interfaces/mycobot_pro450_interfaces/srv/set_coords.hpp
[1.677s] -- Up-to-date: /home/amin/cobot/cobot_ws/install/mycobot_pro450_interfaces/include/mycobot_pro450_interfaces/mycobot_pro450_interfaces/srv/get_angles.hpp
[1.677s] -- Up-to-date: /home/amin/cobot/cobot_ws/install/mycobot_pro450_interfaces/include/mycobot_pro450_interfaces/mycobot_pro450_interfaces/srv/get_gripper_value.hpp
[1.677s] -- Up-to-date: /home/amin/cobot/cobot_ws/install/mycobot_pro450_interfaces/include/mycobot_pro450_interfaces/mycobot_pro450_interfaces/msg
[1.677s] -- Up-to-date: /home/amin/cobot/cobot_ws/install/mycobot_pro450_interfaces/include/mycobot_pro450_interfaces/mycobot_pro450_interfaces/msg/mycobot_angles.hpp
[1.678s] -- Up-to-date: /home/amin/cobot/cobot_ws/install/mycobot_pro450_interfaces/include/mycobot_pro450_interfaces/mycobot_pro450_interfaces/msg/mycobot_gripper_status.hpp
[1.678s] -- Up-to-date: /home/amin/cobot/cobot_ws/install/mycobot_pro450_interfaces/include/mycobot_pro450_interfaces/mycobot_pro450_interfaces/msg/detail
[1.678s] -- Up-to-date: /home/amin/cobot/cobot_ws/install/mycobot_pro450_interfaces/include/mycobot_pro450_interfaces/mycobot_pro450_interfaces/msg/detail/mycobot_gripper_status__struct.hpp
[1.678s] -- Up-to-date: /home/amin/cobot/cobot_ws/install/mycobot_pro450_interfaces/include/mycobot_pro450_interfaces/mycobot_pro450_interfaces/msg/detail/mycobot_coords__struct.hpp
[1.678s] -- Up-to-date: /home/amin/cobot/cobot_ws/install/mycobot_pro450_interfaces/include/mycobot_pro450_interfaces/mycobot_pro450_interfaces/msg/detail/mycobot_set_angles__type_support.hpp
[1.678s] -- Up-to-date: /home/amin/cobot/cobot_ws/install/mycobot_pro450_interfaces/include/mycobot_pro450_interfaces/mycobot_pro450_interfaces/msg/detail/mycobot_gripper_status__builder.hpp
[1.678s] -- Up-to-date: /home/amin/cobot/cobot_ws/install/mycobot_pro450_interfaces/include/mycobot_pro450_interfaces/mycobot_pro450_interfaces/msg/detail/mycobot_angles__traits.hpp
[1.678s] -- Up-to-date: /home/amin/cobot/cobot_ws/install/mycobot_pro450_interfaces/include/mycobot_pro450_interfaces/mycobot_pro450_interfaces/msg/detail/mycobot_angles__struct.hpp
[1.678s] -- Up-to-date: /home/amin/cobot/cobot_ws/install/mycobot_pro450_interfaces/include/mycobot_pro450_interfaces/mycobot_pro450_interfaces/msg/detail/mycobot_gripper_status__type_support.hpp
[1.679s] -- Up-to-date: /home/amin/cobot/cobot_ws/install/mycobot_pro450_interfaces/include/mycobot_pro450_interfaces/mycobot_pro450_interfaces/msg/detail/mycobot_coords__type_support.hpp
[1.679s] -- Up-to-date: /home/amin/cobot/cobot_ws/install/mycobot_pro450_interfaces/include/mycobot_pro450_interfaces/mycobot_pro450_interfaces/msg/detail/mycobot_gripper_status__traits.hpp
[1.679s] -- Up-to-date: /home/amin/cobot/cobot_ws/install/mycobot_pro450_interfaces/include/mycobot_pro450_interfaces/mycobot_pro450_interfaces/msg/detail/mycobot_angles__builder.hpp
[1.679s] -- Up-to-date: /home/amin/cobot/cobot_ws/install/mycobot_pro450_interfaces/include/mycobot_pro450_interfaces/mycobot_pro450_interfaces/msg/detail/mycobot_set_angles__builder.hpp
[1.682s] -- Up-to-date: /home/amin/cobot/cobot_ws/install/mycobot_pro450_interfaces/include/mycobot_pro450_interfaces/mycobot_pro450_interfaces/msg/detail/mycobot_coords__builder.hpp
[1.682s] -- Up-to-date: /home/amin/cobot/cobot_ws/install/mycobot_pro450_interfaces/include/mycobot_pro450_interfaces/mycobot_pro450_interfaces/msg/detail/mycobot_set_angles__traits.hpp
[1.683s] -- Up-to-date: /home/amin/cobot/cobot_ws/install/mycobot_pro450_interfaces/include/mycobot_pro450_interfaces/mycobot_pro450_interfaces/msg/detail/mycobot_coords__traits.hpp
[1.683s] -- Up-to-date: /home/amin/cobot/cobot_ws/install/mycobot_pro450_interfaces/include/mycobot_pro450_interfaces/mycobot_pro450_interfaces/msg/detail/mycobot_set_coords__type_support.hpp
[1.683s] -- Up-to-date: /home/amin/cobot/cobot_ws/install/mycobot_pro450_interfaces/include/mycobot_pro450_interfaces/mycobot_pro450_interfaces/msg/detail/mycobot_set_angles__struct.hpp
[1.683s] -- Up-to-date: /home/amin/cobot/cobot_ws/install/mycobot_pro450_interfaces/include/mycobot_pro450_interfaces/mycobot_pro450_interfaces/msg/detail/mycobot_set_coords__builder.hpp
[1.683s] -- Up-to-date: /home/amin/cobot/cobot_ws/install/mycobot_pro450_interfaces/include/mycobot_pro450_interfaces/mycobot_pro450_interfaces/msg/detail/mycobot_angles__type_support.hpp
[1.683s] -- Up-to-date: /home/amin/cobot/cobot_ws/install/mycobot_pro450_interfaces/include/mycobot_pro450_interfaces/mycobot_pro450_interfaces/msg/detail/mycobot_set_coords__struct.hpp
[1.684s] -- Up-to-date: /home/amin/cobot/cobot_ws/install/mycobot_pro450_interfaces/include/mycobot_pro450_interfaces/mycobot_pro450_interfaces/msg/detail/mycobot_set_coords__traits.hpp
[1.684s] -- Up-to-date: /home/amin/cobot/cobot_ws/install/mycobot_pro450_interfaces/include/mycobot_pro450_interfaces/mycobot_pro450_interfaces/msg/mycobot_set_coords.hpp
[1.684s] -- Up-to-date: /home/amin/cobot/cobot_ws/install/mycobot_pro450_interfaces/include/mycobot_pro450_interfaces/mycobot_pro450_interfaces/msg/mycobot_set_angles.hpp
[1.684s] -- Up-to-date: /home/amin/cobot/cobot_ws/install/mycobot_pro450_interfaces/include/mycobot_pro450_interfaces/mycobot_pro450_interfaces/msg/rosidl_generator_cpp__visibility_control.hpp
[1.684s] -- Up-to-date: /home/amin/cobot/cobot_ws/install/mycobot_pro450_interfaces/include/mycobot_pro450_interfaces/mycobot_pro450_interfaces/msg/mycobot_coords.hpp
[1.684s] -- Up-to-date: /home/amin/cobot/cobot_ws/install/mycobot_pro450_interfaces/include/mycobot_pro450_interfaces/mycobot_pro450_interfaces
[1.684s] -- Up-to-date: /home/amin/cobot/cobot_ws/install/mycobot_pro450_interfaces/include/mycobot_pro450_interfaces/mycobot_pro450_interfaces/srv
[1.684s] -- Up-to-date: /home/amin/cobot/cobot_ws/install/mycobot_pro450_interfaces/include/mycobot_pro450_interfaces/mycobot_pro450_interfaces/srv/detail
[1.684s] -- Up-to-date: /home/amin/cobot/cobot_ws/install/mycobot_pro450_interfaces/include/mycobot_pro450_interfaces/mycobot_pro450_interfaces/srv/detail/gripper_status__rosidl_typesupport_fastrtps_cpp.hpp
[1.684s] -- Up-to-date: /home/amin/cobot/cobot_ws/install/mycobot_pro450_interfaces/include/mycobot_pro450_interfaces/mycobot_pro450_interfaces/srv/detail/get_gripper_value__rosidl_typesupport_fastrtps_cpp.hpp
[1.684s] -- Up-to-date: /home/amin/cobot/cobot_ws/install/mycobot_pro450_interfaces/include/mycobot_pro450_interfaces/mycobot_pro450_interfaces/srv/detail/dds_fastrtps
[1.685s] -- Up-to-date: /home/amin/cobot/cobot_ws/install/mycobot_pro450_interfaces/include/mycobot_pro450_interfaces/mycobot_pro450_interfaces/srv/detail/get_angles__rosidl_typesupport_fastrtps_cpp.hpp
[1.685s] -- Up-to-date: /home/amin/cobot/cobot_ws/install/mycobot_pro450_interfaces/include/mycobot_pro450_interfaces/mycobot_pro450_interfaces/srv/detail/set_coords__rosidl_typesupport_fastrtps_cpp.hpp
[1.685s] -- Up-to-date: /home/amin/cobot/cobot_ws/install/mycobot_pro450_interfaces/include/mycobot_pro450_interfaces/mycobot_pro450_interfaces/srv/detail/get_coords__rosidl_typesupport_fastrtps_cpp.hpp
[1.685s] -- Up-to-date: /home/amin/cobot/cobot_ws/install/mycobot_pro450_interfaces/include/mycobot_pro450_interfaces/mycobot_pro450_interfaces/srv/detail/set_angles__rosidl_typesupport_fastrtps_cpp.hpp
[1.685s] -- Up-to-date: /home/amin/cobot/cobot_ws/install/mycobot_pro450_interfaces/include/mycobot_pro450_interfaces/mycobot_pro450_interfaces/msg
[1.685s] -- Up-to-date: /home/amin/cobot/cobot_ws/install/mycobot_pro450_interfaces/include/mycobot_pro450_interfaces/mycobot_pro450_interfaces/msg/detail
[1.685s] -- Up-to-date: /home/amin/cobot/cobot_ws/install/mycobot_pro450_interfaces/include/mycobot_pro450_interfaces/mycobot_pro450_interfaces/msg/detail/dds_fastrtps
[1.685s] -- Up-to-date: /home/amin/cobot/cobot_ws/install/mycobot_pro450_interfaces/include/mycobot_pro450_interfaces/mycobot_pro450_interfaces/msg/detail/mycobot_angles__rosidl_typesupport_fastrtps_cpp.hpp
[1.685s] -- Up-to-date: /home/amin/cobot/cobot_ws/install/mycobot_pro450_interfaces/include/mycobot_pro450_interfaces/mycobot_pro450_interfaces/msg/detail/mycobot_set_angles__rosidl_typesupport_fastrtps_cpp.hpp
[1.685s] -- Up-to-date: /home/amin/cobot/cobot_ws/install/mycobot_pro450_interfaces/include/mycobot_pro450_interfaces/mycobot_pro450_interfaces/msg/detail/mycobot_coords__rosidl_typesupport_fastrtps_cpp.hpp
[1.686s] -- Up-to-date: /home/amin/cobot/cobot_ws/install/mycobot_pro450_interfaces/include/mycobot_pro450_interfaces/mycobot_pro450_interfaces/msg/detail/mycobot_gripper_status__rosidl_typesupport_fastrtps_cpp.hpp
[1.686s] -- Up-to-date: /home/amin/cobot/cobot_ws/install/mycobot_pro450_interfaces/include/mycobot_pro450_interfaces/mycobot_pro450_interfaces/msg/detail/mycobot_set_coords__rosidl_typesupport_fastrtps_cpp.hpp
[1.686s] -- Up-to-date: /home/amin/cobot/cobot_ws/install/mycobot_pro450_interfaces/include/mycobot_pro450_interfaces/mycobot_pro450_interfaces/msg/rosidl_typesupport_fastrtps_cpp__visibility_control.h
[1.686s] -- Up-to-date: /home/amin/cobot/cobot_ws/install/mycobot_pro450_interfaces/lib/libmycobot_pro450_interfaces__rosidl_typesupport_fastrtps_cpp.so
[1.686s] -- Up-to-date: /home/amin/cobot/cobot_ws/install/mycobot_pro450_interfaces/include/mycobot_pro450_interfaces/mycobot_pro450_interfaces
[1.686s] -- Up-to-date: /home/amin/cobot/cobot_ws/install/mycobot_pro450_interfaces/include/mycobot_pro450_interfaces/mycobot_pro450_interfaces/srv
[1.686s] -- Up-to-date: /home/amin/cobot/cobot_ws/install/mycobot_pro450_interfaces/include/mycobot_pro450_interfaces/mycobot_pro450_interfaces/srv/detail
[1.686s] -- Up-to-date: /home/amin/cobot/cobot_ws/install/mycobot_pro450_interfaces/include/mycobot_pro450_interfaces/mycobot_pro450_interfaces/srv/detail/set_coords__type_support.cpp
[1.686s] -- Up-to-date: /home/amin/cobot/cobot_ws/install/mycobot_pro450_interfaces/include/mycobot_pro450_interfaces/mycobot_pro450_interfaces/srv/detail/gripper_status__type_support.cpp
[1.686s] -- Up-to-date: /home/amin/cobot/cobot_ws/install/mycobot_pro450_interfaces/include/mycobot_pro450_interfaces/mycobot_pro450_interfaces/srv/detail/gripper_status__rosidl_typesupport_introspection_cpp.hpp
[1.686s] -- Up-to-date: /home/amin/cobot/cobot_ws/install/mycobot_pro450_interfaces/include/mycobot_pro450_interfaces/mycobot_pro450_interfaces/srv/detail/get_coords__type_support.cpp
[1.687s] -- Up-to-date: /home/amin/cobot/cobot_ws/install/mycobot_pro450_interfaces/include/mycobot_pro450_interfaces/mycobot_pro450_interfaces/srv/detail/get_gripper_value__rosidl_typesupport_introspection_cpp.hpp
[1.687s] -- Up-to-date: /home/amin/cobot/cobot_ws/install/mycobot_pro450_interfaces/include/mycobot_pro450_interfaces/mycobot_pro450_interfaces/srv/detail/set_angles__rosidl_typesupport_introspection_cpp.hpp
[1.687s] -- Up-to-date: /home/amin/cobot/cobot_ws/install/mycobot_pro450_interfaces/include/mycobot_pro450_interfaces/mycobot_pro450_interfaces/srv/detail/set_angles__type_support.cpp
[1.687s] -- Up-to-date: /home/amin/cobot/cobot_ws/install/mycobot_pro450_interfaces/include/mycobot_pro450_interfaces/mycobot_pro450_interfaces/srv/detail/get_angles__type_support.cpp
[1.687s] -- Up-to-date: /home/amin/cobot/cobot_ws/install/mycobot_pro450_interfaces/include/mycobot_pro450_interfaces/mycobot_pro450_interfaces/srv/detail/get_gripper_value__type_support.cpp
[1.687s] -- Up-to-date: /home/amin/cobot/cobot_ws/install/mycobot_pro450_interfaces/include/mycobot_pro450_interfaces/mycobot_pro450_interfaces/srv/detail/get_angles__rosidl_typesupport_introspection_cpp.hpp
[1.687s] -- Up-to-date: /home/amin/cobot/cobot_ws/install/mycobot_pro450_interfaces/include/mycobot_pro450_interfaces/mycobot_pro450_interfaces/srv/detail/set_coords__rosidl_typesupport_introspection_cpp.hpp
[1.687s] -- Up-to-date: /home/amin/cobot/cobot_ws/install/mycobot_pro450_interfaces/include/mycobot_pro450_interfaces/mycobot_pro450_interfaces/srv/detail/get_coords__rosidl_typesupport_introspection_cpp.hpp
[1.687s] -- Up-to-date: /home/amin/cobot/cobot_ws/install/mycobot_pro450_interfaces/include/mycobot_pro450_interfaces/mycobot_pro450_interfaces/msg
[1.687s] -- Up-to-date: /home/amin/cobot/cobot_ws/install/mycobot_pro450_interfaces/include/mycobot_pro450_interfaces/mycobot_pro450_interfaces/msg/detail
[1.687s] -- Up-to-date: /home/amin/cobot/cobot_ws/install/mycobot_pro450_interfaces/include/mycobot_pro450_interfaces/mycobot_pro450_interfaces/msg/detail/mycobot_angles__type_support.cpp
[1.687s] -- Up-to-date: /home/amin/cobot/cobot_ws/install/mycobot_pro450_interfaces/include/mycobot_pro450_interfaces/mycobot_pro450_interfaces/msg/detail/mycobot_set_angles__type_support.cpp
[1.687s] -- Up-to-date: /home/amin/cobot/cobot_ws/install/mycobot_pro450_interfaces/include/mycobot_pro450_interfaces/mycobot_pro450_interfaces/msg/detail/mycobot_coords__type_support.cpp
[1.688s] -- Up-to-date: /home/amin/cobot/cobot_ws/install/mycobot_pro450_interfaces/include/mycobot_pro450_interfaces/mycobot_pro450_interfaces/msg/detail/mycobot_angles__rosidl_typesupport_introspection_cpp.hpp
[1.688s] -- Up-to-date: /home/amin/cobot/cobot_ws/install/mycobot_pro450_interfaces/include/mycobot_pro450_interfaces/mycobot_pro450_interfaces/msg/detail/mycobot_set_coords__type_support.cpp
[1.688s] -- Up-to-date: /home/amin/cobot/cobot_ws/install/mycobot_pro450_interfaces/include/mycobot_pro450_interfaces/mycobot_pro450_interfaces/msg/detail/mycobot_gripper_status__type_support.cpp
[1.688s] -- Up-to-date: /home/amin/cobot/cobot_ws/install/mycobot_pro450_interfaces/include/mycobot_pro450_interfaces/mycobot_pro450_interfaces/msg/detail/mycobot_set_coords__rosidl_typesupport_introspection_cpp.hpp
[1.688s] -- Up-to-date: /home/amin/cobot/cobot_ws/install/mycobot_pro450_interfaces/include/mycobot_pro450_interfaces/mycobot_pro450_interfaces/msg/detail/mycobot_set_angles__rosidl_typesupport_introspection_cpp.hpp
[1.688s] -- Up-to-date: /home/amin/cobot/cobot_ws/install/mycobot_pro450_interfaces/include/mycobot_pro450_interfaces/mycobot_pro450_interfaces/msg/detail/mycobot_coords__rosidl_typesupport_introspection_cpp.hpp
[1.688s] -- Up-to-date: /home/amin/cobot/cobot_ws/install/mycobot_pro450_interfaces/include/mycobot_pro450_interfaces/mycobot_pro450_interfaces/msg/detail/mycobot_gripper_status__rosidl_typesupport_introspection_cpp.hpp
[1.688s] -- Up-to-date: /home/amin/cobot/cobot_ws/install/mycobot_pro450_interfaces/lib/libmycobot_pro450_interfaces__rosidl_typesupport_introspection_cpp.so
[1.696s] -- Up-to-date: /home/amin/cobot/cobot_ws/install/mycobot_pro450_interfaces/lib/libmycobot_pro450_interfaces__rosidl_typesupport_cpp.so
[1.696s] -- Up-to-date: /home/amin/cobot/cobot_ws/install/mycobot_pro450_interfaces/share/mycobot_pro450_interfaces/environment/pythonpath.sh
[1.696s] -- Up-to-date: /home/amin/cobot/cobot_ws/install/mycobot_pro450_interfaces/share/mycobot_pro450_interfaces/environment/pythonpath.dsv
[1.697s] -- Up-to-date: /home/amin/cobot/cobot_ws/install/mycobot_pro450_interfaces/lib/python3.12/site-packages/mycobot_pro450_interfaces-1.0.0-py3.12.egg-info
[1.697s] -- Installing: /home/amin/cobot/cobot_ws/install/mycobot_pro450_interfaces/lib/python3.12/site-packages/mycobot_pro450_interfaces-1.0.0-py3.12.egg-info/SOURCES.txt
[1.697s] -- Installing: /home/amin/cobot/cobot_ws/install/mycobot_pro450_interfaces/lib/python3.12/site-packages/mycobot_pro450_interfaces-1.0.0-py3.12.egg-info/PKG-INFO
[1.698s] -- Installing: /home/amin/cobot/cobot_ws/install/mycobot_pro450_interfaces/lib/python3.12/site-packages/mycobot_pro450_interfaces-1.0.0-py3.12.egg-info/top_level.txt
[1.698s] -- Installing: /home/amin/cobot/cobot_ws/install/mycobot_pro450_interfaces/lib/python3.12/site-packages/mycobot_pro450_interfaces-1.0.0-py3.12.egg-info/dependency_links.txt
[1.699s] -- Up-to-date: /home/amin/cobot/cobot_ws/install/mycobot_pro450_interfaces/lib/python3.12/site-packages/mycobot_pro450_interfaces
[1.700s] -- Up-to-date: /home/amin/cobot/cobot_ws/install/mycobot_pro450_interfaces/lib/python3.12/site-packages/mycobot_pro450_interfaces/__init__.py
[1.700s] -- Up-to-date: /home/amin/cobot/cobot_ws/install/mycobot_pro450_interfaces/lib/python3.12/site-packages/mycobot_pro450_interfaces/srv
[1.700s] -- Up-to-date: /home/amin/cobot/cobot_ws/install/mycobot_pro450_interfaces/lib/python3.12/site-packages/mycobot_pro450_interfaces/srv/_get_coords_s.c
[1.700s] -- Up-to-date: /home/amin/cobot/cobot_ws/install/mycobot_pro450_interfaces/lib/python3.12/site-packages/mycobot_pro450_interfaces/srv/_get_angles_s.c
[1.700s] -- Up-to-date: /home/amin/cobot/cobot_ws/install/mycobot_pro450_interfaces/lib/python3.12/site-packages/mycobot_pro450_interfaces/srv/_get_angles.py
[1.700s] -- Up-to-date: /home/amin/cobot/cobot_ws/install/mycobot_pro450_interfaces/lib/python3.12/site-packages/mycobot_pro450_interfaces/srv/_set_angles.py
[1.700s] -- Up-to-date: /home/amin/cobot/cobot_ws/install/mycobot_pro450_interfaces/lib/python3.12/site-packages/mycobot_pro450_interfaces/srv/_set_coords.py
[1.700s] -- Up-to-date: /home/amin/cobot/cobot_ws/install/mycobot_pro450_interfaces/lib/python3.12/site-packages/mycobot_pro450_interfaces/srv/__init__.py
[1.700s] -- Up-to-date: /home/amin/cobot/cobot_ws/install/mycobot_pro450_interfaces/lib/python3.12/site-packages/mycobot_pro450_interfaces/srv/_get_gripper_value_s.c
[1.700s] -- Up-to-date: /home/amin/cobot/cobot_ws/install/mycobot_pro450_interfaces/lib/python3.12/site-packages/mycobot_pro450_interfaces/srv/_get_coords.py
[1.701s] -- Up-to-date: /home/amin/cobot/cobot_ws/install/mycobot_pro450_interfaces/lib/python3.12/site-packages/mycobot_pro450_interfaces/srv/_gripper_status_s.c
[1.701s] -- Up-to-date: /home/amin/cobot/cobot_ws/install/mycobot_pro450_interfaces/lib/python3.12/site-packages/mycobot_pro450_interfaces/srv/_gripper_status.py
[1.701s] -- Up-to-date: /home/amin/cobot/cobot_ws/install/mycobot_pro450_interfaces/lib/python3.12/site-packages/mycobot_pro450_interfaces/srv/_set_coords_s.c
[1.701s] -- Up-to-date: /home/amin/cobot/cobot_ws/install/mycobot_pro450_interfaces/lib/python3.12/site-packages/mycobot_pro450_interfaces/srv/_set_angles_s.c
[1.701s] -- Up-to-date: /home/amin/cobot/cobot_ws/install/mycobot_pro450_interfaces/lib/python3.12/site-packages/mycobot_pro450_interfaces/srv/_get_gripper_value.py
[1.701s] -- Up-to-date: /home/amin/cobot/cobot_ws/install/mycobot_pro450_interfaces/lib/python3.12/site-packages/mycobot_pro450_interfaces/_mycobot_pro450_interfaces_s.ep.rosidl_typesupport_c.c
[1.704s] -- Up-to-date: /home/amin/cobot/cobot_ws/install/mycobot_pro450_interfaces/lib/python3.12/site-packages/mycobot_pro450_interfaces/mycobot_pro450_interfaces_s__rosidl_typesupport_fastrtps_c.so
[1.706s] -- Up-to-date: /home/amin/cobot/cobot_ws/install/mycobot_pro450_interfaces/lib/python3.12/site-packages/mycobot_pro450_interfaces/mycobot_pro450_interfaces_s__rosidl_typesupport_c.so
[1.706s] -- Up-to-date: /home/amin/cobot/cobot_ws/install/mycobot_pro450_interfaces/lib/python3.12/site-packages/mycobot_pro450_interfaces/mycobot_pro450_interfaces_s__rosidl_typesupport_introspection_c.so
[1.706s] -- Up-to-date: /home/amin/cobot/cobot_ws/install/mycobot_pro450_interfaces/lib/python3.12/site-packages/mycobot_pro450_interfaces/_mycobot_pro450_interfaces_s.ep.rosidl_typesupport_fastrtps_c.c
[1.706s] -- Up-to-date: /home/amin/cobot/cobot_ws/install/mycobot_pro450_interfaces/lib/python3.12/site-packages/mycobot_pro450_interfaces/msg
[1.706s] -- Up-to-date: /home/amin/cobot/cobot_ws/install/mycobot_pro450_interfaces/lib/python3.12/site-packages/mycobot_pro450_interfaces/msg/_mycobot_set_angles_s.c
[1.706s] -- Up-to-date: /home/amin/cobot/cobot_ws/install/mycobot_pro450_interfaces/lib/python3.12/site-packages/mycobot_pro450_interfaces/msg/__init__.py
[1.706s] -- Up-to-date: /home/amin/cobot/cobot_ws/install/mycobot_pro450_interfaces/lib/python3.12/site-packages/mycobot_pro450_interfaces/msg/_mycobot_gripper_status.py
[1.706s] -- Up-to-date: /home/amin/cobot/cobot_ws/install/mycobot_pro450_interfaces/lib/python3.12/site-packages/mycobot_pro450_interfaces/msg/_mycobot_set_angles.py
[1.706s] -- Up-to-date: /home/amin/cobot/cobot_ws/install/mycobot_pro450_interfaces/lib/python3.12/site-packages/mycobot_pro450_interfaces/msg/_mycobot_set_coords_s.c
[1.706s] -- Up-to-date: /home/amin/cobot/cobot_ws/install/mycobot_pro450_interfaces/lib/python3.12/site-packages/mycobot_pro450_interfaces/msg/_mycobot_coords_s.c
[1.707s] -- Up-to-date: /home/amin/cobot/cobot_ws/install/mycobot_pro450_interfaces/lib/python3.12/site-packages/mycobot_pro450_interfaces/msg/_mycobot_angles_s.c
[1.707s] -- Up-to-date: /home/amin/cobot/cobot_ws/install/mycobot_pro450_interfaces/lib/python3.12/site-packages/mycobot_pro450_interfaces/msg/_mycobot_set_coords.py
[1.707s] -- Up-to-date: /home/amin/cobot/cobot_ws/install/mycobot_pro450_interfaces/lib/python3.12/site-packages/mycobot_pro450_interfaces/msg/_mycobot_coords.py
[1.707s] -- Up-to-date: /home/amin/cobot/cobot_ws/install/mycobot_pro450_interfaces/lib/python3.12/site-packages/mycobot_pro450_interfaces/msg/_mycobot_angles.py
[1.707s] -- Up-to-date: /home/amin/cobot/cobot_ws/install/mycobot_pro450_interfaces/lib/python3.12/site-packages/mycobot_pro450_interfaces/msg/_mycobot_gripper_status_s.c
[1.707s] -- Up-to-date: /home/amin/cobot/cobot_ws/install/mycobot_pro450_interfaces/lib/python3.12/site-packages/mycobot_pro450_interfaces/_mycobot_pro450_interfaces_s.ep.rosidl_typesupport_introspection_c.c
[1.833s] Listing '/home/amin/cobot/cobot_ws/install/mycobot_pro450_interfaces/lib/python3.12/site-packages/mycobot_pro450_interfaces'...
[1.833s] Listing '/home/amin/cobot/cobot_ws/install/mycobot_pro450_interfaces/lib/python3.12/site-packages/mycobot_pro450_interfaces/msg'...
[1.833s] Listing '/home/amin/cobot/cobot_ws/install/mycobot_pro450_interfaces/lib/python3.12/site-packages/mycobot_pro450_interfaces/srv'...
[1.833s] -- Up-to-date: /home/amin/cobot/cobot_ws/install/mycobot_pro450_interfaces/lib/python3.12/site-packages/mycobot_pro450_interfaces/mycobot_pro450_interfaces_s__rosidl_typesupport_fastrtps_c.so
[1.833s] -- Up-to-date: /home/amin/cobot/cobot_ws/install/mycobot_pro450_interfaces/lib/python3.12/site-packages/mycobot_pro450_interfaces/mycobot_pro450_interfaces_s__rosidl_typesupport_introspection_c.so
[1.833s] -- Up-to-date: /home/amin/cobot/cobot_ws/install/mycobot_pro450_interfaces/lib/python3.12/site-packages/mycobot_pro450_interfaces/mycobot_pro450_interfaces_s__rosidl_typesupport_c.so
[1.833s] -- Up-to-date: /home/amin/cobot/cobot_ws/install/mycobot_pro450_interfaces/lib/libmycobot_pro450_interfaces__rosidl_generator_py.so
[1.834s] -- Up-to-date: /home/amin/cobot/cobot_ws/install/mycobot_pro450_interfaces/share/mycobot_pro450_interfaces/msg/MycobotAngles.idl
[1.834s] -- Up-to-date: /home/amin/cobot/cobot_ws/install/mycobot_pro450_interfaces/share/mycobot_pro450_interfaces/msg/MycobotCoords.idl
[1.834s] -- Up-to-date: /home/amin/cobot/cobot_ws/install/mycobot_pro450_interfaces/share/mycobot_pro450_interfaces/msg/MycobotSetAngles.idl
[1.834s] -- Up-to-date: /home/amin/cobot/cobot_ws/install/mycobot_pro450_interfaces/share/mycobot_pro450_interfaces/msg/MycobotSetCoords.idl
[1.834s] -- Up-to-date: /home/amin/cobot/cobot_ws/install/mycobot_pro450_interfaces/share/mycobot_pro450_interfaces/msg/MycobotGripperStatus.idl
[1.834s] -- Up-to-date: /home/amin/cobot/cobot_ws/install/mycobot_pro450_interfaces/share/mycobot_pro450_interfaces/srv/GetAngles.idl
[1.834s] -- Up-to-date: /home/amin/cobot/cobot_ws/install/mycobot_pro450_interfaces/share/mycobot_pro450_interfaces/srv/SetAngles.idl
[1.834s] -- Up-to-date: /home/amin/cobot/cobot_ws/install/mycobot_pro450_interfaces/share/mycobot_pro450_interfaces/srv/GetCoords.idl
[1.834s] -- Up-to-date: /home/amin/cobot/cobot_ws/install/mycobot_pro450_interfaces/share/mycobot_pro450_interfaces/srv/SetCoords.idl
[1.834s] -- Up-to-date: /home/amin/cobot/cobot_ws/install/mycobot_pro450_interfaces/share/mycobot_pro450_interfaces/srv/GripperStatus.idl
[1.834s] -- Up-to-date: /home/amin/cobot/cobot_ws/install/mycobot_pro450_interfaces/share/mycobot_pro450_interfaces/srv/GetGripperValue.idl
[1.834s] -- Up-to-date: /home/amin/cobot/cobot_ws/install/mycobot_pro450_interfaces/share/mycobot_pro450_interfaces/msg/MycobotAngles.msg
[1.835s] -- Up-to-date: /home/amin/cobot/cobot_ws/install/mycobot_pro450_interfaces/share/mycobot_pro450_interfaces/msg/MycobotCoords.msg
[1.835s] -- Up-to-date: /home/amin/cobot/cobot_ws/install/mycobot_pro450_interfaces/share/mycobot_pro450_interfaces/msg/MycobotSetAngles.msg
[1.835s] -- Up-to-date: /home/amin/cobot/cobot_ws/install/mycobot_pro450_interfaces/share/mycobot_pro450_interfaces/msg/MycobotSetCoords.msg
[1.835s] -- Up-to-date: /home/amin/cobot/cobot_ws/install/mycobot_pro450_interfaces/share/mycobot_pro450_interfaces/msg/MycobotGripperStatus.msg
[1.836s] -- Up-to-date: /home/amin/cobot/cobot_ws/install/mycobot_pro450_interfaces/share/mycobot_pro450_interfaces/srv/GetAngles.srv
[1.836s] -- Up-to-date: /home/amin/cobot/cobot_ws/install/mycobot_pro450_interfaces/share/mycobot_pro450_interfaces/srv/SetAngles.srv
[1.836s] -- Up-to-date: /home/amin/cobot/cobot_ws/install/mycobot_pro450_interfaces/share/mycobot_pro450_interfaces/srv/GetCoords.srv
[1.836s] -- Up-to-date: /home/amin/cobot/cobot_ws/install/mycobot_pro450_interfaces/share/mycobot_pro450_interfaces/srv/SetCoords.srv
[1.836s] -- Up-to-date: /home/amin/cobot/cobot_ws/install/mycobot_pro450_interfaces/share/mycobot_pro450_interfaces/srv/GripperStatus.srv
[1.836s] -- Up-to-date: /home/amin/cobot/cobot_ws/install/mycobot_pro450_interfaces/share/mycobot_pro450_interfaces/srv/GetGripperValue.srv
[1.836s] -- Up-to-date: /home/amin/cobot/cobot_ws/install/mycobot_pro450_interfaces/share/ament_index/resource_index/package_run_dependencies/mycobot_pro450_interfaces
[1.836s] -- Up-to-date: /home/amin/cobot/cobot_ws/install/mycobot_pro450_interfaces/share/ament_index/resource_index/parent_prefix_path/mycobot_pro450_interfaces
[1.837s] -- Up-to-date: /home/amin/cobot/cobot_ws/install/mycobot_pro450_interfaces/share/mycobot_pro450_interfaces/environment/ament_prefix_path.sh
[1.837s] -- Up-to-date: /home/amin/cobot/cobot_ws/install/mycobot_pro450_interfaces/share/mycobot_pro450_interfaces/environment/ament_prefix_path.dsv
[1.837s] -- Up-to-date: /home/amin/cobot/cobot_ws/install/mycobot_pro450_interfaces/share/mycobot_pro450_interfaces/environment/path.sh
[1.838s] -- Up-to-date: /home/amin/cobot/cobot_ws/install/mycobot_pro450_interfaces/share/mycobot_pro450_interfaces/environment/path.dsv
[1.838s] -- Up-to-date: /home/amin/cobot/cobot_ws/install/mycobot_pro450_interfaces/share/mycobot_pro450_interfaces/local_setup.bash
[1.839s] -- Up-to-date: /home/amin/cobot/cobot_ws/install/mycobot_pro450_interfaces/share/mycobot_pro450_interfaces/local_setup.sh
[1.840s] -- Up-to-date: /home/amin/cobot/cobot_ws/install/mycobot_pro450_interfaces/share/mycobot_pro450_interfaces/local_setup.zsh
[1.840s] -- Up-to-date: /home/amin/cobot/cobot_ws/install/mycobot_pro450_interfaces/share/mycobot_pro450_interfaces/local_setup.dsv
[1.840s] -- Installing: /home/amin/cobot/cobot_ws/install/mycobot_pro450_interfaces/share/mycobot_pro450_interfaces/package.dsv
[1.841s] -- Up-to-date: /home/amin/cobot/cobot_ws/install/mycobot_pro450_interfaces/share/ament_index/resource_index/packages/mycobot_pro450_interfaces
[1.842s] -- Up-to-date: /home/amin/cobot/cobot_ws/install/mycobot_pro450_interfaces/share/mycobot_pro450_interfaces/cmake/export_mycobot_pro450_interfaces__rosidl_generator_cExport.cmake
[1.842s] -- Up-to-date: /home/amin/cobot/cobot_ws/install/mycobot_pro450_interfaces/share/mycobot_pro450_interfaces/cmake/export_mycobot_pro450_interfaces__rosidl_generator_cExport-noconfig.cmake
[1.842s] -- Up-to-date: /home/amin/cobot/cobot_ws/install/mycobot_pro450_interfaces/share/mycobot_pro450_interfaces/cmake/export_mycobot_pro450_interfaces__rosidl_typesupport_fastrtps_cExport.cmake
[1.842s] -- Up-to-date: /home/amin/cobot/cobot_ws/install/mycobot_pro450_interfaces/share/mycobot_pro450_interfaces/cmake/export_mycobot_pro450_interfaces__rosidl_typesupport_fastrtps_cExport-noconfig.cmake
[1.842s] -- Up-to-date: /home/amin/cobot/cobot_ws/install/mycobot_pro450_interfaces/share/mycobot_pro450_interfaces/cmake/mycobot_pro450_interfaces__rosidl_typesupport_introspection_cExport.cmake
[1.842s] -- Up-to-date: /home/amin/cobot/cobot_ws/install/mycobot_pro450_interfaces/share/mycobot_pro450_interfaces/cmake/mycobot_pro450_interfaces__rosidl_typesupport_introspection_cExport-noconfig.cmake
[1.842s] -- Up-to-date: /home/amin/cobot/cobot_ws/install/mycobot_pro450_interfaces/share/mycobot_pro450_interfaces/cmake/mycobot_pro450_interfaces__rosidl_typesupport_cExport.cmake
[1.843s] -- Up-to-date: /home/amin/cobot/cobot_ws/install/mycobot_pro450_interfaces/share/mycobot_pro450_interfaces/cmake/mycobot_pro450_interfaces__rosidl_typesupport_cExport-noconfig.cmake
[1.843s] -- Up-to-date: /home/amin/cobot/cobot_ws/install/mycobot_pro450_interfaces/share/mycobot_pro450_interfaces/cmake/export_mycobot_pro450_interfaces__rosidl_generator_cppExport.cmake
[1.843s] -- Up-to-date: /home/amin/cobot/cobot_ws/install/mycobot_pro450_interfaces/share/mycobot_pro450_interfaces/cmake/export_mycobot_pro450_interfaces__rosidl_typesupport_fastrtps_cppExport.cmake
[1.843s] -- Up-to-date: /home/amin/cobot/cobot_ws/install/mycobot_pro450_interfaces/share/mycobot_pro450_interfaces/cmake/export_mycobot_pro450_interfaces__rosidl_typesupport_fastrtps_cppExport-noconfig.cmake
[1.843s] -- Up-to-date: /home/amin/cobot/cobot_ws/install/mycobot_pro450_interfaces/share/mycobot_pro450_interfaces/cmake/mycobot_pro450_interfaces__rosidl_typesupport_introspection_cppExport.cmake
[1.843s] -- Up-to-date: /home/amin/cobot/cobot_ws/install/mycobot_pro450_interfaces/share/mycobot_pro450_interfaces/cmake/mycobot_pro450_interfaces__rosidl_typesupport_introspection_cppExport-noconfig.cmake
[1.843s] -- Up-to-date: /home/amin/cobot/cobot_ws/install/mycobot_pro450_interfaces/share/mycobot_pro450_interfaces/cmake/mycobot_pro450_interfaces__rosidl_typesupport_cppExport.cmake
[1.844s] -- Up-to-date: /home/amin/cobot/cobot_ws/install/mycobot_pro450_interfaces/share/mycobot_pro450_interfaces/cmake/mycobot_pro450_interfaces__rosidl_typesupport_cppExport-noconfig.cmake
[1.844s] -- Up-to-date: /home/amin/cobot/cobot_ws/install/mycobot_pro450_interfaces/share/mycobot_pro450_interfaces/cmake/export_mycobot_pro450_interfaces__rosidl_generator_pyExport.cmake
[1.844s] -- Up-to-date: /home/amin/cobot/cobot_ws/install/mycobot_pro450_interfaces/share/mycobot_pro450_interfaces/cmake/export_mycobot_pro450_interfaces__rosidl_generator_pyExport-noconfig.cmake
[1.844s] -- Up-to-date: /home/amin/cobot/cobot_ws/install/mycobot_pro450_interfaces/share/mycobot_pro450_interfaces/cmake/rosidl_cmake-extras.cmake
[1.844s] -- Up-to-date: /home/amin/cobot/cobot_ws/install/mycobot_pro450_interfaces/share/mycobot_pro450_interfaces/cmake/ament_cmake_export_dependencies-extras.cmake
[1.844s] -- Up-to-date: /home/amin/cobot/cobot_ws/install/mycobot_pro450_interfaces/share/mycobot_pro450_interfaces/cmake/ament_cmake_export_include_directories-extras.cmake
[1.844s] -- Up-to-date: /home/amin/cobot/cobot_ws/install/mycobot_pro450_interfaces/share/mycobot_pro450_interfaces/cmake/ament_cmake_export_libraries-extras.cmake
[1.844s] -- Up-to-date: /home/amin/cobot/cobot_ws/install/mycobot_pro450_interfaces/share/mycobot_pro450_interfaces/cmake/ament_cmake_export_targets-extras.cmake
[1.844s] -- Up-to-date: /home/amin/cobot/cobot_ws/install/mycobot_pro450_interfaces/share/mycobot_pro450_interfaces/cmake/rosidl_cmake_export_typesupport_targets-extras.cmake
[1.844s] -- Up-to-date: /home/amin/cobot/cobot_ws/install/mycobot_pro450_interfaces/share/mycobot_pro450_interfaces/cmake/rosidl_cmake_export_typesupport_libraries-extras.cmake
[1.844s] -- Up-to-date: /home/amin/cobot/cobot_ws/install/mycobot_pro450_interfaces/share/mycobot_pro450_interfaces/cmake/mycobot_pro450_interfacesConfig.cmake
[1.844s] -- Up-to-date: /home/amin/cobot/cobot_ws/install/mycobot_pro450_interfaces/share/mycobot_pro450_interfaces/cmake/mycobot_pro450_interfacesConfig-version.cmake
[1.844s] -- Up-to-date: /home/amin/cobot/cobot_ws/install/mycobot_pro450_interfaces/share/mycobot_pro450_interfaces/package.xml
[1.938s] Invoked command in '/home/amin/cobot/cobot_ws/build/mycobot_pro450_interfaces' returned '0': CMAKE_PREFIX_PATH=${CMAKE_PREFIX_PATH}:/home/amin/cobot/cobot_ws/install/ultraarm:/home/amin/cobot/cobot_ws/install/pro450_moveit2_control:/home/amin/cobot/cobot_ws/install/mypalletizer_communication:/home/amin/cobot/cobot_ws/install/mypalletizer_260_pi:/home/amin/cobot/cobot_ws/install/mypalletizer_260:/home/amin/cobot/cobot_ws/install/mycobot_pro_450:/home/amin/cobot/cobot_ws/install/myarm_m750:/home/amin/cobot/cobot_ws/install/myarm_c650:/home/amin/cobot/cobot_ws/install/mycobot_communication:/home/amin/cobot/cobot_ws/install/mecharm_communication:/home/amin/cobot/cobot_ws/install/mycobot_630:/home/amin/cobot/cobot_ws/install/mycobot_600:/home/amin/cobot/cobot_ws/install/mycobot_320pi:/home/amin/cobot/cobot_ws/install/mycobot_320_riscv:/home/amin/cobot/cobot_ws/install/mycobot_320:/home/amin/cobot/cobot_ws/install/mycobot_280pi:/home/amin/cobot/cobot_ws/install/mycobot_280jn:/home/amin/cobot/cobot_ws/install/mycobot_280_x3pi:/home/amin/cobot/cobot_ws/install/mycobot_280_riscv:/home/amin/cobot/cobot_ws/install/mycobot_280_rdkx5:/home/amin/cobot/cobot_ws/install/mycobot_280_moveit2_control:/home/amin/cobot/cobot_ws/install/mycobot_280_arduino:/home/amin/cobot/cobot_ws/install/mycobot_280:/home/amin/cobot/cobot_ws/install/mybuddy:/home/amin/cobot/cobot_ws/install/myarm_300:/home/amin/cobot/cobot_ws/install/mecharm_pi:/home/amin/cobot/cobot_ws/install/mecharm:/home/amin/cobot/cobot_ws/install/mycobot_description:/opt/ros/jazzy DEBUGINFOD_URLS=https://debuginfod.ubuntu.com /usr/bin/cmake --install /home/amin/cobot/cobot_ws/build/mycobot_pro450_interfaces
