/home/amin/cobot/cobot_ws/install/mecharm/lib/python3.12/site-packages/mecharm/listen_real.py
/home/amin/cobot/cobot_ws/install/mecharm/lib/python3.12/site-packages/mecharm/listen_real_of_topic.py
/home/amin/cobot/cobot_ws/install/mecharm/lib/python3.12/site-packages/mecharm/listen_real_service.py
/home/amin/cobot/cobot_ws/install/mecharm/lib/python3.12/site-packages/mecharm/slider_control.py
/home/amin/cobot/cobot_ws/install/mecharm/lib/python3.12/site-packages/mecharm/teleop_keyboard.py
/home/amin/cobot/cobot_ws/install/mecharm/lib/python3.12/site-packages/mecharm/__init__.py
/home/amin/cobot/cobot_ws/install/mecharm/lib/python3.12/site-packages/mecharm/slider_control_adaptive_gripper.py
/home/amin/cobot/cobot_ws/install/mecharm/lib/python3.12/site-packages/mecharm/follow_display.py
/home/amin/cobot/cobot_ws/install/mecharm/lib/python3.12/site-packages/mecharm/simple_gui.py
/home/amin/cobot/cobot_ws/install/mecharm/lib/python3.12/site-packages/mecharm/__pycache__/listen_real.cpython-312.pyc
/home/amin/cobot/cobot_ws/install/mecharm/lib/python3.12/site-packages/mecharm/__pycache__/listen_real_of_topic.cpython-312.pyc
/home/amin/cobot/cobot_ws/install/mecharm/lib/python3.12/site-packages/mecharm/__pycache__/listen_real_service.cpython-312.pyc
/home/amin/cobot/cobot_ws/install/mecharm/lib/python3.12/site-packages/mecharm/__pycache__/slider_control.cpython-312.pyc
/home/amin/cobot/cobot_ws/install/mecharm/lib/python3.12/site-packages/mecharm/__pycache__/teleop_keyboard.cpython-312.pyc
/home/amin/cobot/cobot_ws/install/mecharm/lib/python3.12/site-packages/mecharm/__pycache__/__init__.cpython-312.pyc
/home/amin/cobot/cobot_ws/install/mecharm/lib/python3.12/site-packages/mecharm/__pycache__/slider_control_adaptive_gripper.cpython-312.pyc
/home/amin/cobot/cobot_ws/install/mecharm/lib/python3.12/site-packages/mecharm/__pycache__/follow_display.cpython-312.pyc
/home/amin/cobot/cobot_ws/install/mecharm/lib/python3.12/site-packages/mecharm/__pycache__/simple_gui.cpython-312.pyc
/home/amin/cobot/cobot_ws/install/mecharm/share/ament_index/resource_index/packages/mecharm
/home/amin/cobot/cobot_ws/install/mecharm/share/mecharm/package.xml
/home/amin/cobot/cobot_ws/install/mecharm/share/mecharm/launch/teleop_keyboard.launch.py
/home/amin/cobot/cobot_ws/install/mecharm/share/mecharm/launch/simple_gui.launch.py
/home/amin/cobot/cobot_ws/install/mecharm/share/mecharm/launch/slider_control_adaptive_gripper.launch.py
/home/amin/cobot/cobot_ws/install/mecharm/share/mecharm/launch/test.launch.py
/home/amin/cobot/cobot_ws/install/mecharm/share/mecharm/launch/test_adaptive_gripper.launch.py
/home/amin/cobot/cobot_ws/install/mecharm/share/mecharm/launch/slider_control.launch.py
/home/amin/cobot/cobot_ws/install/mecharm/share/mecharm/launch/follow.launch.py
/home/amin/cobot/cobot_ws/install/mecharm/share/mecharm/config/mecharm.rviz
/home/amin/cobot/cobot_ws/install/mecharm/share/mecharm/config/mycobot_with_marker.rviz
/home/amin/cobot/cobot_ws/install/mecharm/lib/python3.12/site-packages/mecharm-0.0.0-py3.12.egg-info/SOURCES.txt
/home/amin/cobot/cobot_ws/install/mecharm/lib/python3.12/site-packages/mecharm-0.0.0-py3.12.egg-info/entry_points.txt
/home/amin/cobot/cobot_ws/install/mecharm/lib/python3.12/site-packages/mecharm-0.0.0-py3.12.egg-info/requires.txt
/home/amin/cobot/cobot_ws/install/mecharm/lib/python3.12/site-packages/mecharm-0.0.0-py3.12.egg-info/PKG-INFO
/home/amin/cobot/cobot_ws/install/mecharm/lib/python3.12/site-packages/mecharm-0.0.0-py3.12.egg-info/zip-safe
/home/amin/cobot/cobot_ws/install/mecharm/lib/python3.12/site-packages/mecharm-0.0.0-py3.12.egg-info/top_level.txt
/home/amin/cobot/cobot_ws/install/mecharm/lib/python3.12/site-packages/mecharm-0.0.0-py3.12.egg-info/dependency_links.txt
/home/amin/cobot/cobot_ws/install/mecharm/lib/mecharm/follow_display
/home/amin/cobot/cobot_ws/install/mecharm/lib/mecharm/listen_real
/home/amin/cobot/cobot_ws/install/mecharm/lib/mecharm/listen_real_of_topic
/home/amin/cobot/cobot_ws/install/mecharm/lib/mecharm/listen_real_service
/home/amin/cobot/cobot_ws/install/mecharm/lib/mecharm/simple_gui
/home/amin/cobot/cobot_ws/install/mecharm/lib/mecharm/slider_control
/home/amin/cobot/cobot_ws/install/mecharm/lib/mecharm/slider_control_adaptive_gripper
/home/amin/cobot/cobot_ws/install/mecharm/lib/mecharm/teleop_keyboard
