[0.491s] Invoking command in '/home/amin/cobot/cobot_ws/build/mycobot_interfaces': CMAKE_PREFIX_PATH=${CMAKE_PREFIX_PATH}:/home/amin/cobot/cobot_ws/install/ultraarm:/home/amin/cobot/cobot_ws/install/pro450_moveit2_control:/home/amin/cobot/cobot_ws/install/mypalletizer_communication:/home/amin/cobot/cobot_ws/install/mypalletizer_260_pi:/home/amin/cobot/cobot_ws/install/mypalletizer_260:/home/amin/cobot/cobot_ws/install/mycobot_pro_450:/home/amin/cobot/cobot_ws/install/myarm_m750:/home/amin/cobot/cobot_ws/install/myarm_c650:/home/amin/cobot/cobot_ws/install/mycobot_communication:/home/amin/cobot/cobot_ws/install/mecharm_communication:/home/amin/cobot/cobot_ws/install/mycobot_630:/home/amin/cobot/cobot_ws/install/mycobot_600:/home/amin/cobot/cobot_ws/install/mycobot_320pi:/home/amin/cobot/cobot_ws/install/mycobot_320_riscv:/home/amin/cobot/cobot_ws/install/mycobot_320:/home/amin/cobot/cobot_ws/install/mycobot_280pi:/home/amin/cobot/cobot_ws/install/mycobot_280jn:/home/amin/cobot/cobot_ws/install/mycobot_280_x3pi:/home/amin/cobot/cobot_ws/install/mycobot_280_riscv:/home/amin/cobot/cobot_ws/install/mycobot_280_rdkx5:/home/amin/cobot/cobot_ws/install/mycobot_280_moveit2_control:/home/amin/cobot/cobot_ws/install/mycobot_280_arduino:/home/amin/cobot/cobot_ws/install/mycobot_280:/home/amin/cobot/cobot_ws/install/mybuddy:/home/amin/cobot/cobot_ws/install/myarm_300:/home/amin/cobot/cobot_ws/install/mecharm_pi:/home/amin/cobot/cobot_ws/install/mecharm:/home/amin/cobot/cobot_ws/install/mycobot_description:/opt/ros/jazzy DEBUGINFOD_URLS=https://debuginfod.ubuntu.com /usr/bin/cmake --build /home/amin/cobot/cobot_ws/build/mycobot_interfaces -- -j8 -l8
[0.610s] [  1%] Built target mycobot_interfaces__rosidl_generator_type_description
[0.635s] [  1%] Built target ament_cmake_python_copy_mycobot_interfaces
[0.674s] [  1%] Built target mycobot_interfaces__cpp
[0.682s] [ 27%] Built target mycobot_interfaces__rosidl_generator_c
[0.805s] [ 37%] Built target mycobot_interfaces__rosidl_typesupport_fastrtps_c
[0.812s] [ 47%] Built target mycobot_interfaces__rosidl_typesupport_fastrtps_cpp
[0.813s] [ 57%] Built target mycobot_interfaces__rosidl_typesupport_introspection_c
[0.813s] [ 66%] Built target mycobot_interfaces__rosidl_typesupport_cpp
[0.845s] [ 76%] Built target mycobot_interfaces__rosidl_typesupport_c
[0.863s] [ 85%] Built target mycobot_interfaces__rosidl_typesupport_introspection_cpp
[0.933s] [ 85%] Built target mycobot_interfaces
[1.004s] [ 86%] Built target mycobot_interfaces__py
[1.100s] [ 95%] Built target mycobot_interfaces__rosidl_generator_py
[1.176s] [ 96%] Built target mycobot_interfaces_s__rosidl_typesupport_fastrtps_c
[1.212s] [ 98%] Built target mycobot_interfaces_s__rosidl_typesupport_c
[1.214s] [100%] Built target mycobot_interfaces_s__rosidl_typesupport_introspection_c
[1.322s] running egg_info
[1.358s] writing mycobot_interfaces.egg-info/PKG-INFO
[1.359s] writing dependency_links to mycobot_interfaces.egg-info/dependency_links.txt
[1.359s] writing top-level names to mycobot_interfaces.egg-info/top_level.txt
[1.465s] reading manifest file 'mycobot_interfaces.egg-info/SOURCES.txt'
[1.468s] writing manifest file 'mycobot_interfaces.egg-info/SOURCES.txt'
[1.576s] [100%] Built target ament_cmake_python_build_mycobot_interfaces_egg
[1.610s] Invoked command in '/home/amin/cobot/cobot_ws/build/mycobot_interfaces' returned '0': CMAKE_PREFIX_PATH=${CMAKE_PREFIX_PATH}:/home/amin/cobot/cobot_ws/install/ultraarm:/home/amin/cobot/cobot_ws/install/pro450_moveit2_control:/home/amin/cobot/cobot_ws/install/mypalletizer_communication:/home/amin/cobot/cobot_ws/install/mypalletizer_260_pi:/home/amin/cobot/cobot_ws/install/mypalletizer_260:/home/amin/cobot/cobot_ws/install/mycobot_pro_450:/home/amin/cobot/cobot_ws/install/myarm_m750:/home/amin/cobot/cobot_ws/install/myarm_c650:/home/amin/cobot/cobot_ws/install/mycobot_communication:/home/amin/cobot/cobot_ws/install/mecharm_communication:/home/amin/cobot/cobot_ws/install/mycobot_630:/home/amin/cobot/cobot_ws/install/mycobot_600:/home/amin/cobot/cobot_ws/install/mycobot_320pi:/home/amin/cobot/cobot_ws/install/mycobot_320_riscv:/home/amin/cobot/cobot_ws/install/mycobot_320:/home/amin/cobot/cobot_ws/install/mycobot_280pi:/home/amin/cobot/cobot_ws/install/mycobot_280jn:/home/amin/cobot/cobot_ws/install/mycobot_280_x3pi:/home/amin/cobot/cobot_ws/install/mycobot_280_riscv:/home/amin/cobot/cobot_ws/install/mycobot_280_rdkx5:/home/amin/cobot/cobot_ws/install/mycobot_280_moveit2_control:/home/amin/cobot/cobot_ws/install/mycobot_280_arduino:/home/amin/cobot/cobot_ws/install/mycobot_280:/home/amin/cobot/cobot_ws/install/mybuddy:/home/amin/cobot/cobot_ws/install/myarm_300:/home/amin/cobot/cobot_ws/install/mecharm_pi:/home/amin/cobot/cobot_ws/install/mecharm:/home/amin/cobot/cobot_ws/install/mycobot_description:/opt/ros/jazzy DEBUGINFOD_URLS=https://debuginfod.ubuntu.com /usr/bin/cmake --build /home/amin/cobot/cobot_ws/build/mycobot_interfaces -- -j8 -l8
[1.612s] Invoking command in '/home/amin/cobot/cobot_ws/build/mycobot_interfaces': CMAKE_PREFIX_PATH=${CMAKE_PREFIX_PATH}:/home/amin/cobot/cobot_ws/install/ultraarm:/home/amin/cobot/cobot_ws/install/pro450_moveit2_control:/home/amin/cobot/cobot_ws/install/mypalletizer_communication:/home/amin/cobot/cobot_ws/install/mypalletizer_260_pi:/home/amin/cobot/cobot_ws/install/mypalletizer_260:/home/amin/cobot/cobot_ws/install/mycobot_pro_450:/home/amin/cobot/cobot_ws/install/myarm_m750:/home/amin/cobot/cobot_ws/install/myarm_c650:/home/amin/cobot/cobot_ws/install/mycobot_communication:/home/amin/cobot/cobot_ws/install/mecharm_communication:/home/amin/cobot/cobot_ws/install/mycobot_630:/home/amin/cobot/cobot_ws/install/mycobot_600:/home/amin/cobot/cobot_ws/install/mycobot_320pi:/home/amin/cobot/cobot_ws/install/mycobot_320_riscv:/home/amin/cobot/cobot_ws/install/mycobot_320:/home/amin/cobot/cobot_ws/install/mycobot_280pi:/home/amin/cobot/cobot_ws/install/mycobot_280jn:/home/amin/cobot/cobot_ws/install/mycobot_280_x3pi:/home/amin/cobot/cobot_ws/install/mycobot_280_riscv:/home/amin/cobot/cobot_ws/install/mycobot_280_rdkx5:/home/amin/cobot/cobot_ws/install/mycobot_280_moveit2_control:/home/amin/cobot/cobot_ws/install/mycobot_280_arduino:/home/amin/cobot/cobot_ws/install/mycobot_280:/home/amin/cobot/cobot_ws/install/mybuddy:/home/amin/cobot/cobot_ws/install/myarm_300:/home/amin/cobot/cobot_ws/install/mecharm_pi:/home/amin/cobot/cobot_ws/install/mecharm:/home/amin/cobot/cobot_ws/install/mycobot_description:/opt/ros/jazzy DEBUGINFOD_URLS=https://debuginfod.ubuntu.com /usr/bin/cmake --install /home/amin/cobot/cobot_ws/build/mycobot_interfaces
[1.632s] -- Install configuration: ""
[1.633s] -- Up-to-date: /home/amin/cobot/cobot_ws/install/mycobot_interfaces/share/ament_index/resource_index/rosidl_interfaces/mycobot_interfaces
[1.659s] -- Up-to-date: /home/amin/cobot/cobot_ws/install/mycobot_interfaces/share/mycobot_interfaces/msg/MycobotAngles.json
[1.659s] -- Up-to-date: /home/amin/cobot/cobot_ws/install/mycobot_interfaces/share/mycobot_interfaces/msg/MycobotCoords.json
[1.659s] -- Up-to-date: /home/amin/cobot/cobot_ws/install/mycobot_interfaces/share/mycobot_interfaces/msg/MycobotSetAngles.json
[1.659s] -- Up-to-date: /home/amin/cobot/cobot_ws/install/mycobot_interfaces/share/mycobot_interfaces/msg/MycobotSetCoords.json
[1.659s] -- Up-to-date: /home/amin/cobot/cobot_ws/install/mycobot_interfaces/share/mycobot_interfaces/msg/MycobotGripperStatus.json
[1.659s] -- Up-to-date: /home/amin/cobot/cobot_ws/install/mycobot_interfaces/share/mycobot_interfaces/msg/MycobotPumpStatus.json
[1.659s] -- Up-to-date: /home/amin/cobot/cobot_ws/install/mycobot_interfaces/share/mycobot_interfaces/srv/GetAngles.json
[1.659s] -- Up-to-date: /home/amin/cobot/cobot_ws/install/mycobot_interfaces/share/mycobot_interfaces/srv/SetAngles.json
[1.660s] -- Up-to-date: /home/amin/cobot/cobot_ws/install/mycobot_interfaces/share/mycobot_interfaces/srv/GetCoords.json
[1.660s] -- Up-to-date: /home/amin/cobot/cobot_ws/install/mycobot_interfaces/share/mycobot_interfaces/srv/SetCoords.json
[1.660s] -- Up-to-date: /home/amin/cobot/cobot_ws/install/mycobot_interfaces/share/mycobot_interfaces/srv/GripperStatus.json
[1.660s] -- Up-to-date: /home/amin/cobot/cobot_ws/install/mycobot_interfaces/share/mycobot_interfaces/srv/PumpStatus.json
[1.660s] -- Up-to-date: /home/amin/cobot/cobot_ws/install/mycobot_interfaces/include/mycobot_interfaces/mycobot_interfaces
[1.660s] -- Up-to-date: /home/amin/cobot/cobot_ws/install/mycobot_interfaces/include/mycobot_interfaces/mycobot_interfaces/srv
[1.660s] -- Up-to-date: /home/amin/cobot/cobot_ws/install/mycobot_interfaces/include/mycobot_interfaces/mycobot_interfaces/srv/gripper_status.h
[1.660s] -- Up-to-date: /home/amin/cobot/cobot_ws/install/mycobot_interfaces/include/mycobot_interfaces/mycobot_interfaces/srv/detail
[1.660s] -- Up-to-date: /home/amin/cobot/cobot_ws/install/mycobot_interfaces/include/mycobot_interfaces/mycobot_interfaces/srv/detail/set_coords__type_support.h
[1.661s] -- Up-to-date: /home/amin/cobot/cobot_ws/install/mycobot_interfaces/include/mycobot_interfaces/mycobot_interfaces/srv/detail/gripper_status__description.c
[1.661s] -- Up-to-date: /home/amin/cobot/cobot_ws/install/mycobot_interfaces/include/mycobot_interfaces/mycobot_interfaces/srv/detail/gripper_status__functions.h
[1.661s] -- Up-to-date: /home/amin/cobot/cobot_ws/install/mycobot_interfaces/include/mycobot_interfaces/mycobot_interfaces/srv/detail/set_angles__struct.h
[1.661s] -- Up-to-date: /home/amin/cobot/cobot_ws/install/mycobot_interfaces/include/mycobot_interfaces/mycobot_interfaces/srv/detail/set_coords__functions.h
[1.661s] -- Installing: /home/amin/cobot/cobot_ws/install/mycobot_interfaces/include/mycobot_interfaces/mycobot_interfaces/srv/detail/pump_status__type_support.c
[1.661s] -- Installing: /home/amin/cobot/cobot_ws/install/mycobot_interfaces/include/mycobot_interfaces/mycobot_interfaces/srv/detail/get_coords__type_support.c
[1.661s] -- Up-to-date: /home/amin/cobot/cobot_ws/install/mycobot_interfaces/include/mycobot_interfaces/mycobot_interfaces/srv/detail/set_angles__description.c
[1.661s] -- Up-to-date: /home/amin/cobot/cobot_ws/install/mycobot_interfaces/include/mycobot_interfaces/mycobot_interfaces/srv/detail/gripper_status__struct.h
[1.661s] -- Up-to-date: /home/amin/cobot/cobot_ws/install/mycobot_interfaces/include/mycobot_interfaces/mycobot_interfaces/srv/detail/get_angles__type_support.h
[1.661s] -- Up-to-date: /home/amin/cobot/cobot_ws/install/mycobot_interfaces/include/mycobot_interfaces/mycobot_interfaces/srv/detail/set_coords__functions.c
[1.661s] -- Installing: /home/amin/cobot/cobot_ws/install/mycobot_interfaces/include/mycobot_interfaces/mycobot_interfaces/srv/detail/set_coords__type_support.c
[1.661s] -- Installing: /home/amin/cobot/cobot_ws/install/mycobot_interfaces/include/mycobot_interfaces/mycobot_interfaces/srv/detail/set_angles__type_support.c
[1.662s] -- Up-to-date: /home/amin/cobot/cobot_ws/install/mycobot_interfaces/include/mycobot_interfaces/mycobot_interfaces/srv/detail/gripper_status__type_support.h
[1.662s] -- Up-to-date: /home/amin/cobot/cobot_ws/install/mycobot_interfaces/include/mycobot_interfaces/mycobot_interfaces/srv/detail/pump_status__struct.h
[1.662s] -- Up-to-date: /home/amin/cobot/cobot_ws/install/mycobot_interfaces/include/mycobot_interfaces/mycobot_interfaces/srv/detail/get_angles__struct.h
[1.662s] -- Up-to-date: /home/amin/cobot/cobot_ws/install/mycobot_interfaces/include/mycobot_interfaces/mycobot_interfaces/srv/detail/get_coords__description.c
[1.662s] -- Up-to-date: /home/amin/cobot/cobot_ws/install/mycobot_interfaces/include/mycobot_interfaces/mycobot_interfaces/srv/detail/set_coords__description.c
[1.662s] -- Up-to-date: /home/amin/cobot/cobot_ws/install/mycobot_interfaces/include/mycobot_interfaces/mycobot_interfaces/srv/detail/get_coords__functions.h
[1.662s] -- Installing: /home/amin/cobot/cobot_ws/install/mycobot_interfaces/include/mycobot_interfaces/mycobot_interfaces/srv/detail/get_angles__type_support.c
[1.662s] -- Up-to-date: /home/amin/cobot/cobot_ws/install/mycobot_interfaces/include/mycobot_interfaces/mycobot_interfaces/srv/detail/get_angles__functions.h
[1.662s] -- Installing: /home/amin/cobot/cobot_ws/install/mycobot_interfaces/include/mycobot_interfaces/mycobot_interfaces/srv/detail/gripper_status__type_support.c
[1.662s] -- Up-to-date: /home/amin/cobot/cobot_ws/install/mycobot_interfaces/include/mycobot_interfaces/mycobot_interfaces/srv/detail/get_angles__functions.c
[1.662s] -- Up-to-date: /home/amin/cobot/cobot_ws/install/mycobot_interfaces/include/mycobot_interfaces/mycobot_interfaces/srv/detail/pump_status__functions.c
[1.663s] -- Up-to-date: /home/amin/cobot/cobot_ws/install/mycobot_interfaces/include/mycobot_interfaces/mycobot_interfaces/srv/detail/pump_status__description.c
[1.663s] -- Up-to-date: /home/amin/cobot/cobot_ws/install/mycobot_interfaces/include/mycobot_interfaces/mycobot_interfaces/srv/detail/get_coords__type_support.h
[1.663s] -- Up-to-date: /home/amin/cobot/cobot_ws/install/mycobot_interfaces/include/mycobot_interfaces/mycobot_interfaces/srv/detail/set_angles__type_support.h
[1.663s] -- Up-to-date: /home/amin/cobot/cobot_ws/install/mycobot_interfaces/include/mycobot_interfaces/mycobot_interfaces/srv/detail/get_coords__functions.c
[1.663s] -- Up-to-date: /home/amin/cobot/cobot_ws/install/mycobot_interfaces/include/mycobot_interfaces/mycobot_interfaces/srv/detail/gripper_status__functions.c
[1.663s] -- Up-to-date: /home/amin/cobot/cobot_ws/install/mycobot_interfaces/include/mycobot_interfaces/mycobot_interfaces/srv/detail/get_angles__description.c
[1.664s] -- Up-to-date: /home/amin/cobot/cobot_ws/install/mycobot_interfaces/include/mycobot_interfaces/mycobot_interfaces/srv/detail/pump_status__functions.h
[1.664s] -- Up-to-date: /home/amin/cobot/cobot_ws/install/mycobot_interfaces/include/mycobot_interfaces/mycobot_interfaces/srv/detail/set_angles__functions.c
[1.664s] -- Up-to-date: /home/amin/cobot/cobot_ws/install/mycobot_interfaces/include/mycobot_interfaces/mycobot_interfaces/srv/detail/set_coords__struct.h
[1.664s] -- Up-to-date: /home/amin/cobot/cobot_ws/install/mycobot_interfaces/include/mycobot_interfaces/mycobot_interfaces/srv/detail/get_coords__struct.h
[1.664s] -- Up-to-date: /home/amin/cobot/cobot_ws/install/mycobot_interfaces/include/mycobot_interfaces/mycobot_interfaces/srv/detail/set_angles__functions.h
[1.664s] -- Up-to-date: /home/amin/cobot/cobot_ws/install/mycobot_interfaces/include/mycobot_interfaces/mycobot_interfaces/srv/detail/pump_status__type_support.h
[1.664s] -- Up-to-date: /home/amin/cobot/cobot_ws/install/mycobot_interfaces/include/mycobot_interfaces/mycobot_interfaces/srv/get_coords.h
[1.664s] -- Up-to-date: /home/amin/cobot/cobot_ws/install/mycobot_interfaces/include/mycobot_interfaces/mycobot_interfaces/srv/get_angles.h
[1.665s] -- Up-to-date: /home/amin/cobot/cobot_ws/install/mycobot_interfaces/include/mycobot_interfaces/mycobot_interfaces/srv/pump_status.h
[1.665s] -- Up-to-date: /home/amin/cobot/cobot_ws/install/mycobot_interfaces/include/mycobot_interfaces/mycobot_interfaces/srv/set_angles.h
[1.665s] -- Up-to-date: /home/amin/cobot/cobot_ws/install/mycobot_interfaces/include/mycobot_interfaces/mycobot_interfaces/srv/set_coords.h
[1.665s] -- Up-to-date: /home/amin/cobot/cobot_ws/install/mycobot_interfaces/include/mycobot_interfaces/mycobot_interfaces/msg
[1.665s] -- Up-to-date: /home/amin/cobot/cobot_ws/install/mycobot_interfaces/include/mycobot_interfaces/mycobot_interfaces/msg/detail
[1.665s] -- Up-to-date: /home/amin/cobot/cobot_ws/install/mycobot_interfaces/include/mycobot_interfaces/mycobot_interfaces/msg/detail/mycobot_pump_status__functions.c
[1.665s] -- Up-to-date: /home/amin/cobot/cobot_ws/install/mycobot_interfaces/include/mycobot_interfaces/mycobot_interfaces/msg/detail/mycobot_gripper_status__description.c
[1.665s] -- Up-to-date: /home/amin/cobot/cobot_ws/install/mycobot_interfaces/include/mycobot_interfaces/mycobot_interfaces/msg/detail/mycobot_gripper_status__type_support.h
[1.665s] -- Up-to-date: /home/amin/cobot/cobot_ws/install/mycobot_interfaces/include/mycobot_interfaces/mycobot_interfaces/msg/detail/mycobot_set_angles__functions.c
[1.665s] -- Up-to-date: /home/amin/cobot/cobot_ws/install/mycobot_interfaces/include/mycobot_interfaces/mycobot_interfaces/msg/detail/mycobot_coords__type_support.h
[1.666s] -- Up-to-date: /home/amin/cobot/cobot_ws/install/mycobot_interfaces/include/mycobot_interfaces/mycobot_interfaces/msg/detail/mycobot_coords__struct.h
[1.666s] -- Up-to-date: /home/amin/cobot/cobot_ws/install/mycobot_interfaces/include/mycobot_interfaces/mycobot_interfaces/msg/detail/mycobot_pump_status__type_support.h
[1.666s] -- Up-to-date: /home/amin/cobot/cobot_ws/install/mycobot_interfaces/include/mycobot_interfaces/mycobot_interfaces/msg/detail/mycobot_set_angles__description.c
[1.666s] -- Up-to-date: /home/amin/cobot/cobot_ws/install/mycobot_interfaces/include/mycobot_interfaces/mycobot_interfaces/msg/detail/mycobot_set_coords__type_support.h
[1.666s] -- Up-to-date: /home/amin/cobot/cobot_ws/install/mycobot_interfaces/include/mycobot_interfaces/mycobot_interfaces/msg/detail/mycobot_set_coords__functions.h
[1.666s] -- Installing: /home/amin/cobot/cobot_ws/install/mycobot_interfaces/include/mycobot_interfaces/mycobot_interfaces/msg/detail/mycobot_set_angles__type_support.c
[1.673s] -- Up-to-date: /home/amin/cobot/cobot_ws/install/mycobot_interfaces/include/mycobot_interfaces/mycobot_interfaces/msg/detail/mycobot_angles__struct.h
[1.674s] -- Installing: /home/amin/cobot/cobot_ws/install/mycobot_interfaces/include/mycobot_interfaces/mycobot_interfaces/msg/detail/mycobot_angles__type_support.c
[1.675s] -- Up-to-date: /home/amin/cobot/cobot_ws/install/mycobot_interfaces/include/mycobot_interfaces/mycobot_interfaces/msg/detail/mycobot_gripper_status__functions.c
[1.675s] -- Up-to-date: /home/amin/cobot/cobot_ws/install/mycobot_interfaces/include/mycobot_interfaces/mycobot_interfaces/msg/detail/mycobot_gripper_status__functions.h
[1.675s] -- Up-to-date: /home/amin/cobot/cobot_ws/install/mycobot_interfaces/include/mycobot_interfaces/mycobot_interfaces/msg/detail/mycobot_pump_status__functions.h
[1.675s] -- Up-to-date: /home/amin/cobot/cobot_ws/install/mycobot_interfaces/include/mycobot_interfaces/mycobot_interfaces/msg/detail/mycobot_set_angles__functions.h
[1.676s] -- Installing: /home/amin/cobot/cobot_ws/install/mycobot_interfaces/include/mycobot_interfaces/mycobot_interfaces/msg/detail/mycobot_pump_status__type_support.c
[1.676s] -- Installing: /home/amin/cobot/cobot_ws/install/mycobot_interfaces/include/mycobot_interfaces/mycobot_interfaces/msg/detail/mycobot_gripper_status__type_support.c
[1.676s] -- Up-to-date: /home/amin/cobot/cobot_ws/install/mycobot_interfaces/include/mycobot_interfaces/mycobot_interfaces/msg/detail/mycobot_coords__functions.h
[1.677s] -- Installing: /home/amin/cobot/cobot_ws/install/mycobot_interfaces/include/mycobot_interfaces/mycobot_interfaces/msg/detail/mycobot_coords__type_support.c
[1.678s] -- Up-to-date: /home/amin/cobot/cobot_ws/install/mycobot_interfaces/include/mycobot_interfaces/mycobot_interfaces/msg/detail/mycobot_coords__description.c
[1.679s] -- Installing: /home/amin/cobot/cobot_ws/install/mycobot_interfaces/include/mycobot_interfaces/mycobot_interfaces/msg/detail/mycobot_set_coords__type_support.c
[1.679s] -- Up-to-date: /home/amin/cobot/cobot_ws/install/mycobot_interfaces/include/mycobot_interfaces/mycobot_interfaces/msg/detail/mycobot_set_coords__struct.h
[1.679s] -- Up-to-date: /home/amin/cobot/cobot_ws/install/mycobot_interfaces/include/mycobot_interfaces/mycobot_interfaces/msg/detail/mycobot_angles__functions.h
[1.679s] -- Up-to-date: /home/amin/cobot/cobot_ws/install/mycobot_interfaces/include/mycobot_interfaces/mycobot_interfaces/msg/detail/mycobot_gripper_status__struct.h
[1.679s] -- Up-to-date: /home/amin/cobot/cobot_ws/install/mycobot_interfaces/include/mycobot_interfaces/mycobot_interfaces/msg/detail/mycobot_set_coords__description.c
[1.680s] -- Up-to-date: /home/amin/cobot/cobot_ws/install/mycobot_interfaces/include/mycobot_interfaces/mycobot_interfaces/msg/detail/mycobot_set_coords__functions.c
[1.682s] -- Up-to-date: /home/amin/cobot/cobot_ws/install/mycobot_interfaces/include/mycobot_interfaces/mycobot_interfaces/msg/detail/mycobot_coords__functions.c
[1.682s] -- Up-to-date: /home/amin/cobot/cobot_ws/install/mycobot_interfaces/include/mycobot_interfaces/mycobot_interfaces/msg/detail/mycobot_angles__functions.c
[1.682s] -- Up-to-date: /home/amin/cobot/cobot_ws/install/mycobot_interfaces/include/mycobot_interfaces/mycobot_interfaces/msg/detail/mycobot_set_angles__struct.h
[1.682s] -- Up-to-date: /home/amin/cobot/cobot_ws/install/mycobot_interfaces/include/mycobot_interfaces/mycobot_interfaces/msg/detail/mycobot_angles__type_support.h
[1.683s] -- Up-to-date: /home/amin/cobot/cobot_ws/install/mycobot_interfaces/include/mycobot_interfaces/mycobot_interfaces/msg/detail/mycobot_set_angles__type_support.h
[1.683s] -- Up-to-date: /home/amin/cobot/cobot_ws/install/mycobot_interfaces/include/mycobot_interfaces/mycobot_interfaces/msg/detail/mycobot_angles__description.c
[1.683s] -- Up-to-date: /home/amin/cobot/cobot_ws/install/mycobot_interfaces/include/mycobot_interfaces/mycobot_interfaces/msg/detail/mycobot_pump_status__struct.h
[1.683s] -- Up-to-date: /home/amin/cobot/cobot_ws/install/mycobot_interfaces/include/mycobot_interfaces/mycobot_interfaces/msg/detail/mycobot_pump_status__description.c
[1.683s] -- Up-to-date: /home/amin/cobot/cobot_ws/install/mycobot_interfaces/include/mycobot_interfaces/mycobot_interfaces/msg/rosidl_generator_c__visibility_control.h
[1.683s] -- Up-to-date: /home/amin/cobot/cobot_ws/install/mycobot_interfaces/include/mycobot_interfaces/mycobot_interfaces/msg/mycobot_set_angles.h
[1.683s] -- Up-to-date: /home/amin/cobot/cobot_ws/install/mycobot_interfaces/include/mycobot_interfaces/mycobot_interfaces/msg/mycobot_pump_status.h
[1.684s] -- Up-to-date: /home/amin/cobot/cobot_ws/install/mycobot_interfaces/include/mycobot_interfaces/mycobot_interfaces/msg/mycobot_coords.h
[1.684s] -- Up-to-date: /home/amin/cobot/cobot_ws/install/mycobot_interfaces/include/mycobot_interfaces/mycobot_interfaces/msg/mycobot_angles.h
[1.684s] -- Up-to-date: /home/amin/cobot/cobot_ws/install/mycobot_interfaces/include/mycobot_interfaces/mycobot_interfaces/msg/mycobot_gripper_status.h
[1.684s] -- Up-to-date: /home/amin/cobot/cobot_ws/install/mycobot_interfaces/include/mycobot_interfaces/mycobot_interfaces/msg/mycobot_set_coords.h
[1.684s] -- Up-to-date: /home/amin/cobot/cobot_ws/install/mycobot_interfaces/share/mycobot_interfaces/environment/library_path.sh
[1.699s] -- Up-to-date: /home/amin/cobot/cobot_ws/install/mycobot_interfaces/share/mycobot_interfaces/environment/library_path.dsv
[1.699s] -- Up-to-date: /home/amin/cobot/cobot_ws/install/mycobot_interfaces/lib/libmycobot_interfaces__rosidl_generator_c.so
[1.699s] -- Up-to-date: /home/amin/cobot/cobot_ws/install/mycobot_interfaces/include/mycobot_interfaces/mycobot_interfaces
[1.699s] -- Up-to-date: /home/amin/cobot/cobot_ws/install/mycobot_interfaces/include/mycobot_interfaces/mycobot_interfaces/srv
[1.699s] -- Up-to-date: /home/amin/cobot/cobot_ws/install/mycobot_interfaces/include/mycobot_interfaces/mycobot_interfaces/srv/detail
[1.700s] -- Up-to-date: /home/amin/cobot/cobot_ws/install/mycobot_interfaces/include/mycobot_interfaces/mycobot_interfaces/srv/detail/pump_status__rosidl_typesupport_fastrtps_c.h
[1.700s] -- Up-to-date: /home/amin/cobot/cobot_ws/install/mycobot_interfaces/include/mycobot_interfaces/mycobot_interfaces/srv/detail/get_coords__rosidl_typesupport_fastrtps_c.h
[1.700s] -- Up-to-date: /home/amin/cobot/cobot_ws/install/mycobot_interfaces/include/mycobot_interfaces/mycobot_interfaces/srv/detail/get_angles__rosidl_typesupport_fastrtps_c.h
[1.700s] -- Up-to-date: /home/amin/cobot/cobot_ws/install/mycobot_interfaces/include/mycobot_interfaces/mycobot_interfaces/srv/detail/set_angles__rosidl_typesupport_fastrtps_c.h
[1.700s] -- Up-to-date: /home/amin/cobot/cobot_ws/install/mycobot_interfaces/include/mycobot_interfaces/mycobot_interfaces/srv/detail/gripper_status__rosidl_typesupport_fastrtps_c.h
[1.700s] -- Up-to-date: /home/amin/cobot/cobot_ws/install/mycobot_interfaces/include/mycobot_interfaces/mycobot_interfaces/srv/detail/set_coords__rosidl_typesupport_fastrtps_c.h
[1.701s] -- Up-to-date: /home/amin/cobot/cobot_ws/install/mycobot_interfaces/include/mycobot_interfaces/mycobot_interfaces/msg
[1.701s] -- Up-to-date: /home/amin/cobot/cobot_ws/install/mycobot_interfaces/include/mycobot_interfaces/mycobot_interfaces/msg/detail
[1.701s] -- Up-to-date: /home/amin/cobot/cobot_ws/install/mycobot_interfaces/include/mycobot_interfaces/mycobot_interfaces/msg/detail/mycobot_pump_status__rosidl_typesupport_fastrtps_c.h
[1.701s] -- Up-to-date: /home/amin/cobot/cobot_ws/install/mycobot_interfaces/include/mycobot_interfaces/mycobot_interfaces/msg/detail/mycobot_angles__rosidl_typesupport_fastrtps_c.h
[1.701s] -- Up-to-date: /home/amin/cobot/cobot_ws/install/mycobot_interfaces/include/mycobot_interfaces/mycobot_interfaces/msg/detail/mycobot_set_angles__rosidl_typesupport_fastrtps_c.h
[1.701s] -- Up-to-date: /home/amin/cobot/cobot_ws/install/mycobot_interfaces/include/mycobot_interfaces/mycobot_interfaces/msg/detail/mycobot_coords__rosidl_typesupport_fastrtps_c.h
[1.701s] -- Up-to-date: /home/amin/cobot/cobot_ws/install/mycobot_interfaces/include/mycobot_interfaces/mycobot_interfaces/msg/detail/mycobot_set_coords__rosidl_typesupport_fastrtps_c.h
[1.701s] -- Up-to-date: /home/amin/cobot/cobot_ws/install/mycobot_interfaces/include/mycobot_interfaces/mycobot_interfaces/msg/detail/mycobot_gripper_status__rosidl_typesupport_fastrtps_c.h
[1.701s] -- Up-to-date: /home/amin/cobot/cobot_ws/install/mycobot_interfaces/include/mycobot_interfaces/mycobot_interfaces/msg/rosidl_typesupport_fastrtps_c__visibility_control.h
[1.702s] -- Up-to-date: /home/amin/cobot/cobot_ws/install/mycobot_interfaces/lib/libmycobot_interfaces__rosidl_typesupport_fastrtps_c.so
[1.702s] -- Up-to-date: /home/amin/cobot/cobot_ws/install/mycobot_interfaces/include/mycobot_interfaces/mycobot_interfaces
[1.702s] -- Up-to-date: /home/amin/cobot/cobot_ws/install/mycobot_interfaces/include/mycobot_interfaces/mycobot_interfaces/srv
[1.702s] -- Up-to-date: /home/amin/cobot/cobot_ws/install/mycobot_interfaces/include/mycobot_interfaces/mycobot_interfaces/srv/detail
[1.702s] -- Installing: /home/amin/cobot/cobot_ws/install/mycobot_interfaces/include/mycobot_interfaces/mycobot_interfaces/srv/detail/pump_status__type_support.c
[1.702s] -- Installing: /home/amin/cobot/cobot_ws/install/mycobot_interfaces/include/mycobot_interfaces/mycobot_interfaces/srv/detail/get_coords__type_support.c
[1.702s] -- Up-to-date: /home/amin/cobot/cobot_ws/install/mycobot_interfaces/include/mycobot_interfaces/mycobot_interfaces/srv/detail/set_angles__rosidl_typesupport_introspection_c.h
[1.703s] -- Installing: /home/amin/cobot/cobot_ws/install/mycobot_interfaces/include/mycobot_interfaces/mycobot_interfaces/srv/detail/set_coords__type_support.c
[1.703s] -- Installing: /home/amin/cobot/cobot_ws/install/mycobot_interfaces/include/mycobot_interfaces/mycobot_interfaces/srv/detail/set_angles__type_support.c
[1.703s] -- Up-to-date: /home/amin/cobot/cobot_ws/install/mycobot_interfaces/include/mycobot_interfaces/mycobot_interfaces/srv/detail/pump_status__rosidl_typesupport_introspection_c.h
[1.703s] -- Installing: /home/amin/cobot/cobot_ws/install/mycobot_interfaces/include/mycobot_interfaces/mycobot_interfaces/srv/detail/get_angles__type_support.c
[1.703s] -- Up-to-date: /home/amin/cobot/cobot_ws/install/mycobot_interfaces/include/mycobot_interfaces/mycobot_interfaces/srv/detail/get_angles__rosidl_typesupport_introspection_c.h
[1.703s] -- Installing: /home/amin/cobot/cobot_ws/install/mycobot_interfaces/include/mycobot_interfaces/mycobot_interfaces/srv/detail/gripper_status__type_support.c
[1.703s] -- Up-to-date: /home/amin/cobot/cobot_ws/install/mycobot_interfaces/include/mycobot_interfaces/mycobot_interfaces/srv/detail/set_coords__rosidl_typesupport_introspection_c.h
[1.703s] -- Up-to-date: /home/amin/cobot/cobot_ws/install/mycobot_interfaces/include/mycobot_interfaces/mycobot_interfaces/srv/detail/get_coords__rosidl_typesupport_introspection_c.h
[1.703s] -- Up-to-date: /home/amin/cobot/cobot_ws/install/mycobot_interfaces/include/mycobot_interfaces/mycobot_interfaces/srv/detail/gripper_status__rosidl_typesupport_introspection_c.h
[1.703s] -- Up-to-date: /home/amin/cobot/cobot_ws/install/mycobot_interfaces/include/mycobot_interfaces/mycobot_interfaces/msg
[1.703s] -- Up-to-date: /home/amin/cobot/cobot_ws/install/mycobot_interfaces/include/mycobot_interfaces/mycobot_interfaces/msg/detail
[1.704s] -- Up-to-date: /home/amin/cobot/cobot_ws/install/mycobot_interfaces/include/mycobot_interfaces/mycobot_interfaces/msg/detail/mycobot_set_coords__rosidl_typesupport_introspection_c.h
[1.704s] -- Installing: /home/amin/cobot/cobot_ws/install/mycobot_interfaces/include/mycobot_interfaces/mycobot_interfaces/msg/detail/mycobot_set_angles__type_support.c
[1.704s] -- Up-to-date: /home/amin/cobot/cobot_ws/install/mycobot_interfaces/include/mycobot_interfaces/mycobot_interfaces/msg/detail/mycobot_coords__rosidl_typesupport_introspection_c.h
[1.704s] -- Up-to-date: /home/amin/cobot/cobot_ws/install/mycobot_interfaces/include/mycobot_interfaces/mycobot_interfaces/msg/detail/mycobot_angles__rosidl_typesupport_introspection_c.h
[1.704s] -- Installing: /home/amin/cobot/cobot_ws/install/mycobot_interfaces/include/mycobot_interfaces/mycobot_interfaces/msg/detail/mycobot_angles__type_support.c
[1.704s] -- Installing: /home/amin/cobot/cobot_ws/install/mycobot_interfaces/include/mycobot_interfaces/mycobot_interfaces/msg/detail/mycobot_pump_status__type_support.c
[1.704s] -- Installing: /home/amin/cobot/cobot_ws/install/mycobot_interfaces/include/mycobot_interfaces/mycobot_interfaces/msg/detail/mycobot_gripper_status__type_support.c
[1.704s] -- Installing: /home/amin/cobot/cobot_ws/install/mycobot_interfaces/include/mycobot_interfaces/mycobot_interfaces/msg/detail/mycobot_coords__type_support.c
[1.709s] -- Installing: /home/amin/cobot/cobot_ws/install/mycobot_interfaces/include/mycobot_interfaces/mycobot_interfaces/msg/detail/mycobot_set_coords__type_support.c
[1.710s] -- Up-to-date: /home/amin/cobot/cobot_ws/install/mycobot_interfaces/include/mycobot_interfaces/mycobot_interfaces/msg/detail/mycobot_gripper_status__rosidl_typesupport_introspection_c.h
[1.710s] -- Up-to-date: /home/amin/cobot/cobot_ws/install/mycobot_interfaces/include/mycobot_interfaces/mycobot_interfaces/msg/detail/mycobot_set_angles__rosidl_typesupport_introspection_c.h
[1.710s] -- Up-to-date: /home/amin/cobot/cobot_ws/install/mycobot_interfaces/include/mycobot_interfaces/mycobot_interfaces/msg/detail/mycobot_pump_status__rosidl_typesupport_introspection_c.h
[1.710s] -- Up-to-date: /home/amin/cobot/cobot_ws/install/mycobot_interfaces/include/mycobot_interfaces/mycobot_interfaces/msg/rosidl_typesupport_introspection_c__visibility_control.h
[1.710s] -- Up-to-date: /home/amin/cobot/cobot_ws/install/mycobot_interfaces/lib/libmycobot_interfaces__rosidl_typesupport_introspection_c.so
[1.718s] -- Up-to-date: /home/amin/cobot/cobot_ws/install/mycobot_interfaces/lib/libmycobot_interfaces__rosidl_typesupport_c.so
[1.719s] -- Up-to-date: /home/amin/cobot/cobot_ws/install/mycobot_interfaces/include/mycobot_interfaces/mycobot_interfaces
[1.719s] -- Up-to-date: /home/amin/cobot/cobot_ws/install/mycobot_interfaces/include/mycobot_interfaces/mycobot_interfaces/srv
[1.719s] -- Up-to-date: /home/amin/cobot/cobot_ws/install/mycobot_interfaces/include/mycobot_interfaces/mycobot_interfaces/srv/set_angles.hpp
[1.719s] -- Up-to-date: /home/amin/cobot/cobot_ws/install/mycobot_interfaces/include/mycobot_interfaces/mycobot_interfaces/srv/get_coords.hpp
[1.719s] -- Up-to-date: /home/amin/cobot/cobot_ws/install/mycobot_interfaces/include/mycobot_interfaces/mycobot_interfaces/srv/gripper_status.hpp
[1.719s] -- Up-to-date: /home/amin/cobot/cobot_ws/install/mycobot_interfaces/include/mycobot_interfaces/mycobot_interfaces/srv/detail
[1.719s] -- Up-to-date: /home/amin/cobot/cobot_ws/install/mycobot_interfaces/include/mycobot_interfaces/mycobot_interfaces/srv/detail/get_coords__type_support.hpp
[1.719s] -- Up-to-date: /home/amin/cobot/cobot_ws/install/mycobot_interfaces/include/mycobot_interfaces/mycobot_interfaces/srv/detail/get_angles__builder.hpp
[1.719s] -- Up-to-date: /home/amin/cobot/cobot_ws/install/mycobot_interfaces/include/mycobot_interfaces/mycobot_interfaces/srv/detail/gripper_status__type_support.hpp
[1.719s] -- Up-to-date: /home/amin/cobot/cobot_ws/install/mycobot_interfaces/include/mycobot_interfaces/mycobot_interfaces/srv/detail/set_angles__traits.hpp
[1.719s] -- Up-to-date: /home/amin/cobot/cobot_ws/install/mycobot_interfaces/include/mycobot_interfaces/mycobot_interfaces/srv/detail/set_angles__builder.hpp
[1.719s] -- Up-to-date: /home/amin/cobot/cobot_ws/install/mycobot_interfaces/include/mycobot_interfaces/mycobot_interfaces/srv/detail/gripper_status__struct.hpp
[1.720s] -- Up-to-date: /home/amin/cobot/cobot_ws/install/mycobot_interfaces/include/mycobot_interfaces/mycobot_interfaces/srv/detail/gripper_status__traits.hpp
[1.720s] -- Up-to-date: /home/amin/cobot/cobot_ws/install/mycobot_interfaces/include/mycobot_interfaces/mycobot_interfaces/srv/detail/set_coords__struct.hpp
[1.720s] -- Up-to-date: /home/amin/cobot/cobot_ws/install/mycobot_interfaces/include/mycobot_interfaces/mycobot_interfaces/srv/detail/pump_status__builder.hpp
[1.720s] -- Up-to-date: /home/amin/cobot/cobot_ws/install/mycobot_interfaces/include/mycobot_interfaces/mycobot_interfaces/srv/detail/set_coords__builder.hpp
[1.720s] -- Up-to-date: /home/amin/cobot/cobot_ws/install/mycobot_interfaces/include/mycobot_interfaces/mycobot_interfaces/srv/detail/pump_status__type_support.hpp
[1.720s] -- Up-to-date: /home/amin/cobot/cobot_ws/install/mycobot_interfaces/include/mycobot_interfaces/mycobot_interfaces/srv/detail/get_coords__struct.hpp
[1.720s] -- Up-to-date: /home/amin/cobot/cobot_ws/install/mycobot_interfaces/include/mycobot_interfaces/mycobot_interfaces/srv/detail/gripper_status__builder.hpp
[1.720s] -- Up-to-date: /home/amin/cobot/cobot_ws/install/mycobot_interfaces/include/mycobot_interfaces/mycobot_interfaces/srv/detail/pump_status__traits.hpp
[1.720s] -- Up-to-date: /home/amin/cobot/cobot_ws/install/mycobot_interfaces/include/mycobot_interfaces/mycobot_interfaces/srv/detail/get_angles__type_support.hpp
[1.720s] -- Up-to-date: /home/amin/cobot/cobot_ws/install/mycobot_interfaces/include/mycobot_interfaces/mycobot_interfaces/srv/detail/get_coords__traits.hpp
[1.720s] -- Up-to-date: /home/amin/cobot/cobot_ws/install/mycobot_interfaces/include/mycobot_interfaces/mycobot_interfaces/srv/detail/set_angles__struct.hpp
[1.720s] -- Up-to-date: /home/amin/cobot/cobot_ws/install/mycobot_interfaces/include/mycobot_interfaces/mycobot_interfaces/srv/detail/get_angles__traits.hpp
[1.720s] -- Up-to-date: /home/amin/cobot/cobot_ws/install/mycobot_interfaces/include/mycobot_interfaces/mycobot_interfaces/srv/detail/get_coords__builder.hpp
[1.721s] -- Up-to-date: /home/amin/cobot/cobot_ws/install/mycobot_interfaces/include/mycobot_interfaces/mycobot_interfaces/srv/detail/set_coords__type_support.hpp
[1.721s] -- Up-to-date: /home/amin/cobot/cobot_ws/install/mycobot_interfaces/include/mycobot_interfaces/mycobot_interfaces/srv/detail/set_angles__type_support.hpp
[1.721s] -- Up-to-date: /home/amin/cobot/cobot_ws/install/mycobot_interfaces/include/mycobot_interfaces/mycobot_interfaces/srv/detail/set_coords__traits.hpp
[1.721s] -- Up-to-date: /home/amin/cobot/cobot_ws/install/mycobot_interfaces/include/mycobot_interfaces/mycobot_interfaces/srv/detail/get_angles__struct.hpp
[1.721s] -- Up-to-date: /home/amin/cobot/cobot_ws/install/mycobot_interfaces/include/mycobot_interfaces/mycobot_interfaces/srv/detail/pump_status__struct.hpp
[1.721s] -- Up-to-date: /home/amin/cobot/cobot_ws/install/mycobot_interfaces/include/mycobot_interfaces/mycobot_interfaces/srv/set_coords.hpp
[1.721s] -- Up-to-date: /home/amin/cobot/cobot_ws/install/mycobot_interfaces/include/mycobot_interfaces/mycobot_interfaces/srv/get_angles.hpp
[1.721s] -- Up-to-date: /home/amin/cobot/cobot_ws/install/mycobot_interfaces/include/mycobot_interfaces/mycobot_interfaces/srv/pump_status.hpp
[1.726s] -- Up-to-date: /home/amin/cobot/cobot_ws/install/mycobot_interfaces/include/mycobot_interfaces/mycobot_interfaces/msg
[1.732s] -- Up-to-date: /home/amin/cobot/cobot_ws/install/mycobot_interfaces/include/mycobot_interfaces/mycobot_interfaces/msg/mycobot_angles.hpp
[1.732s] -- Up-to-date: /home/amin/cobot/cobot_ws/install/mycobot_interfaces/include/mycobot_interfaces/mycobot_interfaces/msg/mycobot_gripper_status.hpp
[1.732s] -- Up-to-date: /home/amin/cobot/cobot_ws/install/mycobot_interfaces/include/mycobot_interfaces/mycobot_interfaces/msg/detail
[1.732s] -- Up-to-date: /home/amin/cobot/cobot_ws/install/mycobot_interfaces/include/mycobot_interfaces/mycobot_interfaces/msg/detail/mycobot_gripper_status__struct.hpp
[1.732s] -- Up-to-date: /home/amin/cobot/cobot_ws/install/mycobot_interfaces/include/mycobot_interfaces/mycobot_interfaces/msg/detail/mycobot_coords__struct.hpp
[1.732s] -- Up-to-date: /home/amin/cobot/cobot_ws/install/mycobot_interfaces/include/mycobot_interfaces/mycobot_interfaces/msg/detail/mycobot_set_angles__type_support.hpp
[1.733s] -- Up-to-date: /home/amin/cobot/cobot_ws/install/mycobot_interfaces/include/mycobot_interfaces/mycobot_interfaces/msg/detail/mycobot_gripper_status__builder.hpp
[1.733s] -- Up-to-date: /home/amin/cobot/cobot_ws/install/mycobot_interfaces/include/mycobot_interfaces/mycobot_interfaces/msg/detail/mycobot_angles__traits.hpp
[1.733s] -- Up-to-date: /home/amin/cobot/cobot_ws/install/mycobot_interfaces/include/mycobot_interfaces/mycobot_interfaces/msg/detail/mycobot_angles__struct.hpp
[1.733s] -- Up-to-date: /home/amin/cobot/cobot_ws/install/mycobot_interfaces/include/mycobot_interfaces/mycobot_interfaces/msg/detail/mycobot_gripper_status__type_support.hpp
[1.733s] -- Up-to-date: /home/amin/cobot/cobot_ws/install/mycobot_interfaces/include/mycobot_interfaces/mycobot_interfaces/msg/detail/mycobot_coords__type_support.hpp
[1.733s] -- Up-to-date: /home/amin/cobot/cobot_ws/install/mycobot_interfaces/include/mycobot_interfaces/mycobot_interfaces/msg/detail/mycobot_gripper_status__traits.hpp
[1.733s] -- Up-to-date: /home/amin/cobot/cobot_ws/install/mycobot_interfaces/include/mycobot_interfaces/mycobot_interfaces/msg/detail/mycobot_pump_status__type_support.hpp
[1.733s] -- Up-to-date: /home/amin/cobot/cobot_ws/install/mycobot_interfaces/include/mycobot_interfaces/mycobot_interfaces/msg/detail/mycobot_pump_status__struct.hpp
[1.734s] -- Up-to-date: /home/amin/cobot/cobot_ws/install/mycobot_interfaces/include/mycobot_interfaces/mycobot_interfaces/msg/detail/mycobot_angles__builder.hpp
[1.734s] -- Up-to-date: /home/amin/cobot/cobot_ws/install/mycobot_interfaces/include/mycobot_interfaces/mycobot_interfaces/msg/detail/mycobot_set_angles__builder.hpp
[1.734s] -- Up-to-date: /home/amin/cobot/cobot_ws/install/mycobot_interfaces/include/mycobot_interfaces/mycobot_interfaces/msg/detail/mycobot_coords__builder.hpp
[1.734s] -- Up-to-date: /home/amin/cobot/cobot_ws/install/mycobot_interfaces/include/mycobot_interfaces/mycobot_interfaces/msg/detail/mycobot_set_angles__traits.hpp
[1.734s] -- Up-to-date: /home/amin/cobot/cobot_ws/install/mycobot_interfaces/include/mycobot_interfaces/mycobot_interfaces/msg/detail/mycobot_coords__traits.hpp
[1.734s] -- Up-to-date: /home/amin/cobot/cobot_ws/install/mycobot_interfaces/include/mycobot_interfaces/mycobot_interfaces/msg/detail/mycobot_set_coords__type_support.hpp
[1.734s] -- Up-to-date: /home/amin/cobot/cobot_ws/install/mycobot_interfaces/include/mycobot_interfaces/mycobot_interfaces/msg/detail/mycobot_set_angles__struct.hpp
[1.735s] -- Up-to-date: /home/amin/cobot/cobot_ws/install/mycobot_interfaces/include/mycobot_interfaces/mycobot_interfaces/msg/detail/mycobot_set_coords__builder.hpp
[1.735s] -- Up-to-date: /home/amin/cobot/cobot_ws/install/mycobot_interfaces/include/mycobot_interfaces/mycobot_interfaces/msg/detail/mycobot_angles__type_support.hpp
[1.735s] -- Up-to-date: /home/amin/cobot/cobot_ws/install/mycobot_interfaces/include/mycobot_interfaces/mycobot_interfaces/msg/detail/mycobot_set_coords__struct.hpp
[1.735s] -- Up-to-date: /home/amin/cobot/cobot_ws/install/mycobot_interfaces/include/mycobot_interfaces/mycobot_interfaces/msg/detail/mycobot_set_coords__traits.hpp
[1.735s] -- Up-to-date: /home/amin/cobot/cobot_ws/install/mycobot_interfaces/include/mycobot_interfaces/mycobot_interfaces/msg/detail/mycobot_pump_status__traits.hpp
[1.735s] -- Up-to-date: /home/amin/cobot/cobot_ws/install/mycobot_interfaces/include/mycobot_interfaces/mycobot_interfaces/msg/detail/mycobot_pump_status__builder.hpp
[1.739s] -- Up-to-date: /home/amin/cobot/cobot_ws/install/mycobot_interfaces/include/mycobot_interfaces/mycobot_interfaces/msg/mycobot_set_coords.hpp
[1.739s] -- Up-to-date: /home/amin/cobot/cobot_ws/install/mycobot_interfaces/include/mycobot_interfaces/mycobot_interfaces/msg/mycobot_set_angles.hpp
[1.739s] -- Up-to-date: /home/amin/cobot/cobot_ws/install/mycobot_interfaces/include/mycobot_interfaces/mycobot_interfaces/msg/rosidl_generator_cpp__visibility_control.hpp
[1.740s] -- Up-to-date: /home/amin/cobot/cobot_ws/install/mycobot_interfaces/include/mycobot_interfaces/mycobot_interfaces/msg/mycobot_coords.hpp
[1.740s] -- Up-to-date: /home/amin/cobot/cobot_ws/install/mycobot_interfaces/include/mycobot_interfaces/mycobot_interfaces/msg/mycobot_pump_status.hpp
[1.740s] -- Up-to-date: /home/amin/cobot/cobot_ws/install/mycobot_interfaces/include/mycobot_interfaces/mycobot_interfaces
[1.740s] -- Up-to-date: /home/amin/cobot/cobot_ws/install/mycobot_interfaces/include/mycobot_interfaces/mycobot_interfaces/srv
[1.740s] -- Up-to-date: /home/amin/cobot/cobot_ws/install/mycobot_interfaces/include/mycobot_interfaces/mycobot_interfaces/srv/detail
[1.740s] -- Up-to-date: /home/amin/cobot/cobot_ws/install/mycobot_interfaces/include/mycobot_interfaces/mycobot_interfaces/srv/detail/gripper_status__rosidl_typesupport_fastrtps_cpp.hpp
[1.740s] -- Up-to-date: /home/amin/cobot/cobot_ws/install/mycobot_interfaces/include/mycobot_interfaces/mycobot_interfaces/srv/detail/pump_status__rosidl_typesupport_fastrtps_cpp.hpp
[1.740s] -- Up-to-date: /home/amin/cobot/cobot_ws/install/mycobot_interfaces/include/mycobot_interfaces/mycobot_interfaces/srv/detail/dds_fastrtps
[1.740s] -- Up-to-date: /home/amin/cobot/cobot_ws/install/mycobot_interfaces/include/mycobot_interfaces/mycobot_interfaces/srv/detail/get_angles__rosidl_typesupport_fastrtps_cpp.hpp
[1.741s] -- Up-to-date: /home/amin/cobot/cobot_ws/install/mycobot_interfaces/include/mycobot_interfaces/mycobot_interfaces/srv/detail/set_coords__rosidl_typesupport_fastrtps_cpp.hpp
[1.741s] -- Up-to-date: /home/amin/cobot/cobot_ws/install/mycobot_interfaces/include/mycobot_interfaces/mycobot_interfaces/srv/detail/get_coords__rosidl_typesupport_fastrtps_cpp.hpp
[1.741s] -- Up-to-date: /home/amin/cobot/cobot_ws/install/mycobot_interfaces/include/mycobot_interfaces/mycobot_interfaces/srv/detail/set_angles__rosidl_typesupport_fastrtps_cpp.hpp
[1.741s] -- Up-to-date: /home/amin/cobot/cobot_ws/install/mycobot_interfaces/include/mycobot_interfaces/mycobot_interfaces/msg
[1.741s] -- Up-to-date: /home/amin/cobot/cobot_ws/install/mycobot_interfaces/include/mycobot_interfaces/mycobot_interfaces/msg/detail
[1.741s] -- Up-to-date: /home/amin/cobot/cobot_ws/install/mycobot_interfaces/include/mycobot_interfaces/mycobot_interfaces/msg/detail/dds_fastrtps
[1.741s] -- Up-to-date: /home/amin/cobot/cobot_ws/install/mycobot_interfaces/include/mycobot_interfaces/mycobot_interfaces/msg/detail/mycobot_angles__rosidl_typesupport_fastrtps_cpp.hpp
[1.741s] -- Up-to-date: /home/amin/cobot/cobot_ws/install/mycobot_interfaces/include/mycobot_interfaces/mycobot_interfaces/msg/detail/mycobot_set_angles__rosidl_typesupport_fastrtps_cpp.hpp
[1.741s] -- Up-to-date: /home/amin/cobot/cobot_ws/install/mycobot_interfaces/include/mycobot_interfaces/mycobot_interfaces/msg/detail/mycobot_coords__rosidl_typesupport_fastrtps_cpp.hpp
[1.742s] -- Up-to-date: /home/amin/cobot/cobot_ws/install/mycobot_interfaces/include/mycobot_interfaces/mycobot_interfaces/msg/detail/mycobot_gripper_status__rosidl_typesupport_fastrtps_cpp.hpp
[1.742s] -- Up-to-date: /home/amin/cobot/cobot_ws/install/mycobot_interfaces/include/mycobot_interfaces/mycobot_interfaces/msg/detail/mycobot_set_coords__rosidl_typesupport_fastrtps_cpp.hpp
[1.742s] -- Up-to-date: /home/amin/cobot/cobot_ws/install/mycobot_interfaces/include/mycobot_interfaces/mycobot_interfaces/msg/detail/mycobot_pump_status__rosidl_typesupport_fastrtps_cpp.hpp
[1.742s] -- Up-to-date: /home/amin/cobot/cobot_ws/install/mycobot_interfaces/include/mycobot_interfaces/mycobot_interfaces/msg/rosidl_typesupport_fastrtps_cpp__visibility_control.h
[1.742s] -- Up-to-date: /home/amin/cobot/cobot_ws/install/mycobot_interfaces/lib/libmycobot_interfaces__rosidl_typesupport_fastrtps_cpp.so
[1.742s] -- Up-to-date: /home/amin/cobot/cobot_ws/install/mycobot_interfaces/include/mycobot_interfaces/mycobot_interfaces
[1.742s] -- Up-to-date: /home/amin/cobot/cobot_ws/install/mycobot_interfaces/include/mycobot_interfaces/mycobot_interfaces/srv
[1.742s] -- Up-to-date: /home/amin/cobot/cobot_ws/install/mycobot_interfaces/include/mycobot_interfaces/mycobot_interfaces/srv/detail
[1.742s] -- Up-to-date: /home/amin/cobot/cobot_ws/install/mycobot_interfaces/include/mycobot_interfaces/mycobot_interfaces/srv/detail/set_coords__type_support.cpp
[1.743s] -- Up-to-date: /home/amin/cobot/cobot_ws/install/mycobot_interfaces/include/mycobot_interfaces/mycobot_interfaces/srv/detail/pump_status__rosidl_typesupport_introspection_cpp.hpp
[1.743s] -- Up-to-date: /home/amin/cobot/cobot_ws/install/mycobot_interfaces/include/mycobot_interfaces/mycobot_interfaces/srv/detail/gripper_status__type_support.cpp
[1.743s] -- Up-to-date: /home/amin/cobot/cobot_ws/install/mycobot_interfaces/include/mycobot_interfaces/mycobot_interfaces/srv/detail/gripper_status__rosidl_typesupport_introspection_cpp.hpp
[1.750s] -- Up-to-date: /home/amin/cobot/cobot_ws/install/mycobot_interfaces/include/mycobot_interfaces/mycobot_interfaces/srv/detail/get_coords__type_support.cpp
[1.750s] -- Up-to-date: /home/amin/cobot/cobot_ws/install/mycobot_interfaces/include/mycobot_interfaces/mycobot_interfaces/srv/detail/set_angles__rosidl_typesupport_introspection_cpp.hpp
[1.750s] -- Up-to-date: /home/amin/cobot/cobot_ws/install/mycobot_interfaces/include/mycobot_interfaces/mycobot_interfaces/srv/detail/set_angles__type_support.cpp
[1.750s] -- Up-to-date: /home/amin/cobot/cobot_ws/install/mycobot_interfaces/include/mycobot_interfaces/mycobot_interfaces/srv/detail/get_angles__type_support.cpp
[1.751s] -- Up-to-date: /home/amin/cobot/cobot_ws/install/mycobot_interfaces/include/mycobot_interfaces/mycobot_interfaces/srv/detail/pump_status__type_support.cpp
[1.751s] -- Up-to-date: /home/amin/cobot/cobot_ws/install/mycobot_interfaces/include/mycobot_interfaces/mycobot_interfaces/srv/detail/get_angles__rosidl_typesupport_introspection_cpp.hpp
[1.751s] -- Up-to-date: /home/amin/cobot/cobot_ws/install/mycobot_interfaces/include/mycobot_interfaces/mycobot_interfaces/srv/detail/set_coords__rosidl_typesupport_introspection_cpp.hpp
[1.751s] -- Up-to-date: /home/amin/cobot/cobot_ws/install/mycobot_interfaces/include/mycobot_interfaces/mycobot_interfaces/srv/detail/get_coords__rosidl_typesupport_introspection_cpp.hpp
[1.751s] -- Up-to-date: /home/amin/cobot/cobot_ws/install/mycobot_interfaces/include/mycobot_interfaces/mycobot_interfaces/msg
[1.751s] -- Up-to-date: /home/amin/cobot/cobot_ws/install/mycobot_interfaces/include/mycobot_interfaces/mycobot_interfaces/msg/detail
[1.751s] -- Up-to-date: /home/amin/cobot/cobot_ws/install/mycobot_interfaces/include/mycobot_interfaces/mycobot_interfaces/msg/detail/mycobot_angles__type_support.cpp
[1.751s] -- Up-to-date: /home/amin/cobot/cobot_ws/install/mycobot_interfaces/include/mycobot_interfaces/mycobot_interfaces/msg/detail/mycobot_set_angles__type_support.cpp
[1.752s] -- Up-to-date: /home/amin/cobot/cobot_ws/install/mycobot_interfaces/include/mycobot_interfaces/mycobot_interfaces/msg/detail/mycobot_coords__type_support.cpp
[1.752s] -- Up-to-date: /home/amin/cobot/cobot_ws/install/mycobot_interfaces/include/mycobot_interfaces/mycobot_interfaces/msg/detail/mycobot_angles__rosidl_typesupport_introspection_cpp.hpp
[1.752s] -- Up-to-date: /home/amin/cobot/cobot_ws/install/mycobot_interfaces/include/mycobot_interfaces/mycobot_interfaces/msg/detail/mycobot_set_coords__type_support.cpp
[1.752s] -- Up-to-date: /home/amin/cobot/cobot_ws/install/mycobot_interfaces/include/mycobot_interfaces/mycobot_interfaces/msg/detail/mycobot_gripper_status__type_support.cpp
[1.752s] -- Up-to-date: /home/amin/cobot/cobot_ws/install/mycobot_interfaces/include/mycobot_interfaces/mycobot_interfaces/msg/detail/mycobot_set_coords__rosidl_typesupport_introspection_cpp.hpp
[1.753s] -- Up-to-date: /home/amin/cobot/cobot_ws/install/mycobot_interfaces/include/mycobot_interfaces/mycobot_interfaces/msg/detail/mycobot_set_angles__rosidl_typesupport_introspection_cpp.hpp
[1.753s] -- Up-to-date: /home/amin/cobot/cobot_ws/install/mycobot_interfaces/include/mycobot_interfaces/mycobot_interfaces/msg/detail/mycobot_coords__rosidl_typesupport_introspection_cpp.hpp
[1.753s] -- Up-to-date: /home/amin/cobot/cobot_ws/install/mycobot_interfaces/include/mycobot_interfaces/mycobot_interfaces/msg/detail/mycobot_gripper_status__rosidl_typesupport_introspection_cpp.hpp
[1.753s] -- Up-to-date: /home/amin/cobot/cobot_ws/install/mycobot_interfaces/include/mycobot_interfaces/mycobot_interfaces/msg/detail/mycobot_pump_status__rosidl_typesupport_introspection_cpp.hpp
[1.753s] -- Up-to-date: /home/amin/cobot/cobot_ws/install/mycobot_interfaces/include/mycobot_interfaces/mycobot_interfaces/msg/detail/mycobot_pump_status__type_support.cpp
[1.753s] -- Up-to-date: /home/amin/cobot/cobot_ws/install/mycobot_interfaces/lib/libmycobot_interfaces__rosidl_typesupport_introspection_cpp.so
[1.753s] -- Up-to-date: /home/amin/cobot/cobot_ws/install/mycobot_interfaces/lib/libmycobot_interfaces__rosidl_typesupport_cpp.so
[1.754s] -- Up-to-date: /home/amin/cobot/cobot_ws/install/mycobot_interfaces/share/mycobot_interfaces/environment/pythonpath.sh
[1.754s] -- Up-to-date: /home/amin/cobot/cobot_ws/install/mycobot_interfaces/share/mycobot_interfaces/environment/pythonpath.dsv
[1.754s] -- Up-to-date: /home/amin/cobot/cobot_ws/install/mycobot_interfaces/lib/python3.12/site-packages/mycobot_interfaces-0.0.0-py3.12.egg-info
[1.754s] -- Installing: /home/amin/cobot/cobot_ws/install/mycobot_interfaces/lib/python3.12/site-packages/mycobot_interfaces-0.0.0-py3.12.egg-info/SOURCES.txt
[1.754s] -- Installing: /home/amin/cobot/cobot_ws/install/mycobot_interfaces/lib/python3.12/site-packages/mycobot_interfaces-0.0.0-py3.12.egg-info/PKG-INFO
[1.754s] -- Installing: /home/amin/cobot/cobot_ws/install/mycobot_interfaces/lib/python3.12/site-packages/mycobot_interfaces-0.0.0-py3.12.egg-info/top_level.txt
[1.754s] -- Installing: /home/amin/cobot/cobot_ws/install/mycobot_interfaces/lib/python3.12/site-packages/mycobot_interfaces-0.0.0-py3.12.egg-info/dependency_links.txt
[1.754s] -- Up-to-date: /home/amin/cobot/cobot_ws/install/mycobot_interfaces/lib/python3.12/site-packages/mycobot_interfaces
[1.756s] -- Up-to-date: /home/amin/cobot/cobot_ws/install/mycobot_interfaces/lib/python3.12/site-packages/mycobot_interfaces/mycobot_interfaces_s__rosidl_typesupport_c.so
[1.757s] -- Up-to-date: /home/amin/cobot/cobot_ws/install/mycobot_interfaces/lib/python3.12/site-packages/mycobot_interfaces/mycobot_interfaces_s__rosidl_typesupport_introspection_c.so
[1.757s] -- Up-to-date: /home/amin/cobot/cobot_ws/install/mycobot_interfaces/lib/python3.12/site-packages/mycobot_interfaces/_mycobot_interfaces_s.ep.rosidl_typesupport_fastrtps_c.c
[1.757s] -- Up-to-date: /home/amin/cobot/cobot_ws/install/mycobot_interfaces/lib/python3.12/site-packages/mycobot_interfaces/__init__.py
[1.757s] -- Up-to-date: /home/amin/cobot/cobot_ws/install/mycobot_interfaces/lib/python3.12/site-packages/mycobot_interfaces/srv
[1.757s] -- Up-to-date: /home/amin/cobot/cobot_ws/install/mycobot_interfaces/lib/python3.12/site-packages/mycobot_interfaces/srv/_get_coords_s.c
[1.757s] -- Up-to-date: /home/amin/cobot/cobot_ws/install/mycobot_interfaces/lib/python3.12/site-packages/mycobot_interfaces/srv/_get_angles_s.c
[1.757s] -- Up-to-date: /home/amin/cobot/cobot_ws/install/mycobot_interfaces/lib/python3.12/site-packages/mycobot_interfaces/srv/_get_angles.py
[1.757s] -- Up-to-date: /home/amin/cobot/cobot_ws/install/mycobot_interfaces/lib/python3.12/site-packages/mycobot_interfaces/srv/_set_angles.py
[1.757s] -- Up-to-date: /home/amin/cobot/cobot_ws/install/mycobot_interfaces/lib/python3.12/site-packages/mycobot_interfaces/srv/_pump_status.py
[1.758s] -- Up-to-date: /home/amin/cobot/cobot_ws/install/mycobot_interfaces/lib/python3.12/site-packages/mycobot_interfaces/srv/_pump_status_s.c
[1.758s] -- Up-to-date: /home/amin/cobot/cobot_ws/install/mycobot_interfaces/lib/python3.12/site-packages/mycobot_interfaces/srv/_set_coords.py
[1.758s] -- Up-to-date: /home/amin/cobot/cobot_ws/install/mycobot_interfaces/lib/python3.12/site-packages/mycobot_interfaces/srv/__init__.py
[1.758s] -- Up-to-date: /home/amin/cobot/cobot_ws/install/mycobot_interfaces/lib/python3.12/site-packages/mycobot_interfaces/srv/_get_coords.py
[1.758s] -- Up-to-date: /home/amin/cobot/cobot_ws/install/mycobot_interfaces/lib/python3.12/site-packages/mycobot_interfaces/srv/_gripper_status_s.c
[1.758s] -- Up-to-date: /home/amin/cobot/cobot_ws/install/mycobot_interfaces/lib/python3.12/site-packages/mycobot_interfaces/srv/_gripper_status.py
[1.758s] -- Up-to-date: /home/amin/cobot/cobot_ws/install/mycobot_interfaces/lib/python3.12/site-packages/mycobot_interfaces/srv/_set_coords_s.c
[1.758s] -- Up-to-date: /home/amin/cobot/cobot_ws/install/mycobot_interfaces/lib/python3.12/site-packages/mycobot_interfaces/srv/_set_angles_s.c
[1.758s] -- Up-to-date: /home/amin/cobot/cobot_ws/install/mycobot_interfaces/lib/python3.12/site-packages/mycobot_interfaces/_mycobot_interfaces_s.ep.rosidl_typesupport_c.c
[1.758s] -- Up-to-date: /home/amin/cobot/cobot_ws/install/mycobot_interfaces/lib/python3.12/site-packages/mycobot_interfaces/msg
[1.759s] -- Up-to-date: /home/amin/cobot/cobot_ws/install/mycobot_interfaces/lib/python3.12/site-packages/mycobot_interfaces/msg/_mycobot_pump_status_s.c
[1.759s] -- Up-to-date: /home/amin/cobot/cobot_ws/install/mycobot_interfaces/lib/python3.12/site-packages/mycobot_interfaces/msg/_mycobot_set_angles_s.c
[1.759s] -- Up-to-date: /home/amin/cobot/cobot_ws/install/mycobot_interfaces/lib/python3.12/site-packages/mycobot_interfaces/msg/__init__.py
[1.759s] -- Up-to-date: /home/amin/cobot/cobot_ws/install/mycobot_interfaces/lib/python3.12/site-packages/mycobot_interfaces/msg/_mycobot_gripper_status.py
[1.760s] -- Up-to-date: /home/amin/cobot/cobot_ws/install/mycobot_interfaces/lib/python3.12/site-packages/mycobot_interfaces/msg/_mycobot_set_angles.py
[1.760s] -- Up-to-date: /home/amin/cobot/cobot_ws/install/mycobot_interfaces/lib/python3.12/site-packages/mycobot_interfaces/msg/_mycobot_set_coords_s.c
[1.760s] -- Up-to-date: /home/amin/cobot/cobot_ws/install/mycobot_interfaces/lib/python3.12/site-packages/mycobot_interfaces/msg/_mycobot_coords_s.c
[1.760s] -- Up-to-date: /home/amin/cobot/cobot_ws/install/mycobot_interfaces/lib/python3.12/site-packages/mycobot_interfaces/msg/_mycobot_angles_s.c
[1.760s] -- Up-to-date: /home/amin/cobot/cobot_ws/install/mycobot_interfaces/lib/python3.12/site-packages/mycobot_interfaces/msg/_mycobot_pump_status.py
[1.760s] -- Up-to-date: /home/amin/cobot/cobot_ws/install/mycobot_interfaces/lib/python3.12/site-packages/mycobot_interfaces/msg/_mycobot_set_coords.py
[1.760s] -- Up-to-date: /home/amin/cobot/cobot_ws/install/mycobot_interfaces/lib/python3.12/site-packages/mycobot_interfaces/msg/_mycobot_coords.py
[1.760s] -- Up-to-date: /home/amin/cobot/cobot_ws/install/mycobot_interfaces/lib/python3.12/site-packages/mycobot_interfaces/msg/_mycobot_angles.py
[1.760s] -- Up-to-date: /home/amin/cobot/cobot_ws/install/mycobot_interfaces/lib/python3.12/site-packages/mycobot_interfaces/msg/_mycobot_gripper_status_s.c
[1.760s] -- Up-to-date: /home/amin/cobot/cobot_ws/install/mycobot_interfaces/lib/python3.12/site-packages/mycobot_interfaces/_mycobot_interfaces_s.ep.rosidl_typesupport_introspection_c.c
[1.760s] -- Up-to-date: /home/amin/cobot/cobot_ws/install/mycobot_interfaces/lib/python3.12/site-packages/mycobot_interfaces/mycobot_interfaces_s__rosidl_typesupport_fastrtps_c.so
[1.848s] Listing '/home/amin/cobot/cobot_ws/install/mycobot_interfaces/lib/python3.12/site-packages/mycobot_interfaces'...
[1.849s] Listing '/home/amin/cobot/cobot_ws/install/mycobot_interfaces/lib/python3.12/site-packages/mycobot_interfaces/msg'...
[1.851s] Listing '/home/amin/cobot/cobot_ws/install/mycobot_interfaces/lib/python3.12/site-packages/mycobot_interfaces/srv'...
[1.851s] -- Up-to-date: /home/amin/cobot/cobot_ws/install/mycobot_interfaces/lib/python3.12/site-packages/mycobot_interfaces/mycobot_interfaces_s__rosidl_typesupport_fastrtps_c.so
[1.851s] -- Up-to-date: /home/amin/cobot/cobot_ws/install/mycobot_interfaces/lib/python3.12/site-packages/mycobot_interfaces/mycobot_interfaces_s__rosidl_typesupport_introspection_c.so
[1.851s] -- Up-to-date: /home/amin/cobot/cobot_ws/install/mycobot_interfaces/lib/python3.12/site-packages/mycobot_interfaces/mycobot_interfaces_s__rosidl_typesupport_c.so
[1.851s] -- Up-to-date: /home/amin/cobot/cobot_ws/install/mycobot_interfaces/lib/libmycobot_interfaces__rosidl_generator_py.so
[1.851s] -- Up-to-date: /home/amin/cobot/cobot_ws/install/mycobot_interfaces/share/mycobot_interfaces/msg/MycobotAngles.idl
[1.851s] -- Up-to-date: /home/amin/cobot/cobot_ws/install/mycobot_interfaces/share/mycobot_interfaces/msg/MycobotCoords.idl
[1.852s] -- Up-to-date: /home/amin/cobot/cobot_ws/install/mycobot_interfaces/share/mycobot_interfaces/msg/MycobotSetAngles.idl
[1.852s] -- Up-to-date: /home/amin/cobot/cobot_ws/install/mycobot_interfaces/share/mycobot_interfaces/msg/MycobotSetCoords.idl
[1.852s] -- Up-to-date: /home/amin/cobot/cobot_ws/install/mycobot_interfaces/share/mycobot_interfaces/msg/MycobotGripperStatus.idl
[1.852s] -- Up-to-date: /home/amin/cobot/cobot_ws/install/mycobot_interfaces/share/mycobot_interfaces/msg/MycobotPumpStatus.idl
[1.852s] -- Up-to-date: /home/amin/cobot/cobot_ws/install/mycobot_interfaces/share/mycobot_interfaces/srv/GetAngles.idl
[1.852s] -- Up-to-date: /home/amin/cobot/cobot_ws/install/mycobot_interfaces/share/mycobot_interfaces/srv/SetAngles.idl
[1.854s] -- Up-to-date: /home/amin/cobot/cobot_ws/install/mycobot_interfaces/share/mycobot_interfaces/srv/GetCoords.idl
[1.854s] -- Up-to-date: /home/amin/cobot/cobot_ws/install/mycobot_interfaces/share/mycobot_interfaces/srv/SetCoords.idl
[1.854s] -- Up-to-date: /home/amin/cobot/cobot_ws/install/mycobot_interfaces/share/mycobot_interfaces/srv/GripperStatus.idl
[1.854s] -- Up-to-date: /home/amin/cobot/cobot_ws/install/mycobot_interfaces/share/mycobot_interfaces/srv/PumpStatus.idl
[1.854s] -- Up-to-date: /home/amin/cobot/cobot_ws/install/mycobot_interfaces/share/mycobot_interfaces/msg/MycobotAngles.msg
[1.854s] -- Up-to-date: /home/amin/cobot/cobot_ws/install/mycobot_interfaces/share/mycobot_interfaces/msg/MycobotCoords.msg
[1.855s] -- Up-to-date: /home/amin/cobot/cobot_ws/install/mycobot_interfaces/share/mycobot_interfaces/msg/MycobotSetAngles.msg
[1.855s] -- Up-to-date: /home/amin/cobot/cobot_ws/install/mycobot_interfaces/share/mycobot_interfaces/msg/MycobotSetCoords.msg
[1.855s] -- Up-to-date: /home/amin/cobot/cobot_ws/install/mycobot_interfaces/share/mycobot_interfaces/msg/MycobotGripperStatus.msg
[1.855s] -- Up-to-date: /home/amin/cobot/cobot_ws/install/mycobot_interfaces/share/mycobot_interfaces/msg/MycobotPumpStatus.msg
[1.855s] -- Up-to-date: /home/amin/cobot/cobot_ws/install/mycobot_interfaces/share/mycobot_interfaces/srv/GetAngles.srv
[1.855s] -- Up-to-date: /home/amin/cobot/cobot_ws/install/mycobot_interfaces/share/mycobot_interfaces/srv/SetAngles.srv
[1.855s] -- Up-to-date: /home/amin/cobot/cobot_ws/install/mycobot_interfaces/share/mycobot_interfaces/srv/GetCoords.srv
[1.855s] -- Up-to-date: /home/amin/cobot/cobot_ws/install/mycobot_interfaces/share/mycobot_interfaces/srv/SetCoords.srv
[1.855s] -- Up-to-date: /home/amin/cobot/cobot_ws/install/mycobot_interfaces/share/mycobot_interfaces/srv/GripperStatus.srv
[1.856s] -- Up-to-date: /home/amin/cobot/cobot_ws/install/mycobot_interfaces/share/mycobot_interfaces/srv/PumpStatus.srv
[1.856s] -- Up-to-date: /home/amin/cobot/cobot_ws/install/mycobot_interfaces/share/ament_index/resource_index/package_run_dependencies/mycobot_interfaces
[1.856s] -- Up-to-date: /home/amin/cobot/cobot_ws/install/mycobot_interfaces/share/ament_index/resource_index/parent_prefix_path/mycobot_interfaces
[1.856s] -- Up-to-date: /home/amin/cobot/cobot_ws/install/mycobot_interfaces/share/mycobot_interfaces/environment/ament_prefix_path.sh
[1.857s] -- Up-to-date: /home/amin/cobot/cobot_ws/install/mycobot_interfaces/share/mycobot_interfaces/environment/ament_prefix_path.dsv
[1.857s] -- Up-to-date: /home/amin/cobot/cobot_ws/install/mycobot_interfaces/share/mycobot_interfaces/environment/path.sh
[1.857s] -- Up-to-date: /home/amin/cobot/cobot_ws/install/mycobot_interfaces/share/mycobot_interfaces/environment/path.dsv
[1.857s] -- Up-to-date: /home/amin/cobot/cobot_ws/install/mycobot_interfaces/share/mycobot_interfaces/local_setup.bash
[1.857s] -- Up-to-date: /home/amin/cobot/cobot_ws/install/mycobot_interfaces/share/mycobot_interfaces/local_setup.sh
[1.857s] -- Up-to-date: /home/amin/cobot/cobot_ws/install/mycobot_interfaces/share/mycobot_interfaces/local_setup.zsh
[1.857s] -- Up-to-date: /home/amin/cobot/cobot_ws/install/mycobot_interfaces/share/mycobot_interfaces/local_setup.dsv
[1.857s] -- Installing: /home/amin/cobot/cobot_ws/install/mycobot_interfaces/share/mycobot_interfaces/package.dsv
[1.857s] -- Up-to-date: /home/amin/cobot/cobot_ws/install/mycobot_interfaces/share/ament_index/resource_index/packages/mycobot_interfaces
[1.857s] -- Up-to-date: /home/amin/cobot/cobot_ws/install/mycobot_interfaces/share/mycobot_interfaces/cmake/export_mycobot_interfaces__rosidl_generator_cExport.cmake
[1.857s] -- Up-to-date: /home/amin/cobot/cobot_ws/install/mycobot_interfaces/share/mycobot_interfaces/cmake/export_mycobot_interfaces__rosidl_generator_cExport-noconfig.cmake
[1.858s] -- Up-to-date: /home/amin/cobot/cobot_ws/install/mycobot_interfaces/share/mycobot_interfaces/cmake/export_mycobot_interfaces__rosidl_typesupport_fastrtps_cExport.cmake
[1.858s] -- Up-to-date: /home/amin/cobot/cobot_ws/install/mycobot_interfaces/share/mycobot_interfaces/cmake/export_mycobot_interfaces__rosidl_typesupport_fastrtps_cExport-noconfig.cmake
[1.859s] -- Up-to-date: /home/amin/cobot/cobot_ws/install/mycobot_interfaces/share/mycobot_interfaces/cmake/mycobot_interfaces__rosidl_typesupport_introspection_cExport.cmake
[1.859s] -- Up-to-date: /home/amin/cobot/cobot_ws/install/mycobot_interfaces/share/mycobot_interfaces/cmake/mycobot_interfaces__rosidl_typesupport_introspection_cExport-noconfig.cmake
[1.860s] -- Up-to-date: /home/amin/cobot/cobot_ws/install/mycobot_interfaces/share/mycobot_interfaces/cmake/mycobot_interfaces__rosidl_typesupport_cExport.cmake
[1.860s] -- Up-to-date: /home/amin/cobot/cobot_ws/install/mycobot_interfaces/share/mycobot_interfaces/cmake/mycobot_interfaces__rosidl_typesupport_cExport-noconfig.cmake
[1.860s] -- Up-to-date: /home/amin/cobot/cobot_ws/install/mycobot_interfaces/share/mycobot_interfaces/cmake/export_mycobot_interfaces__rosidl_generator_cppExport.cmake
[1.860s] -- Up-to-date: /home/amin/cobot/cobot_ws/install/mycobot_interfaces/share/mycobot_interfaces/cmake/export_mycobot_interfaces__rosidl_typesupport_fastrtps_cppExport.cmake
[1.860s] -- Up-to-date: /home/amin/cobot/cobot_ws/install/mycobot_interfaces/share/mycobot_interfaces/cmake/export_mycobot_interfaces__rosidl_typesupport_fastrtps_cppExport-noconfig.cmake
[1.860s] -- Up-to-date: /home/amin/cobot/cobot_ws/install/mycobot_interfaces/share/mycobot_interfaces/cmake/mycobot_interfaces__rosidl_typesupport_introspection_cppExport.cmake
[1.860s] -- Up-to-date: /home/amin/cobot/cobot_ws/install/mycobot_interfaces/share/mycobot_interfaces/cmake/mycobot_interfaces__rosidl_typesupport_introspection_cppExport-noconfig.cmake
[1.860s] -- Up-to-date: /home/amin/cobot/cobot_ws/install/mycobot_interfaces/share/mycobot_interfaces/cmake/mycobot_interfaces__rosidl_typesupport_cppExport.cmake
[1.861s] -- Up-to-date: /home/amin/cobot/cobot_ws/install/mycobot_interfaces/share/mycobot_interfaces/cmake/mycobot_interfaces__rosidl_typesupport_cppExport-noconfig.cmake
[1.861s] -- Up-to-date: /home/amin/cobot/cobot_ws/install/mycobot_interfaces/share/mycobot_interfaces/cmake/export_mycobot_interfaces__rosidl_generator_pyExport.cmake
[1.861s] -- Up-to-date: /home/amin/cobot/cobot_ws/install/mycobot_interfaces/share/mycobot_interfaces/cmake/export_mycobot_interfaces__rosidl_generator_pyExport-noconfig.cmake
[1.862s] -- Up-to-date: /home/amin/cobot/cobot_ws/install/mycobot_interfaces/share/mycobot_interfaces/cmake/rosidl_cmake-extras.cmake
[1.862s] -- Up-to-date: /home/amin/cobot/cobot_ws/install/mycobot_interfaces/share/mycobot_interfaces/cmake/ament_cmake_export_dependencies-extras.cmake
[1.862s] -- Up-to-date: /home/amin/cobot/cobot_ws/install/mycobot_interfaces/share/mycobot_interfaces/cmake/ament_cmake_export_include_directories-extras.cmake
[1.862s] -- Up-to-date: /home/amin/cobot/cobot_ws/install/mycobot_interfaces/share/mycobot_interfaces/cmake/ament_cmake_export_libraries-extras.cmake
[1.862s] -- Up-to-date: /home/amin/cobot/cobot_ws/install/mycobot_interfaces/share/mycobot_interfaces/cmake/ament_cmake_export_targets-extras.cmake
[1.862s] -- Up-to-date: /home/amin/cobot/cobot_ws/install/mycobot_interfaces/share/mycobot_interfaces/cmake/rosidl_cmake_export_typesupport_targets-extras.cmake
[1.863s] -- Up-to-date: /home/amin/cobot/cobot_ws/install/mycobot_interfaces/share/mycobot_interfaces/cmake/rosidl_cmake_export_typesupport_libraries-extras.cmake
[1.863s] -- Up-to-date: /home/amin/cobot/cobot_ws/install/mycobot_interfaces/share/mycobot_interfaces/cmake/mycobot_interfacesConfig.cmake
[1.863s] -- Up-to-date: /home/amin/cobot/cobot_ws/install/mycobot_interfaces/share/mycobot_interfaces/cmake/mycobot_interfacesConfig-version.cmake
[1.863s] -- Up-to-date: /home/amin/cobot/cobot_ws/install/mycobot_interfaces/share/mycobot_interfaces/package.xml
[1.863s] Invoked command in '/home/amin/cobot/cobot_ws/build/mycobot_interfaces' returned '0': CMAKE_PREFIX_PATH=${CMAKE_PREFIX_PATH}:/home/amin/cobot/cobot_ws/install/ultraarm:/home/amin/cobot/cobot_ws/install/pro450_moveit2_control:/home/amin/cobot/cobot_ws/install/mypalletizer_communication:/home/amin/cobot/cobot_ws/install/mypalletizer_260_pi:/home/amin/cobot/cobot_ws/install/mypalletizer_260:/home/amin/cobot/cobot_ws/install/mycobot_pro_450:/home/amin/cobot/cobot_ws/install/myarm_m750:/home/amin/cobot/cobot_ws/install/myarm_c650:/home/amin/cobot/cobot_ws/install/mycobot_communication:/home/amin/cobot/cobot_ws/install/mecharm_communication:/home/amin/cobot/cobot_ws/install/mycobot_630:/home/amin/cobot/cobot_ws/install/mycobot_600:/home/amin/cobot/cobot_ws/install/mycobot_320pi:/home/amin/cobot/cobot_ws/install/mycobot_320_riscv:/home/amin/cobot/cobot_ws/install/mycobot_320:/home/amin/cobot/cobot_ws/install/mycobot_280pi:/home/amin/cobot/cobot_ws/install/mycobot_280jn:/home/amin/cobot/cobot_ws/install/mycobot_280_x3pi:/home/amin/cobot/cobot_ws/install/mycobot_280_riscv:/home/amin/cobot/cobot_ws/install/mycobot_280_rdkx5:/home/amin/cobot/cobot_ws/install/mycobot_280_moveit2_control:/home/amin/cobot/cobot_ws/install/mycobot_280_arduino:/home/amin/cobot/cobot_ws/install/mycobot_280:/home/amin/cobot/cobot_ws/install/mybuddy:/home/amin/cobot/cobot_ws/install/myarm_300:/home/amin/cobot/cobot_ws/install/mecharm_pi:/home/amin/cobot/cobot_ws/install/mecharm:/home/amin/cobot/cobot_ws/install/mycobot_description:/opt/ros/jazzy DEBUGINFOD_URLS=https://debuginfod.ubuntu.com /usr/bin/cmake --install /home/amin/cobot/cobot_ws/build/mycobot_interfaces
