[9.702s] Invoking command in '/home/amin/cobot/cobot_ws/src/mycobot_ros2/mycobot_280/mycobot_280_x3pi': AMENT_PREFIX_PATH=/home/amin/cobot/cobot_ws/install/mycobot_description:${AMENT_PREFIX_PATH} DEBUGINFOD_URLS=https://debuginfod.ubuntu.com PYTHONPATH=/home/amin/cobot/cobot_ws/build/mycobot_280_x3pi/prefix_override:/usr/lib/python3/dist-packages/colcon_core/task/python/colcon_distutils_commands:/home/amin/cobot/cobot_ws/install/mycobot_280_x3pi/lib/python3.12/site-packages:/home/amin/cobot/cobot_ws/install/mycobot_description/lib/python3.12/site-packages:${PYTHONPATH} /usr/bin/python3 -W ignore:setup.py install is deprecated -W ignore:easy_install command is deprecated setup.py egg_info --egg-base ../../../../build/mycobot_280_x3pi build --build-base /home/amin/cobot/cobot_ws/build/mycobot_280_x3pi/build install --record /home/amin/cobot/cobot_ws/build/mycobot_280_x3pi/install.log --single-version-externally-managed install_data
[10.633s] running egg_info
[10.633s] creating ../../../../build/mycobot_280_x3pi/mycobot_280_x3pi.egg-info
[10.690s] writing ../../../../build/mycobot_280_x3pi/mycobot_280_x3pi.egg-info/PKG-INFO
[10.690s] writing dependency_links to ../../../../build/mycobot_280_x3pi/mycobot_280_x3pi.egg-info/dependency_links.txt
[10.691s] writing entry points to ../../../../build/mycobot_280_x3pi/mycobot_280_x3pi.egg-info/entry_points.txt
[10.691s] writing requirements to ../../../../build/mycobot_280_x3pi/mycobot_280_x3pi.egg-info/requires.txt
[10.691s] writing top-level names to ../../../../build/mycobot_280_x3pi/mycobot_280_x3pi.egg-info/top_level.txt
[10.691s] writing manifest file '../../../../build/mycobot_280_x3pi/mycobot_280_x3pi.egg-info/SOURCES.txt'
[10.770s] reading manifest file '../../../../build/mycobot_280_x3pi/mycobot_280_x3pi.egg-info/SOURCES.txt'
[10.770s] adding license file 'LICENSE'
[10.772s] writing manifest file '../../../../build/mycobot_280_x3pi/mycobot_280_x3pi.egg-info/SOURCES.txt'
[10.773s] running build
[10.773s] running build_py
[10.773s] creating /home/amin/cobot/cobot_ws/build/mycobot_280_x3pi/build
[10.773s] creating /home/amin/cobot/cobot_ws/build/mycobot_280_x3pi/build/lib
[10.773s] creating /home/amin/cobot/cobot_ws/build/mycobot_280_x3pi/build/lib/mycobot_280_x3pi
[10.773s] copying mycobot_280_x3pi/opencv_camera.py -> /home/amin/cobot/cobot_ws/build/mycobot_280_x3pi/build/lib/mycobot_280_x3pi
[10.774s] copying mycobot_280_x3pi/camera_display.py -> /home/amin/cobot/cobot_ws/build/mycobot_280_x3pi/build/lib/mycobot_280_x3pi
[10.774s] copying mycobot_280_x3pi/listen_real.py -> /home/amin/cobot/cobot_ws/build/mycobot_280_x3pi/build/lib/mycobot_280_x3pi
[10.777s] copying mycobot_280_x3pi/listen_real_of_topic.py -> /home/amin/cobot/cobot_ws/build/mycobot_280_x3pi/build/lib/mycobot_280_x3pi
[10.777s] copying mycobot_280_x3pi/slider_control.py -> /home/amin/cobot/cobot_ws/build/mycobot_280_x3pi/build/lib/mycobot_280_x3pi
[10.779s] copying mycobot_280_x3pi/teleop_keyboard.py -> /home/amin/cobot/cobot_ws/build/mycobot_280_x3pi/build/lib/mycobot_280_x3pi
[10.779s] copying mycobot_280_x3pi/__init__.py -> /home/amin/cobot/cobot_ws/build/mycobot_280_x3pi/build/lib/mycobot_280_x3pi
[10.780s] copying mycobot_280_x3pi/follow_display.py -> /home/amin/cobot/cobot_ws/build/mycobot_280_x3pi/build/lib/mycobot_280_x3pi
[10.781s] copying mycobot_280_x3pi/simple_gui.py -> /home/amin/cobot/cobot_ws/build/mycobot_280_x3pi/build/lib/mycobot_280_x3pi
[10.782s] running install
[10.787s] running install_lib
[10.827s] creating /home/amin/cobot/cobot_ws/install/mycobot_280_x3pi/lib/python3.12/site-packages/mycobot_280_x3pi
[10.827s] copying /home/amin/cobot/cobot_ws/build/mycobot_280_x3pi/build/lib/mycobot_280_x3pi/opencv_camera.py -> /home/amin/cobot/cobot_ws/install/mycobot_280_x3pi/lib/python3.12/site-packages/mycobot_280_x3pi
[10.828s] copying /home/amin/cobot/cobot_ws/build/mycobot_280_x3pi/build/lib/mycobot_280_x3pi/camera_display.py -> /home/amin/cobot/cobot_ws/install/mycobot_280_x3pi/lib/python3.12/site-packages/mycobot_280_x3pi
[10.828s] copying /home/amin/cobot/cobot_ws/build/mycobot_280_x3pi/build/lib/mycobot_280_x3pi/listen_real.py -> /home/amin/cobot/cobot_ws/install/mycobot_280_x3pi/lib/python3.12/site-packages/mycobot_280_x3pi
[10.829s] copying /home/amin/cobot/cobot_ws/build/mycobot_280_x3pi/build/lib/mycobot_280_x3pi/listen_real_of_topic.py -> /home/amin/cobot/cobot_ws/install/mycobot_280_x3pi/lib/python3.12/site-packages/mycobot_280_x3pi
[10.830s] copying /home/amin/cobot/cobot_ws/build/mycobot_280_x3pi/build/lib/mycobot_280_x3pi/slider_control.py -> /home/amin/cobot/cobot_ws/install/mycobot_280_x3pi/lib/python3.12/site-packages/mycobot_280_x3pi
[10.830s] copying /home/amin/cobot/cobot_ws/build/mycobot_280_x3pi/build/lib/mycobot_280_x3pi/teleop_keyboard.py -> /home/amin/cobot/cobot_ws/install/mycobot_280_x3pi/lib/python3.12/site-packages/mycobot_280_x3pi
[10.830s] copying /home/amin/cobot/cobot_ws/build/mycobot_280_x3pi/build/lib/mycobot_280_x3pi/__init__.py -> /home/amin/cobot/cobot_ws/install/mycobot_280_x3pi/lib/python3.12/site-packages/mycobot_280_x3pi
[10.831s] copying /home/amin/cobot/cobot_ws/build/mycobot_280_x3pi/build/lib/mycobot_280_x3pi/follow_display.py -> /home/amin/cobot/cobot_ws/install/mycobot_280_x3pi/lib/python3.12/site-packages/mycobot_280_x3pi
[10.831s] copying /home/amin/cobot/cobot_ws/build/mycobot_280_x3pi/build/lib/mycobot_280_x3pi/simple_gui.py -> /home/amin/cobot/cobot_ws/install/mycobot_280_x3pi/lib/python3.12/site-packages/mycobot_280_x3pi
[10.832s] byte-compiling /home/amin/cobot/cobot_ws/install/mycobot_280_x3pi/lib/python3.12/site-packages/mycobot_280_x3pi/opencv_camera.py to opencv_camera.cpython-312.pyc
[10.834s] byte-compiling /home/amin/cobot/cobot_ws/install/mycobot_280_x3pi/lib/python3.12/site-packages/mycobot_280_x3pi/camera_display.py to camera_display.cpython-312.pyc
[10.835s] byte-compiling /home/amin/cobot/cobot_ws/install/mycobot_280_x3pi/lib/python3.12/site-packages/mycobot_280_x3pi/listen_real.py to listen_real.cpython-312.pyc
[10.837s] byte-compiling /home/amin/cobot/cobot_ws/install/mycobot_280_x3pi/lib/python3.12/site-packages/mycobot_280_x3pi/listen_real_of_topic.py to listen_real_of_topic.cpython-312.pyc
[10.838s] byte-compiling /home/amin/cobot/cobot_ws/install/mycobot_280_x3pi/lib/python3.12/site-packages/mycobot_280_x3pi/slider_control.py to slider_control.cpython-312.pyc
[10.839s] byte-compiling /home/amin/cobot/cobot_ws/install/mycobot_280_x3pi/lib/python3.12/site-packages/mycobot_280_x3pi/teleop_keyboard.py to teleop_keyboard.cpython-312.pyc
[10.843s] byte-compiling /home/amin/cobot/cobot_ws/install/mycobot_280_x3pi/lib/python3.12/site-packages/mycobot_280_x3pi/__init__.py to __init__.cpython-312.pyc
[10.844s] byte-compiling /home/amin/cobot/cobot_ws/install/mycobot_280_x3pi/lib/python3.12/site-packages/mycobot_280_x3pi/follow_display.py to follow_display.cpython-312.pyc
[10.847s] byte-compiling /home/amin/cobot/cobot_ws/install/mycobot_280_x3pi/lib/python3.12/site-packages/mycobot_280_x3pi/simple_gui.py to simple_gui.cpython-312.pyc
[10.854s] running install_data
[10.855s] creating /home/amin/cobot/cobot_ws/install/mycobot_280_x3pi/share/ament_index
[10.855s] creating /home/amin/cobot/cobot_ws/install/mycobot_280_x3pi/share/ament_index/resource_index
[10.856s] creating /home/amin/cobot/cobot_ws/install/mycobot_280_x3pi/share/ament_index/resource_index/packages
[10.856s] copying resource/mycobot_280_x3pi -> /home/amin/cobot/cobot_ws/install/mycobot_280_x3pi/share/ament_index/resource_index/packages
[10.856s] copying package.xml -> /home/amin/cobot/cobot_ws/install/mycobot_280_x3pi/share/mycobot_280_x3pi
[10.857s] creating /home/amin/cobot/cobot_ws/install/mycobot_280_x3pi/share/mycobot_280_x3pi/launch
[10.857s] copying launch/mycobot_follow.launch.py -> /home/amin/cobot/cobot_ws/install/mycobot_280_x3pi/share/mycobot_280_x3pi/launch
[10.858s] copying launch/teleop_keyboard.launch.py -> /home/amin/cobot/cobot_ws/install/mycobot_280_x3pi/share/mycobot_280_x3pi/launch
[10.858s] copying launch/simple_gui.launch.py -> /home/amin/cobot/cobot_ws/install/mycobot_280_x3pi/share/mycobot_280_x3pi/launch
[10.858s] copying launch/test.launch.py -> /home/amin/cobot/cobot_ws/install/mycobot_280_x3pi/share/mycobot_280_x3pi/launch
[10.859s] copying launch/slider_control.launch.py -> /home/amin/cobot/cobot_ws/install/mycobot_280_x3pi/share/mycobot_280_x3pi/launch
[10.859s] creating /home/amin/cobot/cobot_ws/install/mycobot_280_x3pi/share/mycobot_280_x3pi/config
[10.860s] copying config/mycobot_with_marker.rviz -> /home/amin/cobot/cobot_ws/install/mycobot_280_x3pi/share/mycobot_280_x3pi/config
[10.860s] copying config/mycobot_x3pi.rviz -> /home/amin/cobot/cobot_ws/install/mycobot_280_x3pi/share/mycobot_280_x3pi/config
[10.864s] running install_egg_info
[10.913s] Copying ../../../../build/mycobot_280_x3pi/mycobot_280_x3pi.egg-info to /home/amin/cobot/cobot_ws/install/mycobot_280_x3pi/lib/python3.12/site-packages/mycobot_280_x3pi-0.0.0-py3.12.egg-info
[10.914s] running install_scripts
[11.206s] Installing camera_display script to /home/amin/cobot/cobot_ws/install/mycobot_280_x3pi/lib/mycobot_280_x3pi
[11.206s] Installing follow_display script to /home/amin/cobot/cobot_ws/install/mycobot_280_x3pi/lib/mycobot_280_x3pi
[11.206s] Installing listen_real script to /home/amin/cobot/cobot_ws/install/mycobot_280_x3pi/lib/mycobot_280_x3pi
[11.206s] Installing listen_real_of_topic script to /home/amin/cobot/cobot_ws/install/mycobot_280_x3pi/lib/mycobot_280_x3pi
[11.207s] Installing opencv_camera script to /home/amin/cobot/cobot_ws/install/mycobot_280_x3pi/lib/mycobot_280_x3pi
[11.207s] Installing simple_gui script to /home/amin/cobot/cobot_ws/install/mycobot_280_x3pi/lib/mycobot_280_x3pi
[11.207s] Installing slider_control script to /home/amin/cobot/cobot_ws/install/mycobot_280_x3pi/lib/mycobot_280_x3pi
[11.208s] Installing teleop_keyboard script to /home/amin/cobot/cobot_ws/install/mycobot_280_x3pi/lib/mycobot_280_x3pi
[11.210s] writing list of installed files to '/home/amin/cobot/cobot_ws/build/mycobot_280_x3pi/install.log'
[11.272s] Invoked command in '/home/amin/cobot/cobot_ws/src/mycobot_ros2/mycobot_280/mycobot_280_x3pi' returned '0': AMENT_PREFIX_PATH=/home/amin/cobot/cobot_ws/install/mycobot_description:${AMENT_PREFIX_PATH} DEBUGINFOD_URLS=https://debuginfod.ubuntu.com PYTHONPATH=/home/amin/cobot/cobot_ws/build/mycobot_280_x3pi/prefix_override:/usr/lib/python3/dist-packages/colcon_core/task/python/colcon_distutils_commands:/home/amin/cobot/cobot_ws/install/mycobot_280_x3pi/lib/python3.12/site-packages:/home/amin/cobot/cobot_ws/install/mycobot_description/lib/python3.12/site-packages:${PYTHONPATH} /usr/bin/python3 -W ignore:setup.py install is deprecated -W ignore:easy_install command is deprecated setup.py egg_info --egg-base ../../../../build/mycobot_280_x3pi build --build-base /home/amin/cobot/cobot_ws/build/mycobot_280_x3pi/build install --record /home/amin/cobot/cobot_ws/build/mycobot_280_x3pi/install.log --single-version-externally-managed install_data
