/home/amin/cobot/cobot_ws/install/mycobot_280_arduino/lib/python3.12/site-packages/mycobot_280_arduino/opencv_camera.py
/home/amin/cobot/cobot_ws/install/mycobot_280_arduino/lib/python3.12/site-packages/mycobot_280_arduino/camera_display.py
/home/amin/cobot/cobot_ws/install/mycobot_280_arduino/lib/python3.12/site-packages/mycobot_280_arduino/listen_real.py
/home/amin/cobot/cobot_ws/install/mycobot_280_arduino/lib/python3.12/site-packages/mycobot_280_arduino/listen_real_of_topic.py
/home/amin/cobot/cobot_ws/install/mycobot_280_arduino/lib/python3.12/site-packages/mycobot_280_arduino/listen_real_service.py
/home/amin/cobot/cobot_ws/install/mycobot_280_arduino/lib/python3.12/site-packages/mycobot_280_arduino/slider_control.py
/home/amin/cobot/cobot_ws/install/mycobot_280_arduino/lib/python3.12/site-packages/mycobot_280_arduino/teleop_keyboard.py
/home/amin/cobot/cobot_ws/install/mycobot_280_arduino/lib/python3.12/site-packages/mycobot_280_arduino/__init__.py
/home/amin/cobot/cobot_ws/install/mycobot_280_arduino/lib/python3.12/site-packages/mycobot_280_arduino/slider_control_adaptive_gripper.py
/home/amin/cobot/cobot_ws/install/mycobot_280_arduino/lib/python3.12/site-packages/mycobot_280_arduino/follow_display.py
/home/amin/cobot/cobot_ws/install/mycobot_280_arduino/lib/python3.12/site-packages/mycobot_280_arduino/simple_gui.py
/home/amin/cobot/cobot_ws/install/mycobot_280_arduino/lib/python3.12/site-packages/mycobot_280_arduino/__pycache__/opencv_camera.cpython-312.pyc
/home/amin/cobot/cobot_ws/install/mycobot_280_arduino/lib/python3.12/site-packages/mycobot_280_arduino/__pycache__/camera_display.cpython-312.pyc
/home/amin/cobot/cobot_ws/install/mycobot_280_arduino/lib/python3.12/site-packages/mycobot_280_arduino/__pycache__/listen_real.cpython-312.pyc
/home/amin/cobot/cobot_ws/install/mycobot_280_arduino/lib/python3.12/site-packages/mycobot_280_arduino/__pycache__/listen_real_of_topic.cpython-312.pyc
/home/amin/cobot/cobot_ws/install/mycobot_280_arduino/lib/python3.12/site-packages/mycobot_280_arduino/__pycache__/listen_real_service.cpython-312.pyc
/home/amin/cobot/cobot_ws/install/mycobot_280_arduino/lib/python3.12/site-packages/mycobot_280_arduino/__pycache__/slider_control.cpython-312.pyc
/home/amin/cobot/cobot_ws/install/mycobot_280_arduino/lib/python3.12/site-packages/mycobot_280_arduino/__pycache__/teleop_keyboard.cpython-312.pyc
/home/amin/cobot/cobot_ws/install/mycobot_280_arduino/lib/python3.12/site-packages/mycobot_280_arduino/__pycache__/__init__.cpython-312.pyc
/home/amin/cobot/cobot_ws/install/mycobot_280_arduino/lib/python3.12/site-packages/mycobot_280_arduino/__pycache__/slider_control_adaptive_gripper.cpython-312.pyc
/home/amin/cobot/cobot_ws/install/mycobot_280_arduino/lib/python3.12/site-packages/mycobot_280_arduino/__pycache__/follow_display.cpython-312.pyc
/home/amin/cobot/cobot_ws/install/mycobot_280_arduino/lib/python3.12/site-packages/mycobot_280_arduino/__pycache__/simple_gui.cpython-312.pyc
/home/amin/cobot/cobot_ws/install/mycobot_280_arduino/share/ament_index/resource_index/packages/mycobot_280_arduino
/home/amin/cobot/cobot_ws/install/mycobot_280_arduino/share/mycobot_280_arduino/package.xml
/home/amin/cobot/cobot_ws/install/mycobot_280_arduino/share/mycobot_280_arduino/launch/mycobot_follow.launch.py
/home/amin/cobot/cobot_ws/install/mycobot_280_arduino/share/mycobot_280_arduino/launch/teleop_keyboard.launch.py
/home/amin/cobot/cobot_ws/install/mycobot_280_arduino/share/mycobot_280_arduino/launch/simple_gui.launch.py
/home/amin/cobot/cobot_ws/install/mycobot_280_arduino/share/mycobot_280_arduino/launch/slider_control_adaptive_gripper.launch.py
/home/amin/cobot/cobot_ws/install/mycobot_280_arduino/share/mycobot_280_arduino/launch/test.launch.py
/home/amin/cobot/cobot_ws/install/mycobot_280_arduino/share/mycobot_280_arduino/launch/test_gripper.launch.py
/home/amin/cobot/cobot_ws/install/mycobot_280_arduino/share/mycobot_280_arduino/launch/slider_control.launch.py
/home/amin/cobot/cobot_ws/install/mycobot_280_arduino/share/mycobot_280_arduino/config/mycobot_ar.rviz
/home/amin/cobot/cobot_ws/install/mycobot_280_arduino/lib/python3.12/site-packages/mycobot_280_arduino-0.0.0-py3.12.egg-info/SOURCES.txt
/home/amin/cobot/cobot_ws/install/mycobot_280_arduino/lib/python3.12/site-packages/mycobot_280_arduino-0.0.0-py3.12.egg-info/entry_points.txt
/home/amin/cobot/cobot_ws/install/mycobot_280_arduino/lib/python3.12/site-packages/mycobot_280_arduino-0.0.0-py3.12.egg-info/requires.txt
/home/amin/cobot/cobot_ws/install/mycobot_280_arduino/lib/python3.12/site-packages/mycobot_280_arduino-0.0.0-py3.12.egg-info/PKG-INFO
/home/amin/cobot/cobot_ws/install/mycobot_280_arduino/lib/python3.12/site-packages/mycobot_280_arduino-0.0.0-py3.12.egg-info/zip-safe
/home/amin/cobot/cobot_ws/install/mycobot_280_arduino/lib/python3.12/site-packages/mycobot_280_arduino-0.0.0-py3.12.egg-info/top_level.txt
/home/amin/cobot/cobot_ws/install/mycobot_280_arduino/lib/python3.12/site-packages/mycobot_280_arduino-0.0.0-py3.12.egg-info/dependency_links.txt
/home/amin/cobot/cobot_ws/install/mycobot_280_arduino/lib/mycobot_280_arduino/camera_display
/home/amin/cobot/cobot_ws/install/mycobot_280_arduino/lib/mycobot_280_arduino/detect_marker
/home/amin/cobot/cobot_ws/install/mycobot_280_arduino/lib/mycobot_280_arduino/follow_display
/home/amin/cobot/cobot_ws/install/mycobot_280_arduino/lib/mycobot_280_arduino/following_marker
/home/amin/cobot/cobot_ws/install/mycobot_280_arduino/lib/mycobot_280_arduino/listen_real
/home/amin/cobot/cobot_ws/install/mycobot_280_arduino/lib/mycobot_280_arduino/listen_real_of_topic
/home/amin/cobot/cobot_ws/install/mycobot_280_arduino/lib/mycobot_280_arduino/listen_real_service
/home/amin/cobot/cobot_ws/install/mycobot_280_arduino/lib/mycobot_280_arduino/opencv_camera
/home/amin/cobot/cobot_ws/install/mycobot_280_arduino/lib/mycobot_280_arduino/simple_gui
/home/amin/cobot/cobot_ws/install/mycobot_280_arduino/lib/mycobot_280_arduino/slider_control
/home/amin/cobot/cobot_ws/install/mycobot_280_arduino/lib/mycobot_280_arduino/slider_control_adaptive_gripper
/home/amin/cobot/cobot_ws/install/mycobot_280_arduino/lib/mycobot_280_arduino/teleop_keyboard
