[0.041s] Invoking command in '/home/amin/cobot/cobot_ws/build/mycobot_280arduino_moveit2': AMENT_PREFIX_PATH=/home/amin/cobot/cobot_ws/install/mycobot_description:${AMENT_PREFIX_PATH} CMAKE_PREFIX_PATH=${CMAKE_PREFIX_PATH}:/opt/ros/jazzy DEBUGINFOD_URLS=https://debuginfod.ubuntu.com PYTHONPATH=/home/amin/cobot/cobot_ws/install/mycobot_description/lib/python3.12/site-packages:${PYTHONPATH} /usr/bin/cmake /home/amin/cobot/cobot_ws/src/mycobot_ros2/mycobot_280/mycobot_280arduino_moveit2 -DCMAKE_INSTALL_PREFIX=/home/amin/cobot/cobot_ws/install/mycobot_280arduino_moveit2
[0.279s] -- The C compiler identification is GNU 13.3.0
[0.609s] -- The CXX compiler identification is GNU 13.3.0
[0.676s] -- Detecting C compiler ABI info
[1.216s] -- Detecting C compiler ABI info - done
[1.258s] -- Check for working C compiler: /usr/bin/cc - skipped
[1.260s] -- Detecting C compile features
[1.265s] -- Detecting C compile features - done
[1.302s] -- Detecting CXX compiler ABI info
[1.797s] -- Detecting CXX compiler ABI info - done
[1.863s] -- Check for working CXX compiler: /usr/bin/c++ - skipped
[1.863s] -- Detecting CXX compile features
[1.873s] -- Detecting CXX compile features - done
[1.892s] -- Found ament_cmake: 2.5.4 (/opt/ros/jazzy/share/ament_cmake/cmake)
[2.643s] -- Found Python3: /usr/bin/python3 (found version "3.12.3") found components: Interpreter 
[3.159s] -- Configuring done (3.1s)
[3.166s] -- Generating done (0.0s)
[3.172s] -- Build files have been written to: /home/amin/cobot/cobot_ws/build/mycobot_280arduino_moveit2
[3.191s] Invoked command in '/home/amin/cobot/cobot_ws/build/mycobot_280arduino_moveit2' returned '0': AMENT_PREFIX_PATH=/home/amin/cobot/cobot_ws/install/mycobot_description:${AMENT_PREFIX_PATH} CMAKE_PREFIX_PATH=${CMAKE_PREFIX_PATH}:/opt/ros/jazzy DEBUGINFOD_URLS=https://debuginfod.ubuntu.com PYTHONPATH=/home/amin/cobot/cobot_ws/install/mycobot_description/lib/python3.12/site-packages:${PYTHONPATH} /usr/bin/cmake /home/amin/cobot/cobot_ws/src/mycobot_ros2/mycobot_280/mycobot_280arduino_moveit2 -DCMAKE_INSTALL_PREFIX=/home/amin/cobot/cobot_ws/install/mycobot_280arduino_moveit2
[3.191s] Invoking command in '/home/amin/cobot/cobot_ws/build/mycobot_280arduino_moveit2': AMENT_PREFIX_PATH=/home/amin/cobot/cobot_ws/install/mycobot_description:${AMENT_PREFIX_PATH} CMAKE_PREFIX_PATH=${CMAKE_PREFIX_PATH}:/opt/ros/jazzy DEBUGINFOD_URLS=https://debuginfod.ubuntu.com PYTHONPATH=/home/amin/cobot/cobot_ws/install/mycobot_description/lib/python3.12/site-packages:${PYTHONPATH} /usr/bin/cmake --build /home/amin/cobot/cobot_ws/build/mycobot_280arduino_moveit2 -- -j8 -l8
[4.239s] Invoked command in '/home/amin/cobot/cobot_ws/build/mycobot_280arduino_moveit2' returned '0': AMENT_PREFIX_PATH=/home/amin/cobot/cobot_ws/install/mycobot_description:${AMENT_PREFIX_PATH} CMAKE_PREFIX_PATH=${CMAKE_PREFIX_PATH}:/opt/ros/jazzy DEBUGINFOD_URLS=https://debuginfod.ubuntu.com PYTHONPATH=/home/amin/cobot/cobot_ws/install/mycobot_description/lib/python3.12/site-packages:${PYTHONPATH} /usr/bin/cmake --build /home/amin/cobot/cobot_ws/build/mycobot_280arduino_moveit2 -- -j8 -l8
[4.241s] Invoking command in '/home/amin/cobot/cobot_ws/build/mycobot_280arduino_moveit2': AMENT_PREFIX_PATH=/home/amin/cobot/cobot_ws/install/mycobot_description:${AMENT_PREFIX_PATH} CMAKE_PREFIX_PATH=${CMAKE_PREFIX_PATH}:/opt/ros/jazzy DEBUGINFOD_URLS=https://debuginfod.ubuntu.com PYTHONPATH=/home/amin/cobot/cobot_ws/install/mycobot_description/lib/python3.12/site-packages:${PYTHONPATH} /usr/bin/cmake --install /home/amin/cobot/cobot_ws/build/mycobot_280arduino_moveit2
[4.281s] -- Install configuration: ""
[4.281s] -- Installing: /home/amin/cobot/cobot_ws/install/mycobot_280arduino_moveit2/share/ament_index/resource_index/package_run_dependencies/mycobot_280arduino_moveit2
[4.282s] -- Installing: /home/amin/cobot/cobot_ws/install/mycobot_280arduino_moveit2/share/ament_index/resource_index/parent_prefix_path/mycobot_280arduino_moveit2
[4.282s] -- Installing: /home/amin/cobot/cobot_ws/install/mycobot_280arduino_moveit2/share/mycobot_280arduino_moveit2/environment/ament_prefix_path.sh
[4.282s] -- Installing: /home/amin/cobot/cobot_ws/install/mycobot_280arduino_moveit2/share/mycobot_280arduino_moveit2/environment/ament_prefix_path.dsv
[4.282s] -- Installing: /home/amin/cobot/cobot_ws/install/mycobot_280arduino_moveit2/share/mycobot_280arduino_moveit2/environment/path.sh
[4.282s] -- Installing: /home/amin/cobot/cobot_ws/install/mycobot_280arduino_moveit2/share/mycobot_280arduino_moveit2/environment/path.dsv
[4.282s] -- Installing: /home/amin/cobot/cobot_ws/install/mycobot_280arduino_moveit2/share/mycobot_280arduino_moveit2/local_setup.bash
[4.282s] -- Installing: /home/amin/cobot/cobot_ws/install/mycobot_280arduino_moveit2/share/mycobot_280arduino_moveit2/local_setup.sh
[4.282s] -- Installing: /home/amin/cobot/cobot_ws/install/mycobot_280arduino_moveit2/share/mycobot_280arduino_moveit2/local_setup.zsh
[4.283s] -- Installing: /home/amin/cobot/cobot_ws/install/mycobot_280arduino_moveit2/share/mycobot_280arduino_moveit2/local_setup.dsv
[4.283s] -- Installing: /home/amin/cobot/cobot_ws/install/mycobot_280arduino_moveit2/share/mycobot_280arduino_moveit2/package.dsv
[4.284s] -- Installing: /home/amin/cobot/cobot_ws/install/mycobot_280arduino_moveit2/share/ament_index/resource_index/packages/mycobot_280arduino_moveit2
[4.284s] -- Installing: /home/amin/cobot/cobot_ws/install/mycobot_280arduino_moveit2/share/mycobot_280arduino_moveit2/cmake/mycobot_280arduino_moveit2Config.cmake
[4.284s] -- Installing: /home/amin/cobot/cobot_ws/install/mycobot_280arduino_moveit2/share/mycobot_280arduino_moveit2/cmake/mycobot_280arduino_moveit2Config-version.cmake
[4.284s] -- Installing: /home/amin/cobot/cobot_ws/install/mycobot_280arduino_moveit2/share/mycobot_280arduino_moveit2/package.xml
[4.284s] -- Installing: /home/amin/cobot/cobot_ws/install/mycobot_280arduino_moveit2/share/mycobot_280arduino_moveit2/launch
[4.284s] -- Installing: /home/amin/cobot/cobot_ws/install/mycobot_280arduino_moveit2/share/mycobot_280arduino_moveit2/launch/warehouse_db.launch.py
[4.284s] -- Installing: /home/amin/cobot/cobot_ws/install/mycobot_280arduino_moveit2/share/mycobot_280arduino_moveit2/launch/rsp.launch.py
[4.284s] -- Installing: /home/amin/cobot/cobot_ws/install/mycobot_280arduino_moveit2/share/mycobot_280arduino_moveit2/launch/move_group.launch.py
[4.285s] -- Installing: /home/amin/cobot/cobot_ws/install/mycobot_280arduino_moveit2/share/mycobot_280arduino_moveit2/launch/setup_assistant.launch.py
[4.285s] -- Installing: /home/amin/cobot/cobot_ws/install/mycobot_280arduino_moveit2/share/mycobot_280arduino_moveit2/launch/spawn_controllers.launch.py
[4.285s] -- Installing: /home/amin/cobot/cobot_ws/install/mycobot_280arduino_moveit2/share/mycobot_280arduino_moveit2/launch/demo.launch.py
[4.285s] -- Installing: /home/amin/cobot/cobot_ws/install/mycobot_280arduino_moveit2/share/mycobot_280arduino_moveit2/launch/moveit_rviz.launch.py
[4.285s] -- Installing: /home/amin/cobot/cobot_ws/install/mycobot_280arduino_moveit2/share/mycobot_280arduino_moveit2/launch/static_virtual_joint_tfs.launch.py
[4.291s] -- Installing: /home/amin/cobot/cobot_ws/install/mycobot_280arduino_moveit2/share/mycobot_280arduino_moveit2/config
[4.292s] -- Installing: /home/amin/cobot/cobot_ws/install/mycobot_280arduino_moveit2/share/mycobot_280arduino_moveit2/config/pilz_cartesian_limits.yaml
[4.292s] -- Installing: /home/amin/cobot/cobot_ws/install/mycobot_280arduino_moveit2/share/mycobot_280arduino_moveit2/config/joint_limits.yaml
[4.292s] -- Installing: /home/amin/cobot/cobot_ws/install/mycobot_280arduino_moveit2/share/mycobot_280arduino_moveit2/config/kinematics.yaml
[4.292s] -- Installing: /home/amin/cobot/cobot_ws/install/mycobot_280arduino_moveit2/share/mycobot_280arduino_moveit2/config/moveit.rviz
[4.293s] -- Installing: /home/amin/cobot/cobot_ws/install/mycobot_280arduino_moveit2/share/mycobot_280arduino_moveit2/config/firefighter.srdf
[4.293s] -- Installing: /home/amin/cobot/cobot_ws/install/mycobot_280arduino_moveit2/share/mycobot_280arduino_moveit2/config/ros2_controllers.yaml
[4.293s] -- Installing: /home/amin/cobot/cobot_ws/install/mycobot_280arduino_moveit2/share/mycobot_280arduino_moveit2/config/firefighter.ros2_control.xacro
[4.293s] -- Installing: /home/amin/cobot/cobot_ws/install/mycobot_280arduino_moveit2/share/mycobot_280arduino_moveit2/config/moveit_controllers.yaml
[4.293s] -- Installing: /home/amin/cobot/cobot_ws/install/mycobot_280arduino_moveit2/share/mycobot_280arduino_moveit2/config/firefighter.urdf.xacro
[4.293s] -- Installing: /home/amin/cobot/cobot_ws/install/mycobot_280arduino_moveit2/share/mycobot_280arduino_moveit2/config/initial_positions.yaml
[4.294s] -- Installing: /home/amin/cobot/cobot_ws/install/mycobot_280arduino_moveit2/share/mycobot_280arduino_moveit2/.setup_assistant
[4.305s] Invoked command in '/home/amin/cobot/cobot_ws/build/mycobot_280arduino_moveit2' returned '0': AMENT_PREFIX_PATH=/home/amin/cobot/cobot_ws/install/mycobot_description:${AMENT_PREFIX_PATH} CMAKE_PREFIX_PATH=${CMAKE_PREFIX_PATH}:/opt/ros/jazzy DEBUGINFOD_URLS=https://debuginfod.ubuntu.com PYTHONPATH=/home/amin/cobot/cobot_ws/install/mycobot_description/lib/python3.12/site-packages:${PYTHONPATH} /usr/bin/cmake --install /home/amin/cobot/cobot_ws/build/mycobot_280arduino_moveit2
