running egg_info
writing ../../../../build/mecharm/mecharm.egg-info/PKG-INFO
writing dependency_links to ../../../../build/mecharm/mecharm.egg-info/dependency_links.txt
writing entry points to ../../../../build/mecharm/mecharm.egg-info/entry_points.txt
writing requirements to ../../../../build/mecharm/mecharm.egg-info/requires.txt
writing top-level names to ../../../../build/mecharm/mecharm.egg-info/top_level.txt
reading manifest file '../../../../build/mecharm/mecharm.egg-info/SOURCES.txt'
adding license file 'LICENSE'
writing manifest file '../../../../build/mecharm/mecharm.egg-info/SOURCES.txt'
running build
running build_py
running install
running install_lib
running install_data
running install_egg_info
removing '/home/amin/cobot/cobot_ws/install/mecharm/lib/python3.12/site-packages/mecharm-0.0.0-py3.12.egg-info' (and everything under it)
Copying ../../../../build/mecharm/mecharm.egg-info to /home/amin/cobot/cobot_ws/install/mecharm/lib/python3.12/site-packages/mecharm-0.0.0-py3.12.egg-info
running install_scripts
Installing follow_display script to /home/amin/cobot/cobot_ws/install/mecharm/lib/mecharm
Installing listen_real script to /home/amin/cobot/cobot_ws/install/mecharm/lib/mecharm
Installing listen_real_of_topic script to /home/amin/cobot/cobot_ws/install/mecharm/lib/mecharm
Installing listen_real_service script to /home/amin/cobot/cobot_ws/install/mecharm/lib/mecharm
Installing simple_gui script to /home/amin/cobot/cobot_ws/install/mecharm/lib/mecharm
Installing slider_control script to /home/amin/cobot/cobot_ws/install/mecharm/lib/mecharm
Installing slider_control_adaptive_gripper script to /home/amin/cobot/cobot_ws/install/mecharm/lib/mecharm
Installing teleop_keyboard script to /home/amin/cobot/cobot_ws/install/mecharm/lib/mecharm
writing list of installed files to '/home/amin/cobot/cobot_ws/build/mecharm/install.log'
