[1.741s] Invoking command in '/home/amin/cobot/cobot_ws/src/mycobot_ros2/Mybuddy/mybuddy': AMENT_PREFIX_PATH=/home/amin/cobot/cobot_ws/install/mycobot_description:${AMENT_PREFIX_PATH} DEBUGINFOD_URLS=https://debuginfod.ubuntu.com PYTHONPATH=/home/amin/cobot/cobot_ws/build/mybuddy/prefix_override:/usr/lib/python3/dist-packages/colcon_core/task/python/colcon_distutils_commands:/home/amin/cobot/cobot_ws/install/mybuddy/lib/python3.12/site-packages:/home/amin/cobot/cobot_ws/install/mycobot_description/lib/python3.12/site-packages:${PYTHONPATH} /usr/bin/python3 -W ignore:setup.py install is deprecated -W ignore:easy_install command is deprecated setup.py egg_info --egg-base ../../../../build/mybuddy build --build-base /home/amin/cobot/cobot_ws/build/mybuddy/build install --record /home/amin/cobot/cobot_ws/build/mybuddy/install.log --single-version-externally-managed install_data
[2.074s] running egg_info
[2.099s] writing ../../../../build/mybuddy/mybuddy.egg-info/PKG-INFO
[2.099s] writing dependency_links to ../../../../build/mybuddy/mybuddy.egg-info/dependency_links.txt
[2.099s] writing entry points to ../../../../build/mybuddy/mybuddy.egg-info/entry_points.txt
[2.099s] writing requirements to ../../../../build/mybuddy/mybuddy.egg-info/requires.txt
[2.099s] writing top-level names to ../../../../build/mybuddy/mybuddy.egg-info/top_level.txt
[2.151s] reading manifest file '../../../../build/mybuddy/mybuddy.egg-info/SOURCES.txt'
[2.152s] writing manifest file '../../../../build/mybuddy/mybuddy.egg-info/SOURCES.txt'
[2.152s] running build
[2.152s] running build_py
[2.153s] running install
[2.161s] running install_lib
[2.181s] running install_data
[2.181s] running install_egg_info
[2.198s] removing '/home/amin/cobot/cobot_ws/install/mybuddy/lib/python3.12/site-packages/mybuddy-0.0.0-py3.12.egg-info' (and everything under it)
[2.198s] Copying ../../../../build/mybuddy/mybuddy.egg-info to /home/amin/cobot/cobot_ws/install/mybuddy/lib/python3.12/site-packages/mybuddy-0.0.0-py3.12.egg-info
[2.199s] running install_scripts
[2.300s] Installing follow_display script to /home/amin/cobot/cobot_ws/install/mybuddy/lib/mybuddy
[2.300s] Installing listen_real script to /home/amin/cobot/cobot_ws/install/mybuddy/lib/mybuddy
[2.300s] Installing listen_real_of_topic script to /home/amin/cobot/cobot_ws/install/mybuddy/lib/mybuddy
[2.300s] Installing slider_control script to /home/amin/cobot/cobot_ws/install/mybuddy/lib/mybuddy
[2.300s] writing list of installed files to '/home/amin/cobot/cobot_ws/build/mybuddy/install.log'
[2.562s] Invoked command in '/home/amin/cobot/cobot_ws/src/mycobot_ros2/Mybuddy/mybuddy' returned '0': AMENT_PREFIX_PATH=/home/amin/cobot/cobot_ws/install/mycobot_description:${AMENT_PREFIX_PATH} DEBUGINFOD_URLS=https://debuginfod.ubuntu.com PYTHONPATH=/home/amin/cobot/cobot_ws/build/mybuddy/prefix_override:/usr/lib/python3/dist-packages/colcon_core/task/python/colcon_distutils_commands:/home/amin/cobot/cobot_ws/install/mybuddy/lib/python3.12/site-packages:/home/amin/cobot/cobot_ws/install/mycobot_description/lib/python3.12/site-packages:${PYTHONPATH} /usr/bin/python3 -W ignore:setup.py install is deprecated -W ignore:easy_install command is deprecated setup.py egg_info --egg-base ../../../../build/mybuddy build --build-base /home/amin/cobot/cobot_ws/build/mybuddy/build install --record /home/amin/cobot/cobot_ws/build/mybuddy/install.log --single-version-externally-managed install_data
