[0.514s] Invoking command in '/home/amin/cobot/cobot_ws/build/pro450_moveit2': AMENT_PREFIX_PATH=/home/amin/cobot/cobot_ws/install/mycobot_description:${AMENT_PREFIX_PATH} CMAKE_PREFIX_PATH=${CMAKE_PREFIX_PATH}:/opt/ros/jazzy DEBUGINFOD_URLS=https://debuginfod.ubuntu.com PYTHONPATH=/home/amin/cobot/cobot_ws/install/mycobot_description/lib/python3.12/site-packages:${PYTHONPATH} /usr/bin/cmake --build /home/amin/cobot/cobot_ws/build/pro450_moveit2 -- -j8 -l8
[0.819s] Invoked command in '/home/amin/cobot/cobot_ws/build/pro450_moveit2' returned '0': AMENT_PREFIX_PATH=/home/amin/cobot/cobot_ws/install/mycobot_description:${AMENT_PREFIX_PATH} CMAKE_PREFIX_PATH=${CMAKE_PREFIX_PATH}:/opt/ros/jazzy DEBUGINFOD_URLS=https://debuginfod.ubuntu.com PYTHONPATH=/home/amin/cobot/cobot_ws/install/mycobot_description/lib/python3.12/site-packages:${PYTHONPATH} /usr/bin/cmake --build /home/amin/cobot/cobot_ws/build/pro450_moveit2 -- -j8 -l8
[0.821s] Invoking command in '/home/amin/cobot/cobot_ws/build/pro450_moveit2': AMENT_PREFIX_PATH=/home/amin/cobot/cobot_ws/install/mycobot_description:${AMENT_PREFIX_PATH} CMAKE_PREFIX_PATH=${CMAKE_PREFIX_PATH}:/opt/ros/jazzy DEBUGINFOD_URLS=https://debuginfod.ubuntu.com PYTHONPATH=/home/amin/cobot/cobot_ws/install/mycobot_description/lib/python3.12/site-packages:${PYTHONPATH} /usr/bin/cmake --install /home/amin/cobot/cobot_ws/build/pro450_moveit2
[0.831s] -- Install configuration: ""
[0.831s] -- Up-to-date: /home/amin/cobot/cobot_ws/install/pro450_moveit2/share/ament_index/resource_index/package_run_dependencies/pro450_moveit2
[0.831s] -- Up-to-date: /home/amin/cobot/cobot_ws/install/pro450_moveit2/share/ament_index/resource_index/parent_prefix_path/pro450_moveit2
[0.831s] -- Up-to-date: /home/amin/cobot/cobot_ws/install/pro450_moveit2/share/pro450_moveit2/environment/ament_prefix_path.sh
[0.834s] -- Up-to-date: /home/amin/cobot/cobot_ws/install/pro450_moveit2/share/pro450_moveit2/environment/ament_prefix_path.dsv
[0.835s] -- Up-to-date: /home/amin/cobot/cobot_ws/install/pro450_moveit2/share/pro450_moveit2/environment/path.sh
[0.835s] -- Up-to-date: /home/amin/cobot/cobot_ws/install/pro450_moveit2/share/pro450_moveit2/environment/path.dsv
[0.835s] -- Up-to-date: /home/amin/cobot/cobot_ws/install/pro450_moveit2/share/pro450_moveit2/local_setup.bash
[0.835s] -- Up-to-date: /home/amin/cobot/cobot_ws/install/pro450_moveit2/share/pro450_moveit2/local_setup.sh
[0.835s] -- Up-to-date: /home/amin/cobot/cobot_ws/install/pro450_moveit2/share/pro450_moveit2/local_setup.zsh
[0.835s] -- Up-to-date: /home/amin/cobot/cobot_ws/install/pro450_moveit2/share/pro450_moveit2/local_setup.dsv
[0.835s] -- Installing: /home/amin/cobot/cobot_ws/install/pro450_moveit2/share/pro450_moveit2/package.dsv
[0.835s] -- Up-to-date: /home/amin/cobot/cobot_ws/install/pro450_moveit2/share/ament_index/resource_index/packages/pro450_moveit2
[0.835s] -- Up-to-date: /home/amin/cobot/cobot_ws/install/pro450_moveit2/share/pro450_moveit2/cmake/pro450_moveit2Config.cmake
[0.835s] -- Up-to-date: /home/amin/cobot/cobot_ws/install/pro450_moveit2/share/pro450_moveit2/cmake/pro450_moveit2Config-version.cmake
[0.835s] -- Up-to-date: /home/amin/cobot/cobot_ws/install/pro450_moveit2/share/pro450_moveit2/package.xml
[0.835s] -- Up-to-date: /home/amin/cobot/cobot_ws/install/pro450_moveit2/share/pro450_moveit2/launch
[0.836s] -- Up-to-date: /home/amin/cobot/cobot_ws/install/pro450_moveit2/share/pro450_moveit2/launch/warehouse_db.launch.py
[0.836s] -- Up-to-date: /home/amin/cobot/cobot_ws/install/pro450_moveit2/share/pro450_moveit2/launch/rsp.launch.py
[0.836s] -- Up-to-date: /home/amin/cobot/cobot_ws/install/pro450_moveit2/share/pro450_moveit2/launch/move_group.launch.py
[0.836s] -- Up-to-date: /home/amin/cobot/cobot_ws/install/pro450_moveit2/share/pro450_moveit2/launch/setup_assistant.launch.py
[0.836s] -- Up-to-date: /home/amin/cobot/cobot_ws/install/pro450_moveit2/share/pro450_moveit2/launch/spawn_controllers.launch.py
[0.836s] -- Up-to-date: /home/amin/cobot/cobot_ws/install/pro450_moveit2/share/pro450_moveit2/launch/demo.launch.py
[0.836s] -- Up-to-date: /home/amin/cobot/cobot_ws/install/pro450_moveit2/share/pro450_moveit2/launch/moveit_rviz.launch.py
[0.836s] -- Up-to-date: /home/amin/cobot/cobot_ws/install/pro450_moveit2/share/pro450_moveit2/launch/static_virtual_joint_tfs.launch.py
[0.836s] -- Up-to-date: /home/amin/cobot/cobot_ws/install/pro450_moveit2/share/pro450_moveit2/config
[0.836s] -- Up-to-date: /home/amin/cobot/cobot_ws/install/pro450_moveit2/share/pro450_moveit2/config/pilz_cartesian_limits.yaml
[0.836s] -- Up-to-date: /home/amin/cobot/cobot_ws/install/pro450_moveit2/share/pro450_moveit2/config/joint_limits.yaml
[0.837s] -- Up-to-date: /home/amin/cobot/cobot_ws/install/pro450_moveit2/share/pro450_moveit2/config/kinematics.yaml
[0.837s] -- Up-to-date: /home/amin/cobot/cobot_ws/install/pro450_moveit2/share/pro450_moveit2/config/moveit.rviz
[0.837s] -- Up-to-date: /home/amin/cobot/cobot_ws/install/pro450_moveit2/share/pro450_moveit2/config/firefighter.srdf
[0.837s] -- Up-to-date: /home/amin/cobot/cobot_ws/install/pro450_moveit2/share/pro450_moveit2/config/ros2_controllers.yaml
[0.837s] -- Up-to-date: /home/amin/cobot/cobot_ws/install/pro450_moveit2/share/pro450_moveit2/config/firefighter.ros2_control.xacro
[0.837s] -- Up-to-date: /home/amin/cobot/cobot_ws/install/pro450_moveit2/share/pro450_moveit2/config/moveit_controllers.yaml
[0.837s] -- Up-to-date: /home/amin/cobot/cobot_ws/install/pro450_moveit2/share/pro450_moveit2/config/firefighter.urdf.xacro
[0.837s] -- Up-to-date: /home/amin/cobot/cobot_ws/install/pro450_moveit2/share/pro450_moveit2/config/initial_positions.yaml
[0.837s] -- Up-to-date: /home/amin/cobot/cobot_ws/install/pro450_moveit2/share/pro450_moveit2/.setup_assistant
[1.089s] Invoked command in '/home/amin/cobot/cobot_ws/build/pro450_moveit2' returned '0': AMENT_PREFIX_PATH=/home/amin/cobot/cobot_ws/install/mycobot_description:${AMENT_PREFIX_PATH} CMAKE_PREFIX_PATH=${CMAKE_PREFIX_PATH}:/opt/ros/jazzy DEBUGINFOD_URLS=https://debuginfod.ubuntu.com PYTHONPATH=/home/amin/cobot/cobot_ws/install/mycobot_description/lib/python3.12/site-packages:${PYTHONPATH} /usr/bin/cmake --install /home/amin/cobot/cobot_ws/build/pro450_moveit2
