[1.282s] Invoking command in '/home/amin/cobot/cobot_ws/src/mycobot_ros2/mycobot_pro/mycobot_600': AMENT_PREFIX_PATH=/home/amin/cobot/cobot_ws/install/mycobot_description:${AMENT_PREFIX_PATH} DEBUGINFOD_URLS=https://debuginfod.ubuntu.com PYTHONPATH=/home/amin/cobot/cobot_ws/build/mycobot_600/prefix_override:/usr/lib/python3/dist-packages/colcon_core/task/python/colcon_distutils_commands:/home/amin/cobot/cobot_ws/install/mycobot_600/lib/python3.12/site-packages:/home/amin/cobot/cobot_ws/install/mycobot_description/lib/python3.12/site-packages:${PYTHONPATH} /usr/bin/python3 -W ignore:setup.py install is deprecated -W ignore:easy_install command is deprecated setup.py egg_info --egg-base ../../../../build/mycobot_600 build --build-base /home/amin/cobot/cobot_ws/build/mycobot_600/build install --record /home/amin/cobot/cobot_ws/build/mycobot_600/install.log --single-version-externally-managed install_data
[1.617s] running egg_info
[1.642s] writing ../../../../build/mycobot_600/mycobot_600.egg-info/PKG-INFO
[1.643s] writing dependency_links to ../../../../build/mycobot_600/mycobot_600.egg-info/dependency_links.txt
[1.643s] writing entry points to ../../../../build/mycobot_600/mycobot_600.egg-info/entry_points.txt
[1.644s] writing requirements to ../../../../build/mycobot_600/mycobot_600.egg-info/requires.txt
[1.644s] writing top-level names to ../../../../build/mycobot_600/mycobot_600.egg-info/top_level.txt
[1.693s] reading manifest file '../../../../build/mycobot_600/mycobot_600.egg-info/SOURCES.txt'
[1.694s] adding license file 'LICENSE'
[1.695s] writing manifest file '../../../../build/mycobot_600/mycobot_600.egg-info/SOURCES.txt'
[1.695s] running build
[1.695s] running build_py
[1.695s] running install
[1.704s] running install_lib
[1.729s] running install_data
[1.731s] running install_egg_info
[1.756s] removing '/home/amin/cobot/cobot_ws/install/mycobot_600/lib/python3.12/site-packages/mycobot_600-0.0.0-py3.12.egg-info' (and everything under it)
[1.758s] Copying ../../../../build/mycobot_600/mycobot_600.egg-info to /home/amin/cobot/cobot_ws/install/mycobot_600/lib/python3.12/site-packages/mycobot_600-0.0.0-py3.12.egg-info
[1.758s] running install_scripts
[1.929s] Installing slider_control script to /home/amin/cobot/cobot_ws/install/mycobot_600/lib/mycobot_600
[1.929s] writing list of installed files to '/home/amin/cobot/cobot_ws/build/mycobot_600/install.log'
[2.302s] Invoked command in '/home/amin/cobot/cobot_ws/src/mycobot_ros2/mycobot_pro/mycobot_600' returned '0': AMENT_PREFIX_PATH=/home/amin/cobot/cobot_ws/install/mycobot_description:${AMENT_PREFIX_PATH} DEBUGINFOD_URLS=https://debuginfod.ubuntu.com PYTHONPATH=/home/amin/cobot/cobot_ws/build/mycobot_600/prefix_override:/usr/lib/python3/dist-packages/colcon_core/task/python/colcon_distutils_commands:/home/amin/cobot/cobot_ws/install/mycobot_600/lib/python3.12/site-packages:/home/amin/cobot/cobot_ws/install/mycobot_description/lib/python3.12/site-packages:${PYTHONPATH} /usr/bin/python3 -W ignore:setup.py install is deprecated -W ignore:easy_install command is deprecated setup.py egg_info --egg-base ../../../../build/mycobot_600 build --build-base /home/amin/cobot/cobot_ws/build/mycobot_600/build install --record /home/amin/cobot/cobot_ws/build/mycobot_600/install.log --single-version-externally-managed install_data
