[1.086s] Invoking command in '/home/amin/cobot/cobot_ws/src/mycobot_ros2/mycobot_280/mycobot_280_riscv': AMENT_PREFIX_PATH=/home/amin/cobot/cobot_ws/install/mycobot_description:${AMENT_PREFIX_PATH} DEBUGINFOD_URLS=https://debuginfod.ubuntu.com PYTHONPATH=/home/amin/cobot/cobot_ws/build/mycobot_280_riscv/prefix_override:/usr/lib/python3/dist-packages/colcon_core/task/python/colcon_distutils_commands:/home/amin/cobot/cobot_ws/install/mycobot_280_riscv/lib/python3.12/site-packages:/home/amin/cobot/cobot_ws/install/mycobot_description/lib/python3.12/site-packages:${PYTHONPATH} /usr/bin/python3 -W ignore:setup.py install is deprecated -W ignore:easy_install command is deprecated setup.py egg_info --egg-base ../../../../build/mycobot_280_riscv build --build-base /home/amin/cobot/cobot_ws/build/mycobot_280_riscv/build install --record /home/amin/cobot/cobot_ws/build/mycobot_280_riscv/install.log --single-version-externally-managed install_data
[1.415s] running egg_info
[1.441s] writing ../../../../build/mycobot_280_riscv/mycobot_280_riscv.egg-info/PKG-INFO
[1.441s] writing dependency_links to ../../../../build/mycobot_280_riscv/mycobot_280_riscv.egg-info/dependency_links.txt
[1.442s] writing entry points to ../../../../build/mycobot_280_riscv/mycobot_280_riscv.egg-info/entry_points.txt
[1.442s] writing requirements to ../../../../build/mycobot_280_riscv/mycobot_280_riscv.egg-info/requires.txt
[1.442s] writing top-level names to ../../../../build/mycobot_280_riscv/mycobot_280_riscv.egg-info/top_level.txt
[1.485s] reading manifest file '../../../../build/mycobot_280_riscv/mycobot_280_riscv.egg-info/SOURCES.txt'
[1.485s] adding license file 'LICENSE'
[1.486s] writing manifest file '../../../../build/mycobot_280_riscv/mycobot_280_riscv.egg-info/SOURCES.txt'
[1.486s] running build
[1.486s] running build_py
[1.486s] running install
[1.491s] running install_lib
[1.506s] running install_data
[1.506s] running install_egg_info
[1.521s] removing '/home/amin/cobot/cobot_ws/install/mycobot_280_riscv/lib/python3.12/site-packages/mycobot_280_riscv-0.0.0-py3.12.egg-info' (and everything under it)
[1.521s] Copying ../../../../build/mycobot_280_riscv/mycobot_280_riscv.egg-info to /home/amin/cobot/cobot_ws/install/mycobot_280_riscv/lib/python3.12/site-packages/mycobot_280_riscv-0.0.0-py3.12.egg-info
[1.522s] running install_scripts
[1.650s] Installing camera_display script to /home/amin/cobot/cobot_ws/install/mycobot_280_riscv/lib/mycobot_280_riscv
[1.653s] Installing follow_display script to /home/amin/cobot/cobot_ws/install/mycobot_280_riscv/lib/mycobot_280_riscv
[1.653s] Installing listen_real script to /home/amin/cobot/cobot_ws/install/mycobot_280_riscv/lib/mycobot_280_riscv
[1.653s] Installing listen_real_service script to /home/amin/cobot/cobot_ws/install/mycobot_280_riscv/lib/mycobot_280_riscv
[1.653s] Installing opencv_camera script to /home/amin/cobot/cobot_ws/install/mycobot_280_riscv/lib/mycobot_280_riscv
[1.653s] Installing simple_gui script to /home/amin/cobot/cobot_ws/install/mycobot_280_riscv/lib/mycobot_280_riscv
[1.653s] Installing slider_control script to /home/amin/cobot/cobot_ws/install/mycobot_280_riscv/lib/mycobot_280_riscv
[1.653s] Installing teleop_keyboard script to /home/amin/cobot/cobot_ws/install/mycobot_280_riscv/lib/mycobot_280_riscv
[1.653s] writing list of installed files to '/home/amin/cobot/cobot_ws/build/mycobot_280_riscv/install.log'
[1.804s] Invoked command in '/home/amin/cobot/cobot_ws/src/mycobot_ros2/mycobot_280/mycobot_280_riscv' returned '0': AMENT_PREFIX_PATH=/home/amin/cobot/cobot_ws/install/mycobot_description:${AMENT_PREFIX_PATH} DEBUGINFOD_URLS=https://debuginfod.ubuntu.com PYTHONPATH=/home/amin/cobot/cobot_ws/build/mycobot_280_riscv/prefix_override:/usr/lib/python3/dist-packages/colcon_core/task/python/colcon_distutils_commands:/home/amin/cobot/cobot_ws/install/mycobot_280_riscv/lib/python3.12/site-packages:/home/amin/cobot/cobot_ws/install/mycobot_description/lib/python3.12/site-packages:${PYTHONPATH} /usr/bin/python3 -W ignore:setup.py install is deprecated -W ignore:easy_install command is deprecated setup.py egg_info --egg-base ../../../../build/mycobot_280_riscv build --build-base /home/amin/cobot/cobot_ws/build/mycobot_280_riscv/build install --record /home/amin/cobot/cobot_ws/build/mycobot_280_riscv/install.log --single-version-externally-managed install_data
