[1.552s] Invoking command in '/home/amin/cobot/cobot_ws/src/mycobot_ros2/ultraArm/ultraarm': AMENT_PREFIX_PATH=/home/amin/cobot/cobot_ws/install/mycobot_description:${AMENT_PREFIX_PATH} DEBUGINFOD_URLS=https://debuginfod.ubuntu.com PYTHONPATH=/home/amin/cobot/cobot_ws/build/ultraarm/prefix_override:/usr/lib/python3/dist-packages/colcon_core/task/python/colcon_distutils_commands:/home/amin/cobot/cobot_ws/install/ultraarm/lib/python3.12/site-packages:/home/amin/cobot/cobot_ws/install/mycobot_description/lib/python3.12/site-packages:${PYTHONPATH} /usr/bin/python3 -W ignore:setup.py install is deprecated -W ignore:easy_install command is deprecated setup.py egg_info --egg-base ../../../../build/ultraarm build --build-base /home/amin/cobot/cobot_ws/build/ultraarm/build install --record /home/amin/cobot/cobot_ws/build/ultraarm/install.log --single-version-externally-managed install_data
[2.011s] running egg_info
[2.011s] creating ../../../../build/ultraarm/ultraarm.egg-info
[2.046s] writing ../../../../build/ultraarm/ultraarm.egg-info/PKG-INFO
[2.046s] writing dependency_links to ../../../../build/ultraarm/ultraarm.egg-info/dependency_links.txt
[2.046s] writing entry points to ../../../../build/ultraarm/ultraarm.egg-info/entry_points.txt
[2.046s] writing requirements to ../../../../build/ultraarm/ultraarm.egg-info/requires.txt
[2.046s] writing top-level names to ../../../../build/ultraarm/ultraarm.egg-info/top_level.txt
[2.047s] writing manifest file '../../../../build/ultraarm/ultraarm.egg-info/SOURCES.txt'
[2.117s] reading manifest file '../../../../build/ultraarm/ultraarm.egg-info/SOURCES.txt'
[2.118s] writing manifest file '../../../../build/ultraarm/ultraarm.egg-info/SOURCES.txt'
[2.118s] running build
[2.119s] running build_py
[2.119s] creating /home/amin/cobot/cobot_ws/build/ultraarm/build
[2.119s] creating /home/amin/cobot/cobot_ws/build/ultraarm/build/lib
[2.119s] creating /home/amin/cobot/cobot_ws/build/ultraarm/build/lib/ultraarm
[2.119s] copying ultraarm/slider_control.py -> /home/amin/cobot/cobot_ws/build/ultraarm/build/lib/ultraarm
[2.119s] copying ultraarm/__init__.py -> /home/amin/cobot/cobot_ws/build/ultraarm/build/lib/ultraarm
[2.119s] running install
[2.132s] running install_lib
[2.167s] creating /home/amin/cobot/cobot_ws/install/ultraarm/lib/python3.12/site-packages/ultraarm
[2.168s] copying /home/amin/cobot/cobot_ws/build/ultraarm/build/lib/ultraarm/slider_control.py -> /home/amin/cobot/cobot_ws/install/ultraarm/lib/python3.12/site-packages/ultraarm
[2.168s] copying /home/amin/cobot/cobot_ws/build/ultraarm/build/lib/ultraarm/__init__.py -> /home/amin/cobot/cobot_ws/install/ultraarm/lib/python3.12/site-packages/ultraarm
[2.168s] byte-compiling /home/amin/cobot/cobot_ws/install/ultraarm/lib/python3.12/site-packages/ultraarm/slider_control.py to slider_control.cpython-312.pyc
[2.169s] byte-compiling /home/amin/cobot/cobot_ws/install/ultraarm/lib/python3.12/site-packages/ultraarm/__init__.py to __init__.cpython-312.pyc
[2.170s] running install_data
[2.170s] creating /home/amin/cobot/cobot_ws/install/ultraarm/share/ament_index
[2.170s] creating /home/amin/cobot/cobot_ws/install/ultraarm/share/ament_index/resource_index
[2.170s] creating /home/amin/cobot/cobot_ws/install/ultraarm/share/ament_index/resource_index/packages
[2.170s] copying resource/ultraarm -> /home/amin/cobot/cobot_ws/install/ultraarm/share/ament_index/resource_index/packages
[2.170s] copying package.xml -> /home/amin/cobot/cobot_ws/install/ultraarm/share/ultraarm
[2.171s] creating /home/amin/cobot/cobot_ws/install/ultraarm/share/ultraarm/launch
[2.171s] copying launch/test.launch.py -> /home/amin/cobot/cobot_ws/install/ultraarm/share/ultraarm/launch
[2.171s] copying launch/slider_control.launch.py -> /home/amin/cobot/cobot_ws/install/ultraarm/share/ultraarm/launch
[2.171s] creating /home/amin/cobot/cobot_ws/install/ultraarm/share/ultraarm/config
[2.171s] copying config/ultraarm.rviz -> /home/amin/cobot/cobot_ws/install/ultraarm/share/ultraarm/config
[2.171s] running install_egg_info
[2.208s] Copying ../../../../build/ultraarm/ultraarm.egg-info to /home/amin/cobot/cobot_ws/install/ultraarm/lib/python3.12/site-packages/ultraarm-0.0.0-py3.12.egg-info
[2.209s] running install_scripts
[2.433s] Installing slider_control script to /home/amin/cobot/cobot_ws/install/ultraarm/lib/ultraarm
[2.434s] writing list of installed files to '/home/amin/cobot/cobot_ws/build/ultraarm/install.log'
[2.478s] Invoked command in '/home/amin/cobot/cobot_ws/src/mycobot_ros2/ultraArm/ultraarm' returned '0': AMENT_PREFIX_PATH=/home/amin/cobot/cobot_ws/install/mycobot_description:${AMENT_PREFIX_PATH} DEBUGINFOD_URLS=https://debuginfod.ubuntu.com PYTHONPATH=/home/amin/cobot/cobot_ws/build/ultraarm/prefix_override:/usr/lib/python3/dist-packages/colcon_core/task/python/colcon_distutils_commands:/home/amin/cobot/cobot_ws/install/ultraarm/lib/python3.12/site-packages:/home/amin/cobot/cobot_ws/install/mycobot_description/lib/python3.12/site-packages:${PYTHONPATH} /usr/bin/python3 -W ignore:setup.py install is deprecated -W ignore:easy_install command is deprecated setup.py egg_info --egg-base ../../../../build/ultraarm build --build-base /home/amin/cobot/cobot_ws/build/ultraarm/build install --record /home/amin/cobot/cobot_ws/build/ultraarm/install.log --single-version-externally-managed install_data
