[0.154s] Invoking command in '/home/amin/cobot/cobot_ws/build/mecharm_interfaces': CMAKE_PREFIX_PATH=${CMAKE_PREFIX_PATH}:/opt/ros/jazzy DEBUGINFOD_URLS=https://debuginfod.ubuntu.com /usr/bin/cmake --build /home/amin/cobot/cobot_ws/build/mecharm_interfaces -- -j8 -l8
[0.211s] [  1%] Built target mecharm_interfaces__rosidl_generator_type_description
[0.244s] [  1%] Built target ament_cmake_python_copy_mecharm_interfaces
[0.256s] [  1%] Built target mecharm_interfaces__cpp
[0.316s] [ 27%] Built target mecharm_interfaces__rosidl_generator_c
[0.406s] [ 36%] Built target mecharm_interfaces__rosidl_typesupport_cpp
[0.412s] [ 45%] Built target mecharm_interfaces__rosidl_typesupport_introspection_cpp
[0.415s] [ 65%] Built target mecharm_interfaces__rosidl_typesupport_introspection_c
[0.415s] [ 65%] Built target mecharm_interfaces__rosidl_typesupport_fastrtps_c
[0.415s] [ 75%] Built target mecharm_interfaces__rosidl_typesupport_c
[0.424s] [ 85%] Built target mecharm_interfaces__rosidl_typesupport_fastrtps_cpp
[0.471s] [ 85%] Built target mecharm_interfaces
[0.509s] [ 86%] Built target mecharm_interfaces__py
[0.578s] [ 95%] Built target mecharm_interfaces__rosidl_generator_py
[0.628s] running egg_info
[0.642s] [ 97%] Built target mecharm_interfaces_s__rosidl_typesupport_introspection_c
[0.650s] [ 99%] Built target mecharm_interfaces_s__rosidl_typesupport_c
[0.651s] [100%] Built target mecharm_interfaces_s__rosidl_typesupport_fastrtps_c
[0.659s] writing mecharm_interfaces.egg-info/PKG-INFO
[0.659s] writing dependency_links to mecharm_interfaces.egg-info/dependency_links.txt
[0.659s] writing top-level names to mecharm_interfaces.egg-info/top_level.txt
[0.734s] reading manifest file 'mecharm_interfaces.egg-info/SOURCES.txt'
[0.735s] writing manifest file 'mecharm_interfaces.egg-info/SOURCES.txt'
[0.766s] [100%] Built target ament_cmake_python_build_mecharm_interfaces_egg
[0.778s] Invoked command in '/home/amin/cobot/cobot_ws/build/mecharm_interfaces' returned '0': CMAKE_PREFIX_PATH=${CMAKE_PREFIX_PATH}:/opt/ros/jazzy DEBUGINFOD_URLS=https://debuginfod.ubuntu.com /usr/bin/cmake --build /home/amin/cobot/cobot_ws/build/mecharm_interfaces -- -j8 -l8
[0.787s] Invoking command in '/home/amin/cobot/cobot_ws/build/mecharm_interfaces': CMAKE_PREFIX_PATH=${CMAKE_PREFIX_PATH}:/opt/ros/jazzy DEBUGINFOD_URLS=https://debuginfod.ubuntu.com /usr/bin/cmake --install /home/amin/cobot/cobot_ws/build/mecharm_interfaces
[0.807s] -- Install configuration: ""
[0.807s] -- Up-to-date: /home/amin/cobot/cobot_ws/install/mecharm_interfaces/share/ament_index/resource_index/rosidl_interfaces/mecharm_interfaces
[0.807s] -- Up-to-date: /home/amin/cobot/cobot_ws/install/mecharm_interfaces/share/mecharm_interfaces/msg/MecharmAngles.json
[0.807s] -- Up-to-date: /home/amin/cobot/cobot_ws/install/mecharm_interfaces/share/mecharm_interfaces/msg/MecharmCoords.json
[0.807s] -- Up-to-date: /home/amin/cobot/cobot_ws/install/mecharm_interfaces/share/mecharm_interfaces/msg/MecharmSetAngles.json
[0.808s] -- Up-to-date: /home/amin/cobot/cobot_ws/install/mecharm_interfaces/share/mecharm_interfaces/msg/MecharmSetCoords.json
[0.808s] -- Up-to-date: /home/amin/cobot/cobot_ws/install/mecharm_interfaces/share/mecharm_interfaces/msg/MecharmGripperStatus.json
[0.808s] -- Up-to-date: /home/amin/cobot/cobot_ws/install/mecharm_interfaces/share/mecharm_interfaces/msg/MecharmPumpStatus.json
[0.808s] -- Up-to-date: /home/amin/cobot/cobot_ws/install/mecharm_interfaces/share/mecharm_interfaces/srv/GetAngles.json
[0.808s] -- Up-to-date: /home/amin/cobot/cobot_ws/install/mecharm_interfaces/share/mecharm_interfaces/srv/SetAngles.json
[0.809s] -- Up-to-date: /home/amin/cobot/cobot_ws/install/mecharm_interfaces/share/mecharm_interfaces/srv/GetCoords.json
[0.809s] -- Up-to-date: /home/amin/cobot/cobot_ws/install/mecharm_interfaces/share/mecharm_interfaces/srv/SetCoords.json
[0.809s] -- Up-to-date: /home/amin/cobot/cobot_ws/install/mecharm_interfaces/share/mecharm_interfaces/srv/GripperStatus.json
[0.809s] -- Up-to-date: /home/amin/cobot/cobot_ws/install/mecharm_interfaces/share/mecharm_interfaces/srv/PumpStatus.json
[0.809s] -- Up-to-date: /home/amin/cobot/cobot_ws/install/mecharm_interfaces/include/mecharm_interfaces/mecharm_interfaces
[0.809s] -- Up-to-date: /home/amin/cobot/cobot_ws/install/mecharm_interfaces/include/mecharm_interfaces/mecharm_interfaces/srv
[0.809s] -- Up-to-date: /home/amin/cobot/cobot_ws/install/mecharm_interfaces/include/mecharm_interfaces/mecharm_interfaces/srv/gripper_status.h
[0.809s] -- Up-to-date: /home/amin/cobot/cobot_ws/install/mecharm_interfaces/include/mecharm_interfaces/mecharm_interfaces/srv/detail
[0.809s] -- Up-to-date: /home/amin/cobot/cobot_ws/install/mecharm_interfaces/include/mecharm_interfaces/mecharm_interfaces/srv/detail/set_coords__type_support.h
[0.809s] -- Up-to-date: /home/amin/cobot/cobot_ws/install/mecharm_interfaces/include/mecharm_interfaces/mecharm_interfaces/srv/detail/gripper_status__description.c
[0.810s] -- Up-to-date: /home/amin/cobot/cobot_ws/install/mecharm_interfaces/include/mecharm_interfaces/mecharm_interfaces/srv/detail/gripper_status__functions.h
[0.810s] -- Up-to-date: /home/amin/cobot/cobot_ws/install/mecharm_interfaces/include/mecharm_interfaces/mecharm_interfaces/srv/detail/set_angles__struct.h
[0.810s] -- Up-to-date: /home/amin/cobot/cobot_ws/install/mecharm_interfaces/include/mecharm_interfaces/mecharm_interfaces/srv/detail/set_coords__functions.h
[0.810s] -- Installing: /home/amin/cobot/cobot_ws/install/mecharm_interfaces/include/mecharm_interfaces/mecharm_interfaces/srv/detail/pump_status__type_support.c
[0.810s] -- Installing: /home/amin/cobot/cobot_ws/install/mecharm_interfaces/include/mecharm_interfaces/mecharm_interfaces/srv/detail/get_coords__type_support.c
[0.810s] -- Up-to-date: /home/amin/cobot/cobot_ws/install/mecharm_interfaces/include/mecharm_interfaces/mecharm_interfaces/srv/detail/set_angles__description.c
[0.810s] -- Up-to-date: /home/amin/cobot/cobot_ws/install/mecharm_interfaces/include/mecharm_interfaces/mecharm_interfaces/srv/detail/gripper_status__struct.h
[0.810s] -- Up-to-date: /home/amin/cobot/cobot_ws/install/mecharm_interfaces/include/mecharm_interfaces/mecharm_interfaces/srv/detail/get_angles__type_support.h
[0.810s] -- Up-to-date: /home/amin/cobot/cobot_ws/install/mecharm_interfaces/include/mecharm_interfaces/mecharm_interfaces/srv/detail/set_coords__functions.c
[0.810s] -- Installing: /home/amin/cobot/cobot_ws/install/mecharm_interfaces/include/mecharm_interfaces/mecharm_interfaces/srv/detail/set_coords__type_support.c
[0.810s] -- Installing: /home/amin/cobot/cobot_ws/install/mecharm_interfaces/include/mecharm_interfaces/mecharm_interfaces/srv/detail/set_angles__type_support.c
[0.810s] -- Up-to-date: /home/amin/cobot/cobot_ws/install/mecharm_interfaces/include/mecharm_interfaces/mecharm_interfaces/srv/detail/gripper_status__type_support.h
[0.811s] -- Up-to-date: /home/amin/cobot/cobot_ws/install/mecharm_interfaces/include/mecharm_interfaces/mecharm_interfaces/srv/detail/pump_status__struct.h
[0.811s] -- Up-to-date: /home/amin/cobot/cobot_ws/install/mecharm_interfaces/include/mecharm_interfaces/mecharm_interfaces/srv/detail/get_angles__struct.h
[0.811s] -- Up-to-date: /home/amin/cobot/cobot_ws/install/mecharm_interfaces/include/mecharm_interfaces/mecharm_interfaces/srv/detail/get_coords__description.c
[0.811s] -- Up-to-date: /home/amin/cobot/cobot_ws/install/mecharm_interfaces/include/mecharm_interfaces/mecharm_interfaces/srv/detail/set_coords__description.c
[0.811s] -- Up-to-date: /home/amin/cobot/cobot_ws/install/mecharm_interfaces/include/mecharm_interfaces/mecharm_interfaces/srv/detail/get_coords__functions.h
[0.811s] -- Installing: /home/amin/cobot/cobot_ws/install/mecharm_interfaces/include/mecharm_interfaces/mecharm_interfaces/srv/detail/get_angles__type_support.c
[0.811s] -- Up-to-date: /home/amin/cobot/cobot_ws/install/mecharm_interfaces/include/mecharm_interfaces/mecharm_interfaces/srv/detail/get_angles__functions.h
[0.811s] -- Installing: /home/amin/cobot/cobot_ws/install/mecharm_interfaces/include/mecharm_interfaces/mecharm_interfaces/srv/detail/gripper_status__type_support.c
[0.811s] -- Up-to-date: /home/amin/cobot/cobot_ws/install/mecharm_interfaces/include/mecharm_interfaces/mecharm_interfaces/srv/detail/get_angles__functions.c
[0.811s] -- Up-to-date: /home/amin/cobot/cobot_ws/install/mecharm_interfaces/include/mecharm_interfaces/mecharm_interfaces/srv/detail/pump_status__functions.c
[0.811s] -- Up-to-date: /home/amin/cobot/cobot_ws/install/mecharm_interfaces/include/mecharm_interfaces/mecharm_interfaces/srv/detail/pump_status__description.c
[0.812s] -- Up-to-date: /home/amin/cobot/cobot_ws/install/mecharm_interfaces/include/mecharm_interfaces/mecharm_interfaces/srv/detail/get_coords__type_support.h
[0.812s] -- Up-to-date: /home/amin/cobot/cobot_ws/install/mecharm_interfaces/include/mecharm_interfaces/mecharm_interfaces/srv/detail/set_angles__type_support.h
[0.812s] -- Up-to-date: /home/amin/cobot/cobot_ws/install/mecharm_interfaces/include/mecharm_interfaces/mecharm_interfaces/srv/detail/get_coords__functions.c
[0.812s] -- Up-to-date: /home/amin/cobot/cobot_ws/install/mecharm_interfaces/include/mecharm_interfaces/mecharm_interfaces/srv/detail/gripper_status__functions.c
[0.812s] -- Up-to-date: /home/amin/cobot/cobot_ws/install/mecharm_interfaces/include/mecharm_interfaces/mecharm_interfaces/srv/detail/get_angles__description.c
[0.812s] -- Up-to-date: /home/amin/cobot/cobot_ws/install/mecharm_interfaces/include/mecharm_interfaces/mecharm_interfaces/srv/detail/pump_status__functions.h
[0.812s] -- Up-to-date: /home/amin/cobot/cobot_ws/install/mecharm_interfaces/include/mecharm_interfaces/mecharm_interfaces/srv/detail/set_angles__functions.c
[0.813s] -- Up-to-date: /home/amin/cobot/cobot_ws/install/mecharm_interfaces/include/mecharm_interfaces/mecharm_interfaces/srv/detail/set_coords__struct.h
[0.813s] -- Up-to-date: /home/amin/cobot/cobot_ws/install/mecharm_interfaces/include/mecharm_interfaces/mecharm_interfaces/srv/detail/get_coords__struct.h
[0.813s] -- Up-to-date: /home/amin/cobot/cobot_ws/install/mecharm_interfaces/include/mecharm_interfaces/mecharm_interfaces/srv/detail/set_angles__functions.h
[0.813s] -- Up-to-date: /home/amin/cobot/cobot_ws/install/mecharm_interfaces/include/mecharm_interfaces/mecharm_interfaces/srv/detail/pump_status__type_support.h
[0.814s] -- Up-to-date: /home/amin/cobot/cobot_ws/install/mecharm_interfaces/include/mecharm_interfaces/mecharm_interfaces/srv/get_coords.h
[0.814s] -- Up-to-date: /home/amin/cobot/cobot_ws/install/mecharm_interfaces/include/mecharm_interfaces/mecharm_interfaces/srv/get_angles.h
[0.814s] -- Up-to-date: /home/amin/cobot/cobot_ws/install/mecharm_interfaces/include/mecharm_interfaces/mecharm_interfaces/srv/pump_status.h
[0.814s] -- Up-to-date: /home/amin/cobot/cobot_ws/install/mecharm_interfaces/include/mecharm_interfaces/mecharm_interfaces/srv/set_angles.h
[0.814s] -- Up-to-date: /home/amin/cobot/cobot_ws/install/mecharm_interfaces/include/mecharm_interfaces/mecharm_interfaces/srv/set_coords.h
[0.815s] -- Up-to-date: /home/amin/cobot/cobot_ws/install/mecharm_interfaces/include/mecharm_interfaces/mecharm_interfaces/msg
[0.815s] -- Up-to-date: /home/amin/cobot/cobot_ws/install/mecharm_interfaces/include/mecharm_interfaces/mecharm_interfaces/msg/mecharm_set_angles.h
[0.815s] -- Up-to-date: /home/amin/cobot/cobot_ws/install/mecharm_interfaces/include/mecharm_interfaces/mecharm_interfaces/msg/mecharm_coords.h
[0.815s] -- Up-to-date: /home/amin/cobot/cobot_ws/install/mecharm_interfaces/include/mecharm_interfaces/mecharm_interfaces/msg/mecharm_pump_status.h
[0.815s] -- Up-to-date: /home/amin/cobot/cobot_ws/install/mecharm_interfaces/include/mecharm_interfaces/mecharm_interfaces/msg/detail
[0.815s] -- Up-to-date: /home/amin/cobot/cobot_ws/install/mecharm_interfaces/include/mecharm_interfaces/mecharm_interfaces/msg/detail/mecharm_coords__description.c
[0.815s] -- Installing: /home/amin/cobot/cobot_ws/install/mecharm_interfaces/include/mecharm_interfaces/mecharm_interfaces/msg/detail/mecharm_pump_status__type_support.c
[0.816s] -- Up-to-date: /home/amin/cobot/cobot_ws/install/mecharm_interfaces/include/mecharm_interfaces/mecharm_interfaces/msg/detail/mecharm_angles__description.c
[0.816s] -- Up-to-date: /home/amin/cobot/cobot_ws/install/mecharm_interfaces/include/mecharm_interfaces/mecharm_interfaces/msg/detail/mecharm_set_coords__functions.h
[0.816s] -- Installing: /home/amin/cobot/cobot_ws/install/mecharm_interfaces/include/mecharm_interfaces/mecharm_interfaces/msg/detail/mecharm_set_coords__type_support.c
[0.816s] -- Up-to-date: /home/amin/cobot/cobot_ws/install/mecharm_interfaces/include/mecharm_interfaces/mecharm_interfaces/msg/detail/mecharm_angles__functions.c
[0.816s] -- Up-to-date: /home/amin/cobot/cobot_ws/install/mecharm_interfaces/include/mecharm_interfaces/mecharm_interfaces/msg/detail/mecharm_angles__struct.h
[0.816s] -- Up-to-date: /home/amin/cobot/cobot_ws/install/mecharm_interfaces/include/mecharm_interfaces/mecharm_interfaces/msg/detail/mecharm_pump_status__functions.h
[0.816s] -- Up-to-date: /home/amin/cobot/cobot_ws/install/mecharm_interfaces/include/mecharm_interfaces/mecharm_interfaces/msg/detail/mecharm_gripper_status__type_support.h
[0.817s] -- Up-to-date: /home/amin/cobot/cobot_ws/install/mecharm_interfaces/include/mecharm_interfaces/mecharm_interfaces/msg/detail/mecharm_gripper_status__description.c
[0.817s] -- Up-to-date: /home/amin/cobot/cobot_ws/install/mecharm_interfaces/include/mecharm_interfaces/mecharm_interfaces/msg/detail/mecharm_angles__type_support.h
[0.817s] -- Up-to-date: /home/amin/cobot/cobot_ws/install/mecharm_interfaces/include/mecharm_interfaces/mecharm_interfaces/msg/detail/mecharm_gripper_status__functions.h
[0.817s] -- Up-to-date: /home/amin/cobot/cobot_ws/install/mecharm_interfaces/include/mecharm_interfaces/mecharm_interfaces/msg/detail/mecharm_set_angles__type_support.h
[0.818s] -- Up-to-date: /home/amin/cobot/cobot_ws/install/mecharm_interfaces/include/mecharm_interfaces/mecharm_interfaces/msg/detail/mecharm_pump_status__functions.c
[0.818s] -- Up-to-date: /home/amin/cobot/cobot_ws/install/mecharm_interfaces/include/mecharm_interfaces/mecharm_interfaces/msg/detail/mecharm_angles__functions.h
[0.818s] -- Up-to-date: /home/amin/cobot/cobot_ws/install/mecharm_interfaces/include/mecharm_interfaces/mecharm_interfaces/msg/detail/mecharm_gripper_status__struct.h
[0.818s] -- Up-to-date: /home/amin/cobot/cobot_ws/install/mecharm_interfaces/include/mecharm_interfaces/mecharm_interfaces/msg/detail/mecharm_gripper_status__functions.c
[0.818s] -- Up-to-date: /home/amin/cobot/cobot_ws/install/mecharm_interfaces/include/mecharm_interfaces/mecharm_interfaces/msg/detail/mecharm_coords__struct.h
[0.818s] -- Up-to-date: /home/amin/cobot/cobot_ws/install/mecharm_interfaces/include/mecharm_interfaces/mecharm_interfaces/msg/detail/mecharm_coords__functions.h
[0.818s] -- Up-to-date: /home/amin/cobot/cobot_ws/install/mecharm_interfaces/include/mecharm_interfaces/mecharm_interfaces/msg/detail/mecharm_set_angles__struct.h
[0.818s] -- Up-to-date: /home/amin/cobot/cobot_ws/install/mecharm_interfaces/include/mecharm_interfaces/mecharm_interfaces/msg/detail/mecharm_coords__type_support.h
[0.818s] -- Installing: /home/amin/cobot/cobot_ws/install/mecharm_interfaces/include/mecharm_interfaces/mecharm_interfaces/msg/detail/mecharm_angles__type_support.c
[0.818s] -- Installing: /home/amin/cobot/cobot_ws/install/mecharm_interfaces/include/mecharm_interfaces/mecharm_interfaces/msg/detail/mecharm_coords__type_support.c
[0.818s] -- Up-to-date: /home/amin/cobot/cobot_ws/install/mecharm_interfaces/include/mecharm_interfaces/mecharm_interfaces/msg/detail/mecharm_set_angles__functions.h
[0.818s] -- Up-to-date: /home/amin/cobot/cobot_ws/install/mecharm_interfaces/include/mecharm_interfaces/mecharm_interfaces/msg/detail/mecharm_pump_status__description.c
[0.819s] -- Up-to-date: /home/amin/cobot/cobot_ws/install/mecharm_interfaces/include/mecharm_interfaces/mecharm_interfaces/msg/detail/mecharm_set_coords__type_support.h
[0.819s] -- Up-to-date: /home/amin/cobot/cobot_ws/install/mecharm_interfaces/include/mecharm_interfaces/mecharm_interfaces/msg/detail/mecharm_set_coords__functions.c
[0.819s] -- Up-to-date: /home/amin/cobot/cobot_ws/install/mecharm_interfaces/include/mecharm_interfaces/mecharm_interfaces/msg/detail/mecharm_pump_status__struct.h
[0.819s] -- Installing: /home/amin/cobot/cobot_ws/install/mecharm_interfaces/include/mecharm_interfaces/mecharm_interfaces/msg/detail/mecharm_set_angles__type_support.c
[0.819s] -- Up-to-date: /home/amin/cobot/cobot_ws/install/mecharm_interfaces/include/mecharm_interfaces/mecharm_interfaces/msg/detail/mecharm_set_angles__description.c
[0.819s] -- Installing: /home/amin/cobot/cobot_ws/install/mecharm_interfaces/include/mecharm_interfaces/mecharm_interfaces/msg/detail/mecharm_gripper_status__type_support.c
[0.819s] -- Up-to-date: /home/amin/cobot/cobot_ws/install/mecharm_interfaces/include/mecharm_interfaces/mecharm_interfaces/msg/detail/mecharm_set_coords__description.c
[0.819s] -- Up-to-date: /home/amin/cobot/cobot_ws/install/mecharm_interfaces/include/mecharm_interfaces/mecharm_interfaces/msg/detail/mecharm_set_coords__struct.h
[0.819s] -- Up-to-date: /home/amin/cobot/cobot_ws/install/mecharm_interfaces/include/mecharm_interfaces/mecharm_interfaces/msg/detail/mecharm_coords__functions.c
[0.819s] -- Up-to-date: /home/amin/cobot/cobot_ws/install/mecharm_interfaces/include/mecharm_interfaces/mecharm_interfaces/msg/detail/mecharm_set_angles__functions.c
[0.819s] -- Up-to-date: /home/amin/cobot/cobot_ws/install/mecharm_interfaces/include/mecharm_interfaces/mecharm_interfaces/msg/detail/mecharm_pump_status__type_support.h
[0.819s] -- Up-to-date: /home/amin/cobot/cobot_ws/install/mecharm_interfaces/include/mecharm_interfaces/mecharm_interfaces/msg/rosidl_generator_c__visibility_control.h
[0.820s] -- Up-to-date: /home/amin/cobot/cobot_ws/install/mecharm_interfaces/include/mecharm_interfaces/mecharm_interfaces/msg/mecharm_set_coords.h
[0.820s] -- Up-to-date: /home/amin/cobot/cobot_ws/install/mecharm_interfaces/include/mecharm_interfaces/mecharm_interfaces/msg/mecharm_angles.h
[0.820s] -- Up-to-date: /home/amin/cobot/cobot_ws/install/mecharm_interfaces/include/mecharm_interfaces/mecharm_interfaces/msg/mecharm_gripper_status.h
[0.820s] -- Up-to-date: /home/amin/cobot/cobot_ws/install/mecharm_interfaces/share/mecharm_interfaces/environment/library_path.sh
[0.820s] -- Up-to-date: /home/amin/cobot/cobot_ws/install/mecharm_interfaces/share/mecharm_interfaces/environment/library_path.dsv
[0.820s] -- Up-to-date: /home/amin/cobot/cobot_ws/install/mecharm_interfaces/lib/libmecharm_interfaces__rosidl_generator_c.so
[0.820s] -- Up-to-date: /home/amin/cobot/cobot_ws/install/mecharm_interfaces/include/mecharm_interfaces/mecharm_interfaces
[0.820s] -- Up-to-date: /home/amin/cobot/cobot_ws/install/mecharm_interfaces/include/mecharm_interfaces/mecharm_interfaces/srv
[0.820s] -- Up-to-date: /home/amin/cobot/cobot_ws/install/mecharm_interfaces/include/mecharm_interfaces/mecharm_interfaces/srv/detail
[0.820s] -- Up-to-date: /home/amin/cobot/cobot_ws/install/mecharm_interfaces/include/mecharm_interfaces/mecharm_interfaces/srv/detail/pump_status__rosidl_typesupport_fastrtps_c.h
[0.820s] -- Up-to-date: /home/amin/cobot/cobot_ws/install/mecharm_interfaces/include/mecharm_interfaces/mecharm_interfaces/srv/detail/get_coords__rosidl_typesupport_fastrtps_c.h
[0.821s] -- Up-to-date: /home/amin/cobot/cobot_ws/install/mecharm_interfaces/include/mecharm_interfaces/mecharm_interfaces/srv/detail/get_angles__rosidl_typesupport_fastrtps_c.h
[0.821s] -- Up-to-date: /home/amin/cobot/cobot_ws/install/mecharm_interfaces/include/mecharm_interfaces/mecharm_interfaces/srv/detail/set_angles__rosidl_typesupport_fastrtps_c.h
[0.821s] -- Up-to-date: /home/amin/cobot/cobot_ws/install/mecharm_interfaces/include/mecharm_interfaces/mecharm_interfaces/srv/detail/gripper_status__rosidl_typesupport_fastrtps_c.h
[0.821s] -- Up-to-date: /home/amin/cobot/cobot_ws/install/mecharm_interfaces/include/mecharm_interfaces/mecharm_interfaces/srv/detail/set_coords__rosidl_typesupport_fastrtps_c.h
[0.821s] -- Up-to-date: /home/amin/cobot/cobot_ws/install/mecharm_interfaces/include/mecharm_interfaces/mecharm_interfaces/msg
[0.821s] -- Up-to-date: /home/amin/cobot/cobot_ws/install/mecharm_interfaces/include/mecharm_interfaces/mecharm_interfaces/msg/detail
[0.821s] -- Up-to-date: /home/amin/cobot/cobot_ws/install/mecharm_interfaces/include/mecharm_interfaces/mecharm_interfaces/msg/detail/mecharm_set_coords__rosidl_typesupport_fastrtps_c.h
[0.821s] -- Up-to-date: /home/amin/cobot/cobot_ws/install/mecharm_interfaces/include/mecharm_interfaces/mecharm_interfaces/msg/detail/mecharm_angles__rosidl_typesupport_fastrtps_c.h
[0.821s] -- Up-to-date: /home/amin/cobot/cobot_ws/install/mecharm_interfaces/include/mecharm_interfaces/mecharm_interfaces/msg/detail/mecharm_coords__rosidl_typesupport_fastrtps_c.h
[0.821s] -- Up-to-date: /home/amin/cobot/cobot_ws/install/mecharm_interfaces/include/mecharm_interfaces/mecharm_interfaces/msg/detail/mecharm_gripper_status__rosidl_typesupport_fastrtps_c.h
[0.821s] -- Up-to-date: /home/amin/cobot/cobot_ws/install/mecharm_interfaces/include/mecharm_interfaces/mecharm_interfaces/msg/detail/mecharm_set_angles__rosidl_typesupport_fastrtps_c.h
[0.821s] -- Up-to-date: /home/amin/cobot/cobot_ws/install/mecharm_interfaces/include/mecharm_interfaces/mecharm_interfaces/msg/detail/mecharm_pump_status__rosidl_typesupport_fastrtps_c.h
[0.822s] -- Up-to-date: /home/amin/cobot/cobot_ws/install/mecharm_interfaces/include/mecharm_interfaces/mecharm_interfaces/msg/rosidl_typesupport_fastrtps_c__visibility_control.h
[0.822s] -- Up-to-date: /home/amin/cobot/cobot_ws/install/mecharm_interfaces/lib/libmecharm_interfaces__rosidl_typesupport_fastrtps_c.so
[0.822s] -- Up-to-date: /home/amin/cobot/cobot_ws/install/mecharm_interfaces/include/mecharm_interfaces/mecharm_interfaces
[0.822s] -- Up-to-date: /home/amin/cobot/cobot_ws/install/mecharm_interfaces/include/mecharm_interfaces/mecharm_interfaces/srv
[0.822s] -- Up-to-date: /home/amin/cobot/cobot_ws/install/mecharm_interfaces/include/mecharm_interfaces/mecharm_interfaces/srv/detail
[0.822s] -- Installing: /home/amin/cobot/cobot_ws/install/mecharm_interfaces/include/mecharm_interfaces/mecharm_interfaces/srv/detail/pump_status__type_support.c
[0.822s] -- Installing: /home/amin/cobot/cobot_ws/install/mecharm_interfaces/include/mecharm_interfaces/mecharm_interfaces/srv/detail/get_coords__type_support.c
[0.822s] -- Up-to-date: /home/amin/cobot/cobot_ws/install/mecharm_interfaces/include/mecharm_interfaces/mecharm_interfaces/srv/detail/set_angles__rosidl_typesupport_introspection_c.h
[0.822s] -- Installing: /home/amin/cobot/cobot_ws/install/mecharm_interfaces/include/mecharm_interfaces/mecharm_interfaces/srv/detail/set_coords__type_support.c
[0.822s] -- Installing: /home/amin/cobot/cobot_ws/install/mecharm_interfaces/include/mecharm_interfaces/mecharm_interfaces/srv/detail/set_angles__type_support.c
[0.822s] -- Up-to-date: /home/amin/cobot/cobot_ws/install/mecharm_interfaces/include/mecharm_interfaces/mecharm_interfaces/srv/detail/pump_status__rosidl_typesupport_introspection_c.h
[0.823s] -- Installing: /home/amin/cobot/cobot_ws/install/mecharm_interfaces/include/mecharm_interfaces/mecharm_interfaces/srv/detail/get_angles__type_support.c
[0.823s] -- Up-to-date: /home/amin/cobot/cobot_ws/install/mecharm_interfaces/include/mecharm_interfaces/mecharm_interfaces/srv/detail/get_angles__rosidl_typesupport_introspection_c.h
[0.823s] -- Installing: /home/amin/cobot/cobot_ws/install/mecharm_interfaces/include/mecharm_interfaces/mecharm_interfaces/srv/detail/gripper_status__type_support.c
[0.823s] -- Up-to-date: /home/amin/cobot/cobot_ws/install/mecharm_interfaces/include/mecharm_interfaces/mecharm_interfaces/srv/detail/set_coords__rosidl_typesupport_introspection_c.h
[0.823s] -- Up-to-date: /home/amin/cobot/cobot_ws/install/mecharm_interfaces/include/mecharm_interfaces/mecharm_interfaces/srv/detail/get_coords__rosidl_typesupport_introspection_c.h
[0.823s] -- Up-to-date: /home/amin/cobot/cobot_ws/install/mecharm_interfaces/include/mecharm_interfaces/mecharm_interfaces/srv/detail/gripper_status__rosidl_typesupport_introspection_c.h
[0.823s] -- Up-to-date: /home/amin/cobot/cobot_ws/install/mecharm_interfaces/include/mecharm_interfaces/mecharm_interfaces/msg
[0.823s] -- Up-to-date: /home/amin/cobot/cobot_ws/install/mecharm_interfaces/include/mecharm_interfaces/mecharm_interfaces/msg/detail
[0.823s] -- Installing: /home/amin/cobot/cobot_ws/install/mecharm_interfaces/include/mecharm_interfaces/mecharm_interfaces/msg/detail/mecharm_pump_status__type_support.c
[0.823s] -- Installing: /home/amin/cobot/cobot_ws/install/mecharm_interfaces/include/mecharm_interfaces/mecharm_interfaces/msg/detail/mecharm_set_coords__type_support.c
[0.823s] -- Up-to-date: /home/amin/cobot/cobot_ws/install/mecharm_interfaces/include/mecharm_interfaces/mecharm_interfaces/msg/detail/mecharm_set_coords__rosidl_typesupport_introspection_c.h
[0.824s] -- Installing: /home/amin/cobot/cobot_ws/install/mecharm_interfaces/include/mecharm_interfaces/mecharm_interfaces/msg/detail/mecharm_angles__type_support.c
[0.824s] -- Installing: /home/amin/cobot/cobot_ws/install/mecharm_interfaces/include/mecharm_interfaces/mecharm_interfaces/msg/detail/mecharm_coords__type_support.c
[0.824s] -- Up-to-date: /home/amin/cobot/cobot_ws/install/mecharm_interfaces/include/mecharm_interfaces/mecharm_interfaces/msg/detail/mecharm_coords__rosidl_typesupport_introspection_c.h
[0.824s] -- Up-to-date: /home/amin/cobot/cobot_ws/install/mecharm_interfaces/include/mecharm_interfaces/mecharm_interfaces/msg/detail/mecharm_pump_status__rosidl_typesupport_introspection_c.h
[0.824s] -- Installing: /home/amin/cobot/cobot_ws/install/mecharm_interfaces/include/mecharm_interfaces/mecharm_interfaces/msg/detail/mecharm_set_angles__type_support.c
[0.824s] -- Installing: /home/amin/cobot/cobot_ws/install/mecharm_interfaces/include/mecharm_interfaces/mecharm_interfaces/msg/detail/mecharm_gripper_status__type_support.c
[0.824s] -- Up-to-date: /home/amin/cobot/cobot_ws/install/mecharm_interfaces/include/mecharm_interfaces/mecharm_interfaces/msg/detail/mecharm_set_angles__rosidl_typesupport_introspection_c.h
[0.824s] -- Up-to-date: /home/amin/cobot/cobot_ws/install/mecharm_interfaces/include/mecharm_interfaces/mecharm_interfaces/msg/detail/mecharm_angles__rosidl_typesupport_introspection_c.h
[0.824s] -- Up-to-date: /home/amin/cobot/cobot_ws/install/mecharm_interfaces/include/mecharm_interfaces/mecharm_interfaces/msg/detail/mecharm_gripper_status__rosidl_typesupport_introspection_c.h
[0.824s] -- Up-to-date: /home/amin/cobot/cobot_ws/install/mecharm_interfaces/include/mecharm_interfaces/mecharm_interfaces/msg/rosidl_typesupport_introspection_c__visibility_control.h
[0.824s] -- Up-to-date: /home/amin/cobot/cobot_ws/install/mecharm_interfaces/lib/libmecharm_interfaces__rosidl_typesupport_introspection_c.so
[0.825s] -- Up-to-date: /home/amin/cobot/cobot_ws/install/mecharm_interfaces/lib/libmecharm_interfaces__rosidl_typesupport_c.so
[0.825s] -- Up-to-date: /home/amin/cobot/cobot_ws/install/mecharm_interfaces/include/mecharm_interfaces/mecharm_interfaces
[0.825s] -- Up-to-date: /home/amin/cobot/cobot_ws/install/mecharm_interfaces/include/mecharm_interfaces/mecharm_interfaces/srv
[0.825s] -- Up-to-date: /home/amin/cobot/cobot_ws/install/mecharm_interfaces/include/mecharm_interfaces/mecharm_interfaces/srv/set_angles.hpp
[0.825s] -- Up-to-date: /home/amin/cobot/cobot_ws/install/mecharm_interfaces/include/mecharm_interfaces/mecharm_interfaces/srv/get_coords.hpp
[0.825s] -- Up-to-date: /home/amin/cobot/cobot_ws/install/mecharm_interfaces/include/mecharm_interfaces/mecharm_interfaces/srv/gripper_status.hpp
[0.825s] -- Up-to-date: /home/amin/cobot/cobot_ws/install/mecharm_interfaces/include/mecharm_interfaces/mecharm_interfaces/srv/detail
[0.825s] -- Up-to-date: /home/amin/cobot/cobot_ws/install/mecharm_interfaces/include/mecharm_interfaces/mecharm_interfaces/srv/detail/get_coords__type_support.hpp
[0.825s] -- Up-to-date: /home/amin/cobot/cobot_ws/install/mecharm_interfaces/include/mecharm_interfaces/mecharm_interfaces/srv/detail/get_angles__builder.hpp
[0.825s] -- Up-to-date: /home/amin/cobot/cobot_ws/install/mecharm_interfaces/include/mecharm_interfaces/mecharm_interfaces/srv/detail/gripper_status__type_support.hpp
[0.825s] -- Up-to-date: /home/amin/cobot/cobot_ws/install/mecharm_interfaces/include/mecharm_interfaces/mecharm_interfaces/srv/detail/set_angles__traits.hpp
[0.826s] -- Up-to-date: /home/amin/cobot/cobot_ws/install/mecharm_interfaces/include/mecharm_interfaces/mecharm_interfaces/srv/detail/set_angles__builder.hpp
[0.826s] -- Up-to-date: /home/amin/cobot/cobot_ws/install/mecharm_interfaces/include/mecharm_interfaces/mecharm_interfaces/srv/detail/gripper_status__struct.hpp
[0.826s] -- Up-to-date: /home/amin/cobot/cobot_ws/install/mecharm_interfaces/include/mecharm_interfaces/mecharm_interfaces/srv/detail/gripper_status__traits.hpp
[0.826s] -- Up-to-date: /home/amin/cobot/cobot_ws/install/mecharm_interfaces/include/mecharm_interfaces/mecharm_interfaces/srv/detail/set_coords__struct.hpp
[0.826s] -- Up-to-date: /home/amin/cobot/cobot_ws/install/mecharm_interfaces/include/mecharm_interfaces/mecharm_interfaces/srv/detail/pump_status__builder.hpp
[0.826s] -- Up-to-date: /home/amin/cobot/cobot_ws/install/mecharm_interfaces/include/mecharm_interfaces/mecharm_interfaces/srv/detail/set_coords__builder.hpp
[0.826s] -- Up-to-date: /home/amin/cobot/cobot_ws/install/mecharm_interfaces/include/mecharm_interfaces/mecharm_interfaces/srv/detail/pump_status__type_support.hpp
[0.826s] -- Up-to-date: /home/amin/cobot/cobot_ws/install/mecharm_interfaces/include/mecharm_interfaces/mecharm_interfaces/srv/detail/get_coords__struct.hpp
[0.826s] -- Up-to-date: /home/amin/cobot/cobot_ws/install/mecharm_interfaces/include/mecharm_interfaces/mecharm_interfaces/srv/detail/gripper_status__builder.hpp
[0.826s] -- Up-to-date: /home/amin/cobot/cobot_ws/install/mecharm_interfaces/include/mecharm_interfaces/mecharm_interfaces/srv/detail/pump_status__traits.hpp
[0.826s] -- Up-to-date: /home/amin/cobot/cobot_ws/install/mecharm_interfaces/include/mecharm_interfaces/mecharm_interfaces/srv/detail/get_angles__type_support.hpp
[0.826s] -- Up-to-date: /home/amin/cobot/cobot_ws/install/mecharm_interfaces/include/mecharm_interfaces/mecharm_interfaces/srv/detail/get_coords__traits.hpp
[0.827s] -- Up-to-date: /home/amin/cobot/cobot_ws/install/mecharm_interfaces/include/mecharm_interfaces/mecharm_interfaces/srv/detail/set_angles__struct.hpp
[0.827s] -- Up-to-date: /home/amin/cobot/cobot_ws/install/mecharm_interfaces/include/mecharm_interfaces/mecharm_interfaces/srv/detail/get_angles__traits.hpp
[0.827s] -- Up-to-date: /home/amin/cobot/cobot_ws/install/mecharm_interfaces/include/mecharm_interfaces/mecharm_interfaces/srv/detail/get_coords__builder.hpp
[0.827s] -- Up-to-date: /home/amin/cobot/cobot_ws/install/mecharm_interfaces/include/mecharm_interfaces/mecharm_interfaces/srv/detail/set_coords__type_support.hpp
[0.827s] -- Up-to-date: /home/amin/cobot/cobot_ws/install/mecharm_interfaces/include/mecharm_interfaces/mecharm_interfaces/srv/detail/set_angles__type_support.hpp
[0.827s] -- Up-to-date: /home/amin/cobot/cobot_ws/install/mecharm_interfaces/include/mecharm_interfaces/mecharm_interfaces/srv/detail/set_coords__traits.hpp
[0.827s] -- Up-to-date: /home/amin/cobot/cobot_ws/install/mecharm_interfaces/include/mecharm_interfaces/mecharm_interfaces/srv/detail/get_angles__struct.hpp
[0.827s] -- Up-to-date: /home/amin/cobot/cobot_ws/install/mecharm_interfaces/include/mecharm_interfaces/mecharm_interfaces/srv/detail/pump_status__struct.hpp
[0.827s] -- Up-to-date: /home/amin/cobot/cobot_ws/install/mecharm_interfaces/include/mecharm_interfaces/mecharm_interfaces/srv/set_coords.hpp
[0.827s] -- Up-to-date: /home/amin/cobot/cobot_ws/install/mecharm_interfaces/include/mecharm_interfaces/mecharm_interfaces/srv/get_angles.hpp
[0.827s] -- Up-to-date: /home/amin/cobot/cobot_ws/install/mecharm_interfaces/include/mecharm_interfaces/mecharm_interfaces/srv/pump_status.hpp
[0.828s] -- Up-to-date: /home/amin/cobot/cobot_ws/install/mecharm_interfaces/include/mecharm_interfaces/mecharm_interfaces/msg
[0.828s] -- Up-to-date: /home/amin/cobot/cobot_ws/install/mecharm_interfaces/include/mecharm_interfaces/mecharm_interfaces/msg/detail
[0.828s] -- Up-to-date: /home/amin/cobot/cobot_ws/install/mecharm_interfaces/include/mecharm_interfaces/mecharm_interfaces/msg/detail/mecharm_gripper_status__traits.hpp
[0.828s] -- Up-to-date: /home/amin/cobot/cobot_ws/install/mecharm_interfaces/include/mecharm_interfaces/mecharm_interfaces/msg/detail/mecharm_pump_status__type_support.hpp
[0.828s] -- Up-to-date: /home/amin/cobot/cobot_ws/install/mecharm_interfaces/include/mecharm_interfaces/mecharm_interfaces/msg/detail/mecharm_pump_status__struct.hpp
[0.828s] -- Up-to-date: /home/amin/cobot/cobot_ws/install/mecharm_interfaces/include/mecharm_interfaces/mecharm_interfaces/msg/detail/mecharm_angles__struct.hpp
[0.828s] -- Up-to-date: /home/amin/cobot/cobot_ws/install/mecharm_interfaces/include/mecharm_interfaces/mecharm_interfaces/msg/detail/mecharm_coords__struct.hpp
[0.828s] -- Up-to-date: /home/amin/cobot/cobot_ws/install/mecharm_interfaces/include/mecharm_interfaces/mecharm_interfaces/msg/detail/mecharm_pump_status__traits.hpp
[0.828s] -- Up-to-date: /home/amin/cobot/cobot_ws/install/mecharm_interfaces/include/mecharm_interfaces/mecharm_interfaces/msg/detail/mecharm_set_coords__traits.hpp
[0.828s] -- Up-to-date: /home/amin/cobot/cobot_ws/install/mecharm_interfaces/include/mecharm_interfaces/mecharm_interfaces/msg/detail/mecharm_angles__traits.hpp
[0.828s] -- Up-to-date: /home/amin/cobot/cobot_ws/install/mecharm_interfaces/include/mecharm_interfaces/mecharm_interfaces/msg/detail/mecharm_angles__builder.hpp
[0.828s] -- Up-to-date: /home/amin/cobot/cobot_ws/install/mecharm_interfaces/include/mecharm_interfaces/mecharm_interfaces/msg/detail/mecharm_set_coords__builder.hpp
[0.829s] -- Up-to-date: /home/amin/cobot/cobot_ws/install/mecharm_interfaces/include/mecharm_interfaces/mecharm_interfaces/msg/detail/mecharm_set_coords__type_support.hpp
[0.829s] -- Up-to-date: /home/amin/cobot/cobot_ws/install/mecharm_interfaces/include/mecharm_interfaces/mecharm_interfaces/msg/detail/mecharm_set_angles__type_support.hpp
[0.829s] -- Up-to-date: /home/amin/cobot/cobot_ws/install/mecharm_interfaces/include/mecharm_interfaces/mecharm_interfaces/msg/detail/mecharm_gripper_status__builder.hpp
[0.829s] -- Up-to-date: /home/amin/cobot/cobot_ws/install/mecharm_interfaces/include/mecharm_interfaces/mecharm_interfaces/msg/detail/mecharm_set_angles__builder.hpp
[0.829s] -- Up-to-date: /home/amin/cobot/cobot_ws/install/mecharm_interfaces/include/mecharm_interfaces/mecharm_interfaces/msg/detail/mecharm_gripper_status__struct.hpp
[0.829s] -- Up-to-date: /home/amin/cobot/cobot_ws/install/mecharm_interfaces/include/mecharm_interfaces/mecharm_interfaces/msg/detail/mecharm_coords__type_support.hpp
[0.829s] -- Up-to-date: /home/amin/cobot/cobot_ws/install/mecharm_interfaces/include/mecharm_interfaces/mecharm_interfaces/msg/detail/mecharm_set_coords__struct.hpp
[0.829s] -- Up-to-date: /home/amin/cobot/cobot_ws/install/mecharm_interfaces/include/mecharm_interfaces/mecharm_interfaces/msg/detail/mecharm_coords__builder.hpp
[0.829s] -- Up-to-date: /home/amin/cobot/cobot_ws/install/mecharm_interfaces/include/mecharm_interfaces/mecharm_interfaces/msg/detail/mecharm_angles__type_support.hpp
[0.829s] -- Up-to-date: /home/amin/cobot/cobot_ws/install/mecharm_interfaces/include/mecharm_interfaces/mecharm_interfaces/msg/detail/mecharm_gripper_status__type_support.hpp
[0.829s] -- Up-to-date: /home/amin/cobot/cobot_ws/install/mecharm_interfaces/include/mecharm_interfaces/mecharm_interfaces/msg/detail/mecharm_set_angles__traits.hpp
[0.830s] -- Up-to-date: /home/amin/cobot/cobot_ws/install/mecharm_interfaces/include/mecharm_interfaces/mecharm_interfaces/msg/detail/mecharm_set_angles__struct.hpp
[0.830s] -- Up-to-date: /home/amin/cobot/cobot_ws/install/mecharm_interfaces/include/mecharm_interfaces/mecharm_interfaces/msg/detail/mecharm_coords__traits.hpp
[0.830s] -- Up-to-date: /home/amin/cobot/cobot_ws/install/mecharm_interfaces/include/mecharm_interfaces/mecharm_interfaces/msg/detail/mecharm_pump_status__builder.hpp
[0.830s] -- Up-to-date: /home/amin/cobot/cobot_ws/install/mecharm_interfaces/include/mecharm_interfaces/mecharm_interfaces/msg/mecharm_pump_status.hpp
[0.830s] -- Up-to-date: /home/amin/cobot/cobot_ws/install/mecharm_interfaces/include/mecharm_interfaces/mecharm_interfaces/msg/mecharm_gripper_status.hpp
[0.830s] -- Up-to-date: /home/amin/cobot/cobot_ws/install/mecharm_interfaces/include/mecharm_interfaces/mecharm_interfaces/msg/mecharm_set_coords.hpp
[0.830s] -- Up-to-date: /home/amin/cobot/cobot_ws/install/mecharm_interfaces/include/mecharm_interfaces/mecharm_interfaces/msg/mecharm_coords.hpp
[0.830s] -- Up-to-date: /home/amin/cobot/cobot_ws/install/mecharm_interfaces/include/mecharm_interfaces/mecharm_interfaces/msg/mecharm_set_angles.hpp
[0.830s] -- Up-to-date: /home/amin/cobot/cobot_ws/install/mecharm_interfaces/include/mecharm_interfaces/mecharm_interfaces/msg/mecharm_angles.hpp
[0.830s] -- Up-to-date: /home/amin/cobot/cobot_ws/install/mecharm_interfaces/include/mecharm_interfaces/mecharm_interfaces/msg/rosidl_generator_cpp__visibility_control.hpp
[0.830s] -- Up-to-date: /home/amin/cobot/cobot_ws/install/mecharm_interfaces/include/mecharm_interfaces/mecharm_interfaces
[0.830s] -- Up-to-date: /home/amin/cobot/cobot_ws/install/mecharm_interfaces/include/mecharm_interfaces/mecharm_interfaces/srv
[0.831s] -- Up-to-date: /home/amin/cobot/cobot_ws/install/mecharm_interfaces/include/mecharm_interfaces/mecharm_interfaces/srv/detail
[0.831s] -- Up-to-date: /home/amin/cobot/cobot_ws/install/mecharm_interfaces/include/mecharm_interfaces/mecharm_interfaces/srv/detail/gripper_status__rosidl_typesupport_fastrtps_cpp.hpp
[0.831s] -- Up-to-date: /home/amin/cobot/cobot_ws/install/mecharm_interfaces/include/mecharm_interfaces/mecharm_interfaces/srv/detail/pump_status__rosidl_typesupport_fastrtps_cpp.hpp
[0.831s] -- Up-to-date: /home/amin/cobot/cobot_ws/install/mecharm_interfaces/include/mecharm_interfaces/mecharm_interfaces/srv/detail/dds_fastrtps
[0.831s] -- Up-to-date: /home/amin/cobot/cobot_ws/install/mecharm_interfaces/include/mecharm_interfaces/mecharm_interfaces/srv/detail/get_angles__rosidl_typesupport_fastrtps_cpp.hpp
[0.831s] -- Up-to-date: /home/amin/cobot/cobot_ws/install/mecharm_interfaces/include/mecharm_interfaces/mecharm_interfaces/srv/detail/set_coords__rosidl_typesupport_fastrtps_cpp.hpp
[0.831s] -- Up-to-date: /home/amin/cobot/cobot_ws/install/mecharm_interfaces/include/mecharm_interfaces/mecharm_interfaces/srv/detail/get_coords__rosidl_typesupport_fastrtps_cpp.hpp
[0.831s] -- Up-to-date: /home/amin/cobot/cobot_ws/install/mecharm_interfaces/include/mecharm_interfaces/mecharm_interfaces/srv/detail/set_angles__rosidl_typesupport_fastrtps_cpp.hpp
[0.831s] -- Up-to-date: /home/amin/cobot/cobot_ws/install/mecharm_interfaces/include/mecharm_interfaces/mecharm_interfaces/msg
[0.831s] -- Up-to-date: /home/amin/cobot/cobot_ws/install/mecharm_interfaces/include/mecharm_interfaces/mecharm_interfaces/msg/detail
[0.831s] -- Up-to-date: /home/amin/cobot/cobot_ws/install/mecharm_interfaces/include/mecharm_interfaces/mecharm_interfaces/msg/detail/dds_fastrtps
[0.832s] -- Up-to-date: /home/amin/cobot/cobot_ws/install/mecharm_interfaces/include/mecharm_interfaces/mecharm_interfaces/msg/detail/mecharm_pump_status__rosidl_typesupport_fastrtps_cpp.hpp
[0.832s] -- Up-to-date: /home/amin/cobot/cobot_ws/install/mecharm_interfaces/include/mecharm_interfaces/mecharm_interfaces/msg/detail/mecharm_set_coords__rosidl_typesupport_fastrtps_cpp.hpp
[0.832s] -- Up-to-date: /home/amin/cobot/cobot_ws/install/mecharm_interfaces/include/mecharm_interfaces/mecharm_interfaces/msg/detail/mecharm_angles__rosidl_typesupport_fastrtps_cpp.hpp
[0.832s] -- Up-to-date: /home/amin/cobot/cobot_ws/install/mecharm_interfaces/include/mecharm_interfaces/mecharm_interfaces/msg/detail/mecharm_set_angles__rosidl_typesupport_fastrtps_cpp.hpp
[0.832s] -- Up-to-date: /home/amin/cobot/cobot_ws/install/mecharm_interfaces/include/mecharm_interfaces/mecharm_interfaces/msg/detail/mecharm_coords__rosidl_typesupport_fastrtps_cpp.hpp
[0.832s] -- Up-to-date: /home/amin/cobot/cobot_ws/install/mecharm_interfaces/include/mecharm_interfaces/mecharm_interfaces/msg/detail/mecharm_gripper_status__rosidl_typesupport_fastrtps_cpp.hpp
[0.832s] -- Up-to-date: /home/amin/cobot/cobot_ws/install/mecharm_interfaces/include/mecharm_interfaces/mecharm_interfaces/msg/rosidl_typesupport_fastrtps_cpp__visibility_control.h
[0.832s] -- Up-to-date: /home/amin/cobot/cobot_ws/install/mecharm_interfaces/lib/libmecharm_interfaces__rosidl_typesupport_fastrtps_cpp.so
[0.832s] -- Up-to-date: /home/amin/cobot/cobot_ws/install/mecharm_interfaces/include/mecharm_interfaces/mecharm_interfaces
[0.833s] -- Up-to-date: /home/amin/cobot/cobot_ws/install/mecharm_interfaces/include/mecharm_interfaces/mecharm_interfaces/srv
[0.833s] -- Up-to-date: /home/amin/cobot/cobot_ws/install/mecharm_interfaces/include/mecharm_interfaces/mecharm_interfaces/srv/detail
[0.833s] -- Up-to-date: /home/amin/cobot/cobot_ws/install/mecharm_interfaces/include/mecharm_interfaces/mecharm_interfaces/srv/detail/set_coords__type_support.cpp
[0.833s] -- Up-to-date: /home/amin/cobot/cobot_ws/install/mecharm_interfaces/include/mecharm_interfaces/mecharm_interfaces/srv/detail/pump_status__rosidl_typesupport_introspection_cpp.hpp
[0.833s] -- Up-to-date: /home/amin/cobot/cobot_ws/install/mecharm_interfaces/include/mecharm_interfaces/mecharm_interfaces/srv/detail/gripper_status__type_support.cpp
[0.833s] -- Up-to-date: /home/amin/cobot/cobot_ws/install/mecharm_interfaces/include/mecharm_interfaces/mecharm_interfaces/srv/detail/gripper_status__rosidl_typesupport_introspection_cpp.hpp
[0.833s] -- Up-to-date: /home/amin/cobot/cobot_ws/install/mecharm_interfaces/include/mecharm_interfaces/mecharm_interfaces/srv/detail/get_coords__type_support.cpp
[0.833s] -- Up-to-date: /home/amin/cobot/cobot_ws/install/mecharm_interfaces/include/mecharm_interfaces/mecharm_interfaces/srv/detail/set_angles__rosidl_typesupport_introspection_cpp.hpp
[0.833s] -- Up-to-date: /home/amin/cobot/cobot_ws/install/mecharm_interfaces/include/mecharm_interfaces/mecharm_interfaces/srv/detail/set_angles__type_support.cpp
[0.833s] -- Up-to-date: /home/amin/cobot/cobot_ws/install/mecharm_interfaces/include/mecharm_interfaces/mecharm_interfaces/srv/detail/get_angles__type_support.cpp
[0.835s] -- Up-to-date: /home/amin/cobot/cobot_ws/install/mecharm_interfaces/include/mecharm_interfaces/mecharm_interfaces/srv/detail/pump_status__type_support.cpp
[0.835s] -- Up-to-date: /home/amin/cobot/cobot_ws/install/mecharm_interfaces/include/mecharm_interfaces/mecharm_interfaces/srv/detail/get_angles__rosidl_typesupport_introspection_cpp.hpp
[0.835s] -- Up-to-date: /home/amin/cobot/cobot_ws/install/mecharm_interfaces/include/mecharm_interfaces/mecharm_interfaces/srv/detail/set_coords__rosidl_typesupport_introspection_cpp.hpp
[0.836s] -- Up-to-date: /home/amin/cobot/cobot_ws/install/mecharm_interfaces/include/mecharm_interfaces/mecharm_interfaces/srv/detail/get_coords__rosidl_typesupport_introspection_cpp.hpp
[0.836s] -- Up-to-date: /home/amin/cobot/cobot_ws/install/mecharm_interfaces/include/mecharm_interfaces/mecharm_interfaces/msg
[0.836s] -- Up-to-date: /home/amin/cobot/cobot_ws/install/mecharm_interfaces/include/mecharm_interfaces/mecharm_interfaces/msg/detail
[0.836s] -- Up-to-date: /home/amin/cobot/cobot_ws/install/mecharm_interfaces/include/mecharm_interfaces/mecharm_interfaces/msg/detail/mecharm_coords__rosidl_typesupport_introspection_cpp.hpp
[0.836s] -- Up-to-date: /home/amin/cobot/cobot_ws/install/mecharm_interfaces/include/mecharm_interfaces/mecharm_interfaces/msg/detail/mecharm_gripper_status__type_support.cpp
[0.836s] -- Up-to-date: /home/amin/cobot/cobot_ws/install/mecharm_interfaces/include/mecharm_interfaces/mecharm_interfaces/msg/detail/mecharm_set_angles__rosidl_typesupport_introspection_cpp.hpp
[0.836s] -- Up-to-date: /home/amin/cobot/cobot_ws/install/mecharm_interfaces/include/mecharm_interfaces/mecharm_interfaces/msg/detail/mecharm_set_coords__rosidl_typesupport_introspection_cpp.hpp
[0.836s] -- Up-to-date: /home/amin/cobot/cobot_ws/install/mecharm_interfaces/include/mecharm_interfaces/mecharm_interfaces/msg/detail/mecharm_set_angles__type_support.cpp
[0.836s] -- Up-to-date: /home/amin/cobot/cobot_ws/install/mecharm_interfaces/include/mecharm_interfaces/mecharm_interfaces/msg/detail/mecharm_pump_status__rosidl_typesupport_introspection_cpp.hpp
[0.836s] -- Up-to-date: /home/amin/cobot/cobot_ws/install/mecharm_interfaces/include/mecharm_interfaces/mecharm_interfaces/msg/detail/mecharm_pump_status__type_support.cpp
[0.836s] -- Up-to-date: /home/amin/cobot/cobot_ws/install/mecharm_interfaces/include/mecharm_interfaces/mecharm_interfaces/msg/detail/mecharm_angles__rosidl_typesupport_introspection_cpp.hpp
[0.836s] -- Up-to-date: /home/amin/cobot/cobot_ws/install/mecharm_interfaces/include/mecharm_interfaces/mecharm_interfaces/msg/detail/mecharm_coords__type_support.cpp
[0.837s] -- Up-to-date: /home/amin/cobot/cobot_ws/install/mecharm_interfaces/include/mecharm_interfaces/mecharm_interfaces/msg/detail/mecharm_set_coords__type_support.cpp
[0.837s] -- Up-to-date: /home/amin/cobot/cobot_ws/install/mecharm_interfaces/include/mecharm_interfaces/mecharm_interfaces/msg/detail/mecharm_angles__type_support.cpp
[0.837s] -- Up-to-date: /home/amin/cobot/cobot_ws/install/mecharm_interfaces/include/mecharm_interfaces/mecharm_interfaces/msg/detail/mecharm_gripper_status__rosidl_typesupport_introspection_cpp.hpp
[0.837s] -- Up-to-date: /home/amin/cobot/cobot_ws/install/mecharm_interfaces/lib/libmecharm_interfaces__rosidl_typesupport_introspection_cpp.so
[0.837s] -- Up-to-date: /home/amin/cobot/cobot_ws/install/mecharm_interfaces/lib/libmecharm_interfaces__rosidl_typesupport_cpp.so
[0.837s] -- Up-to-date: /home/amin/cobot/cobot_ws/install/mecharm_interfaces/share/mecharm_interfaces/environment/pythonpath.sh
[0.837s] -- Up-to-date: /home/amin/cobot/cobot_ws/install/mecharm_interfaces/share/mecharm_interfaces/environment/pythonpath.dsv
[0.837s] -- Up-to-date: /home/amin/cobot/cobot_ws/install/mecharm_interfaces/lib/python3.12/site-packages/mecharm_interfaces-0.0.0-py3.12.egg-info
[0.837s] -- Installing: /home/amin/cobot/cobot_ws/install/mecharm_interfaces/lib/python3.12/site-packages/mecharm_interfaces-0.0.0-py3.12.egg-info/SOURCES.txt
[0.837s] -- Installing: /home/amin/cobot/cobot_ws/install/mecharm_interfaces/lib/python3.12/site-packages/mecharm_interfaces-0.0.0-py3.12.egg-info/PKG-INFO
[0.837s] -- Installing: /home/amin/cobot/cobot_ws/install/mecharm_interfaces/lib/python3.12/site-packages/mecharm_interfaces-0.0.0-py3.12.egg-info/top_level.txt
[0.838s] -- Installing: /home/amin/cobot/cobot_ws/install/mecharm_interfaces/lib/python3.12/site-packages/mecharm_interfaces-0.0.0-py3.12.egg-info/dependency_links.txt
[0.838s] -- Up-to-date: /home/amin/cobot/cobot_ws/install/mecharm_interfaces/lib/python3.12/site-packages/mecharm_interfaces
[0.838s] -- Up-to-date: /home/amin/cobot/cobot_ws/install/mecharm_interfaces/lib/python3.12/site-packages/mecharm_interfaces/_mecharm_interfaces_s.ep.rosidl_typesupport_fastrtps_c.c
[0.838s] -- Up-to-date: /home/amin/cobot/cobot_ws/install/mecharm_interfaces/lib/python3.12/site-packages/mecharm_interfaces/mecharm_interfaces_s__rosidl_typesupport_c.so
[0.838s] -- Up-to-date: /home/amin/cobot/cobot_ws/install/mecharm_interfaces/lib/python3.12/site-packages/mecharm_interfaces/__init__.py
[0.838s] -- Up-to-date: /home/amin/cobot/cobot_ws/install/mecharm_interfaces/lib/python3.12/site-packages/mecharm_interfaces/srv
[0.840s] -- Up-to-date: /home/amin/cobot/cobot_ws/install/mecharm_interfaces/lib/python3.12/site-packages/mecharm_interfaces/srv/_get_coords_s.c
[0.840s] -- Up-to-date: /home/amin/cobot/cobot_ws/install/mecharm_interfaces/lib/python3.12/site-packages/mecharm_interfaces/srv/_get_angles_s.c
[0.840s] -- Up-to-date: /home/amin/cobot/cobot_ws/install/mecharm_interfaces/lib/python3.12/site-packages/mecharm_interfaces/srv/_get_angles.py
[0.840s] -- Up-to-date: /home/amin/cobot/cobot_ws/install/mecharm_interfaces/lib/python3.12/site-packages/mecharm_interfaces/srv/_set_angles.py
[0.840s] -- Up-to-date: /home/amin/cobot/cobot_ws/install/mecharm_interfaces/lib/python3.12/site-packages/mecharm_interfaces/srv/_pump_status.py
[0.840s] -- Up-to-date: /home/amin/cobot/cobot_ws/install/mecharm_interfaces/lib/python3.12/site-packages/mecharm_interfaces/srv/_pump_status_s.c
[0.841s] -- Up-to-date: /home/amin/cobot/cobot_ws/install/mecharm_interfaces/lib/python3.12/site-packages/mecharm_interfaces/srv/_set_coords.py
[0.841s] -- Up-to-date: /home/amin/cobot/cobot_ws/install/mecharm_interfaces/lib/python3.12/site-packages/mecharm_interfaces/srv/__init__.py
[0.841s] -- Up-to-date: /home/amin/cobot/cobot_ws/install/mecharm_interfaces/lib/python3.12/site-packages/mecharm_interfaces/srv/_get_coords.py
[0.841s] -- Up-to-date: /home/amin/cobot/cobot_ws/install/mecharm_interfaces/lib/python3.12/site-packages/mecharm_interfaces/srv/_gripper_status_s.c
[0.841s] -- Up-to-date: /home/amin/cobot/cobot_ws/install/mecharm_interfaces/lib/python3.12/site-packages/mecharm_interfaces/srv/_gripper_status.py
[0.841s] -- Up-to-date: /home/amin/cobot/cobot_ws/install/mecharm_interfaces/lib/python3.12/site-packages/mecharm_interfaces/srv/_set_coords_s.c
[0.841s] -- Up-to-date: /home/amin/cobot/cobot_ws/install/mecharm_interfaces/lib/python3.12/site-packages/mecharm_interfaces/srv/_set_angles_s.c
[0.841s] -- Up-to-date: /home/amin/cobot/cobot_ws/install/mecharm_interfaces/lib/python3.12/site-packages/mecharm_interfaces/msg
[0.841s] -- Up-to-date: /home/amin/cobot/cobot_ws/install/mecharm_interfaces/lib/python3.12/site-packages/mecharm_interfaces/msg/_mecharm_coords.py
[0.841s] -- Up-to-date: /home/amin/cobot/cobot_ws/install/mecharm_interfaces/lib/python3.12/site-packages/mecharm_interfaces/msg/__init__.py
[0.842s] -- Up-to-date: /home/amin/cobot/cobot_ws/install/mecharm_interfaces/lib/python3.12/site-packages/mecharm_interfaces/msg/_mecharm_pump_status.py
[0.842s] -- Up-to-date: /home/amin/cobot/cobot_ws/install/mecharm_interfaces/lib/python3.12/site-packages/mecharm_interfaces/msg/_mecharm_gripper_status_s.c
[0.843s] -- Up-to-date: /home/amin/cobot/cobot_ws/install/mecharm_interfaces/lib/python3.12/site-packages/mecharm_interfaces/msg/_mecharm_set_coords.py
[0.847s] -- Up-to-date: /home/amin/cobot/cobot_ws/install/mecharm_interfaces/lib/python3.12/site-packages/mecharm_interfaces/msg/_mecharm_set_coords_s.c
[0.847s] -- Up-to-date: /home/amin/cobot/cobot_ws/install/mecharm_interfaces/lib/python3.12/site-packages/mecharm_interfaces/msg/_mecharm_set_angles_s.c
[0.847s] -- Up-to-date: /home/amin/cobot/cobot_ws/install/mecharm_interfaces/lib/python3.12/site-packages/mecharm_interfaces/msg/_mecharm_angles.py
[0.848s] -- Up-to-date: /home/amin/cobot/cobot_ws/install/mecharm_interfaces/lib/python3.12/site-packages/mecharm_interfaces/msg/_mecharm_gripper_status.py
[0.848s] -- Up-to-date: /home/amin/cobot/cobot_ws/install/mecharm_interfaces/lib/python3.12/site-packages/mecharm_interfaces/msg/_mecharm_pump_status_s.c
[0.848s] -- Up-to-date: /home/amin/cobot/cobot_ws/install/mecharm_interfaces/lib/python3.12/site-packages/mecharm_interfaces/msg/_mecharm_coords_s.c
[0.848s] -- Up-to-date: /home/amin/cobot/cobot_ws/install/mecharm_interfaces/lib/python3.12/site-packages/mecharm_interfaces/msg/_mecharm_angles_s.c
[0.848s] -- Up-to-date: /home/amin/cobot/cobot_ws/install/mecharm_interfaces/lib/python3.12/site-packages/mecharm_interfaces/msg/_mecharm_set_angles.py
[0.848s] -- Up-to-date: /home/amin/cobot/cobot_ws/install/mecharm_interfaces/lib/python3.12/site-packages/mecharm_interfaces/mecharm_interfaces_s__rosidl_typesupport_fastrtps_c.so
[0.849s] -- Up-to-date: /home/amin/cobot/cobot_ws/install/mecharm_interfaces/lib/python3.12/site-packages/mecharm_interfaces/_mecharm_interfaces_s.ep.rosidl_typesupport_introspection_c.c
[0.849s] -- Up-to-date: /home/amin/cobot/cobot_ws/install/mecharm_interfaces/lib/python3.12/site-packages/mecharm_interfaces/_mecharm_interfaces_s.ep.rosidl_typesupport_c.c
[0.849s] -- Up-to-date: /home/amin/cobot/cobot_ws/install/mecharm_interfaces/lib/python3.12/site-packages/mecharm_interfaces/mecharm_interfaces_s__rosidl_typesupport_introspection_c.so
[0.895s] Listing '/home/amin/cobot/cobot_ws/install/mecharm_interfaces/lib/python3.12/site-packages/mecharm_interfaces'...
[0.895s] Listing '/home/amin/cobot/cobot_ws/install/mecharm_interfaces/lib/python3.12/site-packages/mecharm_interfaces/msg'...
[0.895s] Listing '/home/amin/cobot/cobot_ws/install/mecharm_interfaces/lib/python3.12/site-packages/mecharm_interfaces/srv'...
[0.895s] -- Up-to-date: /home/amin/cobot/cobot_ws/install/mecharm_interfaces/lib/python3.12/site-packages/mecharm_interfaces/mecharm_interfaces_s__rosidl_typesupport_fastrtps_c.so
[0.895s] -- Up-to-date: /home/amin/cobot/cobot_ws/install/mecharm_interfaces/lib/python3.12/site-packages/mecharm_interfaces/mecharm_interfaces_s__rosidl_typesupport_introspection_c.so
[0.895s] -- Up-to-date: /home/amin/cobot/cobot_ws/install/mecharm_interfaces/lib/python3.12/site-packages/mecharm_interfaces/mecharm_interfaces_s__rosidl_typesupport_c.so
[0.895s] -- Up-to-date: /home/amin/cobot/cobot_ws/install/mecharm_interfaces/lib/libmecharm_interfaces__rosidl_generator_py.so
[0.895s] -- Up-to-date: /home/amin/cobot/cobot_ws/install/mecharm_interfaces/share/mecharm_interfaces/msg/MecharmAngles.idl
[0.895s] -- Up-to-date: /home/amin/cobot/cobot_ws/install/mecharm_interfaces/share/mecharm_interfaces/msg/MecharmCoords.idl
[0.895s] -- Up-to-date: /home/amin/cobot/cobot_ws/install/mecharm_interfaces/share/mecharm_interfaces/msg/MecharmSetAngles.idl
[0.896s] -- Up-to-date: /home/amin/cobot/cobot_ws/install/mecharm_interfaces/share/mecharm_interfaces/msg/MecharmSetCoords.idl
[0.896s] -- Up-to-date: /home/amin/cobot/cobot_ws/install/mecharm_interfaces/share/mecharm_interfaces/msg/MecharmGripperStatus.idl
[0.896s] -- Up-to-date: /home/amin/cobot/cobot_ws/install/mecharm_interfaces/share/mecharm_interfaces/msg/MecharmPumpStatus.idl
[0.896s] -- Up-to-date: /home/amin/cobot/cobot_ws/install/mecharm_interfaces/share/mecharm_interfaces/srv/GetAngles.idl
[0.896s] -- Up-to-date: /home/amin/cobot/cobot_ws/install/mecharm_interfaces/share/mecharm_interfaces/srv/SetAngles.idl
[0.896s] -- Up-to-date: /home/amin/cobot/cobot_ws/install/mecharm_interfaces/share/mecharm_interfaces/srv/GetCoords.idl
[0.896s] -- Up-to-date: /home/amin/cobot/cobot_ws/install/mecharm_interfaces/share/mecharm_interfaces/srv/SetCoords.idl
[0.896s] -- Up-to-date: /home/amin/cobot/cobot_ws/install/mecharm_interfaces/share/mecharm_interfaces/srv/GripperStatus.idl
[0.896s] -- Up-to-date: /home/amin/cobot/cobot_ws/install/mecharm_interfaces/share/mecharm_interfaces/srv/PumpStatus.idl
[0.896s] -- Up-to-date: /home/amin/cobot/cobot_ws/install/mecharm_interfaces/share/mecharm_interfaces/msg/MecharmAngles.msg
[0.896s] -- Up-to-date: /home/amin/cobot/cobot_ws/install/mecharm_interfaces/share/mecharm_interfaces/msg/MecharmCoords.msg
[0.896s] -- Up-to-date: /home/amin/cobot/cobot_ws/install/mecharm_interfaces/share/mecharm_interfaces/msg/MecharmSetAngles.msg
[0.896s] -- Up-to-date: /home/amin/cobot/cobot_ws/install/mecharm_interfaces/share/mecharm_interfaces/msg/MecharmSetCoords.msg
[0.896s] -- Up-to-date: /home/amin/cobot/cobot_ws/install/mecharm_interfaces/share/mecharm_interfaces/msg/MecharmGripperStatus.msg
[0.896s] -- Up-to-date: /home/amin/cobot/cobot_ws/install/mecharm_interfaces/share/mecharm_interfaces/msg/MecharmPumpStatus.msg
[0.896s] -- Up-to-date: /home/amin/cobot/cobot_ws/install/mecharm_interfaces/share/mecharm_interfaces/srv/GetAngles.srv
[0.896s] -- Up-to-date: /home/amin/cobot/cobot_ws/install/mecharm_interfaces/share/mecharm_interfaces/srv/SetAngles.srv
[0.897s] -- Up-to-date: /home/amin/cobot/cobot_ws/install/mecharm_interfaces/share/mecharm_interfaces/srv/GetCoords.srv
[0.897s] -- Up-to-date: /home/amin/cobot/cobot_ws/install/mecharm_interfaces/share/mecharm_interfaces/srv/SetCoords.srv
[0.897s] -- Up-to-date: /home/amin/cobot/cobot_ws/install/mecharm_interfaces/share/mecharm_interfaces/srv/GripperStatus.srv
[0.897s] -- Up-to-date: /home/amin/cobot/cobot_ws/install/mecharm_interfaces/share/mecharm_interfaces/srv/PumpStatus.srv
[0.897s] -- Up-to-date: /home/amin/cobot/cobot_ws/install/mecharm_interfaces/share/ament_index/resource_index/package_run_dependencies/mecharm_interfaces
[0.897s] -- Up-to-date: /home/amin/cobot/cobot_ws/install/mecharm_interfaces/share/ament_index/resource_index/parent_prefix_path/mecharm_interfaces
[0.897s] -- Up-to-date: /home/amin/cobot/cobot_ws/install/mecharm_interfaces/share/mecharm_interfaces/environment/ament_prefix_path.sh
[0.897s] -- Up-to-date: /home/amin/cobot/cobot_ws/install/mecharm_interfaces/share/mecharm_interfaces/environment/ament_prefix_path.dsv
[0.897s] -- Up-to-date: /home/amin/cobot/cobot_ws/install/mecharm_interfaces/share/mecharm_interfaces/environment/path.sh
[0.897s] -- Up-to-date: /home/amin/cobot/cobot_ws/install/mecharm_interfaces/share/mecharm_interfaces/environment/path.dsv
[0.897s] -- Up-to-date: /home/amin/cobot/cobot_ws/install/mecharm_interfaces/share/mecharm_interfaces/local_setup.bash
[0.897s] -- Up-to-date: /home/amin/cobot/cobot_ws/install/mecharm_interfaces/share/mecharm_interfaces/local_setup.sh
[0.897s] -- Up-to-date: /home/amin/cobot/cobot_ws/install/mecharm_interfaces/share/mecharm_interfaces/local_setup.zsh
[0.897s] -- Up-to-date: /home/amin/cobot/cobot_ws/install/mecharm_interfaces/share/mecharm_interfaces/local_setup.dsv
[0.898s] -- Installing: /home/amin/cobot/cobot_ws/install/mecharm_interfaces/share/mecharm_interfaces/package.dsv
[0.898s] -- Up-to-date: /home/amin/cobot/cobot_ws/install/mecharm_interfaces/share/ament_index/resource_index/packages/mecharm_interfaces
[0.898s] -- Up-to-date: /home/amin/cobot/cobot_ws/install/mecharm_interfaces/share/mecharm_interfaces/cmake/export_mecharm_interfaces__rosidl_generator_cExport.cmake
[0.898s] -- Up-to-date: /home/amin/cobot/cobot_ws/install/mecharm_interfaces/share/mecharm_interfaces/cmake/export_mecharm_interfaces__rosidl_generator_cExport-noconfig.cmake
[0.898s] -- Up-to-date: /home/amin/cobot/cobot_ws/install/mecharm_interfaces/share/mecharm_interfaces/cmake/export_mecharm_interfaces__rosidl_typesupport_fastrtps_cExport.cmake
[0.898s] -- Up-to-date: /home/amin/cobot/cobot_ws/install/mecharm_interfaces/share/mecharm_interfaces/cmake/export_mecharm_interfaces__rosidl_typesupport_fastrtps_cExport-noconfig.cmake
[0.898s] -- Up-to-date: /home/amin/cobot/cobot_ws/install/mecharm_interfaces/share/mecharm_interfaces/cmake/mecharm_interfaces__rosidl_typesupport_introspection_cExport.cmake
[0.898s] -- Up-to-date: /home/amin/cobot/cobot_ws/install/mecharm_interfaces/share/mecharm_interfaces/cmake/mecharm_interfaces__rosidl_typesupport_introspection_cExport-noconfig.cmake
[0.898s] -- Up-to-date: /home/amin/cobot/cobot_ws/install/mecharm_interfaces/share/mecharm_interfaces/cmake/mecharm_interfaces__rosidl_typesupport_cExport.cmake
[0.898s] -- Up-to-date: /home/amin/cobot/cobot_ws/install/mecharm_interfaces/share/mecharm_interfaces/cmake/mecharm_interfaces__rosidl_typesupport_cExport-noconfig.cmake
[0.898s] -- Up-to-date: /home/amin/cobot/cobot_ws/install/mecharm_interfaces/share/mecharm_interfaces/cmake/export_mecharm_interfaces__rosidl_generator_cppExport.cmake
[0.898s] -- Up-to-date: /home/amin/cobot/cobot_ws/install/mecharm_interfaces/share/mecharm_interfaces/cmake/export_mecharm_interfaces__rosidl_typesupport_fastrtps_cppExport.cmake
[0.898s] -- Up-to-date: /home/amin/cobot/cobot_ws/install/mecharm_interfaces/share/mecharm_interfaces/cmake/export_mecharm_interfaces__rosidl_typesupport_fastrtps_cppExport-noconfig.cmake
[0.898s] -- Up-to-date: /home/amin/cobot/cobot_ws/install/mecharm_interfaces/share/mecharm_interfaces/cmake/mecharm_interfaces__rosidl_typesupport_introspection_cppExport.cmake
[0.898s] -- Up-to-date: /home/amin/cobot/cobot_ws/install/mecharm_interfaces/share/mecharm_interfaces/cmake/mecharm_interfaces__rosidl_typesupport_introspection_cppExport-noconfig.cmake
[0.898s] -- Up-to-date: /home/amin/cobot/cobot_ws/install/mecharm_interfaces/share/mecharm_interfaces/cmake/mecharm_interfaces__rosidl_typesupport_cppExport.cmake
[0.898s] -- Up-to-date: /home/amin/cobot/cobot_ws/install/mecharm_interfaces/share/mecharm_interfaces/cmake/mecharm_interfaces__rosidl_typesupport_cppExport-noconfig.cmake
[0.898s] -- Up-to-date: /home/amin/cobot/cobot_ws/install/mecharm_interfaces/share/mecharm_interfaces/cmake/export_mecharm_interfaces__rosidl_generator_pyExport.cmake
[0.898s] -- Up-to-date: /home/amin/cobot/cobot_ws/install/mecharm_interfaces/share/mecharm_interfaces/cmake/export_mecharm_interfaces__rosidl_generator_pyExport-noconfig.cmake
[0.898s] -- Up-to-date: /home/amin/cobot/cobot_ws/install/mecharm_interfaces/share/mecharm_interfaces/cmake/rosidl_cmake-extras.cmake
[0.899s] -- Up-to-date: /home/amin/cobot/cobot_ws/install/mecharm_interfaces/share/mecharm_interfaces/cmake/ament_cmake_export_dependencies-extras.cmake
[0.899s] -- Up-to-date: /home/amin/cobot/cobot_ws/install/mecharm_interfaces/share/mecharm_interfaces/cmake/ament_cmake_export_include_directories-extras.cmake
[0.899s] -- Up-to-date: /home/amin/cobot/cobot_ws/install/mecharm_interfaces/share/mecharm_interfaces/cmake/ament_cmake_export_libraries-extras.cmake
[0.899s] -- Up-to-date: /home/amin/cobot/cobot_ws/install/mecharm_interfaces/share/mecharm_interfaces/cmake/ament_cmake_export_targets-extras.cmake
[0.899s] -- Up-to-date: /home/amin/cobot/cobot_ws/install/mecharm_interfaces/share/mecharm_interfaces/cmake/rosidl_cmake_export_typesupport_targets-extras.cmake
[0.899s] -- Up-to-date: /home/amin/cobot/cobot_ws/install/mecharm_interfaces/share/mecharm_interfaces/cmake/rosidl_cmake_export_typesupport_libraries-extras.cmake
[0.899s] -- Up-to-date: /home/amin/cobot/cobot_ws/install/mecharm_interfaces/share/mecharm_interfaces/cmake/mecharm_interfacesConfig.cmake
[0.899s] -- Up-to-date: /home/amin/cobot/cobot_ws/install/mecharm_interfaces/share/mecharm_interfaces/cmake/mecharm_interfacesConfig-version.cmake
[0.899s] -- Up-to-date: /home/amin/cobot/cobot_ws/install/mecharm_interfaces/share/mecharm_interfaces/package.xml
[0.910s] Invoked command in '/home/amin/cobot/cobot_ws/build/mecharm_interfaces' returned '0': CMAKE_PREFIX_PATH=${CMAKE_PREFIX_PATH}:/opt/ros/jazzy DEBUGINFOD_URLS=https://debuginfod.ubuntu.com /usr/bin/cmake --install /home/amin/cobot/cobot_ws/build/mecharm_interfaces
