[1.072s] Invoking command in '/home/amin/cobot/cobot_ws/src/mycobot_ros2/mycobot_280/mycobot_280_moveit2_control': AMENT_PREFIX_PATH=/home/amin/cobot/cobot_ws/install/mycobot_description:${AMENT_PREFIX_PATH} DEBUGINFOD_URLS=https://debuginfod.ubuntu.com PYTHONPATH=/home/amin/cobot/cobot_ws/build/mycobot_280_moveit2_control/prefix_override:/usr/lib/python3/dist-packages/colcon_core/task/python/colcon_distutils_commands:/home/amin/cobot/cobot_ws/install/mycobot_280_moveit2_control/lib/python3.12/site-packages:/home/amin/cobot/cobot_ws/install/mycobot_description/lib/python3.12/site-packages:${PYTHONPATH} /usr/bin/python3 -W ignore:setup.py install is deprecated -W ignore:easy_install command is deprecated setup.py egg_info --egg-base ../../../../build/mycobot_280_moveit2_control build --build-base /home/amin/cobot/cobot_ws/build/mycobot_280_moveit2_control/build install --record /home/amin/cobot/cobot_ws/build/mycobot_280_moveit2_control/install.log --single-version-externally-managed install_data
[1.307s] running egg_info
[1.321s] writing ../../../../build/mycobot_280_moveit2_control/mycobot_280_moveit2_control.egg-info/PKG-INFO
[1.321s] writing dependency_links to ../../../../build/mycobot_280_moveit2_control/mycobot_280_moveit2_control.egg-info/dependency_links.txt
[1.321s] writing entry points to ../../../../build/mycobot_280_moveit2_control/mycobot_280_moveit2_control.egg-info/entry_points.txt
[1.321s] writing requirements to ../../../../build/mycobot_280_moveit2_control/mycobot_280_moveit2_control.egg-info/requires.txt
[1.321s] writing top-level names to ../../../../build/mycobot_280_moveit2_control/mycobot_280_moveit2_control.egg-info/top_level.txt
[1.350s] reading manifest file '../../../../build/mycobot_280_moveit2_control/mycobot_280_moveit2_control.egg-info/SOURCES.txt'
[1.350s] adding license file 'LICENSE'
[1.351s] writing manifest file '../../../../build/mycobot_280_moveit2_control/mycobot_280_moveit2_control.egg-info/SOURCES.txt'
[1.352s] running build
[1.352s] running build_py
[1.352s] running install
[1.357s] running install_lib
[1.378s] running install_data
[1.378s] running install_egg_info
[1.397s] removing '/home/amin/cobot/cobot_ws/install/mycobot_280_moveit2_control/lib/python3.12/site-packages/mycobot_280_moveit2_control-0.0.0-py3.12.egg-info' (and everything under it)
[1.398s] Copying ../../../../build/mycobot_280_moveit2_control/mycobot_280_moveit2_control.egg-info to /home/amin/cobot/cobot_ws/install/mycobot_280_moveit2_control/lib/python3.12/site-packages/mycobot_280_moveit2_control-0.0.0-py3.12.egg-info
[1.398s] running install_scripts
[1.512s] Installing sync_plan script to /home/amin/cobot/cobot_ws/install/mycobot_280_moveit2_control/lib/mycobot_280_moveit2_control
[1.512s] Installing sync_plan_arduino script to /home/amin/cobot/cobot_ws/install/mycobot_280_moveit2_control/lib/mycobot_280_moveit2_control
[1.512s] Installing sync_plan_rdkx5 script to /home/amin/cobot/cobot_ws/install/mycobot_280_moveit2_control/lib/mycobot_280_moveit2_control
[1.512s] writing list of installed files to '/home/amin/cobot/cobot_ws/build/mycobot_280_moveit2_control/install.log'
[1.840s] Invoked command in '/home/amin/cobot/cobot_ws/src/mycobot_ros2/mycobot_280/mycobot_280_moveit2_control' returned '0': AMENT_PREFIX_PATH=/home/amin/cobot/cobot_ws/install/mycobot_description:${AMENT_PREFIX_PATH} DEBUGINFOD_URLS=https://debuginfod.ubuntu.com PYTHONPATH=/home/amin/cobot/cobot_ws/build/mycobot_280_moveit2_control/prefix_override:/usr/lib/python3/dist-packages/colcon_core/task/python/colcon_distutils_commands:/home/amin/cobot/cobot_ws/install/mycobot_280_moveit2_control/lib/python3.12/site-packages:/home/amin/cobot/cobot_ws/install/mycobot_description/lib/python3.12/site-packages:${PYTHONPATH} /usr/bin/python3 -W ignore:setup.py install is deprecated -W ignore:easy_install command is deprecated setup.py egg_info --egg-base ../../../../build/mycobot_280_moveit2_control build --build-base /home/amin/cobot/cobot_ws/build/mycobot_280_moveit2_control/build install --record /home/amin/cobot/cobot_ws/build/mycobot_280_moveit2_control/install.log --single-version-externally-managed install_data
