[0.186s] Invoking command in '/home/amin/cobot/cobot_ws/build/mycobot_interfaces': CMAKE_PREFIX_PATH=${CMAKE_PREFIX_PATH}:/home/amin/cobot/cobot_ws/install/ultraarm:/home/amin/cobot/cobot_ws/install/pro450_moveit2_control:/home/amin/cobot/cobot_ws/install/mypalletizer_communication:/home/amin/cobot/cobot_ws/install/mypalletizer_260_pi:/home/amin/cobot/cobot_ws/install/mypalletizer_260:/home/amin/cobot/cobot_ws/install/mycobot_pro_450:/home/amin/cobot/cobot_ws/install/myarm_m750:/home/amin/cobot/cobot_ws/install/myarm_c650:/home/amin/cobot/cobot_ws/install/mycobot_communication:/home/amin/cobot/cobot_ws/install/mecharm_communication:/home/amin/cobot/cobot_ws/install/mycobot_630:/home/amin/cobot/cobot_ws/install/mycobot_600:/home/amin/cobot/cobot_ws/install/mycobot_320pi:/home/amin/cobot/cobot_ws/install/mycobot_320_riscv:/home/amin/cobot/cobot_ws/install/mycobot_320:/home/amin/cobot/cobot_ws/install/mycobot_280pi:/home/amin/cobot/cobot_ws/install/mycobot_280jn:/home/amin/cobot/cobot_ws/install/mycobot_280_x3pi:/home/amin/cobot/cobot_ws/install/mycobot_280_riscv:/home/amin/cobot/cobot_ws/install/mycobot_280_rdkx5:/home/amin/cobot/cobot_ws/install/mycobot_280_moveit2_control:/home/amin/cobot/cobot_ws/install/mycobot_280_arduino:/home/amin/cobot/cobot_ws/install/mycobot_280:/home/amin/cobot/cobot_ws/install/mybuddy:/home/amin/cobot/cobot_ws/install/myarm_300:/home/amin/cobot/cobot_ws/install/mecharm_pi:/home/amin/cobot/cobot_ws/install/mecharm:/home/amin/cobot/cobot_ws/install/mycobot_description:/opt/ros/jazzy DEBUGINFOD_URLS=https://debuginfod.ubuntu.com /usr/bin/cmake --build /home/amin/cobot/cobot_ws/build/mycobot_interfaces -- -j8 -l8
[0.241s] [  1%] Built target mycobot_interfaces__rosidl_generator_type_description
[0.259s] [  1%] Built target ament_cmake_python_copy_mycobot_interfaces
[0.286s] [  1%] Built target mycobot_interfaces__cpp
[0.290s] [ 27%] Built target mycobot_interfaces__rosidl_generator_c
[0.361s] [ 37%] Built target mycobot_interfaces__rosidl_typesupport_introspection_c
[0.361s] [ 46%] Built target mycobot_interfaces__rosidl_typesupport_cpp
[0.364s] [ 56%] Built target mycobot_interfaces__rosidl_typesupport_c
[0.375s] [ 66%] Built target mycobot_interfaces__rosidl_typesupport_fastrtps_c
[0.375s] [ 75%] Built target mycobot_interfaces__rosidl_typesupport_introspection_cpp
[0.421s] [ 85%] Built target mycobot_interfaces__rosidl_typesupport_fastrtps_cpp
[0.466s] [ 85%] Built target mycobot_interfaces
[0.492s] [ 86%] Built target mycobot_interfaces__py
[0.550s] [ 95%] Built target mycobot_interfaces__rosidl_generator_py
[0.620s] [ 97%] Built target mycobot_interfaces_s__rosidl_typesupport_introspection_c
[0.620s] [ 98%] Built target mycobot_interfaces_s__rosidl_typesupport_fastrtps_c
[0.632s] [100%] Built target mycobot_interfaces_s__rosidl_typesupport_c
[0.766s] running egg_info
[0.783s] writing mycobot_interfaces.egg-info/PKG-INFO
[0.783s] writing dependency_links to mycobot_interfaces.egg-info/dependency_links.txt
[0.783s] writing top-level names to mycobot_interfaces.egg-info/top_level.txt
[0.839s] reading manifest file 'mycobot_interfaces.egg-info/SOURCES.txt'
[0.839s] writing manifest file 'mycobot_interfaces.egg-info/SOURCES.txt'
[0.874s] [100%] Built target ament_cmake_python_build_mycobot_interfaces_egg
[0.892s] Invoked command in '/home/amin/cobot/cobot_ws/build/mycobot_interfaces' returned '0': CMAKE_PREFIX_PATH=${CMAKE_PREFIX_PATH}:/home/amin/cobot/cobot_ws/install/ultraarm:/home/amin/cobot/cobot_ws/install/pro450_moveit2_control:/home/amin/cobot/cobot_ws/install/mypalletizer_communication:/home/amin/cobot/cobot_ws/install/mypalletizer_260_pi:/home/amin/cobot/cobot_ws/install/mypalletizer_260:/home/amin/cobot/cobot_ws/install/mycobot_pro_450:/home/amin/cobot/cobot_ws/install/myarm_m750:/home/amin/cobot/cobot_ws/install/myarm_c650:/home/amin/cobot/cobot_ws/install/mycobot_communication:/home/amin/cobot/cobot_ws/install/mecharm_communication:/home/amin/cobot/cobot_ws/install/mycobot_630:/home/amin/cobot/cobot_ws/install/mycobot_600:/home/amin/cobot/cobot_ws/install/mycobot_320pi:/home/amin/cobot/cobot_ws/install/mycobot_320_riscv:/home/amin/cobot/cobot_ws/install/mycobot_320:/home/amin/cobot/cobot_ws/install/mycobot_280pi:/home/amin/cobot/cobot_ws/install/mycobot_280jn:/home/amin/cobot/cobot_ws/install/mycobot_280_x3pi:/home/amin/cobot/cobot_ws/install/mycobot_280_riscv:/home/amin/cobot/cobot_ws/install/mycobot_280_rdkx5:/home/amin/cobot/cobot_ws/install/mycobot_280_moveit2_control:/home/amin/cobot/cobot_ws/install/mycobot_280_arduino:/home/amin/cobot/cobot_ws/install/mycobot_280:/home/amin/cobot/cobot_ws/install/mybuddy:/home/amin/cobot/cobot_ws/install/myarm_300:/home/amin/cobot/cobot_ws/install/mecharm_pi:/home/amin/cobot/cobot_ws/install/mecharm:/home/amin/cobot/cobot_ws/install/mycobot_description:/opt/ros/jazzy DEBUGINFOD_URLS=https://debuginfod.ubuntu.com /usr/bin/cmake --build /home/amin/cobot/cobot_ws/build/mycobot_interfaces -- -j8 -l8
[0.892s] Invoking command in '/home/amin/cobot/cobot_ws/build/mycobot_interfaces': CMAKE_PREFIX_PATH=${CMAKE_PREFIX_PATH}:/home/amin/cobot/cobot_ws/install/ultraarm:/home/amin/cobot/cobot_ws/install/pro450_moveit2_control:/home/amin/cobot/cobot_ws/install/mypalletizer_communication:/home/amin/cobot/cobot_ws/install/mypalletizer_260_pi:/home/amin/cobot/cobot_ws/install/mypalletizer_260:/home/amin/cobot/cobot_ws/install/mycobot_pro_450:/home/amin/cobot/cobot_ws/install/myarm_m750:/home/amin/cobot/cobot_ws/install/myarm_c650:/home/amin/cobot/cobot_ws/install/mycobot_communication:/home/amin/cobot/cobot_ws/install/mecharm_communication:/home/amin/cobot/cobot_ws/install/mycobot_630:/home/amin/cobot/cobot_ws/install/mycobot_600:/home/amin/cobot/cobot_ws/install/mycobot_320pi:/home/amin/cobot/cobot_ws/install/mycobot_320_riscv:/home/amin/cobot/cobot_ws/install/mycobot_320:/home/amin/cobot/cobot_ws/install/mycobot_280pi:/home/amin/cobot/cobot_ws/install/mycobot_280jn:/home/amin/cobot/cobot_ws/install/mycobot_280_x3pi:/home/amin/cobot/cobot_ws/install/mycobot_280_riscv:/home/amin/cobot/cobot_ws/install/mycobot_280_rdkx5:/home/amin/cobot/cobot_ws/install/mycobot_280_moveit2_control:/home/amin/cobot/cobot_ws/install/mycobot_280_arduino:/home/amin/cobot/cobot_ws/install/mycobot_280:/home/amin/cobot/cobot_ws/install/mybuddy:/home/amin/cobot/cobot_ws/install/myarm_300:/home/amin/cobot/cobot_ws/install/mecharm_pi:/home/amin/cobot/cobot_ws/install/mecharm:/home/amin/cobot/cobot_ws/install/mycobot_description:/opt/ros/jazzy DEBUGINFOD_URLS=https://debuginfod.ubuntu.com /usr/bin/cmake --install /home/amin/cobot/cobot_ws/build/mycobot_interfaces
[0.902s] -- Install configuration: ""
[0.902s] -- Up-to-date: /home/amin/cobot/cobot_ws/install/mycobot_interfaces/share/ament_index/resource_index/rosidl_interfaces/mycobot_interfaces
[0.903s] -- Up-to-date: /home/amin/cobot/cobot_ws/install/mycobot_interfaces/share/mycobot_interfaces/msg/MycobotAngles.json
[0.903s] -- Up-to-date: /home/amin/cobot/cobot_ws/install/mycobot_interfaces/share/mycobot_interfaces/msg/MycobotCoords.json
[0.903s] -- Up-to-date: /home/amin/cobot/cobot_ws/install/mycobot_interfaces/share/mycobot_interfaces/msg/MycobotSetAngles.json
[0.903s] -- Up-to-date: /home/amin/cobot/cobot_ws/install/mycobot_interfaces/share/mycobot_interfaces/msg/MycobotSetCoords.json
[0.903s] -- Up-to-date: /home/amin/cobot/cobot_ws/install/mycobot_interfaces/share/mycobot_interfaces/msg/MycobotGripperStatus.json
[0.903s] -- Up-to-date: /home/amin/cobot/cobot_ws/install/mycobot_interfaces/share/mycobot_interfaces/msg/MycobotPumpStatus.json
[0.904s] -- Up-to-date: /home/amin/cobot/cobot_ws/install/mycobot_interfaces/share/mycobot_interfaces/srv/GetAngles.json
[0.904s] -- Up-to-date: /home/amin/cobot/cobot_ws/install/mycobot_interfaces/share/mycobot_interfaces/srv/SetAngles.json
[0.904s] -- Up-to-date: /home/amin/cobot/cobot_ws/install/mycobot_interfaces/share/mycobot_interfaces/srv/GetCoords.json
[0.904s] -- Up-to-date: /home/amin/cobot/cobot_ws/install/mycobot_interfaces/share/mycobot_interfaces/srv/SetCoords.json
[0.904s] -- Up-to-date: /home/amin/cobot/cobot_ws/install/mycobot_interfaces/share/mycobot_interfaces/srv/GripperStatus.json
[0.905s] -- Up-to-date: /home/amin/cobot/cobot_ws/install/mycobot_interfaces/share/mycobot_interfaces/srv/PumpStatus.json
[0.905s] -- Up-to-date: /home/amin/cobot/cobot_ws/install/mycobot_interfaces/include/mycobot_interfaces/mycobot_interfaces
[0.905s] -- Up-to-date: /home/amin/cobot/cobot_ws/install/mycobot_interfaces/include/mycobot_interfaces/mycobot_interfaces/srv
[0.905s] -- Up-to-date: /home/amin/cobot/cobot_ws/install/mycobot_interfaces/include/mycobot_interfaces/mycobot_interfaces/srv/gripper_status.h
[0.905s] -- Up-to-date: /home/amin/cobot/cobot_ws/install/mycobot_interfaces/include/mycobot_interfaces/mycobot_interfaces/srv/detail
[0.905s] -- Up-to-date: /home/amin/cobot/cobot_ws/install/mycobot_interfaces/include/mycobot_interfaces/mycobot_interfaces/srv/detail/set_coords__type_support.h
[0.906s] -- Up-to-date: /home/amin/cobot/cobot_ws/install/mycobot_interfaces/include/mycobot_interfaces/mycobot_interfaces/srv/detail/gripper_status__description.c
[0.906s] -- Up-to-date: /home/amin/cobot/cobot_ws/install/mycobot_interfaces/include/mycobot_interfaces/mycobot_interfaces/srv/detail/gripper_status__functions.h
[0.906s] -- Up-to-date: /home/amin/cobot/cobot_ws/install/mycobot_interfaces/include/mycobot_interfaces/mycobot_interfaces/srv/detail/set_angles__struct.h
[0.906s] -- Up-to-date: /home/amin/cobot/cobot_ws/install/mycobot_interfaces/include/mycobot_interfaces/mycobot_interfaces/srv/detail/set_coords__functions.h
[0.906s] -- Installing: /home/amin/cobot/cobot_ws/install/mycobot_interfaces/include/mycobot_interfaces/mycobot_interfaces/srv/detail/pump_status__type_support.c
[0.907s] -- Installing: /home/amin/cobot/cobot_ws/install/mycobot_interfaces/include/mycobot_interfaces/mycobot_interfaces/srv/detail/get_coords__type_support.c
[0.907s] -- Up-to-date: /home/amin/cobot/cobot_ws/install/mycobot_interfaces/include/mycobot_interfaces/mycobot_interfaces/srv/detail/set_angles__description.c
[0.907s] -- Up-to-date: /home/amin/cobot/cobot_ws/install/mycobot_interfaces/include/mycobot_interfaces/mycobot_interfaces/srv/detail/gripper_status__struct.h
[0.907s] -- Up-to-date: /home/amin/cobot/cobot_ws/install/mycobot_interfaces/include/mycobot_interfaces/mycobot_interfaces/srv/detail/get_angles__type_support.h
[0.908s] -- Up-to-date: /home/amin/cobot/cobot_ws/install/mycobot_interfaces/include/mycobot_interfaces/mycobot_interfaces/srv/detail/set_coords__functions.c
[0.908s] -- Installing: /home/amin/cobot/cobot_ws/install/mycobot_interfaces/include/mycobot_interfaces/mycobot_interfaces/srv/detail/set_coords__type_support.c
[0.908s] -- Installing: /home/amin/cobot/cobot_ws/install/mycobot_interfaces/include/mycobot_interfaces/mycobot_interfaces/srv/detail/set_angles__type_support.c
[0.908s] -- Up-to-date: /home/amin/cobot/cobot_ws/install/mycobot_interfaces/include/mycobot_interfaces/mycobot_interfaces/srv/detail/gripper_status__type_support.h
[0.909s] -- Up-to-date: /home/amin/cobot/cobot_ws/install/mycobot_interfaces/include/mycobot_interfaces/mycobot_interfaces/srv/detail/pump_status__struct.h
[0.909s] -- Up-to-date: /home/amin/cobot/cobot_ws/install/mycobot_interfaces/include/mycobot_interfaces/mycobot_interfaces/srv/detail/get_angles__struct.h
[0.910s] -- Up-to-date: /home/amin/cobot/cobot_ws/install/mycobot_interfaces/include/mycobot_interfaces/mycobot_interfaces/srv/detail/get_coords__description.c
[0.910s] -- Up-to-date: /home/amin/cobot/cobot_ws/install/mycobot_interfaces/include/mycobot_interfaces/mycobot_interfaces/srv/detail/set_coords__description.c
[0.911s] -- Up-to-date: /home/amin/cobot/cobot_ws/install/mycobot_interfaces/include/mycobot_interfaces/mycobot_interfaces/srv/detail/get_coords__functions.h
[0.911s] -- Installing: /home/amin/cobot/cobot_ws/install/mycobot_interfaces/include/mycobot_interfaces/mycobot_interfaces/srv/detail/get_angles__type_support.c
[0.912s] -- Up-to-date: /home/amin/cobot/cobot_ws/install/mycobot_interfaces/include/mycobot_interfaces/mycobot_interfaces/srv/detail/get_angles__functions.h
[0.912s] -- Installing: /home/amin/cobot/cobot_ws/install/mycobot_interfaces/include/mycobot_interfaces/mycobot_interfaces/srv/detail/gripper_status__type_support.c
[0.912s] -- Up-to-date: /home/amin/cobot/cobot_ws/install/mycobot_interfaces/include/mycobot_interfaces/mycobot_interfaces/srv/detail/get_angles__functions.c
[0.912s] -- Up-to-date: /home/amin/cobot/cobot_ws/install/mycobot_interfaces/include/mycobot_interfaces/mycobot_interfaces/srv/detail/pump_status__functions.c
[0.912s] -- Up-to-date: /home/amin/cobot/cobot_ws/install/mycobot_interfaces/include/mycobot_interfaces/mycobot_interfaces/srv/detail/pump_status__description.c
[0.912s] -- Up-to-date: /home/amin/cobot/cobot_ws/install/mycobot_interfaces/include/mycobot_interfaces/mycobot_interfaces/srv/detail/get_coords__type_support.h
[0.912s] -- Up-to-date: /home/amin/cobot/cobot_ws/install/mycobot_interfaces/include/mycobot_interfaces/mycobot_interfaces/srv/detail/set_angles__type_support.h
[0.913s] -- Up-to-date: /home/amin/cobot/cobot_ws/install/mycobot_interfaces/include/mycobot_interfaces/mycobot_interfaces/srv/detail/get_coords__functions.c
[0.913s] -- Up-to-date: /home/amin/cobot/cobot_ws/install/mycobot_interfaces/include/mycobot_interfaces/mycobot_interfaces/srv/detail/gripper_status__functions.c
[0.913s] -- Up-to-date: /home/amin/cobot/cobot_ws/install/mycobot_interfaces/include/mycobot_interfaces/mycobot_interfaces/srv/detail/get_angles__description.c
[0.913s] -- Up-to-date: /home/amin/cobot/cobot_ws/install/mycobot_interfaces/include/mycobot_interfaces/mycobot_interfaces/srv/detail/pump_status__functions.h
[0.913s] -- Up-to-date: /home/amin/cobot/cobot_ws/install/mycobot_interfaces/include/mycobot_interfaces/mycobot_interfaces/srv/detail/set_angles__functions.c
[0.913s] -- Up-to-date: /home/amin/cobot/cobot_ws/install/mycobot_interfaces/include/mycobot_interfaces/mycobot_interfaces/srv/detail/set_coords__struct.h
[0.913s] -- Up-to-date: /home/amin/cobot/cobot_ws/install/mycobot_interfaces/include/mycobot_interfaces/mycobot_interfaces/srv/detail/get_coords__struct.h
[0.913s] -- Up-to-date: /home/amin/cobot/cobot_ws/install/mycobot_interfaces/include/mycobot_interfaces/mycobot_interfaces/srv/detail/set_angles__functions.h
[0.914s] -- Up-to-date: /home/amin/cobot/cobot_ws/install/mycobot_interfaces/include/mycobot_interfaces/mycobot_interfaces/srv/detail/pump_status__type_support.h
[0.914s] -- Up-to-date: /home/amin/cobot/cobot_ws/install/mycobot_interfaces/include/mycobot_interfaces/mycobot_interfaces/srv/get_coords.h
[0.914s] -- Up-to-date: /home/amin/cobot/cobot_ws/install/mycobot_interfaces/include/mycobot_interfaces/mycobot_interfaces/srv/get_angles.h
[0.914s] -- Up-to-date: /home/amin/cobot/cobot_ws/install/mycobot_interfaces/include/mycobot_interfaces/mycobot_interfaces/srv/pump_status.h
[0.914s] -- Up-to-date: /home/amin/cobot/cobot_ws/install/mycobot_interfaces/include/mycobot_interfaces/mycobot_interfaces/srv/set_angles.h
[0.914s] -- Up-to-date: /home/amin/cobot/cobot_ws/install/mycobot_interfaces/include/mycobot_interfaces/mycobot_interfaces/srv/set_coords.h
[0.914s] -- Up-to-date: /home/amin/cobot/cobot_ws/install/mycobot_interfaces/include/mycobot_interfaces/mycobot_interfaces/msg
[0.914s] -- Up-to-date: /home/amin/cobot/cobot_ws/install/mycobot_interfaces/include/mycobot_interfaces/mycobot_interfaces/msg/detail
[0.914s] -- Up-to-date: /home/amin/cobot/cobot_ws/install/mycobot_interfaces/include/mycobot_interfaces/mycobot_interfaces/msg/detail/mycobot_pump_status__functions.c
[0.915s] -- Up-to-date: /home/amin/cobot/cobot_ws/install/mycobot_interfaces/include/mycobot_interfaces/mycobot_interfaces/msg/detail/mycobot_gripper_status__description.c
[0.915s] -- Up-to-date: /home/amin/cobot/cobot_ws/install/mycobot_interfaces/include/mycobot_interfaces/mycobot_interfaces/msg/detail/mycobot_gripper_status__type_support.h
[0.915s] -- Up-to-date: /home/amin/cobot/cobot_ws/install/mycobot_interfaces/include/mycobot_interfaces/mycobot_interfaces/msg/detail/mycobot_set_angles__functions.c
[0.915s] -- Up-to-date: /home/amin/cobot/cobot_ws/install/mycobot_interfaces/include/mycobot_interfaces/mycobot_interfaces/msg/detail/mycobot_coords__type_support.h
[0.915s] -- Up-to-date: /home/amin/cobot/cobot_ws/install/mycobot_interfaces/include/mycobot_interfaces/mycobot_interfaces/msg/detail/mycobot_coords__struct.h
[0.915s] -- Up-to-date: /home/amin/cobot/cobot_ws/install/mycobot_interfaces/include/mycobot_interfaces/mycobot_interfaces/msg/detail/mycobot_pump_status__type_support.h
[0.915s] -- Up-to-date: /home/amin/cobot/cobot_ws/install/mycobot_interfaces/include/mycobot_interfaces/mycobot_interfaces/msg/detail/mycobot_set_angles__description.c
[0.915s] -- Up-to-date: /home/amin/cobot/cobot_ws/install/mycobot_interfaces/include/mycobot_interfaces/mycobot_interfaces/msg/detail/mycobot_set_coords__type_support.h
[0.915s] -- Up-to-date: /home/amin/cobot/cobot_ws/install/mycobot_interfaces/include/mycobot_interfaces/mycobot_interfaces/msg/detail/mycobot_set_coords__functions.h
[0.915s] -- Installing: /home/amin/cobot/cobot_ws/install/mycobot_interfaces/include/mycobot_interfaces/mycobot_interfaces/msg/detail/mycobot_set_angles__type_support.c
[0.915s] -- Up-to-date: /home/amin/cobot/cobot_ws/install/mycobot_interfaces/include/mycobot_interfaces/mycobot_interfaces/msg/detail/mycobot_angles__struct.h
[0.916s] -- Installing: /home/amin/cobot/cobot_ws/install/mycobot_interfaces/include/mycobot_interfaces/mycobot_interfaces/msg/detail/mycobot_angles__type_support.c
[0.916s] -- Up-to-date: /home/amin/cobot/cobot_ws/install/mycobot_interfaces/include/mycobot_interfaces/mycobot_interfaces/msg/detail/mycobot_gripper_status__functions.c
[0.916s] -- Up-to-date: /home/amin/cobot/cobot_ws/install/mycobot_interfaces/include/mycobot_interfaces/mycobot_interfaces/msg/detail/mycobot_gripper_status__functions.h
[0.916s] -- Up-to-date: /home/amin/cobot/cobot_ws/install/mycobot_interfaces/include/mycobot_interfaces/mycobot_interfaces/msg/detail/mycobot_pump_status__functions.h
[0.916s] -- Up-to-date: /home/amin/cobot/cobot_ws/install/mycobot_interfaces/include/mycobot_interfaces/mycobot_interfaces/msg/detail/mycobot_set_angles__functions.h
[0.916s] -- Installing: /home/amin/cobot/cobot_ws/install/mycobot_interfaces/include/mycobot_interfaces/mycobot_interfaces/msg/detail/mycobot_pump_status__type_support.c
[0.916s] -- Installing: /home/amin/cobot/cobot_ws/install/mycobot_interfaces/include/mycobot_interfaces/mycobot_interfaces/msg/detail/mycobot_gripper_status__type_support.c
[0.916s] -- Up-to-date: /home/amin/cobot/cobot_ws/install/mycobot_interfaces/include/mycobot_interfaces/mycobot_interfaces/msg/detail/mycobot_coords__functions.h
[0.916s] -- Installing: /home/amin/cobot/cobot_ws/install/mycobot_interfaces/include/mycobot_interfaces/mycobot_interfaces/msg/detail/mycobot_coords__type_support.c
[0.916s] -- Up-to-date: /home/amin/cobot/cobot_ws/install/mycobot_interfaces/include/mycobot_interfaces/mycobot_interfaces/msg/detail/mycobot_coords__description.c
[0.917s] -- Installing: /home/amin/cobot/cobot_ws/install/mycobot_interfaces/include/mycobot_interfaces/mycobot_interfaces/msg/detail/mycobot_set_coords__type_support.c
[0.917s] -- Up-to-date: /home/amin/cobot/cobot_ws/install/mycobot_interfaces/include/mycobot_interfaces/mycobot_interfaces/msg/detail/mycobot_set_coords__struct.h
[0.917s] -- Up-to-date: /home/amin/cobot/cobot_ws/install/mycobot_interfaces/include/mycobot_interfaces/mycobot_interfaces/msg/detail/mycobot_angles__functions.h
[0.917s] -- Up-to-date: /home/amin/cobot/cobot_ws/install/mycobot_interfaces/include/mycobot_interfaces/mycobot_interfaces/msg/detail/mycobot_gripper_status__struct.h
[0.917s] -- Up-to-date: /home/amin/cobot/cobot_ws/install/mycobot_interfaces/include/mycobot_interfaces/mycobot_interfaces/msg/detail/mycobot_set_coords__description.c
[0.917s] -- Up-to-date: /home/amin/cobot/cobot_ws/install/mycobot_interfaces/include/mycobot_interfaces/mycobot_interfaces/msg/detail/mycobot_set_coords__functions.c
[0.917s] -- Up-to-date: /home/amin/cobot/cobot_ws/install/mycobot_interfaces/include/mycobot_interfaces/mycobot_interfaces/msg/detail/mycobot_coords__functions.c
[0.918s] -- Up-to-date: /home/amin/cobot/cobot_ws/install/mycobot_interfaces/include/mycobot_interfaces/mycobot_interfaces/msg/detail/mycobot_angles__functions.c
[0.918s] -- Up-to-date: /home/amin/cobot/cobot_ws/install/mycobot_interfaces/include/mycobot_interfaces/mycobot_interfaces/msg/detail/mycobot_set_angles__struct.h
[0.918s] -- Up-to-date: /home/amin/cobot/cobot_ws/install/mycobot_interfaces/include/mycobot_interfaces/mycobot_interfaces/msg/detail/mycobot_angles__type_support.h
[0.918s] -- Up-to-date: /home/amin/cobot/cobot_ws/install/mycobot_interfaces/include/mycobot_interfaces/mycobot_interfaces/msg/detail/mycobot_set_angles__type_support.h
[0.918s] -- Up-to-date: /home/amin/cobot/cobot_ws/install/mycobot_interfaces/include/mycobot_interfaces/mycobot_interfaces/msg/detail/mycobot_angles__description.c
[0.919s] -- Up-to-date: /home/amin/cobot/cobot_ws/install/mycobot_interfaces/include/mycobot_interfaces/mycobot_interfaces/msg/detail/mycobot_pump_status__struct.h
[0.919s] -- Up-to-date: /home/amin/cobot/cobot_ws/install/mycobot_interfaces/include/mycobot_interfaces/mycobot_interfaces/msg/detail/mycobot_pump_status__description.c
[0.919s] -- Up-to-date: /home/amin/cobot/cobot_ws/install/mycobot_interfaces/include/mycobot_interfaces/mycobot_interfaces/msg/rosidl_generator_c__visibility_control.h
[0.919s] -- Up-to-date: /home/amin/cobot/cobot_ws/install/mycobot_interfaces/include/mycobot_interfaces/mycobot_interfaces/msg/mycobot_set_angles.h
[0.919s] -- Up-to-date: /home/amin/cobot/cobot_ws/install/mycobot_interfaces/include/mycobot_interfaces/mycobot_interfaces/msg/mycobot_pump_status.h
[0.920s] -- Up-to-date: /home/amin/cobot/cobot_ws/install/mycobot_interfaces/include/mycobot_interfaces/mycobot_interfaces/msg/mycobot_coords.h
[0.920s] -- Up-to-date: /home/amin/cobot/cobot_ws/install/mycobot_interfaces/include/mycobot_interfaces/mycobot_interfaces/msg/mycobot_angles.h
[0.920s] -- Up-to-date: /home/amin/cobot/cobot_ws/install/mycobot_interfaces/include/mycobot_interfaces/mycobot_interfaces/msg/mycobot_gripper_status.h
[0.920s] -- Up-to-date: /home/amin/cobot/cobot_ws/install/mycobot_interfaces/include/mycobot_interfaces/mycobot_interfaces/msg/mycobot_set_coords.h
[0.920s] -- Up-to-date: /home/amin/cobot/cobot_ws/install/mycobot_interfaces/share/mycobot_interfaces/environment/library_path.sh
[0.920s] -- Up-to-date: /home/amin/cobot/cobot_ws/install/mycobot_interfaces/share/mycobot_interfaces/environment/library_path.dsv
[0.920s] -- Up-to-date: /home/amin/cobot/cobot_ws/install/mycobot_interfaces/lib/libmycobot_interfaces__rosidl_generator_c.so
[0.920s] -- Up-to-date: /home/amin/cobot/cobot_ws/install/mycobot_interfaces/include/mycobot_interfaces/mycobot_interfaces
[0.921s] -- Up-to-date: /home/amin/cobot/cobot_ws/install/mycobot_interfaces/include/mycobot_interfaces/mycobot_interfaces/srv
[0.921s] -- Up-to-date: /home/amin/cobot/cobot_ws/install/mycobot_interfaces/include/mycobot_interfaces/mycobot_interfaces/srv/detail
[0.921s] -- Up-to-date: /home/amin/cobot/cobot_ws/install/mycobot_interfaces/include/mycobot_interfaces/mycobot_interfaces/srv/detail/pump_status__rosidl_typesupport_fastrtps_c.h
[0.921s] -- Up-to-date: /home/amin/cobot/cobot_ws/install/mycobot_interfaces/include/mycobot_interfaces/mycobot_interfaces/srv/detail/get_coords__rosidl_typesupport_fastrtps_c.h
[0.921s] -- Up-to-date: /home/amin/cobot/cobot_ws/install/mycobot_interfaces/include/mycobot_interfaces/mycobot_interfaces/srv/detail/get_angles__rosidl_typesupport_fastrtps_c.h
[0.921s] -- Up-to-date: /home/amin/cobot/cobot_ws/install/mycobot_interfaces/include/mycobot_interfaces/mycobot_interfaces/srv/detail/set_angles__rosidl_typesupport_fastrtps_c.h
[0.921s] -- Up-to-date: /home/amin/cobot/cobot_ws/install/mycobot_interfaces/include/mycobot_interfaces/mycobot_interfaces/srv/detail/gripper_status__rosidl_typesupport_fastrtps_c.h
[0.922s] -- Up-to-date: /home/amin/cobot/cobot_ws/install/mycobot_interfaces/include/mycobot_interfaces/mycobot_interfaces/srv/detail/set_coords__rosidl_typesupport_fastrtps_c.h
[0.922s] -- Up-to-date: /home/amin/cobot/cobot_ws/install/mycobot_interfaces/include/mycobot_interfaces/mycobot_interfaces/msg
[0.922s] -- Up-to-date: /home/amin/cobot/cobot_ws/install/mycobot_interfaces/include/mycobot_interfaces/mycobot_interfaces/msg/detail
[0.922s] -- Up-to-date: /home/amin/cobot/cobot_ws/install/mycobot_interfaces/include/mycobot_interfaces/mycobot_interfaces/msg/detail/mycobot_pump_status__rosidl_typesupport_fastrtps_c.h
[0.922s] -- Up-to-date: /home/amin/cobot/cobot_ws/install/mycobot_interfaces/include/mycobot_interfaces/mycobot_interfaces/msg/detail/mycobot_angles__rosidl_typesupport_fastrtps_c.h
[0.922s] -- Up-to-date: /home/amin/cobot/cobot_ws/install/mycobot_interfaces/include/mycobot_interfaces/mycobot_interfaces/msg/detail/mycobot_set_angles__rosidl_typesupport_fastrtps_c.h
[0.923s] -- Up-to-date: /home/amin/cobot/cobot_ws/install/mycobot_interfaces/include/mycobot_interfaces/mycobot_interfaces/msg/detail/mycobot_coords__rosidl_typesupport_fastrtps_c.h
[0.923s] -- Up-to-date: /home/amin/cobot/cobot_ws/install/mycobot_interfaces/include/mycobot_interfaces/mycobot_interfaces/msg/detail/mycobot_set_coords__rosidl_typesupport_fastrtps_c.h
[0.923s] -- Up-to-date: /home/amin/cobot/cobot_ws/install/mycobot_interfaces/include/mycobot_interfaces/mycobot_interfaces/msg/detail/mycobot_gripper_status__rosidl_typesupport_fastrtps_c.h
[0.923s] -- Up-to-date: /home/amin/cobot/cobot_ws/install/mycobot_interfaces/include/mycobot_interfaces/mycobot_interfaces/msg/rosidl_typesupport_fastrtps_c__visibility_control.h
[0.923s] -- Up-to-date: /home/amin/cobot/cobot_ws/install/mycobot_interfaces/lib/libmycobot_interfaces__rosidl_typesupport_fastrtps_c.so
[0.923s] -- Up-to-date: /home/amin/cobot/cobot_ws/install/mycobot_interfaces/include/mycobot_interfaces/mycobot_interfaces
[0.923s] -- Up-to-date: /home/amin/cobot/cobot_ws/install/mycobot_interfaces/include/mycobot_interfaces/mycobot_interfaces/srv
[0.923s] -- Up-to-date: /home/amin/cobot/cobot_ws/install/mycobot_interfaces/include/mycobot_interfaces/mycobot_interfaces/srv/detail
[0.923s] -- Installing: /home/amin/cobot/cobot_ws/install/mycobot_interfaces/include/mycobot_interfaces/mycobot_interfaces/srv/detail/pump_status__type_support.c
[0.924s] -- Installing: /home/amin/cobot/cobot_ws/install/mycobot_interfaces/include/mycobot_interfaces/mycobot_interfaces/srv/detail/get_coords__type_support.c
[0.924s] -- Up-to-date: /home/amin/cobot/cobot_ws/install/mycobot_interfaces/include/mycobot_interfaces/mycobot_interfaces/srv/detail/set_angles__rosidl_typesupport_introspection_c.h
[0.924s] -- Installing: /home/amin/cobot/cobot_ws/install/mycobot_interfaces/include/mycobot_interfaces/mycobot_interfaces/srv/detail/set_coords__type_support.c
[0.924s] -- Installing: /home/amin/cobot/cobot_ws/install/mycobot_interfaces/include/mycobot_interfaces/mycobot_interfaces/srv/detail/set_angles__type_support.c
[0.924s] -- Up-to-date: /home/amin/cobot/cobot_ws/install/mycobot_interfaces/include/mycobot_interfaces/mycobot_interfaces/srv/detail/pump_status__rosidl_typesupport_introspection_c.h
[0.924s] -- Installing: /home/amin/cobot/cobot_ws/install/mycobot_interfaces/include/mycobot_interfaces/mycobot_interfaces/srv/detail/get_angles__type_support.c
[0.924s] -- Up-to-date: /home/amin/cobot/cobot_ws/install/mycobot_interfaces/include/mycobot_interfaces/mycobot_interfaces/srv/detail/get_angles__rosidl_typesupport_introspection_c.h
[0.924s] -- Installing: /home/amin/cobot/cobot_ws/install/mycobot_interfaces/include/mycobot_interfaces/mycobot_interfaces/srv/detail/gripper_status__type_support.c
[0.924s] -- Up-to-date: /home/amin/cobot/cobot_ws/install/mycobot_interfaces/include/mycobot_interfaces/mycobot_interfaces/srv/detail/set_coords__rosidl_typesupport_introspection_c.h
[0.924s] -- Up-to-date: /home/amin/cobot/cobot_ws/install/mycobot_interfaces/include/mycobot_interfaces/mycobot_interfaces/srv/detail/get_coords__rosidl_typesupport_introspection_c.h
[0.924s] -- Up-to-date: /home/amin/cobot/cobot_ws/install/mycobot_interfaces/include/mycobot_interfaces/mycobot_interfaces/srv/detail/gripper_status__rosidl_typesupport_introspection_c.h
[0.924s] -- Up-to-date: /home/amin/cobot/cobot_ws/install/mycobot_interfaces/include/mycobot_interfaces/mycobot_interfaces/msg
[0.925s] -- Up-to-date: /home/amin/cobot/cobot_ws/install/mycobot_interfaces/include/mycobot_interfaces/mycobot_interfaces/msg/detail
[0.925s] -- Up-to-date: /home/amin/cobot/cobot_ws/install/mycobot_interfaces/include/mycobot_interfaces/mycobot_interfaces/msg/detail/mycobot_set_coords__rosidl_typesupport_introspection_c.h
[0.925s] -- Installing: /home/amin/cobot/cobot_ws/install/mycobot_interfaces/include/mycobot_interfaces/mycobot_interfaces/msg/detail/mycobot_set_angles__type_support.c
[0.925s] -- Up-to-date: /home/amin/cobot/cobot_ws/install/mycobot_interfaces/include/mycobot_interfaces/mycobot_interfaces/msg/detail/mycobot_coords__rosidl_typesupport_introspection_c.h
[0.925s] -- Up-to-date: /home/amin/cobot/cobot_ws/install/mycobot_interfaces/include/mycobot_interfaces/mycobot_interfaces/msg/detail/mycobot_angles__rosidl_typesupport_introspection_c.h
[0.926s] -- Installing: /home/amin/cobot/cobot_ws/install/mycobot_interfaces/include/mycobot_interfaces/mycobot_interfaces/msg/detail/mycobot_angles__type_support.c
[0.926s] -- Installing: /home/amin/cobot/cobot_ws/install/mycobot_interfaces/include/mycobot_interfaces/mycobot_interfaces/msg/detail/mycobot_pump_status__type_support.c
[0.926s] -- Installing: /home/amin/cobot/cobot_ws/install/mycobot_interfaces/include/mycobot_interfaces/mycobot_interfaces/msg/detail/mycobot_gripper_status__type_support.c
[0.926s] -- Installing: /home/amin/cobot/cobot_ws/install/mycobot_interfaces/include/mycobot_interfaces/mycobot_interfaces/msg/detail/mycobot_coords__type_support.c
[0.926s] -- Installing: /home/amin/cobot/cobot_ws/install/mycobot_interfaces/include/mycobot_interfaces/mycobot_interfaces/msg/detail/mycobot_set_coords__type_support.c
[0.926s] -- Up-to-date: /home/amin/cobot/cobot_ws/install/mycobot_interfaces/include/mycobot_interfaces/mycobot_interfaces/msg/detail/mycobot_gripper_status__rosidl_typesupport_introspection_c.h
[0.926s] -- Up-to-date: /home/amin/cobot/cobot_ws/install/mycobot_interfaces/include/mycobot_interfaces/mycobot_interfaces/msg/detail/mycobot_set_angles__rosidl_typesupport_introspection_c.h
[0.927s] -- Up-to-date: /home/amin/cobot/cobot_ws/install/mycobot_interfaces/include/mycobot_interfaces/mycobot_interfaces/msg/detail/mycobot_pump_status__rosidl_typesupport_introspection_c.h
[0.927s] -- Up-to-date: /home/amin/cobot/cobot_ws/install/mycobot_interfaces/include/mycobot_interfaces/mycobot_interfaces/msg/rosidl_typesupport_introspection_c__visibility_control.h
[0.927s] -- Up-to-date: /home/amin/cobot/cobot_ws/install/mycobot_interfaces/lib/libmycobot_interfaces__rosidl_typesupport_introspection_c.so
[0.928s] -- Up-to-date: /home/amin/cobot/cobot_ws/install/mycobot_interfaces/lib/libmycobot_interfaces__rosidl_typesupport_c.so
[0.928s] -- Up-to-date: /home/amin/cobot/cobot_ws/install/mycobot_interfaces/include/mycobot_interfaces/mycobot_interfaces
[0.928s] -- Up-to-date: /home/amin/cobot/cobot_ws/install/mycobot_interfaces/include/mycobot_interfaces/mycobot_interfaces/srv
[0.928s] -- Up-to-date: /home/amin/cobot/cobot_ws/install/mycobot_interfaces/include/mycobot_interfaces/mycobot_interfaces/srv/set_angles.hpp
[0.928s] -- Up-to-date: /home/amin/cobot/cobot_ws/install/mycobot_interfaces/include/mycobot_interfaces/mycobot_interfaces/srv/get_coords.hpp
[0.931s] -- Up-to-date: /home/amin/cobot/cobot_ws/install/mycobot_interfaces/include/mycobot_interfaces/mycobot_interfaces/srv/gripper_status.hpp
[0.931s] -- Up-to-date: /home/amin/cobot/cobot_ws/install/mycobot_interfaces/include/mycobot_interfaces/mycobot_interfaces/srv/detail
[0.931s] -- Up-to-date: /home/amin/cobot/cobot_ws/install/mycobot_interfaces/include/mycobot_interfaces/mycobot_interfaces/srv/detail/get_coords__type_support.hpp
[0.931s] -- Up-to-date: /home/amin/cobot/cobot_ws/install/mycobot_interfaces/include/mycobot_interfaces/mycobot_interfaces/srv/detail/get_angles__builder.hpp
[0.932s] -- Up-to-date: /home/amin/cobot/cobot_ws/install/mycobot_interfaces/include/mycobot_interfaces/mycobot_interfaces/srv/detail/gripper_status__type_support.hpp
[0.932s] -- Up-to-date: /home/amin/cobot/cobot_ws/install/mycobot_interfaces/include/mycobot_interfaces/mycobot_interfaces/srv/detail/set_angles__traits.hpp
[0.932s] -- Up-to-date: /home/amin/cobot/cobot_ws/install/mycobot_interfaces/include/mycobot_interfaces/mycobot_interfaces/srv/detail/set_angles__builder.hpp
[0.932s] -- Up-to-date: /home/amin/cobot/cobot_ws/install/mycobot_interfaces/include/mycobot_interfaces/mycobot_interfaces/srv/detail/gripper_status__struct.hpp
[0.932s] -- Up-to-date: /home/amin/cobot/cobot_ws/install/mycobot_interfaces/include/mycobot_interfaces/mycobot_interfaces/srv/detail/gripper_status__traits.hpp
[0.932s] -- Up-to-date: /home/amin/cobot/cobot_ws/install/mycobot_interfaces/include/mycobot_interfaces/mycobot_interfaces/srv/detail/set_coords__struct.hpp
[0.932s] -- Up-to-date: /home/amin/cobot/cobot_ws/install/mycobot_interfaces/include/mycobot_interfaces/mycobot_interfaces/srv/detail/pump_status__builder.hpp
[0.932s] -- Up-to-date: /home/amin/cobot/cobot_ws/install/mycobot_interfaces/include/mycobot_interfaces/mycobot_interfaces/srv/detail/set_coords__builder.hpp
[0.932s] -- Up-to-date: /home/amin/cobot/cobot_ws/install/mycobot_interfaces/include/mycobot_interfaces/mycobot_interfaces/srv/detail/pump_status__type_support.hpp
[0.932s] -- Up-to-date: /home/amin/cobot/cobot_ws/install/mycobot_interfaces/include/mycobot_interfaces/mycobot_interfaces/srv/detail/get_coords__struct.hpp
[0.932s] -- Up-to-date: /home/amin/cobot/cobot_ws/install/mycobot_interfaces/include/mycobot_interfaces/mycobot_interfaces/srv/detail/gripper_status__builder.hpp
[0.932s] -- Up-to-date: /home/amin/cobot/cobot_ws/install/mycobot_interfaces/include/mycobot_interfaces/mycobot_interfaces/srv/detail/pump_status__traits.hpp
[0.932s] -- Up-to-date: /home/amin/cobot/cobot_ws/install/mycobot_interfaces/include/mycobot_interfaces/mycobot_interfaces/srv/detail/get_angles__type_support.hpp
[0.933s] -- Up-to-date: /home/amin/cobot/cobot_ws/install/mycobot_interfaces/include/mycobot_interfaces/mycobot_interfaces/srv/detail/get_coords__traits.hpp
[0.933s] -- Up-to-date: /home/amin/cobot/cobot_ws/install/mycobot_interfaces/include/mycobot_interfaces/mycobot_interfaces/srv/detail/set_angles__struct.hpp
[0.933s] -- Up-to-date: /home/amin/cobot/cobot_ws/install/mycobot_interfaces/include/mycobot_interfaces/mycobot_interfaces/srv/detail/get_angles__traits.hpp
[0.933s] -- Up-to-date: /home/amin/cobot/cobot_ws/install/mycobot_interfaces/include/mycobot_interfaces/mycobot_interfaces/srv/detail/get_coords__builder.hpp
[0.933s] -- Up-to-date: /home/amin/cobot/cobot_ws/install/mycobot_interfaces/include/mycobot_interfaces/mycobot_interfaces/srv/detail/set_coords__type_support.hpp
[0.933s] -- Up-to-date: /home/amin/cobot/cobot_ws/install/mycobot_interfaces/include/mycobot_interfaces/mycobot_interfaces/srv/detail/set_angles__type_support.hpp
[0.933s] -- Up-to-date: /home/amin/cobot/cobot_ws/install/mycobot_interfaces/include/mycobot_interfaces/mycobot_interfaces/srv/detail/set_coords__traits.hpp
[0.933s] -- Up-to-date: /home/amin/cobot/cobot_ws/install/mycobot_interfaces/include/mycobot_interfaces/mycobot_interfaces/srv/detail/get_angles__struct.hpp
[0.933s] -- Up-to-date: /home/amin/cobot/cobot_ws/install/mycobot_interfaces/include/mycobot_interfaces/mycobot_interfaces/srv/detail/pump_status__struct.hpp
[0.933s] -- Up-to-date: /home/amin/cobot/cobot_ws/install/mycobot_interfaces/include/mycobot_interfaces/mycobot_interfaces/srv/set_coords.hpp
[0.933s] -- Up-to-date: /home/amin/cobot/cobot_ws/install/mycobot_interfaces/include/mycobot_interfaces/mycobot_interfaces/srv/get_angles.hpp
[0.933s] -- Up-to-date: /home/amin/cobot/cobot_ws/install/mycobot_interfaces/include/mycobot_interfaces/mycobot_interfaces/srv/pump_status.hpp
[0.933s] -- Up-to-date: /home/amin/cobot/cobot_ws/install/mycobot_interfaces/include/mycobot_interfaces/mycobot_interfaces/msg
[0.934s] -- Up-to-date: /home/amin/cobot/cobot_ws/install/mycobot_interfaces/include/mycobot_interfaces/mycobot_interfaces/msg/mycobot_angles.hpp
[0.934s] -- Up-to-date: /home/amin/cobot/cobot_ws/install/mycobot_interfaces/include/mycobot_interfaces/mycobot_interfaces/msg/mycobot_gripper_status.hpp
[0.934s] -- Up-to-date: /home/amin/cobot/cobot_ws/install/mycobot_interfaces/include/mycobot_interfaces/mycobot_interfaces/msg/detail
[0.934s] -- Up-to-date: /home/amin/cobot/cobot_ws/install/mycobot_interfaces/include/mycobot_interfaces/mycobot_interfaces/msg/detail/mycobot_gripper_status__struct.hpp
[0.934s] -- Up-to-date: /home/amin/cobot/cobot_ws/install/mycobot_interfaces/include/mycobot_interfaces/mycobot_interfaces/msg/detail/mycobot_coords__struct.hpp
[0.934s] -- Up-to-date: /home/amin/cobot/cobot_ws/install/mycobot_interfaces/include/mycobot_interfaces/mycobot_interfaces/msg/detail/mycobot_set_angles__type_support.hpp
[0.934s] -- Up-to-date: /home/amin/cobot/cobot_ws/install/mycobot_interfaces/include/mycobot_interfaces/mycobot_interfaces/msg/detail/mycobot_gripper_status__builder.hpp
[0.936s] -- Up-to-date: /home/amin/cobot/cobot_ws/install/mycobot_interfaces/include/mycobot_interfaces/mycobot_interfaces/msg/detail/mycobot_angles__traits.hpp
[0.936s] -- Up-to-date: /home/amin/cobot/cobot_ws/install/mycobot_interfaces/include/mycobot_interfaces/mycobot_interfaces/msg/detail/mycobot_angles__struct.hpp
[0.936s] -- Up-to-date: /home/amin/cobot/cobot_ws/install/mycobot_interfaces/include/mycobot_interfaces/mycobot_interfaces/msg/detail/mycobot_gripper_status__type_support.hpp
[0.936s] -- Up-to-date: /home/amin/cobot/cobot_ws/install/mycobot_interfaces/include/mycobot_interfaces/mycobot_interfaces/msg/detail/mycobot_coords__type_support.hpp
[0.936s] -- Up-to-date: /home/amin/cobot/cobot_ws/install/mycobot_interfaces/include/mycobot_interfaces/mycobot_interfaces/msg/detail/mycobot_gripper_status__traits.hpp
[0.936s] -- Up-to-date: /home/amin/cobot/cobot_ws/install/mycobot_interfaces/include/mycobot_interfaces/mycobot_interfaces/msg/detail/mycobot_pump_status__type_support.hpp
[0.936s] -- Up-to-date: /home/amin/cobot/cobot_ws/install/mycobot_interfaces/include/mycobot_interfaces/mycobot_interfaces/msg/detail/mycobot_pump_status__struct.hpp
[0.936s] -- Up-to-date: /home/amin/cobot/cobot_ws/install/mycobot_interfaces/include/mycobot_interfaces/mycobot_interfaces/msg/detail/mycobot_angles__builder.hpp
[0.936s] -- Up-to-date: /home/amin/cobot/cobot_ws/install/mycobot_interfaces/include/mycobot_interfaces/mycobot_interfaces/msg/detail/mycobot_set_angles__builder.hpp
[0.936s] -- Up-to-date: /home/amin/cobot/cobot_ws/install/mycobot_interfaces/include/mycobot_interfaces/mycobot_interfaces/msg/detail/mycobot_coords__builder.hpp
[0.937s] -- Up-to-date: /home/amin/cobot/cobot_ws/install/mycobot_interfaces/include/mycobot_interfaces/mycobot_interfaces/msg/detail/mycobot_set_angles__traits.hpp
[0.937s] -- Up-to-date: /home/amin/cobot/cobot_ws/install/mycobot_interfaces/include/mycobot_interfaces/mycobot_interfaces/msg/detail/mycobot_coords__traits.hpp
[0.937s] -- Up-to-date: /home/amin/cobot/cobot_ws/install/mycobot_interfaces/include/mycobot_interfaces/mycobot_interfaces/msg/detail/mycobot_set_coords__type_support.hpp
[0.937s] -- Up-to-date: /home/amin/cobot/cobot_ws/install/mycobot_interfaces/include/mycobot_interfaces/mycobot_interfaces/msg/detail/mycobot_set_angles__struct.hpp
[0.937s] -- Up-to-date: /home/amin/cobot/cobot_ws/install/mycobot_interfaces/include/mycobot_interfaces/mycobot_interfaces/msg/detail/mycobot_set_coords__builder.hpp
[0.937s] -- Up-to-date: /home/amin/cobot/cobot_ws/install/mycobot_interfaces/include/mycobot_interfaces/mycobot_interfaces/msg/detail/mycobot_angles__type_support.hpp
[0.937s] -- Up-to-date: /home/amin/cobot/cobot_ws/install/mycobot_interfaces/include/mycobot_interfaces/mycobot_interfaces/msg/detail/mycobot_set_coords__struct.hpp
[0.937s] -- Up-to-date: /home/amin/cobot/cobot_ws/install/mycobot_interfaces/include/mycobot_interfaces/mycobot_interfaces/msg/detail/mycobot_set_coords__traits.hpp
[0.937s] -- Up-to-date: /home/amin/cobot/cobot_ws/install/mycobot_interfaces/include/mycobot_interfaces/mycobot_interfaces/msg/detail/mycobot_pump_status__traits.hpp
[0.937s] -- Up-to-date: /home/amin/cobot/cobot_ws/install/mycobot_interfaces/include/mycobot_interfaces/mycobot_interfaces/msg/detail/mycobot_pump_status__builder.hpp
[0.937s] -- Up-to-date: /home/amin/cobot/cobot_ws/install/mycobot_interfaces/include/mycobot_interfaces/mycobot_interfaces/msg/mycobot_set_coords.hpp
[0.937s] -- Up-to-date: /home/amin/cobot/cobot_ws/install/mycobot_interfaces/include/mycobot_interfaces/mycobot_interfaces/msg/mycobot_set_angles.hpp
[0.937s] -- Up-to-date: /home/amin/cobot/cobot_ws/install/mycobot_interfaces/include/mycobot_interfaces/mycobot_interfaces/msg/rosidl_generator_cpp__visibility_control.hpp
[0.938s] -- Up-to-date: /home/amin/cobot/cobot_ws/install/mycobot_interfaces/include/mycobot_interfaces/mycobot_interfaces/msg/mycobot_coords.hpp
[0.938s] -- Up-to-date: /home/amin/cobot/cobot_ws/install/mycobot_interfaces/include/mycobot_interfaces/mycobot_interfaces/msg/mycobot_pump_status.hpp
[0.938s] -- Up-to-date: /home/amin/cobot/cobot_ws/install/mycobot_interfaces/include/mycobot_interfaces/mycobot_interfaces
[0.938s] -- Up-to-date: /home/amin/cobot/cobot_ws/install/mycobot_interfaces/include/mycobot_interfaces/mycobot_interfaces/srv
[0.938s] -- Up-to-date: /home/amin/cobot/cobot_ws/install/mycobot_interfaces/include/mycobot_interfaces/mycobot_interfaces/srv/detail
[0.938s] -- Up-to-date: /home/amin/cobot/cobot_ws/install/mycobot_interfaces/include/mycobot_interfaces/mycobot_interfaces/srv/detail/gripper_status__rosidl_typesupport_fastrtps_cpp.hpp
[0.938s] -- Up-to-date: /home/amin/cobot/cobot_ws/install/mycobot_interfaces/include/mycobot_interfaces/mycobot_interfaces/srv/detail/pump_status__rosidl_typesupport_fastrtps_cpp.hpp
[0.938s] -- Up-to-date: /home/amin/cobot/cobot_ws/install/mycobot_interfaces/include/mycobot_interfaces/mycobot_interfaces/srv/detail/dds_fastrtps
[0.938s] -- Up-to-date: /home/amin/cobot/cobot_ws/install/mycobot_interfaces/include/mycobot_interfaces/mycobot_interfaces/srv/detail/get_angles__rosidl_typesupport_fastrtps_cpp.hpp
[0.938s] -- Up-to-date: /home/amin/cobot/cobot_ws/install/mycobot_interfaces/include/mycobot_interfaces/mycobot_interfaces/srv/detail/set_coords__rosidl_typesupport_fastrtps_cpp.hpp
[0.939s] -- Up-to-date: /home/amin/cobot/cobot_ws/install/mycobot_interfaces/include/mycobot_interfaces/mycobot_interfaces/srv/detail/get_coords__rosidl_typesupport_fastrtps_cpp.hpp
[0.939s] -- Up-to-date: /home/amin/cobot/cobot_ws/install/mycobot_interfaces/include/mycobot_interfaces/mycobot_interfaces/srv/detail/set_angles__rosidl_typesupport_fastrtps_cpp.hpp
[0.939s] -- Up-to-date: /home/amin/cobot/cobot_ws/install/mycobot_interfaces/include/mycobot_interfaces/mycobot_interfaces/msg
[0.939s] -- Up-to-date: /home/amin/cobot/cobot_ws/install/mycobot_interfaces/include/mycobot_interfaces/mycobot_interfaces/msg/detail
[0.939s] -- Up-to-date: /home/amin/cobot/cobot_ws/install/mycobot_interfaces/include/mycobot_interfaces/mycobot_interfaces/msg/detail/dds_fastrtps
[0.939s] -- Up-to-date: /home/amin/cobot/cobot_ws/install/mycobot_interfaces/include/mycobot_interfaces/mycobot_interfaces/msg/detail/mycobot_angles__rosidl_typesupport_fastrtps_cpp.hpp
[0.939s] -- Up-to-date: /home/amin/cobot/cobot_ws/install/mycobot_interfaces/include/mycobot_interfaces/mycobot_interfaces/msg/detail/mycobot_set_angles__rosidl_typesupport_fastrtps_cpp.hpp
[0.941s] -- Up-to-date: /home/amin/cobot/cobot_ws/install/mycobot_interfaces/include/mycobot_interfaces/mycobot_interfaces/msg/detail/mycobot_coords__rosidl_typesupport_fastrtps_cpp.hpp
[0.941s] -- Up-to-date: /home/amin/cobot/cobot_ws/install/mycobot_interfaces/include/mycobot_interfaces/mycobot_interfaces/msg/detail/mycobot_gripper_status__rosidl_typesupport_fastrtps_cpp.hpp
[0.941s] -- Up-to-date: /home/amin/cobot/cobot_ws/install/mycobot_interfaces/include/mycobot_interfaces/mycobot_interfaces/msg/detail/mycobot_set_coords__rosidl_typesupport_fastrtps_cpp.hpp
[0.942s] -- Up-to-date: /home/amin/cobot/cobot_ws/install/mycobot_interfaces/include/mycobot_interfaces/mycobot_interfaces/msg/detail/mycobot_pump_status__rosidl_typesupport_fastrtps_cpp.hpp
[0.942s] -- Up-to-date: /home/amin/cobot/cobot_ws/install/mycobot_interfaces/include/mycobot_interfaces/mycobot_interfaces/msg/rosidl_typesupport_fastrtps_cpp__visibility_control.h
[0.942s] -- Up-to-date: /home/amin/cobot/cobot_ws/install/mycobot_interfaces/lib/libmycobot_interfaces__rosidl_typesupport_fastrtps_cpp.so
[0.942s] -- Up-to-date: /home/amin/cobot/cobot_ws/install/mycobot_interfaces/include/mycobot_interfaces/mycobot_interfaces
[0.942s] -- Up-to-date: /home/amin/cobot/cobot_ws/install/mycobot_interfaces/include/mycobot_interfaces/mycobot_interfaces/srv
[0.942s] -- Up-to-date: /home/amin/cobot/cobot_ws/install/mycobot_interfaces/include/mycobot_interfaces/mycobot_interfaces/srv/detail
[0.942s] -- Up-to-date: /home/amin/cobot/cobot_ws/install/mycobot_interfaces/include/mycobot_interfaces/mycobot_interfaces/srv/detail/set_coords__type_support.cpp
[0.942s] -- Up-to-date: /home/amin/cobot/cobot_ws/install/mycobot_interfaces/include/mycobot_interfaces/mycobot_interfaces/srv/detail/pump_status__rosidl_typesupport_introspection_cpp.hpp
[0.942s] -- Up-to-date: /home/amin/cobot/cobot_ws/install/mycobot_interfaces/include/mycobot_interfaces/mycobot_interfaces/srv/detail/gripper_status__type_support.cpp
[0.942s] -- Up-to-date: /home/amin/cobot/cobot_ws/install/mycobot_interfaces/include/mycobot_interfaces/mycobot_interfaces/srv/detail/gripper_status__rosidl_typesupport_introspection_cpp.hpp
[0.942s] -- Up-to-date: /home/amin/cobot/cobot_ws/install/mycobot_interfaces/include/mycobot_interfaces/mycobot_interfaces/srv/detail/get_coords__type_support.cpp
[0.942s] -- Up-to-date: /home/amin/cobot/cobot_ws/install/mycobot_interfaces/include/mycobot_interfaces/mycobot_interfaces/srv/detail/set_angles__rosidl_typesupport_introspection_cpp.hpp
[0.942s] -- Up-to-date: /home/amin/cobot/cobot_ws/install/mycobot_interfaces/include/mycobot_interfaces/mycobot_interfaces/srv/detail/set_angles__type_support.cpp
[0.943s] -- Up-to-date: /home/amin/cobot/cobot_ws/install/mycobot_interfaces/include/mycobot_interfaces/mycobot_interfaces/srv/detail/get_angles__type_support.cpp
[0.943s] -- Up-to-date: /home/amin/cobot/cobot_ws/install/mycobot_interfaces/include/mycobot_interfaces/mycobot_interfaces/srv/detail/pump_status__type_support.cpp
[0.943s] -- Up-to-date: /home/amin/cobot/cobot_ws/install/mycobot_interfaces/include/mycobot_interfaces/mycobot_interfaces/srv/detail/get_angles__rosidl_typesupport_introspection_cpp.hpp
[0.943s] -- Up-to-date: /home/amin/cobot/cobot_ws/install/mycobot_interfaces/include/mycobot_interfaces/mycobot_interfaces/srv/detail/set_coords__rosidl_typesupport_introspection_cpp.hpp
[0.943s] -- Up-to-date: /home/amin/cobot/cobot_ws/install/mycobot_interfaces/include/mycobot_interfaces/mycobot_interfaces/srv/detail/get_coords__rosidl_typesupport_introspection_cpp.hpp
[0.943s] -- Up-to-date: /home/amin/cobot/cobot_ws/install/mycobot_interfaces/include/mycobot_interfaces/mycobot_interfaces/msg
[0.943s] -- Up-to-date: /home/amin/cobot/cobot_ws/install/mycobot_interfaces/include/mycobot_interfaces/mycobot_interfaces/msg/detail
[0.943s] -- Up-to-date: /home/amin/cobot/cobot_ws/install/mycobot_interfaces/include/mycobot_interfaces/mycobot_interfaces/msg/detail/mycobot_angles__type_support.cpp
[0.943s] -- Up-to-date: /home/amin/cobot/cobot_ws/install/mycobot_interfaces/include/mycobot_interfaces/mycobot_interfaces/msg/detail/mycobot_set_angles__type_support.cpp
[0.943s] -- Up-to-date: /home/amin/cobot/cobot_ws/install/mycobot_interfaces/include/mycobot_interfaces/mycobot_interfaces/msg/detail/mycobot_coords__type_support.cpp
[0.943s] -- Up-to-date: /home/amin/cobot/cobot_ws/install/mycobot_interfaces/include/mycobot_interfaces/mycobot_interfaces/msg/detail/mycobot_angles__rosidl_typesupport_introspection_cpp.hpp
[0.943s] -- Up-to-date: /home/amin/cobot/cobot_ws/install/mycobot_interfaces/include/mycobot_interfaces/mycobot_interfaces/msg/detail/mycobot_set_coords__type_support.cpp
[0.944s] -- Up-to-date: /home/amin/cobot/cobot_ws/install/mycobot_interfaces/include/mycobot_interfaces/mycobot_interfaces/msg/detail/mycobot_gripper_status__type_support.cpp
[0.944s] -- Up-to-date: /home/amin/cobot/cobot_ws/install/mycobot_interfaces/include/mycobot_interfaces/mycobot_interfaces/msg/detail/mycobot_set_coords__rosidl_typesupport_introspection_cpp.hpp
[0.944s] -- Up-to-date: /home/amin/cobot/cobot_ws/install/mycobot_interfaces/include/mycobot_interfaces/mycobot_interfaces/msg/detail/mycobot_set_angles__rosidl_typesupport_introspection_cpp.hpp
[0.944s] -- Up-to-date: /home/amin/cobot/cobot_ws/install/mycobot_interfaces/include/mycobot_interfaces/mycobot_interfaces/msg/detail/mycobot_coords__rosidl_typesupport_introspection_cpp.hpp
[0.944s] -- Up-to-date: /home/amin/cobot/cobot_ws/install/mycobot_interfaces/include/mycobot_interfaces/mycobot_interfaces/msg/detail/mycobot_gripper_status__rosidl_typesupport_introspection_cpp.hpp
[0.944s] -- Up-to-date: /home/amin/cobot/cobot_ws/install/mycobot_interfaces/include/mycobot_interfaces/mycobot_interfaces/msg/detail/mycobot_pump_status__rosidl_typesupport_introspection_cpp.hpp
[0.944s] -- Up-to-date: /home/amin/cobot/cobot_ws/install/mycobot_interfaces/include/mycobot_interfaces/mycobot_interfaces/msg/detail/mycobot_pump_status__type_support.cpp
[0.944s] -- Up-to-date: /home/amin/cobot/cobot_ws/install/mycobot_interfaces/lib/libmycobot_interfaces__rosidl_typesupport_introspection_cpp.so
[0.949s] -- Up-to-date: /home/amin/cobot/cobot_ws/install/mycobot_interfaces/lib/libmycobot_interfaces__rosidl_typesupport_cpp.so
[0.949s] -- Up-to-date: /home/amin/cobot/cobot_ws/install/mycobot_interfaces/share/mycobot_interfaces/environment/pythonpath.sh
[0.950s] -- Up-to-date: /home/amin/cobot/cobot_ws/install/mycobot_interfaces/share/mycobot_interfaces/environment/pythonpath.dsv
[0.950s] -- Up-to-date: /home/amin/cobot/cobot_ws/install/mycobot_interfaces/lib/python3.12/site-packages/mycobot_interfaces-0.0.0-py3.12.egg-info
[0.950s] -- Installing: /home/amin/cobot/cobot_ws/install/mycobot_interfaces/lib/python3.12/site-packages/mycobot_interfaces-0.0.0-py3.12.egg-info/SOURCES.txt
[0.950s] -- Installing: /home/amin/cobot/cobot_ws/install/mycobot_interfaces/lib/python3.12/site-packages/mycobot_interfaces-0.0.0-py3.12.egg-info/PKG-INFO
[0.950s] -- Installing: /home/amin/cobot/cobot_ws/install/mycobot_interfaces/lib/python3.12/site-packages/mycobot_interfaces-0.0.0-py3.12.egg-info/top_level.txt
[0.950s] -- Installing: /home/amin/cobot/cobot_ws/install/mycobot_interfaces/lib/python3.12/site-packages/mycobot_interfaces-0.0.0-py3.12.egg-info/dependency_links.txt
[0.950s] -- Up-to-date: /home/amin/cobot/cobot_ws/install/mycobot_interfaces/lib/python3.12/site-packages/mycobot_interfaces
[0.950s] -- Up-to-date: /home/amin/cobot/cobot_ws/install/mycobot_interfaces/lib/python3.12/site-packages/mycobot_interfaces/mycobot_interfaces_s__rosidl_typesupport_c.so
[0.950s] -- Up-to-date: /home/amin/cobot/cobot_ws/install/mycobot_interfaces/lib/python3.12/site-packages/mycobot_interfaces/mycobot_interfaces_s__rosidl_typesupport_introspection_c.so
[0.950s] -- Up-to-date: /home/amin/cobot/cobot_ws/install/mycobot_interfaces/lib/python3.12/site-packages/mycobot_interfaces/_mycobot_interfaces_s.ep.rosidl_typesupport_fastrtps_c.c
[0.950s] -- Up-to-date: /home/amin/cobot/cobot_ws/install/mycobot_interfaces/lib/python3.12/site-packages/mycobot_interfaces/__init__.py
[0.950s] -- Up-to-date: /home/amin/cobot/cobot_ws/install/mycobot_interfaces/lib/python3.12/site-packages/mycobot_interfaces/srv
[0.951s] -- Up-to-date: /home/amin/cobot/cobot_ws/install/mycobot_interfaces/lib/python3.12/site-packages/mycobot_interfaces/srv/_get_coords_s.c
[0.951s] -- Up-to-date: /home/amin/cobot/cobot_ws/install/mycobot_interfaces/lib/python3.12/site-packages/mycobot_interfaces/srv/_get_angles_s.c
[0.951s] -- Up-to-date: /home/amin/cobot/cobot_ws/install/mycobot_interfaces/lib/python3.12/site-packages/mycobot_interfaces/srv/_get_angles.py
[0.951s] -- Up-to-date: /home/amin/cobot/cobot_ws/install/mycobot_interfaces/lib/python3.12/site-packages/mycobot_interfaces/srv/_set_angles.py
[0.951s] -- Up-to-date: /home/amin/cobot/cobot_ws/install/mycobot_interfaces/lib/python3.12/site-packages/mycobot_interfaces/srv/_pump_status.py
[0.951s] -- Up-to-date: /home/amin/cobot/cobot_ws/install/mycobot_interfaces/lib/python3.12/site-packages/mycobot_interfaces/srv/_pump_status_s.c
[0.951s] -- Up-to-date: /home/amin/cobot/cobot_ws/install/mycobot_interfaces/lib/python3.12/site-packages/mycobot_interfaces/srv/_set_coords.py
[0.951s] -- Up-to-date: /home/amin/cobot/cobot_ws/install/mycobot_interfaces/lib/python3.12/site-packages/mycobot_interfaces/srv/__init__.py
[0.951s] -- Up-to-date: /home/amin/cobot/cobot_ws/install/mycobot_interfaces/lib/python3.12/site-packages/mycobot_interfaces/srv/_get_coords.py
[0.951s] -- Up-to-date: /home/amin/cobot/cobot_ws/install/mycobot_interfaces/lib/python3.12/site-packages/mycobot_interfaces/srv/_gripper_status_s.c
[0.952s] -- Up-to-date: /home/amin/cobot/cobot_ws/install/mycobot_interfaces/lib/python3.12/site-packages/mycobot_interfaces/srv/_gripper_status.py
[0.952s] -- Up-to-date: /home/amin/cobot/cobot_ws/install/mycobot_interfaces/lib/python3.12/site-packages/mycobot_interfaces/srv/_set_coords_s.c
[0.952s] -- Up-to-date: /home/amin/cobot/cobot_ws/install/mycobot_interfaces/lib/python3.12/site-packages/mycobot_interfaces/srv/_set_angles_s.c
[0.952s] -- Up-to-date: /home/amin/cobot/cobot_ws/install/mycobot_interfaces/lib/python3.12/site-packages/mycobot_interfaces/_mycobot_interfaces_s.ep.rosidl_typesupport_c.c
[0.952s] -- Up-to-date: /home/amin/cobot/cobot_ws/install/mycobot_interfaces/lib/python3.12/site-packages/mycobot_interfaces/msg
[0.952s] -- Up-to-date: /home/amin/cobot/cobot_ws/install/mycobot_interfaces/lib/python3.12/site-packages/mycobot_interfaces/msg/_mycobot_pump_status_s.c
[0.952s] -- Up-to-date: /home/amin/cobot/cobot_ws/install/mycobot_interfaces/lib/python3.12/site-packages/mycobot_interfaces/msg/_mycobot_set_angles_s.c
[0.952s] -- Up-to-date: /home/amin/cobot/cobot_ws/install/mycobot_interfaces/lib/python3.12/site-packages/mycobot_interfaces/msg/__init__.py
[0.952s] -- Up-to-date: /home/amin/cobot/cobot_ws/install/mycobot_interfaces/lib/python3.12/site-packages/mycobot_interfaces/msg/_mycobot_gripper_status.py
[0.952s] -- Up-to-date: /home/amin/cobot/cobot_ws/install/mycobot_interfaces/lib/python3.12/site-packages/mycobot_interfaces/msg/_mycobot_set_angles.py
[0.952s] -- Up-to-date: /home/amin/cobot/cobot_ws/install/mycobot_interfaces/lib/python3.12/site-packages/mycobot_interfaces/msg/_mycobot_set_coords_s.c
[0.952s] -- Up-to-date: /home/amin/cobot/cobot_ws/install/mycobot_interfaces/lib/python3.12/site-packages/mycobot_interfaces/msg/_mycobot_coords_s.c
[0.953s] -- Up-to-date: /home/amin/cobot/cobot_ws/install/mycobot_interfaces/lib/python3.12/site-packages/mycobot_interfaces/msg/_mycobot_angles_s.c
[0.953s] -- Up-to-date: /home/amin/cobot/cobot_ws/install/mycobot_interfaces/lib/python3.12/site-packages/mycobot_interfaces/msg/_mycobot_pump_status.py
[0.953s] -- Up-to-date: /home/amin/cobot/cobot_ws/install/mycobot_interfaces/lib/python3.12/site-packages/mycobot_interfaces/msg/_mycobot_set_coords.py
[0.953s] -- Up-to-date: /home/amin/cobot/cobot_ws/install/mycobot_interfaces/lib/python3.12/site-packages/mycobot_interfaces/msg/_mycobot_coords.py
[0.953s] -- Up-to-date: /home/amin/cobot/cobot_ws/install/mycobot_interfaces/lib/python3.12/site-packages/mycobot_interfaces/msg/_mycobot_angles.py
[0.953s] -- Up-to-date: /home/amin/cobot/cobot_ws/install/mycobot_interfaces/lib/python3.12/site-packages/mycobot_interfaces/msg/_mycobot_gripper_status_s.c
[0.953s] -- Up-to-date: /home/amin/cobot/cobot_ws/install/mycobot_interfaces/lib/python3.12/site-packages/mycobot_interfaces/_mycobot_interfaces_s.ep.rosidl_typesupport_introspection_c.c
[0.956s] -- Up-to-date: /home/amin/cobot/cobot_ws/install/mycobot_interfaces/lib/python3.12/site-packages/mycobot_interfaces/mycobot_interfaces_s__rosidl_typesupport_fastrtps_c.so
[1.007s] Listing '/home/amin/cobot/cobot_ws/install/mycobot_interfaces/lib/python3.12/site-packages/mycobot_interfaces'...
[1.007s] Listing '/home/amin/cobot/cobot_ws/install/mycobot_interfaces/lib/python3.12/site-packages/mycobot_interfaces/msg'...
[1.007s] Listing '/home/amin/cobot/cobot_ws/install/mycobot_interfaces/lib/python3.12/site-packages/mycobot_interfaces/srv'...
[1.007s] -- Up-to-date: /home/amin/cobot/cobot_ws/install/mycobot_interfaces/lib/python3.12/site-packages/mycobot_interfaces/mycobot_interfaces_s__rosidl_typesupport_fastrtps_c.so
[1.007s] -- Up-to-date: /home/amin/cobot/cobot_ws/install/mycobot_interfaces/lib/python3.12/site-packages/mycobot_interfaces/mycobot_interfaces_s__rosidl_typesupport_introspection_c.so
[1.008s] -- Up-to-date: /home/amin/cobot/cobot_ws/install/mycobot_interfaces/lib/python3.12/site-packages/mycobot_interfaces/mycobot_interfaces_s__rosidl_typesupport_c.so
[1.008s] -- Up-to-date: /home/amin/cobot/cobot_ws/install/mycobot_interfaces/lib/libmycobot_interfaces__rosidl_generator_py.so
[1.008s] -- Up-to-date: /home/amin/cobot/cobot_ws/install/mycobot_interfaces/share/mycobot_interfaces/msg/MycobotAngles.idl
[1.008s] -- Up-to-date: /home/amin/cobot/cobot_ws/install/mycobot_interfaces/share/mycobot_interfaces/msg/MycobotCoords.idl
[1.008s] -- Up-to-date: /home/amin/cobot/cobot_ws/install/mycobot_interfaces/share/mycobot_interfaces/msg/MycobotSetAngles.idl
[1.008s] -- Up-to-date: /home/amin/cobot/cobot_ws/install/mycobot_interfaces/share/mycobot_interfaces/msg/MycobotSetCoords.idl
[1.008s] -- Up-to-date: /home/amin/cobot/cobot_ws/install/mycobot_interfaces/share/mycobot_interfaces/msg/MycobotGripperStatus.idl
[1.008s] -- Up-to-date: /home/amin/cobot/cobot_ws/install/mycobot_interfaces/share/mycobot_interfaces/msg/MycobotPumpStatus.idl
[1.008s] -- Up-to-date: /home/amin/cobot/cobot_ws/install/mycobot_interfaces/share/mycobot_interfaces/srv/GetAngles.idl
[1.008s] -- Up-to-date: /home/amin/cobot/cobot_ws/install/mycobot_interfaces/share/mycobot_interfaces/srv/SetAngles.idl
[1.008s] -- Up-to-date: /home/amin/cobot/cobot_ws/install/mycobot_interfaces/share/mycobot_interfaces/srv/GetCoords.idl
[1.008s] -- Up-to-date: /home/amin/cobot/cobot_ws/install/mycobot_interfaces/share/mycobot_interfaces/srv/SetCoords.idl
[1.008s] -- Up-to-date: /home/amin/cobot/cobot_ws/install/mycobot_interfaces/share/mycobot_interfaces/srv/GripperStatus.idl
[1.008s] -- Up-to-date: /home/amin/cobot/cobot_ws/install/mycobot_interfaces/share/mycobot_interfaces/srv/PumpStatus.idl
[1.008s] -- Up-to-date: /home/amin/cobot/cobot_ws/install/mycobot_interfaces/share/mycobot_interfaces/msg/MycobotAngles.msg
[1.008s] -- Up-to-date: /home/amin/cobot/cobot_ws/install/mycobot_interfaces/share/mycobot_interfaces/msg/MycobotCoords.msg
[1.008s] -- Up-to-date: /home/amin/cobot/cobot_ws/install/mycobot_interfaces/share/mycobot_interfaces/msg/MycobotSetAngles.msg
[1.008s] -- Up-to-date: /home/amin/cobot/cobot_ws/install/mycobot_interfaces/share/mycobot_interfaces/msg/MycobotSetCoords.msg
[1.009s] -- Up-to-date: /home/amin/cobot/cobot_ws/install/mycobot_interfaces/share/mycobot_interfaces/msg/MycobotGripperStatus.msg
[1.009s] -- Up-to-date: /home/amin/cobot/cobot_ws/install/mycobot_interfaces/share/mycobot_interfaces/msg/MycobotPumpStatus.msg
[1.009s] -- Up-to-date: /home/amin/cobot/cobot_ws/install/mycobot_interfaces/share/mycobot_interfaces/srv/GetAngles.srv
[1.009s] -- Up-to-date: /home/amin/cobot/cobot_ws/install/mycobot_interfaces/share/mycobot_interfaces/srv/SetAngles.srv
[1.009s] -- Up-to-date: /home/amin/cobot/cobot_ws/install/mycobot_interfaces/share/mycobot_interfaces/srv/GetCoords.srv
[1.009s] -- Up-to-date: /home/amin/cobot/cobot_ws/install/mycobot_interfaces/share/mycobot_interfaces/srv/SetCoords.srv
[1.009s] -- Up-to-date: /home/amin/cobot/cobot_ws/install/mycobot_interfaces/share/mycobot_interfaces/srv/GripperStatus.srv
[1.009s] -- Up-to-date: /home/amin/cobot/cobot_ws/install/mycobot_interfaces/share/mycobot_interfaces/srv/PumpStatus.srv
[1.009s] -- Up-to-date: /home/amin/cobot/cobot_ws/install/mycobot_interfaces/share/ament_index/resource_index/package_run_dependencies/mycobot_interfaces
[1.009s] -- Up-to-date: /home/amin/cobot/cobot_ws/install/mycobot_interfaces/share/ament_index/resource_index/parent_prefix_path/mycobot_interfaces
[1.009s] -- Up-to-date: /home/amin/cobot/cobot_ws/install/mycobot_interfaces/share/mycobot_interfaces/environment/ament_prefix_path.sh
[1.009s] -- Up-to-date: /home/amin/cobot/cobot_ws/install/mycobot_interfaces/share/mycobot_interfaces/environment/ament_prefix_path.dsv
[1.009s] -- Up-to-date: /home/amin/cobot/cobot_ws/install/mycobot_interfaces/share/mycobot_interfaces/environment/path.sh
[1.009s] -- Up-to-date: /home/amin/cobot/cobot_ws/install/mycobot_interfaces/share/mycobot_interfaces/environment/path.dsv
[1.010s] -- Up-to-date: /home/amin/cobot/cobot_ws/install/mycobot_interfaces/share/mycobot_interfaces/local_setup.bash
[1.010s] -- Up-to-date: /home/amin/cobot/cobot_ws/install/mycobot_interfaces/share/mycobot_interfaces/local_setup.sh
[1.010s] -- Up-to-date: /home/amin/cobot/cobot_ws/install/mycobot_interfaces/share/mycobot_interfaces/local_setup.zsh
[1.010s] -- Up-to-date: /home/amin/cobot/cobot_ws/install/mycobot_interfaces/share/mycobot_interfaces/local_setup.dsv
[1.010s] -- Installing: /home/amin/cobot/cobot_ws/install/mycobot_interfaces/share/mycobot_interfaces/package.dsv
[1.010s] -- Up-to-date: /home/amin/cobot/cobot_ws/install/mycobot_interfaces/share/ament_index/resource_index/packages/mycobot_interfaces
[1.010s] -- Up-to-date: /home/amin/cobot/cobot_ws/install/mycobot_interfaces/share/mycobot_interfaces/cmake/export_mycobot_interfaces__rosidl_generator_cExport.cmake
[1.010s] -- Up-to-date: /home/amin/cobot/cobot_ws/install/mycobot_interfaces/share/mycobot_interfaces/cmake/export_mycobot_interfaces__rosidl_generator_cExport-noconfig.cmake
[1.010s] -- Up-to-date: /home/amin/cobot/cobot_ws/install/mycobot_interfaces/share/mycobot_interfaces/cmake/export_mycobot_interfaces__rosidl_typesupport_fastrtps_cExport.cmake
[1.010s] -- Up-to-date: /home/amin/cobot/cobot_ws/install/mycobot_interfaces/share/mycobot_interfaces/cmake/export_mycobot_interfaces__rosidl_typesupport_fastrtps_cExport-noconfig.cmake
[1.010s] -- Up-to-date: /home/amin/cobot/cobot_ws/install/mycobot_interfaces/share/mycobot_interfaces/cmake/mycobot_interfaces__rosidl_typesupport_introspection_cExport.cmake
[1.010s] -- Up-to-date: /home/amin/cobot/cobot_ws/install/mycobot_interfaces/share/mycobot_interfaces/cmake/mycobot_interfaces__rosidl_typesupport_introspection_cExport-noconfig.cmake
[1.010s] -- Up-to-date: /home/amin/cobot/cobot_ws/install/mycobot_interfaces/share/mycobot_interfaces/cmake/mycobot_interfaces__rosidl_typesupport_cExport.cmake
[1.010s] -- Up-to-date: /home/amin/cobot/cobot_ws/install/mycobot_interfaces/share/mycobot_interfaces/cmake/mycobot_interfaces__rosidl_typesupport_cExport-noconfig.cmake
[1.010s] -- Up-to-date: /home/amin/cobot/cobot_ws/install/mycobot_interfaces/share/mycobot_interfaces/cmake/export_mycobot_interfaces__rosidl_generator_cppExport.cmake
[1.010s] -- Up-to-date: /home/amin/cobot/cobot_ws/install/mycobot_interfaces/share/mycobot_interfaces/cmake/export_mycobot_interfaces__rosidl_typesupport_fastrtps_cppExport.cmake
[1.010s] -- Up-to-date: /home/amin/cobot/cobot_ws/install/mycobot_interfaces/share/mycobot_interfaces/cmake/export_mycobot_interfaces__rosidl_typesupport_fastrtps_cppExport-noconfig.cmake
[1.010s] -- Up-to-date: /home/amin/cobot/cobot_ws/install/mycobot_interfaces/share/mycobot_interfaces/cmake/mycobot_interfaces__rosidl_typesupport_introspection_cppExport.cmake
[1.010s] -- Up-to-date: /home/amin/cobot/cobot_ws/install/mycobot_interfaces/share/mycobot_interfaces/cmake/mycobot_interfaces__rosidl_typesupport_introspection_cppExport-noconfig.cmake
[1.010s] -- Up-to-date: /home/amin/cobot/cobot_ws/install/mycobot_interfaces/share/mycobot_interfaces/cmake/mycobot_interfaces__rosidl_typesupport_cppExport.cmake
[1.011s] -- Up-to-date: /home/amin/cobot/cobot_ws/install/mycobot_interfaces/share/mycobot_interfaces/cmake/mycobot_interfaces__rosidl_typesupport_cppExport-noconfig.cmake
[1.011s] -- Up-to-date: /home/amin/cobot/cobot_ws/install/mycobot_interfaces/share/mycobot_interfaces/cmake/export_mycobot_interfaces__rosidl_generator_pyExport.cmake
[1.011s] -- Up-to-date: /home/amin/cobot/cobot_ws/install/mycobot_interfaces/share/mycobot_interfaces/cmake/export_mycobot_interfaces__rosidl_generator_pyExport-noconfig.cmake
[1.011s] -- Up-to-date: /home/amin/cobot/cobot_ws/install/mycobot_interfaces/share/mycobot_interfaces/cmake/rosidl_cmake-extras.cmake
[1.011s] -- Up-to-date: /home/amin/cobot/cobot_ws/install/mycobot_interfaces/share/mycobot_interfaces/cmake/ament_cmake_export_dependencies-extras.cmake
[1.011s] -- Up-to-date: /home/amin/cobot/cobot_ws/install/mycobot_interfaces/share/mycobot_interfaces/cmake/ament_cmake_export_include_directories-extras.cmake
[1.011s] -- Up-to-date: /home/amin/cobot/cobot_ws/install/mycobot_interfaces/share/mycobot_interfaces/cmake/ament_cmake_export_libraries-extras.cmake
[1.011s] -- Up-to-date: /home/amin/cobot/cobot_ws/install/mycobot_interfaces/share/mycobot_interfaces/cmake/ament_cmake_export_targets-extras.cmake
[1.011s] -- Up-to-date: /home/amin/cobot/cobot_ws/install/mycobot_interfaces/share/mycobot_interfaces/cmake/rosidl_cmake_export_typesupport_targets-extras.cmake
[1.011s] -- Up-to-date: /home/amin/cobot/cobot_ws/install/mycobot_interfaces/share/mycobot_interfaces/cmake/rosidl_cmake_export_typesupport_libraries-extras.cmake
[1.011s] -- Up-to-date: /home/amin/cobot/cobot_ws/install/mycobot_interfaces/share/mycobot_interfaces/cmake/mycobot_interfacesConfig.cmake
[1.011s] -- Up-to-date: /home/amin/cobot/cobot_ws/install/mycobot_interfaces/share/mycobot_interfaces/cmake/mycobot_interfacesConfig-version.cmake
[1.011s] -- Up-to-date: /home/amin/cobot/cobot_ws/install/mycobot_interfaces/share/mycobot_interfaces/package.xml
[1.013s] Invoked command in '/home/amin/cobot/cobot_ws/build/mycobot_interfaces' returned '0': CMAKE_PREFIX_PATH=${CMAKE_PREFIX_PATH}:/home/amin/cobot/cobot_ws/install/ultraarm:/home/amin/cobot/cobot_ws/install/pro450_moveit2_control:/home/amin/cobot/cobot_ws/install/mypalletizer_communication:/home/amin/cobot/cobot_ws/install/mypalletizer_260_pi:/home/amin/cobot/cobot_ws/install/mypalletizer_260:/home/amin/cobot/cobot_ws/install/mycobot_pro_450:/home/amin/cobot/cobot_ws/install/myarm_m750:/home/amin/cobot/cobot_ws/install/myarm_c650:/home/amin/cobot/cobot_ws/install/mycobot_communication:/home/amin/cobot/cobot_ws/install/mecharm_communication:/home/amin/cobot/cobot_ws/install/mycobot_630:/home/amin/cobot/cobot_ws/install/mycobot_600:/home/amin/cobot/cobot_ws/install/mycobot_320pi:/home/amin/cobot/cobot_ws/install/mycobot_320_riscv:/home/amin/cobot/cobot_ws/install/mycobot_320:/home/amin/cobot/cobot_ws/install/mycobot_280pi:/home/amin/cobot/cobot_ws/install/mycobot_280jn:/home/amin/cobot/cobot_ws/install/mycobot_280_x3pi:/home/amin/cobot/cobot_ws/install/mycobot_280_riscv:/home/amin/cobot/cobot_ws/install/mycobot_280_rdkx5:/home/amin/cobot/cobot_ws/install/mycobot_280_moveit2_control:/home/amin/cobot/cobot_ws/install/mycobot_280_arduino:/home/amin/cobot/cobot_ws/install/mycobot_280:/home/amin/cobot/cobot_ws/install/mybuddy:/home/amin/cobot/cobot_ws/install/myarm_300:/home/amin/cobot/cobot_ws/install/mecharm_pi:/home/amin/cobot/cobot_ws/install/mecharm:/home/amin/cobot/cobot_ws/install/mycobot_description:/opt/ros/jazzy DEBUGINFOD_URLS=https://debuginfod.ubuntu.com /usr/bin/cmake --install /home/amin/cobot/cobot_ws/build/mycobot_interfaces
