[3.181s] Invoking command in '/home/amin/cobot/cobot_ws/src/mycobot_ros2/mycobot_280/mycobot_280': AMENT_PREFIX_PATH=/home/amin/cobot/cobot_ws/install/mycobot_description:${AMENT_PREFIX_PATH} DEBUGINFOD_URLS=https://debuginfod.ubuntu.com PYTHONPATH=/home/amin/cobot/cobot_ws/build/mycobot_280/prefix_override:/usr/lib/python3/dist-packages/colcon_core/task/python/colcon_distutils_commands:/home/amin/cobot/cobot_ws/install/mycobot_280/lib/python3.12/site-packages:/home/amin/cobot/cobot_ws/install/mycobot_description/lib/python3.12/site-packages:${PYTHONPATH} /usr/bin/python3 -W ignore:setup.py install is deprecated -W ignore:easy_install command is deprecated setup.py egg_info --egg-base ../../../../build/mycobot_280 build --build-base /home/amin/cobot/cobot_ws/build/mycobot_280/build install --record /home/amin/cobot/cobot_ws/build/mycobot_280/install.log --single-version-externally-managed install_data
[7.082s] running egg_info
[7.083s] creating ../../../../build/mycobot_280/mycobot_280.egg-info
[7.083s] writing ../../../../build/mycobot_280/mycobot_280.egg-info/PKG-INFO
[7.083s] writing dependency_links to ../../../../build/mycobot_280/mycobot_280.egg-info/dependency_links.txt
[7.083s] writing entry points to ../../../../build/mycobot_280/mycobot_280.egg-info/entry_points.txt
[7.083s] writing requirements to ../../../../build/mycobot_280/mycobot_280.egg-info/requires.txt
[7.083s] writing top-level names to ../../../../build/mycobot_280/mycobot_280.egg-info/top_level.txt
[7.083s] writing manifest file '../../../../build/mycobot_280/mycobot_280.egg-info/SOURCES.txt'
[7.083s] reading manifest file '../../../../build/mycobot_280/mycobot_280.egg-info/SOURCES.txt'
[7.084s] adding license file 'LICENSE'
[7.084s] writing manifest file '../../../../build/mycobot_280/mycobot_280.egg-info/SOURCES.txt'
[7.084s] running build
[7.084s] running build_py
[7.084s] creating /home/amin/cobot/cobot_ws/build/mycobot_280/build
[7.084s] creating /home/amin/cobot/cobot_ws/build/mycobot_280/build/lib
[7.084s] creating /home/amin/cobot/cobot_ws/build/mycobot_280/build/lib/mycobot_280
[7.084s] copying mycobot_280/opencv_camera.py -> /home/amin/cobot/cobot_ws/build/mycobot_280/build/lib/mycobot_280
[7.084s] copying mycobot_280/camera_display.py -> /home/amin/cobot/cobot_ws/build/mycobot_280/build/lib/mycobot_280
[7.085s] copying mycobot_280/listen_real.py -> /home/amin/cobot/cobot_ws/build/mycobot_280/build/lib/mycobot_280
[7.085s] copying mycobot_280/listen_real_of_topic.py -> /home/amin/cobot/cobot_ws/build/mycobot_280/build/lib/mycobot_280
[7.085s] copying mycobot_280/listen_real_service.py -> /home/amin/cobot/cobot_ws/build/mycobot_280/build/lib/mycobot_280
[7.085s] copying mycobot_280/slider_control.py -> /home/amin/cobot/cobot_ws/build/mycobot_280/build/lib/mycobot_280
[7.085s] copying mycobot_280/teleop_keyboard.py -> /home/amin/cobot/cobot_ws/build/mycobot_280/build/lib/mycobot_280
[7.085s] copying mycobot_280/__init__.py -> /home/amin/cobot/cobot_ws/build/mycobot_280/build/lib/mycobot_280
[7.085s] copying mycobot_280/slider_control_adaptive_gripper.py -> /home/amin/cobot/cobot_ws/build/mycobot_280/build/lib/mycobot_280
[7.085s] copying mycobot_280/follow_display.py -> /home/amin/cobot/cobot_ws/build/mycobot_280/build/lib/mycobot_280
[7.085s] copying mycobot_280/simple_gui.py -> /home/amin/cobot/cobot_ws/build/mycobot_280/build/lib/mycobot_280
[7.086s] running install
[7.132s] running install_lib
[7.132s] creating /home/amin/cobot/cobot_ws/install/mycobot_280/lib/python3.12/site-packages/mycobot_280
[7.132s] copying /home/amin/cobot/cobot_ws/build/mycobot_280/build/lib/mycobot_280/opencv_camera.py -> /home/amin/cobot/cobot_ws/install/mycobot_280/lib/python3.12/site-packages/mycobot_280
[7.132s] copying /home/amin/cobot/cobot_ws/build/mycobot_280/build/lib/mycobot_280/camera_display.py -> /home/amin/cobot/cobot_ws/install/mycobot_280/lib/python3.12/site-packages/mycobot_280
[7.133s] copying /home/amin/cobot/cobot_ws/build/mycobot_280/build/lib/mycobot_280/listen_real.py -> /home/amin/cobot/cobot_ws/install/mycobot_280/lib/python3.12/site-packages/mycobot_280
[7.133s] copying /home/amin/cobot/cobot_ws/build/mycobot_280/build/lib/mycobot_280/listen_real_of_topic.py -> /home/amin/cobot/cobot_ws/install/mycobot_280/lib/python3.12/site-packages/mycobot_280
[7.133s] copying /home/amin/cobot/cobot_ws/build/mycobot_280/build/lib/mycobot_280/listen_real_service.py -> /home/amin/cobot/cobot_ws/install/mycobot_280/lib/python3.12/site-packages/mycobot_280
[7.133s] copying /home/amin/cobot/cobot_ws/build/mycobot_280/build/lib/mycobot_280/slider_control.py -> /home/amin/cobot/cobot_ws/install/mycobot_280/lib/python3.12/site-packages/mycobot_280
[7.133s] copying /home/amin/cobot/cobot_ws/build/mycobot_280/build/lib/mycobot_280/teleop_keyboard.py -> /home/amin/cobot/cobot_ws/install/mycobot_280/lib/python3.12/site-packages/mycobot_280
[7.133s] copying /home/amin/cobot/cobot_ws/build/mycobot_280/build/lib/mycobot_280/__init__.py -> /home/amin/cobot/cobot_ws/install/mycobot_280/lib/python3.12/site-packages/mycobot_280
[7.133s] copying /home/amin/cobot/cobot_ws/build/mycobot_280/build/lib/mycobot_280/slider_control_adaptive_gripper.py -> /home/amin/cobot/cobot_ws/install/mycobot_280/lib/python3.12/site-packages/mycobot_280
[7.133s] copying /home/amin/cobot/cobot_ws/build/mycobot_280/build/lib/mycobot_280/follow_display.py -> /home/amin/cobot/cobot_ws/install/mycobot_280/lib/python3.12/site-packages/mycobot_280
[7.133s] copying /home/amin/cobot/cobot_ws/build/mycobot_280/build/lib/mycobot_280/simple_gui.py -> /home/amin/cobot/cobot_ws/install/mycobot_280/lib/python3.12/site-packages/mycobot_280
[7.134s] byte-compiling /home/amin/cobot/cobot_ws/install/mycobot_280/lib/python3.12/site-packages/mycobot_280/opencv_camera.py to opencv_camera.cpython-312.pyc
[7.134s] byte-compiling /home/amin/cobot/cobot_ws/install/mycobot_280/lib/python3.12/site-packages/mycobot_280/camera_display.py to camera_display.cpython-312.pyc
[7.134s] byte-compiling /home/amin/cobot/cobot_ws/install/mycobot_280/lib/python3.12/site-packages/mycobot_280/listen_real.py to listen_real.cpython-312.pyc
[7.134s] byte-compiling /home/amin/cobot/cobot_ws/install/mycobot_280/lib/python3.12/site-packages/mycobot_280/listen_real_of_topic.py to listen_real_of_topic.cpython-312.pyc
[7.134s] byte-compiling /home/amin/cobot/cobot_ws/install/mycobot_280/lib/python3.12/site-packages/mycobot_280/listen_real_service.py to listen_real_service.cpython-312.pyc
[7.134s] byte-compiling /home/amin/cobot/cobot_ws/install/mycobot_280/lib/python3.12/site-packages/mycobot_280/slider_control.py to slider_control.cpython-312.pyc
[7.134s] byte-compiling /home/amin/cobot/cobot_ws/install/mycobot_280/lib/python3.12/site-packages/mycobot_280/teleop_keyboard.py to teleop_keyboard.cpython-312.pyc
[7.134s] byte-compiling /home/amin/cobot/cobot_ws/install/mycobot_280/lib/python3.12/site-packages/mycobot_280/__init__.py to __init__.cpython-312.pyc
[7.134s] byte-compiling /home/amin/cobot/cobot_ws/install/mycobot_280/lib/python3.12/site-packages/mycobot_280/slider_control_adaptive_gripper.py to slider_control_adaptive_gripper.cpython-312.pyc
[7.137s] byte-compiling /home/amin/cobot/cobot_ws/install/mycobot_280/lib/python3.12/site-packages/mycobot_280/follow_display.py to follow_display.cpython-312.pyc
[7.137s] byte-compiling /home/amin/cobot/cobot_ws/install/mycobot_280/lib/python3.12/site-packages/mycobot_280/simple_gui.py to simple_gui.cpython-312.pyc
[7.138s] running install_data
[7.138s] creating /home/amin/cobot/cobot_ws/install/mycobot_280/share/ament_index
[7.138s] creating /home/amin/cobot/cobot_ws/install/mycobot_280/share/ament_index/resource_index
[7.138s] creating /home/amin/cobot/cobot_ws/install/mycobot_280/share/ament_index/resource_index/packages
[7.138s] copying resource/mycobot_280 -> /home/amin/cobot/cobot_ws/install/mycobot_280/share/ament_index/resource_index/packages
[7.138s] copying package.xml -> /home/amin/cobot/cobot_ws/install/mycobot_280/share/mycobot_280
[7.138s] creating /home/amin/cobot/cobot_ws/install/mycobot_280/share/mycobot_280/launch
[7.138s] copying launch/mycobot_follow.launch.py -> /home/amin/cobot/cobot_ws/install/mycobot_280/share/mycobot_280/launch
[7.139s] copying launch/slider_control_camera_flange.launch.py -> /home/amin/cobot/cobot_ws/install/mycobot_280/share/mycobot_280/launch
[7.139s] copying launch/test_camera_flange.launch.py -> /home/amin/cobot/cobot_ws/install/mycobot_280/share/mycobot_280/launch
[7.139s] copying launch/simple_gui_pump.launch.py -> /home/amin/cobot/cobot_ws/install/mycobot_280/share/mycobot_280/launch
[7.139s] copying launch/teleop_keyboard.launch.py -> /home/amin/cobot/cobot_ws/install/mycobot_280/share/mycobot_280/launch
[7.139s] copying launch/simple_gui.launch.py -> /home/amin/cobot/cobot_ws/install/mycobot_280/share/mycobot_280/launch
[7.139s] copying launch/test_pump.launch.py -> /home/amin/cobot/cobot_ws/install/mycobot_280/share/mycobot_280/launch
[7.139s] copying launch/slider_control_adaptive_gripper.launch.py -> /home/amin/cobot/cobot_ws/install/mycobot_280/share/mycobot_280/launch
[7.139s] copying launch/test.launch.py -> /home/amin/cobot/cobot_ws/install/mycobot_280/share/mycobot_280/launch
[7.139s] copying launch/test_camera_flange_pump.launch.py -> /home/amin/cobot/cobot_ws/install/mycobot_280/share/mycobot_280/launch
[7.140s] copying launch/test_gripper.launch.py -> /home/amin/cobot/cobot_ws/install/mycobot_280/share/mycobot_280/launch
[7.140s] copying launch/slider_control_pump.launch.py -> /home/amin/cobot/cobot_ws/install/mycobot_280/share/mycobot_280/launch
[7.140s] copying launch/slider_control.launch.py -> /home/amin/cobot/cobot_ws/install/mycobot_280/share/mycobot_280/launch
[7.140s] creating /home/amin/cobot/cobot_ws/install/mycobot_280/share/mycobot_280/config
[7.140s] copying config/mycobot.rviz -> /home/amin/cobot/cobot_ws/install/mycobot_280/share/mycobot_280/config
[7.140s] copying config/mycobot_with_marker.rviz -> /home/amin/cobot/cobot_ws/install/mycobot_280/share/mycobot_280/config
[7.140s] running install_egg_info
[7.140s] Copying ../../../../build/mycobot_280/mycobot_280.egg-info to /home/amin/cobot/cobot_ws/install/mycobot_280/lib/python3.12/site-packages/mycobot_280-0.0.0-py3.12.egg-info
[7.140s] running install_scripts
[7.140s] Installing camera_display script to /home/amin/cobot/cobot_ws/install/mycobot_280/lib/mycobot_280
[7.160s] Installing follow_display script to /home/amin/cobot/cobot_ws/install/mycobot_280/lib/mycobot_280
[7.160s] Installing listen_real script to /home/amin/cobot/cobot_ws/install/mycobot_280/lib/mycobot_280
[7.160s] Installing listen_real_of_topic script to /home/amin/cobot/cobot_ws/install/mycobot_280/lib/mycobot_280
[7.160s] Installing listen_real_service script to /home/amin/cobot/cobot_ws/install/mycobot_280/lib/mycobot_280
[7.160s] Installing opencv_camera script to /home/amin/cobot/cobot_ws/install/mycobot_280/lib/mycobot_280
[7.160s] Installing simple_gui script to /home/amin/cobot/cobot_ws/install/mycobot_280/lib/mycobot_280
[7.160s] Installing slider_control script to /home/amin/cobot/cobot_ws/install/mycobot_280/lib/mycobot_280
[7.160s] Installing slider_control_adaptive_gripper script to /home/amin/cobot/cobot_ws/install/mycobot_280/lib/mycobot_280
[7.161s] Installing teleop_keyboard script to /home/amin/cobot/cobot_ws/install/mycobot_280/lib/mycobot_280
[7.161s] writing list of installed files to '/home/amin/cobot/cobot_ws/build/mycobot_280/install.log'
[7.214s] Invoked command in '/home/amin/cobot/cobot_ws/src/mycobot_ros2/mycobot_280/mycobot_280' returned '0': AMENT_PREFIX_PATH=/home/amin/cobot/cobot_ws/install/mycobot_description:${AMENT_PREFIX_PATH} DEBUGINFOD_URLS=https://debuginfod.ubuntu.com PYTHONPATH=/home/amin/cobot/cobot_ws/build/mycobot_280/prefix_override:/usr/lib/python3/dist-packages/colcon_core/task/python/colcon_distutils_commands:/home/amin/cobot/cobot_ws/install/mycobot_280/lib/python3.12/site-packages:/home/amin/cobot/cobot_ws/install/mycobot_description/lib/python3.12/site-packages:${PYTHONPATH} /usr/bin/python3 -W ignore:setup.py install is deprecated -W ignore:easy_install command is deprecated setup.py egg_info --egg-base ../../../../build/mycobot_280 build --build-base /home/amin/cobot/cobot_ws/build/mycobot_280/build install --record /home/amin/cobot/cobot_ws/build/mycobot_280/install.log --single-version-externally-managed install_data
