[1.373s] Invoking command in '/home/amin/cobot/cobot_ws/src/mycobot_ros2/mycobot_description': DEBUGINFOD_URLS=https://debuginfod.ubuntu.com PYTHONPATH=/home/amin/cobot/cobot_ws/build/mycobot_description/prefix_override:/usr/lib/python3/dist-packages/colcon_core/task/python/colcon_distutils_commands:/home/amin/cobot/cobot_ws/install/mycobot_description/lib/python3.12/site-packages:${PYTHONPATH} /usr/bin/python3 -W ignore:setup.py install is deprecated -W ignore:easy_install command is deprecated setup.py egg_info --egg-base ../../../build/mycobot_description build --build-base /home/amin/cobot/cobot_ws/build/mycobot_description/build install --record /home/amin/cobot/cobot_ws/build/mycobot_description/install.log --single-version-externally-managed install_data
[1.646s] running egg_info
[1.662s] writing ../../../build/mycobot_description/mycobot_description.egg-info/PKG-INFO
[1.663s] writing dependency_links to ../../../build/mycobot_description/mycobot_description.egg-info/dependency_links.txt
[1.663s] writing requirements to ../../../build/mycobot_description/mycobot_description.egg-info/requires.txt
[1.663s] writing top-level names to ../../../build/mycobot_description/mycobot_description.egg-info/top_level.txt
[1.706s] reading manifest file '../../../build/mycobot_description/mycobot_description.egg-info/SOURCES.txt'
[1.708s] adding license file 'LICENSE'
[1.712s] writing manifest file '../../../build/mycobot_description/mycobot_description.egg-info/SOURCES.txt'
[1.712s] running build
[1.712s] running build_py
[1.713s] running install
[1.722s] running install_lib
[1.750s] running install_data
[1.752s] copying urdf/mycobot_280_pi/joint5_fixed.stl -> /home/amin/cobot/cobot_ws/install/mycobot_description/share/mycobot_description/urdf/mycobot_280_pi
[1.756s] copying urdf/mycobot_280_pi/joint1_pi_fixed.stl -> /home/amin/cobot/cobot_ws/install/mycobot_description/share/mycobot_description/urdf/mycobot_280_pi
[1.775s] running install_egg_info
[1.792s] removing '/home/amin/cobot/cobot_ws/install/mycobot_description/lib/python3.12/site-packages/mycobot_description-0.0.0-py3.12.egg-info' (and everything under it)
[1.792s] Copying ../../../build/mycobot_description/mycobot_description.egg-info to /home/amin/cobot/cobot_ws/install/mycobot_description/lib/python3.12/site-packages/mycobot_description-0.0.0-py3.12.egg-info
[1.793s] running install_scripts
[1.920s] writing list of installed files to '/home/amin/cobot/cobot_ws/build/mycobot_description/install.log'
[1.957s] Invoked command in '/home/amin/cobot/cobot_ws/src/mycobot_ros2/mycobot_description' returned '0': DEBUGINFOD_URLS=https://debuginfod.ubuntu.com PYTHONPATH=/home/amin/cobot/cobot_ws/build/mycobot_description/prefix_override:/usr/lib/python3/dist-packages/colcon_core/task/python/colcon_distutils_commands:/home/amin/cobot/cobot_ws/install/mycobot_description/lib/python3.12/site-packages:${PYTHONPATH} /usr/bin/python3 -W ignore:setup.py install is deprecated -W ignore:easy_install command is deprecated setup.py egg_info --egg-base ../../../build/mycobot_description build --build-base /home/amin/cobot/cobot_ws/build/mycobot_description/build install --record /home/amin/cobot/cobot_ws/build/mycobot_description/install.log --single-version-externally-managed install_data
