[0.241s] Invoking command in '/home/amin/cobot/cobot_ws/build/mecharm_interfaces': CMAKE_PREFIX_PATH=${CMAKE_PREFIX_PATH}:/opt/ros/jazzy DEBUGINFOD_URLS=https://debuginfod.ubuntu.com /usr/bin/cmake /home/amin/cobot/cobot_ws/src/mycobot_ros2/mecharm/mecharm_interfaces -DCMAKE_INSTALL_PREFIX=/home/amin/cobot/cobot_ws/install/mecharm_interfaces
[0.306s] -- The C compiler identification is GNU 13.3.0
[0.360s] -- The CXX compiler identification is GNU 13.3.0
[0.377s] -- Detecting C compiler ABI info
[0.470s] -- Detecting C compiler ABI info - done
[0.487s] -- Check for working C compiler: /usr/bin/cc - skipped
[0.488s] -- Detecting C compile features
[0.489s] -- Detecting C compile features - done
[0.501s] -- Detecting CXX compiler ABI info
[0.608s] -- Detecting CXX compiler ABI info - done
[0.618s] -- Check for working CXX compiler: /usr/bin/c++ - skipped
[0.618s] -- Detecting CXX compile features
[0.618s] -- Detecting CXX compile features - done
[0.622s] -- Found ament_cmake: 2.5.4 (/opt/ros/jazzy/share/ament_cmake/cmake)
[0.791s] -- Found Python3: /usr/bin/python3 (found version "3.12.3") found components: Interpreter 
[0.914s] -- Found rosidl_default_generators: 1.6.0 (/opt/ros/jazzy/share/rosidl_default_generators/cmake)
[0.922s] -- Using all available rosidl_typesupport_c: rosidl_typesupport_fastrtps_c;rosidl_typesupport_introspection_c
[0.990s] -- Using all available rosidl_typesupport_cpp: rosidl_typesupport_fastrtps_cpp;rosidl_typesupport_introspection_cpp
[1.040s] -- Found rosidl_adapter: 4.6.6 (/opt/ros/jazzy/share/rosidl_adapter/cmake)
[1.045s] -- Found rclpy: 7.1.5 (/opt/ros/jazzy/share/rclpy/cmake)
[1.047s] -- Found std_msgs: 5.3.6 (/opt/ros/jazzy/share/std_msgs/cmake)
[1.842s] -- Found ament_cmake_ros: 0.12.0 (/opt/ros/jazzy/share/ament_cmake_ros/cmake)
[2.447s] -- Using all available rosidl_typesupport_c: rosidl_typesupport_fastrtps_c;rosidl_typesupport_introspection_c
[3.240s] -- Using all available rosidl_typesupport_cpp: rosidl_typesupport_fastrtps_cpp;rosidl_typesupport_introspection_cpp
[3.247s] -- Found python_cmake_module: 0.11.1 (/opt/ros/jazzy/share/python_cmake_module/cmake)
[3.396s] -- Found PythonExtra: /usr/bin/python3  
[4.077s] -- Found Python3: /usr/bin/python3 (found version "3.12.3") found components: Interpreter Development NumPy Development.Module Development.Embed 
[4.160s] -- Found ament_lint_auto: 0.17.3 (/opt/ros/jazzy/share/ament_lint_auto/cmake)
[4.217s] -- Added test 'copyright' to check source files copyright and LICENSE
[4.222s] -- Added test 'lint_cmake' to check CMake code style
[4.225s] -- Added test 'xmllint' to check XML markup files
[4.231s] -- Configuring done (4.0s)
[4.342s] -- Generating done (0.1s)
[4.367s] -- Build files have been written to: /home/amin/cobot/cobot_ws/build/mecharm_interfaces
[4.384s] Invoked command in '/home/amin/cobot/cobot_ws/build/mecharm_interfaces' returned '0': CMAKE_PREFIX_PATH=${CMAKE_PREFIX_PATH}:/opt/ros/jazzy DEBUGINFOD_URLS=https://debuginfod.ubuntu.com /usr/bin/cmake /home/amin/cobot/cobot_ws/src/mycobot_ros2/mecharm/mecharm_interfaces -DCMAKE_INSTALL_PREFIX=/home/amin/cobot/cobot_ws/install/mecharm_interfaces
[4.388s] Invoking command in '/home/amin/cobot/cobot_ws/build/mecharm_interfaces': CMAKE_PREFIX_PATH=${CMAKE_PREFIX_PATH}:/opt/ros/jazzy DEBUGINFOD_URLS=https://debuginfod.ubuntu.com /usr/bin/cmake --build /home/amin/cobot/cobot_ws/build/mecharm_interfaces -- -j8 -l8
[4.527s] [  1%] [34m[1mGenerating type hashes for ROS interfaces[0m
[4.543s] [  1%] Built target ament_cmake_python_copy_mecharm_interfaces
[5.204s] running egg_info
[5.212s] creating mecharm_interfaces.egg-info
[5.277s] writing mecharm_interfaces.egg-info/PKG-INFO
[5.281s] writing dependency_links to mecharm_interfaces.egg-info/dependency_links.txt
[5.281s] writing top-level names to mecharm_interfaces.egg-info/top_level.txt
[5.281s] writing manifest file 'mecharm_interfaces.egg-info/SOURCES.txt'
[5.487s] [  1%] Built target mecharm_interfaces__rosidl_generator_type_description
[5.514s] reading manifest file 'mecharm_interfaces.egg-info/SOURCES.txt'
[5.514s] writing manifest file 'mecharm_interfaces.egg-info/SOURCES.txt'
[5.521s] [  2%] [34m[1mGenerating C code for ROS interfaces[0m
[5.556s] [  2%] [34m[1mGenerating C++ code for ROS interfaces[0m
[5.599s] [  2%] Built target ament_cmake_python_build_mecharm_interfaces_egg
[7.908s] [  2%] Built target mecharm_interfaces__cpp
[8.966s] [  3%] [32mBuilding C object CMakeFiles/mecharm_interfaces__rosidl_generator_c.dir/rosidl_generator_c/mecharm_interfaces/msg/detail/mecharm_angles__functions.c.o[0m
[8.969s] [  4%] [32mBuilding C object CMakeFiles/mecharm_interfaces__rosidl_generator_c.dir/rosidl_generator_c/mecharm_interfaces/msg/detail/mecharm_set_angles__functions.c.o[0m
[8.969s] [  5%] [32mBuilding C object CMakeFiles/mecharm_interfaces__rosidl_generator_c.dir/rosidl_generator_c/mecharm_interfaces/msg/detail/mecharm_angles__type_support.c.o[0m
[8.970s] [  5%] [32mBuilding C object CMakeFiles/mecharm_interfaces__rosidl_generator_c.dir/rosidl_generator_c/mecharm_interfaces/msg/detail/mecharm_coords__description.c.o[0m
[8.971s] [  5%] [32mBuilding C object CMakeFiles/mecharm_interfaces__rosidl_generator_c.dir/rosidl_generator_c/mecharm_interfaces/msg/detail/mecharm_angles__description.c.o[0m
[8.976s] [  6%] [32mBuilding C object CMakeFiles/mecharm_interfaces__rosidl_generator_c.dir/rosidl_generator_c/mecharm_interfaces/msg/detail/mecharm_coords__type_support.c.o[0m
[8.998s] [  7%] [32mBuilding C object CMakeFiles/mecharm_interfaces__rosidl_generator_c.dir/rosidl_generator_c/mecharm_interfaces/msg/detail/mecharm_coords__functions.c.o[0m
[9.028s] [  7%] [32mBuilding C object CMakeFiles/mecharm_interfaces__rosidl_generator_c.dir/rosidl_generator_c/mecharm_interfaces/msg/detail/mecharm_set_angles__description.c.o[0m
[9.129s] [  8%] [32mBuilding C object CMakeFiles/mecharm_interfaces__rosidl_generator_c.dir/rosidl_generator_c/mecharm_interfaces/msg/detail/mecharm_set_angles__type_support.c.o[0m
[9.135s] [  9%] [32mBuilding C object CMakeFiles/mecharm_interfaces__rosidl_generator_c.dir/rosidl_generator_c/mecharm_interfaces/msg/detail/mecharm_set_coords__description.c.o[0m
[9.178s] [  9%] [32mBuilding C object CMakeFiles/mecharm_interfaces__rosidl_generator_c.dir/rosidl_generator_c/mecharm_interfaces/msg/detail/mecharm_set_coords__functions.c.o[0m
[9.178s] [ 10%] [32mBuilding C object CMakeFiles/mecharm_interfaces__rosidl_generator_c.dir/rosidl_generator_c/mecharm_interfaces/msg/detail/mecharm_set_coords__type_support.c.o[0m
[9.187s] [ 11%] [32mBuilding C object CMakeFiles/mecharm_interfaces__rosidl_generator_c.dir/rosidl_generator_c/mecharm_interfaces/msg/detail/mecharm_gripper_status__description.c.o[0m
[9.224s] [ 11%] [32mBuilding C object CMakeFiles/mecharm_interfaces__rosidl_generator_c.dir/rosidl_generator_c/mecharm_interfaces/msg/detail/mecharm_gripper_status__functions.c.o[0m
[9.290s] [ 12%] [32mBuilding C object CMakeFiles/mecharm_interfaces__rosidl_generator_c.dir/rosidl_generator_c/mecharm_interfaces/msg/detail/mecharm_gripper_status__type_support.c.o[0m
[9.348s] [ 13%] [32mBuilding C object CMakeFiles/mecharm_interfaces__rosidl_generator_c.dir/rosidl_generator_c/mecharm_interfaces/msg/detail/mecharm_pump_status__description.c.o[0m
[9.368s] [ 13%] [32mBuilding C object CMakeFiles/mecharm_interfaces__rosidl_generator_c.dir/rosidl_generator_c/mecharm_interfaces/msg/detail/mecharm_pump_status__functions.c.o[0m
[9.381s] [ 14%] [32mBuilding C object CMakeFiles/mecharm_interfaces__rosidl_generator_c.dir/rosidl_generator_c/mecharm_interfaces/msg/detail/mecharm_pump_status__type_support.c.o[0m
[9.406s] [ 14%] [32mBuilding C object CMakeFiles/mecharm_interfaces__rosidl_generator_c.dir/rosidl_generator_c/mecharm_interfaces/srv/detail/get_angles__functions.c.o[0m
[9.414s] [ 16%] [32mBuilding C object CMakeFiles/mecharm_interfaces__rosidl_generator_c.dir/rosidl_generator_c/mecharm_interfaces/srv/detail/get_angles__type_support.c.o[0m
[9.416s] [ 16%] [32mBuilding C object CMakeFiles/mecharm_interfaces__rosidl_generator_c.dir/rosidl_generator_c/mecharm_interfaces/srv/detail/get_angles__description.c.o[0m
[9.516s] [ 17%] [32mBuilding C object CMakeFiles/mecharm_interfaces__rosidl_generator_c.dir/rosidl_generator_c/mecharm_interfaces/srv/detail/set_angles__functions.c.o[0m
[9.520s] [ 18%] [32mBuilding C object CMakeFiles/mecharm_interfaces__rosidl_generator_c.dir/rosidl_generator_c/mecharm_interfaces/srv/detail/get_coords__description.c.o[0m
[9.520s] [ 19%] [32mBuilding C object CMakeFiles/mecharm_interfaces__rosidl_generator_c.dir/rosidl_generator_c/mecharm_interfaces/srv/detail/set_angles__description.c.o[0m
[9.524s] [ 19%] [32mBuilding C object CMakeFiles/mecharm_interfaces__rosidl_generator_c.dir/rosidl_generator_c/mecharm_interfaces/srv/detail/set_angles__type_support.c.o[0m
[9.574s] [ 20%] [32mBuilding C object CMakeFiles/mecharm_interfaces__rosidl_generator_c.dir/rosidl_generator_c/mecharm_interfaces/srv/detail/get_coords__functions.c.o[0m
[9.599s] [ 20%] [32mBuilding C object CMakeFiles/mecharm_interfaces__rosidl_generator_c.dir/rosidl_generator_c/mecharm_interfaces/srv/detail/get_coords__type_support.c.o[0m
[9.891s] [ 21%] [32mBuilding C object CMakeFiles/mecharm_interfaces__rosidl_generator_c.dir/rosidl_generator_c/mecharm_interfaces/srv/detail/set_coords__description.c.o[0m
[9.962s] [ 22%] [32mBuilding C object CMakeFiles/mecharm_interfaces__rosidl_generator_c.dir/rosidl_generator_c/mecharm_interfaces/srv/detail/gripper_status__description.c.o[0m
[9.977s] [ 23%] [32mBuilding C object CMakeFiles/mecharm_interfaces__rosidl_generator_c.dir/rosidl_generator_c/mecharm_interfaces/srv/detail/set_coords__functions.c.o[0m
[9.981s] [ 23%] [32mBuilding C object CMakeFiles/mecharm_interfaces__rosidl_generator_c.dir/rosidl_generator_c/mecharm_interfaces/srv/detail/set_coords__type_support.c.o[0m
[10.020s] [ 24%] [32mBuilding C object CMakeFiles/mecharm_interfaces__rosidl_generator_c.dir/rosidl_generator_c/mecharm_interfaces/srv/detail/gripper_status__functions.c.o[0m
[10.020s] [ 25%] [32mBuilding C object CMakeFiles/mecharm_interfaces__rosidl_generator_c.dir/rosidl_generator_c/mecharm_interfaces/srv/detail/gripper_status__type_support.c.o[0m
[10.086s] [ 25%] [32mBuilding C object CMakeFiles/mecharm_interfaces__rosidl_generator_c.dir/rosidl_generator_c/mecharm_interfaces/srv/detail/pump_status__description.c.o[0m
[10.153s] [ 26%] [32mBuilding C object CMakeFiles/mecharm_interfaces__rosidl_generator_c.dir/rosidl_generator_c/mecharm_interfaces/srv/detail/pump_status__functions.c.o[0m
[10.218s] [ 27%] [32mBuilding C object CMakeFiles/mecharm_interfaces__rosidl_generator_c.dir/rosidl_generator_c/mecharm_interfaces/srv/detail/pump_status__type_support.c.o[0m
[10.569s] [ 27%] [32m[1mLinking C shared library libmecharm_interfaces__rosidl_generator_c.so[0m
[10.847s] [ 27%] Built target mecharm_interfaces__rosidl_generator_c
[10.900s] [ 29%] [34m[1mGenerating C introspection for ROS interfaces[0m
[10.900s] [ 29%] [34m[1mGenerating C type support dispatch for ROS interfaces[0m
[10.906s] [ 29%] [34m[1mGenerating C++ type support dispatch for ROS interfaces[0m
[10.907s] [ 30%] [34m[1mGenerating C type support for eProsima Fast-RTPS[0m
[10.911s] [ 30%] [34m[1mGenerating C++ introspection for ROS interfaces[0m
[10.911s] [ 31%] [34m[1mGenerating C++ type support for eProsima Fast-RTPS[0m
[14.530s] [ 32%] [32mBuilding C object CMakeFiles/mecharm_interfaces__rosidl_typesupport_introspection_c.dir/rosidl_typesupport_introspection_c/mecharm_interfaces/msg/detail/mecharm_coords__type_support.c.o[0m
[14.530s] [ 32%] [32mBuilding C object CMakeFiles/mecharm_interfaces__rosidl_typesupport_introspection_c.dir/rosidl_typesupport_introspection_c/mecharm_interfaces/msg/detail/mecharm_angles__type_support.c.o[0m
[14.541s] [ 33%] [32mBuilding C object CMakeFiles/mecharm_interfaces__rosidl_typesupport_introspection_c.dir/rosidl_typesupport_introspection_c/mecharm_interfaces/msg/detail/mecharm_set_angles__type_support.c.o[0m
[14.716s] [ 33%] [32mBuilding C object CMakeFiles/mecharm_interfaces__rosidl_typesupport_introspection_c.dir/rosidl_typesupport_introspection_c/mecharm_interfaces/msg/detail/mecharm_set_coords__type_support.c.o[0m
[14.794s] [ 34%] [32mBuilding C object CMakeFiles/mecharm_interfaces__rosidl_typesupport_introspection_c.dir/rosidl_typesupport_introspection_c/mecharm_interfaces/msg/detail/mecharm_gripper_status__type_support.c.o[0m
[14.831s] [ 35%] [32mBuilding C object CMakeFiles/mecharm_interfaces__rosidl_typesupport_introspection_c.dir/rosidl_typesupport_introspection_c/mecharm_interfaces/msg/detail/mecharm_pump_status__type_support.c.o[0m
[15.055s] [ 35%] [32mBuilding C object CMakeFiles/mecharm_interfaces__rosidl_typesupport_introspection_c.dir/rosidl_typesupport_introspection_c/mecharm_interfaces/srv/detail/get_angles__type_support.c.o[0m
[15.161s] [ 36%] [32mBuilding C object CMakeFiles/mecharm_interfaces__rosidl_typesupport_introspection_c.dir/rosidl_typesupport_introspection_c/mecharm_interfaces/srv/detail/get_coords__type_support.c.o[0m
[15.162s] [ 37%] [32mBuilding C object CMakeFiles/mecharm_interfaces__rosidl_typesupport_introspection_c.dir/rosidl_typesupport_introspection_c/mecharm_interfaces/srv/detail/set_angles__type_support.c.o[0m
[15.339s] [ 37%] [32mBuilding C object CMakeFiles/mecharm_interfaces__rosidl_typesupport_introspection_c.dir/rosidl_typesupport_introspection_c/mecharm_interfaces/srv/detail/gripper_status__type_support.c.o[0m
[15.379s] [ 38%] [32mBuilding C object CMakeFiles/mecharm_interfaces__rosidl_typesupport_introspection_c.dir/rosidl_typesupport_introspection_c/mecharm_interfaces/srv/detail/set_coords__type_support.c.o[0m
[15.577s] [ 39%] [32mBuilding C object CMakeFiles/mecharm_interfaces__rosidl_typesupport_introspection_c.dir/rosidl_typesupport_introspection_c/mecharm_interfaces/srv/detail/pump_status__type_support.c.o[0m
[15.734s] [ 39%] [32mBuilding CXX object CMakeFiles/mecharm_interfaces__rosidl_typesupport_c.dir/rosidl_typesupport_c/mecharm_interfaces/msg/mecharm_angles__type_support.cpp.o[0m
[15.743s] [ 40%] [32mBuilding CXX object CMakeFiles/mecharm_interfaces__rosidl_typesupport_introspection_cpp.dir/rosidl_typesupport_introspection_cpp/mecharm_interfaces/msg/detail/mecharm_angles__type_support.cpp.o[0m
[15.779s] [ 41%] [32mBuilding CXX object CMakeFiles/mecharm_interfaces__rosidl_typesupport_introspection_cpp.dir/rosidl_typesupport_introspection_cpp/mecharm_interfaces/msg/detail/mecharm_coords__type_support.cpp.o[0m
[15.810s] [ 42%] [32mBuilding CXX object CMakeFiles/mecharm_interfaces__rosidl_typesupport_c.dir/rosidl_typesupport_c/mecharm_interfaces/msg/mecharm_coords__type_support.cpp.o[0m
[15.842s] [ 43%] [32m[1mLinking C shared library libmecharm_interfaces__rosidl_typesupport_introspection_c.so[0m
[15.958s] [ 44%] [32mBuilding CXX object CMakeFiles/mecharm_interfaces__rosidl_typesupport_cpp.dir/rosidl_typesupport_cpp/mecharm_interfaces/msg/mecharm_angles__type_support.cpp.o[0m
[15.958s] [ 45%] [32mBuilding CXX object CMakeFiles/mecharm_interfaces__rosidl_typesupport_c.dir/rosidl_typesupport_c/mecharm_interfaces/msg/mecharm_set_angles__type_support.cpp.o[0m
[16.074s] [ 45%] [32mBuilding CXX object CMakeFiles/mecharm_interfaces__rosidl_typesupport_introspection_cpp.dir/rosidl_typesupport_introspection_cpp/mecharm_interfaces/msg/detail/mecharm_set_angles__type_support.cpp.o[0m
[16.120s] [ 45%] Built target mecharm_interfaces__rosidl_typesupport_introspection_c
[16.239s] [ 46%] [32mBuilding CXX object CMakeFiles/mecharm_interfaces__rosidl_typesupport_introspection_cpp.dir/rosidl_typesupport_introspection_cpp/mecharm_interfaces/msg/detail/mecharm_set_coords__type_support.cpp.o[0m
[16.289s] [ 46%] [32mBuilding CXX object CMakeFiles/mecharm_interfaces__rosidl_typesupport_c.dir/rosidl_typesupport_c/mecharm_interfaces/msg/mecharm_set_coords__type_support.cpp.o[0m
[16.501s] [ 47%] [32mBuilding CXX object CMakeFiles/mecharm_interfaces__rosidl_typesupport_c.dir/rosidl_typesupport_c/mecharm_interfaces/msg/mecharm_gripper_status__type_support.cpp.o[0m
[16.629s] [ 48%] [32mBuilding CXX object CMakeFiles/mecharm_interfaces__rosidl_typesupport_c.dir/rosidl_typesupport_c/mecharm_interfaces/msg/mecharm_pump_status__type_support.cpp.o[0m
[16.830s] [ 49%] [32mBuilding CXX object CMakeFiles/mecharm_interfaces__rosidl_typesupport_c.dir/rosidl_typesupport_c/mecharm_interfaces/srv/get_angles__type_support.cpp.o[0m
[17.060s] [ 49%] [32mBuilding CXX object CMakeFiles/mecharm_interfaces__rosidl_typesupport_c.dir/rosidl_typesupport_c/mecharm_interfaces/srv/set_angles__type_support.cpp.o[0m
[17.307s] [ 50%] [32mBuilding CXX object CMakeFiles/mecharm_interfaces__rosidl_typesupport_cpp.dir/rosidl_typesupport_cpp/mecharm_interfaces/msg/mecharm_coords__type_support.cpp.o[0m
[17.499s] [ 51%] [32mBuilding CXX object CMakeFiles/mecharm_interfaces__rosidl_typesupport_c.dir/rosidl_typesupport_c/mecharm_interfaces/srv/get_coords__type_support.cpp.o[0m
[18.008s] [ 52%] [32mBuilding CXX object CMakeFiles/mecharm_interfaces__rosidl_typesupport_c.dir/rosidl_typesupport_c/mecharm_interfaces/srv/set_coords__type_support.cpp.o[0m
[18.433s] [ 52%] [32mBuilding CXX object CMakeFiles/mecharm_interfaces__rosidl_typesupport_c.dir/rosidl_typesupport_c/mecharm_interfaces/srv/gripper_status__type_support.cpp.o[0m
[18.609s] [ 53%] [32mBuilding CXX object CMakeFiles/mecharm_interfaces__rosidl_typesupport_cpp.dir/rosidl_typesupport_cpp/mecharm_interfaces/msg/mecharm_set_angles__type_support.cpp.o[0m
[18.615s] [ 54%] [32mBuilding CXX object CMakeFiles/mecharm_interfaces__rosidl_typesupport_introspection_cpp.dir/rosidl_typesupport_introspection_cpp/mecharm_interfaces/msg/detail/mecharm_gripper_status__type_support.cpp.o[0m
[18.791s] [ 55%] [32mBuilding CXX object CMakeFiles/mecharm_interfaces__rosidl_typesupport_c.dir/rosidl_typesupport_c/mecharm_interfaces/srv/pump_status__type_support.cpp.o[0m
[19.002s] [ 55%] [32mBuilding CXX object CMakeFiles/mecharm_interfaces__rosidl_typesupport_introspection_cpp.dir/rosidl_typesupport_introspection_cpp/mecharm_interfaces/msg/detail/mecharm_pump_status__type_support.cpp.o[0m
[19.074s] [ 56%] [32mBuilding CXX object CMakeFiles/mecharm_interfaces__rosidl_typesupport_introspection_cpp.dir/rosidl_typesupport_introspection_cpp/mecharm_interfaces/srv/detail/get_angles__type_support.cpp.o[0m
[19.183s] [ 57%] [32m[1mLinking CXX shared library libmecharm_interfaces__rosidl_typesupport_c.so[0m
[19.608s] [ 57%] [32mBuilding CXX object CMakeFiles/mecharm_interfaces__rosidl_typesupport_cpp.dir/rosidl_typesupport_cpp/mecharm_interfaces/msg/mecharm_set_coords__type_support.cpp.o[0m
[19.657s] [ 57%] Built target mecharm_interfaces__rosidl_typesupport_c
[19.754s] [ 58%] [32mBuilding CXX object CMakeFiles/mecharm_interfaces__rosidl_typesupport_cpp.dir/rosidl_typesupport_cpp/mecharm_interfaces/msg/mecharm_gripper_status__type_support.cpp.o[0m
[20.160s] [ 59%] [32mBuilding CXX object CMakeFiles/mecharm_interfaces__rosidl_typesupport_cpp.dir/rosidl_typesupport_cpp/mecharm_interfaces/msg/mecharm_pump_status__type_support.cpp.o[0m
[20.230s] [ 60%] [32mBuilding CXX object CMakeFiles/mecharm_interfaces__rosidl_typesupport_introspection_cpp.dir/rosidl_typesupport_introspection_cpp/mecharm_interfaces/srv/detail/set_angles__type_support.cpp.o[0m
[20.808s] [ 60%] [32mBuilding CXX object CMakeFiles/mecharm_interfaces__rosidl_typesupport_cpp.dir/rosidl_typesupport_cpp/mecharm_interfaces/srv/get_angles__type_support.cpp.o[0m
[21.064s] [ 61%] [32mBuilding CXX object CMakeFiles/mecharm_interfaces__rosidl_typesupport_cpp.dir/rosidl_typesupport_cpp/mecharm_interfaces/srv/set_angles__type_support.cpp.o[0m
[22.549s] [ 62%] [32mBuilding CXX object CMakeFiles/mecharm_interfaces__rosidl_typesupport_introspection_cpp.dir/rosidl_typesupport_introspection_cpp/mecharm_interfaces/srv/detail/get_coords__type_support.cpp.o[0m
[22.654s] [ 62%] [32mBuilding CXX object CMakeFiles/mecharm_interfaces__rosidl_typesupport_introspection_cpp.dir/rosidl_typesupport_introspection_cpp/mecharm_interfaces/srv/detail/set_coords__type_support.cpp.o[0m
[22.685s] [ 63%] [32mBuilding CXX object CMakeFiles/mecharm_interfaces__rosidl_typesupport_fastrtps_c.dir/rosidl_typesupport_fastrtps_c/mecharm_interfaces/msg/detail/mecharm_angles__type_support_c.cpp.o[0m
[22.809s] [ 64%] [32mBuilding CXX object CMakeFiles/mecharm_interfaces__rosidl_typesupport_cpp.dir/rosidl_typesupport_cpp/mecharm_interfaces/srv/get_coords__type_support.cpp.o[0m
[23.342s] [ 64%] [32mBuilding CXX object CMakeFiles/mecharm_interfaces__rosidl_typesupport_cpp.dir/rosidl_typesupport_cpp/mecharm_interfaces/srv/set_coords__type_support.cpp.o[0m
[24.412s] [ 65%] [32mBuilding CXX object CMakeFiles/mecharm_interfaces__rosidl_typesupport_fastrtps_cpp.dir/rosidl_typesupport_fastrtps_cpp/mecharm_interfaces/msg/detail/dds_fastrtps/mecharm_angles__type_support.cpp.o[0m
[25.403s] [ 65%] [32mBuilding CXX object CMakeFiles/mecharm_interfaces__rosidl_typesupport_fastrtps_cpp.dir/rosidl_typesupport_fastrtps_cpp/mecharm_interfaces/msg/detail/dds_fastrtps/mecharm_coords__type_support.cpp.o[0m
[25.653s] [ 66%] [32mBuilding CXX object CMakeFiles/mecharm_interfaces__rosidl_typesupport_fastrtps_c.dir/rosidl_typesupport_fastrtps_c/mecharm_interfaces/msg/detail/mecharm_coords__type_support_c.cpp.o[0m
[26.015s] [ 67%] [32mBuilding CXX object CMakeFiles/mecharm_interfaces__rosidl_typesupport_introspection_cpp.dir/rosidl_typesupport_introspection_cpp/mecharm_interfaces/srv/detail/pump_status__type_support.cpp.o[0m
[26.018s] [ 68%] [32mBuilding CXX object CMakeFiles/mecharm_interfaces__rosidl_typesupport_cpp.dir/rosidl_typesupport_cpp/mecharm_interfaces/srv/pump_status__type_support.cpp.o[0m
[27.813s] [ 68%] [32mBuilding CXX object CMakeFiles/mecharm_interfaces__rosidl_typesupport_fastrtps_c.dir/rosidl_typesupport_fastrtps_c/mecharm_interfaces/msg/detail/mecharm_set_angles__type_support_c.cpp.o[0m
[28.011s] [ 69%] [32mBuilding CXX object CMakeFiles/mecharm_interfaces__rosidl_typesupport_introspection_cpp.dir/rosidl_typesupport_introspection_cpp/mecharm_interfaces/srv/detail/gripper_status__type_support.cpp.o[0m
[28.199s] [ 70%] [32mBuilding CXX object CMakeFiles/mecharm_interfaces__rosidl_typesupport_cpp.dir/rosidl_typesupport_cpp/mecharm_interfaces/srv/gripper_status__type_support.cpp.o[0m
[28.361s] [ 71%] [32mBuilding CXX object CMakeFiles/mecharm_interfaces__rosidl_typesupport_fastrtps_cpp.dir/rosidl_typesupport_fastrtps_cpp/mecharm_interfaces/msg/detail/dds_fastrtps/mecharm_pump_status__type_support.cpp.o[0m
[29.245s] [ 71%] [32mBuilding CXX object CMakeFiles/mecharm_interfaces__rosidl_typesupport_fastrtps_cpp.dir/rosidl_typesupport_fastrtps_cpp/mecharm_interfaces/msg/detail/dds_fastrtps/mecharm_gripper_status__type_support.cpp.o[0m
[30.229s] [ 71%] [32m[1mLinking CXX shared library libmecharm_interfaces__rosidl_typesupport_cpp.so[0m
[30.284s] [ 72%] [32mBuilding CXX object CMakeFiles/mecharm_interfaces__rosidl_typesupport_fastrtps_c.dir/rosidl_typesupport_fastrtps_c/mecharm_interfaces/msg/detail/mecharm_gripper_status__type_support_c.cpp.o[0m
[30.551s] [ 72%] [32m[1mLinking CXX shared library libmecharm_interfaces__rosidl_typesupport_introspection_cpp.so[0m
[30.567s] [ 72%] Built target mecharm_interfaces__rosidl_typesupport_cpp
[30.593s] [ 73%] [32mBuilding CXX object CMakeFiles/mecharm_interfaces__rosidl_typesupport_fastrtps_cpp.dir/rosidl_typesupport_fastrtps_cpp/mecharm_interfaces/srv/detail/dds_fastrtps/get_angles__type_support.cpp.o[0m
[30.732s] [ 73%] Built target mecharm_interfaces__rosidl_typesupport_introspection_cpp
[32.743s] [ 74%] [32mBuilding CXX object CMakeFiles/mecharm_interfaces__rosidl_typesupport_fastrtps_c.dir/rosidl_typesupport_fastrtps_c/mecharm_interfaces/srv/detail/set_angles__type_support_c.cpp.o[0m
[33.424s] [ 74%] [32mBuilding CXX object CMakeFiles/mecharm_interfaces__rosidl_typesupport_fastrtps_cpp.dir/rosidl_typesupport_fastrtps_cpp/mecharm_interfaces/srv/detail/dds_fastrtps/set_angles__type_support.cpp.o[0m
[34.606s] [ 74%] [32mBuilding CXX object CMakeFiles/mecharm_interfaces__rosidl_typesupport_fastrtps_c.dir/rosidl_typesupport_fastrtps_c/mecharm_interfaces/srv/detail/get_coords__type_support_c.cpp.o[0m
[35.163s] [ 75%] [32mBuilding CXX object CMakeFiles/mecharm_interfaces__rosidl_typesupport_fastrtps_cpp.dir/rosidl_typesupport_fastrtps_cpp/mecharm_interfaces/srv/detail/dds_fastrtps/get_coords__type_support.cpp.o[0m
[35.438s] [ 76%] [32mBuilding CXX object CMakeFiles/mecharm_interfaces__rosidl_typesupport_fastrtps_c.dir/rosidl_typesupport_fastrtps_c/mecharm_interfaces/srv/detail/set_coords__type_support_c.cpp.o[0m
[36.552s] [ 77%] [32mBuilding CXX object CMakeFiles/mecharm_interfaces__rosidl_typesupport_fastrtps_cpp.dir/rosidl_typesupport_fastrtps_cpp/mecharm_interfaces/msg/detail/dds_fastrtps/mecharm_set_coords__type_support.cpp.o[0m
[37.273s] [ 77%] [32mBuilding CXX object CMakeFiles/mecharm_interfaces__rosidl_typesupport_fastrtps_c.dir/rosidl_typesupport_fastrtps_c/mecharm_interfaces/srv/detail/pump_status__type_support_c.cpp.o[0m
[37.409s] [ 78%] [32mBuilding CXX object CMakeFiles/mecharm_interfaces__rosidl_typesupport_fastrtps_cpp.dir/rosidl_typesupport_fastrtps_cpp/mecharm_interfaces/srv/detail/dds_fastrtps/set_coords__type_support.cpp.o[0m
[38.393s] [ 79%] [32mBuilding CXX object CMakeFiles/mecharm_interfaces__rosidl_typesupport_fastrtps_c.dir/rosidl_typesupport_fastrtps_c/mecharm_interfaces/srv/detail/gripper_status__type_support_c.cpp.o[0m
[38.848s] [ 79%] [32mBuilding CXX object CMakeFiles/mecharm_interfaces__rosidl_typesupport_fastrtps_cpp.dir/rosidl_typesupport_fastrtps_cpp/mecharm_interfaces/srv/detail/dds_fastrtps/pump_status__type_support.cpp.o[0m
[39.733s] [ 80%] [32mBuilding CXX object CMakeFiles/mecharm_interfaces__rosidl_typesupport_fastrtps_c.dir/rosidl_typesupport_fastrtps_c/mecharm_interfaces/srv/detail/get_angles__type_support_c.cpp.o[0m
[40.173s] [ 81%] [32mBuilding CXX object CMakeFiles/mecharm_interfaces__rosidl_typesupport_fastrtps_cpp.dir/rosidl_typesupport_fastrtps_cpp/mecharm_interfaces/srv/detail/dds_fastrtps/gripper_status__type_support.cpp.o[0m
[40.677s] [ 81%] [32mBuilding CXX object CMakeFiles/mecharm_interfaces__rosidl_typesupport_fastrtps_c.dir/rosidl_typesupport_fastrtps_c/mecharm_interfaces/msg/detail/mecharm_pump_status__type_support_c.cpp.o[0m
[41.275s] [ 82%] [32mBuilding CXX object CMakeFiles/mecharm_interfaces__rosidl_typesupport_fastrtps_cpp.dir/rosidl_typesupport_fastrtps_cpp/mecharm_interfaces/msg/detail/dds_fastrtps/mecharm_set_angles__type_support.cpp.o[0m
[41.462s] [ 83%] [32mBuilding CXX object CMakeFiles/mecharm_interfaces__rosidl_typesupport_fastrtps_c.dir/rosidl_typesupport_fastrtps_c/mecharm_interfaces/msg/detail/mecharm_set_coords__type_support_c.cpp.o[0m
[42.063s] [ 84%] [32m[1mLinking CXX shared library libmecharm_interfaces__rosidl_typesupport_fastrtps_cpp.so[0m
[42.327s] [ 84%] Built target mecharm_interfaces__rosidl_typesupport_fastrtps_cpp
[42.383s] [ 85%] [32m[1mLinking CXX shared library libmecharm_interfaces__rosidl_typesupport_fastrtps_c.so[0m
[42.466s] [ 85%] Built target mecharm_interfaces__rosidl_typesupport_fastrtps_c
[42.499s] [ 85%] Built target mecharm_interfaces
[42.532s] [ 86%] [34m[1mGenerating Python code for ROS interfaces[0m
[44.927s] [ 86%] Built target mecharm_interfaces__py
[44.948s] [ 87%] [32mBuilding C object CMakeFiles/mecharm_interfaces__rosidl_generator_py.dir/rosidl_generator_py/mecharm_interfaces/msg/_mecharm_angles_s.c.o[0m
[45.066s] [ 88%] [32mBuilding C object CMakeFiles/mecharm_interfaces__rosidl_generator_py.dir/rosidl_generator_py/mecharm_interfaces/srv/_set_angles_s.c.o[0m
[45.215s] [ 89%] [32mBuilding C object CMakeFiles/mecharm_interfaces__rosidl_generator_py.dir/rosidl_generator_py/mecharm_interfaces/srv/_get_coords_s.c.o[0m
[45.360s] [ 89%] [32mBuilding C object CMakeFiles/mecharm_interfaces__rosidl_generator_py.dir/rosidl_generator_py/mecharm_interfaces/srv/_set_coords_s.c.o[0m
[45.503s] [ 90%] [32mBuilding C object CMakeFiles/mecharm_interfaces__rosidl_generator_py.dir/rosidl_generator_py/mecharm_interfaces/srv/_gripper_status_s.c.o[0m
[45.643s] [ 91%] [32mBuilding C object CMakeFiles/mecharm_interfaces__rosidl_generator_py.dir/rosidl_generator_py/mecharm_interfaces/srv/_pump_status_s.c.o[0m
[45.783s] [ 92%] [32mBuilding C object CMakeFiles/mecharm_interfaces__rosidl_generator_py.dir/rosidl_generator_py/mecharm_interfaces/srv/_get_angles_s.c.o[0m
[45.924s] [ 92%] [32mBuilding C object CMakeFiles/mecharm_interfaces__rosidl_generator_py.dir/rosidl_generator_py/mecharm_interfaces/msg/_mecharm_pump_status_s.c.o[0m
[46.042s] [ 93%] [32mBuilding C object CMakeFiles/mecharm_interfaces__rosidl_generator_py.dir/rosidl_generator_py/mecharm_interfaces/msg/_mecharm_gripper_status_s.c.o[0m
[46.166s] [ 94%] [32mBuilding C object CMakeFiles/mecharm_interfaces__rosidl_generator_py.dir/rosidl_generator_py/mecharm_interfaces/msg/_mecharm_set_coords_s.c.o[0m
[46.285s] [ 94%] [32mBuilding C object CMakeFiles/mecharm_interfaces__rosidl_generator_py.dir/rosidl_generator_py/mecharm_interfaces/msg/_mecharm_set_angles_s.c.o[0m
[46.405s] [ 95%] [32mBuilding C object CMakeFiles/mecharm_interfaces__rosidl_generator_py.dir/rosidl_generator_py/mecharm_interfaces/msg/_mecharm_coords_s.c.o[0m
[46.522s] [ 95%] [32m[1mLinking C shared library libmecharm_interfaces__rosidl_generator_py.so[0m
[46.566s] [ 95%] Built target mecharm_interfaces__rosidl_generator_py
[46.586s] [ 95%] [32mBuilding C object CMakeFiles/mecharm_interfaces_s__rosidl_typesupport_fastrtps_c.dir/rosidl_generator_py/mecharm_interfaces/_mecharm_interfaces_s.ep.rosidl_typesupport_fastrtps_c.c.o[0m
[46.753s] [ 96%] [32m[1mLinking C shared module rosidl_generator_py/mecharm_interfaces/mecharm_interfaces_s__rosidl_typesupport_fastrtps_c.so[0m
[46.785s] [ 96%] Built target mecharm_interfaces_s__rosidl_typesupport_fastrtps_c
[46.804s] [ 97%] [32mBuilding C object CMakeFiles/mecharm_interfaces_s__rosidl_typesupport_c.dir/rosidl_generator_py/mecharm_interfaces/_mecharm_interfaces_s.ep.rosidl_typesupport_c.c.o[0m
[46.968s] [ 98%] [32m[1mLinking C shared module rosidl_generator_py/mecharm_interfaces/mecharm_interfaces_s__rosidl_typesupport_c.so[0m
[47.006s] [ 98%] Built target mecharm_interfaces_s__rosidl_typesupport_c
[47.026s] [ 99%] [32mBuilding C object CMakeFiles/mecharm_interfaces_s__rosidl_typesupport_introspection_c.dir/rosidl_generator_py/mecharm_interfaces/_mecharm_interfaces_s.ep.rosidl_typesupport_introspection_c.c.o[0m
[47.188s] [100%] [32m[1mLinking C shared module rosidl_generator_py/mecharm_interfaces/mecharm_interfaces_s__rosidl_typesupport_introspection_c.so[0m
[47.218s] [100%] Built target mecharm_interfaces_s__rosidl_typesupport_introspection_c
[47.230s] Invoked command in '/home/amin/cobot/cobot_ws/build/mecharm_interfaces' returned '0': CMAKE_PREFIX_PATH=${CMAKE_PREFIX_PATH}:/opt/ros/jazzy DEBUGINFOD_URLS=https://debuginfod.ubuntu.com /usr/bin/cmake --build /home/amin/cobot/cobot_ws/build/mecharm_interfaces -- -j8 -l8
[47.231s] Invoking command in '/home/amin/cobot/cobot_ws/build/mecharm_interfaces': CMAKE_PREFIX_PATH=${CMAKE_PREFIX_PATH}:/opt/ros/jazzy DEBUGINFOD_URLS=https://debuginfod.ubuntu.com /usr/bin/cmake --install /home/amin/cobot/cobot_ws/build/mecharm_interfaces
[47.240s] -- Install configuration: ""
[47.240s] -- Installing: /home/amin/cobot/cobot_ws/install/mecharm_interfaces/share/ament_index/resource_index/rosidl_interfaces/mecharm_interfaces
[47.240s] -- Installing: /home/amin/cobot/cobot_ws/install/mecharm_interfaces/share/mecharm_interfaces/msg/MecharmAngles.json
[47.240s] -- Installing: /home/amin/cobot/cobot_ws/install/mecharm_interfaces/share/mecharm_interfaces/msg/MecharmCoords.json
[47.241s] -- Installing: /home/amin/cobot/cobot_ws/install/mecharm_interfaces/share/mecharm_interfaces/msg/MecharmSetAngles.json
[47.241s] -- Installing: /home/amin/cobot/cobot_ws/install/mecharm_interfaces/share/mecharm_interfaces/msg/MecharmSetCoords.json
[47.241s] -- Installing: /home/amin/cobot/cobot_ws/install/mecharm_interfaces/share/mecharm_interfaces/msg/MecharmGripperStatus.json
[47.241s] -- Installing: /home/amin/cobot/cobot_ws/install/mecharm_interfaces/share/mecharm_interfaces/msg/MecharmPumpStatus.json
[47.241s] -- Installing: /home/amin/cobot/cobot_ws/install/mecharm_interfaces/share/mecharm_interfaces/srv/GetAngles.json
[47.241s] -- Installing: /home/amin/cobot/cobot_ws/install/mecharm_interfaces/share/mecharm_interfaces/srv/SetAngles.json
[47.241s] -- Installing: /home/amin/cobot/cobot_ws/install/mecharm_interfaces/share/mecharm_interfaces/srv/GetCoords.json
[47.241s] -- Installing: /home/amin/cobot/cobot_ws/install/mecharm_interfaces/share/mecharm_interfaces/srv/SetCoords.json
[47.241s] -- Installing: /home/amin/cobot/cobot_ws/install/mecharm_interfaces/share/mecharm_interfaces/srv/GripperStatus.json
[47.242s] -- Installing: /home/amin/cobot/cobot_ws/install/mecharm_interfaces/share/mecharm_interfaces/srv/PumpStatus.json
[47.242s] -- Installing: /home/amin/cobot/cobot_ws/install/mecharm_interfaces/include/mecharm_interfaces/mecharm_interfaces
[47.242s] -- Installing: /home/amin/cobot/cobot_ws/install/mecharm_interfaces/include/mecharm_interfaces/mecharm_interfaces/srv
[47.242s] -- Installing: /home/amin/cobot/cobot_ws/install/mecharm_interfaces/include/mecharm_interfaces/mecharm_interfaces/srv/gripper_status.h
[47.242s] -- Installing: /home/amin/cobot/cobot_ws/install/mecharm_interfaces/include/mecharm_interfaces/mecharm_interfaces/srv/detail
[47.242s] -- Installing: /home/amin/cobot/cobot_ws/install/mecharm_interfaces/include/mecharm_interfaces/mecharm_interfaces/srv/detail/set_coords__type_support.h
[47.242s] -- Installing: /home/amin/cobot/cobot_ws/install/mecharm_interfaces/include/mecharm_interfaces/mecharm_interfaces/srv/detail/gripper_status__description.c
[47.242s] -- Installing: /home/amin/cobot/cobot_ws/install/mecharm_interfaces/include/mecharm_interfaces/mecharm_interfaces/srv/detail/gripper_status__functions.h
[47.242s] -- Installing: /home/amin/cobot/cobot_ws/install/mecharm_interfaces/include/mecharm_interfaces/mecharm_interfaces/srv/detail/set_angles__struct.h
[47.242s] -- Installing: /home/amin/cobot/cobot_ws/install/mecharm_interfaces/include/mecharm_interfaces/mecharm_interfaces/srv/detail/set_coords__functions.h
[47.243s] -- Installing: /home/amin/cobot/cobot_ws/install/mecharm_interfaces/include/mecharm_interfaces/mecharm_interfaces/srv/detail/pump_status__type_support.c
[47.243s] -- Installing: /home/amin/cobot/cobot_ws/install/mecharm_interfaces/include/mecharm_interfaces/mecharm_interfaces/srv/detail/get_coords__type_support.c
[47.243s] -- Installing: /home/amin/cobot/cobot_ws/install/mecharm_interfaces/include/mecharm_interfaces/mecharm_interfaces/srv/detail/set_angles__description.c
[47.243s] -- Installing: /home/amin/cobot/cobot_ws/install/mecharm_interfaces/include/mecharm_interfaces/mecharm_interfaces/srv/detail/gripper_status__struct.h
[47.243s] -- Installing: /home/amin/cobot/cobot_ws/install/mecharm_interfaces/include/mecharm_interfaces/mecharm_interfaces/srv/detail/get_angles__type_support.h
[47.243s] -- Installing: /home/amin/cobot/cobot_ws/install/mecharm_interfaces/include/mecharm_interfaces/mecharm_interfaces/srv/detail/set_coords__functions.c
[47.243s] -- Installing: /home/amin/cobot/cobot_ws/install/mecharm_interfaces/include/mecharm_interfaces/mecharm_interfaces/srv/detail/set_coords__type_support.c
[47.243s] -- Installing: /home/amin/cobot/cobot_ws/install/mecharm_interfaces/include/mecharm_interfaces/mecharm_interfaces/srv/detail/set_angles__type_support.c
[47.243s] -- Installing: /home/amin/cobot/cobot_ws/install/mecharm_interfaces/include/mecharm_interfaces/mecharm_interfaces/srv/detail/gripper_status__type_support.h
[47.243s] -- Installing: /home/amin/cobot/cobot_ws/install/mecharm_interfaces/include/mecharm_interfaces/mecharm_interfaces/srv/detail/pump_status__struct.h
[47.243s] -- Installing: /home/amin/cobot/cobot_ws/install/mecharm_interfaces/include/mecharm_interfaces/mecharm_interfaces/srv/detail/get_angles__struct.h
[47.244s] -- Installing: /home/amin/cobot/cobot_ws/install/mecharm_interfaces/include/mecharm_interfaces/mecharm_interfaces/srv/detail/get_coords__description.c
[47.244s] -- Installing: /home/amin/cobot/cobot_ws/install/mecharm_interfaces/include/mecharm_interfaces/mecharm_interfaces/srv/detail/set_coords__description.c
[47.244s] -- Installing: /home/amin/cobot/cobot_ws/install/mecharm_interfaces/include/mecharm_interfaces/mecharm_interfaces/srv/detail/get_coords__functions.h
[47.244s] -- Installing: /home/amin/cobot/cobot_ws/install/mecharm_interfaces/include/mecharm_interfaces/mecharm_interfaces/srv/detail/get_angles__type_support.c
[47.244s] -- Installing: /home/amin/cobot/cobot_ws/install/mecharm_interfaces/include/mecharm_interfaces/mecharm_interfaces/srv/detail/get_angles__functions.h
[47.244s] -- Installing: /home/amin/cobot/cobot_ws/install/mecharm_interfaces/include/mecharm_interfaces/mecharm_interfaces/srv/detail/gripper_status__type_support.c
[47.244s] -- Installing: /home/amin/cobot/cobot_ws/install/mecharm_interfaces/include/mecharm_interfaces/mecharm_interfaces/srv/detail/get_angles__functions.c
[47.244s] -- Installing: /home/amin/cobot/cobot_ws/install/mecharm_interfaces/include/mecharm_interfaces/mecharm_interfaces/srv/detail/pump_status__functions.c
[47.244s] -- Installing: /home/amin/cobot/cobot_ws/install/mecharm_interfaces/include/mecharm_interfaces/mecharm_interfaces/srv/detail/pump_status__description.c
[47.244s] -- Installing: /home/amin/cobot/cobot_ws/install/mecharm_interfaces/include/mecharm_interfaces/mecharm_interfaces/srv/detail/get_coords__type_support.h
[47.244s] -- Installing: /home/amin/cobot/cobot_ws/install/mecharm_interfaces/include/mecharm_interfaces/mecharm_interfaces/srv/detail/set_angles__type_support.h
[47.245s] -- Installing: /home/amin/cobot/cobot_ws/install/mecharm_interfaces/include/mecharm_interfaces/mecharm_interfaces/srv/detail/get_coords__functions.c
[47.245s] -- Installing: /home/amin/cobot/cobot_ws/install/mecharm_interfaces/include/mecharm_interfaces/mecharm_interfaces/srv/detail/gripper_status__functions.c
[47.245s] -- Installing: /home/amin/cobot/cobot_ws/install/mecharm_interfaces/include/mecharm_interfaces/mecharm_interfaces/srv/detail/get_angles__description.c
[47.245s] -- Installing: /home/amin/cobot/cobot_ws/install/mecharm_interfaces/include/mecharm_interfaces/mecharm_interfaces/srv/detail/pump_status__functions.h
[47.245s] -- Installing: /home/amin/cobot/cobot_ws/install/mecharm_interfaces/include/mecharm_interfaces/mecharm_interfaces/srv/detail/set_angles__functions.c
[47.245s] -- Installing: /home/amin/cobot/cobot_ws/install/mecharm_interfaces/include/mecharm_interfaces/mecharm_interfaces/srv/detail/set_coords__struct.h
[47.245s] -- Installing: /home/amin/cobot/cobot_ws/install/mecharm_interfaces/include/mecharm_interfaces/mecharm_interfaces/srv/detail/get_coords__struct.h
[47.245s] -- Installing: /home/amin/cobot/cobot_ws/install/mecharm_interfaces/include/mecharm_interfaces/mecharm_interfaces/srv/detail/set_angles__functions.h
[47.245s] -- Installing: /home/amin/cobot/cobot_ws/install/mecharm_interfaces/include/mecharm_interfaces/mecharm_interfaces/srv/detail/pump_status__type_support.h
[47.245s] -- Installing: /home/amin/cobot/cobot_ws/install/mecharm_interfaces/include/mecharm_interfaces/mecharm_interfaces/srv/get_coords.h
[47.245s] -- Installing: /home/amin/cobot/cobot_ws/install/mecharm_interfaces/include/mecharm_interfaces/mecharm_interfaces/srv/get_angles.h
[47.245s] -- Installing: /home/amin/cobot/cobot_ws/install/mecharm_interfaces/include/mecharm_interfaces/mecharm_interfaces/srv/pump_status.h
[47.246s] -- Installing: /home/amin/cobot/cobot_ws/install/mecharm_interfaces/include/mecharm_interfaces/mecharm_interfaces/srv/set_angles.h
[47.246s] -- Installing: /home/amin/cobot/cobot_ws/install/mecharm_interfaces/include/mecharm_interfaces/mecharm_interfaces/srv/set_coords.h
[47.246s] -- Installing: /home/amin/cobot/cobot_ws/install/mecharm_interfaces/include/mecharm_interfaces/mecharm_interfaces/msg
[47.246s] -- Installing: /home/amin/cobot/cobot_ws/install/mecharm_interfaces/include/mecharm_interfaces/mecharm_interfaces/msg/mecharm_set_angles.h
[47.246s] -- Installing: /home/amin/cobot/cobot_ws/install/mecharm_interfaces/include/mecharm_interfaces/mecharm_interfaces/msg/mecharm_coords.h
[47.246s] -- Installing: /home/amin/cobot/cobot_ws/install/mecharm_interfaces/include/mecharm_interfaces/mecharm_interfaces/msg/mecharm_pump_status.h
[47.246s] -- Installing: /home/amin/cobot/cobot_ws/install/mecharm_interfaces/include/mecharm_interfaces/mecharm_interfaces/msg/detail
[47.246s] -- Installing: /home/amin/cobot/cobot_ws/install/mecharm_interfaces/include/mecharm_interfaces/mecharm_interfaces/msg/detail/mecharm_coords__description.c
[47.246s] -- Installing: /home/amin/cobot/cobot_ws/install/mecharm_interfaces/include/mecharm_interfaces/mecharm_interfaces/msg/detail/mecharm_pump_status__type_support.c
[47.246s] -- Installing: /home/amin/cobot/cobot_ws/install/mecharm_interfaces/include/mecharm_interfaces/mecharm_interfaces/msg/detail/mecharm_angles__description.c
[47.247s] -- Installing: /home/amin/cobot/cobot_ws/install/mecharm_interfaces/include/mecharm_interfaces/mecharm_interfaces/msg/detail/mecharm_set_coords__functions.h
[47.247s] -- Installing: /home/amin/cobot/cobot_ws/install/mecharm_interfaces/include/mecharm_interfaces/mecharm_interfaces/msg/detail/mecharm_set_coords__type_support.c
[47.247s] -- Installing: /home/amin/cobot/cobot_ws/install/mecharm_interfaces/include/mecharm_interfaces/mecharm_interfaces/msg/detail/mecharm_angles__functions.c
[47.247s] -- Installing: /home/amin/cobot/cobot_ws/install/mecharm_interfaces/include/mecharm_interfaces/mecharm_interfaces/msg/detail/mecharm_angles__struct.h
[47.247s] -- Installing: /home/amin/cobot/cobot_ws/install/mecharm_interfaces/include/mecharm_interfaces/mecharm_interfaces/msg/detail/mecharm_pump_status__functions.h
[47.247s] -- Installing: /home/amin/cobot/cobot_ws/install/mecharm_interfaces/include/mecharm_interfaces/mecharm_interfaces/msg/detail/mecharm_gripper_status__type_support.h
[47.247s] -- Installing: /home/amin/cobot/cobot_ws/install/mecharm_interfaces/include/mecharm_interfaces/mecharm_interfaces/msg/detail/mecharm_gripper_status__description.c
[47.247s] -- Installing: /home/amin/cobot/cobot_ws/install/mecharm_interfaces/include/mecharm_interfaces/mecharm_interfaces/msg/detail/mecharm_angles__type_support.h
[47.247s] -- Installing: /home/amin/cobot/cobot_ws/install/mecharm_interfaces/include/mecharm_interfaces/mecharm_interfaces/msg/detail/mecharm_gripper_status__functions.h
[47.247s] -- Installing: /home/amin/cobot/cobot_ws/install/mecharm_interfaces/include/mecharm_interfaces/mecharm_interfaces/msg/detail/mecharm_set_angles__type_support.h
[47.247s] -- Installing: /home/amin/cobot/cobot_ws/install/mecharm_interfaces/include/mecharm_interfaces/mecharm_interfaces/msg/detail/mecharm_pump_status__functions.c
[47.247s] -- Installing: /home/amin/cobot/cobot_ws/install/mecharm_interfaces/include/mecharm_interfaces/mecharm_interfaces/msg/detail/mecharm_angles__functions.h
[47.247s] -- Installing: /home/amin/cobot/cobot_ws/install/mecharm_interfaces/include/mecharm_interfaces/mecharm_interfaces/msg/detail/mecharm_gripper_status__struct.h
[47.248s] -- Installing: /home/amin/cobot/cobot_ws/install/mecharm_interfaces/include/mecharm_interfaces/mecharm_interfaces/msg/detail/mecharm_gripper_status__functions.c
[47.248s] -- Installing: /home/amin/cobot/cobot_ws/install/mecharm_interfaces/include/mecharm_interfaces/mecharm_interfaces/msg/detail/mecharm_coords__struct.h
[47.248s] -- Installing: /home/amin/cobot/cobot_ws/install/mecharm_interfaces/include/mecharm_interfaces/mecharm_interfaces/msg/detail/mecharm_coords__functions.h
[47.248s] -- Installing: /home/amin/cobot/cobot_ws/install/mecharm_interfaces/include/mecharm_interfaces/mecharm_interfaces/msg/detail/mecharm_set_angles__struct.h
[47.248s] -- Installing: /home/amin/cobot/cobot_ws/install/mecharm_interfaces/include/mecharm_interfaces/mecharm_interfaces/msg/detail/mecharm_coords__type_support.h
[47.248s] -- Installing: /home/amin/cobot/cobot_ws/install/mecharm_interfaces/include/mecharm_interfaces/mecharm_interfaces/msg/detail/mecharm_angles__type_support.c
[47.248s] -- Installing: /home/amin/cobot/cobot_ws/install/mecharm_interfaces/include/mecharm_interfaces/mecharm_interfaces/msg/detail/mecharm_coords__type_support.c
[47.248s] -- Installing: /home/amin/cobot/cobot_ws/install/mecharm_interfaces/include/mecharm_interfaces/mecharm_interfaces/msg/detail/mecharm_set_angles__functions.h
[47.248s] -- Installing: /home/amin/cobot/cobot_ws/install/mecharm_interfaces/include/mecharm_interfaces/mecharm_interfaces/msg/detail/mecharm_pump_status__description.c
[47.248s] -- Installing: /home/amin/cobot/cobot_ws/install/mecharm_interfaces/include/mecharm_interfaces/mecharm_interfaces/msg/detail/mecharm_set_coords__type_support.h
[47.248s] -- Installing: /home/amin/cobot/cobot_ws/install/mecharm_interfaces/include/mecharm_interfaces/mecharm_interfaces/msg/detail/mecharm_set_coords__functions.c
[47.249s] -- Installing: /home/amin/cobot/cobot_ws/install/mecharm_interfaces/include/mecharm_interfaces/mecharm_interfaces/msg/detail/mecharm_pump_status__struct.h
[47.249s] -- Installing: /home/amin/cobot/cobot_ws/install/mecharm_interfaces/include/mecharm_interfaces/mecharm_interfaces/msg/detail/mecharm_set_angles__type_support.c
[47.249s] -- Installing: /home/amin/cobot/cobot_ws/install/mecharm_interfaces/include/mecharm_interfaces/mecharm_interfaces/msg/detail/mecharm_set_angles__description.c
[47.249s] -- Installing: /home/amin/cobot/cobot_ws/install/mecharm_interfaces/include/mecharm_interfaces/mecharm_interfaces/msg/detail/mecharm_gripper_status__type_support.c
[47.249s] -- Installing: /home/amin/cobot/cobot_ws/install/mecharm_interfaces/include/mecharm_interfaces/mecharm_interfaces/msg/detail/mecharm_set_coords__description.c
[47.249s] -- Installing: /home/amin/cobot/cobot_ws/install/mecharm_interfaces/include/mecharm_interfaces/mecharm_interfaces/msg/detail/mecharm_set_coords__struct.h
[47.249s] -- Installing: /home/amin/cobot/cobot_ws/install/mecharm_interfaces/include/mecharm_interfaces/mecharm_interfaces/msg/detail/mecharm_coords__functions.c
[47.249s] -- Installing: /home/amin/cobot/cobot_ws/install/mecharm_interfaces/include/mecharm_interfaces/mecharm_interfaces/msg/detail/mecharm_set_angles__functions.c
[47.249s] -- Installing: /home/amin/cobot/cobot_ws/install/mecharm_interfaces/include/mecharm_interfaces/mecharm_interfaces/msg/detail/mecharm_pump_status__type_support.h
[47.249s] -- Installing: /home/amin/cobot/cobot_ws/install/mecharm_interfaces/include/mecharm_interfaces/mecharm_interfaces/msg/rosidl_generator_c__visibility_control.h
[47.249s] -- Installing: /home/amin/cobot/cobot_ws/install/mecharm_interfaces/include/mecharm_interfaces/mecharm_interfaces/msg/mecharm_set_coords.h
[47.249s] -- Installing: /home/amin/cobot/cobot_ws/install/mecharm_interfaces/include/mecharm_interfaces/mecharm_interfaces/msg/mecharm_angles.h
[47.250s] -- Installing: /home/amin/cobot/cobot_ws/install/mecharm_interfaces/include/mecharm_interfaces/mecharm_interfaces/msg/mecharm_gripper_status.h
[47.250s] -- Installing: /home/amin/cobot/cobot_ws/install/mecharm_interfaces/share/mecharm_interfaces/environment/library_path.sh
[47.250s] -- Installing: /home/amin/cobot/cobot_ws/install/mecharm_interfaces/share/mecharm_interfaces/environment/library_path.dsv
[47.250s] -- Installing: /home/amin/cobot/cobot_ws/install/mecharm_interfaces/lib/libmecharm_interfaces__rosidl_generator_c.so
[47.250s] -- Set non-toolchain portion of runtime path of "/home/amin/cobot/cobot_ws/install/mecharm_interfaces/lib/libmecharm_interfaces__rosidl_generator_c.so" to ""
[47.250s] -- Up-to-date: /home/amin/cobot/cobot_ws/install/mecharm_interfaces/include/mecharm_interfaces/mecharm_interfaces
[47.250s] -- Up-to-date: /home/amin/cobot/cobot_ws/install/mecharm_interfaces/include/mecharm_interfaces/mecharm_interfaces/srv
[47.250s] -- Up-to-date: /home/amin/cobot/cobot_ws/install/mecharm_interfaces/include/mecharm_interfaces/mecharm_interfaces/srv/detail
[47.250s] -- Installing: /home/amin/cobot/cobot_ws/install/mecharm_interfaces/include/mecharm_interfaces/mecharm_interfaces/srv/detail/pump_status__rosidl_typesupport_fastrtps_c.h
[47.250s] -- Installing: /home/amin/cobot/cobot_ws/install/mecharm_interfaces/include/mecharm_interfaces/mecharm_interfaces/srv/detail/get_coords__rosidl_typesupport_fastrtps_c.h
[47.250s] -- Installing: /home/amin/cobot/cobot_ws/install/mecharm_interfaces/include/mecharm_interfaces/mecharm_interfaces/srv/detail/get_angles__rosidl_typesupport_fastrtps_c.h
[47.251s] -- Installing: /home/amin/cobot/cobot_ws/install/mecharm_interfaces/include/mecharm_interfaces/mecharm_interfaces/srv/detail/set_angles__rosidl_typesupport_fastrtps_c.h
[47.251s] -- Installing: /home/amin/cobot/cobot_ws/install/mecharm_interfaces/include/mecharm_interfaces/mecharm_interfaces/srv/detail/gripper_status__rosidl_typesupport_fastrtps_c.h
[47.251s] -- Installing: /home/amin/cobot/cobot_ws/install/mecharm_interfaces/include/mecharm_interfaces/mecharm_interfaces/srv/detail/set_coords__rosidl_typesupport_fastrtps_c.h
[47.251s] -- Up-to-date: /home/amin/cobot/cobot_ws/install/mecharm_interfaces/include/mecharm_interfaces/mecharm_interfaces/msg
[47.251s] -- Up-to-date: /home/amin/cobot/cobot_ws/install/mecharm_interfaces/include/mecharm_interfaces/mecharm_interfaces/msg/detail
[47.251s] -- Installing: /home/amin/cobot/cobot_ws/install/mecharm_interfaces/include/mecharm_interfaces/mecharm_interfaces/msg/detail/mecharm_set_coords__rosidl_typesupport_fastrtps_c.h
[47.251s] -- Installing: /home/amin/cobot/cobot_ws/install/mecharm_interfaces/include/mecharm_interfaces/mecharm_interfaces/msg/detail/mecharm_angles__rosidl_typesupport_fastrtps_c.h
[47.251s] -- Installing: /home/amin/cobot/cobot_ws/install/mecharm_interfaces/include/mecharm_interfaces/mecharm_interfaces/msg/detail/mecharm_coords__rosidl_typesupport_fastrtps_c.h
[47.251s] -- Installing: /home/amin/cobot/cobot_ws/install/mecharm_interfaces/include/mecharm_interfaces/mecharm_interfaces/msg/detail/mecharm_gripper_status__rosidl_typesupport_fastrtps_c.h
[47.251s] -- Installing: /home/amin/cobot/cobot_ws/install/mecharm_interfaces/include/mecharm_interfaces/mecharm_interfaces/msg/detail/mecharm_set_angles__rosidl_typesupport_fastrtps_c.h
[47.251s] -- Installing: /home/amin/cobot/cobot_ws/install/mecharm_interfaces/include/mecharm_interfaces/mecharm_interfaces/msg/detail/mecharm_pump_status__rosidl_typesupport_fastrtps_c.h
[47.252s] -- Installing: /home/amin/cobot/cobot_ws/install/mecharm_interfaces/include/mecharm_interfaces/mecharm_interfaces/msg/rosidl_typesupport_fastrtps_c__visibility_control.h
[47.252s] -- Installing: /home/amin/cobot/cobot_ws/install/mecharm_interfaces/lib/libmecharm_interfaces__rosidl_typesupport_fastrtps_c.so
[47.252s] -- Set non-toolchain portion of runtime path of "/home/amin/cobot/cobot_ws/install/mecharm_interfaces/lib/libmecharm_interfaces__rosidl_typesupport_fastrtps_c.so" to ""
[47.252s] -- Up-to-date: /home/amin/cobot/cobot_ws/install/mecharm_interfaces/include/mecharm_interfaces/mecharm_interfaces
[47.252s] -- Up-to-date: /home/amin/cobot/cobot_ws/install/mecharm_interfaces/include/mecharm_interfaces/mecharm_interfaces/srv
[47.252s] -- Up-to-date: /home/amin/cobot/cobot_ws/install/mecharm_interfaces/include/mecharm_interfaces/mecharm_interfaces/srv/detail
[47.252s] -- Installing: /home/amin/cobot/cobot_ws/install/mecharm_interfaces/include/mecharm_interfaces/mecharm_interfaces/srv/detail/pump_status__type_support.c
[47.252s] -- Installing: /home/amin/cobot/cobot_ws/install/mecharm_interfaces/include/mecharm_interfaces/mecharm_interfaces/srv/detail/get_coords__type_support.c
[47.252s] -- Installing: /home/amin/cobot/cobot_ws/install/mecharm_interfaces/include/mecharm_interfaces/mecharm_interfaces/srv/detail/set_angles__rosidl_typesupport_introspection_c.h
[47.252s] -- Installing: /home/amin/cobot/cobot_ws/install/mecharm_interfaces/include/mecharm_interfaces/mecharm_interfaces/srv/detail/set_coords__type_support.c
[47.252s] -- Installing: /home/amin/cobot/cobot_ws/install/mecharm_interfaces/include/mecharm_interfaces/mecharm_interfaces/srv/detail/set_angles__type_support.c
[47.252s] -- Installing: /home/amin/cobot/cobot_ws/install/mecharm_interfaces/include/mecharm_interfaces/mecharm_interfaces/srv/detail/pump_status__rosidl_typesupport_introspection_c.h
[47.252s] -- Installing: /home/amin/cobot/cobot_ws/install/mecharm_interfaces/include/mecharm_interfaces/mecharm_interfaces/srv/detail/get_angles__type_support.c
[47.253s] -- Installing: /home/amin/cobot/cobot_ws/install/mecharm_interfaces/include/mecharm_interfaces/mecharm_interfaces/srv/detail/get_angles__rosidl_typesupport_introspection_c.h
[47.253s] -- Installing: /home/amin/cobot/cobot_ws/install/mecharm_interfaces/include/mecharm_interfaces/mecharm_interfaces/srv/detail/gripper_status__type_support.c
[47.253s] -- Installing: /home/amin/cobot/cobot_ws/install/mecharm_interfaces/include/mecharm_interfaces/mecharm_interfaces/srv/detail/set_coords__rosidl_typesupport_introspection_c.h
[47.253s] -- Installing: /home/amin/cobot/cobot_ws/install/mecharm_interfaces/include/mecharm_interfaces/mecharm_interfaces/srv/detail/get_coords__rosidl_typesupport_introspection_c.h
[47.253s] -- Installing: /home/amin/cobot/cobot_ws/install/mecharm_interfaces/include/mecharm_interfaces/mecharm_interfaces/srv/detail/gripper_status__rosidl_typesupport_introspection_c.h
[47.253s] -- Up-to-date: /home/amin/cobot/cobot_ws/install/mecharm_interfaces/include/mecharm_interfaces/mecharm_interfaces/msg
[47.253s] -- Up-to-date: /home/amin/cobot/cobot_ws/install/mecharm_interfaces/include/mecharm_interfaces/mecharm_interfaces/msg/detail
[47.253s] -- Installing: /home/amin/cobot/cobot_ws/install/mecharm_interfaces/include/mecharm_interfaces/mecharm_interfaces/msg/detail/mecharm_pump_status__type_support.c
[47.253s] -- Installing: /home/amin/cobot/cobot_ws/install/mecharm_interfaces/include/mecharm_interfaces/mecharm_interfaces/msg/detail/mecharm_set_coords__type_support.c
[47.253s] -- Installing: /home/amin/cobot/cobot_ws/install/mecharm_interfaces/include/mecharm_interfaces/mecharm_interfaces/msg/detail/mecharm_set_coords__rosidl_typesupport_introspection_c.h
[47.253s] -- Installing: /home/amin/cobot/cobot_ws/install/mecharm_interfaces/include/mecharm_interfaces/mecharm_interfaces/msg/detail/mecharm_angles__type_support.c
[47.254s] -- Installing: /home/amin/cobot/cobot_ws/install/mecharm_interfaces/include/mecharm_interfaces/mecharm_interfaces/msg/detail/mecharm_coords__type_support.c
[47.254s] -- Installing: /home/amin/cobot/cobot_ws/install/mecharm_interfaces/include/mecharm_interfaces/mecharm_interfaces/msg/detail/mecharm_coords__rosidl_typesupport_introspection_c.h
[47.254s] -- Installing: /home/amin/cobot/cobot_ws/install/mecharm_interfaces/include/mecharm_interfaces/mecharm_interfaces/msg/detail/mecharm_pump_status__rosidl_typesupport_introspection_c.h
[47.254s] -- Installing: /home/amin/cobot/cobot_ws/install/mecharm_interfaces/include/mecharm_interfaces/mecharm_interfaces/msg/detail/mecharm_set_angles__type_support.c
[47.254s] -- Installing: /home/amin/cobot/cobot_ws/install/mecharm_interfaces/include/mecharm_interfaces/mecharm_interfaces/msg/detail/mecharm_gripper_status__type_support.c
[47.254s] -- Installing: /home/amin/cobot/cobot_ws/install/mecharm_interfaces/include/mecharm_interfaces/mecharm_interfaces/msg/detail/mecharm_set_angles__rosidl_typesupport_introspection_c.h
[47.254s] -- Installing: /home/amin/cobot/cobot_ws/install/mecharm_interfaces/include/mecharm_interfaces/mecharm_interfaces/msg/detail/mecharm_angles__rosidl_typesupport_introspection_c.h
[47.254s] -- Installing: /home/amin/cobot/cobot_ws/install/mecharm_interfaces/include/mecharm_interfaces/mecharm_interfaces/msg/detail/mecharm_gripper_status__rosidl_typesupport_introspection_c.h
[47.254s] -- Installing: /home/amin/cobot/cobot_ws/install/mecharm_interfaces/include/mecharm_interfaces/mecharm_interfaces/msg/rosidl_typesupport_introspection_c__visibility_control.h
[47.254s] -- Installing: /home/amin/cobot/cobot_ws/install/mecharm_interfaces/lib/libmecharm_interfaces__rosidl_typesupport_introspection_c.so
[47.254s] -- Set non-toolchain portion of runtime path of "/home/amin/cobot/cobot_ws/install/mecharm_interfaces/lib/libmecharm_interfaces__rosidl_typesupport_introspection_c.so" to ""
[47.254s] -- Installing: /home/amin/cobot/cobot_ws/install/mecharm_interfaces/lib/libmecharm_interfaces__rosidl_typesupport_c.so
[47.255s] -- Set non-toolchain portion of runtime path of "/home/amin/cobot/cobot_ws/install/mecharm_interfaces/lib/libmecharm_interfaces__rosidl_typesupport_c.so" to ""
[47.255s] -- Up-to-date: /home/amin/cobot/cobot_ws/install/mecharm_interfaces/include/mecharm_interfaces/mecharm_interfaces
[47.255s] -- Up-to-date: /home/amin/cobot/cobot_ws/install/mecharm_interfaces/include/mecharm_interfaces/mecharm_interfaces/srv
[47.255s] -- Installing: /home/amin/cobot/cobot_ws/install/mecharm_interfaces/include/mecharm_interfaces/mecharm_interfaces/srv/set_angles.hpp
[47.255s] -- Installing: /home/amin/cobot/cobot_ws/install/mecharm_interfaces/include/mecharm_interfaces/mecharm_interfaces/srv/get_coords.hpp
[47.255s] -- Installing: /home/amin/cobot/cobot_ws/install/mecharm_interfaces/include/mecharm_interfaces/mecharm_interfaces/srv/gripper_status.hpp
[47.255s] -- Up-to-date: /home/amin/cobot/cobot_ws/install/mecharm_interfaces/include/mecharm_interfaces/mecharm_interfaces/srv/detail
[47.255s] -- Installing: /home/amin/cobot/cobot_ws/install/mecharm_interfaces/include/mecharm_interfaces/mecharm_interfaces/srv/detail/get_coords__type_support.hpp
[47.255s] -- Installing: /home/amin/cobot/cobot_ws/install/mecharm_interfaces/include/mecharm_interfaces/mecharm_interfaces/srv/detail/get_angles__builder.hpp
[47.255s] -- Installing: /home/amin/cobot/cobot_ws/install/mecharm_interfaces/include/mecharm_interfaces/mecharm_interfaces/srv/detail/gripper_status__type_support.hpp
[47.255s] -- Installing: /home/amin/cobot/cobot_ws/install/mecharm_interfaces/include/mecharm_interfaces/mecharm_interfaces/srv/detail/set_angles__traits.hpp
[47.256s] -- Installing: /home/amin/cobot/cobot_ws/install/mecharm_interfaces/include/mecharm_interfaces/mecharm_interfaces/srv/detail/set_angles__builder.hpp
[47.256s] -- Installing: /home/amin/cobot/cobot_ws/install/mecharm_interfaces/include/mecharm_interfaces/mecharm_interfaces/srv/detail/gripper_status__struct.hpp
[47.256s] -- Installing: /home/amin/cobot/cobot_ws/install/mecharm_interfaces/include/mecharm_interfaces/mecharm_interfaces/srv/detail/gripper_status__traits.hpp
[47.256s] -- Installing: /home/amin/cobot/cobot_ws/install/mecharm_interfaces/include/mecharm_interfaces/mecharm_interfaces/srv/detail/set_coords__struct.hpp
[47.256s] -- Installing: /home/amin/cobot/cobot_ws/install/mecharm_interfaces/include/mecharm_interfaces/mecharm_interfaces/srv/detail/pump_status__builder.hpp
[47.256s] -- Installing: /home/amin/cobot/cobot_ws/install/mecharm_interfaces/include/mecharm_interfaces/mecharm_interfaces/srv/detail/set_coords__builder.hpp
[47.256s] -- Installing: /home/amin/cobot/cobot_ws/install/mecharm_interfaces/include/mecharm_interfaces/mecharm_interfaces/srv/detail/pump_status__type_support.hpp
[47.256s] -- Installing: /home/amin/cobot/cobot_ws/install/mecharm_interfaces/include/mecharm_interfaces/mecharm_interfaces/srv/detail/get_coords__struct.hpp
[47.256s] -- Installing: /home/amin/cobot/cobot_ws/install/mecharm_interfaces/include/mecharm_interfaces/mecharm_interfaces/srv/detail/gripper_status__builder.hpp
[47.256s] -- Installing: /home/amin/cobot/cobot_ws/install/mecharm_interfaces/include/mecharm_interfaces/mecharm_interfaces/srv/detail/pump_status__traits.hpp
[47.256s] -- Installing: /home/amin/cobot/cobot_ws/install/mecharm_interfaces/include/mecharm_interfaces/mecharm_interfaces/srv/detail/get_angles__type_support.hpp
[47.257s] -- Installing: /home/amin/cobot/cobot_ws/install/mecharm_interfaces/include/mecharm_interfaces/mecharm_interfaces/srv/detail/get_coords__traits.hpp
[47.257s] -- Installing: /home/amin/cobot/cobot_ws/install/mecharm_interfaces/include/mecharm_interfaces/mecharm_interfaces/srv/detail/set_angles__struct.hpp
[47.257s] -- Installing: /home/amin/cobot/cobot_ws/install/mecharm_interfaces/include/mecharm_interfaces/mecharm_interfaces/srv/detail/get_angles__traits.hpp
[47.257s] -- Installing: /home/amin/cobot/cobot_ws/install/mecharm_interfaces/include/mecharm_interfaces/mecharm_interfaces/srv/detail/get_coords__builder.hpp
[47.257s] -- Installing: /home/amin/cobot/cobot_ws/install/mecharm_interfaces/include/mecharm_interfaces/mecharm_interfaces/srv/detail/set_coords__type_support.hpp
[47.257s] -- Installing: /home/amin/cobot/cobot_ws/install/mecharm_interfaces/include/mecharm_interfaces/mecharm_interfaces/srv/detail/set_angles__type_support.hpp
[47.257s] -- Installing: /home/amin/cobot/cobot_ws/install/mecharm_interfaces/include/mecharm_interfaces/mecharm_interfaces/srv/detail/set_coords__traits.hpp
[47.257s] -- Installing: /home/amin/cobot/cobot_ws/install/mecharm_interfaces/include/mecharm_interfaces/mecharm_interfaces/srv/detail/get_angles__struct.hpp
[47.257s] -- Installing: /home/amin/cobot/cobot_ws/install/mecharm_interfaces/include/mecharm_interfaces/mecharm_interfaces/srv/detail/pump_status__struct.hpp
[47.257s] -- Installing: /home/amin/cobot/cobot_ws/install/mecharm_interfaces/include/mecharm_interfaces/mecharm_interfaces/srv/set_coords.hpp
[47.257s] -- Installing: /home/amin/cobot/cobot_ws/install/mecharm_interfaces/include/mecharm_interfaces/mecharm_interfaces/srv/get_angles.hpp
[47.257s] -- Installing: /home/amin/cobot/cobot_ws/install/mecharm_interfaces/include/mecharm_interfaces/mecharm_interfaces/srv/pump_status.hpp
[47.258s] -- Up-to-date: /home/amin/cobot/cobot_ws/install/mecharm_interfaces/include/mecharm_interfaces/mecharm_interfaces/msg
[47.258s] -- Up-to-date: /home/amin/cobot/cobot_ws/install/mecharm_interfaces/include/mecharm_interfaces/mecharm_interfaces/msg/detail
[47.258s] -- Installing: /home/amin/cobot/cobot_ws/install/mecharm_interfaces/include/mecharm_interfaces/mecharm_interfaces/msg/detail/mecharm_gripper_status__traits.hpp
[47.258s] -- Installing: /home/amin/cobot/cobot_ws/install/mecharm_interfaces/include/mecharm_interfaces/mecharm_interfaces/msg/detail/mecharm_pump_status__type_support.hpp
[47.258s] -- Installing: /home/amin/cobot/cobot_ws/install/mecharm_interfaces/include/mecharm_interfaces/mecharm_interfaces/msg/detail/mecharm_pump_status__struct.hpp
[47.258s] -- Installing: /home/amin/cobot/cobot_ws/install/mecharm_interfaces/include/mecharm_interfaces/mecharm_interfaces/msg/detail/mecharm_angles__struct.hpp
[47.258s] -- Installing: /home/amin/cobot/cobot_ws/install/mecharm_interfaces/include/mecharm_interfaces/mecharm_interfaces/msg/detail/mecharm_coords__struct.hpp
[47.258s] -- Installing: /home/amin/cobot/cobot_ws/install/mecharm_interfaces/include/mecharm_interfaces/mecharm_interfaces/msg/detail/mecharm_pump_status__traits.hpp
[47.258s] -- Installing: /home/amin/cobot/cobot_ws/install/mecharm_interfaces/include/mecharm_interfaces/mecharm_interfaces/msg/detail/mecharm_set_coords__traits.hpp
[47.258s] -- Installing: /home/amin/cobot/cobot_ws/install/mecharm_interfaces/include/mecharm_interfaces/mecharm_interfaces/msg/detail/mecharm_angles__traits.hpp
[47.258s] -- Installing: /home/amin/cobot/cobot_ws/install/mecharm_interfaces/include/mecharm_interfaces/mecharm_interfaces/msg/detail/mecharm_angles__builder.hpp
[47.259s] -- Installing: /home/amin/cobot/cobot_ws/install/mecharm_interfaces/include/mecharm_interfaces/mecharm_interfaces/msg/detail/mecharm_set_coords__builder.hpp
[47.259s] -- Installing: /home/amin/cobot/cobot_ws/install/mecharm_interfaces/include/mecharm_interfaces/mecharm_interfaces/msg/detail/mecharm_set_coords__type_support.hpp
[47.259s] -- Installing: /home/amin/cobot/cobot_ws/install/mecharm_interfaces/include/mecharm_interfaces/mecharm_interfaces/msg/detail/mecharm_set_angles__type_support.hpp
[47.259s] -- Installing: /home/amin/cobot/cobot_ws/install/mecharm_interfaces/include/mecharm_interfaces/mecharm_interfaces/msg/detail/mecharm_gripper_status__builder.hpp
[47.259s] -- Installing: /home/amin/cobot/cobot_ws/install/mecharm_interfaces/include/mecharm_interfaces/mecharm_interfaces/msg/detail/mecharm_set_angles__builder.hpp
[47.259s] -- Installing: /home/amin/cobot/cobot_ws/install/mecharm_interfaces/include/mecharm_interfaces/mecharm_interfaces/msg/detail/mecharm_gripper_status__struct.hpp
[47.259s] -- Installing: /home/amin/cobot/cobot_ws/install/mecharm_interfaces/include/mecharm_interfaces/mecharm_interfaces/msg/detail/mecharm_coords__type_support.hpp
[47.259s] -- Installing: /home/amin/cobot/cobot_ws/install/mecharm_interfaces/include/mecharm_interfaces/mecharm_interfaces/msg/detail/mecharm_set_coords__struct.hpp
[47.259s] -- Installing: /home/amin/cobot/cobot_ws/install/mecharm_interfaces/include/mecharm_interfaces/mecharm_interfaces/msg/detail/mecharm_coords__builder.hpp
[47.259s] -- Installing: /home/amin/cobot/cobot_ws/install/mecharm_interfaces/include/mecharm_interfaces/mecharm_interfaces/msg/detail/mecharm_angles__type_support.hpp
[47.259s] -- Installing: /home/amin/cobot/cobot_ws/install/mecharm_interfaces/include/mecharm_interfaces/mecharm_interfaces/msg/detail/mecharm_gripper_status__type_support.hpp
[47.259s] -- Installing: /home/amin/cobot/cobot_ws/install/mecharm_interfaces/include/mecharm_interfaces/mecharm_interfaces/msg/detail/mecharm_set_angles__traits.hpp
[47.259s] -- Installing: /home/amin/cobot/cobot_ws/install/mecharm_interfaces/include/mecharm_interfaces/mecharm_interfaces/msg/detail/mecharm_set_angles__struct.hpp
[47.260s] -- Installing: /home/amin/cobot/cobot_ws/install/mecharm_interfaces/include/mecharm_interfaces/mecharm_interfaces/msg/detail/mecharm_coords__traits.hpp
[47.260s] -- Installing: /home/amin/cobot/cobot_ws/install/mecharm_interfaces/include/mecharm_interfaces/mecharm_interfaces/msg/detail/mecharm_pump_status__builder.hpp
[47.260s] -- Installing: /home/amin/cobot/cobot_ws/install/mecharm_interfaces/include/mecharm_interfaces/mecharm_interfaces/msg/mecharm_pump_status.hpp
[47.260s] -- Installing: /home/amin/cobot/cobot_ws/install/mecharm_interfaces/include/mecharm_interfaces/mecharm_interfaces/msg/mecharm_gripper_status.hpp
[47.260s] -- Installing: /home/amin/cobot/cobot_ws/install/mecharm_interfaces/include/mecharm_interfaces/mecharm_interfaces/msg/mecharm_set_coords.hpp
[47.260s] -- Installing: /home/amin/cobot/cobot_ws/install/mecharm_interfaces/include/mecharm_interfaces/mecharm_interfaces/msg/mecharm_coords.hpp
[47.260s] -- Installing: /home/amin/cobot/cobot_ws/install/mecharm_interfaces/include/mecharm_interfaces/mecharm_interfaces/msg/mecharm_set_angles.hpp
[47.260s] -- Installing: /home/amin/cobot/cobot_ws/install/mecharm_interfaces/include/mecharm_interfaces/mecharm_interfaces/msg/mecharm_angles.hpp
[47.260s] -- Installing: /home/amin/cobot/cobot_ws/install/mecharm_interfaces/include/mecharm_interfaces/mecharm_interfaces/msg/rosidl_generator_cpp__visibility_control.hpp
[47.260s] -- Up-to-date: /home/amin/cobot/cobot_ws/install/mecharm_interfaces/include/mecharm_interfaces/mecharm_interfaces
[47.260s] -- Up-to-date: /home/amin/cobot/cobot_ws/install/mecharm_interfaces/include/mecharm_interfaces/mecharm_interfaces/srv
[47.261s] -- Up-to-date: /home/amin/cobot/cobot_ws/install/mecharm_interfaces/include/mecharm_interfaces/mecharm_interfaces/srv/detail
[47.261s] -- Installing: /home/amin/cobot/cobot_ws/install/mecharm_interfaces/include/mecharm_interfaces/mecharm_interfaces/srv/detail/gripper_status__rosidl_typesupport_fastrtps_cpp.hpp
[47.261s] -- Installing: /home/amin/cobot/cobot_ws/install/mecharm_interfaces/include/mecharm_interfaces/mecharm_interfaces/srv/detail/pump_status__rosidl_typesupport_fastrtps_cpp.hpp
[47.261s] -- Installing: /home/amin/cobot/cobot_ws/install/mecharm_interfaces/include/mecharm_interfaces/mecharm_interfaces/srv/detail/dds_fastrtps
[47.261s] -- Installing: /home/amin/cobot/cobot_ws/install/mecharm_interfaces/include/mecharm_interfaces/mecharm_interfaces/srv/detail/get_angles__rosidl_typesupport_fastrtps_cpp.hpp
[47.261s] -- Installing: /home/amin/cobot/cobot_ws/install/mecharm_interfaces/include/mecharm_interfaces/mecharm_interfaces/srv/detail/set_coords__rosidl_typesupport_fastrtps_cpp.hpp
[47.261s] -- Installing: /home/amin/cobot/cobot_ws/install/mecharm_interfaces/include/mecharm_interfaces/mecharm_interfaces/srv/detail/get_coords__rosidl_typesupport_fastrtps_cpp.hpp
[47.261s] -- Installing: /home/amin/cobot/cobot_ws/install/mecharm_interfaces/include/mecharm_interfaces/mecharm_interfaces/srv/detail/set_angles__rosidl_typesupport_fastrtps_cpp.hpp
[47.261s] -- Up-to-date: /home/amin/cobot/cobot_ws/install/mecharm_interfaces/include/mecharm_interfaces/mecharm_interfaces/msg
[47.261s] -- Up-to-date: /home/amin/cobot/cobot_ws/install/mecharm_interfaces/include/mecharm_interfaces/mecharm_interfaces/msg/detail
[47.261s] -- Installing: /home/amin/cobot/cobot_ws/install/mecharm_interfaces/include/mecharm_interfaces/mecharm_interfaces/msg/detail/dds_fastrtps
[47.262s] -- Installing: /home/amin/cobot/cobot_ws/install/mecharm_interfaces/include/mecharm_interfaces/mecharm_interfaces/msg/detail/mecharm_pump_status__rosidl_typesupport_fastrtps_cpp.hpp
[47.262s] -- Installing: /home/amin/cobot/cobot_ws/install/mecharm_interfaces/include/mecharm_interfaces/mecharm_interfaces/msg/detail/mecharm_set_coords__rosidl_typesupport_fastrtps_cpp.hpp
[47.262s] -- Installing: /home/amin/cobot/cobot_ws/install/mecharm_interfaces/include/mecharm_interfaces/mecharm_interfaces/msg/detail/mecharm_angles__rosidl_typesupport_fastrtps_cpp.hpp
[47.262s] -- Installing: /home/amin/cobot/cobot_ws/install/mecharm_interfaces/include/mecharm_interfaces/mecharm_interfaces/msg/detail/mecharm_set_angles__rosidl_typesupport_fastrtps_cpp.hpp
[47.262s] -- Installing: /home/amin/cobot/cobot_ws/install/mecharm_interfaces/include/mecharm_interfaces/mecharm_interfaces/msg/detail/mecharm_coords__rosidl_typesupport_fastrtps_cpp.hpp
[47.262s] -- Installing: /home/amin/cobot/cobot_ws/install/mecharm_interfaces/include/mecharm_interfaces/mecharm_interfaces/msg/detail/mecharm_gripper_status__rosidl_typesupport_fastrtps_cpp.hpp
[47.262s] -- Installing: /home/amin/cobot/cobot_ws/install/mecharm_interfaces/include/mecharm_interfaces/mecharm_interfaces/msg/rosidl_typesupport_fastrtps_cpp__visibility_control.h
[47.262s] -- Installing: /home/amin/cobot/cobot_ws/install/mecharm_interfaces/lib/libmecharm_interfaces__rosidl_typesupport_fastrtps_cpp.so
[47.262s] -- Set non-toolchain portion of runtime path of "/home/amin/cobot/cobot_ws/install/mecharm_interfaces/lib/libmecharm_interfaces__rosidl_typesupport_fastrtps_cpp.so" to ""
[47.262s] -- Up-to-date: /home/amin/cobot/cobot_ws/install/mecharm_interfaces/include/mecharm_interfaces/mecharm_interfaces
[47.262s] -- Up-to-date: /home/amin/cobot/cobot_ws/install/mecharm_interfaces/include/mecharm_interfaces/mecharm_interfaces/srv
[47.262s] -- Up-to-date: /home/amin/cobot/cobot_ws/install/mecharm_interfaces/include/mecharm_interfaces/mecharm_interfaces/srv/detail
[47.262s] -- Installing: /home/amin/cobot/cobot_ws/install/mecharm_interfaces/include/mecharm_interfaces/mecharm_interfaces/srv/detail/set_coords__type_support.cpp
[47.263s] -- Installing: /home/amin/cobot/cobot_ws/install/mecharm_interfaces/include/mecharm_interfaces/mecharm_interfaces/srv/detail/pump_status__rosidl_typesupport_introspection_cpp.hpp
[47.263s] -- Installing: /home/amin/cobot/cobot_ws/install/mecharm_interfaces/include/mecharm_interfaces/mecharm_interfaces/srv/detail/gripper_status__type_support.cpp
[47.263s] -- Installing: /home/amin/cobot/cobot_ws/install/mecharm_interfaces/include/mecharm_interfaces/mecharm_interfaces/srv/detail/gripper_status__rosidl_typesupport_introspection_cpp.hpp
[47.263s] -- Installing: /home/amin/cobot/cobot_ws/install/mecharm_interfaces/include/mecharm_interfaces/mecharm_interfaces/srv/detail/get_coords__type_support.cpp
[47.263s] -- Installing: /home/amin/cobot/cobot_ws/install/mecharm_interfaces/include/mecharm_interfaces/mecharm_interfaces/srv/detail/set_angles__rosidl_typesupport_introspection_cpp.hpp
[47.263s] -- Installing: /home/amin/cobot/cobot_ws/install/mecharm_interfaces/include/mecharm_interfaces/mecharm_interfaces/srv/detail/set_angles__type_support.cpp
[47.263s] -- Installing: /home/amin/cobot/cobot_ws/install/mecharm_interfaces/include/mecharm_interfaces/mecharm_interfaces/srv/detail/get_angles__type_support.cpp
[47.263s] -- Installing: /home/amin/cobot/cobot_ws/install/mecharm_interfaces/include/mecharm_interfaces/mecharm_interfaces/srv/detail/pump_status__type_support.cpp
[47.263s] -- Installing: /home/amin/cobot/cobot_ws/install/mecharm_interfaces/include/mecharm_interfaces/mecharm_interfaces/srv/detail/get_angles__rosidl_typesupport_introspection_cpp.hpp
[47.263s] -- Installing: /home/amin/cobot/cobot_ws/install/mecharm_interfaces/include/mecharm_interfaces/mecharm_interfaces/srv/detail/set_coords__rosidl_typesupport_introspection_cpp.hpp
[47.263s] -- Installing: /home/amin/cobot/cobot_ws/install/mecharm_interfaces/include/mecharm_interfaces/mecharm_interfaces/srv/detail/get_coords__rosidl_typesupport_introspection_cpp.hpp
[47.263s] -- Up-to-date: /home/amin/cobot/cobot_ws/install/mecharm_interfaces/include/mecharm_interfaces/mecharm_interfaces/msg
[47.263s] -- Up-to-date: /home/amin/cobot/cobot_ws/install/mecharm_interfaces/include/mecharm_interfaces/mecharm_interfaces/msg/detail
[47.264s] -- Installing: /home/amin/cobot/cobot_ws/install/mecharm_interfaces/include/mecharm_interfaces/mecharm_interfaces/msg/detail/mecharm_coords__rosidl_typesupport_introspection_cpp.hpp
[47.264s] -- Installing: /home/amin/cobot/cobot_ws/install/mecharm_interfaces/include/mecharm_interfaces/mecharm_interfaces/msg/detail/mecharm_gripper_status__type_support.cpp
[47.264s] -- Installing: /home/amin/cobot/cobot_ws/install/mecharm_interfaces/include/mecharm_interfaces/mecharm_interfaces/msg/detail/mecharm_set_angles__rosidl_typesupport_introspection_cpp.hpp
[47.264s] -- Installing: /home/amin/cobot/cobot_ws/install/mecharm_interfaces/include/mecharm_interfaces/mecharm_interfaces/msg/detail/mecharm_set_coords__rosidl_typesupport_introspection_cpp.hpp
[47.264s] -- Installing: /home/amin/cobot/cobot_ws/install/mecharm_interfaces/include/mecharm_interfaces/mecharm_interfaces/msg/detail/mecharm_set_angles__type_support.cpp
[47.264s] -- Installing: /home/amin/cobot/cobot_ws/install/mecharm_interfaces/include/mecharm_interfaces/mecharm_interfaces/msg/detail/mecharm_pump_status__rosidl_typesupport_introspection_cpp.hpp
[47.264s] -- Installing: /home/amin/cobot/cobot_ws/install/mecharm_interfaces/include/mecharm_interfaces/mecharm_interfaces/msg/detail/mecharm_pump_status__type_support.cpp
[47.264s] -- Installing: /home/amin/cobot/cobot_ws/install/mecharm_interfaces/include/mecharm_interfaces/mecharm_interfaces/msg/detail/mecharm_angles__rosidl_typesupport_introspection_cpp.hpp
[47.264s] -- Installing: /home/amin/cobot/cobot_ws/install/mecharm_interfaces/include/mecharm_interfaces/mecharm_interfaces/msg/detail/mecharm_coords__type_support.cpp
[47.264s] -- Installing: /home/amin/cobot/cobot_ws/install/mecharm_interfaces/include/mecharm_interfaces/mecharm_interfaces/msg/detail/mecharm_set_coords__type_support.cpp
[47.264s] -- Installing: /home/amin/cobot/cobot_ws/install/mecharm_interfaces/include/mecharm_interfaces/mecharm_interfaces/msg/detail/mecharm_angles__type_support.cpp
[47.265s] -- Installing: /home/amin/cobot/cobot_ws/install/mecharm_interfaces/include/mecharm_interfaces/mecharm_interfaces/msg/detail/mecharm_gripper_status__rosidl_typesupport_introspection_cpp.hpp
[47.265s] -- Installing: /home/amin/cobot/cobot_ws/install/mecharm_interfaces/lib/libmecharm_interfaces__rosidl_typesupport_introspection_cpp.so
[47.265s] -- Set non-toolchain portion of runtime path of "/home/amin/cobot/cobot_ws/install/mecharm_interfaces/lib/libmecharm_interfaces__rosidl_typesupport_introspection_cpp.so" to ""
[47.265s] -- Installing: /home/amin/cobot/cobot_ws/install/mecharm_interfaces/lib/libmecharm_interfaces__rosidl_typesupport_cpp.so
[47.265s] -- Set non-toolchain portion of runtime path of "/home/amin/cobot/cobot_ws/install/mecharm_interfaces/lib/libmecharm_interfaces__rosidl_typesupport_cpp.so" to ""
[47.265s] -- Installing: /home/amin/cobot/cobot_ws/install/mecharm_interfaces/share/mecharm_interfaces/environment/pythonpath.sh
[47.265s] -- Installing: /home/amin/cobot/cobot_ws/install/mecharm_interfaces/share/mecharm_interfaces/environment/pythonpath.dsv
[47.265s] -- Installing: /home/amin/cobot/cobot_ws/install/mecharm_interfaces/lib/python3.12/site-packages/mecharm_interfaces-0.0.0-py3.12.egg-info
[47.265s] -- Installing: /home/amin/cobot/cobot_ws/install/mecharm_interfaces/lib/python3.12/site-packages/mecharm_interfaces-0.0.0-py3.12.egg-info/SOURCES.txt
[47.265s] -- Installing: /home/amin/cobot/cobot_ws/install/mecharm_interfaces/lib/python3.12/site-packages/mecharm_interfaces-0.0.0-py3.12.egg-info/PKG-INFO
[47.265s] -- Installing: /home/amin/cobot/cobot_ws/install/mecharm_interfaces/lib/python3.12/site-packages/mecharm_interfaces-0.0.0-py3.12.egg-info/top_level.txt
[47.265s] -- Installing: /home/amin/cobot/cobot_ws/install/mecharm_interfaces/lib/python3.12/site-packages/mecharm_interfaces-0.0.0-py3.12.egg-info/dependency_links.txt
[47.266s] -- Installing: /home/amin/cobot/cobot_ws/install/mecharm_interfaces/lib/python3.12/site-packages/mecharm_interfaces
[47.266s] -- Installing: /home/amin/cobot/cobot_ws/install/mecharm_interfaces/lib/python3.12/site-packages/mecharm_interfaces/_mecharm_interfaces_s.ep.rosidl_typesupport_fastrtps_c.c
[47.266s] -- Installing: /home/amin/cobot/cobot_ws/install/mecharm_interfaces/lib/python3.12/site-packages/mecharm_interfaces/mecharm_interfaces_s__rosidl_typesupport_c.so
[47.266s] -- Installing: /home/amin/cobot/cobot_ws/install/mecharm_interfaces/lib/python3.12/site-packages/mecharm_interfaces/__init__.py
[47.266s] -- Installing: /home/amin/cobot/cobot_ws/install/mecharm_interfaces/lib/python3.12/site-packages/mecharm_interfaces/srv
[47.266s] -- Installing: /home/amin/cobot/cobot_ws/install/mecharm_interfaces/lib/python3.12/site-packages/mecharm_interfaces/srv/_get_coords_s.c
[47.266s] -- Installing: /home/amin/cobot/cobot_ws/install/mecharm_interfaces/lib/python3.12/site-packages/mecharm_interfaces/srv/_get_angles_s.c
[47.266s] -- Installing: /home/amin/cobot/cobot_ws/install/mecharm_interfaces/lib/python3.12/site-packages/mecharm_interfaces/srv/_get_angles.py
[47.266s] -- Installing: /home/amin/cobot/cobot_ws/install/mecharm_interfaces/lib/python3.12/site-packages/mecharm_interfaces/srv/_set_angles.py
[47.266s] -- Installing: /home/amin/cobot/cobot_ws/install/mecharm_interfaces/lib/python3.12/site-packages/mecharm_interfaces/srv/_pump_status.py
[47.266s] -- Installing: /home/amin/cobot/cobot_ws/install/mecharm_interfaces/lib/python3.12/site-packages/mecharm_interfaces/srv/_pump_status_s.c
[47.267s] -- Installing: /home/amin/cobot/cobot_ws/install/mecharm_interfaces/lib/python3.12/site-packages/mecharm_interfaces/srv/_set_coords.py
[47.267s] -- Installing: /home/amin/cobot/cobot_ws/install/mecharm_interfaces/lib/python3.12/site-packages/mecharm_interfaces/srv/__init__.py
[47.267s] -- Installing: /home/amin/cobot/cobot_ws/install/mecharm_interfaces/lib/python3.12/site-packages/mecharm_interfaces/srv/_get_coords.py
[47.267s] -- Installing: /home/amin/cobot/cobot_ws/install/mecharm_interfaces/lib/python3.12/site-packages/mecharm_interfaces/srv/_gripper_status_s.c
[47.267s] -- Installing: /home/amin/cobot/cobot_ws/install/mecharm_interfaces/lib/python3.12/site-packages/mecharm_interfaces/srv/_gripper_status.py
[47.267s] -- Installing: /home/amin/cobot/cobot_ws/install/mecharm_interfaces/lib/python3.12/site-packages/mecharm_interfaces/srv/_set_coords_s.c
[47.267s] -- Installing: /home/amin/cobot/cobot_ws/install/mecharm_interfaces/lib/python3.12/site-packages/mecharm_interfaces/srv/_set_angles_s.c
[47.267s] -- Installing: /home/amin/cobot/cobot_ws/install/mecharm_interfaces/lib/python3.12/site-packages/mecharm_interfaces/msg
[47.267s] -- Installing: /home/amin/cobot/cobot_ws/install/mecharm_interfaces/lib/python3.12/site-packages/mecharm_interfaces/msg/_mecharm_coords.py
[47.267s] -- Installing: /home/amin/cobot/cobot_ws/install/mecharm_interfaces/lib/python3.12/site-packages/mecharm_interfaces/msg/__init__.py
[47.267s] -- Installing: /home/amin/cobot/cobot_ws/install/mecharm_interfaces/lib/python3.12/site-packages/mecharm_interfaces/msg/_mecharm_pump_status.py
[47.267s] -- Installing: /home/amin/cobot/cobot_ws/install/mecharm_interfaces/lib/python3.12/site-packages/mecharm_interfaces/msg/_mecharm_gripper_status_s.c
[47.267s] -- Installing: /home/amin/cobot/cobot_ws/install/mecharm_interfaces/lib/python3.12/site-packages/mecharm_interfaces/msg/_mecharm_set_coords.py
[47.267s] -- Installing: /home/amin/cobot/cobot_ws/install/mecharm_interfaces/lib/python3.12/site-packages/mecharm_interfaces/msg/_mecharm_set_coords_s.c
[47.267s] -- Installing: /home/amin/cobot/cobot_ws/install/mecharm_interfaces/lib/python3.12/site-packages/mecharm_interfaces/msg/_mecharm_set_angles_s.c
[47.267s] -- Installing: /home/amin/cobot/cobot_ws/install/mecharm_interfaces/lib/python3.12/site-packages/mecharm_interfaces/msg/_mecharm_angles.py
[47.268s] -- Installing: /home/amin/cobot/cobot_ws/install/mecharm_interfaces/lib/python3.12/site-packages/mecharm_interfaces/msg/_mecharm_gripper_status.py
[47.268s] -- Installing: /home/amin/cobot/cobot_ws/install/mecharm_interfaces/lib/python3.12/site-packages/mecharm_interfaces/msg/_mecharm_pump_status_s.c
[47.268s] -- Installing: /home/amin/cobot/cobot_ws/install/mecharm_interfaces/lib/python3.12/site-packages/mecharm_interfaces/msg/_mecharm_coords_s.c
[47.268s] -- Installing: /home/amin/cobot/cobot_ws/install/mecharm_interfaces/lib/python3.12/site-packages/mecharm_interfaces/msg/_mecharm_angles_s.c
[47.268s] -- Installing: /home/amin/cobot/cobot_ws/install/mecharm_interfaces/lib/python3.12/site-packages/mecharm_interfaces/msg/_mecharm_set_angles.py
[47.268s] -- Installing: /home/amin/cobot/cobot_ws/install/mecharm_interfaces/lib/python3.12/site-packages/mecharm_interfaces/mecharm_interfaces_s__rosidl_typesupport_fastrtps_c.so
[47.268s] -- Installing: /home/amin/cobot/cobot_ws/install/mecharm_interfaces/lib/python3.12/site-packages/mecharm_interfaces/_mecharm_interfaces_s.ep.rosidl_typesupport_introspection_c.c
[47.268s] -- Installing: /home/amin/cobot/cobot_ws/install/mecharm_interfaces/lib/python3.12/site-packages/mecharm_interfaces/_mecharm_interfaces_s.ep.rosidl_typesupport_c.c
[47.268s] -- Installing: /home/amin/cobot/cobot_ws/install/mecharm_interfaces/lib/python3.12/site-packages/mecharm_interfaces/mecharm_interfaces_s__rosidl_typesupport_introspection_c.so
[47.332s] Listing '/home/amin/cobot/cobot_ws/install/mecharm_interfaces/lib/python3.12/site-packages/mecharm_interfaces'...
[47.332s] Compiling '/home/amin/cobot/cobot_ws/install/mecharm_interfaces/lib/python3.12/site-packages/mecharm_interfaces/__init__.py'...
[47.332s] Listing '/home/amin/cobot/cobot_ws/install/mecharm_interfaces/lib/python3.12/site-packages/mecharm_interfaces/msg'...
[47.332s] Compiling '/home/amin/cobot/cobot_ws/install/mecharm_interfaces/lib/python3.12/site-packages/mecharm_interfaces/msg/__init__.py'...
[47.332s] Compiling '/home/amin/cobot/cobot_ws/install/mecharm_interfaces/lib/python3.12/site-packages/mecharm_interfaces/msg/_mecharm_angles.py'...
[47.333s] Compiling '/home/amin/cobot/cobot_ws/install/mecharm_interfaces/lib/python3.12/site-packages/mecharm_interfaces/msg/_mecharm_coords.py'...
[47.333s] Compiling '/home/amin/cobot/cobot_ws/install/mecharm_interfaces/lib/python3.12/site-packages/mecharm_interfaces/msg/_mecharm_gripper_status.py'...
[47.333s] Compiling '/home/amin/cobot/cobot_ws/install/mecharm_interfaces/lib/python3.12/site-packages/mecharm_interfaces/msg/_mecharm_pump_status.py'...
[47.333s] Compiling '/home/amin/cobot/cobot_ws/install/mecharm_interfaces/lib/python3.12/site-packages/mecharm_interfaces/msg/_mecharm_set_angles.py'...
[47.333s] Compiling '/home/amin/cobot/cobot_ws/install/mecharm_interfaces/lib/python3.12/site-packages/mecharm_interfaces/msg/_mecharm_set_coords.py'...
[47.333s] Listing '/home/amin/cobot/cobot_ws/install/mecharm_interfaces/lib/python3.12/site-packages/mecharm_interfaces/srv'...
[47.333s] Compiling '/home/amin/cobot/cobot_ws/install/mecharm_interfaces/lib/python3.12/site-packages/mecharm_interfaces/srv/__init__.py'...
[47.333s] Compiling '/home/amin/cobot/cobot_ws/install/mecharm_interfaces/lib/python3.12/site-packages/mecharm_interfaces/srv/_get_angles.py'...
[47.333s] Compiling '/home/amin/cobot/cobot_ws/install/mecharm_interfaces/lib/python3.12/site-packages/mecharm_interfaces/srv/_get_coords.py'...
[47.333s] Compiling '/home/amin/cobot/cobot_ws/install/mecharm_interfaces/lib/python3.12/site-packages/mecharm_interfaces/srv/_gripper_status.py'...
[47.333s] Compiling '/home/amin/cobot/cobot_ws/install/mecharm_interfaces/lib/python3.12/site-packages/mecharm_interfaces/srv/_pump_status.py'...
[47.333s] Compiling '/home/amin/cobot/cobot_ws/install/mecharm_interfaces/lib/python3.12/site-packages/mecharm_interfaces/srv/_set_angles.py'...
[47.333s] Compiling '/home/amin/cobot/cobot_ws/install/mecharm_interfaces/lib/python3.12/site-packages/mecharm_interfaces/srv/_set_coords.py'...
[47.338s] -- Installing: /home/amin/cobot/cobot_ws/install/mecharm_interfaces/lib/python3.12/site-packages/mecharm_interfaces/mecharm_interfaces_s__rosidl_typesupport_fastrtps_c.so
[47.339s] -- Set non-toolchain portion of runtime path of "/home/amin/cobot/cobot_ws/install/mecharm_interfaces/lib/python3.12/site-packages/mecharm_interfaces/mecharm_interfaces_s__rosidl_typesupport_fastrtps_c.so" to ""
[47.339s] -- Installing: /home/amin/cobot/cobot_ws/install/mecharm_interfaces/lib/python3.12/site-packages/mecharm_interfaces/mecharm_interfaces_s__rosidl_typesupport_introspection_c.so
[47.339s] -- Set non-toolchain portion of runtime path of "/home/amin/cobot/cobot_ws/install/mecharm_interfaces/lib/python3.12/site-packages/mecharm_interfaces/mecharm_interfaces_s__rosidl_typesupport_introspection_c.so" to ""
[47.339s] -- Installing: /home/amin/cobot/cobot_ws/install/mecharm_interfaces/lib/python3.12/site-packages/mecharm_interfaces/mecharm_interfaces_s__rosidl_typesupport_c.so
[47.340s] -- Set non-toolchain portion of runtime path of "/home/amin/cobot/cobot_ws/install/mecharm_interfaces/lib/python3.12/site-packages/mecharm_interfaces/mecharm_interfaces_s__rosidl_typesupport_c.so" to ""
[47.340s] -- Installing: /home/amin/cobot/cobot_ws/install/mecharm_interfaces/lib/libmecharm_interfaces__rosidl_generator_py.so
[47.340s] -- Set non-toolchain portion of runtime path of "/home/amin/cobot/cobot_ws/install/mecharm_interfaces/lib/libmecharm_interfaces__rosidl_generator_py.so" to ""
[47.340s] -- Installing: /home/amin/cobot/cobot_ws/install/mecharm_interfaces/share/mecharm_interfaces/msg/MecharmAngles.idl
[47.340s] -- Installing: /home/amin/cobot/cobot_ws/install/mecharm_interfaces/share/mecharm_interfaces/msg/MecharmCoords.idl
[47.340s] -- Installing: /home/amin/cobot/cobot_ws/install/mecharm_interfaces/share/mecharm_interfaces/msg/MecharmSetAngles.idl
[47.340s] -- Installing: /home/amin/cobot/cobot_ws/install/mecharm_interfaces/share/mecharm_interfaces/msg/MecharmSetCoords.idl
[47.341s] -- Installing: /home/amin/cobot/cobot_ws/install/mecharm_interfaces/share/mecharm_interfaces/msg/MecharmGripperStatus.idl
[47.341s] -- Installing: /home/amin/cobot/cobot_ws/install/mecharm_interfaces/share/mecharm_interfaces/msg/MecharmPumpStatus.idl
[47.341s] -- Installing: /home/amin/cobot/cobot_ws/install/mecharm_interfaces/share/mecharm_interfaces/srv/GetAngles.idl
[47.341s] -- Installing: /home/amin/cobot/cobot_ws/install/mecharm_interfaces/share/mecharm_interfaces/srv/SetAngles.idl
[47.341s] -- Installing: /home/amin/cobot/cobot_ws/install/mecharm_interfaces/share/mecharm_interfaces/srv/GetCoords.idl
[47.341s] -- Installing: /home/amin/cobot/cobot_ws/install/mecharm_interfaces/share/mecharm_interfaces/srv/SetCoords.idl
[47.341s] -- Installing: /home/amin/cobot/cobot_ws/install/mecharm_interfaces/share/mecharm_interfaces/srv/GripperStatus.idl
[47.341s] -- Installing: /home/amin/cobot/cobot_ws/install/mecharm_interfaces/share/mecharm_interfaces/srv/PumpStatus.idl
[47.341s] -- Installing: /home/amin/cobot/cobot_ws/install/mecharm_interfaces/share/mecharm_interfaces/msg/MecharmAngles.msg
[47.341s] -- Installing: /home/amin/cobot/cobot_ws/install/mecharm_interfaces/share/mecharm_interfaces/msg/MecharmCoords.msg
[47.342s] -- Installing: /home/amin/cobot/cobot_ws/install/mecharm_interfaces/share/mecharm_interfaces/msg/MecharmSetAngles.msg
[47.342s] -- Installing: /home/amin/cobot/cobot_ws/install/mecharm_interfaces/share/mecharm_interfaces/msg/MecharmSetCoords.msg
[47.342s] -- Installing: /home/amin/cobot/cobot_ws/install/mecharm_interfaces/share/mecharm_interfaces/msg/MecharmGripperStatus.msg
[47.342s] -- Installing: /home/amin/cobot/cobot_ws/install/mecharm_interfaces/share/mecharm_interfaces/msg/MecharmPumpStatus.msg
[47.342s] -- Installing: /home/amin/cobot/cobot_ws/install/mecharm_interfaces/share/mecharm_interfaces/srv/GetAngles.srv
[47.342s] -- Installing: /home/amin/cobot/cobot_ws/install/mecharm_interfaces/share/mecharm_interfaces/srv/SetAngles.srv
[47.342s] -- Installing: /home/amin/cobot/cobot_ws/install/mecharm_interfaces/share/mecharm_interfaces/srv/GetCoords.srv
[47.342s] -- Installing: /home/amin/cobot/cobot_ws/install/mecharm_interfaces/share/mecharm_interfaces/srv/SetCoords.srv
[47.342s] -- Installing: /home/amin/cobot/cobot_ws/install/mecharm_interfaces/share/mecharm_interfaces/srv/GripperStatus.srv
[47.342s] -- Installing: /home/amin/cobot/cobot_ws/install/mecharm_interfaces/share/mecharm_interfaces/srv/PumpStatus.srv
[47.342s] -- Installing: /home/amin/cobot/cobot_ws/install/mecharm_interfaces/share/ament_index/resource_index/package_run_dependencies/mecharm_interfaces
[47.343s] -- Installing: /home/amin/cobot/cobot_ws/install/mecharm_interfaces/share/ament_index/resource_index/parent_prefix_path/mecharm_interfaces
[47.343s] -- Installing: /home/amin/cobot/cobot_ws/install/mecharm_interfaces/share/mecharm_interfaces/environment/ament_prefix_path.sh
[47.343s] -- Installing: /home/amin/cobot/cobot_ws/install/mecharm_interfaces/share/mecharm_interfaces/environment/ament_prefix_path.dsv
[47.343s] -- Installing: /home/amin/cobot/cobot_ws/install/mecharm_interfaces/share/mecharm_interfaces/environment/path.sh
[47.343s] -- Installing: /home/amin/cobot/cobot_ws/install/mecharm_interfaces/share/mecharm_interfaces/environment/path.dsv
[47.343s] -- Installing: /home/amin/cobot/cobot_ws/install/mecharm_interfaces/share/mecharm_interfaces/local_setup.bash
[47.343s] -- Installing: /home/amin/cobot/cobot_ws/install/mecharm_interfaces/share/mecharm_interfaces/local_setup.sh
[47.343s] -- Installing: /home/amin/cobot/cobot_ws/install/mecharm_interfaces/share/mecharm_interfaces/local_setup.zsh
[47.343s] -- Installing: /home/amin/cobot/cobot_ws/install/mecharm_interfaces/share/mecharm_interfaces/local_setup.dsv
[47.344s] -- Installing: /home/amin/cobot/cobot_ws/install/mecharm_interfaces/share/mecharm_interfaces/package.dsv
[47.344s] -- Installing: /home/amin/cobot/cobot_ws/install/mecharm_interfaces/share/ament_index/resource_index/packages/mecharm_interfaces
[47.344s] -- Installing: /home/amin/cobot/cobot_ws/install/mecharm_interfaces/share/mecharm_interfaces/cmake/export_mecharm_interfaces__rosidl_generator_cExport.cmake
[47.344s] -- Installing: /home/amin/cobot/cobot_ws/install/mecharm_interfaces/share/mecharm_interfaces/cmake/export_mecharm_interfaces__rosidl_generator_cExport-noconfig.cmake
[47.344s] -- Installing: /home/amin/cobot/cobot_ws/install/mecharm_interfaces/share/mecharm_interfaces/cmake/export_mecharm_interfaces__rosidl_typesupport_fastrtps_cExport.cmake
[47.344s] -- Installing: /home/amin/cobot/cobot_ws/install/mecharm_interfaces/share/mecharm_interfaces/cmake/export_mecharm_interfaces__rosidl_typesupport_fastrtps_cExport-noconfig.cmake
[47.344s] -- Installing: /home/amin/cobot/cobot_ws/install/mecharm_interfaces/share/mecharm_interfaces/cmake/mecharm_interfaces__rosidl_typesupport_introspection_cExport.cmake
[47.344s] -- Installing: /home/amin/cobot/cobot_ws/install/mecharm_interfaces/share/mecharm_interfaces/cmake/mecharm_interfaces__rosidl_typesupport_introspection_cExport-noconfig.cmake
[47.345s] -- Installing: /home/amin/cobot/cobot_ws/install/mecharm_interfaces/share/mecharm_interfaces/cmake/mecharm_interfaces__rosidl_typesupport_cExport.cmake
[47.345s] -- Installing: /home/amin/cobot/cobot_ws/install/mecharm_interfaces/share/mecharm_interfaces/cmake/mecharm_interfaces__rosidl_typesupport_cExport-noconfig.cmake
[47.345s] -- Installing: /home/amin/cobot/cobot_ws/install/mecharm_interfaces/share/mecharm_interfaces/cmake/export_mecharm_interfaces__rosidl_generator_cppExport.cmake
[47.345s] -- Installing: /home/amin/cobot/cobot_ws/install/mecharm_interfaces/share/mecharm_interfaces/cmake/export_mecharm_interfaces__rosidl_typesupport_fastrtps_cppExport.cmake
[47.345s] -- Installing: /home/amin/cobot/cobot_ws/install/mecharm_interfaces/share/mecharm_interfaces/cmake/export_mecharm_interfaces__rosidl_typesupport_fastrtps_cppExport-noconfig.cmake
[47.345s] -- Installing: /home/amin/cobot/cobot_ws/install/mecharm_interfaces/share/mecharm_interfaces/cmake/mecharm_interfaces__rosidl_typesupport_introspection_cppExport.cmake
[47.345s] -- Installing: /home/amin/cobot/cobot_ws/install/mecharm_interfaces/share/mecharm_interfaces/cmake/mecharm_interfaces__rosidl_typesupport_introspection_cppExport-noconfig.cmake
[47.345s] -- Installing: /home/amin/cobot/cobot_ws/install/mecharm_interfaces/share/mecharm_interfaces/cmake/mecharm_interfaces__rosidl_typesupport_cppExport.cmake
[47.345s] -- Installing: /home/amin/cobot/cobot_ws/install/mecharm_interfaces/share/mecharm_interfaces/cmake/mecharm_interfaces__rosidl_typesupport_cppExport-noconfig.cmake
[47.346s] -- Installing: /home/amin/cobot/cobot_ws/install/mecharm_interfaces/share/mecharm_interfaces/cmake/export_mecharm_interfaces__rosidl_generator_pyExport.cmake
[47.346s] -- Installing: /home/amin/cobot/cobot_ws/install/mecharm_interfaces/share/mecharm_interfaces/cmake/export_mecharm_interfaces__rosidl_generator_pyExport-noconfig.cmake
[47.346s] -- Installing: /home/amin/cobot/cobot_ws/install/mecharm_interfaces/share/mecharm_interfaces/cmake/rosidl_cmake-extras.cmake
[47.346s] -- Installing: /home/amin/cobot/cobot_ws/install/mecharm_interfaces/share/mecharm_interfaces/cmake/ament_cmake_export_dependencies-extras.cmake
[47.346s] -- Installing: /home/amin/cobot/cobot_ws/install/mecharm_interfaces/share/mecharm_interfaces/cmake/ament_cmake_export_include_directories-extras.cmake
[47.346s] -- Installing: /home/amin/cobot/cobot_ws/install/mecharm_interfaces/share/mecharm_interfaces/cmake/ament_cmake_export_libraries-extras.cmake
[47.346s] -- Installing: /home/amin/cobot/cobot_ws/install/mecharm_interfaces/share/mecharm_interfaces/cmake/ament_cmake_export_targets-extras.cmake
[47.346s] -- Installing: /home/amin/cobot/cobot_ws/install/mecharm_interfaces/share/mecharm_interfaces/cmake/rosidl_cmake_export_typesupport_targets-extras.cmake
[47.346s] -- Installing: /home/amin/cobot/cobot_ws/install/mecharm_interfaces/share/mecharm_interfaces/cmake/rosidl_cmake_export_typesupport_libraries-extras.cmake
[47.346s] -- Installing: /home/amin/cobot/cobot_ws/install/mecharm_interfaces/share/mecharm_interfaces/cmake/mecharm_interfacesConfig.cmake
[47.347s] -- Installing: /home/amin/cobot/cobot_ws/install/mecharm_interfaces/share/mecharm_interfaces/cmake/mecharm_interfacesConfig-version.cmake
[47.347s] -- Installing: /home/amin/cobot/cobot_ws/install/mecharm_interfaces/share/mecharm_interfaces/package.xml
[47.349s] Invoked command in '/home/amin/cobot/cobot_ws/build/mecharm_interfaces' returned '0': CMAKE_PREFIX_PATH=${CMAKE_PREFIX_PATH}:/opt/ros/jazzy DEBUGINFOD_URLS=https://debuginfod.ubuntu.com /usr/bin/cmake --install /home/amin/cobot/cobot_ws/build/mecharm_interfaces
