[4.076s] Invoking command in '/home/amin/cobot/cobot_ws/src/mycobot_ros2/mycobot_320/mycobot_320': AMENT_PREFIX_PATH=/home/amin/cobot/cobot_ws/install/mycobot_description:${AMENT_PREFIX_PATH} DEBUGINFOD_URLS=https://debuginfod.ubuntu.com PYTHONPATH=/home/amin/cobot/cobot_ws/build/mycobot_320/prefix_override:/usr/lib/python3/dist-packages/colcon_core/task/python/colcon_distutils_commands:/home/amin/cobot/cobot_ws/install/mycobot_320/lib/python3.12/site-packages:/home/amin/cobot/cobot_ws/install/mycobot_description/lib/python3.12/site-packages:${PYTHONPATH} /usr/bin/python3 -W ignore:setup.py install is deprecated -W ignore:easy_install command is deprecated setup.py egg_info --egg-base ../../../../build/mycobot_320 build --build-base /home/amin/cobot/cobot_ws/build/mycobot_320/build install --record /home/amin/cobot/cobot_ws/build/mycobot_320/install.log --single-version-externally-managed install_data
[5.646s] running egg_info
[5.646s] creating ../../../../build/mycobot_320/mycobot_320.egg-info
[5.726s] writing ../../../../build/mycobot_320/mycobot_320.egg-info/PKG-INFO
[5.726s] writing dependency_links to ../../../../build/mycobot_320/mycobot_320.egg-info/dependency_links.txt
[5.726s] writing entry points to ../../../../build/mycobot_320/mycobot_320.egg-info/entry_points.txt
[5.729s] writing requirements to ../../../../build/mycobot_320/mycobot_320.egg-info/requires.txt
[5.729s] writing top-level names to ../../../../build/mycobot_320/mycobot_320.egg-info/top_level.txt
[5.730s] writing manifest file '../../../../build/mycobot_320/mycobot_320.egg-info/SOURCES.txt'
[5.893s] reading manifest file '../../../../build/mycobot_320/mycobot_320.egg-info/SOURCES.txt'
[5.893s] adding license file 'LICENSE'
[5.893s] writing manifest file '../../../../build/mycobot_320/mycobot_320.egg-info/SOURCES.txt'
[5.896s] running build
[5.896s] running build_py
[5.896s] creating /home/amin/cobot/cobot_ws/build/mycobot_320/build
[5.896s] creating /home/amin/cobot/cobot_ws/build/mycobot_320/build/lib
[5.896s] creating /home/amin/cobot/cobot_ws/build/mycobot_320/build/lib/mycobot_320
[5.896s] copying mycobot_320/listen_real.py -> /home/amin/cobot/cobot_ws/build/mycobot_320/build/lib/mycobot_320
[5.897s] copying mycobot_320/listen_real_of_topic.py -> /home/amin/cobot/cobot_ws/build/mycobot_320/build/lib/mycobot_320
[5.897s] copying mycobot_320/listen_real_service.py -> /home/amin/cobot/cobot_ws/build/mycobot_320/build/lib/mycobot_320
[5.897s] copying mycobot_320/slider_control.py -> /home/amin/cobot/cobot_ws/build/mycobot_320/build/lib/mycobot_320
[5.897s] copying mycobot_320/teleop_keyboard.py -> /home/amin/cobot/cobot_ws/build/mycobot_320/build/lib/mycobot_320
[5.897s] copying mycobot_320/__init__.py -> /home/amin/cobot/cobot_ws/build/mycobot_320/build/lib/mycobot_320
[5.897s] copying mycobot_320/slider_control_adaptive_gripper.py -> /home/amin/cobot/cobot_ws/build/mycobot_320/build/lib/mycobot_320
[5.898s] copying mycobot_320/slider_control_force_gripper.py -> /home/amin/cobot/cobot_ws/build/mycobot_320/build/lib/mycobot_320
[5.898s] copying mycobot_320/follow_display.py -> /home/amin/cobot/cobot_ws/build/mycobot_320/build/lib/mycobot_320
[5.898s] copying mycobot_320/simple_gui.py -> /home/amin/cobot/cobot_ws/build/mycobot_320/build/lib/mycobot_320
[5.898s] running install
[5.924s] running install_lib
[6.017s] creating /home/amin/cobot/cobot_ws/install/mycobot_320/lib/python3.12/site-packages/mycobot_320
[6.017s] copying /home/amin/cobot/cobot_ws/build/mycobot_320/build/lib/mycobot_320/listen_real.py -> /home/amin/cobot/cobot_ws/install/mycobot_320/lib/python3.12/site-packages/mycobot_320
[6.021s] copying /home/amin/cobot/cobot_ws/build/mycobot_320/build/lib/mycobot_320/listen_real_of_topic.py -> /home/amin/cobot/cobot_ws/install/mycobot_320/lib/python3.12/site-packages/mycobot_320
[6.021s] copying /home/amin/cobot/cobot_ws/build/mycobot_320/build/lib/mycobot_320/listen_real_service.py -> /home/amin/cobot/cobot_ws/install/mycobot_320/lib/python3.12/site-packages/mycobot_320
[6.021s] copying /home/amin/cobot/cobot_ws/build/mycobot_320/build/lib/mycobot_320/slider_control.py -> /home/amin/cobot/cobot_ws/install/mycobot_320/lib/python3.12/site-packages/mycobot_320
[6.021s] copying /home/amin/cobot/cobot_ws/build/mycobot_320/build/lib/mycobot_320/teleop_keyboard.py -> /home/amin/cobot/cobot_ws/install/mycobot_320/lib/python3.12/site-packages/mycobot_320
[6.021s] copying /home/amin/cobot/cobot_ws/build/mycobot_320/build/lib/mycobot_320/__init__.py -> /home/amin/cobot/cobot_ws/install/mycobot_320/lib/python3.12/site-packages/mycobot_320
[6.022s] copying /home/amin/cobot/cobot_ws/build/mycobot_320/build/lib/mycobot_320/slider_control_adaptive_gripper.py -> /home/amin/cobot/cobot_ws/install/mycobot_320/lib/python3.12/site-packages/mycobot_320
[6.025s] copying /home/amin/cobot/cobot_ws/build/mycobot_320/build/lib/mycobot_320/slider_control_force_gripper.py -> /home/amin/cobot/cobot_ws/install/mycobot_320/lib/python3.12/site-packages/mycobot_320
[6.025s] copying /home/amin/cobot/cobot_ws/build/mycobot_320/build/lib/mycobot_320/follow_display.py -> /home/amin/cobot/cobot_ws/install/mycobot_320/lib/python3.12/site-packages/mycobot_320
[6.025s] copying /home/amin/cobot/cobot_ws/build/mycobot_320/build/lib/mycobot_320/simple_gui.py -> /home/amin/cobot/cobot_ws/install/mycobot_320/lib/python3.12/site-packages/mycobot_320
[6.025s] byte-compiling /home/amin/cobot/cobot_ws/install/mycobot_320/lib/python3.12/site-packages/mycobot_320/listen_real.py to listen_real.cpython-312.pyc
[6.029s] byte-compiling /home/amin/cobot/cobot_ws/install/mycobot_320/lib/python3.12/site-packages/mycobot_320/listen_real_of_topic.py to listen_real_of_topic.cpython-312.pyc
[6.030s] byte-compiling /home/amin/cobot/cobot_ws/install/mycobot_320/lib/python3.12/site-packages/mycobot_320/listen_real_service.py to listen_real_service.cpython-312.pyc
[6.042s] byte-compiling /home/amin/cobot/cobot_ws/install/mycobot_320/lib/python3.12/site-packages/mycobot_320/slider_control.py to slider_control.cpython-312.pyc
[6.042s] byte-compiling /home/amin/cobot/cobot_ws/install/mycobot_320/lib/python3.12/site-packages/mycobot_320/teleop_keyboard.py to teleop_keyboard.cpython-312.pyc
[6.052s] byte-compiling /home/amin/cobot/cobot_ws/install/mycobot_320/lib/python3.12/site-packages/mycobot_320/__init__.py to __init__.cpython-312.pyc
[6.052s] byte-compiling /home/amin/cobot/cobot_ws/install/mycobot_320/lib/python3.12/site-packages/mycobot_320/slider_control_adaptive_gripper.py to slider_control_adaptive_gripper.cpython-312.pyc
[6.055s] byte-compiling /home/amin/cobot/cobot_ws/install/mycobot_320/lib/python3.12/site-packages/mycobot_320/slider_control_force_gripper.py to slider_control_force_gripper.cpython-312.pyc
[6.057s] byte-compiling /home/amin/cobot/cobot_ws/install/mycobot_320/lib/python3.12/site-packages/mycobot_320/follow_display.py to follow_display.cpython-312.pyc
[6.061s] byte-compiling /home/amin/cobot/cobot_ws/install/mycobot_320/lib/python3.12/site-packages/mycobot_320/simple_gui.py to simple_gui.cpython-312.pyc
[6.080s] running install_data
[6.086s] creating /home/amin/cobot/cobot_ws/install/mycobot_320/share/ament_index
[6.087s] creating /home/amin/cobot/cobot_ws/install/mycobot_320/share/ament_index/resource_index
[6.087s] creating /home/amin/cobot/cobot_ws/install/mycobot_320/share/ament_index/resource_index/packages
[6.088s] copying resource/mycobot_320 -> /home/amin/cobot/cobot_ws/install/mycobot_320/share/ament_index/resource_index/packages
[6.088s] copying package.xml -> /home/amin/cobot/cobot_ws/install/mycobot_320/share/mycobot_320
[6.090s] creating /home/amin/cobot/cobot_ws/install/mycobot_320/share/mycobot_320/launch
[6.090s] copying launch/mycobot_follow.launch.py -> /home/amin/cobot/cobot_ws/install/mycobot_320/share/mycobot_320/launch
[6.090s] copying launch/teleop_keyboard.launch.py -> /home/amin/cobot/cobot_ws/install/mycobot_320/share/mycobot_320/launch
[6.090s] copying launch/simple_gui.launch.py -> /home/amin/cobot/cobot_ws/install/mycobot_320/share/mycobot_320/launch
[6.090s] copying launch/slider_control_adaptive_gripper.launch.py -> /home/amin/cobot/cobot_ws/install/mycobot_320/share/mycobot_320/launch
[6.090s] copying launch/slider_control_force_gripper.launch.py -> /home/amin/cobot/cobot_ws/install/mycobot_320/share/mycobot_320/launch
[6.090s] copying launch/test.launch.py -> /home/amin/cobot/cobot_ws/install/mycobot_320/share/mycobot_320/launch
[6.090s] copying launch/test_adaptive_gripper.launch.py -> /home/amin/cobot/cobot_ws/install/mycobot_320/share/mycobot_320/launch
[6.091s] copying launch/test_force_gripper.launch.py -> /home/amin/cobot/cobot_ws/install/mycobot_320/share/mycobot_320/launch
[6.091s] copying launch/slider_control.launch.py -> /home/amin/cobot/cobot_ws/install/mycobot_320/share/mycobot_320/launch
[6.091s] creating /home/amin/cobot/cobot_ws/install/mycobot_320/share/mycobot_320/config
[6.091s] copying config/mycobot_pro_320.rviz -> /home/amin/cobot/cobot_ws/install/mycobot_320/share/mycobot_320/config
[6.095s] running install_egg_info
[6.240s] Copying ../../../../build/mycobot_320/mycobot_320.egg-info to /home/amin/cobot/cobot_ws/install/mycobot_320/lib/python3.12/site-packages/mycobot_320-0.0.0-py3.12.egg-info
[6.241s] running install_scripts
[6.730s] Installing camera_display script to /home/amin/cobot/cobot_ws/install/mycobot_320/lib/mycobot_320
[6.730s] Installing follow_display script to /home/amin/cobot/cobot_ws/install/mycobot_320/lib/mycobot_320
[6.730s] Installing listen_real script to /home/amin/cobot/cobot_ws/install/mycobot_320/lib/mycobot_320
[6.731s] Installing listen_real_of_topic script to /home/amin/cobot/cobot_ws/install/mycobot_320/lib/mycobot_320
[6.731s] Installing listen_real_service script to /home/amin/cobot/cobot_ws/install/mycobot_320/lib/mycobot_320
[6.731s] Installing simple_gui script to /home/amin/cobot/cobot_ws/install/mycobot_320/lib/mycobot_320
[6.731s] Installing slider_control script to /home/amin/cobot/cobot_ws/install/mycobot_320/lib/mycobot_320
[6.731s] Installing slider_control_adaptive_gripper script to /home/amin/cobot/cobot_ws/install/mycobot_320/lib/mycobot_320
[6.731s] Installing slider_control_force_gripper script to /home/amin/cobot/cobot_ws/install/mycobot_320/lib/mycobot_320
[6.731s] Installing teleop_keyboard script to /home/amin/cobot/cobot_ws/install/mycobot_320/lib/mycobot_320
[6.733s] writing list of installed files to '/home/amin/cobot/cobot_ws/build/mycobot_320/install.log'
[7.303s] Invoked command in '/home/amin/cobot/cobot_ws/src/mycobot_ros2/mycobot_320/mycobot_320' returned '0': AMENT_PREFIX_PATH=/home/amin/cobot/cobot_ws/install/mycobot_description:${AMENT_PREFIX_PATH} DEBUGINFOD_URLS=https://debuginfod.ubuntu.com PYTHONPATH=/home/amin/cobot/cobot_ws/build/mycobot_320/prefix_override:/usr/lib/python3/dist-packages/colcon_core/task/python/colcon_distutils_commands:/home/amin/cobot/cobot_ws/install/mycobot_320/lib/python3.12/site-packages:/home/amin/cobot/cobot_ws/install/mycobot_description/lib/python3.12/site-packages:${PYTHONPATH} /usr/bin/python3 -W ignore:setup.py install is deprecated -W ignore:easy_install command is deprecated setup.py egg_info --egg-base ../../../../build/mycobot_320 build --build-base /home/amin/cobot/cobot_ws/build/mycobot_320/build install --record /home/amin/cobot/cobot_ws/build/mycobot_320/install.log --single-version-externally-managed install_data
