/home/amin/cobot/cobot_ws/install/mypalletizer_communication/lib/python3.12/site-packages/mypalletizer_communication/__init__.py
/home/amin/cobot/cobot_ws/install/mypalletizer_communication/lib/python3.12/site-packages/mypalletizer_communication/mypalletizer_topics.py
/home/amin/cobot/cobot_ws/install/mypalletizer_communication/lib/python3.12/site-packages/mypalletizer_communication/mypalletizer_services.py
/home/amin/cobot/cobot_ws/install/mypalletizer_communication/lib/python3.12/site-packages/mypalletizer_communication/mypalletizer_topics_seeed.py
/home/amin/cobot/cobot_ws/install/mypalletizer_communication/lib/python3.12/site-packages/mypalletizer_communication/__pycache__/__init__.cpython-312.pyc
/home/amin/cobot/cobot_ws/install/mypalletizer_communication/lib/python3.12/site-packages/mypalletizer_communication/__pycache__/mypalletizer_topics.cpython-312.pyc
/home/amin/cobot/cobot_ws/install/mypalletizer_communication/lib/python3.12/site-packages/mypalletizer_communication/__pycache__/mypalletizer_services.cpython-312.pyc
/home/amin/cobot/cobot_ws/install/mypalletizer_communication/lib/python3.12/site-packages/mypalletizer_communication/__pycache__/mypalletizer_topics_seeed.cpython-312.pyc
/home/amin/cobot/cobot_ws/install/mypalletizer_communication/share/ament_index/resource_index/packages/mypalletizer_communication
/home/amin/cobot/cobot_ws/install/mypalletizer_communication/share/mypalletizer_communication/package.xml
/home/amin/cobot/cobot_ws/install/mypalletizer_communication/share/mypalletizer_communication/launch/communication_topic_pi.launch.py
/home/amin/cobot/cobot_ws/install/mypalletizer_communication/share/mypalletizer_communication/launch/communication_topic.launch.py
/home/amin/cobot/cobot_ws/install/mypalletizer_communication/share/mypalletizer_communication/launch/communication_service.launch.py
/home/amin/cobot/cobot_ws/install/mypalletizer_communication/share/mypalletizer_communication/launch/communication_seeed.launch.py
/home/amin/cobot/cobot_ws/install/mypalletizer_communication/lib/python3.12/site-packages/mypalletizer_communication-0.0.0-py3.12.egg-info/SOURCES.txt
/home/amin/cobot/cobot_ws/install/mypalletizer_communication/lib/python3.12/site-packages/mypalletizer_communication-0.0.0-py3.12.egg-info/entry_points.txt
/home/amin/cobot/cobot_ws/install/mypalletizer_communication/lib/python3.12/site-packages/mypalletizer_communication-0.0.0-py3.12.egg-info/requires.txt
/home/amin/cobot/cobot_ws/install/mypalletizer_communication/lib/python3.12/site-packages/mypalletizer_communication-0.0.0-py3.12.egg-info/PKG-INFO
/home/amin/cobot/cobot_ws/install/mypalletizer_communication/lib/python3.12/site-packages/mypalletizer_communication-0.0.0-py3.12.egg-info/zip-safe
/home/amin/cobot/cobot_ws/install/mypalletizer_communication/lib/python3.12/site-packages/mypalletizer_communication-0.0.0-py3.12.egg-info/top_level.txt
/home/amin/cobot/cobot_ws/install/mypalletizer_communication/lib/python3.12/site-packages/mypalletizer_communication-0.0.0-py3.12.egg-info/dependency_links.txt
/home/amin/cobot/cobot_ws/install/mypalletizer_communication/lib/mypalletizer_communication/mypalletizer_services
/home/amin/cobot/cobot_ws/install/mypalletizer_communication/lib/mypalletizer_communication/mypalletizer_topics
/home/amin/cobot/cobot_ws/install/mypalletizer_communication/lib/mypalletizer_communication/mypalletizer_topics_seeed
