-- Install configuration: ""
-- Up-to-date: /home/amin/cobot/cobot_ws/install/mycobot_280_gazebo/share/mycobot_280_gazebo/launch
-- Up-to-date: /home/amin/cobot/cobot_ws/install/mycobot_280_gazebo/share/mycobot_280_gazebo/launch/mycobot_280_world.launch.py
-- Up-to-date: /home/amin/cobot/cobot_ws/install/mycobot_280_gazebo/share/mycobot_280_gazebo/launch/home_all.launch.py
-- Up-to-date: /home/amin/cobot/cobot_ws/install/mycobot_280_gazebo/share/mycobot_280_gazebo/launch/mycobot_280_gazebo.launch.py
-- Up-to-date: /home/amin/cobot/cobot_ws/install/mycobot_280_gazebo/share/mycobot_280_gazebo/launch/move_single_joint_with_plot.launch.py
-- Up-to-date: /home/amin/cobot/cobot_ws/install/mycobot_280_gazebo/share/mycobot_280_gazebo/launch/multi_joint_trajectory.launch.py
-- Up-to-date: /home/amin/cobot/cobot_ws/install/mycobot_280_gazebo/share/mycobot_280_gazebo/launch/compute_rms.launch.py
-- Up-to-date: /home/amin/cobot/cobot_ws/install/mycobot_280_gazebo/share/mycobot_280_gazebo/launch/__pycache__
-- Up-to-date: /home/amin/cobot/cobot_ws/install/mycobot_280_gazebo/share/mycobot_280_gazebo/launch/__pycache__/compute_rms.launch.cpython-310.pyc
-- Up-to-date: /home/amin/cobot/cobot_ws/install/mycobot_280_gazebo/share/mycobot_280_gazebo/launch/__pycache__/move_single_joint.launch.cpython-310.pyc
-- Up-to-date: /home/amin/cobot/cobot_ws/install/mycobot_280_gazebo/share/mycobot_280_gazebo/launch/__pycache__/home_all.launch.cpython-310.pyc
-- Up-to-date: /home/amin/cobot/cobot_ws/install/mycobot_280_gazebo/share/mycobot_280_gazebo/launch/__pycache__/mycobot_280_world.launch.cpython-310.pyc
-- Up-to-date: /home/amin/cobot/cobot_ws/install/mycobot_280_gazebo/share/mycobot_280_gazebo/launch/__pycache__/mycobot_280_gazebo.launch.cpython-310.pyc
-- Up-to-date: /home/amin/cobot/cobot_ws/install/mycobot_280_gazebo/share/mycobot_280_gazebo/urdf
-- Up-to-date: /home/amin/cobot/cobot_ws/install/mycobot_280_gazebo/share/mycobot_280_gazebo/urdf/mycobot_280_gazebo.urdf
-- Up-to-date: /home/amin/cobot/cobot_ws/install/mycobot_280_gazebo/share/mycobot_280_gazebo/urdf/viz_only.urdf
-- Up-to-date: /home/amin/cobot/cobot_ws/install/mycobot_280_gazebo/share/mycobot_280_gazebo/config
-- Up-to-date: /home/amin/cobot/cobot_ws/install/mycobot_280_gazebo/share/mycobot_280_gazebo/config/mycobot_280_controllers.yaml
-- Up-to-date: /home/amin/cobot/cobot_ws/install/mycobot_280_gazebo/lib/mycobot_280_gazebo/log_joint_data.py
-- Up-to-date: /home/amin/cobot/cobot_ws/install/mycobot_280_gazebo/lib/mycobot_280_gazebo/move_single_joint.py
-- Up-to-date: /home/amin/cobot/cobot_ws/install/mycobot_280_gazebo/lib/mycobot_280_gazebo/plot_joint_feedback.py
-- Up-to-date: /home/amin/cobot/cobot_ws/install/mycobot_280_gazebo/lib/mycobot_280_gazebo/multi_joint_trajectory.py
-- Up-to-date: /home/amin/cobot/cobot_ws/install/mycobot_280_gazebo/lib/mycobot_280_gazebo/log_rms_tracking.py
-- Up-to-date: /home/amin/cobot/cobot_ws/install/mycobot_280_gazebo/share/ament_index/resource_index/package_run_dependencies/mycobot_280_gazebo
-- Up-to-date: /home/amin/cobot/cobot_ws/install/mycobot_280_gazebo/share/ament_index/resource_index/parent_prefix_path/mycobot_280_gazebo
-- Up-to-date: /home/amin/cobot/cobot_ws/install/mycobot_280_gazebo/share/mycobot_280_gazebo/environment/ament_prefix_path.sh
-- Up-to-date: /home/amin/cobot/cobot_ws/install/mycobot_280_gazebo/share/mycobot_280_gazebo/environment/ament_prefix_path.dsv
-- Up-to-date: /home/amin/cobot/cobot_ws/install/mycobot_280_gazebo/share/mycobot_280_gazebo/environment/path.sh
-- Up-to-date: /home/amin/cobot/cobot_ws/install/mycobot_280_gazebo/share/mycobot_280_gazebo/environment/path.dsv
-- Up-to-date: /home/amin/cobot/cobot_ws/install/mycobot_280_gazebo/share/mycobot_280_gazebo/local_setup.bash
-- Up-to-date: /home/amin/cobot/cobot_ws/install/mycobot_280_gazebo/share/mycobot_280_gazebo/local_setup.sh
-- Up-to-date: /home/amin/cobot/cobot_ws/install/mycobot_280_gazebo/share/mycobot_280_gazebo/local_setup.zsh
-- Up-to-date: /home/amin/cobot/cobot_ws/install/mycobot_280_gazebo/share/mycobot_280_gazebo/local_setup.dsv
-- Up-to-date: /home/amin/cobot/cobot_ws/install/mycobot_280_gazebo/share/mycobot_280_gazebo/package.dsv
-- Up-to-date: /home/amin/cobot/cobot_ws/install/mycobot_280_gazebo/share/ament_index/resource_index/packages/mycobot_280_gazebo
-- Up-to-date: /home/amin/cobot/cobot_ws/install/mycobot_280_gazebo/share/mycobot_280_gazebo/cmake/mycobot_280_gazeboConfig.cmake
-- Up-to-date: /home/amin/cobot/cobot_ws/install/mycobot_280_gazebo/share/mycobot_280_gazebo/cmake/mycobot_280_gazeboConfig-version.cmake
-- Up-to-date: /home/amin/cobot/cobot_ws/install/mycobot_280_gazebo/share/mycobot_280_gazebo/package.xml
