[1.530s] Invoking command in '/home/amin/cobot/cobot_ws/src/mycobot_ros2/mycobot_description': DEBUGINFOD_URLS=https://debuginfod.ubuntu.com PYTHONPATH=/home/amin/cobot/cobot_ws/build/mycobot_description/prefix_override:/usr/lib/python3/dist-packages/colcon_core/task/python/colcon_distutils_commands:/home/amin/cobot/cobot_ws/install/mycobot_description/lib/python3.12/site-packages:${PYTHONPATH} /usr/bin/python3 -W ignore:setup.py install is deprecated -W ignore:easy_install command is deprecated setup.py egg_info --egg-base ../../../build/mycobot_description build --build-base /home/amin/cobot/cobot_ws/build/mycobot_description/build install --record /home/amin/cobot/cobot_ws/build/mycobot_description/install.log --single-version-externally-managed install_data
[1.757s] running egg_info
[1.773s] writing ../../../build/mycobot_description/mycobot_description.egg-info/PKG-INFO
[1.773s] writing dependency_links to ../../../build/mycobot_description/mycobot_description.egg-info/dependency_links.txt
[1.773s] writing requirements to ../../../build/mycobot_description/mycobot_description.egg-info/requires.txt
[1.773s] writing top-level names to ../../../build/mycobot_description/mycobot_description.egg-info/top_level.txt
[1.808s] reading manifest file '../../../build/mycobot_description/mycobot_description.egg-info/SOURCES.txt'
[1.809s] adding license file 'LICENSE'
[1.811s] writing manifest file '../../../build/mycobot_description/mycobot_description.egg-info/SOURCES.txt'
[1.811s] running build
[1.811s] running build_py
[1.812s] running install
[1.816s] running install_lib
[1.834s] running install_data
[1.837s] running install_egg_info
[1.858s] removing '/home/amin/cobot/cobot_ws/install/mycobot_description/lib/python3.12/site-packages/mycobot_description-0.0.0-py3.12.egg-info' (and everything under it)
[1.858s] Copying ../../../build/mycobot_description/mycobot_description.egg-info to /home/amin/cobot/cobot_ws/install/mycobot_description/lib/python3.12/site-packages/mycobot_description-0.0.0-py3.12.egg-info
[1.858s] running install_scripts
[1.966s] writing list of installed files to '/home/amin/cobot/cobot_ws/build/mycobot_description/install.log'
[2.003s] Invoked command in '/home/amin/cobot/cobot_ws/src/mycobot_ros2/mycobot_description' returned '0': DEBUGINFOD_URLS=https://debuginfod.ubuntu.com PYTHONPATH=/home/amin/cobot/cobot_ws/build/mycobot_description/prefix_override:/usr/lib/python3/dist-packages/colcon_core/task/python/colcon_distutils_commands:/home/amin/cobot/cobot_ws/install/mycobot_description/lib/python3.12/site-packages:${PYTHONPATH} /usr/bin/python3 -W ignore:setup.py install is deprecated -W ignore:easy_install command is deprecated setup.py egg_info --egg-base ../../../build/mycobot_description build --build-base /home/amin/cobot/cobot_ws/build/mycobot_description/build install --record /home/amin/cobot/cobot_ws/build/mycobot_description/install.log --single-version-externally-managed install_data
