[1.002s] Invoking command in '/home/amin/cobot/cobot_ws/src/mycobot_ros2/mycobot_description': DEBUGINFOD_URLS=https://debuginfod.ubuntu.com PYTHONPATH=/home/amin/cobot/cobot_ws/build/mycobot_description/prefix_override:/usr/lib/python3/dist-packages/colcon_core/task/python/colcon_distutils_commands:/home/amin/cobot/cobot_ws/install/mycobot_description/lib/python3.12/site-packages:${PYTHONPATH} /usr/bin/python3 -W ignore:setup.py install is deprecated -W ignore:easy_install command is deprecated setup.py egg_info --egg-base ../../../build/mycobot_description build --build-base /home/amin/cobot/cobot_ws/build/mycobot_description/build install --record /home/amin/cobot/cobot_ws/build/mycobot_description/install.log --single-version-externally-managed install_data
[1.399s] running egg_info
[1.400s] creating ../../../build/mycobot_description/mycobot_description.egg-info
[1.421s] writing ../../../build/mycobot_description/mycobot_description.egg-info/PKG-INFO
[1.421s] writing dependency_links to ../../../build/mycobot_description/mycobot_description.egg-info/dependency_links.txt
[1.422s] writing requirements to ../../../build/mycobot_description/mycobot_description.egg-info/requires.txt
[1.422s] writing top-level names to ../../../build/mycobot_description/mycobot_description.egg-info/top_level.txt
[1.422s] writing manifest file '../../../build/mycobot_description/mycobot_description.egg-info/SOURCES.txt'
[1.466s] reading manifest file '../../../build/mycobot_description/mycobot_description.egg-info/SOURCES.txt'
[1.466s] adding license file 'LICENSE'
[1.469s] writing manifest file '../../../build/mycobot_description/mycobot_description.egg-info/SOURCES.txt'
[1.469s] running build
[1.469s] running build_py
[1.469s] creating /home/amin/cobot/cobot_ws/build/mycobot_description/build
[1.469s] creating /home/amin/cobot/cobot_ws/build/mycobot_description/build/lib
[1.469s] creating /home/amin/cobot/cobot_ws/build/mycobot_description/build/lib/mycobot_description
[1.469s] copying mycobot_description/__init__.py -> /home/amin/cobot/cobot_ws/build/mycobot_description/build/lib/mycobot_description
[1.470s] running install
[1.476s] running install_lib
[1.497s] creating /home/amin/cobot/cobot_ws/install/mycobot_description/lib/python3.12/site-packages/mycobot_description
[1.497s] copying /home/amin/cobot/cobot_ws/build/mycobot_description/build/lib/mycobot_description/__init__.py -> /home/amin/cobot/cobot_ws/install/mycobot_description/lib/python3.12/site-packages/mycobot_description
[1.498s] byte-compiling /home/amin/cobot/cobot_ws/install/mycobot_description/lib/python3.12/site-packages/mycobot_description/__init__.py to __init__.cpython-312.pyc
[1.498s] running install_data
[1.498s] creating /home/amin/cobot/cobot_ws/install/mycobot_description/share/ament_index
[1.498s] creating /home/amin/cobot/cobot_ws/install/mycobot_description/share/ament_index/resource_index
[1.498s] creating /home/amin/cobot/cobot_ws/install/mycobot_description/share/ament_index/resource_index/packages
[1.498s] copying resource/mycobot_description -> /home/amin/cobot/cobot_ws/install/mycobot_description/share/ament_index/resource_index/packages
[1.499s] copying package.xml -> /home/amin/cobot/cobot_ws/install/mycobot_description/share/mycobot_description
[1.499s] creating /home/amin/cobot/cobot_ws/install/mycobot_description/share/mycobot_description/urdf
[1.499s] creating /home/amin/cobot/cobot_ws/install/mycobot_description/share/mycobot_description/urdf/mypalletizer_260_pi
[1.499s] copying urdf/mypalletizer_260_pi/base.dae -> /home/amin/cobot/cobot_ws/install/mycobot_description/share/mycobot_description/urdf/mypalletizer_260_pi
[1.502s] copying urdf/mypalletizer_260_pi/link2.dae -> /home/amin/cobot/cobot_ws/install/mycobot_description/share/mycobot_description/urdf/mypalletizer_260_pi
[1.504s] copying urdf/mypalletizer_260_pi/link4.dae -> /home/amin/cobot/cobot_ws/install/mycobot_description/share/mycobot_description/urdf/mypalletizer_260_pi
[1.506s] copying urdf/mypalletizer_260_pi/link1.dae -> /home/amin/cobot/cobot_ws/install/mycobot_description/share/mycobot_description/urdf/mypalletizer_260_pi
[1.508s] copying urdf/mypalletizer_260_pi/suit_env.dae -> /home/amin/cobot/cobot_ws/install/mycobot_description/share/mycobot_description/urdf/mypalletizer_260_pi
[1.516s] copying urdf/mypalletizer_260_pi/mypalletizer_260_pi_aikit.urdf -> /home/amin/cobot/cobot_ws/install/mycobot_description/share/mycobot_description/urdf/mypalletizer_260_pi
[1.516s] copying urdf/mypalletizer_260_pi/mypalletizer_260_pi_adaptive_gripper.urdf -> /home/amin/cobot/cobot_ws/install/mycobot_description/share/mycobot_description/urdf/mypalletizer_260_pi
[1.516s] copying urdf/mypalletizer_260_pi/mypalletizer_260_pi.urdf -> /home/amin/cobot/cobot_ws/install/mycobot_description/share/mycobot_description/urdf/mypalletizer_260_pi
[1.516s] copying urdf/mypalletizer_260_pi/link3.dae -> /home/amin/cobot/cobot_ws/install/mycobot_description/share/mycobot_description/urdf/mypalletizer_260_pi
[1.519s] copying urdf/mypalletizer_260_pi/link5.dae -> /home/amin/cobot/cobot_ws/install/mycobot_description/share/mycobot_description/urdf/mypalletizer_260_pi
[1.520s] creating /home/amin/cobot/cobot_ws/install/mycobot_description/share/mycobot_description/urdf/mypalletizer_260_m5
[1.520s] copying urdf/mypalletizer_260_m5/base.dae -> /home/amin/cobot/cobot_ws/install/mycobot_description/share/mycobot_description/urdf/mypalletizer_260_m5
[1.522s] copying urdf/mypalletizer_260_m5/link2.dae -> /home/amin/cobot/cobot_ws/install/mycobot_description/share/mycobot_description/urdf/mypalletizer_260_m5
[1.524s] copying urdf/mypalletizer_260_m5/link4.dae -> /home/amin/cobot/cobot_ws/install/mycobot_description/share/mycobot_description/urdf/mypalletizer_260_m5
[1.525s] copying urdf/mypalletizer_260_m5/link1.dae -> /home/amin/cobot/cobot_ws/install/mycobot_description/share/mycobot_description/urdf/mypalletizer_260_m5
[1.527s] copying urdf/mypalletizer_260_m5/mypalletizer_260_m5.urdf -> /home/amin/cobot/cobot_ws/install/mycobot_description/share/mycobot_description/urdf/mypalletizer_260_m5
[1.527s] copying urdf/mypalletizer_260_m5/mypalletizer_260_m5_adaptive_gripper.urdf -> /home/amin/cobot/cobot_ws/install/mycobot_description/share/mycobot_description/urdf/mypalletizer_260_m5
[1.527s] copying urdf/mypalletizer_260_m5/link3.dae -> /home/amin/cobot/cobot_ws/install/mycobot_description/share/mycobot_description/urdf/mypalletizer_260_m5
[1.530s] copying urdf/mypalletizer_260_m5/link5.dae -> /home/amin/cobot/cobot_ws/install/mycobot_description/share/mycobot_description/urdf/mypalletizer_260_m5
[1.530s] creating /home/amin/cobot/cobot_ws/install/mycobot_description/share/mycobot_description/urdf/mycobot_280_jn
[1.530s] copying urdf/mycobot_280_jn/joint2.dae -> /home/amin/cobot/cobot_ws/install/mycobot_description/share/mycobot_description/urdf/mycobot_280_jn
[1.532s] copying urdf/mycobot_280_jn/joint2.png -> /home/amin/cobot/cobot_ws/install/mycobot_description/share/mycobot_description/urdf/mycobot_280_jn
[1.532s] copying urdf/mycobot_280_jn/joint4.dae -> /home/amin/cobot/cobot_ws/install/mycobot_description/share/mycobot_description/urdf/mycobot_280_jn
[1.532s] copying urdf/mycobot_280_jn/joint7.dae -> /home/amin/cobot/cobot_ws/install/mycobot_description/share/mycobot_description/urdf/mycobot_280_jn
[1.533s] copying urdf/mycobot_280_jn/joint6.dae -> /home/amin/cobot/cobot_ws/install/mycobot_description/share/mycobot_description/urdf/mycobot_280_jn
[1.534s] copying urdf/mycobot_280_jn/mycobot_280_jn_adaptive_gripper.urdf -> /home/amin/cobot/cobot_ws/install/mycobot_description/share/mycobot_description/urdf/mycobot_280_jn
[1.534s] copying urdf/mycobot_280_jn/joint5.png -> /home/amin/cobot/cobot_ws/install/mycobot_description/share/mycobot_description/urdf/mycobot_280_jn
[1.534s] copying urdf/mycobot_280_jn/joint4.png -> /home/amin/cobot/cobot_ws/install/mycobot_description/share/mycobot_description/urdf/mycobot_280_jn
[1.535s] copying urdf/mycobot_280_jn/joint6.png -> /home/amin/cobot/cobot_ws/install/mycobot_description/share/mycobot_description/urdf/mycobot_280_jn
[1.535s] copying urdf/mycobot_280_jn/joint3.dae -> /home/amin/cobot/cobot_ws/install/mycobot_description/share/mycobot_description/urdf/mycobot_280_jn
[1.537s] copying urdf/mycobot_280_jn/joint7.png -> /home/amin/cobot/cobot_ws/install/mycobot_description/share/mycobot_description/urdf/mycobot_280_jn
[1.537s] copying urdf/mycobot_280_jn/joint5.dae -> /home/amin/cobot/cobot_ws/install/mycobot_description/share/mycobot_description/urdf/mycobot_280_jn
[1.539s] copying urdf/mycobot_280_jn/mycobot_280_jn.urdf -> /home/amin/cobot/cobot_ws/install/mycobot_description/share/mycobot_description/urdf/mycobot_280_jn
[1.539s] copying urdf/mycobot_280_jn/joint3.png -> /home/amin/cobot/cobot_ws/install/mycobot_description/share/mycobot_description/urdf/mycobot_280_jn
[1.539s] copying urdf/mycobot_280_jn/joint1_jet.dae -> /home/amin/cobot/cobot_ws/install/mycobot_description/share/mycobot_description/urdf/mycobot_280_jn
[1.546s] creating /home/amin/cobot/cobot_ws/install/mycobot_description/share/mycobot_description/urdf/mycobot_320_m5_2022
[1.546s] copying urdf/mycobot_320_m5_2022/base.dae -> /home/amin/cobot/cobot_ws/install/mycobot_description/share/mycobot_description/urdf/mycobot_320_m5_2022
[1.555s] copying urdf/mycobot_320_m5_2022/link2.dae -> /home/amin/cobot/cobot_ws/install/mycobot_description/share/mycobot_description/urdf/mycobot_320_m5_2022
[1.557s] copying urdf/mycobot_320_m5_2022/link4.dae -> /home/amin/cobot/cobot_ws/install/mycobot_description/share/mycobot_description/urdf/mycobot_320_m5_2022
[1.559s] copying urdf/mycobot_320_m5_2022/link1.dae -> /home/amin/cobot/cobot_ws/install/mycobot_description/share/mycobot_description/urdf/mycobot_320_m5_2022
[1.561s] copying urdf/mycobot_320_m5_2022/link6.dae -> /home/amin/cobot/cobot_ws/install/mycobot_description/share/mycobot_description/urdf/mycobot_320_m5_2022
[1.562s] copying urdf/mycobot_320_m5_2022/mycobot_320_m5_2022_adaptive_gripper.urdf -> /home/amin/cobot/cobot_ws/install/mycobot_description/share/mycobot_description/urdf/mycobot_320_m5_2022
[1.562s] copying urdf/mycobot_320_m5_2022/mycobot_320_m5_2022.urdf -> /home/amin/cobot/cobot_ws/install/mycobot_description/share/mycobot_description/urdf/mycobot_320_m5_2022
[1.562s] copying urdf/mycobot_320_m5_2022/link3.dae -> /home/amin/cobot/cobot_ws/install/mycobot_description/share/mycobot_description/urdf/mycobot_320_m5_2022
[1.565s] copying urdf/mycobot_320_m5_2022/mycobot_320_m5_2022_force_gripper.urdf -> /home/amin/cobot/cobot_ws/install/mycobot_description/share/mycobot_description/urdf/mycobot_320_m5_2022
[1.565s] copying urdf/mycobot_320_m5_2022/link5.dae -> /home/amin/cobot/cobot_ws/install/mycobot_description/share/mycobot_description/urdf/mycobot_320_m5_2022
[1.566s] creating /home/amin/cobot/cobot_ws/install/mycobot_description/share/mycobot_description/urdf/mycobot_pro_600
[1.567s] copying urdf/mycobot_pro_600/mycobot_pro_600.urdf -> /home/amin/cobot/cobot_ws/install/mycobot_description/share/mycobot_description/urdf/mycobot_pro_600
[1.567s] copying urdf/mycobot_pro_600/base.dae -> /home/amin/cobot/cobot_ws/install/mycobot_description/share/mycobot_description/urdf/mycobot_pro_600
[1.569s] copying urdf/mycobot_pro_600/link2.dae -> /home/amin/cobot/cobot_ws/install/mycobot_description/share/mycobot_description/urdf/mycobot_pro_600
[1.573s] copying urdf/mycobot_pro_600/link4.dae -> /home/amin/cobot/cobot_ws/install/mycobot_description/share/mycobot_description/urdf/mycobot_pro_600
[1.576s] copying urdf/mycobot_pro_600/link1.dae -> /home/amin/cobot/cobot_ws/install/mycobot_description/share/mycobot_description/urdf/mycobot_pro_600
[1.577s] copying urdf/mycobot_pro_600/link6.dae -> /home/amin/cobot/cobot_ws/install/mycobot_description/share/mycobot_description/urdf/mycobot_pro_600
[1.579s] copying urdf/mycobot_pro_600/link3.dae -> /home/amin/cobot/cobot_ws/install/mycobot_description/share/mycobot_description/urdf/mycobot_pro_600
[1.583s] copying urdf/mycobot_pro_600/link5.dae -> /home/amin/cobot/cobot_ws/install/mycobot_description/share/mycobot_description/urdf/mycobot_pro_600
[1.587s] creating /home/amin/cobot/cobot_ws/install/mycobot_description/share/mycobot_description/urdf/mycobot_280_m5
[1.587s] copying urdf/mycobot_280_m5/joint2.dae -> /home/amin/cobot/cobot_ws/install/mycobot_description/share/mycobot_description/urdf/mycobot_280_m5
[1.589s] copying urdf/mycobot_280_m5/camera_flange.dae -> /home/amin/cobot/cobot_ws/install/mycobot_description/share/mycobot_description/urdf/mycobot_280_m5
[1.590s] copying urdf/mycobot_280_m5/withenv.urdf -> /home/amin/cobot/cobot_ws/install/mycobot_description/share/mycobot_description/urdf/mycobot_280_m5
[1.590s] copying urdf/mycobot_280_m5/joint2.png -> /home/amin/cobot/cobot_ws/install/mycobot_description/share/mycobot_description/urdf/mycobot_280_m5
[1.591s] copying urdf/mycobot_280_m5/joint4.dae -> /home/amin/cobot/cobot_ws/install/mycobot_description/share/mycobot_description/urdf/mycobot_280_m5
[1.591s] copying urdf/mycobot_280_m5/joint7.dae -> /home/amin/cobot/cobot_ws/install/mycobot_description/share/mycobot_description/urdf/mycobot_280_m5
[1.592s] copying urdf/mycobot_280_m5/mycobot_280_m5.urdf -> /home/amin/cobot/cobot_ws/install/mycobot_description/share/mycobot_description/urdf/mycobot_280_m5
[1.592s] copying urdf/mycobot_280_m5/joint6.dae -> /home/amin/cobot/cobot_ws/install/mycobot_description/share/mycobot_description/urdf/mycobot_280_m5
[1.593s] copying urdf/mycobot_280_m5/noenv.urdf -> /home/amin/cobot/cobot_ws/install/mycobot_description/share/mycobot_description/urdf/mycobot_280_m5
[1.593s] copying urdf/mycobot_280_m5/joint1.png -> /home/amin/cobot/cobot_ws/install/mycobot_description/share/mycobot_description/urdf/mycobot_280_m5
[1.593s] copying urdf/mycobot_280_m5/joint5.png -> /home/amin/cobot/cobot_ws/install/mycobot_description/share/mycobot_description/urdf/mycobot_280_m5
[1.593s] copying urdf/mycobot_280_m5/mycobot_280_m5_with_camera_flange.urdf -> /home/amin/cobot/cobot_ws/install/mycobot_description/share/mycobot_description/urdf/mycobot_280_m5
[1.594s] copying urdf/mycobot_280_m5/suit_env.dae -> /home/amin/cobot/cobot_ws/install/mycobot_description/share/mycobot_description/urdf/mycobot_280_m5
[1.599s] copying urdf/mycobot_280_m5/mycobot_with_vision.urdf -> /home/amin/cobot/cobot_ws/install/mycobot_description/share/mycobot_description/urdf/mycobot_280_m5
[1.600s] copying urdf/mycobot_280_m5/joint4.png -> /home/amin/cobot/cobot_ws/install/mycobot_description/share/mycobot_description/urdf/mycobot_280_m5
[1.600s] copying urdf/mycobot_280_m5/joint6.png -> /home/amin/cobot/cobot_ws/install/mycobot_description/share/mycobot_description/urdf/mycobot_280_m5
[1.600s] copying urdf/mycobot_280_m5/mycobot_with_vision_copy.urdf -> /home/amin/cobot/cobot_ws/install/mycobot_description/share/mycobot_description/urdf/mycobot_280_m5
[1.600s] copying urdf/mycobot_280_m5/G_base.dae -> /home/amin/cobot/cobot_ws/install/mycobot_description/share/mycobot_description/urdf/mycobot_280_m5
[1.604s] copying urdf/mycobot_280_m5/joint3.dae -> /home/amin/cobot/cobot_ws/install/mycobot_description/share/mycobot_description/urdf/mycobot_280_m5
[1.607s] copying urdf/mycobot_280_m5/mycobot_280_m5_with_camera_flange_pump.urdf -> /home/amin/cobot/cobot_ws/install/mycobot_description/share/mycobot_description/urdf/mycobot_280_m5
[1.607s] copying urdf/mycobot_280_m5/joint7.png -> /home/amin/cobot/cobot_ws/install/mycobot_description/share/mycobot_description/urdf/mycobot_280_m5
[1.607s] copying urdf/mycobot_280_m5/mycobot_280_m5_with_pump.urdf -> /home/amin/cobot/cobot_ws/install/mycobot_description/share/mycobot_description/urdf/mycobot_280_m5
[1.607s] copying urdf/mycobot_280_m5/joint5.dae -> /home/amin/cobot/cobot_ws/install/mycobot_description/share/mycobot_description/urdf/mycobot_280_m5
[1.609s] copying urdf/mycobot_280_m5/pump_head.dae -> /home/amin/cobot/cobot_ws/install/mycobot_description/share/mycobot_description/urdf/mycobot_280_m5
[1.611s] copying urdf/mycobot_280_m5/joint1.dae -> /home/amin/cobot/cobot_ws/install/mycobot_description/share/mycobot_description/urdf/mycobot_280_m5
[1.613s] copying urdf/mycobot_280_m5/mycobot_step.STEP -> /home/amin/cobot/cobot_ws/install/mycobot_description/share/mycobot_description/urdf/mycobot_280_m5
[1.653s] copying urdf/mycobot_280_m5/pump_box.dae -> /home/amin/cobot/cobot_ws/install/mycobot_description/share/mycobot_description/urdf/mycobot_280_m5
[1.654s] copying urdf/mycobot_280_m5/mycobot_280_m5_adaptive_gripper.urdf -> /home/amin/cobot/cobot_ws/install/mycobot_description/share/mycobot_description/urdf/mycobot_280_m5
[1.654s] copying urdf/mycobot_280_m5/joint3.png -> /home/amin/cobot/cobot_ws/install/mycobot_description/share/mycobot_description/urdf/mycobot_280_m5
[1.655s] creating /home/amin/cobot/cobot_ws/install/mycobot_description/share/mycobot_description/urdf/mycobot_280_pi
[1.655s] copying urdf/mycobot_280_pi/joint2.dae -> /home/amin/cobot/cobot_ws/install/mycobot_description/share/mycobot_description/urdf/mycobot_280_pi
[1.657s] copying urdf/mycobot_280_pi/mycobot_280_pi_with_camera_flange.urdf -> /home/amin/cobot/cobot_ws/install/mycobot_description/share/mycobot_description/urdf/mycobot_280_pi
[1.657s] copying urdf/mycobot_280_pi/camera_flange.dae -> /home/amin/cobot/cobot_ws/install/mycobot_description/share/mycobot_description/urdf/mycobot_280_pi
[1.660s] copying urdf/mycobot_280_pi/mycobot_280_pi_with_pump.urdf -> /home/amin/cobot/cobot_ws/install/mycobot_description/share/mycobot_description/urdf/mycobot_280_pi
[1.660s] copying urdf/mycobot_280_pi/joint2.png -> /home/amin/cobot/cobot_ws/install/mycobot_description/share/mycobot_description/urdf/mycobot_280_pi
[1.660s] copying urdf/mycobot_280_pi/joint4.dae -> /home/amin/cobot/cobot_ws/install/mycobot_description/share/mycobot_description/urdf/mycobot_280_pi
[1.661s] copying urdf/mycobot_280_pi/joint7.dae -> /home/amin/cobot/cobot_ws/install/mycobot_description/share/mycobot_description/urdf/mycobot_280_pi
[1.662s] copying urdf/mycobot_280_pi/joint6.dae -> /home/amin/cobot/cobot_ws/install/mycobot_description/share/mycobot_description/urdf/mycobot_280_pi
[1.664s] copying urdf/mycobot_280_pi/joint1.png -> /home/amin/cobot/cobot_ws/install/mycobot_description/share/mycobot_description/urdf/mycobot_280_pi
[1.664s] copying urdf/mycobot_280_pi/joint5.png -> /home/amin/cobot/cobot_ws/install/mycobot_description/share/mycobot_description/urdf/mycobot_280_pi
[1.664s] copying urdf/mycobot_280_pi/joint1_pi.dae -> /home/amin/cobot/cobot_ws/install/mycobot_description/share/mycobot_description/urdf/mycobot_280_pi
[1.674s] copying urdf/mycobot_280_pi/joint4.png -> /home/amin/cobot/cobot_ws/install/mycobot_description/share/mycobot_description/urdf/mycobot_280_pi
[1.675s] copying urdf/mycobot_280_pi/joint6.png -> /home/amin/cobot/cobot_ws/install/mycobot_description/share/mycobot_description/urdf/mycobot_280_pi
[1.675s] copying urdf/mycobot_280_pi/G_base.dae -> /home/amin/cobot/cobot_ws/install/mycobot_description/share/mycobot_description/urdf/mycobot_280_pi
[1.680s] copying urdf/mycobot_280_pi/joint3.dae -> /home/amin/cobot/cobot_ws/install/mycobot_description/share/mycobot_description/urdf/mycobot_280_pi
[1.683s] copying urdf/mycobot_280_pi/joint7.png -> /home/amin/cobot/cobot_ws/install/mycobot_description/share/mycobot_description/urdf/mycobot_280_pi
[1.684s] copying urdf/mycobot_280_pi/mycobot_280_pi_adaptive_gripper.urdf -> /home/amin/cobot/cobot_ws/install/mycobot_description/share/mycobot_description/urdf/mycobot_280_pi
[1.684s] copying urdf/mycobot_280_pi/joint5.dae -> /home/amin/cobot/cobot_ws/install/mycobot_description/share/mycobot_description/urdf/mycobot_280_pi
[1.686s] copying urdf/mycobot_280_pi/mycobot_280_pi.urdf -> /home/amin/cobot/cobot_ws/install/mycobot_description/share/mycobot_description/urdf/mycobot_280_pi
[1.686s] copying urdf/mycobot_280_pi/pump_head.dae -> /home/amin/cobot/cobot_ws/install/mycobot_description/share/mycobot_description/urdf/mycobot_280_pi
[1.689s] copying urdf/mycobot_280_pi/pump_box.dae -> /home/amin/cobot/cobot_ws/install/mycobot_description/share/mycobot_description/urdf/mycobot_280_pi
[1.690s] copying urdf/mycobot_280_pi/mycobot_280_pi_with_camera_flange_pump.urdf -> /home/amin/cobot/cobot_ws/install/mycobot_description/share/mycobot_description/urdf/mycobot_280_pi
[1.690s] copying urdf/mycobot_280_pi/joint3.png -> /home/amin/cobot/cobot_ws/install/mycobot_description/share/mycobot_description/urdf/mycobot_280_pi
[1.690s] creating /home/amin/cobot/cobot_ws/install/mycobot_description/share/mycobot_description/urdf/mecharm_270_m5
[1.691s] copying urdf/mecharm_270_m5/base.dae -> /home/amin/cobot/cobot_ws/install/mycobot_description/share/mycobot_description/urdf/mecharm_270_m5
[1.693s] copying urdf/mecharm_270_m5/mecharm_270_m5.urdf -> /home/amin/cobot/cobot_ws/install/mycobot_description/share/mycobot_description/urdf/mecharm_270_m5
[1.693s] copying urdf/mecharm_270_m5/link2.dae -> /home/amin/cobot/cobot_ws/install/mycobot_description/share/mycobot_description/urdf/mecharm_270_m5
[1.700s] copying urdf/mecharm_270_m5/link4.dae -> /home/amin/cobot/cobot_ws/install/mycobot_description/share/mycobot_description/urdf/mecharm_270_m5
[1.702s] copying urdf/mecharm_270_m5/link1.dae -> /home/amin/cobot/cobot_ws/install/mycobot_description/share/mycobot_description/urdf/mecharm_270_m5
[1.706s] copying urdf/mecharm_270_m5/link6.dae -> /home/amin/cobot/cobot_ws/install/mycobot_description/share/mycobot_description/urdf/mecharm_270_m5
[1.708s] copying urdf/mecharm_270_m5/mecharm_270_m5_adaptive_gripper.urdf -> /home/amin/cobot/cobot_ws/install/mycobot_description/share/mycobot_description/urdf/mecharm_270_m5
[1.708s] copying urdf/mecharm_270_m5/link3.dae -> /home/amin/cobot/cobot_ws/install/mycobot_description/share/mycobot_description/urdf/mecharm_270_m5
[1.711s] copying urdf/mecharm_270_m5/link5.dae -> /home/amin/cobot/cobot_ws/install/mycobot_description/share/mycobot_description/urdf/mecharm_270_m5
[1.713s] creating /home/amin/cobot/cobot_ws/install/mycobot_description/share/mycobot_description/urdf/mecharm_270_pi
[1.713s] copying urdf/mecharm_270_pi/base.dae -> /home/amin/cobot/cobot_ws/install/mycobot_description/share/mycobot_description/urdf/mecharm_270_pi
[1.718s] copying urdf/mecharm_270_pi/link2.dae -> /home/amin/cobot/cobot_ws/install/mycobot_description/share/mycobot_description/urdf/mecharm_270_pi
[1.724s] copying urdf/mecharm_270_pi/link4.dae -> /home/amin/cobot/cobot_ws/install/mycobot_description/share/mycobot_description/urdf/mecharm_270_pi
[1.727s] copying urdf/mecharm_270_pi/link1.dae -> /home/amin/cobot/cobot_ws/install/mycobot_description/share/mycobot_description/urdf/mecharm_270_pi
[1.731s] copying urdf/mecharm_270_pi/mecharm_270_pi_adaptive_gripper.urdf -> /home/amin/cobot/cobot_ws/install/mycobot_description/share/mycobot_description/urdf/mecharm_270_pi
[1.731s] copying urdf/mecharm_270_pi/mecharm_270_pi.urdf -> /home/amin/cobot/cobot_ws/install/mycobot_description/share/mycobot_description/urdf/mecharm_270_pi
[1.731s] copying urdf/mecharm_270_pi/link6.dae -> /home/amin/cobot/cobot_ws/install/mycobot_description/share/mycobot_description/urdf/mecharm_270_pi
[1.733s] copying urdf/mecharm_270_pi/link3.dae -> /home/amin/cobot/cobot_ws/install/mycobot_description/share/mycobot_description/urdf/mecharm_270_pi
[1.736s] copying urdf/mecharm_270_pi/link5.dae -> /home/amin/cobot/cobot_ws/install/mycobot_description/share/mycobot_description/urdf/mecharm_270_pi
[1.737s] creating /home/amin/cobot/cobot_ws/install/mycobot_description/share/mycobot_description/urdf/mycobot_320_pi_2022
[1.737s] copying urdf/mycobot_320_pi_2022/base.dae -> /home/amin/cobot/cobot_ws/install/mycobot_description/share/mycobot_description/urdf/mycobot_320_pi_2022
[1.756s] copying urdf/mycobot_320_pi_2022/mycobot_320_pi_2022_adaptive_gripper.urdf -> /home/amin/cobot/cobot_ws/install/mycobot_description/share/mycobot_description/urdf/mycobot_320_pi_2022
[1.756s] copying urdf/mycobot_320_pi_2022/mycobot_320_pi_2022_force_gripper.urdf -> /home/amin/cobot/cobot_ws/install/mycobot_description/share/mycobot_description/urdf/mycobot_320_pi_2022
[1.756s] copying urdf/mycobot_320_pi_2022/link2.dae -> /home/amin/cobot/cobot_ws/install/mycobot_description/share/mycobot_description/urdf/mycobot_320_pi_2022
[1.758s] copying urdf/mycobot_320_pi_2022/link4.dae -> /home/amin/cobot/cobot_ws/install/mycobot_description/share/mycobot_description/urdf/mycobot_320_pi_2022
[1.760s] copying urdf/mycobot_320_pi_2022/link1.dae -> /home/amin/cobot/cobot_ws/install/mycobot_description/share/mycobot_description/urdf/mycobot_320_pi_2022
[1.761s] copying urdf/mycobot_320_pi_2022/mycobot_320_pi_2022.urdf -> /home/amin/cobot/cobot_ws/install/mycobot_description/share/mycobot_description/urdf/mycobot_320_pi_2022
[1.762s] copying urdf/mycobot_320_pi_2022/link6.dae -> /home/amin/cobot/cobot_ws/install/mycobot_description/share/mycobot_description/urdf/mycobot_320_pi_2022
[1.762s] copying urdf/mycobot_320_pi_2022/link3.dae -> /home/amin/cobot/cobot_ws/install/mycobot_description/share/mycobot_description/urdf/mycobot_320_pi_2022
[1.765s] copying urdf/mycobot_320_pi_2022/link5.dae -> /home/amin/cobot/cobot_ws/install/mycobot_description/share/mycobot_description/urdf/mycobot_320_pi_2022
[1.766s] creating /home/amin/cobot/cobot_ws/install/mycobot_description/share/mycobot_description/urdf/mybuddy
[1.766s] copying urdf/mybuddy/joint4_R.dae -> /home/amin/cobot/cobot_ws/install/mycobot_description/share/mycobot_description/urdf/mybuddy
[1.768s] copying urdf/mybuddy/joint6_L.dae -> /home/amin/cobot/cobot_ws/install/mycobot_description/share/mycobot_description/urdf/mybuddy
[1.769s] copying urdf/mybuddy/joint1_L.dae -> /home/amin/cobot/cobot_ws/install/mycobot_description/share/mycobot_description/urdf/mybuddy
[1.770s] copying urdf/mybuddy/joint1_R.dae -> /home/amin/cobot/cobot_ws/install/mycobot_description/share/mycobot_description/urdf/mybuddy
[1.772s] copying urdf/mybuddy/joint2.png -> /home/amin/cobot/cobot_ws/install/mycobot_description/share/mycobot_description/urdf/mybuddy
[1.772s] copying urdf/mybuddy/joint5_R.dae -> /home/amin/cobot/cobot_ws/install/mycobot_description/share/mycobot_description/urdf/mybuddy
[1.773s] copying urdf/mybuddy/joint5_L.dae -> /home/amin/cobot/cobot_ws/install/mycobot_description/share/mycobot_description/urdf/mybuddy
[1.774s] copying urdf/mybuddy/mybuddy-up.dae -> /home/amin/cobot/cobot_ws/install/mycobot_description/share/mycobot_description/urdf/mybuddy
[1.779s] copying urdf/mybuddy/mybuddy.urdf -> /home/amin/cobot/cobot_ws/install/mycobot_description/share/mycobot_description/urdf/mybuddy
[1.779s] copying urdf/mybuddy/joint5.png -> /home/amin/cobot/cobot_ws/install/mycobot_description/share/mycobot_description/urdf/mybuddy
[1.780s] copying urdf/mybuddy/joint2_R.dae -> /home/amin/cobot/cobot_ws/install/mycobot_description/share/mycobot_description/urdf/mybuddy
[1.782s] copying urdf/mybuddy/joint6_R.dae -> /home/amin/cobot/cobot_ws/install/mycobot_description/share/mycobot_description/urdf/mybuddy
[1.782s] copying urdf/mybuddy/joint4.png -> /home/amin/cobot/cobot_ws/install/mycobot_description/share/mycobot_description/urdf/mybuddy
[1.783s] copying urdf/mybuddy/joint6.png -> /home/amin/cobot/cobot_ws/install/mycobot_description/share/mycobot_description/urdf/mybuddy
[1.783s] copying urdf/mybuddy/mybuddy-down.dae -> /home/amin/cobot/cobot_ws/install/mycobot_description/share/mycobot_description/urdf/mybuddy
[1.784s] copying urdf/mybuddy/joint4_L.dae -> /home/amin/cobot/cobot_ws/install/mycobot_description/share/mycobot_description/urdf/mybuddy
[1.785s] copying urdf/mybuddy/joint3.dae -> /home/amin/cobot/cobot_ws/install/mycobot_description/share/mycobot_description/urdf/mybuddy
[1.787s] copying urdf/mybuddy/joint7.png -> /home/amin/cobot/cobot_ws/install/mycobot_description/share/mycobot_description/urdf/mybuddy
[1.788s] copying urdf/mybuddy/joint3_L.dae -> /home/amin/cobot/cobot_ws/install/mycobot_description/share/mycobot_description/urdf/mybuddy
[1.788s] copying urdf/mybuddy/joint3_R.dae -> /home/amin/cobot/cobot_ws/install/mycobot_description/share/mycobot_description/urdf/mybuddy
[1.789s] copying urdf/mybuddy/joint2_L.dae -> /home/amin/cobot/cobot_ws/install/mycobot_description/share/mycobot_description/urdf/mybuddy
[1.792s] copying urdf/mybuddy/joint3.png -> /home/amin/cobot/cobot_ws/install/mycobot_description/share/mycobot_description/urdf/mybuddy
[1.792s] creating /home/amin/cobot/cobot_ws/install/mycobot_description/share/mycobot_description/urdf/ultraArm_p340
[1.792s] copying urdf/ultraArm_p340/ultraArm-1.dae -> /home/amin/cobot/cobot_ws/install/mycobot_description/share/mycobot_description/urdf/ultraArm_p340
[1.795s] copying urdf/ultraArm_p340/ultraArm_p340_aiki.urdf -> /home/amin/cobot/cobot_ws/install/mycobot_description/share/mycobot_description/urdf/ultraArm_p340
[1.795s] copying urdf/ultraArm_p340/suit_env.dae -> /home/amin/cobot/cobot_ws/install/mycobot_description/share/mycobot_description/urdf/ultraArm_p340
[1.801s] copying urdf/ultraArm_p340/ultraArm_p340.urdf -> /home/amin/cobot/cobot_ws/install/mycobot_description/share/mycobot_description/urdf/ultraArm_p340
[1.801s] copying urdf/ultraArm_p340/ultraArm-base.dae -> /home/amin/cobot/cobot_ws/install/mycobot_description/share/mycobot_description/urdf/ultraArm_p340
[1.802s] copying urdf/ultraArm_p340/ultraArm-3.dae -> /home/amin/cobot/cobot_ws/install/mycobot_description/share/mycobot_description/urdf/ultraArm_p340
[1.803s] copying urdf/ultraArm_p340/ultraArm-2.dae -> /home/amin/cobot/cobot_ws/install/mycobot_description/share/mycobot_description/urdf/ultraArm_p340
[1.805s] creating /home/amin/cobot/cobot_ws/install/mycobot_description/share/mycobot_description/urdf/mycobot_280_x3pi
[1.805s] copying urdf/mycobot_280_x3pi/joint2.dae -> /home/amin/cobot/cobot_ws/install/mycobot_description/share/mycobot_description/urdf/mycobot_280_x3pi
[1.807s] copying urdf/mycobot_280_x3pi/joint2.png -> /home/amin/cobot/cobot_ws/install/mycobot_description/share/mycobot_description/urdf/mycobot_280_x3pi
[1.808s] copying urdf/mycobot_280_x3pi/joint4.dae -> /home/amin/cobot/cobot_ws/install/mycobot_description/share/mycobot_description/urdf/mycobot_280_x3pi
[1.808s] copying urdf/mycobot_280_x3pi/joint7.dae -> /home/amin/cobot/cobot_ws/install/mycobot_description/share/mycobot_description/urdf/mycobot_280_x3pi
[1.810s] copying urdf/mycobot_280_x3pi/joint6.dae -> /home/amin/cobot/cobot_ws/install/mycobot_description/share/mycobot_description/urdf/mycobot_280_x3pi
[1.811s] copying urdf/mycobot_280_x3pi/joint1.png -> /home/amin/cobot/cobot_ws/install/mycobot_description/share/mycobot_description/urdf/mycobot_280_x3pi
[1.811s] copying urdf/mycobot_280_x3pi/joint5.png -> /home/amin/cobot/cobot_ws/install/mycobot_description/share/mycobot_description/urdf/mycobot_280_x3pi
[1.811s] copying urdf/mycobot_280_x3pi/joint1_pi.dae -> /home/amin/cobot/cobot_ws/install/mycobot_description/share/mycobot_description/urdf/mycobot_280_x3pi
[1.823s] copying urdf/mycobot_280_x3pi/joint4.png -> /home/amin/cobot/cobot_ws/install/mycobot_description/share/mycobot_description/urdf/mycobot_280_x3pi
[1.823s] copying urdf/mycobot_280_x3pi/joint6.png -> /home/amin/cobot/cobot_ws/install/mycobot_description/share/mycobot_description/urdf/mycobot_280_x3pi
[1.823s] copying urdf/mycobot_280_x3pi/mycobot_280_x3pi.urdf -> /home/amin/cobot/cobot_ws/install/mycobot_description/share/mycobot_description/urdf/mycobot_280_x3pi
[1.823s] copying urdf/mycobot_280_x3pi/joint3.dae -> /home/amin/cobot/cobot_ws/install/mycobot_description/share/mycobot_description/urdf/mycobot_280_x3pi
[1.826s] copying urdf/mycobot_280_x3pi/joint7.png -> /home/amin/cobot/cobot_ws/install/mycobot_description/share/mycobot_description/urdf/mycobot_280_x3pi
[1.826s] copying urdf/mycobot_280_x3pi/joint5.dae -> /home/amin/cobot/cobot_ws/install/mycobot_description/share/mycobot_description/urdf/mycobot_280_x3pi
[1.829s] copying urdf/mycobot_280_x3pi/joint3.png -> /home/amin/cobot/cobot_ws/install/mycobot_description/share/mycobot_description/urdf/mycobot_280_x3pi
[1.829s] creating /home/amin/cobot/cobot_ws/install/mycobot_description/share/mycobot_description/urdf/myarm_300_pi
[1.829s] copying urdf/myarm_300_pi/myarm_300_pi.urdf -> /home/amin/cobot/cobot_ws/install/mycobot_description/share/mycobot_description/urdf/myarm_300_pi
[1.829s] copying urdf/myarm_300_pi/base.dae -> /home/amin/cobot/cobot_ws/install/mycobot_description/share/mycobot_description/urdf/myarm_300_pi
[1.834s] copying urdf/myarm_300_pi/j7.dae -> /home/amin/cobot/cobot_ws/install/mycobot_description/share/mycobot_description/urdf/myarm_300_pi
[1.835s] copying urdf/myarm_300_pi/j5.dae -> /home/amin/cobot/cobot_ws/install/mycobot_description/share/mycobot_description/urdf/myarm_300_pi
[1.838s] copying urdf/myarm_300_pi/j4.dae -> /home/amin/cobot/cobot_ws/install/mycobot_description/share/mycobot_description/urdf/myarm_300_pi
[1.845s] copying urdf/myarm_300_pi/j1.dae -> /home/amin/cobot/cobot_ws/install/mycobot_description/share/mycobot_description/urdf/myarm_300_pi
[1.849s] copying urdf/myarm_300_pi/j6.dae -> /home/amin/cobot/cobot_ws/install/mycobot_description/share/mycobot_description/urdf/myarm_300_pi
[1.851s] copying urdf/myarm_300_pi/j2.dae -> /home/amin/cobot/cobot_ws/install/mycobot_description/share/mycobot_description/urdf/myarm_300_pi
[1.856s] copying urdf/myarm_300_pi/j3.dae -> /home/amin/cobot/cobot_ws/install/mycobot_description/share/mycobot_description/urdf/myarm_300_pi
[1.860s] creating /home/amin/cobot/cobot_ws/install/mycobot_description/share/mycobot_description/urdf/myarm_c650
[1.860s] copying urdf/myarm_c650/joint2.dae -> /home/amin/cobot/cobot_ws/install/mycobot_description/share/mycobot_description/urdf/myarm_c650
[1.868s] copying urdf/myarm_c650/base.dae -> /home/amin/cobot/cobot_ws/install/mycobot_description/share/mycobot_description/urdf/myarm_c650
[1.873s] copying urdf/myarm_c650/joint4.dae -> /home/amin/cobot/cobot_ws/install/mycobot_description/share/mycobot_description/urdf/myarm_c650
[1.883s] copying urdf/myarm_c650/myarm_c_grip_R.dae -> /home/amin/cobot/cobot_ws/install/mycobot_description/share/mycobot_description/urdf/myarm_c650
[1.883s] copying urdf/myarm_c650/myarm_basic_base.dae -> /home/amin/cobot/cobot_ws/install/mycobot_description/share/mycobot_description/urdf/myarm_c650
[1.911s] copying urdf/myarm_c650/myarm_c650.urdf.xacro -> /home/amin/cobot/cobot_ws/install/mycobot_description/share/mycobot_description/urdf/myarm_c650
[1.911s] copying urdf/myarm_c650/myarm_c_grip_Base.dae -> /home/amin/cobot/cobot_ws/install/mycobot_description/share/mycobot_description/urdf/myarm_c650
[1.920s] copying urdf/myarm_c650/myarm_c_grip_L.dae -> /home/amin/cobot/cobot_ws/install/mycobot_description/share/mycobot_description/urdf/myarm_c650
[1.920s] copying urdf/myarm_c650/myarm_c650.urdf -> /home/amin/cobot/cobot_ws/install/mycobot_description/share/mycobot_description/urdf/myarm_c650
[1.921s] copying urdf/myarm_c650/joint3.dae -> /home/amin/cobot/cobot_ws/install/mycobot_description/share/mycobot_description/urdf/myarm_c650
[1.939s] copying urdf/myarm_c650/joint5.dae -> /home/amin/cobot/cobot_ws/install/mycobot_description/share/mycobot_description/urdf/myarm_c650
[1.957s] copying urdf/myarm_c650/joint1.dae -> /home/amin/cobot/cobot_ws/install/mycobot_description/share/mycobot_description/urdf/myarm_c650
[1.961s] copying urdf/myarm_c650/endeffector.dae -> /home/amin/cobot/cobot_ws/install/mycobot_description/share/mycobot_description/urdf/myarm_c650
[1.979s] creating /home/amin/cobot/cobot_ws/install/mycobot_description/share/mycobot_description/urdf/myarm_m750
[1.979s] copying urdf/myarm_m750/link2.dae -> /home/amin/cobot/cobot_ws/install/mycobot_description/share/mycobot_description/urdf/myarm_m750
[1.992s] copying urdf/myarm_m750/link4.dae -> /home/amin/cobot/cobot_ws/install/mycobot_description/share/mycobot_description/urdf/myarm_m750
[2.010s] copying urdf/myarm_m750/finger_left.dae -> /home/amin/cobot/cobot_ws/install/mycobot_description/share/mycobot_description/urdf/myarm_m750
[2.012s] copying urdf/myarm_m750/link1.dae -> /home/amin/cobot/cobot_ws/install/mycobot_description/share/mycobot_description/urdf/myarm_m750
[2.051s] copying urdf/myarm_m750/finger_holder.dae -> /home/amin/cobot/cobot_ws/install/mycobot_description/share/mycobot_description/urdf/myarm_m750
[2.067s] copying urdf/myarm_m750/myarm_m750.urdf -> /home/amin/cobot/cobot_ws/install/mycobot_description/share/mycobot_description/urdf/myarm_m750
[2.067s] copying urdf/myarm_m750/finger_right.dae -> /home/amin/cobot/cobot_ws/install/mycobot_description/share/mycobot_description/urdf/myarm_m750
[2.068s] copying urdf/myarm_m750/myarm_m750_base.dae -> /home/amin/cobot/cobot_ws/install/mycobot_description/share/mycobot_description/urdf/myarm_m750
[2.073s] copying urdf/myarm_m750/link3.dae -> /home/amin/cobot/cobot_ws/install/mycobot_description/share/mycobot_description/urdf/myarm_m750
[2.085s] copying urdf/myarm_m750/myarm_m750.urdf.xacro -> /home/amin/cobot/cobot_ws/install/mycobot_description/share/mycobot_description/urdf/myarm_m750
[2.085s] copying urdf/myarm_m750/endeffector.dae -> /home/amin/cobot/cobot_ws/install/mycobot_description/share/mycobot_description/urdf/myarm_m750
[2.102s] copying urdf/myarm_m750/link5.dae -> /home/amin/cobot/cobot_ws/install/mycobot_description/share/mycobot_description/urdf/myarm_m750
[2.115s] creating /home/amin/cobot/cobot_ws/install/mycobot_description/share/mycobot_description/urdf/mycobot_pro_630
[2.115s] copying urdf/mycobot_pro_630/base.dae -> /home/amin/cobot/cobot_ws/install/mycobot_description/share/mycobot_description/urdf/mycobot_pro_630
[2.117s] copying urdf/mycobot_pro_630/link2.dae -> /home/amin/cobot/cobot_ws/install/mycobot_description/share/mycobot_description/urdf/mycobot_pro_630
[2.118s] copying urdf/mycobot_pro_630/link4.dae -> /home/amin/cobot/cobot_ws/install/mycobot_description/share/mycobot_description/urdf/mycobot_pro_630
[2.119s] copying urdf/mycobot_pro_630/link1.dae -> /home/amin/cobot/cobot_ws/install/mycobot_description/share/mycobot_description/urdf/mycobot_pro_630
[2.120s] copying urdf/mycobot_pro_630/mycobot_pro_630.urdf -> /home/amin/cobot/cobot_ws/install/mycobot_description/share/mycobot_description/urdf/mycobot_pro_630
[2.120s] copying urdf/mycobot_pro_630/link6.dae -> /home/amin/cobot/cobot_ws/install/mycobot_description/share/mycobot_description/urdf/mycobot_pro_630
[2.121s] copying urdf/mycobot_pro_630/link3.dae -> /home/amin/cobot/cobot_ws/install/mycobot_description/share/mycobot_description/urdf/mycobot_pro_630
[2.123s] copying urdf/mycobot_pro_630/link5.dae -> /home/amin/cobot/cobot_ws/install/mycobot_description/share/mycobot_description/urdf/mycobot_pro_630
[2.124s] creating /home/amin/cobot/cobot_ws/install/mycobot_description/share/mycobot_description/urdf/mycobot_280_riscv
[2.125s] copying urdf/mycobot_280_riscv/joint2.dae -> /home/amin/cobot/cobot_ws/install/mycobot_description/share/mycobot_description/urdf/mycobot_280_riscv
[2.126s] copying urdf/mycobot_280_riscv/camera_flange.dae -> /home/amin/cobot/cobot_ws/install/mycobot_description/share/mycobot_description/urdf/mycobot_280_riscv
[2.128s] copying urdf/mycobot_280_riscv/joint2.png -> /home/amin/cobot/cobot_ws/install/mycobot_description/share/mycobot_description/urdf/mycobot_280_riscv
[2.128s] copying urdf/mycobot_280_riscv/joint4.dae -> /home/amin/cobot/cobot_ws/install/mycobot_description/share/mycobot_description/urdf/mycobot_280_riscv
[2.128s] copying urdf/mycobot_280_riscv/mycobot_280_riscv_with_camera_flange.urdf -> /home/amin/cobot/cobot_ws/install/mycobot_description/share/mycobot_description/urdf/mycobot_280_riscv
[2.128s] copying urdf/mycobot_280_riscv/joint7.dae -> /home/amin/cobot/cobot_ws/install/mycobot_description/share/mycobot_description/urdf/mycobot_280_riscv
[2.129s] copying urdf/mycobot_280_riscv/joint6.dae -> /home/amin/cobot/cobot_ws/install/mycobot_description/share/mycobot_description/urdf/mycobot_280_riscv
[2.130s] copying urdf/mycobot_280_riscv/joint1.png -> /home/amin/cobot/cobot_ws/install/mycobot_description/share/mycobot_description/urdf/mycobot_280_riscv
[2.130s] copying urdf/mycobot_280_riscv/joint5.png -> /home/amin/cobot/cobot_ws/install/mycobot_description/share/mycobot_description/urdf/mycobot_280_riscv
[2.130s] copying urdf/mycobot_280_riscv/mycobot_280_riscv_with_camera_flange_pump.urdf -> /home/amin/cobot/cobot_ws/install/mycobot_description/share/mycobot_description/urdf/mycobot_280_riscv
[2.131s] copying urdf/mycobot_280_riscv/joint1_pi.dae -> /home/amin/cobot/cobot_ws/install/mycobot_description/share/mycobot_description/urdf/mycobot_280_riscv
[2.138s] copying urdf/mycobot_280_riscv/mycobot_280_riscv_with_pump.urdf -> /home/amin/cobot/cobot_ws/install/mycobot_description/share/mycobot_description/urdf/mycobot_280_riscv
[2.138s] copying urdf/mycobot_280_riscv/joint4.png -> /home/amin/cobot/cobot_ws/install/mycobot_description/share/mycobot_description/urdf/mycobot_280_riscv
[2.138s] copying urdf/mycobot_280_riscv/joint6.png -> /home/amin/cobot/cobot_ws/install/mycobot_description/share/mycobot_description/urdf/mycobot_280_riscv
[2.138s] copying urdf/mycobot_280_riscv/G_base.dae -> /home/amin/cobot/cobot_ws/install/mycobot_description/share/mycobot_description/urdf/mycobot_280_riscv
[2.142s] copying urdf/mycobot_280_riscv/joint3.dae -> /home/amin/cobot/cobot_ws/install/mycobot_description/share/mycobot_description/urdf/mycobot_280_riscv
[2.144s] copying urdf/mycobot_280_riscv/mycobot_280_riscv.urdf -> /home/amin/cobot/cobot_ws/install/mycobot_description/share/mycobot_description/urdf/mycobot_280_riscv
[2.144s] copying urdf/mycobot_280_riscv/joint7.png -> /home/amin/cobot/cobot_ws/install/mycobot_description/share/mycobot_description/urdf/mycobot_280_riscv
[2.144s] copying urdf/mycobot_280_riscv/joint5.dae -> /home/amin/cobot/cobot_ws/install/mycobot_description/share/mycobot_description/urdf/mycobot_280_riscv
[2.146s] copying urdf/mycobot_280_riscv/pump_head.dae -> /home/amin/cobot/cobot_ws/install/mycobot_description/share/mycobot_description/urdf/mycobot_280_riscv
[2.148s] copying urdf/mycobot_280_riscv/pump_box.dae -> /home/amin/cobot/cobot_ws/install/mycobot_description/share/mycobot_description/urdf/mycobot_280_riscv
[2.149s] copying urdf/mycobot_280_riscv/joint3.png -> /home/amin/cobot/cobot_ws/install/mycobot_description/share/mycobot_description/urdf/mycobot_280_riscv
[2.149s] creating /home/amin/cobot/cobot_ws/install/mycobot_description/share/mycobot_description/urdf/mycobot_280_rdkx5
[2.149s] copying urdf/mycobot_280_rdkx5/joint2.dae -> /home/amin/cobot/cobot_ws/install/mycobot_description/share/mycobot_description/urdf/mycobot_280_rdkx5
[2.150s] copying urdf/mycobot_280_rdkx5/joint2.png -> /home/amin/cobot/cobot_ws/install/mycobot_description/share/mycobot_description/urdf/mycobot_280_rdkx5
[2.151s] copying urdf/mycobot_280_rdkx5/joint4.dae -> /home/amin/cobot/cobot_ws/install/mycobot_description/share/mycobot_description/urdf/mycobot_280_rdkx5
[2.151s] copying urdf/mycobot_280_rdkx5/joint7.dae -> /home/amin/cobot/cobot_ws/install/mycobot_description/share/mycobot_description/urdf/mycobot_280_rdkx5
[2.152s] copying urdf/mycobot_280_rdkx5/mycobot_280_rdkx5.urdf -> /home/amin/cobot/cobot_ws/install/mycobot_description/share/mycobot_description/urdf/mycobot_280_rdkx5
[2.152s] copying urdf/mycobot_280_rdkx5/joint6.dae -> /home/amin/cobot/cobot_ws/install/mycobot_description/share/mycobot_description/urdf/mycobot_280_rdkx5
[2.153s] copying urdf/mycobot_280_rdkx5/mycobot_280_rdkx5_adaptive_gripper.urdf -> /home/amin/cobot/cobot_ws/install/mycobot_description/share/mycobot_description/urdf/mycobot_280_rdkx5
[2.154s] copying urdf/mycobot_280_rdkx5/joint1.png -> /home/amin/cobot/cobot_ws/install/mycobot_description/share/mycobot_description/urdf/mycobot_280_rdkx5
[2.154s] copying urdf/mycobot_280_rdkx5/joint5.png -> /home/amin/cobot/cobot_ws/install/mycobot_description/share/mycobot_description/urdf/mycobot_280_rdkx5
[2.154s] copying urdf/mycobot_280_rdkx5/joint4.png -> /home/amin/cobot/cobot_ws/install/mycobot_description/share/mycobot_description/urdf/mycobot_280_rdkx5
[2.154s] copying urdf/mycobot_280_rdkx5/joint6.png -> /home/amin/cobot/cobot_ws/install/mycobot_description/share/mycobot_description/urdf/mycobot_280_rdkx5
[2.154s] copying urdf/mycobot_280_rdkx5/joint3.dae -> /home/amin/cobot/cobot_ws/install/mycobot_description/share/mycobot_description/urdf/mycobot_280_rdkx5
[2.156s] copying urdf/mycobot_280_rdkx5/joint7.png -> /home/amin/cobot/cobot_ws/install/mycobot_description/share/mycobot_description/urdf/mycobot_280_rdkx5
[2.156s] copying urdf/mycobot_280_rdkx5/joint5.dae -> /home/amin/cobot/cobot_ws/install/mycobot_description/share/mycobot_description/urdf/mycobot_280_rdkx5
[2.158s] copying urdf/mycobot_280_rdkx5/joint3.png -> /home/amin/cobot/cobot_ws/install/mycobot_description/share/mycobot_description/urdf/mycobot_280_rdkx5
[2.158s] copying urdf/mycobot_280_rdkx5/joint1_rdkx5.dae -> /home/amin/cobot/cobot_ws/install/mycobot_description/share/mycobot_description/urdf/mycobot_280_rdkx5
[2.166s] creating /home/amin/cobot/cobot_ws/install/mycobot_description/share/mycobot_description/urdf/mycobot_320_riscv
[2.166s] copying urdf/mycobot_320_riscv/base.dae -> /home/amin/cobot/cobot_ws/install/mycobot_description/share/mycobot_description/urdf/mycobot_320_riscv
[2.193s] copying urdf/mycobot_320_riscv/mycobot_320_riscv.urdf -> /home/amin/cobot/cobot_ws/install/mycobot_description/share/mycobot_description/urdf/mycobot_320_riscv
[2.193s] copying urdf/mycobot_320_riscv/link2.dae -> /home/amin/cobot/cobot_ws/install/mycobot_description/share/mycobot_description/urdf/mycobot_320_riscv
[2.200s] copying urdf/mycobot_320_riscv/link4.dae -> /home/amin/cobot/cobot_ws/install/mycobot_description/share/mycobot_description/urdf/mycobot_320_riscv
[2.205s] copying urdf/mycobot_320_riscv/link1.dae -> /home/amin/cobot/cobot_ws/install/mycobot_description/share/mycobot_description/urdf/mycobot_320_riscv
[2.211s] copying urdf/mycobot_320_riscv/link6.dae -> /home/amin/cobot/cobot_ws/install/mycobot_description/share/mycobot_description/urdf/mycobot_320_riscv
[2.212s] copying urdf/mycobot_320_riscv/link3.dae -> /home/amin/cobot/cobot_ws/install/mycobot_description/share/mycobot_description/urdf/mycobot_320_riscv
[2.220s] copying urdf/mycobot_320_riscv/link5.dae -> /home/amin/cobot/cobot_ws/install/mycobot_description/share/mycobot_description/urdf/mycobot_320_riscv
[2.224s] creating /home/amin/cobot/cobot_ws/install/mycobot_description/share/mycobot_description/urdf/adaptive_gripper
[2.224s] copying urdf/adaptive_gripper/gripper_base.dae -> /home/amin/cobot/cobot_ws/install/mycobot_description/share/mycobot_description/urdf/adaptive_gripper
[2.226s] copying urdf/adaptive_gripper/mycobot_adaptive_gripper.xacro -> /home/amin/cobot/cobot_ws/install/mycobot_description/share/mycobot_description/urdf/adaptive_gripper
[2.226s] copying urdf/adaptive_gripper/gripper_right1.dae -> /home/amin/cobot/cobot_ws/install/mycobot_description/share/mycobot_description/urdf/adaptive_gripper
[2.226s] copying urdf/adaptive_gripper/mycobot_adaptive_gripper.urdf -> /home/amin/cobot/cobot_ws/install/mycobot_description/share/mycobot_description/urdf/adaptive_gripper
[2.227s] copying urdf/adaptive_gripper/gripper_left3.dae -> /home/amin/cobot/cobot_ws/install/mycobot_description/share/mycobot_description/urdf/adaptive_gripper
[2.227s] copying urdf/adaptive_gripper/gripper_right3.dae -> /home/amin/cobot/cobot_ws/install/mycobot_description/share/mycobot_description/urdf/adaptive_gripper
[2.228s] copying urdf/adaptive_gripper/gripper_right2.dae -> /home/amin/cobot/cobot_ws/install/mycobot_description/share/mycobot_description/urdf/adaptive_gripper
[2.228s] copying urdf/adaptive_gripper/gripper_left1.dae -> /home/amin/cobot/cobot_ws/install/mycobot_description/share/mycobot_description/urdf/adaptive_gripper
[2.228s] copying urdf/adaptive_gripper/gripper_left2.dae -> /home/amin/cobot/cobot_ws/install/mycobot_description/share/mycobot_description/urdf/adaptive_gripper
[2.229s] creating /home/amin/cobot/cobot_ws/install/mycobot_description/share/mycobot_description/urdf/mycobot_280_arduino
[2.229s] copying urdf/mycobot_280_arduino/joint2.dae -> /home/amin/cobot/cobot_ws/install/mycobot_description/share/mycobot_description/urdf/mycobot_280_arduino
[2.230s] copying urdf/mycobot_280_arduino/mycobot_280_arduino.urdf -> /home/amin/cobot/cobot_ws/install/mycobot_description/share/mycobot_description/urdf/mycobot_280_arduino
[2.230s] copying urdf/mycobot_280_arduino/joint2.png -> /home/amin/cobot/cobot_ws/install/mycobot_description/share/mycobot_description/urdf/mycobot_280_arduino
[2.230s] copying urdf/mycobot_280_arduino/joint4.dae -> /home/amin/cobot/cobot_ws/install/mycobot_description/share/mycobot_description/urdf/mycobot_280_arduino
[2.231s] copying urdf/mycobot_280_arduino/joint7.dae -> /home/amin/cobot/cobot_ws/install/mycobot_description/share/mycobot_description/urdf/mycobot_280_arduino
[2.232s] copying urdf/mycobot_280_arduino/joint6.dae -> /home/amin/cobot/cobot_ws/install/mycobot_description/share/mycobot_description/urdf/mycobot_280_arduino
[2.233s] copying urdf/mycobot_280_arduino/joint1.png -> /home/amin/cobot/cobot_ws/install/mycobot_description/share/mycobot_description/urdf/mycobot_280_arduino
[2.233s] copying urdf/mycobot_280_arduino/joint5.png -> /home/amin/cobot/cobot_ws/install/mycobot_description/share/mycobot_description/urdf/mycobot_280_arduino
[2.233s] copying urdf/mycobot_280_arduino/joint4.png -> /home/amin/cobot/cobot_ws/install/mycobot_description/share/mycobot_description/urdf/mycobot_280_arduino
[2.233s] copying urdf/mycobot_280_arduino/joint6.png -> /home/amin/cobot/cobot_ws/install/mycobot_description/share/mycobot_description/urdf/mycobot_280_arduino
[2.233s] copying urdf/mycobot_280_arduino/G_base.dae -> /home/amin/cobot/cobot_ws/install/mycobot_description/share/mycobot_description/urdf/mycobot_280_arduino
[2.237s] copying urdf/mycobot_280_arduino/joint3.dae -> /home/amin/cobot/cobot_ws/install/mycobot_description/share/mycobot_description/urdf/mycobot_280_arduino
[2.239s] copying urdf/mycobot_280_arduino/joint7.png -> /home/amin/cobot/cobot_ws/install/mycobot_description/share/mycobot_description/urdf/mycobot_280_arduino
[2.239s] copying urdf/mycobot_280_arduino/joint5.dae -> /home/amin/cobot/cobot_ws/install/mycobot_description/share/mycobot_description/urdf/mycobot_280_arduino
[2.241s] copying urdf/mycobot_280_arduino/joint1.dae -> /home/amin/cobot/cobot_ws/install/mycobot_description/share/mycobot_description/urdf/mycobot_280_arduino
[2.246s] copying urdf/mycobot_280_arduino/joint3.png -> /home/amin/cobot/cobot_ws/install/mycobot_description/share/mycobot_description/urdf/mycobot_280_arduino
[2.246s] copying urdf/mycobot_280_arduino/mycobot_280_arduino_adaptive_gripper.urdf -> /home/amin/cobot/cobot_ws/install/mycobot_description/share/mycobot_description/urdf/mycobot_280_arduino
[2.246s] creating /home/amin/cobot/cobot_ws/install/mycobot_description/share/mycobot_description/urdf/pro_adaptive_gripper
[2.247s] copying urdf/pro_adaptive_gripper/gripper_base.dae -> /home/amin/cobot/cobot_ws/install/mycobot_description/share/mycobot_description/urdf/pro_adaptive_gripper
[2.272s] copying urdf/pro_adaptive_gripper/pro_gripper_camera_flange.urdf -> /home/amin/cobot/cobot_ws/install/mycobot_description/share/mycobot_description/urdf/pro_adaptive_gripper
[2.272s] copying urdf/pro_adaptive_gripper/gripper_right1.dae -> /home/amin/cobot/cobot_ws/install/mycobot_description/share/mycobot_description/urdf/pro_adaptive_gripper
[2.276s] copying urdf/pro_adaptive_gripper/gripper_left3.dae -> /home/amin/cobot/cobot_ws/install/mycobot_description/share/mycobot_description/urdf/pro_adaptive_gripper
[2.280s] copying urdf/pro_adaptive_gripper/gripper_right3.dae -> /home/amin/cobot/cobot_ws/install/mycobot_description/share/mycobot_description/urdf/pro_adaptive_gripper
[2.284s] copying urdf/pro_adaptive_gripper/pro_camera_flange.dae -> /home/amin/cobot/cobot_ws/install/mycobot_description/share/mycobot_description/urdf/pro_adaptive_gripper
[2.285s] copying urdf/pro_adaptive_gripper/gripper_right2.dae -> /home/amin/cobot/cobot_ws/install/mycobot_description/share/mycobot_description/urdf/pro_adaptive_gripper
[2.287s] copying urdf/pro_adaptive_gripper/mycobot_pro_adaptive_gripper_new.urdf -> /home/amin/cobot/cobot_ws/install/mycobot_description/share/mycobot_description/urdf/pro_adaptive_gripper
[2.287s] copying urdf/pro_adaptive_gripper/gripper_left1.dae -> /home/amin/cobot/cobot_ws/install/mycobot_description/share/mycobot_description/urdf/pro_adaptive_gripper
[2.290s] copying urdf/pro_adaptive_gripper/gripper_left2.dae -> /home/amin/cobot/cobot_ws/install/mycobot_description/share/mycobot_description/urdf/pro_adaptive_gripper
[2.292s] creating /home/amin/cobot/cobot_ws/install/mycobot_description/share/mycobot_description/urdf/pro_force_gripper
[2.292s] copying urdf/pro_force_gripper/pro_gripper_left1.dae -> /home/amin/cobot/cobot_ws/install/mycobot_description/share/mycobot_description/urdf/pro_force_gripper
[2.293s] copying urdf/pro_force_gripper/pro_gripper_left2.dae -> /home/amin/cobot/cobot_ws/install/mycobot_description/share/mycobot_description/urdf/pro_force_gripper
[2.293s] copying urdf/pro_force_gripper/pro_gripper_base.dae -> /home/amin/cobot/cobot_ws/install/mycobot_description/share/mycobot_description/urdf/pro_force_gripper
[2.310s] copying urdf/pro_force_gripper/pro_gripper_right3.dae -> /home/amin/cobot/cobot_ws/install/mycobot_description/share/mycobot_description/urdf/pro_force_gripper
[2.314s] copying urdf/pro_force_gripper/mygripper_f100_connection.dae -> /home/amin/cobot/cobot_ws/install/mycobot_description/share/mycobot_description/urdf/pro_force_gripper
[2.315s] copying urdf/pro_force_gripper/pro_gripper_right2.dae -> /home/amin/cobot/cobot_ws/install/mycobot_description/share/mycobot_description/urdf/pro_force_gripper
[2.315s] copying urdf/pro_force_gripper/pro_gripper_left3.dae -> /home/amin/cobot/cobot_ws/install/mycobot_description/share/mycobot_description/urdf/pro_force_gripper
[2.318s] copying urdf/pro_force_gripper/pro_gripper_right1.dae -> /home/amin/cobot/cobot_ws/install/mycobot_description/share/mycobot_description/urdf/pro_force_gripper
[2.320s] creating /home/amin/cobot/cobot_ws/install/mycobot_description/share/mycobot_description/urdf/mycobot_pro_450
[2.320s] copying urdf/mycobot_pro_450/mycobot_pro_450.urdf.xacro -> /home/amin/cobot/cobot_ws/install/mycobot_description/share/mycobot_description/urdf/mycobot_pro_450
[2.320s] copying urdf/mycobot_pro_450/mycobot_pro_450_force_gripper.urdf -> /home/amin/cobot/cobot_ws/install/mycobot_description/share/mycobot_description/urdf/mycobot_pro_450
[2.320s] copying urdf/mycobot_pro_450/PRO450_J6_end.dae -> /home/amin/cobot/cobot_ws/install/mycobot_description/share/mycobot_description/urdf/mycobot_pro_450
[2.321s] copying urdf/mycobot_pro_450/PRO450_J3.dae -> /home/amin/cobot/cobot_ws/install/mycobot_description/share/mycobot_description/urdf/mycobot_pro_450
[2.321s] copying urdf/mycobot_pro_450/PRO450_J4.dae -> /home/amin/cobot/cobot_ws/install/mycobot_description/share/mycobot_description/urdf/mycobot_pro_450
[2.322s] copying urdf/mycobot_pro_450/PRO450_J1.dae -> /home/amin/cobot/cobot_ws/install/mycobot_description/share/mycobot_description/urdf/mycobot_pro_450
[2.323s] copying urdf/mycobot_pro_450/mycobot_pro_450.urdf -> /home/amin/cobot/cobot_ws/install/mycobot_description/share/mycobot_description/urdf/mycobot_pro_450
[2.323s] copying urdf/mycobot_pro_450/PRO450_J6.dae -> /home/amin/cobot/cobot_ws/install/mycobot_description/share/mycobot_description/urdf/mycobot_pro_450
[2.323s] copying urdf/mycobot_pro_450/PRO450_J2.dae -> /home/amin/cobot/cobot_ws/install/mycobot_description/share/mycobot_description/urdf/mycobot_pro_450
[2.324s] copying urdf/mycobot_pro_450/PRO450_J5.dae -> /home/amin/cobot/cobot_ws/install/mycobot_description/share/mycobot_description/urdf/mycobot_pro_450
[2.324s] running install_egg_info
[2.347s] Copying ../../../build/mycobot_description/mycobot_description.egg-info to /home/amin/cobot/cobot_ws/install/mycobot_description/lib/python3.12/site-packages/mycobot_description-0.0.0-py3.12.egg-info
[2.348s] running install_scripts
[2.507s] writing list of installed files to '/home/amin/cobot/cobot_ws/build/mycobot_description/install.log'
[2.542s] Invoked command in '/home/amin/cobot/cobot_ws/src/mycobot_ros2/mycobot_description' returned '0': DEBUGINFOD_URLS=https://debuginfod.ubuntu.com PYTHONPATH=/home/amin/cobot/cobot_ws/build/mycobot_description/prefix_override:/usr/lib/python3/dist-packages/colcon_core/task/python/colcon_distutils_commands:/home/amin/cobot/cobot_ws/install/mycobot_description/lib/python3.12/site-packages:${PYTHONPATH} /usr/bin/python3 -W ignore:setup.py install is deprecated -W ignore:easy_install command is deprecated setup.py egg_info --egg-base ../../../build/mycobot_description build --build-base /home/amin/cobot/cobot_ws/build/mycobot_description/build install --record /home/amin/cobot/cobot_ws/build/mycobot_description/install.log --single-version-externally-managed install_data
