[1.150s] Invoking command in '/home/amin/cobot/cobot_ws/src/mycobot_ros2/mycobot_280/mycobot_280pi': AMENT_PREFIX_PATH=/home/amin/cobot/cobot_ws/install/mycobot_description:${AMENT_PREFIX_PATH} DEBUGINFOD_URLS=https://debuginfod.ubuntu.com PYTHONPATH=/home/amin/cobot/cobot_ws/build/mycobot_280pi/prefix_override:/usr/lib/python3/dist-packages/colcon_core/task/python/colcon_distutils_commands:/home/amin/cobot/cobot_ws/install/mycobot_280pi/lib/python3.12/site-packages:/home/amin/cobot/cobot_ws/install/mycobot_description/lib/python3.12/site-packages:${PYTHONPATH} /usr/bin/python3 -W ignore:setup.py install is deprecated -W ignore:easy_install command is deprecated setup.py egg_info --egg-base ../../../../build/mycobot_280pi build --build-base /home/amin/cobot/cobot_ws/build/mycobot_280pi/build install --record /home/amin/cobot/cobot_ws/build/mycobot_280pi/install.log --single-version-externally-managed install_data
[1.486s] running egg_info
[1.512s] writing ../../../../build/mycobot_280pi/mycobot_280pi.egg-info/PKG-INFO
[1.513s] writing dependency_links to ../../../../build/mycobot_280pi/mycobot_280pi.egg-info/dependency_links.txt
[1.513s] writing entry points to ../../../../build/mycobot_280pi/mycobot_280pi.egg-info/entry_points.txt
[1.513s] writing requirements to ../../../../build/mycobot_280pi/mycobot_280pi.egg-info/requires.txt
[1.513s] writing top-level names to ../../../../build/mycobot_280pi/mycobot_280pi.egg-info/top_level.txt
[1.562s] reading manifest file '../../../../build/mycobot_280pi/mycobot_280pi.egg-info/SOURCES.txt'
[1.563s] adding license file 'LICENSE'
[1.563s] writing manifest file '../../../../build/mycobot_280pi/mycobot_280pi.egg-info/SOURCES.txt'
[1.564s] running build
[1.564s] running build_py
[1.564s] running install
[1.573s] running install_lib
[1.599s] running install_data
[1.599s] running install_egg_info
[1.626s] removing '/home/amin/cobot/cobot_ws/install/mycobot_280pi/lib/python3.12/site-packages/mycobot_280pi-0.0.0-py3.12.egg-info' (and everything under it)
[1.627s] Copying ../../../../build/mycobot_280pi/mycobot_280pi.egg-info to /home/amin/cobot/cobot_ws/install/mycobot_280pi/lib/python3.12/site-packages/mycobot_280pi-0.0.0-py3.12.egg-info
[1.628s] running install_scripts
[1.787s] Installing camera_display script to /home/amin/cobot/cobot_ws/install/mycobot_280pi/lib/mycobot_280pi
[1.788s] Installing follow_display script to /home/amin/cobot/cobot_ws/install/mycobot_280pi/lib/mycobot_280pi
[1.788s] Installing listen_real script to /home/amin/cobot/cobot_ws/install/mycobot_280pi/lib/mycobot_280pi
[1.788s] Installing listen_real_of_topic script to /home/amin/cobot/cobot_ws/install/mycobot_280pi/lib/mycobot_280pi
[1.788s] Installing listen_real_service script to /home/amin/cobot/cobot_ws/install/mycobot_280pi/lib/mycobot_280pi
[1.788s] Installing opencv_camera script to /home/amin/cobot/cobot_ws/install/mycobot_280pi/lib/mycobot_280pi
[1.789s] Installing simple_gui script to /home/amin/cobot/cobot_ws/install/mycobot_280pi/lib/mycobot_280pi
[1.789s] Installing slider_control script to /home/amin/cobot/cobot_ws/install/mycobot_280pi/lib/mycobot_280pi
[1.789s] Installing slider_control_adaptive_gripper script to /home/amin/cobot/cobot_ws/install/mycobot_280pi/lib/mycobot_280pi
[1.789s] Installing teleop_keyboard script to /home/amin/cobot/cobot_ws/install/mycobot_280pi/lib/mycobot_280pi
[1.789s] writing list of installed files to '/home/amin/cobot/cobot_ws/build/mycobot_280pi/install.log'
[1.897s] Invoked command in '/home/amin/cobot/cobot_ws/src/mycobot_ros2/mycobot_280/mycobot_280pi' returned '0': AMENT_PREFIX_PATH=/home/amin/cobot/cobot_ws/install/mycobot_description:${AMENT_PREFIX_PATH} DEBUGINFOD_URLS=https://debuginfod.ubuntu.com PYTHONPATH=/home/amin/cobot/cobot_ws/build/mycobot_280pi/prefix_override:/usr/lib/python3/dist-packages/colcon_core/task/python/colcon_distutils_commands:/home/amin/cobot/cobot_ws/install/mycobot_280pi/lib/python3.12/site-packages:/home/amin/cobot/cobot_ws/install/mycobot_description/lib/python3.12/site-packages:${PYTHONPATH} /usr/bin/python3 -W ignore:setup.py install is deprecated -W ignore:easy_install command is deprecated setup.py egg_info --egg-base ../../../../build/mycobot_280pi build --build-base /home/amin/cobot/cobot_ws/build/mycobot_280pi/build install --record /home/amin/cobot/cobot_ws/build/mycobot_280pi/install.log --single-version-externally-managed install_data
