[2.611s] Invoking command in '/home/amin/cobot/cobot_ws/src/mycobot_ros2/mycobot_pro/mycobot_pro_450': AMENT_PREFIX_PATH=/home/amin/cobot/cobot_ws/install/mycobot_description:${AMENT_PREFIX_PATH} DEBUGINFOD_URLS=https://debuginfod.ubuntu.com PYTHONPATH=/home/amin/cobot/cobot_ws/build/mycobot_pro_450/prefix_override:/usr/lib/python3/dist-packages/colcon_core/task/python/colcon_distutils_commands:/home/amin/cobot/cobot_ws/install/mycobot_pro_450/lib/python3.12/site-packages:/home/amin/cobot/cobot_ws/install/mycobot_description/lib/python3.12/site-packages:${PYTHONPATH} /usr/bin/python3 -W ignore:setup.py install is deprecated -W ignore:easy_install command is deprecated setup.py egg_info --egg-base ../../../../build/mycobot_pro_450 build --build-base /home/amin/cobot/cobot_ws/build/mycobot_pro_450/build install --record /home/amin/cobot/cobot_ws/build/mycobot_pro_450/install.log --single-version-externally-managed install_data
[3.157s] running egg_info
[3.158s] creating ../../../../build/mycobot_pro_450/mycobot_pro_450.egg-info
[3.196s] writing ../../../../build/mycobot_pro_450/mycobot_pro_450.egg-info/PKG-INFO
[3.196s] writing dependency_links to ../../../../build/mycobot_pro_450/mycobot_pro_450.egg-info/dependency_links.txt
[3.197s] writing entry points to ../../../../build/mycobot_pro_450/mycobot_pro_450.egg-info/entry_points.txt
[3.198s] writing requirements to ../../../../build/mycobot_pro_450/mycobot_pro_450.egg-info/requires.txt
[3.198s] writing top-level names to ../../../../build/mycobot_pro_450/mycobot_pro_450.egg-info/top_level.txt
[3.198s] writing manifest file '../../../../build/mycobot_pro_450/mycobot_pro_450.egg-info/SOURCES.txt'
[3.274s] reading manifest file '../../../../build/mycobot_pro_450/mycobot_pro_450.egg-info/SOURCES.txt'
[3.274s] adding license file 'LICENSE'
[3.275s] writing manifest file '../../../../build/mycobot_pro_450/mycobot_pro_450.egg-info/SOURCES.txt'
[3.277s] running build
[3.277s] running build_py
[3.277s] creating /home/amin/cobot/cobot_ws/build/mycobot_pro_450/build
[3.277s] creating /home/amin/cobot/cobot_ws/build/mycobot_pro_450/build/lib
[3.277s] creating /home/amin/cobot/cobot_ws/build/mycobot_pro_450/build/lib/mycobot_pro_450
[3.278s] copying mycobot_pro_450/listen_real.py -> /home/amin/cobot/cobot_ws/build/mycobot_pro_450/build/lib/mycobot_pro_450
[3.278s] copying mycobot_pro_450/listen_real_of_topic.py -> /home/amin/cobot/cobot_ws/build/mycobot_pro_450/build/lib/mycobot_pro_450
[3.278s] copying mycobot_pro_450/listen_real_service.py -> /home/amin/cobot/cobot_ws/build/mycobot_pro_450/build/lib/mycobot_pro_450
[3.278s] copying mycobot_pro_450/slider_control.py -> /home/amin/cobot/cobot_ws/build/mycobot_pro_450/build/lib/mycobot_pro_450
[3.278s] copying mycobot_pro_450/teleop_keyboard.py -> /home/amin/cobot/cobot_ws/build/mycobot_pro_450/build/lib/mycobot_pro_450
[3.278s] copying mycobot_pro_450/__init__.py -> /home/amin/cobot/cobot_ws/build/mycobot_pro_450/build/lib/mycobot_pro_450
[3.278s] copying mycobot_pro_450/slider_control_force_gripper.py -> /home/amin/cobot/cobot_ws/build/mycobot_pro_450/build/lib/mycobot_pro_450
[3.279s] copying mycobot_pro_450/teleop_keyboard_force_gripper.py -> /home/amin/cobot/cobot_ws/build/mycobot_pro_450/build/lib/mycobot_pro_450
[3.279s] copying mycobot_pro_450/follow_display.py -> /home/amin/cobot/cobot_ws/build/mycobot_pro_450/build/lib/mycobot_pro_450
[3.279s] copying mycobot_pro_450/simple_gui_force_gripper.py -> /home/amin/cobot/cobot_ws/build/mycobot_pro_450/build/lib/mycobot_pro_450
[3.279s] copying mycobot_pro_450/simple_gui.py -> /home/amin/cobot/cobot_ws/build/mycobot_pro_450/build/lib/mycobot_pro_450
[3.282s] running install
[3.292s] running install_lib
[3.362s] creating /home/amin/cobot/cobot_ws/install/mycobot_pro_450/lib/python3.12/site-packages/mycobot_pro_450
[3.362s] copying /home/amin/cobot/cobot_ws/build/mycobot_pro_450/build/lib/mycobot_pro_450/listen_real.py -> /home/amin/cobot/cobot_ws/install/mycobot_pro_450/lib/python3.12/site-packages/mycobot_pro_450
[3.362s] copying /home/amin/cobot/cobot_ws/build/mycobot_pro_450/build/lib/mycobot_pro_450/listen_real_of_topic.py -> /home/amin/cobot/cobot_ws/install/mycobot_pro_450/lib/python3.12/site-packages/mycobot_pro_450
[3.366s] copying /home/amin/cobot/cobot_ws/build/mycobot_pro_450/build/lib/mycobot_pro_450/listen_real_service.py -> /home/amin/cobot/cobot_ws/install/mycobot_pro_450/lib/python3.12/site-packages/mycobot_pro_450
[3.366s] copying /home/amin/cobot/cobot_ws/build/mycobot_pro_450/build/lib/mycobot_pro_450/slider_control.py -> /home/amin/cobot/cobot_ws/install/mycobot_pro_450/lib/python3.12/site-packages/mycobot_pro_450
[3.366s] copying /home/amin/cobot/cobot_ws/build/mycobot_pro_450/build/lib/mycobot_pro_450/teleop_keyboard.py -> /home/amin/cobot/cobot_ws/install/mycobot_pro_450/lib/python3.12/site-packages/mycobot_pro_450
[3.367s] copying /home/amin/cobot/cobot_ws/build/mycobot_pro_450/build/lib/mycobot_pro_450/__init__.py -> /home/amin/cobot/cobot_ws/install/mycobot_pro_450/lib/python3.12/site-packages/mycobot_pro_450
[3.367s] copying /home/amin/cobot/cobot_ws/build/mycobot_pro_450/build/lib/mycobot_pro_450/slider_control_force_gripper.py -> /home/amin/cobot/cobot_ws/install/mycobot_pro_450/lib/python3.12/site-packages/mycobot_pro_450
[3.367s] copying /home/amin/cobot/cobot_ws/build/mycobot_pro_450/build/lib/mycobot_pro_450/teleop_keyboard_force_gripper.py -> /home/amin/cobot/cobot_ws/install/mycobot_pro_450/lib/python3.12/site-packages/mycobot_pro_450
[3.369s] copying /home/amin/cobot/cobot_ws/build/mycobot_pro_450/build/lib/mycobot_pro_450/follow_display.py -> /home/amin/cobot/cobot_ws/install/mycobot_pro_450/lib/python3.12/site-packages/mycobot_pro_450
[3.369s] copying /home/amin/cobot/cobot_ws/build/mycobot_pro_450/build/lib/mycobot_pro_450/simple_gui_force_gripper.py -> /home/amin/cobot/cobot_ws/install/mycobot_pro_450/lib/python3.12/site-packages/mycobot_pro_450
[3.369s] copying /home/amin/cobot/cobot_ws/build/mycobot_pro_450/build/lib/mycobot_pro_450/simple_gui.py -> /home/amin/cobot/cobot_ws/install/mycobot_pro_450/lib/python3.12/site-packages/mycobot_pro_450
[3.369s] byte-compiling /home/amin/cobot/cobot_ws/install/mycobot_pro_450/lib/python3.12/site-packages/mycobot_pro_450/listen_real.py to listen_real.cpython-312.pyc
[3.374s] byte-compiling /home/amin/cobot/cobot_ws/install/mycobot_pro_450/lib/python3.12/site-packages/mycobot_pro_450/listen_real_of_topic.py to listen_real_of_topic.cpython-312.pyc
[3.375s] byte-compiling /home/amin/cobot/cobot_ws/install/mycobot_pro_450/lib/python3.12/site-packages/mycobot_pro_450/listen_real_service.py to listen_real_service.cpython-312.pyc
[3.382s] byte-compiling /home/amin/cobot/cobot_ws/install/mycobot_pro_450/lib/python3.12/site-packages/mycobot_pro_450/slider_control.py to slider_control.cpython-312.pyc
[3.387s] byte-compiling /home/amin/cobot/cobot_ws/install/mycobot_pro_450/lib/python3.12/site-packages/mycobot_pro_450/teleop_keyboard.py to teleop_keyboard.cpython-312.pyc
[3.392s] byte-compiling /home/amin/cobot/cobot_ws/install/mycobot_pro_450/lib/python3.12/site-packages/mycobot_pro_450/__init__.py to __init__.cpython-312.pyc
[3.397s] byte-compiling /home/amin/cobot/cobot_ws/install/mycobot_pro_450/lib/python3.12/site-packages/mycobot_pro_450/slider_control_force_gripper.py to slider_control_force_gripper.cpython-312.pyc
[3.398s] byte-compiling /home/amin/cobot/cobot_ws/install/mycobot_pro_450/lib/python3.12/site-packages/mycobot_pro_450/teleop_keyboard_force_gripper.py to teleop_keyboard_force_gripper.cpython-312.pyc
[3.406s] byte-compiling /home/amin/cobot/cobot_ws/install/mycobot_pro_450/lib/python3.12/site-packages/mycobot_pro_450/follow_display.py to follow_display.cpython-312.pyc
[3.409s] byte-compiling /home/amin/cobot/cobot_ws/install/mycobot_pro_450/lib/python3.12/site-packages/mycobot_pro_450/simple_gui_force_gripper.py to simple_gui_force_gripper.cpython-312.pyc
[3.419s] byte-compiling /home/amin/cobot/cobot_ws/install/mycobot_pro_450/lib/python3.12/site-packages/mycobot_pro_450/simple_gui.py to simple_gui.cpython-312.pyc
[3.426s] running install_data
[3.426s] creating /home/amin/cobot/cobot_ws/install/mycobot_pro_450/share/ament_index
[3.426s] creating /home/amin/cobot/cobot_ws/install/mycobot_pro_450/share/ament_index/resource_index
[3.426s] creating /home/amin/cobot/cobot_ws/install/mycobot_pro_450/share/ament_index/resource_index/packages
[3.427s] copying resource/mycobot_pro_450 -> /home/amin/cobot/cobot_ws/install/mycobot_pro_450/share/ament_index/resource_index/packages
[3.427s] copying package.xml -> /home/amin/cobot/cobot_ws/install/mycobot_pro_450/share/mycobot_pro_450
[3.429s] creating /home/amin/cobot/cobot_ws/install/mycobot_pro_450/share/mycobot_pro_450/launch
[3.429s] copying launch/mycobot_follow.launch.py -> /home/amin/cobot/cobot_ws/install/mycobot_pro_450/share/mycobot_pro_450/launch
[3.429s] copying launch/teleop_keyboard.launch.py -> /home/amin/cobot/cobot_ws/install/mycobot_pro_450/share/mycobot_pro_450/launch
[3.430s] copying launch/simple_gui.launch.py -> /home/amin/cobot/cobot_ws/install/mycobot_pro_450/share/mycobot_pro_450/launch
[3.430s] copying launch/simple_gui_force_gripper.launch.py -> /home/amin/cobot/cobot_ws/install/mycobot_pro_450/share/mycobot_pro_450/launch
[3.430s] copying launch/slider_control_force_gripper.launch.py -> /home/amin/cobot/cobot_ws/install/mycobot_pro_450/share/mycobot_pro_450/launch
[3.430s] copying launch/teleop_keyboard_force_gripper.launch.py -> /home/amin/cobot/cobot_ws/install/mycobot_pro_450/share/mycobot_pro_450/launch
[3.430s] copying launch/test.launch.py -> /home/amin/cobot/cobot_ws/install/mycobot_pro_450/share/mycobot_pro_450/launch
[3.430s] copying launch/test_force_gripper.launch.py -> /home/amin/cobot/cobot_ws/install/mycobot_pro_450/share/mycobot_pro_450/launch
[3.430s] copying launch/slider_control.launch.py -> /home/amin/cobot/cobot_ws/install/mycobot_pro_450/share/mycobot_pro_450/launch
[3.430s] creating /home/amin/cobot/cobot_ws/install/mycobot_pro_450/share/mycobot_pro_450/config
[3.431s] copying config/mycobot_pro_450.rviz -> /home/amin/cobot/cobot_ws/install/mycobot_pro_450/share/mycobot_pro_450/config
[3.431s] running install_egg_info
[3.466s] Copying ../../../../build/mycobot_pro_450/mycobot_pro_450.egg-info to /home/amin/cobot/cobot_ws/install/mycobot_pro_450/lib/python3.12/site-packages/mycobot_pro_450-0.0.0-py3.12.egg-info
[3.467s] running install_scripts
[3.706s] Installing camera_display script to /home/amin/cobot/cobot_ws/install/mycobot_pro_450/lib/mycobot_pro_450
[3.706s] Installing follow_display script to /home/amin/cobot/cobot_ws/install/mycobot_pro_450/lib/mycobot_pro_450
[3.707s] Installing listen_real script to /home/amin/cobot/cobot_ws/install/mycobot_pro_450/lib/mycobot_pro_450
[3.707s] Installing listen_real_of_topic script to /home/amin/cobot/cobot_ws/install/mycobot_pro_450/lib/mycobot_pro_450
[3.708s] Installing listen_real_service script to /home/amin/cobot/cobot_ws/install/mycobot_pro_450/lib/mycobot_pro_450
[3.708s] Installing simple_gui script to /home/amin/cobot/cobot_ws/install/mycobot_pro_450/lib/mycobot_pro_450
[3.709s] Installing simple_gui_force_gripper script to /home/amin/cobot/cobot_ws/install/mycobot_pro_450/lib/mycobot_pro_450
[3.709s] Installing slider_control script to /home/amin/cobot/cobot_ws/install/mycobot_pro_450/lib/mycobot_pro_450
[3.710s] Installing slider_control_force_gripper script to /home/amin/cobot/cobot_ws/install/mycobot_pro_450/lib/mycobot_pro_450
[3.710s] Installing teleop_keyboard script to /home/amin/cobot/cobot_ws/install/mycobot_pro_450/lib/mycobot_pro_450
[3.711s] Installing teleop_keyboard_force_gripper script to /home/amin/cobot/cobot_ws/install/mycobot_pro_450/lib/mycobot_pro_450
[3.711s] writing list of installed files to '/home/amin/cobot/cobot_ws/build/mycobot_pro_450/install.log'
[4.164s] Invoked command in '/home/amin/cobot/cobot_ws/src/mycobot_ros2/mycobot_pro/mycobot_pro_450' returned '0': AMENT_PREFIX_PATH=/home/amin/cobot/cobot_ws/install/mycobot_description:${AMENT_PREFIX_PATH} DEBUGINFOD_URLS=https://debuginfod.ubuntu.com PYTHONPATH=/home/amin/cobot/cobot_ws/build/mycobot_pro_450/prefix_override:/usr/lib/python3/dist-packages/colcon_core/task/python/colcon_distutils_commands:/home/amin/cobot/cobot_ws/install/mycobot_pro_450/lib/python3.12/site-packages:/home/amin/cobot/cobot_ws/install/mycobot_description/lib/python3.12/site-packages:${PYTHONPATH} /usr/bin/python3 -W ignore:setup.py install is deprecated -W ignore:easy_install command is deprecated setup.py egg_info --egg-base ../../../../build/mycobot_pro_450 build --build-base /home/amin/cobot/cobot_ws/build/mycobot_pro_450/build install --record /home/amin/cobot/cobot_ws/build/mycobot_pro_450/install.log --single-version-externally-managed install_data
