[1.050s] Invoking command in '/home/amin/cobot/cobot_ws/src/mycobot_ros2/mycobot_280/mycobot_280_arduino': AMENT_PREFIX_PATH=/home/amin/cobot/cobot_ws/install/mycobot_description:${AMENT_PREFIX_PATH} DEBUGINFOD_URLS=https://debuginfod.ubuntu.com PYTHONPATH=/home/amin/cobot/cobot_ws/build/mycobot_280_arduino/prefix_override:/usr/lib/python3/dist-packages/colcon_core/task/python/colcon_distutils_commands:/home/amin/cobot/cobot_ws/install/mycobot_280_arduino/lib/python3.12/site-packages:/home/amin/cobot/cobot_ws/install/mycobot_description/lib/python3.12/site-packages:${PYTHONPATH} /usr/bin/python3 -W ignore:setup.py install is deprecated -W ignore:easy_install command is deprecated setup.py egg_info --egg-base ../../../../build/mycobot_280_arduino build --build-base /home/amin/cobot/cobot_ws/build/mycobot_280_arduino/build install --record /home/amin/cobot/cobot_ws/build/mycobot_280_arduino/install.log --single-version-externally-managed install_data
[1.249s] running egg_info
[1.263s] writing ../../../../build/mycobot_280_arduino/mycobot_280_arduino.egg-info/PKG-INFO
[1.264s] writing dependency_links to ../../../../build/mycobot_280_arduino/mycobot_280_arduino.egg-info/dependency_links.txt
[1.264s] writing entry points to ../../../../build/mycobot_280_arduino/mycobot_280_arduino.egg-info/entry_points.txt
[1.264s] writing requirements to ../../../../build/mycobot_280_arduino/mycobot_280_arduino.egg-info/requires.txt
[1.264s] writing top-level names to ../../../../build/mycobot_280_arduino/mycobot_280_arduino.egg-info/top_level.txt
[1.294s] reading manifest file '../../../../build/mycobot_280_arduino/mycobot_280_arduino.egg-info/SOURCES.txt'
[1.294s] adding license file 'LICENSE'
[1.294s] writing manifest file '../../../../build/mycobot_280_arduino/mycobot_280_arduino.egg-info/SOURCES.txt'
[1.294s] running build
[1.295s] running build_py
[1.295s] running install
[1.300s] running install_lib
[1.315s] running install_data
[1.315s] running install_egg_info
[1.331s] removing '/home/amin/cobot/cobot_ws/install/mycobot_280_arduino/lib/python3.12/site-packages/mycobot_280_arduino-0.0.0-py3.12.egg-info' (and everything under it)
[1.331s] Copying ../../../../build/mycobot_280_arduino/mycobot_280_arduino.egg-info to /home/amin/cobot/cobot_ws/install/mycobot_280_arduino/lib/python3.12/site-packages/mycobot_280_arduino-0.0.0-py3.12.egg-info
[1.331s] running install_scripts
[1.445s] Installing camera_display script to /home/amin/cobot/cobot_ws/install/mycobot_280_arduino/lib/mycobot_280_arduino
[1.445s] Installing detect_marker script to /home/amin/cobot/cobot_ws/install/mycobot_280_arduino/lib/mycobot_280_arduino
[1.445s] Installing follow_display script to /home/amin/cobot/cobot_ws/install/mycobot_280_arduino/lib/mycobot_280_arduino
[1.445s] Installing following_marker script to /home/amin/cobot/cobot_ws/install/mycobot_280_arduino/lib/mycobot_280_arduino
[1.445s] Installing listen_real script to /home/amin/cobot/cobot_ws/install/mycobot_280_arduino/lib/mycobot_280_arduino
[1.447s] Installing listen_real_of_topic script to /home/amin/cobot/cobot_ws/install/mycobot_280_arduino/lib/mycobot_280_arduino
[1.447s] Installing listen_real_service script to /home/amin/cobot/cobot_ws/install/mycobot_280_arduino/lib/mycobot_280_arduino
[1.448s] Installing opencv_camera script to /home/amin/cobot/cobot_ws/install/mycobot_280_arduino/lib/mycobot_280_arduino
[1.448s] Installing simple_gui script to /home/amin/cobot/cobot_ws/install/mycobot_280_arduino/lib/mycobot_280_arduino
[1.448s] Installing slider_control script to /home/amin/cobot/cobot_ws/install/mycobot_280_arduino/lib/mycobot_280_arduino
[1.448s] Installing slider_control_adaptive_gripper script to /home/amin/cobot/cobot_ws/install/mycobot_280_arduino/lib/mycobot_280_arduino
[1.448s] Installing teleop_keyboard script to /home/amin/cobot/cobot_ws/install/mycobot_280_arduino/lib/mycobot_280_arduino
[1.448s] writing list of installed files to '/home/amin/cobot/cobot_ws/build/mycobot_280_arduino/install.log'
[1.711s] Invoked command in '/home/amin/cobot/cobot_ws/src/mycobot_ros2/mycobot_280/mycobot_280_arduino' returned '0': AMENT_PREFIX_PATH=/home/amin/cobot/cobot_ws/install/mycobot_description:${AMENT_PREFIX_PATH} DEBUGINFOD_URLS=https://debuginfod.ubuntu.com PYTHONPATH=/home/amin/cobot/cobot_ws/build/mycobot_280_arduino/prefix_override:/usr/lib/python3/dist-packages/colcon_core/task/python/colcon_distutils_commands:/home/amin/cobot/cobot_ws/install/mycobot_280_arduino/lib/python3.12/site-packages:/home/amin/cobot/cobot_ws/install/mycobot_description/lib/python3.12/site-packages:${PYTHONPATH} /usr/bin/python3 -W ignore:setup.py install is deprecated -W ignore:easy_install command is deprecated setup.py egg_info --egg-base ../../../../build/mycobot_280_arduino build --build-base /home/amin/cobot/cobot_ws/build/mycobot_280_arduino/build install --record /home/amin/cobot/cobot_ws/build/mycobot_280_arduino/install.log --single-version-externally-managed install_data
