/home/amin/cobot/cobot_ws/install/mycobot_280/lib/python3.12/site-packages/mycobot_280/opencv_camera.py
/home/amin/cobot/cobot_ws/install/mycobot_280/lib/python3.12/site-packages/mycobot_280/camera_display.py
/home/amin/cobot/cobot_ws/install/mycobot_280/lib/python3.12/site-packages/mycobot_280/listen_real.py
/home/amin/cobot/cobot_ws/install/mycobot_280/lib/python3.12/site-packages/mycobot_280/listen_real_of_topic.py
/home/amin/cobot/cobot_ws/install/mycobot_280/lib/python3.12/site-packages/mycobot_280/listen_real_service.py
/home/amin/cobot/cobot_ws/install/mycobot_280/lib/python3.12/site-packages/mycobot_280/slider_control.py
/home/amin/cobot/cobot_ws/install/mycobot_280/lib/python3.12/site-packages/mycobot_280/teleop_keyboard.py
/home/amin/cobot/cobot_ws/install/mycobot_280/lib/python3.12/site-packages/mycobot_280/__init__.py
/home/amin/cobot/cobot_ws/install/mycobot_280/lib/python3.12/site-packages/mycobot_280/slider_control_adaptive_gripper.py
/home/amin/cobot/cobot_ws/install/mycobot_280/lib/python3.12/site-packages/mycobot_280/follow_display.py
/home/amin/cobot/cobot_ws/install/mycobot_280/lib/python3.12/site-packages/mycobot_280/simple_gui.py
/home/amin/cobot/cobot_ws/install/mycobot_280/lib/python3.12/site-packages/mycobot_280/__pycache__/opencv_camera.cpython-312.pyc
/home/amin/cobot/cobot_ws/install/mycobot_280/lib/python3.12/site-packages/mycobot_280/__pycache__/camera_display.cpython-312.pyc
/home/amin/cobot/cobot_ws/install/mycobot_280/lib/python3.12/site-packages/mycobot_280/__pycache__/listen_real.cpython-312.pyc
/home/amin/cobot/cobot_ws/install/mycobot_280/lib/python3.12/site-packages/mycobot_280/__pycache__/listen_real_of_topic.cpython-312.pyc
/home/amin/cobot/cobot_ws/install/mycobot_280/lib/python3.12/site-packages/mycobot_280/__pycache__/listen_real_service.cpython-312.pyc
/home/amin/cobot/cobot_ws/install/mycobot_280/lib/python3.12/site-packages/mycobot_280/__pycache__/slider_control.cpython-312.pyc
/home/amin/cobot/cobot_ws/install/mycobot_280/lib/python3.12/site-packages/mycobot_280/__pycache__/teleop_keyboard.cpython-312.pyc
/home/amin/cobot/cobot_ws/install/mycobot_280/lib/python3.12/site-packages/mycobot_280/__pycache__/__init__.cpython-312.pyc
/home/amin/cobot/cobot_ws/install/mycobot_280/lib/python3.12/site-packages/mycobot_280/__pycache__/slider_control_adaptive_gripper.cpython-312.pyc
/home/amin/cobot/cobot_ws/install/mycobot_280/lib/python3.12/site-packages/mycobot_280/__pycache__/follow_display.cpython-312.pyc
/home/amin/cobot/cobot_ws/install/mycobot_280/lib/python3.12/site-packages/mycobot_280/__pycache__/simple_gui.cpython-312.pyc
/home/amin/cobot/cobot_ws/install/mycobot_280/share/ament_index/resource_index/packages/mycobot_280
/home/amin/cobot/cobot_ws/install/mycobot_280/share/mycobot_280/package.xml
/home/amin/cobot/cobot_ws/install/mycobot_280/share/mycobot_280/launch/mycobot_follow.launch.py
/home/amin/cobot/cobot_ws/install/mycobot_280/share/mycobot_280/launch/slider_control_camera_flange.launch.py
/home/amin/cobot/cobot_ws/install/mycobot_280/share/mycobot_280/launch/test_camera_flange.launch.py
/home/amin/cobot/cobot_ws/install/mycobot_280/share/mycobot_280/launch/simple_gui_pump.launch.py
/home/amin/cobot/cobot_ws/install/mycobot_280/share/mycobot_280/launch/teleop_keyboard.launch.py
/home/amin/cobot/cobot_ws/install/mycobot_280/share/mycobot_280/launch/simple_gui.launch.py
/home/amin/cobot/cobot_ws/install/mycobot_280/share/mycobot_280/launch/test_pump.launch.py
/home/amin/cobot/cobot_ws/install/mycobot_280/share/mycobot_280/launch/slider_control_adaptive_gripper.launch.py
/home/amin/cobot/cobot_ws/install/mycobot_280/share/mycobot_280/launch/test.launch.py
/home/amin/cobot/cobot_ws/install/mycobot_280/share/mycobot_280/launch/test_camera_flange_pump.launch.py
/home/amin/cobot/cobot_ws/install/mycobot_280/share/mycobot_280/launch/test_gripper.launch.py
/home/amin/cobot/cobot_ws/install/mycobot_280/share/mycobot_280/launch/slider_control_pump.launch.py
/home/amin/cobot/cobot_ws/install/mycobot_280/share/mycobot_280/launch/slider_control.launch.py
/home/amin/cobot/cobot_ws/install/mycobot_280/share/mycobot_280/config/mycobot.rviz
/home/amin/cobot/cobot_ws/install/mycobot_280/share/mycobot_280/config/mycobot_with_marker.rviz
/home/amin/cobot/cobot_ws/install/mycobot_280/lib/python3.12/site-packages/mycobot_280-0.0.0-py3.12.egg-info/SOURCES.txt
/home/amin/cobot/cobot_ws/install/mycobot_280/lib/python3.12/site-packages/mycobot_280-0.0.0-py3.12.egg-info/entry_points.txt
/home/amin/cobot/cobot_ws/install/mycobot_280/lib/python3.12/site-packages/mycobot_280-0.0.0-py3.12.egg-info/requires.txt
/home/amin/cobot/cobot_ws/install/mycobot_280/lib/python3.12/site-packages/mycobot_280-0.0.0-py3.12.egg-info/PKG-INFO
/home/amin/cobot/cobot_ws/install/mycobot_280/lib/python3.12/site-packages/mycobot_280-0.0.0-py3.12.egg-info/zip-safe
/home/amin/cobot/cobot_ws/install/mycobot_280/lib/python3.12/site-packages/mycobot_280-0.0.0-py3.12.egg-info/top_level.txt
/home/amin/cobot/cobot_ws/install/mycobot_280/lib/python3.12/site-packages/mycobot_280-0.0.0-py3.12.egg-info/dependency_links.txt
/home/amin/cobot/cobot_ws/install/mycobot_280/lib/mycobot_280/camera_display
/home/amin/cobot/cobot_ws/install/mycobot_280/lib/mycobot_280/follow_display
/home/amin/cobot/cobot_ws/install/mycobot_280/lib/mycobot_280/listen_real
/home/amin/cobot/cobot_ws/install/mycobot_280/lib/mycobot_280/listen_real_of_topic
/home/amin/cobot/cobot_ws/install/mycobot_280/lib/mycobot_280/listen_real_service
/home/amin/cobot/cobot_ws/install/mycobot_280/lib/mycobot_280/opencv_camera
/home/amin/cobot/cobot_ws/install/mycobot_280/lib/mycobot_280/simple_gui
/home/amin/cobot/cobot_ws/install/mycobot_280/lib/mycobot_280/slider_control
/home/amin/cobot/cobot_ws/install/mycobot_280/lib/mycobot_280/slider_control_adaptive_gripper
/home/amin/cobot/cobot_ws/install/mycobot_280/lib/mycobot_280/teleop_keyboard
