[1.833s] Invoking command in '/home/amin/cobot/cobot_ws/src/mycobot_ros2/mypalletizer_260/mypalletizer_260_pi': AMENT_PREFIX_PATH=/home/amin/cobot/cobot_ws/install/mycobot_description:${AMENT_PREFIX_PATH} DEBUGINFOD_URLS=https://debuginfod.ubuntu.com PYTHONPATH=/home/amin/cobot/cobot_ws/build/mypalletizer_260_pi/prefix_override:/usr/lib/python3/dist-packages/colcon_core/task/python/colcon_distutils_commands:/home/amin/cobot/cobot_ws/install/mypalletizer_260_pi/lib/python3.12/site-packages:/home/amin/cobot/cobot_ws/install/mycobot_description/lib/python3.12/site-packages:${PYTHONPATH} /usr/bin/python3 -W ignore:setup.py install is deprecated -W ignore:easy_install command is deprecated setup.py egg_info --egg-base ../../../../build/mypalletizer_260_pi build --build-base /home/amin/cobot/cobot_ws/build/mypalletizer_260_pi/build install --record /home/amin/cobot/cobot_ws/build/mypalletizer_260_pi/install.log --single-version-externally-managed install_data
[2.414s] running egg_info
[2.415s] creating ../../../../build/mypalletizer_260_pi/mypalletizer_260_pi.egg-info
[2.449s] writing ../../../../build/mypalletizer_260_pi/mypalletizer_260_pi.egg-info/PKG-INFO
[2.450s] writing dependency_links to ../../../../build/mypalletizer_260_pi/mypalletizer_260_pi.egg-info/dependency_links.txt
[2.450s] writing entry points to ../../../../build/mypalletizer_260_pi/mypalletizer_260_pi.egg-info/entry_points.txt
[2.450s] writing requirements to ../../../../build/mypalletizer_260_pi/mypalletizer_260_pi.egg-info/requires.txt
[2.450s] writing top-level names to ../../../../build/mypalletizer_260_pi/mypalletizer_260_pi.egg-info/top_level.txt
[2.451s] writing manifest file '../../../../build/mypalletizer_260_pi/mypalletizer_260_pi.egg-info/SOURCES.txt'
[2.524s] reading manifest file '../../../../build/mypalletizer_260_pi/mypalletizer_260_pi.egg-info/SOURCES.txt'
[2.528s] adding license file 'LICENSE'
[2.528s] writing manifest file '../../../../build/mypalletizer_260_pi/mypalletizer_260_pi.egg-info/SOURCES.txt'
[2.528s] running build
[2.528s] running build_py
[2.528s] creating /home/amin/cobot/cobot_ws/build/mypalletizer_260_pi/build
[2.528s] creating /home/amin/cobot/cobot_ws/build/mypalletizer_260_pi/build/lib
[2.528s] creating /home/amin/cobot/cobot_ws/build/mypalletizer_260_pi/build/lib/mypalletizer_260_pi
[2.528s] copying mypalletizer_260_pi/listen_real.py -> /home/amin/cobot/cobot_ws/build/mypalletizer_260_pi/build/lib/mypalletizer_260_pi
[2.528s] copying mypalletizer_260_pi/listen_real_of_topic.py -> /home/amin/cobot/cobot_ws/build/mypalletizer_260_pi/build/lib/mypalletizer_260_pi
[2.528s] copying mypalletizer_260_pi/listen_real_service.py -> /home/amin/cobot/cobot_ws/build/mypalletizer_260_pi/build/lib/mypalletizer_260_pi
[2.529s] copying mypalletizer_260_pi/slider_control.py -> /home/amin/cobot/cobot_ws/build/mypalletizer_260_pi/build/lib/mypalletizer_260_pi
[2.529s] copying mypalletizer_260_pi/teleop_keyboard.py -> /home/amin/cobot/cobot_ws/build/mypalletizer_260_pi/build/lib/mypalletizer_260_pi
[2.529s] copying mypalletizer_260_pi/__init__.py -> /home/amin/cobot/cobot_ws/build/mypalletizer_260_pi/build/lib/mypalletizer_260_pi
[2.529s] copying mypalletizer_260_pi/slider_control_adaptive_gripper.py -> /home/amin/cobot/cobot_ws/build/mypalletizer_260_pi/build/lib/mypalletizer_260_pi
[2.529s] copying mypalletizer_260_pi/follow_display.py -> /home/amin/cobot/cobot_ws/build/mypalletizer_260_pi/build/lib/mypalletizer_260_pi
[2.529s] copying mypalletizer_260_pi/simple_gui.py -> /home/amin/cobot/cobot_ws/build/mypalletizer_260_pi/build/lib/mypalletizer_260_pi
[2.530s] running install
[2.540s] running install_lib
[2.578s] creating /home/amin/cobot/cobot_ws/install/mypalletizer_260_pi/lib/python3.12/site-packages/mypalletizer_260_pi
[2.578s] copying /home/amin/cobot/cobot_ws/build/mypalletizer_260_pi/build/lib/mypalletizer_260_pi/listen_real.py -> /home/amin/cobot/cobot_ws/install/mypalletizer_260_pi/lib/python3.12/site-packages/mypalletizer_260_pi
[2.579s] copying /home/amin/cobot/cobot_ws/build/mypalletizer_260_pi/build/lib/mypalletizer_260_pi/listen_real_of_topic.py -> /home/amin/cobot/cobot_ws/install/mypalletizer_260_pi/lib/python3.12/site-packages/mypalletizer_260_pi
[2.579s] copying /home/amin/cobot/cobot_ws/build/mypalletizer_260_pi/build/lib/mypalletizer_260_pi/listen_real_service.py -> /home/amin/cobot/cobot_ws/install/mypalletizer_260_pi/lib/python3.12/site-packages/mypalletizer_260_pi
[2.579s] copying /home/amin/cobot/cobot_ws/build/mypalletizer_260_pi/build/lib/mypalletizer_260_pi/slider_control.py -> /home/amin/cobot/cobot_ws/install/mypalletizer_260_pi/lib/python3.12/site-packages/mypalletizer_260_pi
[2.579s] copying /home/amin/cobot/cobot_ws/build/mypalletizer_260_pi/build/lib/mypalletizer_260_pi/teleop_keyboard.py -> /home/amin/cobot/cobot_ws/install/mypalletizer_260_pi/lib/python3.12/site-packages/mypalletizer_260_pi
[2.579s] copying /home/amin/cobot/cobot_ws/build/mypalletizer_260_pi/build/lib/mypalletizer_260_pi/__init__.py -> /home/amin/cobot/cobot_ws/install/mypalletizer_260_pi/lib/python3.12/site-packages/mypalletizer_260_pi
[2.580s] copying /home/amin/cobot/cobot_ws/build/mypalletizer_260_pi/build/lib/mypalletizer_260_pi/slider_control_adaptive_gripper.py -> /home/amin/cobot/cobot_ws/install/mypalletizer_260_pi/lib/python3.12/site-packages/mypalletizer_260_pi
[2.580s] copying /home/amin/cobot/cobot_ws/build/mypalletizer_260_pi/build/lib/mypalletizer_260_pi/follow_display.py -> /home/amin/cobot/cobot_ws/install/mypalletizer_260_pi/lib/python3.12/site-packages/mypalletizer_260_pi
[2.580s] copying /home/amin/cobot/cobot_ws/build/mypalletizer_260_pi/build/lib/mypalletizer_260_pi/simple_gui.py -> /home/amin/cobot/cobot_ws/install/mypalletizer_260_pi/lib/python3.12/site-packages/mypalletizer_260_pi
[2.581s] byte-compiling /home/amin/cobot/cobot_ws/install/mypalletizer_260_pi/lib/python3.12/site-packages/mypalletizer_260_pi/listen_real.py to listen_real.cpython-312.pyc
[2.583s] byte-compiling /home/amin/cobot/cobot_ws/install/mypalletizer_260_pi/lib/python3.12/site-packages/mypalletizer_260_pi/listen_real_of_topic.py to listen_real_of_topic.cpython-312.pyc
[2.584s] byte-compiling /home/amin/cobot/cobot_ws/install/mypalletizer_260_pi/lib/python3.12/site-packages/mypalletizer_260_pi/listen_real_service.py to listen_real_service.cpython-312.pyc
[2.587s] byte-compiling /home/amin/cobot/cobot_ws/install/mypalletizer_260_pi/lib/python3.12/site-packages/mypalletizer_260_pi/slider_control.py to slider_control.cpython-312.pyc
[2.588s] byte-compiling /home/amin/cobot/cobot_ws/install/mypalletizer_260_pi/lib/python3.12/site-packages/mypalletizer_260_pi/teleop_keyboard.py to teleop_keyboard.cpython-312.pyc
[2.592s] byte-compiling /home/amin/cobot/cobot_ws/install/mypalletizer_260_pi/lib/python3.12/site-packages/mypalletizer_260_pi/__init__.py to __init__.cpython-312.pyc
[2.592s] byte-compiling /home/amin/cobot/cobot_ws/install/mypalletizer_260_pi/lib/python3.12/site-packages/mypalletizer_260_pi/slider_control_adaptive_gripper.py to slider_control_adaptive_gripper.cpython-312.pyc
[2.594s] byte-compiling /home/amin/cobot/cobot_ws/install/mypalletizer_260_pi/lib/python3.12/site-packages/mypalletizer_260_pi/follow_display.py to follow_display.cpython-312.pyc
[2.597s] byte-compiling /home/amin/cobot/cobot_ws/install/mypalletizer_260_pi/lib/python3.12/site-packages/mypalletizer_260_pi/simple_gui.py to simple_gui.cpython-312.pyc
[2.605s] running install_data
[2.606s] creating /home/amin/cobot/cobot_ws/install/mypalletizer_260_pi/share/ament_index
[2.606s] creating /home/amin/cobot/cobot_ws/install/mypalletizer_260_pi/share/ament_index/resource_index
[2.606s] creating /home/amin/cobot/cobot_ws/install/mypalletizer_260_pi/share/ament_index/resource_index/packages
[2.606s] copying resource/mypalletizer_260_pi -> /home/amin/cobot/cobot_ws/install/mypalletizer_260_pi/share/ament_index/resource_index/packages
[2.606s] copying package.xml -> /home/amin/cobot/cobot_ws/install/mypalletizer_260_pi/share/mypalletizer_260_pi
[2.607s] creating /home/amin/cobot/cobot_ws/install/mypalletizer_260_pi/share/mypalletizer_260_pi/launch
[2.607s] copying launch/teleop_keyboard.launch.py -> /home/amin/cobot/cobot_ws/install/mypalletizer_260_pi/share/mypalletizer_260_pi/launch
[2.607s] copying launch/simple_gui.launch.py -> /home/amin/cobot/cobot_ws/install/mypalletizer_260_pi/share/mypalletizer_260_pi/launch
[2.607s] copying launch/slider_control_adaptive_gripper.launch.py -> /home/amin/cobot/cobot_ws/install/mypalletizer_260_pi/share/mypalletizer_260_pi/launch
[2.607s] copying launch/test.launch.py -> /home/amin/cobot/cobot_ws/install/mypalletizer_260_pi/share/mypalletizer_260_pi/launch
[2.607s] copying launch/test_gripper.launch.py -> /home/amin/cobot/cobot_ws/install/mypalletizer_260_pi/share/mypalletizer_260_pi/launch
[2.608s] copying launch/slider_control.launch.py -> /home/amin/cobot/cobot_ws/install/mypalletizer_260_pi/share/mypalletizer_260_pi/launch
[2.608s] copying launch/follow.launch.py -> /home/amin/cobot/cobot_ws/install/mypalletizer_260_pi/share/mypalletizer_260_pi/launch
[2.608s] creating /home/amin/cobot/cobot_ws/install/mypalletizer_260_pi/share/mypalletizer_260_pi/config
[2.608s] copying config/mypalletizer_pi.rviz -> /home/amin/cobot/cobot_ws/install/mypalletizer_260_pi/share/mypalletizer_260_pi/config
[2.608s] copying config/mycobot_with_marker.rviz -> /home/amin/cobot/cobot_ws/install/mypalletizer_260_pi/share/mypalletizer_260_pi/config
[2.608s] running install_egg_info
[2.644s] Copying ../../../../build/mypalletizer_260_pi/mypalletizer_260_pi.egg-info to /home/amin/cobot/cobot_ws/install/mypalletizer_260_pi/lib/python3.12/site-packages/mypalletizer_260_pi-0.0.0-py3.12.egg-info
[2.645s] running install_scripts
[2.880s] Installing detect_marker script to /home/amin/cobot/cobot_ws/install/mypalletizer_260_pi/lib/mypalletizer_260_pi
[2.880s] Installing follow_display script to /home/amin/cobot/cobot_ws/install/mypalletizer_260_pi/lib/mypalletizer_260_pi
[2.881s] Installing following_marker script to /home/amin/cobot/cobot_ws/install/mypalletizer_260_pi/lib/mypalletizer_260_pi
[2.881s] Installing listen_real script to /home/amin/cobot/cobot_ws/install/mypalletizer_260_pi/lib/mypalletizer_260_pi
[2.881s] Installing listen_real_of_topic script to /home/amin/cobot/cobot_ws/install/mypalletizer_260_pi/lib/mypalletizer_260_pi
[2.881s] Installing listen_real_service script to /home/amin/cobot/cobot_ws/install/mypalletizer_260_pi/lib/mypalletizer_260_pi
[2.881s] Installing simple_gui script to /home/amin/cobot/cobot_ws/install/mypalletizer_260_pi/lib/mypalletizer_260_pi
[2.881s] Installing slider_control script to /home/amin/cobot/cobot_ws/install/mypalletizer_260_pi/lib/mypalletizer_260_pi
[2.881s] Installing slider_control_adaptive_gripper script to /home/amin/cobot/cobot_ws/install/mypalletizer_260_pi/lib/mypalletizer_260_pi
[2.882s] Installing teleop_keyboard script to /home/amin/cobot/cobot_ws/install/mypalletizer_260_pi/lib/mypalletizer_260_pi
[2.882s] writing list of installed files to '/home/amin/cobot/cobot_ws/build/mypalletizer_260_pi/install.log'
[2.927s] Invoked command in '/home/amin/cobot/cobot_ws/src/mycobot_ros2/mypalletizer_260/mypalletizer_260_pi' returned '0': AMENT_PREFIX_PATH=/home/amin/cobot/cobot_ws/install/mycobot_description:${AMENT_PREFIX_PATH} DEBUGINFOD_URLS=https://debuginfod.ubuntu.com PYTHONPATH=/home/amin/cobot/cobot_ws/build/mypalletizer_260_pi/prefix_override:/usr/lib/python3/dist-packages/colcon_core/task/python/colcon_distutils_commands:/home/amin/cobot/cobot_ws/install/mypalletizer_260_pi/lib/python3.12/site-packages:/home/amin/cobot/cobot_ws/install/mycobot_description/lib/python3.12/site-packages:${PYTHONPATH} /usr/bin/python3 -W ignore:setup.py install is deprecated -W ignore:easy_install command is deprecated setup.py egg_info --egg-base ../../../../build/mypalletizer_260_pi build --build-base /home/amin/cobot/cobot_ws/build/mypalletizer_260_pi/build install --record /home/amin/cobot/cobot_ws/build/mypalletizer_260_pi/install.log --single-version-externally-managed install_data
