running egg_info
writing ../../../../build/mycobot_pro_450/mycobot_pro_450.egg-info/PKG-INFO
writing dependency_links to ../../../../build/mycobot_pro_450/mycobot_pro_450.egg-info/dependency_links.txt
writing entry points to ../../../../build/mycobot_pro_450/mycobot_pro_450.egg-info/entry_points.txt
writing requirements to ../../../../build/mycobot_pro_450/mycobot_pro_450.egg-info/requires.txt
writing top-level names to ../../../../build/mycobot_pro_450/mycobot_pro_450.egg-info/top_level.txt
reading manifest file '../../../../build/mycobot_pro_450/mycobot_pro_450.egg-info/SOURCES.txt'
adding license file 'LICENSE'
writing manifest file '../../../../build/mycobot_pro_450/mycobot_pro_450.egg-info/SOURCES.txt'
running build
running build_py
running install
running install_lib
running install_data
running install_egg_info
removing '/home/amin/cobot/cobot_ws/install/mycobot_pro_450/lib/python3.12/site-packages/mycobot_pro_450-0.0.0-py3.12.egg-info' (and everything under it)
Copying ../../../../build/mycobot_pro_450/mycobot_pro_450.egg-info to /home/amin/cobot/cobot_ws/install/mycobot_pro_450/lib/python3.12/site-packages/mycobot_pro_450-0.0.0-py3.12.egg-info
running install_scripts
Installing camera_display script to /home/amin/cobot/cobot_ws/install/mycobot_pro_450/lib/mycobot_pro_450
Installing follow_display script to /home/amin/cobot/cobot_ws/install/mycobot_pro_450/lib/mycobot_pro_450
Installing listen_real script to /home/amin/cobot/cobot_ws/install/mycobot_pro_450/lib/mycobot_pro_450
Installing listen_real_of_topic script to /home/amin/cobot/cobot_ws/install/mycobot_pro_450/lib/mycobot_pro_450
Installing listen_real_service script to /home/amin/cobot/cobot_ws/install/mycobot_pro_450/lib/mycobot_pro_450
Installing simple_gui script to /home/amin/cobot/cobot_ws/install/mycobot_pro_450/lib/mycobot_pro_450
Installing simple_gui_force_gripper script to /home/amin/cobot/cobot_ws/install/mycobot_pro_450/lib/mycobot_pro_450
Installing slider_control script to /home/amin/cobot/cobot_ws/install/mycobot_pro_450/lib/mycobot_pro_450
Installing slider_control_force_gripper script to /home/amin/cobot/cobot_ws/install/mycobot_pro_450/lib/mycobot_pro_450
Installing teleop_keyboard script to /home/amin/cobot/cobot_ws/install/mycobot_pro_450/lib/mycobot_pro_450
Installing teleop_keyboard_force_gripper script to /home/amin/cobot/cobot_ws/install/mycobot_pro_450/lib/mycobot_pro_450
writing list of installed files to '/home/amin/cobot/cobot_ws/build/mycobot_pro_450/install.log'
