[1.070s] Invoking command in '/home/amin/cobot/cobot_ws/src/mycobot_ros2/mycobot_communication': AMENT_PREFIX_PATH=/home/amin/cobot/cobot_ws/install/mycobot_interfaces:${AMENT_PREFIX_PATH} CMAKE_PREFIX_PATH=/home/amin/cobot/cobot_ws/install/mycobot_interfaces:${CMAKE_PREFIX_PATH} DEBUGINFOD_URLS=https://debuginfod.ubuntu.com LD_LIBRARY_PATH=/home/amin/cobot/cobot_ws/install/mycobot_interfaces/lib:${LD_LIBRARY_PATH} PYTHONPATH=/home/amin/cobot/cobot_ws/build/mycobot_communication/prefix_override:/usr/lib/python3/dist-packages/colcon_core/task/python/colcon_distutils_commands:/home/amin/cobot/cobot_ws/install/mycobot_communication/lib/python3.12/site-packages:/home/amin/cobot/cobot_ws/install/mycobot_interfaces/lib/python3.12/site-packages:${PYTHONPATH} /usr/bin/python3 -W ignore:setup.py install is deprecated -W ignore:easy_install command is deprecated setup.py egg_info --egg-base ../../../build/mycobot_communication build --build-base /home/amin/cobot/cobot_ws/build/mycobot_communication/build install --record /home/amin/cobot/cobot_ws/build/mycobot_communication/install.log --single-version-externally-managed install_data
[1.332s] running egg_info
[1.332s] creating ../../../build/mycobot_communication/mycobot_communication.egg-info
[1.351s] writing ../../../build/mycobot_communication/mycobot_communication.egg-info/PKG-INFO
[1.352s] writing dependency_links to ../../../build/mycobot_communication/mycobot_communication.egg-info/dependency_links.txt
[1.352s] writing entry points to ../../../build/mycobot_communication/mycobot_communication.egg-info/entry_points.txt
[1.352s] writing requirements to ../../../build/mycobot_communication/mycobot_communication.egg-info/requires.txt
[1.352s] writing top-level names to ../../../build/mycobot_communication/mycobot_communication.egg-info/top_level.txt
[1.352s] writing manifest file '../../../build/mycobot_communication/mycobot_communication.egg-info/SOURCES.txt'
[1.392s] reading manifest file '../../../build/mycobot_communication/mycobot_communication.egg-info/SOURCES.txt'
[1.392s] adding license file 'LICENSE'
[1.393s] writing manifest file '../../../build/mycobot_communication/mycobot_communication.egg-info/SOURCES.txt'
[1.394s] running build
[1.394s] running build_py
[1.395s] creating /home/amin/cobot/cobot_ws/build/mycobot_communication/build
[1.395s] creating /home/amin/cobot/cobot_ws/build/mycobot_communication/build/lib
[1.395s] creating /home/amin/cobot/cobot_ws/build/mycobot_communication/build/lib/mycobot_communication
[1.395s] copying mycobot_communication/mycobot_services.py -> /home/amin/cobot/cobot_ws/build/mycobot_communication/build/lib/mycobot_communication
[1.395s] copying mycobot_communication/mycobot_topics_pi.py -> /home/amin/cobot/cobot_ws/build/mycobot_communication/build/lib/mycobot_communication
[1.396s] copying mycobot_communication/__init__.py -> /home/amin/cobot/cobot_ws/build/mycobot_communication/build/lib/mycobot_communication
[1.396s] copying mycobot_communication/mycobot_topics.py -> /home/amin/cobot/cobot_ws/build/mycobot_communication/build/lib/mycobot_communication
[1.396s] copying mycobot_communication/mycobot_topics_seeed.py -> /home/amin/cobot/cobot_ws/build/mycobot_communication/build/lib/mycobot_communication
[1.396s] copying mycobot_communication/mycobot_topics_jsnn.py -> /home/amin/cobot/cobot_ws/build/mycobot_communication/build/lib/mycobot_communication
[1.396s] running install
[1.402s] running install_lib
[1.422s] creating /home/amin/cobot/cobot_ws/install/mycobot_communication/lib/python3.12/site-packages/mycobot_communication
[1.422s] copying /home/amin/cobot/cobot_ws/build/mycobot_communication/build/lib/mycobot_communication/mycobot_services.py -> /home/amin/cobot/cobot_ws/install/mycobot_communication/lib/python3.12/site-packages/mycobot_communication
[1.422s] copying /home/amin/cobot/cobot_ws/build/mycobot_communication/build/lib/mycobot_communication/mycobot_topics_pi.py -> /home/amin/cobot/cobot_ws/install/mycobot_communication/lib/python3.12/site-packages/mycobot_communication
[1.422s] copying /home/amin/cobot/cobot_ws/build/mycobot_communication/build/lib/mycobot_communication/__init__.py -> /home/amin/cobot/cobot_ws/install/mycobot_communication/lib/python3.12/site-packages/mycobot_communication
[1.423s] copying /home/amin/cobot/cobot_ws/build/mycobot_communication/build/lib/mycobot_communication/mycobot_topics.py -> /home/amin/cobot/cobot_ws/install/mycobot_communication/lib/python3.12/site-packages/mycobot_communication
[1.423s] copying /home/amin/cobot/cobot_ws/build/mycobot_communication/build/lib/mycobot_communication/mycobot_topics_seeed.py -> /home/amin/cobot/cobot_ws/install/mycobot_communication/lib/python3.12/site-packages/mycobot_communication
[1.423s] copying /home/amin/cobot/cobot_ws/build/mycobot_communication/build/lib/mycobot_communication/mycobot_topics_jsnn.py -> /home/amin/cobot/cobot_ws/install/mycobot_communication/lib/python3.12/site-packages/mycobot_communication
[1.423s] byte-compiling /home/amin/cobot/cobot_ws/install/mycobot_communication/lib/python3.12/site-packages/mycobot_communication/mycobot_services.py to mycobot_services.cpython-312.pyc
[1.425s] byte-compiling /home/amin/cobot/cobot_ws/install/mycobot_communication/lib/python3.12/site-packages/mycobot_communication/mycobot_topics_pi.py to mycobot_topics_pi.cpython-312.pyc
[1.427s] byte-compiling /home/amin/cobot/cobot_ws/install/mycobot_communication/lib/python3.12/site-packages/mycobot_communication/__init__.py to __init__.cpython-312.pyc
[1.427s] byte-compiling /home/amin/cobot/cobot_ws/install/mycobot_communication/lib/python3.12/site-packages/mycobot_communication/mycobot_topics.py to mycobot_topics.cpython-312.pyc
[1.429s] byte-compiling /home/amin/cobot/cobot_ws/install/mycobot_communication/lib/python3.12/site-packages/mycobot_communication/mycobot_topics_seeed.py to mycobot_topics_seeed.cpython-312.pyc
[1.431s] byte-compiling /home/amin/cobot/cobot_ws/install/mycobot_communication/lib/python3.12/site-packages/mycobot_communication/mycobot_topics_jsnn.py to mycobot_topics_jsnn.cpython-312.pyc
[1.432s] running install_data
[1.433s] creating /home/amin/cobot/cobot_ws/install/mycobot_communication/share/ament_index
[1.433s] creating /home/amin/cobot/cobot_ws/install/mycobot_communication/share/ament_index/resource_index
[1.433s] creating /home/amin/cobot/cobot_ws/install/mycobot_communication/share/ament_index/resource_index/packages
[1.433s] copying resource/mycobot_communication -> /home/amin/cobot/cobot_ws/install/mycobot_communication/share/ament_index/resource_index/packages
[1.433s] copying package.xml -> /home/amin/cobot/cobot_ws/install/mycobot_communication/share/mycobot_communication
[1.433s] creating /home/amin/cobot/cobot_ws/install/mycobot_communication/share/mycobot_communication/launch
[1.433s] copying launch/communication_topic_pi.launch.py -> /home/amin/cobot/cobot_ws/install/mycobot_communication/share/mycobot_communication/launch
[1.434s] copying launch/communication_topic.launch.py -> /home/amin/cobot/cobot_ws/install/mycobot_communication/share/mycobot_communication/launch
[1.434s] copying launch/communication_service.launch.py -> /home/amin/cobot/cobot_ws/install/mycobot_communication/share/mycobot_communication/launch
[1.434s] copying launch/communication_jsnn.launch.py -> /home/amin/cobot/cobot_ws/install/mycobot_communication/share/mycobot_communication/launch
[1.434s] copying launch/communication_seeed.launch.py -> /home/amin/cobot/cobot_ws/install/mycobot_communication/share/mycobot_communication/launch
[1.434s] running install_egg_info
[1.455s] Copying ../../../build/mycobot_communication/mycobot_communication.egg-info to /home/amin/cobot/cobot_ws/install/mycobot_communication/lib/python3.12/site-packages/mycobot_communication-0.0.0-py3.12.egg-info
[1.456s] running install_scripts
[1.588s] Installing mycobot_services script to /home/amin/cobot/cobot_ws/install/mycobot_communication/lib/mycobot_communication
[1.589s] Installing mycobot_topics script to /home/amin/cobot/cobot_ws/install/mycobot_communication/lib/mycobot_communication
[1.589s] Installing mycobot_topics_jsnn script to /home/amin/cobot/cobot_ws/install/mycobot_communication/lib/mycobot_communication
[1.589s] Installing mycobot_topics_pi script to /home/amin/cobot/cobot_ws/install/mycobot_communication/lib/mycobot_communication
[1.589s] Installing mycobot_topics_seeed script to /home/amin/cobot/cobot_ws/install/mycobot_communication/lib/mycobot_communication
[1.589s] writing list of installed files to '/home/amin/cobot/cobot_ws/build/mycobot_communication/install.log'
[1.626s] Invoked command in '/home/amin/cobot/cobot_ws/src/mycobot_ros2/mycobot_communication' returned '0': AMENT_PREFIX_PATH=/home/amin/cobot/cobot_ws/install/mycobot_interfaces:${AMENT_PREFIX_PATH} CMAKE_PREFIX_PATH=/home/amin/cobot/cobot_ws/install/mycobot_interfaces:${CMAKE_PREFIX_PATH} DEBUGINFOD_URLS=https://debuginfod.ubuntu.com LD_LIBRARY_PATH=/home/amin/cobot/cobot_ws/install/mycobot_interfaces/lib:${LD_LIBRARY_PATH} PYTHONPATH=/home/amin/cobot/cobot_ws/build/mycobot_communication/prefix_override:/usr/lib/python3/dist-packages/colcon_core/task/python/colcon_distutils_commands:/home/amin/cobot/cobot_ws/install/mycobot_communication/lib/python3.12/site-packages:/home/amin/cobot/cobot_ws/install/mycobot_interfaces/lib/python3.12/site-packages:${PYTHONPATH} /usr/bin/python3 -W ignore:setup.py install is deprecated -W ignore:easy_install command is deprecated setup.py egg_info --egg-base ../../../build/mycobot_communication build --build-base /home/amin/cobot/cobot_ws/build/mycobot_communication/build install --record /home/amin/cobot/cobot_ws/build/mycobot_communication/install.log --single-version-externally-managed install_data
