-- The C compiler identification is GNU 13.3.0
-- The CXX compiler identification is GNU 13.3.0
-- Detecting C compiler ABI info
-- Detecting C compiler ABI info - done
-- Check for working C compiler: /usr/bin/cc - skipped
-- Detecting C compile features
-- Detecting C compile features - done
-- Detecting CXX compiler ABI info
-- Detecting CXX compiler ABI info - done
-- Check for working CXX compiler: /usr/bin/c++ - skipped
-- Detecting CXX compile features
-- Detecting CXX compile features - done
-- Found ament_cmake: 2.5.4 (/opt/ros/jazzy/share/ament_cmake/cmake)
-- Found Python3: /usr/bin/python3 (found version "3.12.3") found components: Interpreter 
-- Found rosidl_generator_c: 4.6.6 (/opt/ros/jazzy/share/rosidl_generator_c/cmake)
-- Found rosidl_generator_cpp: 4.6.6 (/opt/ros/jazzy/share/rosidl_generator_cpp/cmake)
-- Using all available rosidl_typesupport_c: rosidl_typesupport_fastrtps_c;rosidl_typesupport_introspection_c
-- Using all available rosidl_typesupport_cpp: rosidl_typesupport_fastrtps_cpp;rosidl_typesupport_introspection_cpp
-- Found rmw_implementation_cmake: 7.3.2 (/opt/ros/jazzy/share/rmw_implementation_cmake/cmake)
-- Found rmw_fastrtps_cpp: 8.4.3 (/opt/ros/jazzy/share/rmw_fastrtps_cpp/cmake)
-- Found OpenSSL: /usr/lib/x86_64-linux-gnu/libcrypto.so (found version "3.0.13")  
-- Found FastRTPS: /opt/ros/jazzy/include (Required is at least version "2.13") 
-- Using RMW implementation 'rmw_fastrtps_cpp' as default
-- Looking for gz-msgs10 -- found version 10.3.2
-- Searching for dependencies of gz-msgs10
-- Found Protobuf: /usr/lib/x86_64-linux-gnu/libprotobuf.so (found version "3.21.12") 
-- Looking for gz-utils2 -- found version 2.2.1
-- Searching for dependencies of gz-utils2
-- Looking for gz-math7 -- found version 7.5.2
-- Searching for dependencies of gz-math7
-- Looking for gz-utils2 -- found version 2.2.1
-- Checking for module 'tinyxml2'
--   Found tinyxml2, version 10.0.0
-- Looking for gz-transport13 -- found version 13.4.1
-- Searching for dependencies of gz-transport13
-- Config-file not installed for ZeroMQ -- checking for pkg-config
-- Checking for module 'libzmq >= 4'
--   Found libzmq, version 4.3.5
-- Found ZeroMQ: TRUE (Required is at least version "4") 
-- Checking for module 'uuid'
--   Found uuid, version 2.39.3
-- Found UUID: TRUE  
-- Looking for gz-utils2 -- found version 2.2.1
-- Searching for dependencies of gz-utils2
-- Searching for <gz-utils2> component [cli]
-- Looking for gz-utils2-cli -- found version 2.2.1
-- Searching for dependencies of gz-utils2-cli
-- Looking for gz-msgs10 -- found version 10.3.2
-- Configuring done (16.1s)
-- Generating done (0.0s)
-- Build files have been written to: /home/amin/cobot/cobot_ws/build/mycobot_280_gazebo
-- Install configuration: ""
-- Installing: /home/amin/cobot/cobot_ws/install/mycobot_280_gazebo/share/mycobot_280_gazebo/launch
-- Installing: /home/amin/cobot/cobot_ws/install/mycobot_280_gazebo/share/mycobot_280_gazebo/launch/mycobot_280_world.launch.py
-- Installing: /home/amin/cobot/cobot_ws/install/mycobot_280_gazebo/share/mycobot_280_gazebo/launch/home_all.launch.py
-- Installing: /home/amin/cobot/cobot_ws/install/mycobot_280_gazebo/share/mycobot_280_gazebo/launch/mycobot_280_gazebo.launch.py
-- Installing: /home/amin/cobot/cobot_ws/install/mycobot_280_gazebo/share/mycobot_280_gazebo/launch/move_single_joint_with_plot.launch.py
-- Installing: /home/amin/cobot/cobot_ws/install/mycobot_280_gazebo/share/mycobot_280_gazebo/launch/multi_joint_trajectory.launch.py
-- Installing: /home/amin/cobot/cobot_ws/install/mycobot_280_gazebo/share/mycobot_280_gazebo/launch/compute_rms.launch.py
-- Installing: /home/amin/cobot/cobot_ws/install/mycobot_280_gazebo/share/mycobot_280_gazebo/launch/__pycache__
-- Installing: /home/amin/cobot/cobot_ws/install/mycobot_280_gazebo/share/mycobot_280_gazebo/launch/__pycache__/compute_rms.launch.cpython-310.pyc
-- Installing: /home/amin/cobot/cobot_ws/install/mycobot_280_gazebo/share/mycobot_280_gazebo/launch/__pycache__/move_single_joint.launch.cpython-310.pyc
-- Installing: /home/amin/cobot/cobot_ws/install/mycobot_280_gazebo/share/mycobot_280_gazebo/launch/__pycache__/home_all.launch.cpython-310.pyc
-- Installing: /home/amin/cobot/cobot_ws/install/mycobot_280_gazebo/share/mycobot_280_gazebo/launch/__pycache__/mycobot_280_world.launch.cpython-310.pyc
-- Installing: /home/amin/cobot/cobot_ws/install/mycobot_280_gazebo/share/mycobot_280_gazebo/launch/__pycache__/mycobot_280_gazebo.launch.cpython-310.pyc
-- Installing: /home/amin/cobot/cobot_ws/install/mycobot_280_gazebo/share/mycobot_280_gazebo/urdf
-- Installing: /home/amin/cobot/cobot_ws/install/mycobot_280_gazebo/share/mycobot_280_gazebo/urdf/mycobot_280_gazebo.urdf
-- Installing: /home/amin/cobot/cobot_ws/install/mycobot_280_gazebo/share/mycobot_280_gazebo/urdf/viz_only.urdf
-- Installing: /home/amin/cobot/cobot_ws/install/mycobot_280_gazebo/share/mycobot_280_gazebo/config
-- Installing: /home/amin/cobot/cobot_ws/install/mycobot_280_gazebo/share/mycobot_280_gazebo/config/mycobot_280_controllers.yaml
-- Installing: /home/amin/cobot/cobot_ws/install/mycobot_280_gazebo/lib/mycobot_280_gazebo/log_joint_data.py
-- Installing: /home/amin/cobot/cobot_ws/install/mycobot_280_gazebo/lib/mycobot_280_gazebo/move_single_joint.py
-- Installing: /home/amin/cobot/cobot_ws/install/mycobot_280_gazebo/lib/mycobot_280_gazebo/plot_joint_feedback.py
-- Installing: /home/amin/cobot/cobot_ws/install/mycobot_280_gazebo/lib/mycobot_280_gazebo/multi_joint_trajectory.py
-- Installing: /home/amin/cobot/cobot_ws/install/mycobot_280_gazebo/lib/mycobot_280_gazebo/log_rms_tracking.py
-- Installing: /home/amin/cobot/cobot_ws/install/mycobot_280_gazebo/share/ament_index/resource_index/package_run_dependencies/mycobot_280_gazebo
-- Installing: /home/amin/cobot/cobot_ws/install/mycobot_280_gazebo/share/ament_index/resource_index/parent_prefix_path/mycobot_280_gazebo
-- Installing: /home/amin/cobot/cobot_ws/install/mycobot_280_gazebo/share/mycobot_280_gazebo/environment/ament_prefix_path.sh
-- Installing: /home/amin/cobot/cobot_ws/install/mycobot_280_gazebo/share/mycobot_280_gazebo/environment/ament_prefix_path.dsv
-- Installing: /home/amin/cobot/cobot_ws/install/mycobot_280_gazebo/share/mycobot_280_gazebo/environment/path.sh
-- Installing: /home/amin/cobot/cobot_ws/install/mycobot_280_gazebo/share/mycobot_280_gazebo/environment/path.dsv
-- Installing: /home/amin/cobot/cobot_ws/install/mycobot_280_gazebo/share/mycobot_280_gazebo/local_setup.bash
-- Installing: /home/amin/cobot/cobot_ws/install/mycobot_280_gazebo/share/mycobot_280_gazebo/local_setup.sh
-- Installing: /home/amin/cobot/cobot_ws/install/mycobot_280_gazebo/share/mycobot_280_gazebo/local_setup.zsh
-- Installing: /home/amin/cobot/cobot_ws/install/mycobot_280_gazebo/share/mycobot_280_gazebo/local_setup.dsv
-- Installing: /home/amin/cobot/cobot_ws/install/mycobot_280_gazebo/share/mycobot_280_gazebo/package.dsv
-- Installing: /home/amin/cobot/cobot_ws/install/mycobot_280_gazebo/share/ament_index/resource_index/packages/mycobot_280_gazebo
-- Installing: /home/amin/cobot/cobot_ws/install/mycobot_280_gazebo/share/mycobot_280_gazebo/cmake/mycobot_280_gazeboConfig.cmake
-- Installing: /home/amin/cobot/cobot_ws/install/mycobot_280_gazebo/share/mycobot_280_gazebo/cmake/mycobot_280_gazeboConfig-version.cmake
-- Installing: /home/amin/cobot/cobot_ws/install/mycobot_280_gazebo/share/mycobot_280_gazebo/package.xml
