[0.038s] Invoking command in '/home/amin/cobot/cobot_ws/build/mycobot_280_gazebo': AMENT_PREFIX_PATH=/home/amin/cobot/cobot_ws/install/mycobot_description:${AMENT_PREFIX_PATH} CMAKE_PREFIX_PATH=${CMAKE_PREFIX_PATH}:/opt/ros/jazzy DEBUGINFOD_URLS=https://debuginfod.ubuntu.com PYTHONPATH=/home/amin/cobot/cobot_ws/install/mycobot_description/lib/python3.12/site-packages:${PYTHONPATH} /usr/bin/cmake /home/amin/cobot/cobot_ws/src/mycobot_ros2/mycobot_280_gazebo -DCMAKE_INSTALL_PREFIX=/home/amin/cobot/cobot_ws/install/mycobot_280_gazebo
[0.204s] -- The C compiler identification is GNU 13.3.0
[0.440s] -- The CXX compiler identification is GNU 13.3.0
[0.499s] -- Detecting C compiler ABI info
[0.809s] -- Detecting C compiler ABI info - done
[0.842s] -- Check for working C compiler: /usr/bin/cc - skipped
[0.842s] -- Detecting C compile features
[0.843s] -- Detecting C compile features - done
[0.874s] -- Detecting CXX compiler ABI info
[1.286s] -- Detecting CXX compiler ABI info - done
[1.369s] -- Check for working CXX compiler: /usr/bin/c++ - skipped
[1.369s] -- Detecting CXX compile features
[1.369s] -- Detecting CXX compile features - done
[1.397s] -- Found ament_cmake: 2.5.4 (/opt/ros/jazzy/share/ament_cmake/cmake)
[2.186s] -- Found Python3: /usr/bin/python3 (found version "3.12.3") found components: Interpreter 
[3.414s] -- Found rosidl_generator_c: 4.6.6 (/opt/ros/jazzy/share/rosidl_generator_c/cmake)
[3.557s] -- Found rosidl_generator_cpp: 4.6.6 (/opt/ros/jazzy/share/rosidl_generator_cpp/cmake)
[3.734s] -- Using all available rosidl_typesupport_c: rosidl_typesupport_fastrtps_c;rosidl_typesupport_introspection_c
[3.941s] -- Using all available rosidl_typesupport_cpp: rosidl_typesupport_fastrtps_cpp;rosidl_typesupport_introspection_cpp
[4.790s] -- Found rmw_implementation_cmake: 7.3.2 (/opt/ros/jazzy/share/rmw_implementation_cmake/cmake)
[4.834s] -- Found rmw_fastrtps_cpp: 8.4.3 (/opt/ros/jazzy/share/rmw_fastrtps_cpp/cmake)
[5.513s] -- Found OpenSSL: /usr/lib/x86_64-linux-gnu/libcrypto.so (found version "3.0.13")  
[5.581s] -- Found FastRTPS: /opt/ros/jazzy/include (Required is at least version "2.13") 
[5.718s] -- Using RMW implementation 'rmw_fastrtps_cpp' as default
[12.603s] -- Looking for gz-msgs10 -- found version 10.3.2
[12.663s] -- Searching for dependencies of gz-msgs10
[12.819s] -- Found Protobuf: /usr/lib/x86_64-linux-gnu/libprotobuf.so (found version "3.21.12") 
[12.824s] -- Looking for gz-utils2 -- found version 2.2.1
[12.827s] -- Searching for dependencies of gz-utils2
[12.834s] -- Looking for gz-math7 -- found version 7.5.2
[12.835s] -- Searching for dependencies of gz-math7
[12.836s] -- Looking for gz-utils2 -- found version 2.2.1
[12.863s] -- Checking for module 'tinyxml2'
[12.929s] --   Found tinyxml2, version 10.0.0
[13.195s] -- Looking for gz-transport13 -- found version 13.4.1
[13.195s] -- Searching for dependencies of gz-transport13
[13.308s] -- Config-file not installed for ZeroMQ -- checking for pkg-config
[13.328s] -- Checking for module 'libzmq >= 4'
[13.439s] --   Found libzmq, version 4.3.5
[13.656s] -- Found ZeroMQ: TRUE (Required is at least version "4") 
[13.713s] -- Checking for module 'uuid'
[13.879s] --   Found uuid, version 2.39.3
[14.196s] -- Found UUID: TRUE  
[14.199s] -- Looking for gz-utils2 -- found version 2.2.1
[14.212s] -- Searching for dependencies of gz-utils2
[14.212s] -- Searching for <gz-utils2> component [cli]
[14.244s] -- Looking for gz-utils2-cli -- found version 2.2.1
[14.244s] -- Searching for dependencies of gz-utils2-cli
[14.261s] -- Looking for gz-msgs10 -- found version 10.3.2
[16.214s] -- Configuring done (16.1s)
[16.289s] -- Generating done (0.0s)
[16.320s] -- Build files have been written to: /home/amin/cobot/cobot_ws/build/mycobot_280_gazebo
[16.481s] Invoked command in '/home/amin/cobot/cobot_ws/build/mycobot_280_gazebo' returned '0': AMENT_PREFIX_PATH=/home/amin/cobot/cobot_ws/install/mycobot_description:${AMENT_PREFIX_PATH} CMAKE_PREFIX_PATH=${CMAKE_PREFIX_PATH}:/opt/ros/jazzy DEBUGINFOD_URLS=https://debuginfod.ubuntu.com PYTHONPATH=/home/amin/cobot/cobot_ws/install/mycobot_description/lib/python3.12/site-packages:${PYTHONPATH} /usr/bin/cmake /home/amin/cobot/cobot_ws/src/mycobot_ros2/mycobot_280_gazebo -DCMAKE_INSTALL_PREFIX=/home/amin/cobot/cobot_ws/install/mycobot_280_gazebo
[16.482s] Invoking command in '/home/amin/cobot/cobot_ws/build/mycobot_280_gazebo': AMENT_PREFIX_PATH=/home/amin/cobot/cobot_ws/install/mycobot_description:${AMENT_PREFIX_PATH} CMAKE_PREFIX_PATH=${CMAKE_PREFIX_PATH}:/opt/ros/jazzy DEBUGINFOD_URLS=https://debuginfod.ubuntu.com PYTHONPATH=/home/amin/cobot/cobot_ws/install/mycobot_description/lib/python3.12/site-packages:${PYTHONPATH} /usr/bin/cmake --build /home/amin/cobot/cobot_ws/build/mycobot_280_gazebo -- -j8 -l8
[16.725s] Invoked command in '/home/amin/cobot/cobot_ws/build/mycobot_280_gazebo' returned '0': AMENT_PREFIX_PATH=/home/amin/cobot/cobot_ws/install/mycobot_description:${AMENT_PREFIX_PATH} CMAKE_PREFIX_PATH=${CMAKE_PREFIX_PATH}:/opt/ros/jazzy DEBUGINFOD_URLS=https://debuginfod.ubuntu.com PYTHONPATH=/home/amin/cobot/cobot_ws/install/mycobot_description/lib/python3.12/site-packages:${PYTHONPATH} /usr/bin/cmake --build /home/amin/cobot/cobot_ws/build/mycobot_280_gazebo -- -j8 -l8
[16.726s] Invoking command in '/home/amin/cobot/cobot_ws/build/mycobot_280_gazebo': AMENT_PREFIX_PATH=/home/amin/cobot/cobot_ws/install/mycobot_description:${AMENT_PREFIX_PATH} CMAKE_PREFIX_PATH=${CMAKE_PREFIX_PATH}:/opt/ros/jazzy DEBUGINFOD_URLS=https://debuginfod.ubuntu.com PYTHONPATH=/home/amin/cobot/cobot_ws/install/mycobot_description/lib/python3.12/site-packages:${PYTHONPATH} /usr/bin/cmake --install /home/amin/cobot/cobot_ws/build/mycobot_280_gazebo
[16.754s] -- Install configuration: ""
[16.754s] -- Installing: /home/amin/cobot/cobot_ws/install/mycobot_280_gazebo/share/mycobot_280_gazebo/launch
[16.755s] -- Installing: /home/amin/cobot/cobot_ws/install/mycobot_280_gazebo/share/mycobot_280_gazebo/launch/mycobot_280_world.launch.py
[16.755s] -- Installing: /home/amin/cobot/cobot_ws/install/mycobot_280_gazebo/share/mycobot_280_gazebo/launch/home_all.launch.py
[16.755s] -- Installing: /home/amin/cobot/cobot_ws/install/mycobot_280_gazebo/share/mycobot_280_gazebo/launch/mycobot_280_gazebo.launch.py
[16.755s] -- Installing: /home/amin/cobot/cobot_ws/install/mycobot_280_gazebo/share/mycobot_280_gazebo/launch/move_single_joint_with_plot.launch.py
[16.755s] -- Installing: /home/amin/cobot/cobot_ws/install/mycobot_280_gazebo/share/mycobot_280_gazebo/launch/multi_joint_trajectory.launch.py
[16.755s] -- Installing: /home/amin/cobot/cobot_ws/install/mycobot_280_gazebo/share/mycobot_280_gazebo/launch/compute_rms.launch.py
[16.755s] -- Installing: /home/amin/cobot/cobot_ws/install/mycobot_280_gazebo/share/mycobot_280_gazebo/launch/__pycache__
[16.756s] -- Installing: /home/amin/cobot/cobot_ws/install/mycobot_280_gazebo/share/mycobot_280_gazebo/launch/__pycache__/compute_rms.launch.cpython-310.pyc
[16.760s] -- Installing: /home/amin/cobot/cobot_ws/install/mycobot_280_gazebo/share/mycobot_280_gazebo/launch/__pycache__/move_single_joint.launch.cpython-310.pyc
[16.761s] -- Installing: /home/amin/cobot/cobot_ws/install/mycobot_280_gazebo/share/mycobot_280_gazebo/launch/__pycache__/home_all.launch.cpython-310.pyc
[16.763s] -- Installing: /home/amin/cobot/cobot_ws/install/mycobot_280_gazebo/share/mycobot_280_gazebo/launch/__pycache__/mycobot_280_world.launch.cpython-310.pyc
[16.766s] -- Installing: /home/amin/cobot/cobot_ws/install/mycobot_280_gazebo/share/mycobot_280_gazebo/launch/__pycache__/mycobot_280_gazebo.launch.cpython-310.pyc
[16.771s] -- Installing: /home/amin/cobot/cobot_ws/install/mycobot_280_gazebo/share/mycobot_280_gazebo/urdf
[16.771s] -- Installing: /home/amin/cobot/cobot_ws/install/mycobot_280_gazebo/share/mycobot_280_gazebo/urdf/mycobot_280_gazebo.urdf
[16.771s] -- Installing: /home/amin/cobot/cobot_ws/install/mycobot_280_gazebo/share/mycobot_280_gazebo/urdf/viz_only.urdf
[16.771s] -- Installing: /home/amin/cobot/cobot_ws/install/mycobot_280_gazebo/share/mycobot_280_gazebo/config
[16.772s] -- Installing: /home/amin/cobot/cobot_ws/install/mycobot_280_gazebo/share/mycobot_280_gazebo/config/mycobot_280_controllers.yaml
[16.772s] -- Installing: /home/amin/cobot/cobot_ws/install/mycobot_280_gazebo/lib/mycobot_280_gazebo/log_joint_data.py
[16.772s] -- Installing: /home/amin/cobot/cobot_ws/install/mycobot_280_gazebo/lib/mycobot_280_gazebo/move_single_joint.py
[16.772s] -- Installing: /home/amin/cobot/cobot_ws/install/mycobot_280_gazebo/lib/mycobot_280_gazebo/plot_joint_feedback.py
[16.772s] -- Installing: /home/amin/cobot/cobot_ws/install/mycobot_280_gazebo/lib/mycobot_280_gazebo/multi_joint_trajectory.py
[16.772s] -- Installing: /home/amin/cobot/cobot_ws/install/mycobot_280_gazebo/lib/mycobot_280_gazebo/log_rms_tracking.py
[16.772s] -- Installing: /home/amin/cobot/cobot_ws/install/mycobot_280_gazebo/share/ament_index/resource_index/package_run_dependencies/mycobot_280_gazebo
[16.772s] -- Installing: /home/amin/cobot/cobot_ws/install/mycobot_280_gazebo/share/ament_index/resource_index/parent_prefix_path/mycobot_280_gazebo
[16.773s] -- Installing: /home/amin/cobot/cobot_ws/install/mycobot_280_gazebo/share/mycobot_280_gazebo/environment/ament_prefix_path.sh
[16.773s] -- Installing: /home/amin/cobot/cobot_ws/install/mycobot_280_gazebo/share/mycobot_280_gazebo/environment/ament_prefix_path.dsv
[16.773s] -- Installing: /home/amin/cobot/cobot_ws/install/mycobot_280_gazebo/share/mycobot_280_gazebo/environment/path.sh
[16.773s] -- Installing: /home/amin/cobot/cobot_ws/install/mycobot_280_gazebo/share/mycobot_280_gazebo/environment/path.dsv
[16.773s] -- Installing: /home/amin/cobot/cobot_ws/install/mycobot_280_gazebo/share/mycobot_280_gazebo/local_setup.bash
[16.784s] -- Installing: /home/amin/cobot/cobot_ws/install/mycobot_280_gazebo/share/mycobot_280_gazebo/local_setup.sh
[16.784s] -- Installing: /home/amin/cobot/cobot_ws/install/mycobot_280_gazebo/share/mycobot_280_gazebo/local_setup.zsh
[16.784s] -- Installing: /home/amin/cobot/cobot_ws/install/mycobot_280_gazebo/share/mycobot_280_gazebo/local_setup.dsv
[16.784s] -- Installing: /home/amin/cobot/cobot_ws/install/mycobot_280_gazebo/share/mycobot_280_gazebo/package.dsv
[16.785s] -- Installing: /home/amin/cobot/cobot_ws/install/mycobot_280_gazebo/share/ament_index/resource_index/packages/mycobot_280_gazebo
[16.785s] -- Installing: /home/amin/cobot/cobot_ws/install/mycobot_280_gazebo/share/mycobot_280_gazebo/cmake/mycobot_280_gazeboConfig.cmake
[16.791s] -- Installing: /home/amin/cobot/cobot_ws/install/mycobot_280_gazebo/share/mycobot_280_gazebo/cmake/mycobot_280_gazeboConfig-version.cmake
[16.791s] -- Installing: /home/amin/cobot/cobot_ws/install/mycobot_280_gazebo/share/mycobot_280_gazebo/package.xml
[16.792s] Invoked command in '/home/amin/cobot/cobot_ws/build/mycobot_280_gazebo' returned '0': AMENT_PREFIX_PATH=/home/amin/cobot/cobot_ws/install/mycobot_description:${AMENT_PREFIX_PATH} CMAKE_PREFIX_PATH=${CMAKE_PREFIX_PATH}:/opt/ros/jazzy DEBUGINFOD_URLS=https://debuginfod.ubuntu.com PYTHONPATH=/home/amin/cobot/cobot_ws/install/mycobot_description/lib/python3.12/site-packages:${PYTHONPATH} /usr/bin/cmake --install /home/amin/cobot/cobot_ws/build/mycobot_280_gazebo
