[0.179s] Invoking command in '/home/amin/cobot/cobot_ws/build/mecharm_interfaces': CMAKE_PREFIX_PATH=${CMAKE_PREFIX_PATH}:/home/amin/cobot/cobot_ws/install/ultraarm:/home/amin/cobot/cobot_ws/install/pro450_moveit2_control:/home/amin/cobot/cobot_ws/install/mypalletizer_communication:/home/amin/cobot/cobot_ws/install/mypalletizer_260_pi:/home/amin/cobot/cobot_ws/install/mypalletizer_260:/home/amin/cobot/cobot_ws/install/mycobot_pro_450:/home/amin/cobot/cobot_ws/install/myarm_m750:/home/amin/cobot/cobot_ws/install/myarm_c650:/home/amin/cobot/cobot_ws/install/mycobot_communication:/home/amin/cobot/cobot_ws/install/mecharm_communication:/home/amin/cobot/cobot_ws/install/mycobot_630:/home/amin/cobot/cobot_ws/install/mycobot_600:/home/amin/cobot/cobot_ws/install/mycobot_320pi:/home/amin/cobot/cobot_ws/install/mycobot_320_riscv:/home/amin/cobot/cobot_ws/install/mycobot_320:/home/amin/cobot/cobot_ws/install/mycobot_280pi:/home/amin/cobot/cobot_ws/install/mycobot_280jn:/home/amin/cobot/cobot_ws/install/mycobot_280_x3pi:/home/amin/cobot/cobot_ws/install/mycobot_280_riscv:/home/amin/cobot/cobot_ws/install/mycobot_280_rdkx5:/home/amin/cobot/cobot_ws/install/mycobot_280_moveit2_control:/home/amin/cobot/cobot_ws/install/mycobot_280_arduino:/home/amin/cobot/cobot_ws/install/mycobot_280:/home/amin/cobot/cobot_ws/install/mybuddy:/home/amin/cobot/cobot_ws/install/myarm_300:/home/amin/cobot/cobot_ws/install/mecharm_pi:/home/amin/cobot/cobot_ws/install/mecharm:/home/amin/cobot/cobot_ws/install/mycobot_description:/opt/ros/jazzy DEBUGINFOD_URLS=https://debuginfod.ubuntu.com /usr/bin/cmake --build /home/amin/cobot/cobot_ws/build/mecharm_interfaces -- -j8 -l8
[0.252s] [  1%] Built target mecharm_interfaces__rosidl_generator_type_description
[0.266s] [  1%] Built target ament_cmake_python_copy_mecharm_interfaces
[0.287s] [  1%] Built target mecharm_interfaces__cpp
[0.372s] [ 27%] Built target mecharm_interfaces__rosidl_generator_c
[0.430s] [ 37%] Built target mecharm_interfaces__rosidl_typesupport_introspection_c
[0.456s] [ 46%] Built target mecharm_interfaces__rosidl_typesupport_introspection_cpp
[0.470s] [ 56%] Built target mecharm_interfaces__rosidl_typesupport_fastrtps_c
[0.480s] [ 66%] Built target mecharm_interfaces__rosidl_typesupport_c
[0.484s] [ 75%] Built target mecharm_interfaces__rosidl_typesupport_cpp
[0.498s] [ 85%] Built target mecharm_interfaces__rosidl_typesupport_fastrtps_cpp
[0.543s] [ 85%] Built target mecharm_interfaces
[0.582s] [ 86%] Built target mecharm_interfaces__py
[0.674s] [ 95%] Built target mecharm_interfaces__rosidl_generator_py
[0.722s] [ 98%] Built target mecharm_interfaces_s__rosidl_typesupport_fastrtps_c
[0.723s] [ 98%] Built target mecharm_interfaces_s__rosidl_typesupport_introspection_c
[0.737s] [100%] Built target mecharm_interfaces_s__rosidl_typesupport_c
[0.802s] running egg_info
[0.818s] writing mecharm_interfaces.egg-info/PKG-INFO
[0.819s] writing dependency_links to mecharm_interfaces.egg-info/dependency_links.txt
[0.819s] writing top-level names to mecharm_interfaces.egg-info/top_level.txt
[0.894s] reading manifest file 'mecharm_interfaces.egg-info/SOURCES.txt'
[0.894s] writing manifest file 'mecharm_interfaces.egg-info/SOURCES.txt'
[0.921s] [100%] Built target ament_cmake_python_build_mecharm_interfaces_egg
[0.958s] Invoked command in '/home/amin/cobot/cobot_ws/build/mecharm_interfaces' returned '0': CMAKE_PREFIX_PATH=${CMAKE_PREFIX_PATH}:/home/amin/cobot/cobot_ws/install/ultraarm:/home/amin/cobot/cobot_ws/install/pro450_moveit2_control:/home/amin/cobot/cobot_ws/install/mypalletizer_communication:/home/amin/cobot/cobot_ws/install/mypalletizer_260_pi:/home/amin/cobot/cobot_ws/install/mypalletizer_260:/home/amin/cobot/cobot_ws/install/mycobot_pro_450:/home/amin/cobot/cobot_ws/install/myarm_m750:/home/amin/cobot/cobot_ws/install/myarm_c650:/home/amin/cobot/cobot_ws/install/mycobot_communication:/home/amin/cobot/cobot_ws/install/mecharm_communication:/home/amin/cobot/cobot_ws/install/mycobot_630:/home/amin/cobot/cobot_ws/install/mycobot_600:/home/amin/cobot/cobot_ws/install/mycobot_320pi:/home/amin/cobot/cobot_ws/install/mycobot_320_riscv:/home/amin/cobot/cobot_ws/install/mycobot_320:/home/amin/cobot/cobot_ws/install/mycobot_280pi:/home/amin/cobot/cobot_ws/install/mycobot_280jn:/home/amin/cobot/cobot_ws/install/mycobot_280_x3pi:/home/amin/cobot/cobot_ws/install/mycobot_280_riscv:/home/amin/cobot/cobot_ws/install/mycobot_280_rdkx5:/home/amin/cobot/cobot_ws/install/mycobot_280_moveit2_control:/home/amin/cobot/cobot_ws/install/mycobot_280_arduino:/home/amin/cobot/cobot_ws/install/mycobot_280:/home/amin/cobot/cobot_ws/install/mybuddy:/home/amin/cobot/cobot_ws/install/myarm_300:/home/amin/cobot/cobot_ws/install/mecharm_pi:/home/amin/cobot/cobot_ws/install/mecharm:/home/amin/cobot/cobot_ws/install/mycobot_description:/opt/ros/jazzy DEBUGINFOD_URLS=https://debuginfod.ubuntu.com /usr/bin/cmake --build /home/amin/cobot/cobot_ws/build/mecharm_interfaces -- -j8 -l8
[0.966s] Invoking command in '/home/amin/cobot/cobot_ws/build/mecharm_interfaces': CMAKE_PREFIX_PATH=${CMAKE_PREFIX_PATH}:/home/amin/cobot/cobot_ws/install/ultraarm:/home/amin/cobot/cobot_ws/install/pro450_moveit2_control:/home/amin/cobot/cobot_ws/install/mypalletizer_communication:/home/amin/cobot/cobot_ws/install/mypalletizer_260_pi:/home/amin/cobot/cobot_ws/install/mypalletizer_260:/home/amin/cobot/cobot_ws/install/mycobot_pro_450:/home/amin/cobot/cobot_ws/install/myarm_m750:/home/amin/cobot/cobot_ws/install/myarm_c650:/home/amin/cobot/cobot_ws/install/mycobot_communication:/home/amin/cobot/cobot_ws/install/mecharm_communication:/home/amin/cobot/cobot_ws/install/mycobot_630:/home/amin/cobot/cobot_ws/install/mycobot_600:/home/amin/cobot/cobot_ws/install/mycobot_320pi:/home/amin/cobot/cobot_ws/install/mycobot_320_riscv:/home/amin/cobot/cobot_ws/install/mycobot_320:/home/amin/cobot/cobot_ws/install/mycobot_280pi:/home/amin/cobot/cobot_ws/install/mycobot_280jn:/home/amin/cobot/cobot_ws/install/mycobot_280_x3pi:/home/amin/cobot/cobot_ws/install/mycobot_280_riscv:/home/amin/cobot/cobot_ws/install/mycobot_280_rdkx5:/home/amin/cobot/cobot_ws/install/mycobot_280_moveit2_control:/home/amin/cobot/cobot_ws/install/mycobot_280_arduino:/home/amin/cobot/cobot_ws/install/mycobot_280:/home/amin/cobot/cobot_ws/install/mybuddy:/home/amin/cobot/cobot_ws/install/myarm_300:/home/amin/cobot/cobot_ws/install/mecharm_pi:/home/amin/cobot/cobot_ws/install/mecharm:/home/amin/cobot/cobot_ws/install/mycobot_description:/opt/ros/jazzy DEBUGINFOD_URLS=https://debuginfod.ubuntu.com /usr/bin/cmake --install /home/amin/cobot/cobot_ws/build/mecharm_interfaces
[0.969s] -- Install configuration: ""
[0.973s] -- Up-to-date: /home/amin/cobot/cobot_ws/install/mecharm_interfaces/share/ament_index/resource_index/rosidl_interfaces/mecharm_interfaces
[0.973s] -- Up-to-date: /home/amin/cobot/cobot_ws/install/mecharm_interfaces/share/mecharm_interfaces/msg/MecharmAngles.json
[0.973s] -- Up-to-date: /home/amin/cobot/cobot_ws/install/mecharm_interfaces/share/mecharm_interfaces/msg/MecharmCoords.json
[0.973s] -- Up-to-date: /home/amin/cobot/cobot_ws/install/mecharm_interfaces/share/mecharm_interfaces/msg/MecharmSetAngles.json
[0.973s] -- Up-to-date: /home/amin/cobot/cobot_ws/install/mecharm_interfaces/share/mecharm_interfaces/msg/MecharmSetCoords.json
[0.973s] -- Up-to-date: /home/amin/cobot/cobot_ws/install/mecharm_interfaces/share/mecharm_interfaces/msg/MecharmGripperStatus.json
[0.973s] -- Up-to-date: /home/amin/cobot/cobot_ws/install/mecharm_interfaces/share/mecharm_interfaces/msg/MecharmPumpStatus.json
[0.973s] -- Up-to-date: /home/amin/cobot/cobot_ws/install/mecharm_interfaces/share/mecharm_interfaces/srv/GetAngles.json
[0.973s] -- Up-to-date: /home/amin/cobot/cobot_ws/install/mecharm_interfaces/share/mecharm_interfaces/srv/SetAngles.json
[0.974s] -- Up-to-date: /home/amin/cobot/cobot_ws/install/mecharm_interfaces/share/mecharm_interfaces/srv/GetCoords.json
[0.974s] -- Up-to-date: /home/amin/cobot/cobot_ws/install/mecharm_interfaces/share/mecharm_interfaces/srv/SetCoords.json
[0.974s] -- Up-to-date: /home/amin/cobot/cobot_ws/install/mecharm_interfaces/share/mecharm_interfaces/srv/GripperStatus.json
[0.974s] -- Up-to-date: /home/amin/cobot/cobot_ws/install/mecharm_interfaces/share/mecharm_interfaces/srv/PumpStatus.json
[0.974s] -- Up-to-date: /home/amin/cobot/cobot_ws/install/mecharm_interfaces/include/mecharm_interfaces/mecharm_interfaces
[0.974s] -- Up-to-date: /home/amin/cobot/cobot_ws/install/mecharm_interfaces/include/mecharm_interfaces/mecharm_interfaces/srv
[0.974s] -- Up-to-date: /home/amin/cobot/cobot_ws/install/mecharm_interfaces/include/mecharm_interfaces/mecharm_interfaces/srv/gripper_status.h
[0.974s] -- Up-to-date: /home/amin/cobot/cobot_ws/install/mecharm_interfaces/include/mecharm_interfaces/mecharm_interfaces/srv/detail
[0.974s] -- Up-to-date: /home/amin/cobot/cobot_ws/install/mecharm_interfaces/include/mecharm_interfaces/mecharm_interfaces/srv/detail/set_coords__type_support.h
[0.974s] -- Up-to-date: /home/amin/cobot/cobot_ws/install/mecharm_interfaces/include/mecharm_interfaces/mecharm_interfaces/srv/detail/gripper_status__description.c
[0.974s] -- Up-to-date: /home/amin/cobot/cobot_ws/install/mecharm_interfaces/include/mecharm_interfaces/mecharm_interfaces/srv/detail/gripper_status__functions.h
[0.975s] -- Up-to-date: /home/amin/cobot/cobot_ws/install/mecharm_interfaces/include/mecharm_interfaces/mecharm_interfaces/srv/detail/set_angles__struct.h
[0.975s] -- Up-to-date: /home/amin/cobot/cobot_ws/install/mecharm_interfaces/include/mecharm_interfaces/mecharm_interfaces/srv/detail/set_coords__functions.h
[0.975s] -- Installing: /home/amin/cobot/cobot_ws/install/mecharm_interfaces/include/mecharm_interfaces/mecharm_interfaces/srv/detail/pump_status__type_support.c
[0.975s] -- Installing: /home/amin/cobot/cobot_ws/install/mecharm_interfaces/include/mecharm_interfaces/mecharm_interfaces/srv/detail/get_coords__type_support.c
[0.975s] -- Up-to-date: /home/amin/cobot/cobot_ws/install/mecharm_interfaces/include/mecharm_interfaces/mecharm_interfaces/srv/detail/set_angles__description.c
[0.975s] -- Up-to-date: /home/amin/cobot/cobot_ws/install/mecharm_interfaces/include/mecharm_interfaces/mecharm_interfaces/srv/detail/gripper_status__struct.h
[0.975s] -- Up-to-date: /home/amin/cobot/cobot_ws/install/mecharm_interfaces/include/mecharm_interfaces/mecharm_interfaces/srv/detail/get_angles__type_support.h
[0.975s] -- Up-to-date: /home/amin/cobot/cobot_ws/install/mecharm_interfaces/include/mecharm_interfaces/mecharm_interfaces/srv/detail/set_coords__functions.c
[0.975s] -- Installing: /home/amin/cobot/cobot_ws/install/mecharm_interfaces/include/mecharm_interfaces/mecharm_interfaces/srv/detail/set_coords__type_support.c
[0.975s] -- Installing: /home/amin/cobot/cobot_ws/install/mecharm_interfaces/include/mecharm_interfaces/mecharm_interfaces/srv/detail/set_angles__type_support.c
[0.976s] -- Up-to-date: /home/amin/cobot/cobot_ws/install/mecharm_interfaces/include/mecharm_interfaces/mecharm_interfaces/srv/detail/gripper_status__type_support.h
[0.977s] -- Up-to-date: /home/amin/cobot/cobot_ws/install/mecharm_interfaces/include/mecharm_interfaces/mecharm_interfaces/srv/detail/pump_status__struct.h
[0.977s] -- Up-to-date: /home/amin/cobot/cobot_ws/install/mecharm_interfaces/include/mecharm_interfaces/mecharm_interfaces/srv/detail/get_angles__struct.h
[0.977s] -- Up-to-date: /home/amin/cobot/cobot_ws/install/mecharm_interfaces/include/mecharm_interfaces/mecharm_interfaces/srv/detail/get_coords__description.c
[0.977s] -- Up-to-date: /home/amin/cobot/cobot_ws/install/mecharm_interfaces/include/mecharm_interfaces/mecharm_interfaces/srv/detail/set_coords__description.c
[0.977s] -- Up-to-date: /home/amin/cobot/cobot_ws/install/mecharm_interfaces/include/mecharm_interfaces/mecharm_interfaces/srv/detail/get_coords__functions.h
[0.977s] -- Installing: /home/amin/cobot/cobot_ws/install/mecharm_interfaces/include/mecharm_interfaces/mecharm_interfaces/srv/detail/get_angles__type_support.c
[0.977s] -- Up-to-date: /home/amin/cobot/cobot_ws/install/mecharm_interfaces/include/mecharm_interfaces/mecharm_interfaces/srv/detail/get_angles__functions.h
[0.977s] -- Installing: /home/amin/cobot/cobot_ws/install/mecharm_interfaces/include/mecharm_interfaces/mecharm_interfaces/srv/detail/gripper_status__type_support.c
[0.978s] -- Up-to-date: /home/amin/cobot/cobot_ws/install/mecharm_interfaces/include/mecharm_interfaces/mecharm_interfaces/srv/detail/get_angles__functions.c
[0.978s] -- Up-to-date: /home/amin/cobot/cobot_ws/install/mecharm_interfaces/include/mecharm_interfaces/mecharm_interfaces/srv/detail/pump_status__functions.c
[0.978s] -- Up-to-date: /home/amin/cobot/cobot_ws/install/mecharm_interfaces/include/mecharm_interfaces/mecharm_interfaces/srv/detail/pump_status__description.c
[0.978s] -- Up-to-date: /home/amin/cobot/cobot_ws/install/mecharm_interfaces/include/mecharm_interfaces/mecharm_interfaces/srv/detail/get_coords__type_support.h
[0.978s] -- Up-to-date: /home/amin/cobot/cobot_ws/install/mecharm_interfaces/include/mecharm_interfaces/mecharm_interfaces/srv/detail/set_angles__type_support.h
[0.978s] -- Up-to-date: /home/amin/cobot/cobot_ws/install/mecharm_interfaces/include/mecharm_interfaces/mecharm_interfaces/srv/detail/get_coords__functions.c
[0.978s] -- Up-to-date: /home/amin/cobot/cobot_ws/install/mecharm_interfaces/include/mecharm_interfaces/mecharm_interfaces/srv/detail/gripper_status__functions.c
[0.978s] -- Up-to-date: /home/amin/cobot/cobot_ws/install/mecharm_interfaces/include/mecharm_interfaces/mecharm_interfaces/srv/detail/get_angles__description.c
[0.979s] -- Up-to-date: /home/amin/cobot/cobot_ws/install/mecharm_interfaces/include/mecharm_interfaces/mecharm_interfaces/srv/detail/pump_status__functions.h
[0.979s] -- Up-to-date: /home/amin/cobot/cobot_ws/install/mecharm_interfaces/include/mecharm_interfaces/mecharm_interfaces/srv/detail/set_angles__functions.c
[0.979s] -- Up-to-date: /home/amin/cobot/cobot_ws/install/mecharm_interfaces/include/mecharm_interfaces/mecharm_interfaces/srv/detail/set_coords__struct.h
[0.979s] -- Up-to-date: /home/amin/cobot/cobot_ws/install/mecharm_interfaces/include/mecharm_interfaces/mecharm_interfaces/srv/detail/get_coords__struct.h
[0.979s] -- Up-to-date: /home/amin/cobot/cobot_ws/install/mecharm_interfaces/include/mecharm_interfaces/mecharm_interfaces/srv/detail/set_angles__functions.h
[0.980s] -- Up-to-date: /home/amin/cobot/cobot_ws/install/mecharm_interfaces/include/mecharm_interfaces/mecharm_interfaces/srv/detail/pump_status__type_support.h
[0.980s] -- Up-to-date: /home/amin/cobot/cobot_ws/install/mecharm_interfaces/include/mecharm_interfaces/mecharm_interfaces/srv/get_coords.h
[0.980s] -- Up-to-date: /home/amin/cobot/cobot_ws/install/mecharm_interfaces/include/mecharm_interfaces/mecharm_interfaces/srv/get_angles.h
[0.981s] -- Up-to-date: /home/amin/cobot/cobot_ws/install/mecharm_interfaces/include/mecharm_interfaces/mecharm_interfaces/srv/pump_status.h
[0.981s] -- Up-to-date: /home/amin/cobot/cobot_ws/install/mecharm_interfaces/include/mecharm_interfaces/mecharm_interfaces/srv/set_angles.h
[0.981s] -- Up-to-date: /home/amin/cobot/cobot_ws/install/mecharm_interfaces/include/mecharm_interfaces/mecharm_interfaces/srv/set_coords.h
[0.981s] -- Up-to-date: /home/amin/cobot/cobot_ws/install/mecharm_interfaces/include/mecharm_interfaces/mecharm_interfaces/msg
[0.981s] -- Up-to-date: /home/amin/cobot/cobot_ws/install/mecharm_interfaces/include/mecharm_interfaces/mecharm_interfaces/msg/mecharm_set_angles.h
[0.982s] -- Up-to-date: /home/amin/cobot/cobot_ws/install/mecharm_interfaces/include/mecharm_interfaces/mecharm_interfaces/msg/mecharm_coords.h
[0.982s] -- Up-to-date: /home/amin/cobot/cobot_ws/install/mecharm_interfaces/include/mecharm_interfaces/mecharm_interfaces/msg/mecharm_pump_status.h
[0.982s] -- Up-to-date: /home/amin/cobot/cobot_ws/install/mecharm_interfaces/include/mecharm_interfaces/mecharm_interfaces/msg/detail
[0.982s] -- Up-to-date: /home/amin/cobot/cobot_ws/install/mecharm_interfaces/include/mecharm_interfaces/mecharm_interfaces/msg/detail/mecharm_coords__description.c
[0.982s] -- Installing: /home/amin/cobot/cobot_ws/install/mecharm_interfaces/include/mecharm_interfaces/mecharm_interfaces/msg/detail/mecharm_pump_status__type_support.c
[0.983s] -- Up-to-date: /home/amin/cobot/cobot_ws/install/mecharm_interfaces/include/mecharm_interfaces/mecharm_interfaces/msg/detail/mecharm_angles__description.c
[0.983s] -- Up-to-date: /home/amin/cobot/cobot_ws/install/mecharm_interfaces/include/mecharm_interfaces/mecharm_interfaces/msg/detail/mecharm_set_coords__functions.h
[0.983s] -- Installing: /home/amin/cobot/cobot_ws/install/mecharm_interfaces/include/mecharm_interfaces/mecharm_interfaces/msg/detail/mecharm_set_coords__type_support.c
[0.983s] -- Up-to-date: /home/amin/cobot/cobot_ws/install/mecharm_interfaces/include/mecharm_interfaces/mecharm_interfaces/msg/detail/mecharm_angles__functions.c
[0.984s] -- Up-to-date: /home/amin/cobot/cobot_ws/install/mecharm_interfaces/include/mecharm_interfaces/mecharm_interfaces/msg/detail/mecharm_angles__struct.h
[0.984s] -- Up-to-date: /home/amin/cobot/cobot_ws/install/mecharm_interfaces/include/mecharm_interfaces/mecharm_interfaces/msg/detail/mecharm_pump_status__functions.h
[0.984s] -- Up-to-date: /home/amin/cobot/cobot_ws/install/mecharm_interfaces/include/mecharm_interfaces/mecharm_interfaces/msg/detail/mecharm_gripper_status__type_support.h
[0.984s] -- Up-to-date: /home/amin/cobot/cobot_ws/install/mecharm_interfaces/include/mecharm_interfaces/mecharm_interfaces/msg/detail/mecharm_gripper_status__description.c
[0.984s] -- Up-to-date: /home/amin/cobot/cobot_ws/install/mecharm_interfaces/include/mecharm_interfaces/mecharm_interfaces/msg/detail/mecharm_angles__type_support.h
[0.984s] -- Up-to-date: /home/amin/cobot/cobot_ws/install/mecharm_interfaces/include/mecharm_interfaces/mecharm_interfaces/msg/detail/mecharm_gripper_status__functions.h
[0.984s] -- Up-to-date: /home/amin/cobot/cobot_ws/install/mecharm_interfaces/include/mecharm_interfaces/mecharm_interfaces/msg/detail/mecharm_set_angles__type_support.h
[0.984s] -- Up-to-date: /home/amin/cobot/cobot_ws/install/mecharm_interfaces/include/mecharm_interfaces/mecharm_interfaces/msg/detail/mecharm_pump_status__functions.c
[0.985s] -- Up-to-date: /home/amin/cobot/cobot_ws/install/mecharm_interfaces/include/mecharm_interfaces/mecharm_interfaces/msg/detail/mecharm_angles__functions.h
[0.985s] -- Up-to-date: /home/amin/cobot/cobot_ws/install/mecharm_interfaces/include/mecharm_interfaces/mecharm_interfaces/msg/detail/mecharm_gripper_status__struct.h
[0.985s] -- Up-to-date: /home/amin/cobot/cobot_ws/install/mecharm_interfaces/include/mecharm_interfaces/mecharm_interfaces/msg/detail/mecharm_gripper_status__functions.c
[0.986s] -- Up-to-date: /home/amin/cobot/cobot_ws/install/mecharm_interfaces/include/mecharm_interfaces/mecharm_interfaces/msg/detail/mecharm_coords__struct.h
[0.986s] -- Up-to-date: /home/amin/cobot/cobot_ws/install/mecharm_interfaces/include/mecharm_interfaces/mecharm_interfaces/msg/detail/mecharm_coords__functions.h
[0.986s] -- Up-to-date: /home/amin/cobot/cobot_ws/install/mecharm_interfaces/include/mecharm_interfaces/mecharm_interfaces/msg/detail/mecharm_set_angles__struct.h
[0.986s] -- Up-to-date: /home/amin/cobot/cobot_ws/install/mecharm_interfaces/include/mecharm_interfaces/mecharm_interfaces/msg/detail/mecharm_coords__type_support.h
[0.986s] -- Installing: /home/amin/cobot/cobot_ws/install/mecharm_interfaces/include/mecharm_interfaces/mecharm_interfaces/msg/detail/mecharm_angles__type_support.c
[0.986s] -- Installing: /home/amin/cobot/cobot_ws/install/mecharm_interfaces/include/mecharm_interfaces/mecharm_interfaces/msg/detail/mecharm_coords__type_support.c
[0.987s] -- Up-to-date: /home/amin/cobot/cobot_ws/install/mecharm_interfaces/include/mecharm_interfaces/mecharm_interfaces/msg/detail/mecharm_set_angles__functions.h
[0.987s] -- Up-to-date: /home/amin/cobot/cobot_ws/install/mecharm_interfaces/include/mecharm_interfaces/mecharm_interfaces/msg/detail/mecharm_pump_status__description.c
[0.987s] -- Up-to-date: /home/amin/cobot/cobot_ws/install/mecharm_interfaces/include/mecharm_interfaces/mecharm_interfaces/msg/detail/mecharm_set_coords__type_support.h
[0.987s] -- Up-to-date: /home/amin/cobot/cobot_ws/install/mecharm_interfaces/include/mecharm_interfaces/mecharm_interfaces/msg/detail/mecharm_set_coords__functions.c
[0.988s] -- Up-to-date: /home/amin/cobot/cobot_ws/install/mecharm_interfaces/include/mecharm_interfaces/mecharm_interfaces/msg/detail/mecharm_pump_status__struct.h
[0.988s] -- Installing: /home/amin/cobot/cobot_ws/install/mecharm_interfaces/include/mecharm_interfaces/mecharm_interfaces/msg/detail/mecharm_set_angles__type_support.c
[0.988s] -- Up-to-date: /home/amin/cobot/cobot_ws/install/mecharm_interfaces/include/mecharm_interfaces/mecharm_interfaces/msg/detail/mecharm_set_angles__description.c
[0.988s] -- Installing: /home/amin/cobot/cobot_ws/install/mecharm_interfaces/include/mecharm_interfaces/mecharm_interfaces/msg/detail/mecharm_gripper_status__type_support.c
[0.988s] -- Up-to-date: /home/amin/cobot/cobot_ws/install/mecharm_interfaces/include/mecharm_interfaces/mecharm_interfaces/msg/detail/mecharm_set_coords__description.c
[0.988s] -- Up-to-date: /home/amin/cobot/cobot_ws/install/mecharm_interfaces/include/mecharm_interfaces/mecharm_interfaces/msg/detail/mecharm_set_coords__struct.h
[0.988s] -- Up-to-date: /home/amin/cobot/cobot_ws/install/mecharm_interfaces/include/mecharm_interfaces/mecharm_interfaces/msg/detail/mecharm_coords__functions.c
[0.988s] -- Up-to-date: /home/amin/cobot/cobot_ws/install/mecharm_interfaces/include/mecharm_interfaces/mecharm_interfaces/msg/detail/mecharm_set_angles__functions.c
[0.989s] -- Up-to-date: /home/amin/cobot/cobot_ws/install/mecharm_interfaces/include/mecharm_interfaces/mecharm_interfaces/msg/detail/mecharm_pump_status__type_support.h
[0.989s] -- Up-to-date: /home/amin/cobot/cobot_ws/install/mecharm_interfaces/include/mecharm_interfaces/mecharm_interfaces/msg/rosidl_generator_c__visibility_control.h
[0.989s] -- Up-to-date: /home/amin/cobot/cobot_ws/install/mecharm_interfaces/include/mecharm_interfaces/mecharm_interfaces/msg/mecharm_set_coords.h
[0.989s] -- Up-to-date: /home/amin/cobot/cobot_ws/install/mecharm_interfaces/include/mecharm_interfaces/mecharm_interfaces/msg/mecharm_angles.h
[0.990s] -- Up-to-date: /home/amin/cobot/cobot_ws/install/mecharm_interfaces/include/mecharm_interfaces/mecharm_interfaces/msg/mecharm_gripper_status.h
[0.990s] -- Up-to-date: /home/amin/cobot/cobot_ws/install/mecharm_interfaces/share/mecharm_interfaces/environment/library_path.sh
[0.990s] -- Up-to-date: /home/amin/cobot/cobot_ws/install/mecharm_interfaces/share/mecharm_interfaces/environment/library_path.dsv
[0.991s] -- Up-to-date: /home/amin/cobot/cobot_ws/install/mecharm_interfaces/lib/libmecharm_interfaces__rosidl_generator_c.so
[0.991s] -- Up-to-date: /home/amin/cobot/cobot_ws/install/mecharm_interfaces/include/mecharm_interfaces/mecharm_interfaces
[0.991s] -- Up-to-date: /home/amin/cobot/cobot_ws/install/mecharm_interfaces/include/mecharm_interfaces/mecharm_interfaces/srv
[0.993s] -- Up-to-date: /home/amin/cobot/cobot_ws/install/mecharm_interfaces/include/mecharm_interfaces/mecharm_interfaces/srv/detail
[0.993s] -- Up-to-date: /home/amin/cobot/cobot_ws/install/mecharm_interfaces/include/mecharm_interfaces/mecharm_interfaces/srv/detail/pump_status__rosidl_typesupport_fastrtps_c.h
[0.993s] -- Up-to-date: /home/amin/cobot/cobot_ws/install/mecharm_interfaces/include/mecharm_interfaces/mecharm_interfaces/srv/detail/get_coords__rosidl_typesupport_fastrtps_c.h
[0.993s] -- Up-to-date: /home/amin/cobot/cobot_ws/install/mecharm_interfaces/include/mecharm_interfaces/mecharm_interfaces/srv/detail/get_angles__rosidl_typesupport_fastrtps_c.h
[0.993s] -- Up-to-date: /home/amin/cobot/cobot_ws/install/mecharm_interfaces/include/mecharm_interfaces/mecharm_interfaces/srv/detail/set_angles__rosidl_typesupport_fastrtps_c.h
[0.993s] -- Up-to-date: /home/amin/cobot/cobot_ws/install/mecharm_interfaces/include/mecharm_interfaces/mecharm_interfaces/srv/detail/gripper_status__rosidl_typesupport_fastrtps_c.h
[0.994s] -- Up-to-date: /home/amin/cobot/cobot_ws/install/mecharm_interfaces/include/mecharm_interfaces/mecharm_interfaces/srv/detail/set_coords__rosidl_typesupport_fastrtps_c.h
[0.994s] -- Up-to-date: /home/amin/cobot/cobot_ws/install/mecharm_interfaces/include/mecharm_interfaces/mecharm_interfaces/msg
[0.994s] -- Up-to-date: /home/amin/cobot/cobot_ws/install/mecharm_interfaces/include/mecharm_interfaces/mecharm_interfaces/msg/detail
[0.994s] -- Up-to-date: /home/amin/cobot/cobot_ws/install/mecharm_interfaces/include/mecharm_interfaces/mecharm_interfaces/msg/detail/mecharm_set_coords__rosidl_typesupport_fastrtps_c.h
[0.994s] -- Up-to-date: /home/amin/cobot/cobot_ws/install/mecharm_interfaces/include/mecharm_interfaces/mecharm_interfaces/msg/detail/mecharm_angles__rosidl_typesupport_fastrtps_c.h
[0.994s] -- Up-to-date: /home/amin/cobot/cobot_ws/install/mecharm_interfaces/include/mecharm_interfaces/mecharm_interfaces/msg/detail/mecharm_coords__rosidl_typesupport_fastrtps_c.h
[0.994s] -- Up-to-date: /home/amin/cobot/cobot_ws/install/mecharm_interfaces/include/mecharm_interfaces/mecharm_interfaces/msg/detail/mecharm_gripper_status__rosidl_typesupport_fastrtps_c.h
[0.994s] -- Up-to-date: /home/amin/cobot/cobot_ws/install/mecharm_interfaces/include/mecharm_interfaces/mecharm_interfaces/msg/detail/mecharm_set_angles__rosidl_typesupport_fastrtps_c.h
[0.994s] -- Up-to-date: /home/amin/cobot/cobot_ws/install/mecharm_interfaces/include/mecharm_interfaces/mecharm_interfaces/msg/detail/mecharm_pump_status__rosidl_typesupport_fastrtps_c.h
[0.995s] -- Up-to-date: /home/amin/cobot/cobot_ws/install/mecharm_interfaces/include/mecharm_interfaces/mecharm_interfaces/msg/rosidl_typesupport_fastrtps_c__visibility_control.h
[0.995s] -- Up-to-date: /home/amin/cobot/cobot_ws/install/mecharm_interfaces/lib/libmecharm_interfaces__rosidl_typesupport_fastrtps_c.so
[0.995s] -- Up-to-date: /home/amin/cobot/cobot_ws/install/mecharm_interfaces/include/mecharm_interfaces/mecharm_interfaces
[0.995s] -- Up-to-date: /home/amin/cobot/cobot_ws/install/mecharm_interfaces/include/mecharm_interfaces/mecharm_interfaces/srv
[0.995s] -- Up-to-date: /home/amin/cobot/cobot_ws/install/mecharm_interfaces/include/mecharm_interfaces/mecharm_interfaces/srv/detail
[0.995s] -- Installing: /home/amin/cobot/cobot_ws/install/mecharm_interfaces/include/mecharm_interfaces/mecharm_interfaces/srv/detail/pump_status__type_support.c
[0.995s] -- Installing: /home/amin/cobot/cobot_ws/install/mecharm_interfaces/include/mecharm_interfaces/mecharm_interfaces/srv/detail/get_coords__type_support.c
[0.995s] -- Up-to-date: /home/amin/cobot/cobot_ws/install/mecharm_interfaces/include/mecharm_interfaces/mecharm_interfaces/srv/detail/set_angles__rosidl_typesupport_introspection_c.h
[0.995s] -- Installing: /home/amin/cobot/cobot_ws/install/mecharm_interfaces/include/mecharm_interfaces/mecharm_interfaces/srv/detail/set_coords__type_support.c
[0.995s] -- Installing: /home/amin/cobot/cobot_ws/install/mecharm_interfaces/include/mecharm_interfaces/mecharm_interfaces/srv/detail/set_angles__type_support.c
[0.995s] -- Up-to-date: /home/amin/cobot/cobot_ws/install/mecharm_interfaces/include/mecharm_interfaces/mecharm_interfaces/srv/detail/pump_status__rosidl_typesupport_introspection_c.h
[0.995s] -- Installing: /home/amin/cobot/cobot_ws/install/mecharm_interfaces/include/mecharm_interfaces/mecharm_interfaces/srv/detail/get_angles__type_support.c
[0.995s] -- Up-to-date: /home/amin/cobot/cobot_ws/install/mecharm_interfaces/include/mecharm_interfaces/mecharm_interfaces/srv/detail/get_angles__rosidl_typesupport_introspection_c.h
[0.996s] -- Installing: /home/amin/cobot/cobot_ws/install/mecharm_interfaces/include/mecharm_interfaces/mecharm_interfaces/srv/detail/gripper_status__type_support.c
[0.996s] -- Up-to-date: /home/amin/cobot/cobot_ws/install/mecharm_interfaces/include/mecharm_interfaces/mecharm_interfaces/srv/detail/set_coords__rosidl_typesupport_introspection_c.h
[0.996s] -- Up-to-date: /home/amin/cobot/cobot_ws/install/mecharm_interfaces/include/mecharm_interfaces/mecharm_interfaces/srv/detail/get_coords__rosidl_typesupport_introspection_c.h
[0.996s] -- Up-to-date: /home/amin/cobot/cobot_ws/install/mecharm_interfaces/include/mecharm_interfaces/mecharm_interfaces/srv/detail/gripper_status__rosidl_typesupport_introspection_c.h
[0.996s] -- Up-to-date: /home/amin/cobot/cobot_ws/install/mecharm_interfaces/include/mecharm_interfaces/mecharm_interfaces/msg
[0.996s] -- Up-to-date: /home/amin/cobot/cobot_ws/install/mecharm_interfaces/include/mecharm_interfaces/mecharm_interfaces/msg/detail
[0.996s] -- Installing: /home/amin/cobot/cobot_ws/install/mecharm_interfaces/include/mecharm_interfaces/mecharm_interfaces/msg/detail/mecharm_pump_status__type_support.c
[0.996s] -- Installing: /home/amin/cobot/cobot_ws/install/mecharm_interfaces/include/mecharm_interfaces/mecharm_interfaces/msg/detail/mecharm_set_coords__type_support.c
[0.997s] -- Up-to-date: /home/amin/cobot/cobot_ws/install/mecharm_interfaces/include/mecharm_interfaces/mecharm_interfaces/msg/detail/mecharm_set_coords__rosidl_typesupport_introspection_c.h
[0.997s] -- Installing: /home/amin/cobot/cobot_ws/install/mecharm_interfaces/include/mecharm_interfaces/mecharm_interfaces/msg/detail/mecharm_angles__type_support.c
[0.997s] -- Installing: /home/amin/cobot/cobot_ws/install/mecharm_interfaces/include/mecharm_interfaces/mecharm_interfaces/msg/detail/mecharm_coords__type_support.c
[0.997s] -- Up-to-date: /home/amin/cobot/cobot_ws/install/mecharm_interfaces/include/mecharm_interfaces/mecharm_interfaces/msg/detail/mecharm_coords__rosidl_typesupport_introspection_c.h
[0.997s] -- Up-to-date: /home/amin/cobot/cobot_ws/install/mecharm_interfaces/include/mecharm_interfaces/mecharm_interfaces/msg/detail/mecharm_pump_status__rosidl_typesupport_introspection_c.h
[0.997s] -- Installing: /home/amin/cobot/cobot_ws/install/mecharm_interfaces/include/mecharm_interfaces/mecharm_interfaces/msg/detail/mecharm_set_angles__type_support.c
[0.997s] -- Installing: /home/amin/cobot/cobot_ws/install/mecharm_interfaces/include/mecharm_interfaces/mecharm_interfaces/msg/detail/mecharm_gripper_status__type_support.c
[0.997s] -- Up-to-date: /home/amin/cobot/cobot_ws/install/mecharm_interfaces/include/mecharm_interfaces/mecharm_interfaces/msg/detail/mecharm_set_angles__rosidl_typesupport_introspection_c.h
[0.997s] -- Up-to-date: /home/amin/cobot/cobot_ws/install/mecharm_interfaces/include/mecharm_interfaces/mecharm_interfaces/msg/detail/mecharm_angles__rosidl_typesupport_introspection_c.h
[0.997s] -- Up-to-date: /home/amin/cobot/cobot_ws/install/mecharm_interfaces/include/mecharm_interfaces/mecharm_interfaces/msg/detail/mecharm_gripper_status__rosidl_typesupport_introspection_c.h
[0.998s] -- Up-to-date: /home/amin/cobot/cobot_ws/install/mecharm_interfaces/include/mecharm_interfaces/mecharm_interfaces/msg/rosidl_typesupport_introspection_c__visibility_control.h
[0.998s] -- Up-to-date: /home/amin/cobot/cobot_ws/install/mecharm_interfaces/lib/libmecharm_interfaces__rosidl_typesupport_introspection_c.so
[0.998s] -- Up-to-date: /home/amin/cobot/cobot_ws/install/mecharm_interfaces/lib/libmecharm_interfaces__rosidl_typesupport_c.so
[0.999s] -- Up-to-date: /home/amin/cobot/cobot_ws/install/mecharm_interfaces/include/mecharm_interfaces/mecharm_interfaces
[0.999s] -- Up-to-date: /home/amin/cobot/cobot_ws/install/mecharm_interfaces/include/mecharm_interfaces/mecharm_interfaces/srv
[1.000s] -- Up-to-date: /home/amin/cobot/cobot_ws/install/mecharm_interfaces/include/mecharm_interfaces/mecharm_interfaces/srv/set_angles.hpp
[1.000s] -- Up-to-date: /home/amin/cobot/cobot_ws/install/mecharm_interfaces/include/mecharm_interfaces/mecharm_interfaces/srv/get_coords.hpp
[1.000s] -- Up-to-date: /home/amin/cobot/cobot_ws/install/mecharm_interfaces/include/mecharm_interfaces/mecharm_interfaces/srv/gripper_status.hpp
[1.000s] -- Up-to-date: /home/amin/cobot/cobot_ws/install/mecharm_interfaces/include/mecharm_interfaces/mecharm_interfaces/srv/detail
[1.000s] -- Up-to-date: /home/amin/cobot/cobot_ws/install/mecharm_interfaces/include/mecharm_interfaces/mecharm_interfaces/srv/detail/get_coords__type_support.hpp
[1.000s] -- Up-to-date: /home/amin/cobot/cobot_ws/install/mecharm_interfaces/include/mecharm_interfaces/mecharm_interfaces/srv/detail/get_angles__builder.hpp
[1.000s] -- Up-to-date: /home/amin/cobot/cobot_ws/install/mecharm_interfaces/include/mecharm_interfaces/mecharm_interfaces/srv/detail/gripper_status__type_support.hpp
[1.000s] -- Up-to-date: /home/amin/cobot/cobot_ws/install/mecharm_interfaces/include/mecharm_interfaces/mecharm_interfaces/srv/detail/set_angles__traits.hpp
[1.001s] -- Up-to-date: /home/amin/cobot/cobot_ws/install/mecharm_interfaces/include/mecharm_interfaces/mecharm_interfaces/srv/detail/set_angles__builder.hpp
[1.001s] -- Up-to-date: /home/amin/cobot/cobot_ws/install/mecharm_interfaces/include/mecharm_interfaces/mecharm_interfaces/srv/detail/gripper_status__struct.hpp
[1.001s] -- Up-to-date: /home/amin/cobot/cobot_ws/install/mecharm_interfaces/include/mecharm_interfaces/mecharm_interfaces/srv/detail/gripper_status__traits.hpp
[1.001s] -- Up-to-date: /home/amin/cobot/cobot_ws/install/mecharm_interfaces/include/mecharm_interfaces/mecharm_interfaces/srv/detail/set_coords__struct.hpp
[1.001s] -- Up-to-date: /home/amin/cobot/cobot_ws/install/mecharm_interfaces/include/mecharm_interfaces/mecharm_interfaces/srv/detail/pump_status__builder.hpp
[1.001s] -- Up-to-date: /home/amin/cobot/cobot_ws/install/mecharm_interfaces/include/mecharm_interfaces/mecharm_interfaces/srv/detail/set_coords__builder.hpp
[1.001s] -- Up-to-date: /home/amin/cobot/cobot_ws/install/mecharm_interfaces/include/mecharm_interfaces/mecharm_interfaces/srv/detail/pump_status__type_support.hpp
[1.001s] -- Up-to-date: /home/amin/cobot/cobot_ws/install/mecharm_interfaces/include/mecharm_interfaces/mecharm_interfaces/srv/detail/get_coords__struct.hpp
[1.001s] -- Up-to-date: /home/amin/cobot/cobot_ws/install/mecharm_interfaces/include/mecharm_interfaces/mecharm_interfaces/srv/detail/gripper_status__builder.hpp
[1.001s] -- Up-to-date: /home/amin/cobot/cobot_ws/install/mecharm_interfaces/include/mecharm_interfaces/mecharm_interfaces/srv/detail/pump_status__traits.hpp
[1.001s] -- Up-to-date: /home/amin/cobot/cobot_ws/install/mecharm_interfaces/include/mecharm_interfaces/mecharm_interfaces/srv/detail/get_angles__type_support.hpp
[1.001s] -- Up-to-date: /home/amin/cobot/cobot_ws/install/mecharm_interfaces/include/mecharm_interfaces/mecharm_interfaces/srv/detail/get_coords__traits.hpp
[1.001s] -- Up-to-date: /home/amin/cobot/cobot_ws/install/mecharm_interfaces/include/mecharm_interfaces/mecharm_interfaces/srv/detail/set_angles__struct.hpp
[1.001s] -- Up-to-date: /home/amin/cobot/cobot_ws/install/mecharm_interfaces/include/mecharm_interfaces/mecharm_interfaces/srv/detail/get_angles__traits.hpp
[1.001s] -- Up-to-date: /home/amin/cobot/cobot_ws/install/mecharm_interfaces/include/mecharm_interfaces/mecharm_interfaces/srv/detail/get_coords__builder.hpp
[1.001s] -- Up-to-date: /home/amin/cobot/cobot_ws/install/mecharm_interfaces/include/mecharm_interfaces/mecharm_interfaces/srv/detail/set_coords__type_support.hpp
[1.002s] -- Up-to-date: /home/amin/cobot/cobot_ws/install/mecharm_interfaces/include/mecharm_interfaces/mecharm_interfaces/srv/detail/set_angles__type_support.hpp
[1.002s] -- Up-to-date: /home/amin/cobot/cobot_ws/install/mecharm_interfaces/include/mecharm_interfaces/mecharm_interfaces/srv/detail/set_coords__traits.hpp
[1.003s] -- Up-to-date: /home/amin/cobot/cobot_ws/install/mecharm_interfaces/include/mecharm_interfaces/mecharm_interfaces/srv/detail/get_angles__struct.hpp
[1.003s] -- Up-to-date: /home/amin/cobot/cobot_ws/install/mecharm_interfaces/include/mecharm_interfaces/mecharm_interfaces/srv/detail/pump_status__struct.hpp
[1.003s] -- Up-to-date: /home/amin/cobot/cobot_ws/install/mecharm_interfaces/include/mecharm_interfaces/mecharm_interfaces/srv/set_coords.hpp
[1.003s] -- Up-to-date: /home/amin/cobot/cobot_ws/install/mecharm_interfaces/include/mecharm_interfaces/mecharm_interfaces/srv/get_angles.hpp
[1.004s] -- Up-to-date: /home/amin/cobot/cobot_ws/install/mecharm_interfaces/include/mecharm_interfaces/mecharm_interfaces/srv/pump_status.hpp
[1.004s] -- Up-to-date: /home/amin/cobot/cobot_ws/install/mecharm_interfaces/include/mecharm_interfaces/mecharm_interfaces/msg
[1.004s] -- Up-to-date: /home/amin/cobot/cobot_ws/install/mecharm_interfaces/include/mecharm_interfaces/mecharm_interfaces/msg/detail
[1.004s] -- Up-to-date: /home/amin/cobot/cobot_ws/install/mecharm_interfaces/include/mecharm_interfaces/mecharm_interfaces/msg/detail/mecharm_gripper_status__traits.hpp
[1.004s] -- Up-to-date: /home/amin/cobot/cobot_ws/install/mecharm_interfaces/include/mecharm_interfaces/mecharm_interfaces/msg/detail/mecharm_pump_status__type_support.hpp
[1.004s] -- Up-to-date: /home/amin/cobot/cobot_ws/install/mecharm_interfaces/include/mecharm_interfaces/mecharm_interfaces/msg/detail/mecharm_pump_status__struct.hpp
[1.005s] -- Up-to-date: /home/amin/cobot/cobot_ws/install/mecharm_interfaces/include/mecharm_interfaces/mecharm_interfaces/msg/detail/mecharm_angles__struct.hpp
[1.005s] -- Up-to-date: /home/amin/cobot/cobot_ws/install/mecharm_interfaces/include/mecharm_interfaces/mecharm_interfaces/msg/detail/mecharm_coords__struct.hpp
[1.005s] -- Up-to-date: /home/amin/cobot/cobot_ws/install/mecharm_interfaces/include/mecharm_interfaces/mecharm_interfaces/msg/detail/mecharm_pump_status__traits.hpp
[1.005s] -- Up-to-date: /home/amin/cobot/cobot_ws/install/mecharm_interfaces/include/mecharm_interfaces/mecharm_interfaces/msg/detail/mecharm_set_coords__traits.hpp
[1.005s] -- Up-to-date: /home/amin/cobot/cobot_ws/install/mecharm_interfaces/include/mecharm_interfaces/mecharm_interfaces/msg/detail/mecharm_angles__traits.hpp
[1.006s] -- Up-to-date: /home/amin/cobot/cobot_ws/install/mecharm_interfaces/include/mecharm_interfaces/mecharm_interfaces/msg/detail/mecharm_angles__builder.hpp
[1.006s] -- Up-to-date: /home/amin/cobot/cobot_ws/install/mecharm_interfaces/include/mecharm_interfaces/mecharm_interfaces/msg/detail/mecharm_set_coords__builder.hpp
[1.006s] -- Up-to-date: /home/amin/cobot/cobot_ws/install/mecharm_interfaces/include/mecharm_interfaces/mecharm_interfaces/msg/detail/mecharm_set_coords__type_support.hpp
[1.006s] -- Up-to-date: /home/amin/cobot/cobot_ws/install/mecharm_interfaces/include/mecharm_interfaces/mecharm_interfaces/msg/detail/mecharm_set_angles__type_support.hpp
[1.007s] -- Up-to-date: /home/amin/cobot/cobot_ws/install/mecharm_interfaces/include/mecharm_interfaces/mecharm_interfaces/msg/detail/mecharm_gripper_status__builder.hpp
[1.007s] -- Up-to-date: /home/amin/cobot/cobot_ws/install/mecharm_interfaces/include/mecharm_interfaces/mecharm_interfaces/msg/detail/mecharm_set_angles__builder.hpp
[1.007s] -- Up-to-date: /home/amin/cobot/cobot_ws/install/mecharm_interfaces/include/mecharm_interfaces/mecharm_interfaces/msg/detail/mecharm_gripper_status__struct.hpp
[1.007s] -- Up-to-date: /home/amin/cobot/cobot_ws/install/mecharm_interfaces/include/mecharm_interfaces/mecharm_interfaces/msg/detail/mecharm_coords__type_support.hpp
[1.007s] -- Up-to-date: /home/amin/cobot/cobot_ws/install/mecharm_interfaces/include/mecharm_interfaces/mecharm_interfaces/msg/detail/mecharm_set_coords__struct.hpp
[1.007s] -- Up-to-date: /home/amin/cobot/cobot_ws/install/mecharm_interfaces/include/mecharm_interfaces/mecharm_interfaces/msg/detail/mecharm_coords__builder.hpp
[1.008s] -- Up-to-date: /home/amin/cobot/cobot_ws/install/mecharm_interfaces/include/mecharm_interfaces/mecharm_interfaces/msg/detail/mecharm_angles__type_support.hpp
[1.008s] -- Up-to-date: /home/amin/cobot/cobot_ws/install/mecharm_interfaces/include/mecharm_interfaces/mecharm_interfaces/msg/detail/mecharm_gripper_status__type_support.hpp
[1.008s] -- Up-to-date: /home/amin/cobot/cobot_ws/install/mecharm_interfaces/include/mecharm_interfaces/mecharm_interfaces/msg/detail/mecharm_set_angles__traits.hpp
[1.008s] -- Up-to-date: /home/amin/cobot/cobot_ws/install/mecharm_interfaces/include/mecharm_interfaces/mecharm_interfaces/msg/detail/mecharm_set_angles__struct.hpp
[1.008s] -- Up-to-date: /home/amin/cobot/cobot_ws/install/mecharm_interfaces/include/mecharm_interfaces/mecharm_interfaces/msg/detail/mecharm_coords__traits.hpp
[1.008s] -- Up-to-date: /home/amin/cobot/cobot_ws/install/mecharm_interfaces/include/mecharm_interfaces/mecharm_interfaces/msg/detail/mecharm_pump_status__builder.hpp
[1.008s] -- Up-to-date: /home/amin/cobot/cobot_ws/install/mecharm_interfaces/include/mecharm_interfaces/mecharm_interfaces/msg/mecharm_pump_status.hpp
[1.008s] -- Up-to-date: /home/amin/cobot/cobot_ws/install/mecharm_interfaces/include/mecharm_interfaces/mecharm_interfaces/msg/mecharm_gripper_status.hpp
[1.008s] -- Up-to-date: /home/amin/cobot/cobot_ws/install/mecharm_interfaces/include/mecharm_interfaces/mecharm_interfaces/msg/mecharm_set_coords.hpp
[1.008s] -- Up-to-date: /home/amin/cobot/cobot_ws/install/mecharm_interfaces/include/mecharm_interfaces/mecharm_interfaces/msg/mecharm_coords.hpp
[1.009s] -- Up-to-date: /home/amin/cobot/cobot_ws/install/mecharm_interfaces/include/mecharm_interfaces/mecharm_interfaces/msg/mecharm_set_angles.hpp
[1.009s] -- Up-to-date: /home/amin/cobot/cobot_ws/install/mecharm_interfaces/include/mecharm_interfaces/mecharm_interfaces/msg/mecharm_angles.hpp
[1.009s] -- Up-to-date: /home/amin/cobot/cobot_ws/install/mecharm_interfaces/include/mecharm_interfaces/mecharm_interfaces/msg/rosidl_generator_cpp__visibility_control.hpp
[1.009s] -- Up-to-date: /home/amin/cobot/cobot_ws/install/mecharm_interfaces/include/mecharm_interfaces/mecharm_interfaces
[1.009s] -- Up-to-date: /home/amin/cobot/cobot_ws/install/mecharm_interfaces/include/mecharm_interfaces/mecharm_interfaces/srv
[1.009s] -- Up-to-date: /home/amin/cobot/cobot_ws/install/mecharm_interfaces/include/mecharm_interfaces/mecharm_interfaces/srv/detail
[1.009s] -- Up-to-date: /home/amin/cobot/cobot_ws/install/mecharm_interfaces/include/mecharm_interfaces/mecharm_interfaces/srv/detail/gripper_status__rosidl_typesupport_fastrtps_cpp.hpp
[1.009s] -- Up-to-date: /home/amin/cobot/cobot_ws/install/mecharm_interfaces/include/mecharm_interfaces/mecharm_interfaces/srv/detail/pump_status__rosidl_typesupport_fastrtps_cpp.hpp
[1.009s] -- Up-to-date: /home/amin/cobot/cobot_ws/install/mecharm_interfaces/include/mecharm_interfaces/mecharm_interfaces/srv/detail/dds_fastrtps
[1.010s] -- Up-to-date: /home/amin/cobot/cobot_ws/install/mecharm_interfaces/include/mecharm_interfaces/mecharm_interfaces/srv/detail/get_angles__rosidl_typesupport_fastrtps_cpp.hpp
[1.010s] -- Up-to-date: /home/amin/cobot/cobot_ws/install/mecharm_interfaces/include/mecharm_interfaces/mecharm_interfaces/srv/detail/set_coords__rosidl_typesupport_fastrtps_cpp.hpp
[1.010s] -- Up-to-date: /home/amin/cobot/cobot_ws/install/mecharm_interfaces/include/mecharm_interfaces/mecharm_interfaces/srv/detail/get_coords__rosidl_typesupport_fastrtps_cpp.hpp
[1.010s] -- Up-to-date: /home/amin/cobot/cobot_ws/install/mecharm_interfaces/include/mecharm_interfaces/mecharm_interfaces/srv/detail/set_angles__rosidl_typesupport_fastrtps_cpp.hpp
[1.010s] -- Up-to-date: /home/amin/cobot/cobot_ws/install/mecharm_interfaces/include/mecharm_interfaces/mecharm_interfaces/msg
[1.010s] -- Up-to-date: /home/amin/cobot/cobot_ws/install/mecharm_interfaces/include/mecharm_interfaces/mecharm_interfaces/msg/detail
[1.010s] -- Up-to-date: /home/amin/cobot/cobot_ws/install/mecharm_interfaces/include/mecharm_interfaces/mecharm_interfaces/msg/detail/dds_fastrtps
[1.011s] -- Up-to-date: /home/amin/cobot/cobot_ws/install/mecharm_interfaces/include/mecharm_interfaces/mecharm_interfaces/msg/detail/mecharm_pump_status__rosidl_typesupport_fastrtps_cpp.hpp
[1.011s] -- Up-to-date: /home/amin/cobot/cobot_ws/install/mecharm_interfaces/include/mecharm_interfaces/mecharm_interfaces/msg/detail/mecharm_set_coords__rosidl_typesupport_fastrtps_cpp.hpp
[1.011s] -- Up-to-date: /home/amin/cobot/cobot_ws/install/mecharm_interfaces/include/mecharm_interfaces/mecharm_interfaces/msg/detail/mecharm_angles__rosidl_typesupport_fastrtps_cpp.hpp
[1.011s] -- Up-to-date: /home/amin/cobot/cobot_ws/install/mecharm_interfaces/include/mecharm_interfaces/mecharm_interfaces/msg/detail/mecharm_set_angles__rosidl_typesupport_fastrtps_cpp.hpp
[1.011s] -- Up-to-date: /home/amin/cobot/cobot_ws/install/mecharm_interfaces/include/mecharm_interfaces/mecharm_interfaces/msg/detail/mecharm_coords__rosidl_typesupport_fastrtps_cpp.hpp
[1.011s] -- Up-to-date: /home/amin/cobot/cobot_ws/install/mecharm_interfaces/include/mecharm_interfaces/mecharm_interfaces/msg/detail/mecharm_gripper_status__rosidl_typesupport_fastrtps_cpp.hpp
[1.011s] -- Up-to-date: /home/amin/cobot/cobot_ws/install/mecharm_interfaces/include/mecharm_interfaces/mecharm_interfaces/msg/rosidl_typesupport_fastrtps_cpp__visibility_control.h
[1.011s] -- Up-to-date: /home/amin/cobot/cobot_ws/install/mecharm_interfaces/lib/libmecharm_interfaces__rosidl_typesupport_fastrtps_cpp.so
[1.011s] -- Up-to-date: /home/amin/cobot/cobot_ws/install/mecharm_interfaces/include/mecharm_interfaces/mecharm_interfaces
[1.012s] -- Up-to-date: /home/amin/cobot/cobot_ws/install/mecharm_interfaces/include/mecharm_interfaces/mecharm_interfaces/srv
[1.012s] -- Up-to-date: /home/amin/cobot/cobot_ws/install/mecharm_interfaces/include/mecharm_interfaces/mecharm_interfaces/srv/detail
[1.012s] -- Up-to-date: /home/amin/cobot/cobot_ws/install/mecharm_interfaces/include/mecharm_interfaces/mecharm_interfaces/srv/detail/set_coords__type_support.cpp
[1.012s] -- Up-to-date: /home/amin/cobot/cobot_ws/install/mecharm_interfaces/include/mecharm_interfaces/mecharm_interfaces/srv/detail/pump_status__rosidl_typesupport_introspection_cpp.hpp
[1.012s] -- Up-to-date: /home/amin/cobot/cobot_ws/install/mecharm_interfaces/include/mecharm_interfaces/mecharm_interfaces/srv/detail/gripper_status__type_support.cpp
[1.012s] -- Up-to-date: /home/amin/cobot/cobot_ws/install/mecharm_interfaces/include/mecharm_interfaces/mecharm_interfaces/srv/detail/gripper_status__rosidl_typesupport_introspection_cpp.hpp
[1.012s] -- Up-to-date: /home/amin/cobot/cobot_ws/install/mecharm_interfaces/include/mecharm_interfaces/mecharm_interfaces/srv/detail/get_coords__type_support.cpp
[1.012s] -- Up-to-date: /home/amin/cobot/cobot_ws/install/mecharm_interfaces/include/mecharm_interfaces/mecharm_interfaces/srv/detail/set_angles__rosidl_typesupport_introspection_cpp.hpp
[1.012s] -- Up-to-date: /home/amin/cobot/cobot_ws/install/mecharm_interfaces/include/mecharm_interfaces/mecharm_interfaces/srv/detail/set_angles__type_support.cpp
[1.013s] -- Up-to-date: /home/amin/cobot/cobot_ws/install/mecharm_interfaces/include/mecharm_interfaces/mecharm_interfaces/srv/detail/get_angles__type_support.cpp
[1.013s] -- Up-to-date: /home/amin/cobot/cobot_ws/install/mecharm_interfaces/include/mecharm_interfaces/mecharm_interfaces/srv/detail/pump_status__type_support.cpp
[1.013s] -- Up-to-date: /home/amin/cobot/cobot_ws/install/mecharm_interfaces/include/mecharm_interfaces/mecharm_interfaces/srv/detail/get_angles__rosidl_typesupport_introspection_cpp.hpp
[1.013s] -- Up-to-date: /home/amin/cobot/cobot_ws/install/mecharm_interfaces/include/mecharm_interfaces/mecharm_interfaces/srv/detail/set_coords__rosidl_typesupport_introspection_cpp.hpp
[1.013s] -- Up-to-date: /home/amin/cobot/cobot_ws/install/mecharm_interfaces/include/mecharm_interfaces/mecharm_interfaces/srv/detail/get_coords__rosidl_typesupport_introspection_cpp.hpp
[1.013s] -- Up-to-date: /home/amin/cobot/cobot_ws/install/mecharm_interfaces/include/mecharm_interfaces/mecharm_interfaces/msg
[1.013s] -- Up-to-date: /home/amin/cobot/cobot_ws/install/mecharm_interfaces/include/mecharm_interfaces/mecharm_interfaces/msg/detail
[1.013s] -- Up-to-date: /home/amin/cobot/cobot_ws/install/mecharm_interfaces/include/mecharm_interfaces/mecharm_interfaces/msg/detail/mecharm_coords__rosidl_typesupport_introspection_cpp.hpp
[1.014s] -- Up-to-date: /home/amin/cobot/cobot_ws/install/mecharm_interfaces/include/mecharm_interfaces/mecharm_interfaces/msg/detail/mecharm_gripper_status__type_support.cpp
[1.014s] -- Up-to-date: /home/amin/cobot/cobot_ws/install/mecharm_interfaces/include/mecharm_interfaces/mecharm_interfaces/msg/detail/mecharm_set_angles__rosidl_typesupport_introspection_cpp.hpp
[1.014s] -- Up-to-date: /home/amin/cobot/cobot_ws/install/mecharm_interfaces/include/mecharm_interfaces/mecharm_interfaces/msg/detail/mecharm_set_coords__rosidl_typesupport_introspection_cpp.hpp
[1.014s] -- Up-to-date: /home/amin/cobot/cobot_ws/install/mecharm_interfaces/include/mecharm_interfaces/mecharm_interfaces/msg/detail/mecharm_set_angles__type_support.cpp
[1.014s] -- Up-to-date: /home/amin/cobot/cobot_ws/install/mecharm_interfaces/include/mecharm_interfaces/mecharm_interfaces/msg/detail/mecharm_pump_status__rosidl_typesupport_introspection_cpp.hpp
[1.014s] -- Up-to-date: /home/amin/cobot/cobot_ws/install/mecharm_interfaces/include/mecharm_interfaces/mecharm_interfaces/msg/detail/mecharm_pump_status__type_support.cpp
[1.014s] -- Up-to-date: /home/amin/cobot/cobot_ws/install/mecharm_interfaces/include/mecharm_interfaces/mecharm_interfaces/msg/detail/mecharm_angles__rosidl_typesupport_introspection_cpp.hpp
[1.014s] -- Up-to-date: /home/amin/cobot/cobot_ws/install/mecharm_interfaces/include/mecharm_interfaces/mecharm_interfaces/msg/detail/mecharm_coords__type_support.cpp
[1.015s] -- Up-to-date: /home/amin/cobot/cobot_ws/install/mecharm_interfaces/include/mecharm_interfaces/mecharm_interfaces/msg/detail/mecharm_set_coords__type_support.cpp
[1.015s] -- Up-to-date: /home/amin/cobot/cobot_ws/install/mecharm_interfaces/include/mecharm_interfaces/mecharm_interfaces/msg/detail/mecharm_angles__type_support.cpp
[1.015s] -- Up-to-date: /home/amin/cobot/cobot_ws/install/mecharm_interfaces/include/mecharm_interfaces/mecharm_interfaces/msg/detail/mecharm_gripper_status__rosidl_typesupport_introspection_cpp.hpp
[1.015s] -- Up-to-date: /home/amin/cobot/cobot_ws/install/mecharm_interfaces/lib/libmecharm_interfaces__rosidl_typesupport_introspection_cpp.so
[1.016s] -- Up-to-date: /home/amin/cobot/cobot_ws/install/mecharm_interfaces/lib/libmecharm_interfaces__rosidl_typesupport_cpp.so
[1.016s] -- Up-to-date: /home/amin/cobot/cobot_ws/install/mecharm_interfaces/share/mecharm_interfaces/environment/pythonpath.sh
[1.016s] -- Up-to-date: /home/amin/cobot/cobot_ws/install/mecharm_interfaces/share/mecharm_interfaces/environment/pythonpath.dsv
[1.016s] -- Up-to-date: /home/amin/cobot/cobot_ws/install/mecharm_interfaces/lib/python3.12/site-packages/mecharm_interfaces-0.0.0-py3.12.egg-info
[1.016s] -- Installing: /home/amin/cobot/cobot_ws/install/mecharm_interfaces/lib/python3.12/site-packages/mecharm_interfaces-0.0.0-py3.12.egg-info/SOURCES.txt
[1.016s] -- Installing: /home/amin/cobot/cobot_ws/install/mecharm_interfaces/lib/python3.12/site-packages/mecharm_interfaces-0.0.0-py3.12.egg-info/PKG-INFO
[1.017s] -- Installing: /home/amin/cobot/cobot_ws/install/mecharm_interfaces/lib/python3.12/site-packages/mecharm_interfaces-0.0.0-py3.12.egg-info/top_level.txt
[1.017s] -- Installing: /home/amin/cobot/cobot_ws/install/mecharm_interfaces/lib/python3.12/site-packages/mecharm_interfaces-0.0.0-py3.12.egg-info/dependency_links.txt
[1.017s] -- Up-to-date: /home/amin/cobot/cobot_ws/install/mecharm_interfaces/lib/python3.12/site-packages/mecharm_interfaces
[1.017s] -- Up-to-date: /home/amin/cobot/cobot_ws/install/mecharm_interfaces/lib/python3.12/site-packages/mecharm_interfaces/_mecharm_interfaces_s.ep.rosidl_typesupport_fastrtps_c.c
[1.017s] -- Up-to-date: /home/amin/cobot/cobot_ws/install/mecharm_interfaces/lib/python3.12/site-packages/mecharm_interfaces/mecharm_interfaces_s__rosidl_typesupport_c.so
[1.018s] -- Up-to-date: /home/amin/cobot/cobot_ws/install/mecharm_interfaces/lib/python3.12/site-packages/mecharm_interfaces/__init__.py
[1.018s] -- Up-to-date: /home/amin/cobot/cobot_ws/install/mecharm_interfaces/lib/python3.12/site-packages/mecharm_interfaces/srv
[1.018s] -- Up-to-date: /home/amin/cobot/cobot_ws/install/mecharm_interfaces/lib/python3.12/site-packages/mecharm_interfaces/srv/_get_coords_s.c
[1.018s] -- Up-to-date: /home/amin/cobot/cobot_ws/install/mecharm_interfaces/lib/python3.12/site-packages/mecharm_interfaces/srv/_get_angles_s.c
[1.018s] -- Up-to-date: /home/amin/cobot/cobot_ws/install/mecharm_interfaces/lib/python3.12/site-packages/mecharm_interfaces/srv/_get_angles.py
[1.019s] -- Up-to-date: /home/amin/cobot/cobot_ws/install/mecharm_interfaces/lib/python3.12/site-packages/mecharm_interfaces/srv/_set_angles.py
[1.019s] -- Up-to-date: /home/amin/cobot/cobot_ws/install/mecharm_interfaces/lib/python3.12/site-packages/mecharm_interfaces/srv/_pump_status.py
[1.019s] -- Up-to-date: /home/amin/cobot/cobot_ws/install/mecharm_interfaces/lib/python3.12/site-packages/mecharm_interfaces/srv/_pump_status_s.c
[1.019s] -- Up-to-date: /home/amin/cobot/cobot_ws/install/mecharm_interfaces/lib/python3.12/site-packages/mecharm_interfaces/srv/_set_coords.py
[1.020s] -- Up-to-date: /home/amin/cobot/cobot_ws/install/mecharm_interfaces/lib/python3.12/site-packages/mecharm_interfaces/srv/__init__.py
[1.020s] -- Up-to-date: /home/amin/cobot/cobot_ws/install/mecharm_interfaces/lib/python3.12/site-packages/mecharm_interfaces/srv/_get_coords.py
[1.020s] -- Up-to-date: /home/amin/cobot/cobot_ws/install/mecharm_interfaces/lib/python3.12/site-packages/mecharm_interfaces/srv/_gripper_status_s.c
[1.020s] -- Up-to-date: /home/amin/cobot/cobot_ws/install/mecharm_interfaces/lib/python3.12/site-packages/mecharm_interfaces/srv/_gripper_status.py
[1.020s] -- Up-to-date: /home/amin/cobot/cobot_ws/install/mecharm_interfaces/lib/python3.12/site-packages/mecharm_interfaces/srv/_set_coords_s.c
[1.021s] -- Up-to-date: /home/amin/cobot/cobot_ws/install/mecharm_interfaces/lib/python3.12/site-packages/mecharm_interfaces/srv/_set_angles_s.c
[1.021s] -- Up-to-date: /home/amin/cobot/cobot_ws/install/mecharm_interfaces/lib/python3.12/site-packages/mecharm_interfaces/msg
[1.021s] -- Up-to-date: /home/amin/cobot/cobot_ws/install/mecharm_interfaces/lib/python3.12/site-packages/mecharm_interfaces/msg/_mecharm_coords.py
[1.022s] -- Up-to-date: /home/amin/cobot/cobot_ws/install/mecharm_interfaces/lib/python3.12/site-packages/mecharm_interfaces/msg/__init__.py
[1.022s] -- Up-to-date: /home/amin/cobot/cobot_ws/install/mecharm_interfaces/lib/python3.12/site-packages/mecharm_interfaces/msg/_mecharm_pump_status.py
[1.022s] -- Up-to-date: /home/amin/cobot/cobot_ws/install/mecharm_interfaces/lib/python3.12/site-packages/mecharm_interfaces/msg/_mecharm_gripper_status_s.c
[1.022s] -- Up-to-date: /home/amin/cobot/cobot_ws/install/mecharm_interfaces/lib/python3.12/site-packages/mecharm_interfaces/msg/_mecharm_set_coords.py
[1.023s] -- Up-to-date: /home/amin/cobot/cobot_ws/install/mecharm_interfaces/lib/python3.12/site-packages/mecharm_interfaces/msg/_mecharm_set_coords_s.c
[1.023s] -- Up-to-date: /home/amin/cobot/cobot_ws/install/mecharm_interfaces/lib/python3.12/site-packages/mecharm_interfaces/msg/_mecharm_set_angles_s.c
[1.023s] -- Up-to-date: /home/amin/cobot/cobot_ws/install/mecharm_interfaces/lib/python3.12/site-packages/mecharm_interfaces/msg/_mecharm_angles.py
[1.023s] -- Up-to-date: /home/amin/cobot/cobot_ws/install/mecharm_interfaces/lib/python3.12/site-packages/mecharm_interfaces/msg/_mecharm_gripper_status.py
[1.023s] -- Up-to-date: /home/amin/cobot/cobot_ws/install/mecharm_interfaces/lib/python3.12/site-packages/mecharm_interfaces/msg/_mecharm_pump_status_s.c
[1.024s] -- Up-to-date: /home/amin/cobot/cobot_ws/install/mecharm_interfaces/lib/python3.12/site-packages/mecharm_interfaces/msg/_mecharm_coords_s.c
[1.024s] -- Up-to-date: /home/amin/cobot/cobot_ws/install/mecharm_interfaces/lib/python3.12/site-packages/mecharm_interfaces/msg/_mecharm_angles_s.c
[1.024s] -- Up-to-date: /home/amin/cobot/cobot_ws/install/mecharm_interfaces/lib/python3.12/site-packages/mecharm_interfaces/msg/_mecharm_set_angles.py
[1.024s] -- Up-to-date: /home/amin/cobot/cobot_ws/install/mecharm_interfaces/lib/python3.12/site-packages/mecharm_interfaces/mecharm_interfaces_s__rosidl_typesupport_fastrtps_c.so
[1.024s] -- Up-to-date: /home/amin/cobot/cobot_ws/install/mecharm_interfaces/lib/python3.12/site-packages/mecharm_interfaces/_mecharm_interfaces_s.ep.rosidl_typesupport_introspection_c.c
[1.025s] -- Up-to-date: /home/amin/cobot/cobot_ws/install/mecharm_interfaces/lib/python3.12/site-packages/mecharm_interfaces/_mecharm_interfaces_s.ep.rosidl_typesupport_c.c
[1.025s] -- Up-to-date: /home/amin/cobot/cobot_ws/install/mecharm_interfaces/lib/python3.12/site-packages/mecharm_interfaces/mecharm_interfaces_s__rosidl_typesupport_introspection_c.so
[1.033s] Listing '/home/amin/cobot/cobot_ws/install/mecharm_interfaces/lib/python3.12/site-packages/mecharm_interfaces'...
[1.033s] Listing '/home/amin/cobot/cobot_ws/install/mecharm_interfaces/lib/python3.12/site-packages/mecharm_interfaces/msg'...
[1.033s] Listing '/home/amin/cobot/cobot_ws/install/mecharm_interfaces/lib/python3.12/site-packages/mecharm_interfaces/srv'...
[1.033s] -- Up-to-date: /home/amin/cobot/cobot_ws/install/mecharm_interfaces/lib/python3.12/site-packages/mecharm_interfaces/mecharm_interfaces_s__rosidl_typesupport_fastrtps_c.so
[1.033s] -- Up-to-date: /home/amin/cobot/cobot_ws/install/mecharm_interfaces/lib/python3.12/site-packages/mecharm_interfaces/mecharm_interfaces_s__rosidl_typesupport_introspection_c.so
[1.033s] -- Up-to-date: /home/amin/cobot/cobot_ws/install/mecharm_interfaces/lib/python3.12/site-packages/mecharm_interfaces/mecharm_interfaces_s__rosidl_typesupport_c.so
[1.033s] -- Up-to-date: /home/amin/cobot/cobot_ws/install/mecharm_interfaces/lib/libmecharm_interfaces__rosidl_generator_py.so
[1.033s] -- Up-to-date: /home/amin/cobot/cobot_ws/install/mecharm_interfaces/share/mecharm_interfaces/msg/MecharmAngles.idl
[1.033s] -- Up-to-date: /home/amin/cobot/cobot_ws/install/mecharm_interfaces/share/mecharm_interfaces/msg/MecharmCoords.idl
[1.034s] -- Up-to-date: /home/amin/cobot/cobot_ws/install/mecharm_interfaces/share/mecharm_interfaces/msg/MecharmSetAngles.idl
[1.034s] -- Up-to-date: /home/amin/cobot/cobot_ws/install/mecharm_interfaces/share/mecharm_interfaces/msg/MecharmSetCoords.idl
[1.034s] -- Up-to-date: /home/amin/cobot/cobot_ws/install/mecharm_interfaces/share/mecharm_interfaces/msg/MecharmGripperStatus.idl
[1.034s] -- Up-to-date: /home/amin/cobot/cobot_ws/install/mecharm_interfaces/share/mecharm_interfaces/msg/MecharmPumpStatus.idl
[1.034s] -- Up-to-date: /home/amin/cobot/cobot_ws/install/mecharm_interfaces/share/mecharm_interfaces/srv/GetAngles.idl
[1.034s] -- Up-to-date: /home/amin/cobot/cobot_ws/install/mecharm_interfaces/share/mecharm_interfaces/srv/SetAngles.idl
[1.034s] -- Up-to-date: /home/amin/cobot/cobot_ws/install/mecharm_interfaces/share/mecharm_interfaces/srv/GetCoords.idl
[1.034s] -- Up-to-date: /home/amin/cobot/cobot_ws/install/mecharm_interfaces/share/mecharm_interfaces/srv/SetCoords.idl
[1.034s] -- Up-to-date: /home/amin/cobot/cobot_ws/install/mecharm_interfaces/share/mecharm_interfaces/srv/GripperStatus.idl
[1.034s] -- Up-to-date: /home/amin/cobot/cobot_ws/install/mecharm_interfaces/share/mecharm_interfaces/srv/PumpStatus.idl
[1.035s] -- Up-to-date: /home/amin/cobot/cobot_ws/install/mecharm_interfaces/share/mecharm_interfaces/msg/MecharmAngles.msg
[1.035s] -- Up-to-date: /home/amin/cobot/cobot_ws/install/mecharm_interfaces/share/mecharm_interfaces/msg/MecharmCoords.msg
[1.035s] -- Up-to-date: /home/amin/cobot/cobot_ws/install/mecharm_interfaces/share/mecharm_interfaces/msg/MecharmSetAngles.msg
[1.035s] -- Up-to-date: /home/amin/cobot/cobot_ws/install/mecharm_interfaces/share/mecharm_interfaces/msg/MecharmSetCoords.msg
[1.035s] -- Up-to-date: /home/amin/cobot/cobot_ws/install/mecharm_interfaces/share/mecharm_interfaces/msg/MecharmGripperStatus.msg
[1.035s] -- Up-to-date: /home/amin/cobot/cobot_ws/install/mecharm_interfaces/share/mecharm_interfaces/msg/MecharmPumpStatus.msg
[1.035s] -- Up-to-date: /home/amin/cobot/cobot_ws/install/mecharm_interfaces/share/mecharm_interfaces/srv/GetAngles.srv
[1.035s] -- Up-to-date: /home/amin/cobot/cobot_ws/install/mecharm_interfaces/share/mecharm_interfaces/srv/SetAngles.srv
[1.035s] -- Up-to-date: /home/amin/cobot/cobot_ws/install/mecharm_interfaces/share/mecharm_interfaces/srv/GetCoords.srv
[1.035s] -- Up-to-date: /home/amin/cobot/cobot_ws/install/mecharm_interfaces/share/mecharm_interfaces/srv/SetCoords.srv
[1.035s] -- Up-to-date: /home/amin/cobot/cobot_ws/install/mecharm_interfaces/share/mecharm_interfaces/srv/GripperStatus.srv
[1.036s] -- Up-to-date: /home/amin/cobot/cobot_ws/install/mecharm_interfaces/share/mecharm_interfaces/srv/PumpStatus.srv
[1.036s] -- Up-to-date: /home/amin/cobot/cobot_ws/install/mecharm_interfaces/share/ament_index/resource_index/package_run_dependencies/mecharm_interfaces
[1.036s] -- Up-to-date: /home/amin/cobot/cobot_ws/install/mecharm_interfaces/share/ament_index/resource_index/parent_prefix_path/mecharm_interfaces
[1.036s] -- Up-to-date: /home/amin/cobot/cobot_ws/install/mecharm_interfaces/share/mecharm_interfaces/environment/ament_prefix_path.sh
[1.036s] -- Up-to-date: /home/amin/cobot/cobot_ws/install/mecharm_interfaces/share/mecharm_interfaces/environment/ament_prefix_path.dsv
[1.036s] -- Up-to-date: /home/amin/cobot/cobot_ws/install/mecharm_interfaces/share/mecharm_interfaces/environment/path.sh
[1.036s] -- Up-to-date: /home/amin/cobot/cobot_ws/install/mecharm_interfaces/share/mecharm_interfaces/environment/path.dsv
[1.036s] -- Up-to-date: /home/amin/cobot/cobot_ws/install/mecharm_interfaces/share/mecharm_interfaces/local_setup.bash
[1.036s] -- Up-to-date: /home/amin/cobot/cobot_ws/install/mecharm_interfaces/share/mecharm_interfaces/local_setup.sh
[1.036s] -- Up-to-date: /home/amin/cobot/cobot_ws/install/mecharm_interfaces/share/mecharm_interfaces/local_setup.zsh
[1.036s] -- Up-to-date: /home/amin/cobot/cobot_ws/install/mecharm_interfaces/share/mecharm_interfaces/local_setup.dsv
[1.037s] -- Installing: /home/amin/cobot/cobot_ws/install/mecharm_interfaces/share/mecharm_interfaces/package.dsv
[1.037s] -- Up-to-date: /home/amin/cobot/cobot_ws/install/mecharm_interfaces/share/ament_index/resource_index/packages/mecharm_interfaces
[1.037s] -- Up-to-date: /home/amin/cobot/cobot_ws/install/mecharm_interfaces/share/mecharm_interfaces/cmake/export_mecharm_interfaces__rosidl_generator_cExport.cmake
[1.037s] -- Up-to-date: /home/amin/cobot/cobot_ws/install/mecharm_interfaces/share/mecharm_interfaces/cmake/export_mecharm_interfaces__rosidl_generator_cExport-noconfig.cmake
[1.037s] -- Up-to-date: /home/amin/cobot/cobot_ws/install/mecharm_interfaces/share/mecharm_interfaces/cmake/export_mecharm_interfaces__rosidl_typesupport_fastrtps_cExport.cmake
[1.037s] -- Up-to-date: /home/amin/cobot/cobot_ws/install/mecharm_interfaces/share/mecharm_interfaces/cmake/export_mecharm_interfaces__rosidl_typesupport_fastrtps_cExport-noconfig.cmake
[1.037s] -- Up-to-date: /home/amin/cobot/cobot_ws/install/mecharm_interfaces/share/mecharm_interfaces/cmake/mecharm_interfaces__rosidl_typesupport_introspection_cExport.cmake
[1.037s] -- Up-to-date: /home/amin/cobot/cobot_ws/install/mecharm_interfaces/share/mecharm_interfaces/cmake/mecharm_interfaces__rosidl_typesupport_introspection_cExport-noconfig.cmake
[1.037s] -- Up-to-date: /home/amin/cobot/cobot_ws/install/mecharm_interfaces/share/mecharm_interfaces/cmake/mecharm_interfaces__rosidl_typesupport_cExport.cmake
[1.037s] -- Up-to-date: /home/amin/cobot/cobot_ws/install/mecharm_interfaces/share/mecharm_interfaces/cmake/mecharm_interfaces__rosidl_typesupport_cExport-noconfig.cmake
[1.038s] -- Up-to-date: /home/amin/cobot/cobot_ws/install/mecharm_interfaces/share/mecharm_interfaces/cmake/export_mecharm_interfaces__rosidl_generator_cppExport.cmake
[1.038s] -- Up-to-date: /home/amin/cobot/cobot_ws/install/mecharm_interfaces/share/mecharm_interfaces/cmake/export_mecharm_interfaces__rosidl_typesupport_fastrtps_cppExport.cmake
[1.038s] -- Up-to-date: /home/amin/cobot/cobot_ws/install/mecharm_interfaces/share/mecharm_interfaces/cmake/export_mecharm_interfaces__rosidl_typesupport_fastrtps_cppExport-noconfig.cmake
[1.038s] -- Up-to-date: /home/amin/cobot/cobot_ws/install/mecharm_interfaces/share/mecharm_interfaces/cmake/mecharm_interfaces__rosidl_typesupport_introspection_cppExport.cmake
[1.038s] -- Up-to-date: /home/amin/cobot/cobot_ws/install/mecharm_interfaces/share/mecharm_interfaces/cmake/mecharm_interfaces__rosidl_typesupport_introspection_cppExport-noconfig.cmake
[1.038s] -- Up-to-date: /home/amin/cobot/cobot_ws/install/mecharm_interfaces/share/mecharm_interfaces/cmake/mecharm_interfaces__rosidl_typesupport_cppExport.cmake
[1.038s] -- Up-to-date: /home/amin/cobot/cobot_ws/install/mecharm_interfaces/share/mecharm_interfaces/cmake/mecharm_interfaces__rosidl_typesupport_cppExport-noconfig.cmake
[1.038s] -- Up-to-date: /home/amin/cobot/cobot_ws/install/mecharm_interfaces/share/mecharm_interfaces/cmake/export_mecharm_interfaces__rosidl_generator_pyExport.cmake
[1.038s] -- Up-to-date: /home/amin/cobot/cobot_ws/install/mecharm_interfaces/share/mecharm_interfaces/cmake/export_mecharm_interfaces__rosidl_generator_pyExport-noconfig.cmake
[1.038s] -- Up-to-date: /home/amin/cobot/cobot_ws/install/mecharm_interfaces/share/mecharm_interfaces/cmake/rosidl_cmake-extras.cmake
[1.038s] -- Up-to-date: /home/amin/cobot/cobot_ws/install/mecharm_interfaces/share/mecharm_interfaces/cmake/ament_cmake_export_dependencies-extras.cmake
[1.039s] -- Up-to-date: /home/amin/cobot/cobot_ws/install/mecharm_interfaces/share/mecharm_interfaces/cmake/ament_cmake_export_include_directories-extras.cmake
[1.039s] -- Up-to-date: /home/amin/cobot/cobot_ws/install/mecharm_interfaces/share/mecharm_interfaces/cmake/ament_cmake_export_libraries-extras.cmake
[1.039s] -- Up-to-date: /home/amin/cobot/cobot_ws/install/mecharm_interfaces/share/mecharm_interfaces/cmake/ament_cmake_export_targets-extras.cmake
[1.039s] -- Up-to-date: /home/amin/cobot/cobot_ws/install/mecharm_interfaces/share/mecharm_interfaces/cmake/rosidl_cmake_export_typesupport_targets-extras.cmake
[1.039s] -- Up-to-date: /home/amin/cobot/cobot_ws/install/mecharm_interfaces/share/mecharm_interfaces/cmake/rosidl_cmake_export_typesupport_libraries-extras.cmake
[1.039s] -- Up-to-date: /home/amin/cobot/cobot_ws/install/mecharm_interfaces/share/mecharm_interfaces/cmake/mecharm_interfacesConfig.cmake
[1.039s] -- Up-to-date: /home/amin/cobot/cobot_ws/install/mecharm_interfaces/share/mecharm_interfaces/cmake/mecharm_interfacesConfig-version.cmake
[1.039s] -- Up-to-date: /home/amin/cobot/cobot_ws/install/mecharm_interfaces/share/mecharm_interfaces/package.xml
[1.066s] Invoked command in '/home/amin/cobot/cobot_ws/build/mecharm_interfaces' returned '0': CMAKE_PREFIX_PATH=${CMAKE_PREFIX_PATH}:/home/amin/cobot/cobot_ws/install/ultraarm:/home/amin/cobot/cobot_ws/install/pro450_moveit2_control:/home/amin/cobot/cobot_ws/install/mypalletizer_communication:/home/amin/cobot/cobot_ws/install/mypalletizer_260_pi:/home/amin/cobot/cobot_ws/install/mypalletizer_260:/home/amin/cobot/cobot_ws/install/mycobot_pro_450:/home/amin/cobot/cobot_ws/install/myarm_m750:/home/amin/cobot/cobot_ws/install/myarm_c650:/home/amin/cobot/cobot_ws/install/mycobot_communication:/home/amin/cobot/cobot_ws/install/mecharm_communication:/home/amin/cobot/cobot_ws/install/mycobot_630:/home/amin/cobot/cobot_ws/install/mycobot_600:/home/amin/cobot/cobot_ws/install/mycobot_320pi:/home/amin/cobot/cobot_ws/install/mycobot_320_riscv:/home/amin/cobot/cobot_ws/install/mycobot_320:/home/amin/cobot/cobot_ws/install/mycobot_280pi:/home/amin/cobot/cobot_ws/install/mycobot_280jn:/home/amin/cobot/cobot_ws/install/mycobot_280_x3pi:/home/amin/cobot/cobot_ws/install/mycobot_280_riscv:/home/amin/cobot/cobot_ws/install/mycobot_280_rdkx5:/home/amin/cobot/cobot_ws/install/mycobot_280_moveit2_control:/home/amin/cobot/cobot_ws/install/mycobot_280_arduino:/home/amin/cobot/cobot_ws/install/mycobot_280:/home/amin/cobot/cobot_ws/install/mybuddy:/home/amin/cobot/cobot_ws/install/myarm_300:/home/amin/cobot/cobot_ws/install/mecharm_pi:/home/amin/cobot/cobot_ws/install/mecharm:/home/amin/cobot/cobot_ws/install/mycobot_description:/opt/ros/jazzy DEBUGINFOD_URLS=https://debuginfod.ubuntu.com /usr/bin/cmake --install /home/amin/cobot/cobot_ws/build/mecharm_interfaces
