[1.567s] Invoking command in '/home/amin/cobot/cobot_ws/src/mycobot_ros2/myArm/myarm_300': AMENT_PREFIX_PATH=/home/amin/cobot/cobot_ws/install/mycobot_description:${AMENT_PREFIX_PATH} DEBUGINFOD_URLS=https://debuginfod.ubuntu.com PYTHONPATH=/home/amin/cobot/cobot_ws/build/myarm_300/prefix_override:/usr/lib/python3/dist-packages/colcon_core/task/python/colcon_distutils_commands:/home/amin/cobot/cobot_ws/install/myarm_300/lib/python3.12/site-packages:/home/amin/cobot/cobot_ws/install/mycobot_description/lib/python3.12/site-packages:${PYTHONPATH} /usr/bin/python3 -W ignore:setup.py install is deprecated -W ignore:easy_install command is deprecated setup.py egg_info --egg-base ../../../../build/myarm_300 build --build-base /home/amin/cobot/cobot_ws/build/myarm_300/build install --record /home/amin/cobot/cobot_ws/build/myarm_300/install.log --single-version-externally-managed install_data
[1.823s] running egg_info
[1.848s] writing ../../../../build/myarm_300/myarm_300.egg-info/PKG-INFO
[1.848s] writing dependency_links to ../../../../build/myarm_300/myarm_300.egg-info/dependency_links.txt
[1.848s] writing entry points to ../../../../build/myarm_300/myarm_300.egg-info/entry_points.txt
[1.848s] writing requirements to ../../../../build/myarm_300/myarm_300.egg-info/requires.txt
[1.849s] writing top-level names to ../../../../build/myarm_300/myarm_300.egg-info/top_level.txt
[1.900s] reading manifest file '../../../../build/myarm_300/myarm_300.egg-info/SOURCES.txt'
[1.900s] adding license file 'LICENSE'
[1.901s] writing manifest file '../../../../build/myarm_300/myarm_300.egg-info/SOURCES.txt'
[1.903s] running build
[1.903s] running build_py
[1.903s] running install
[1.911s] running install_lib
[1.937s] running install_data
[1.937s] running install_egg_info
[1.964s] removing '/home/amin/cobot/cobot_ws/install/myarm_300/lib/python3.12/site-packages/myarm_300-0.0.0-py3.12.egg-info' (and everything under it)
[1.966s] Copying ../../../../build/myarm_300/myarm_300.egg-info to /home/amin/cobot/cobot_ws/install/myarm_300/lib/python3.12/site-packages/myarm_300-0.0.0-py3.12.egg-info
[1.967s] running install_scripts
[2.131s] Installing follow_display script to /home/amin/cobot/cobot_ws/install/myarm_300/lib/myarm_300
[2.132s] Installing simple_gui script to /home/amin/cobot/cobot_ws/install/myarm_300/lib/myarm_300
[2.132s] Installing slider_control script to /home/amin/cobot/cobot_ws/install/myarm_300/lib/myarm_300
[2.132s] Installing teleop_keyboard script to /home/amin/cobot/cobot_ws/install/myarm_300/lib/myarm_300
[2.132s] writing list of installed files to '/home/amin/cobot/cobot_ws/build/myarm_300/install.log'
[2.406s] Invoked command in '/home/amin/cobot/cobot_ws/src/mycobot_ros2/myArm/myarm_300' returned '0': AMENT_PREFIX_PATH=/home/amin/cobot/cobot_ws/install/mycobot_description:${AMENT_PREFIX_PATH} DEBUGINFOD_URLS=https://debuginfod.ubuntu.com PYTHONPATH=/home/amin/cobot/cobot_ws/build/myarm_300/prefix_override:/usr/lib/python3/dist-packages/colcon_core/task/python/colcon_distutils_commands:/home/amin/cobot/cobot_ws/install/myarm_300/lib/python3.12/site-packages:/home/amin/cobot/cobot_ws/install/mycobot_description/lib/python3.12/site-packages:${PYTHONPATH} /usr/bin/python3 -W ignore:setup.py install is deprecated -W ignore:easy_install command is deprecated setup.py egg_info --egg-base ../../../../build/myarm_300 build --build-base /home/amin/cobot/cobot_ws/build/myarm_300/build install --record /home/amin/cobot/cobot_ws/build/myarm_300/install.log --single-version-externally-managed install_data
