[1.261s] Invoking command in '/home/amin/cobot/cobot_ws/src/mycobot_ros2/mycobot_280/mycobot_280_rdkx5': AMENT_PREFIX_PATH=/home/amin/cobot/cobot_ws/install/mycobot_communication:/home/amin/cobot/cobot_ws/install/mycobot_interfaces:/home/amin/cobot/cobot_ws/install/mycobot_description:${AMENT_PREFIX_PATH} CMAKE_PREFIX_PATH=/home/amin/cobot/cobot_ws/install/mycobot_interfaces:${CMAKE_PREFIX_PATH} DEBUGINFOD_URLS=https://debuginfod.ubuntu.com LD_LIBRARY_PATH=/home/amin/cobot/cobot_ws/install/mycobot_interfaces/lib:${LD_LIBRARY_PATH} PYTHONPATH=/home/amin/cobot/cobot_ws/build/mycobot_280_rdkx5/prefix_override:/usr/lib/python3/dist-packages/colcon_core/task/python/colcon_distutils_commands:/home/amin/cobot/cobot_ws/install/mycobot_280_rdkx5/lib/python3.12/site-packages:/home/amin/cobot/cobot_ws/install/mycobot_communication/lib/python3.12/site-packages:/home/amin/cobot/cobot_ws/install/mycobot_interfaces/lib/python3.12/site-packages:/home/amin/cobot/cobot_ws/install/mycobot_description/lib/python3.12/site-packages:${PYTHONPATH} /usr/bin/python3 -W ignore:setup.py install is deprecated -W ignore:easy_install command is deprecated setup.py egg_info --egg-base ../../../../build/mycobot_280_rdkx5 build --build-base /home/amin/cobot/cobot_ws/build/mycobot_280_rdkx5/build install --record /home/amin/cobot/cobot_ws/build/mycobot_280_rdkx5/install.log --single-version-externally-managed install_data
[1.529s] running egg_info
[1.530s] creating ../../../../build/mycobot_280_rdkx5/mycobot_280_rdkx5.egg-info
[1.550s] writing ../../../../build/mycobot_280_rdkx5/mycobot_280_rdkx5.egg-info/PKG-INFO
[1.550s] writing dependency_links to ../../../../build/mycobot_280_rdkx5/mycobot_280_rdkx5.egg-info/dependency_links.txt
[1.550s] writing entry points to ../../../../build/mycobot_280_rdkx5/mycobot_280_rdkx5.egg-info/entry_points.txt
[1.550s] writing requirements to ../../../../build/mycobot_280_rdkx5/mycobot_280_rdkx5.egg-info/requires.txt
[1.550s] writing top-level names to ../../../../build/mycobot_280_rdkx5/mycobot_280_rdkx5.egg-info/top_level.txt
[1.550s] writing manifest file '../../../../build/mycobot_280_rdkx5/mycobot_280_rdkx5.egg-info/SOURCES.txt'
[1.589s] reading manifest file '../../../../build/mycobot_280_rdkx5/mycobot_280_rdkx5.egg-info/SOURCES.txt'
[1.589s] adding license file 'LICENSE'
[1.590s] writing manifest file '../../../../build/mycobot_280_rdkx5/mycobot_280_rdkx5.egg-info/SOURCES.txt'
[1.590s] running build
[1.591s] running build_py
[1.591s] creating /home/amin/cobot/cobot_ws/build/mycobot_280_rdkx5/build
[1.591s] creating /home/amin/cobot/cobot_ws/build/mycobot_280_rdkx5/build/lib
[1.591s] creating /home/amin/cobot/cobot_ws/build/mycobot_280_rdkx5/build/lib/mycobot_280_rdkx5
[1.591s] copying mycobot_280_rdkx5/listen_real.py -> /home/amin/cobot/cobot_ws/build/mycobot_280_rdkx5/build/lib/mycobot_280_rdkx5
[1.591s] copying mycobot_280_rdkx5/slider_control.py -> /home/amin/cobot/cobot_ws/build/mycobot_280_rdkx5/build/lib/mycobot_280_rdkx5
[1.591s] copying mycobot_280_rdkx5/teleop_keyboard.py -> /home/amin/cobot/cobot_ws/build/mycobot_280_rdkx5/build/lib/mycobot_280_rdkx5
[1.591s] copying mycobot_280_rdkx5/__init__.py -> /home/amin/cobot/cobot_ws/build/mycobot_280_rdkx5/build/lib/mycobot_280_rdkx5
[1.592s] copying mycobot_280_rdkx5/slider_control_adaptive_gripper.py -> /home/amin/cobot/cobot_ws/build/mycobot_280_rdkx5/build/lib/mycobot_280_rdkx5
[1.592s] copying mycobot_280_rdkx5/follow_display.py -> /home/amin/cobot/cobot_ws/build/mycobot_280_rdkx5/build/lib/mycobot_280_rdkx5
[1.592s] copying mycobot_280_rdkx5/simple_gui.py -> /home/amin/cobot/cobot_ws/build/mycobot_280_rdkx5/build/lib/mycobot_280_rdkx5
[1.592s] running install
[1.598s] running install_lib
[1.618s] creating /home/amin/cobot/cobot_ws/install/mycobot_280_rdkx5/lib/python3.12/site-packages/mycobot_280_rdkx5
[1.619s] copying /home/amin/cobot/cobot_ws/build/mycobot_280_rdkx5/build/lib/mycobot_280_rdkx5/listen_real.py -> /home/amin/cobot/cobot_ws/install/mycobot_280_rdkx5/lib/python3.12/site-packages/mycobot_280_rdkx5
[1.619s] copying /home/amin/cobot/cobot_ws/build/mycobot_280_rdkx5/build/lib/mycobot_280_rdkx5/slider_control.py -> /home/amin/cobot/cobot_ws/install/mycobot_280_rdkx5/lib/python3.12/site-packages/mycobot_280_rdkx5
[1.619s] copying /home/amin/cobot/cobot_ws/build/mycobot_280_rdkx5/build/lib/mycobot_280_rdkx5/teleop_keyboard.py -> /home/amin/cobot/cobot_ws/install/mycobot_280_rdkx5/lib/python3.12/site-packages/mycobot_280_rdkx5
[1.619s] copying /home/amin/cobot/cobot_ws/build/mycobot_280_rdkx5/build/lib/mycobot_280_rdkx5/__init__.py -> /home/amin/cobot/cobot_ws/install/mycobot_280_rdkx5/lib/python3.12/site-packages/mycobot_280_rdkx5
[1.620s] copying /home/amin/cobot/cobot_ws/build/mycobot_280_rdkx5/build/lib/mycobot_280_rdkx5/slider_control_adaptive_gripper.py -> /home/amin/cobot/cobot_ws/install/mycobot_280_rdkx5/lib/python3.12/site-packages/mycobot_280_rdkx5
[1.620s] copying /home/amin/cobot/cobot_ws/build/mycobot_280_rdkx5/build/lib/mycobot_280_rdkx5/follow_display.py -> /home/amin/cobot/cobot_ws/install/mycobot_280_rdkx5/lib/python3.12/site-packages/mycobot_280_rdkx5
[1.620s] copying /home/amin/cobot/cobot_ws/build/mycobot_280_rdkx5/build/lib/mycobot_280_rdkx5/simple_gui.py -> /home/amin/cobot/cobot_ws/install/mycobot_280_rdkx5/lib/python3.12/site-packages/mycobot_280_rdkx5
[1.620s] byte-compiling /home/amin/cobot/cobot_ws/install/mycobot_280_rdkx5/lib/python3.12/site-packages/mycobot_280_rdkx5/listen_real.py to listen_real.cpython-312.pyc
[1.620s] byte-compiling /home/amin/cobot/cobot_ws/install/mycobot_280_rdkx5/lib/python3.12/site-packages/mycobot_280_rdkx5/slider_control.py to slider_control.cpython-312.pyc
[1.621s] byte-compiling /home/amin/cobot/cobot_ws/install/mycobot_280_rdkx5/lib/python3.12/site-packages/mycobot_280_rdkx5/teleop_keyboard.py to teleop_keyboard.cpython-312.pyc
[1.623s] byte-compiling /home/amin/cobot/cobot_ws/install/mycobot_280_rdkx5/lib/python3.12/site-packages/mycobot_280_rdkx5/__init__.py to __init__.cpython-312.pyc
[1.623s] byte-compiling /home/amin/cobot/cobot_ws/install/mycobot_280_rdkx5/lib/python3.12/site-packages/mycobot_280_rdkx5/slider_control_adaptive_gripper.py to slider_control_adaptive_gripper.cpython-312.pyc
[1.624s] byte-compiling /home/amin/cobot/cobot_ws/install/mycobot_280_rdkx5/lib/python3.12/site-packages/mycobot_280_rdkx5/follow_display.py to follow_display.cpython-312.pyc
[1.625s] byte-compiling /home/amin/cobot/cobot_ws/install/mycobot_280_rdkx5/lib/python3.12/site-packages/mycobot_280_rdkx5/simple_gui.py to simple_gui.cpython-312.pyc
[1.630s] running install_data
[1.631s] creating /home/amin/cobot/cobot_ws/install/mycobot_280_rdkx5/share/ament_index
[1.631s] creating /home/amin/cobot/cobot_ws/install/mycobot_280_rdkx5/share/ament_index/resource_index
[1.631s] creating /home/amin/cobot/cobot_ws/install/mycobot_280_rdkx5/share/ament_index/resource_index/packages
[1.631s] copying resource/mycobot_280_rdkx5 -> /home/amin/cobot/cobot_ws/install/mycobot_280_rdkx5/share/ament_index/resource_index/packages
[1.632s] copying package.xml -> /home/amin/cobot/cobot_ws/install/mycobot_280_rdkx5/share/mycobot_280_rdkx5
[1.632s] creating /home/amin/cobot/cobot_ws/install/mycobot_280_rdkx5/share/mycobot_280_rdkx5/launch
[1.632s] copying launch/mycobot_follow.launch.py -> /home/amin/cobot/cobot_ws/install/mycobot_280_rdkx5/share/mycobot_280_rdkx5/launch
[1.632s] copying launch/teleop_keyboard.launch.py -> /home/amin/cobot/cobot_ws/install/mycobot_280_rdkx5/share/mycobot_280_rdkx5/launch
[1.632s] copying launch/simple_gui.launch.py -> /home/amin/cobot/cobot_ws/install/mycobot_280_rdkx5/share/mycobot_280_rdkx5/launch
[1.632s] copying launch/slider_control_adaptive_gripper.launch.py -> /home/amin/cobot/cobot_ws/install/mycobot_280_rdkx5/share/mycobot_280_rdkx5/launch
[1.632s] copying launch/test.launch.py -> /home/amin/cobot/cobot_ws/install/mycobot_280_rdkx5/share/mycobot_280_rdkx5/launch
[1.632s] copying launch/test_adaptive_gripper.launch.py -> /home/amin/cobot/cobot_ws/install/mycobot_280_rdkx5/share/mycobot_280_rdkx5/launch
[1.632s] copying launch/slider_control.launch.py -> /home/amin/cobot/cobot_ws/install/mycobot_280_rdkx5/share/mycobot_280_rdkx5/launch
[1.633s] creating /home/amin/cobot/cobot_ws/install/mycobot_280_rdkx5/share/mycobot_280_rdkx5/config
[1.633s] copying config/mycobot_280_rdkx5.rviz -> /home/amin/cobot/cobot_ws/install/mycobot_280_rdkx5/share/mycobot_280_rdkx5/config
[1.633s] running install_egg_info
[1.652s] Copying ../../../../build/mycobot_280_rdkx5/mycobot_280_rdkx5.egg-info to /home/amin/cobot/cobot_ws/install/mycobot_280_rdkx5/lib/python3.12/site-packages/mycobot_280_rdkx5-0.0.0-py3.12.egg-info
[1.653s] running install_scripts
[1.785s] Installing follow_display script to /home/amin/cobot/cobot_ws/install/mycobot_280_rdkx5/lib/mycobot_280_rdkx5
[1.786s] Installing listen_real script to /home/amin/cobot/cobot_ws/install/mycobot_280_rdkx5/lib/mycobot_280_rdkx5
[1.786s] Installing simple_gui script to /home/amin/cobot/cobot_ws/install/mycobot_280_rdkx5/lib/mycobot_280_rdkx5
[1.787s] Installing slider_control script to /home/amin/cobot/cobot_ws/install/mycobot_280_rdkx5/lib/mycobot_280_rdkx5
[1.787s] Installing slider_control_adaptive_gripper script to /home/amin/cobot/cobot_ws/install/mycobot_280_rdkx5/lib/mycobot_280_rdkx5
[1.788s] Installing teleop_keyboard script to /home/amin/cobot/cobot_ws/install/mycobot_280_rdkx5/lib/mycobot_280_rdkx5
[1.788s] writing list of installed files to '/home/amin/cobot/cobot_ws/build/mycobot_280_rdkx5/install.log'
[1.833s] Invoked command in '/home/amin/cobot/cobot_ws/src/mycobot_ros2/mycobot_280/mycobot_280_rdkx5' returned '0': AMENT_PREFIX_PATH=/home/amin/cobot/cobot_ws/install/mycobot_communication:/home/amin/cobot/cobot_ws/install/mycobot_interfaces:/home/amin/cobot/cobot_ws/install/mycobot_description:${AMENT_PREFIX_PATH} CMAKE_PREFIX_PATH=/home/amin/cobot/cobot_ws/install/mycobot_interfaces:${CMAKE_PREFIX_PATH} DEBUGINFOD_URLS=https://debuginfod.ubuntu.com LD_LIBRARY_PATH=/home/amin/cobot/cobot_ws/install/mycobot_interfaces/lib:${LD_LIBRARY_PATH} PYTHONPATH=/home/amin/cobot/cobot_ws/build/mycobot_280_rdkx5/prefix_override:/usr/lib/python3/dist-packages/colcon_core/task/python/colcon_distutils_commands:/home/amin/cobot/cobot_ws/install/mycobot_280_rdkx5/lib/python3.12/site-packages:/home/amin/cobot/cobot_ws/install/mycobot_communication/lib/python3.12/site-packages:/home/amin/cobot/cobot_ws/install/mycobot_interfaces/lib/python3.12/site-packages:/home/amin/cobot/cobot_ws/install/mycobot_description/lib/python3.12/site-packages:${PYTHONPATH} /usr/bin/python3 -W ignore:setup.py install is deprecated -W ignore:easy_install command is deprecated setup.py egg_info --egg-base ../../../../build/mycobot_280_rdkx5 build --build-base /home/amin/cobot/cobot_ws/build/mycobot_280_rdkx5/build install --record /home/amin/cobot/cobot_ws/build/mycobot_280_rdkx5/install.log --single-version-externally-managed install_data
