/home/amin/cobot/cobot_ws/install/mypalletizer_260_pi/lib/python3.12/site-packages/mypalletizer_260_pi/listen_real.py
/home/amin/cobot/cobot_ws/install/mypalletizer_260_pi/lib/python3.12/site-packages/mypalletizer_260_pi/listen_real_of_topic.py
/home/amin/cobot/cobot_ws/install/mypalletizer_260_pi/lib/python3.12/site-packages/mypalletizer_260_pi/listen_real_service.py
/home/amin/cobot/cobot_ws/install/mypalletizer_260_pi/lib/python3.12/site-packages/mypalletizer_260_pi/slider_control.py
/home/amin/cobot/cobot_ws/install/mypalletizer_260_pi/lib/python3.12/site-packages/mypalletizer_260_pi/teleop_keyboard.py
/home/amin/cobot/cobot_ws/install/mypalletizer_260_pi/lib/python3.12/site-packages/mypalletizer_260_pi/__init__.py
/home/amin/cobot/cobot_ws/install/mypalletizer_260_pi/lib/python3.12/site-packages/mypalletizer_260_pi/slider_control_adaptive_gripper.py
/home/amin/cobot/cobot_ws/install/mypalletizer_260_pi/lib/python3.12/site-packages/mypalletizer_260_pi/follow_display.py
/home/amin/cobot/cobot_ws/install/mypalletizer_260_pi/lib/python3.12/site-packages/mypalletizer_260_pi/simple_gui.py
/home/amin/cobot/cobot_ws/install/mypalletizer_260_pi/lib/python3.12/site-packages/mypalletizer_260_pi/__pycache__/listen_real.cpython-312.pyc
/home/amin/cobot/cobot_ws/install/mypalletizer_260_pi/lib/python3.12/site-packages/mypalletizer_260_pi/__pycache__/listen_real_of_topic.cpython-312.pyc
/home/amin/cobot/cobot_ws/install/mypalletizer_260_pi/lib/python3.12/site-packages/mypalletizer_260_pi/__pycache__/listen_real_service.cpython-312.pyc
/home/amin/cobot/cobot_ws/install/mypalletizer_260_pi/lib/python3.12/site-packages/mypalletizer_260_pi/__pycache__/slider_control.cpython-312.pyc
/home/amin/cobot/cobot_ws/install/mypalletizer_260_pi/lib/python3.12/site-packages/mypalletizer_260_pi/__pycache__/teleop_keyboard.cpython-312.pyc
/home/amin/cobot/cobot_ws/install/mypalletizer_260_pi/lib/python3.12/site-packages/mypalletizer_260_pi/__pycache__/__init__.cpython-312.pyc
/home/amin/cobot/cobot_ws/install/mypalletizer_260_pi/lib/python3.12/site-packages/mypalletizer_260_pi/__pycache__/slider_control_adaptive_gripper.cpython-312.pyc
/home/amin/cobot/cobot_ws/install/mypalletizer_260_pi/lib/python3.12/site-packages/mypalletizer_260_pi/__pycache__/follow_display.cpython-312.pyc
/home/amin/cobot/cobot_ws/install/mypalletizer_260_pi/lib/python3.12/site-packages/mypalletizer_260_pi/__pycache__/simple_gui.cpython-312.pyc
/home/amin/cobot/cobot_ws/install/mypalletizer_260_pi/share/ament_index/resource_index/packages/mypalletizer_260_pi
/home/amin/cobot/cobot_ws/install/mypalletizer_260_pi/share/mypalletizer_260_pi/package.xml
/home/amin/cobot/cobot_ws/install/mypalletizer_260_pi/share/mypalletizer_260_pi/launch/teleop_keyboard.launch.py
/home/amin/cobot/cobot_ws/install/mypalletizer_260_pi/share/mypalletizer_260_pi/launch/simple_gui.launch.py
/home/amin/cobot/cobot_ws/install/mypalletizer_260_pi/share/mypalletizer_260_pi/launch/slider_control_adaptive_gripper.launch.py
/home/amin/cobot/cobot_ws/install/mypalletizer_260_pi/share/mypalletizer_260_pi/launch/test.launch.py
/home/amin/cobot/cobot_ws/install/mypalletizer_260_pi/share/mypalletizer_260_pi/launch/test_gripper.launch.py
/home/amin/cobot/cobot_ws/install/mypalletizer_260_pi/share/mypalletizer_260_pi/launch/slider_control.launch.py
/home/amin/cobot/cobot_ws/install/mypalletizer_260_pi/share/mypalletizer_260_pi/launch/follow.launch.py
/home/amin/cobot/cobot_ws/install/mypalletizer_260_pi/share/mypalletizer_260_pi/config/mypalletizer_pi.rviz
/home/amin/cobot/cobot_ws/install/mypalletizer_260_pi/share/mypalletizer_260_pi/config/mycobot_with_marker.rviz
/home/amin/cobot/cobot_ws/install/mypalletizer_260_pi/lib/python3.12/site-packages/mypalletizer_260_pi-0.0.0-py3.12.egg-info/SOURCES.txt
/home/amin/cobot/cobot_ws/install/mypalletizer_260_pi/lib/python3.12/site-packages/mypalletizer_260_pi-0.0.0-py3.12.egg-info/entry_points.txt
/home/amin/cobot/cobot_ws/install/mypalletizer_260_pi/lib/python3.12/site-packages/mypalletizer_260_pi-0.0.0-py3.12.egg-info/requires.txt
/home/amin/cobot/cobot_ws/install/mypalletizer_260_pi/lib/python3.12/site-packages/mypalletizer_260_pi-0.0.0-py3.12.egg-info/PKG-INFO
/home/amin/cobot/cobot_ws/install/mypalletizer_260_pi/lib/python3.12/site-packages/mypalletizer_260_pi-0.0.0-py3.12.egg-info/zip-safe
/home/amin/cobot/cobot_ws/install/mypalletizer_260_pi/lib/python3.12/site-packages/mypalletizer_260_pi-0.0.0-py3.12.egg-info/top_level.txt
/home/amin/cobot/cobot_ws/install/mypalletizer_260_pi/lib/python3.12/site-packages/mypalletizer_260_pi-0.0.0-py3.12.egg-info/dependency_links.txt
/home/amin/cobot/cobot_ws/install/mypalletizer_260_pi/lib/mypalletizer_260_pi/detect_marker
/home/amin/cobot/cobot_ws/install/mypalletizer_260_pi/lib/mypalletizer_260_pi/follow_display
/home/amin/cobot/cobot_ws/install/mypalletizer_260_pi/lib/mypalletizer_260_pi/following_marker
/home/amin/cobot/cobot_ws/install/mypalletizer_260_pi/lib/mypalletizer_260_pi/listen_real
/home/amin/cobot/cobot_ws/install/mypalletizer_260_pi/lib/mypalletizer_260_pi/listen_real_of_topic
/home/amin/cobot/cobot_ws/install/mypalletizer_260_pi/lib/mypalletizer_260_pi/listen_real_service
/home/amin/cobot/cobot_ws/install/mypalletizer_260_pi/lib/mypalletizer_260_pi/simple_gui
/home/amin/cobot/cobot_ws/install/mypalletizer_260_pi/lib/mypalletizer_260_pi/slider_control
/home/amin/cobot/cobot_ws/install/mypalletizer_260_pi/lib/mypalletizer_260_pi/slider_control_adaptive_gripper
/home/amin/cobot/cobot_ws/install/mypalletizer_260_pi/lib/mypalletizer_260_pi/teleop_keyboard
