[2.162s] Invoking command in '/home/amin/cobot/cobot_ws/src/mycobot_ros2/mycobot_pro/mycobot_630': AMENT_PREFIX_PATH=/home/amin/cobot/cobot_ws/install/mycobot_description:${AMENT_PREFIX_PATH} DEBUGINFOD_URLS=https://debuginfod.ubuntu.com PYTHONPATH=/home/amin/cobot/cobot_ws/build/mycobot_630/prefix_override:/usr/lib/python3/dist-packages/colcon_core/task/python/colcon_distutils_commands:/home/amin/cobot/cobot_ws/install/mycobot_630/lib/python3.12/site-packages:/home/amin/cobot/cobot_ws/install/mycobot_description/lib/python3.12/site-packages:${PYTHONPATH} /usr/bin/python3 -W ignore:setup.py install is deprecated -W ignore:easy_install command is deprecated setup.py egg_info --egg-base ../../../../build/mycobot_630 build --build-base /home/amin/cobot/cobot_ws/build/mycobot_630/build install --record /home/amin/cobot/cobot_ws/build/mycobot_630/install.log --single-version-externally-managed install_data
[2.824s] running egg_info
[2.824s] creating ../../../../build/mycobot_630/mycobot_630.egg-info
[2.866s] writing ../../../../build/mycobot_630/mycobot_630.egg-info/PKG-INFO
[2.866s] writing dependency_links to ../../../../build/mycobot_630/mycobot_630.egg-info/dependency_links.txt
[2.866s] writing entry points to ../../../../build/mycobot_630/mycobot_630.egg-info/entry_points.txt
[2.866s] writing requirements to ../../../../build/mycobot_630/mycobot_630.egg-info/requires.txt
[2.867s] writing top-level names to ../../../../build/mycobot_630/mycobot_630.egg-info/top_level.txt
[2.868s] writing manifest file '../../../../build/mycobot_630/mycobot_630.egg-info/SOURCES.txt'
[2.945s] reading manifest file '../../../../build/mycobot_630/mycobot_630.egg-info/SOURCES.txt'
[2.945s] adding license file 'LICENSE'
[2.949s] writing manifest file '../../../../build/mycobot_630/mycobot_630.egg-info/SOURCES.txt'
[2.949s] running build
[2.949s] running build_py
[2.949s] creating /home/amin/cobot/cobot_ws/build/mycobot_630/build
[2.949s] creating /home/amin/cobot/cobot_ws/build/mycobot_630/build/lib
[2.949s] creating /home/amin/cobot/cobot_ws/build/mycobot_630/build/lib/mycobot_630
[2.949s] copying mycobot_630/slider_control.py -> /home/amin/cobot/cobot_ws/build/mycobot_630/build/lib/mycobot_630
[2.950s] copying mycobot_630/__init__.py -> /home/amin/cobot/cobot_ws/build/mycobot_630/build/lib/mycobot_630
[2.950s] copying mycobot_630/test.py -> /home/amin/cobot/cobot_ws/build/mycobot_630/build/lib/mycobot_630
[2.950s] running install
[2.961s] running install_lib
[2.999s] creating /home/amin/cobot/cobot_ws/install/mycobot_630/lib/python3.12/site-packages/mycobot_630
[2.999s] copying /home/amin/cobot/cobot_ws/build/mycobot_630/build/lib/mycobot_630/slider_control.py -> /home/amin/cobot/cobot_ws/install/mycobot_630/lib/python3.12/site-packages/mycobot_630
[2.999s] copying /home/amin/cobot/cobot_ws/build/mycobot_630/build/lib/mycobot_630/__init__.py -> /home/amin/cobot/cobot_ws/install/mycobot_630/lib/python3.12/site-packages/mycobot_630
[3.000s] copying /home/amin/cobot/cobot_ws/build/mycobot_630/build/lib/mycobot_630/test.py -> /home/amin/cobot/cobot_ws/install/mycobot_630/lib/python3.12/site-packages/mycobot_630
[3.000s] byte-compiling /home/amin/cobot/cobot_ws/install/mycobot_630/lib/python3.12/site-packages/mycobot_630/slider_control.py to slider_control.cpython-312.pyc
[3.002s] byte-compiling /home/amin/cobot/cobot_ws/install/mycobot_630/lib/python3.12/site-packages/mycobot_630/__init__.py to __init__.cpython-312.pyc
[3.002s] byte-compiling /home/amin/cobot/cobot_ws/install/mycobot_630/lib/python3.12/site-packages/mycobot_630/test.py to test.cpython-312.pyc
[3.002s] running install_data
[3.002s] creating /home/amin/cobot/cobot_ws/install/mycobot_630/share/ament_index
[3.002s] creating /home/amin/cobot/cobot_ws/install/mycobot_630/share/ament_index/resource_index
[3.003s] creating /home/amin/cobot/cobot_ws/install/mycobot_630/share/ament_index/resource_index/packages
[3.003s] copying resource/mycobot_630 -> /home/amin/cobot/cobot_ws/install/mycobot_630/share/ament_index/resource_index/packages
[3.003s] copying package.xml -> /home/amin/cobot/cobot_ws/install/mycobot_630/share/mycobot_630
[3.003s] creating /home/amin/cobot/cobot_ws/install/mycobot_630/share/mycobot_630/launch
[3.003s] copying launch/test.launch.py -> /home/amin/cobot/cobot_ws/install/mycobot_630/share/mycobot_630/launch
[3.004s] copying launch/slider_control.launch.py -> /home/amin/cobot/cobot_ws/install/mycobot_630/share/mycobot_630/launch
[3.005s] creating /home/amin/cobot/cobot_ws/install/mycobot_630/share/mycobot_630/config
[3.005s] copying config/mycobot_630.rviz -> /home/amin/cobot/cobot_ws/install/mycobot_630/share/mycobot_630/config
[3.005s] running install_egg_info
[3.045s] Copying ../../../../build/mycobot_630/mycobot_630.egg-info to /home/amin/cobot/cobot_ws/install/mycobot_630/lib/python3.12/site-packages/mycobot_630-0.0.0-py3.12.egg-info
[3.049s] running install_scripts
[3.392s] Installing slider_control script to /home/amin/cobot/cobot_ws/install/mycobot_630/lib/mycobot_630
[3.393s] writing list of installed files to '/home/amin/cobot/cobot_ws/build/mycobot_630/install.log'
[3.480s] Invoked command in '/home/amin/cobot/cobot_ws/src/mycobot_ros2/mycobot_pro/mycobot_630' returned '0': AMENT_PREFIX_PATH=/home/amin/cobot/cobot_ws/install/mycobot_description:${AMENT_PREFIX_PATH} DEBUGINFOD_URLS=https://debuginfod.ubuntu.com PYTHONPATH=/home/amin/cobot/cobot_ws/build/mycobot_630/prefix_override:/usr/lib/python3/dist-packages/colcon_core/task/python/colcon_distutils_commands:/home/amin/cobot/cobot_ws/install/mycobot_630/lib/python3.12/site-packages:/home/amin/cobot/cobot_ws/install/mycobot_description/lib/python3.12/site-packages:${PYTHONPATH} /usr/bin/python3 -W ignore:setup.py install is deprecated -W ignore:easy_install command is deprecated setup.py egg_info --egg-base ../../../../build/mycobot_630 build --build-base /home/amin/cobot/cobot_ws/build/mycobot_630/build install --record /home/amin/cobot/cobot_ws/build/mycobot_630/install.log --single-version-externally-managed install_data
