running egg_info
writing ../../../../build/mypalletizer_communication/mypalletizer_communication.egg-info/PKG-INFO
writing dependency_links to ../../../../build/mypalletizer_communication/mypalletizer_communication.egg-info/dependency_links.txt
writing entry points to ../../../../build/mypalletizer_communication/mypalletizer_communication.egg-info/entry_points.txt
writing requirements to ../../../../build/mypalletizer_communication/mypalletizer_communication.egg-info/requires.txt
writing top-level names to ../../../../build/mypalletizer_communication/mypalletizer_communication.egg-info/top_level.txt
reading manifest file '../../../../build/mypalletizer_communication/mypalletizer_communication.egg-info/SOURCES.txt'
writing manifest file '../../../../build/mypalletizer_communication/mypalletizer_communication.egg-info/SOURCES.txt'
running build
running build_py
running install
running install_lib
running install_data
running install_egg_info
removing '/home/amin/cobot/cobot_ws/install/mypalletizer_communication/lib/python3.12/site-packages/mypalletizer_communication-0.0.0-py3.12.egg-info' (and everything under it)
Copying ../../../../build/mypalletizer_communication/mypalletizer_communication.egg-info to /home/amin/cobot/cobot_ws/install/mypalletizer_communication/lib/python3.12/site-packages/mypalletizer_communication-0.0.0-py3.12.egg-info
running install_scripts
Installing mypalletizer_services script to /home/amin/cobot/cobot_ws/install/mypalletizer_communication/lib/mypalletizer_communication
Installing mypalletizer_topics script to /home/amin/cobot/cobot_ws/install/mypalletizer_communication/lib/mypalletizer_communication
Installing mypalletizer_topics_seeed script to /home/amin/cobot/cobot_ws/install/mypalletizer_communication/lib/mypalletizer_communication
writing list of installed files to '/home/amin/cobot/cobot_ws/build/mypalletizer_communication/install.log'
