[1.539s] Invoking command in '/home/amin/cobot/cobot_ws/src/mycobot_ros2/mypalletizer_260/mypalletizer_260_pi': AMENT_PREFIX_PATH=/home/amin/cobot/cobot_ws/install/mycobot_description:${AMENT_PREFIX_PATH} DEBUGINFOD_URLS=https://debuginfod.ubuntu.com PYTHONPATH=/home/amin/cobot/cobot_ws/build/mypalletizer_260_pi/prefix_override:/usr/lib/python3/dist-packages/colcon_core/task/python/colcon_distutils_commands:/home/amin/cobot/cobot_ws/install/mypalletizer_260_pi/lib/python3.12/site-packages:/home/amin/cobot/cobot_ws/install/mycobot_description/lib/python3.12/site-packages:${PYTHONPATH} /usr/bin/python3 -W ignore:setup.py install is deprecated -W ignore:easy_install command is deprecated setup.py egg_info --egg-base ../../../../build/mypalletizer_260_pi build --build-base /home/amin/cobot/cobot_ws/build/mypalletizer_260_pi/build install --record /home/amin/cobot/cobot_ws/build/mypalletizer_260_pi/install.log --single-version-externally-managed install_data
[1.743s] running egg_info
[1.759s] writing ../../../../build/mypalletizer_260_pi/mypalletizer_260_pi.egg-info/PKG-INFO
[1.760s] writing dependency_links to ../../../../build/mypalletizer_260_pi/mypalletizer_260_pi.egg-info/dependency_links.txt
[1.761s] writing entry points to ../../../../build/mypalletizer_260_pi/mypalletizer_260_pi.egg-info/entry_points.txt
[1.761s] writing requirements to ../../../../build/mypalletizer_260_pi/mypalletizer_260_pi.egg-info/requires.txt
[1.761s] writing top-level names to ../../../../build/mypalletizer_260_pi/mypalletizer_260_pi.egg-info/top_level.txt
[1.793s] reading manifest file '../../../../build/mypalletizer_260_pi/mypalletizer_260_pi.egg-info/SOURCES.txt'
[1.793s] adding license file 'LICENSE'
[1.794s] writing manifest file '../../../../build/mypalletizer_260_pi/mypalletizer_260_pi.egg-info/SOURCES.txt'
[1.794s] running build
[1.794s] running build_py
[1.795s] running install
[1.800s] running install_lib
[1.815s] running install_data
[1.816s] running install_egg_info
[1.831s] removing '/home/amin/cobot/cobot_ws/install/mypalletizer_260_pi/lib/python3.12/site-packages/mypalletizer_260_pi-0.0.0-py3.12.egg-info' (and everything under it)
[1.834s] Copying ../../../../build/mypalletizer_260_pi/mypalletizer_260_pi.egg-info to /home/amin/cobot/cobot_ws/install/mypalletizer_260_pi/lib/python3.12/site-packages/mypalletizer_260_pi-0.0.0-py3.12.egg-info
[1.834s] running install_scripts
[1.935s] Installing detect_marker script to /home/amin/cobot/cobot_ws/install/mypalletizer_260_pi/lib/mypalletizer_260_pi
[1.936s] Installing follow_display script to /home/amin/cobot/cobot_ws/install/mypalletizer_260_pi/lib/mypalletizer_260_pi
[1.936s] Installing following_marker script to /home/amin/cobot/cobot_ws/install/mypalletizer_260_pi/lib/mypalletizer_260_pi
[1.936s] Installing listen_real script to /home/amin/cobot/cobot_ws/install/mypalletizer_260_pi/lib/mypalletizer_260_pi
[1.936s] Installing listen_real_of_topic script to /home/amin/cobot/cobot_ws/install/mypalletizer_260_pi/lib/mypalletizer_260_pi
[1.936s] Installing listen_real_service script to /home/amin/cobot/cobot_ws/install/mypalletizer_260_pi/lib/mypalletizer_260_pi
[1.937s] Installing simple_gui script to /home/amin/cobot/cobot_ws/install/mypalletizer_260_pi/lib/mypalletizer_260_pi
[1.937s] Installing slider_control script to /home/amin/cobot/cobot_ws/install/mypalletizer_260_pi/lib/mypalletizer_260_pi
[1.937s] Installing slider_control_adaptive_gripper script to /home/amin/cobot/cobot_ws/install/mypalletizer_260_pi/lib/mypalletizer_260_pi
[1.937s] Installing teleop_keyboard script to /home/amin/cobot/cobot_ws/install/mypalletizer_260_pi/lib/mypalletizer_260_pi
[1.940s] writing list of installed files to '/home/amin/cobot/cobot_ws/build/mypalletizer_260_pi/install.log'
[1.964s] Invoked command in '/home/amin/cobot/cobot_ws/src/mycobot_ros2/mypalletizer_260/mypalletizer_260_pi' returned '0': AMENT_PREFIX_PATH=/home/amin/cobot/cobot_ws/install/mycobot_description:${AMENT_PREFIX_PATH} DEBUGINFOD_URLS=https://debuginfod.ubuntu.com PYTHONPATH=/home/amin/cobot/cobot_ws/build/mypalletizer_260_pi/prefix_override:/usr/lib/python3/dist-packages/colcon_core/task/python/colcon_distutils_commands:/home/amin/cobot/cobot_ws/install/mypalletizer_260_pi/lib/python3.12/site-packages:/home/amin/cobot/cobot_ws/install/mycobot_description/lib/python3.12/site-packages:${PYTHONPATH} /usr/bin/python3 -W ignore:setup.py install is deprecated -W ignore:easy_install command is deprecated setup.py egg_info --egg-base ../../../../build/mypalletizer_260_pi build --build-base /home/amin/cobot/cobot_ws/build/mypalletizer_260_pi/build install --record /home/amin/cobot/cobot_ws/build/mypalletizer_260_pi/install.log --single-version-externally-managed install_data
