/home/amin/cobot/cobot_ws/install/myarm_300/lib/python3.12/site-packages/myarm_300/slider_control.py
/home/amin/cobot/cobot_ws/install/myarm_300/lib/python3.12/site-packages/myarm_300/teleop_keyboard.py
/home/amin/cobot/cobot_ws/install/myarm_300/lib/python3.12/site-packages/myarm_300/__init__.py
/home/amin/cobot/cobot_ws/install/myarm_300/lib/python3.12/site-packages/myarm_300/follow_display.py
/home/amin/cobot/cobot_ws/install/myarm_300/lib/python3.12/site-packages/myarm_300/simple_gui.py
/home/amin/cobot/cobot_ws/install/myarm_300/lib/python3.12/site-packages/myarm_300/__pycache__/slider_control.cpython-312.pyc
/home/amin/cobot/cobot_ws/install/myarm_300/lib/python3.12/site-packages/myarm_300/__pycache__/teleop_keyboard.cpython-312.pyc
/home/amin/cobot/cobot_ws/install/myarm_300/lib/python3.12/site-packages/myarm_300/__pycache__/__init__.cpython-312.pyc
/home/amin/cobot/cobot_ws/install/myarm_300/lib/python3.12/site-packages/myarm_300/__pycache__/follow_display.cpython-312.pyc
/home/amin/cobot/cobot_ws/install/myarm_300/lib/python3.12/site-packages/myarm_300/__pycache__/simple_gui.cpython-312.pyc
/home/amin/cobot/cobot_ws/install/myarm_300/share/ament_index/resource_index/packages/myarm_300
/home/amin/cobot/cobot_ws/install/myarm_300/share/myarm_300/package.xml
/home/amin/cobot/cobot_ws/install/myarm_300/share/myarm_300/launch/mycobot_follow.launch.py
/home/amin/cobot/cobot_ws/install/myarm_300/share/myarm_300/launch/teleop_keyboard.launch.py
/home/amin/cobot/cobot_ws/install/myarm_300/share/myarm_300/launch/simple_gui.launch.py
/home/amin/cobot/cobot_ws/install/myarm_300/share/myarm_300/launch/test.launch.py
/home/amin/cobot/cobot_ws/install/myarm_300/share/myarm_300/launch/slider_control.launch.py
/home/amin/cobot/cobot_ws/install/myarm_300/share/myarm_300/config/myarm_300.rviz
/home/amin/cobot/cobot_ws/install/myarm_300/lib/python3.12/site-packages/myarm_300-0.0.0-py3.12.egg-info/SOURCES.txt
/home/amin/cobot/cobot_ws/install/myarm_300/lib/python3.12/site-packages/myarm_300-0.0.0-py3.12.egg-info/entry_points.txt
/home/amin/cobot/cobot_ws/install/myarm_300/lib/python3.12/site-packages/myarm_300-0.0.0-py3.12.egg-info/requires.txt
/home/amin/cobot/cobot_ws/install/myarm_300/lib/python3.12/site-packages/myarm_300-0.0.0-py3.12.egg-info/PKG-INFO
/home/amin/cobot/cobot_ws/install/myarm_300/lib/python3.12/site-packages/myarm_300-0.0.0-py3.12.egg-info/zip-safe
/home/amin/cobot/cobot_ws/install/myarm_300/lib/python3.12/site-packages/myarm_300-0.0.0-py3.12.egg-info/top_level.txt
/home/amin/cobot/cobot_ws/install/myarm_300/lib/python3.12/site-packages/myarm_300-0.0.0-py3.12.egg-info/dependency_links.txt
/home/amin/cobot/cobot_ws/install/myarm_300/lib/myarm_300/follow_display
/home/amin/cobot/cobot_ws/install/myarm_300/lib/myarm_300/simple_gui
/home/amin/cobot/cobot_ws/install/myarm_300/lib/myarm_300/slider_control
/home/amin/cobot/cobot_ws/install/myarm_300/lib/myarm_300/teleop_keyboard
