[1.064s] Invoking command in '/home/amin/cobot/cobot_ws/src/mycobot_ros2/mycobot_280/mycobot_280_x3pi': AMENT_PREFIX_PATH=/home/amin/cobot/cobot_ws/install/mycobot_description:${AMENT_PREFIX_PATH} DEBUGINFOD_URLS=https://debuginfod.ubuntu.com PYTHONPATH=/home/amin/cobot/cobot_ws/build/mycobot_280_x3pi/prefix_override:/usr/lib/python3/dist-packages/colcon_core/task/python/colcon_distutils_commands:/home/amin/cobot/cobot_ws/install/mycobot_280_x3pi/lib/python3.12/site-packages:/home/amin/cobot/cobot_ws/install/mycobot_description/lib/python3.12/site-packages:${PYTHONPATH} /usr/bin/python3 -W ignore:setup.py install is deprecated -W ignore:easy_install command is deprecated setup.py egg_info --egg-base ../../../../build/mycobot_280_x3pi build --build-base /home/amin/cobot/cobot_ws/build/mycobot_280_x3pi/build install --record /home/amin/cobot/cobot_ws/build/mycobot_280_x3pi/install.log --single-version-externally-managed install_data
[1.404s] running egg_info
[1.430s] writing ../../../../build/mycobot_280_x3pi/mycobot_280_x3pi.egg-info/PKG-INFO
[1.430s] writing dependency_links to ../../../../build/mycobot_280_x3pi/mycobot_280_x3pi.egg-info/dependency_links.txt
[1.430s] writing entry points to ../../../../build/mycobot_280_x3pi/mycobot_280_x3pi.egg-info/entry_points.txt
[1.431s] writing requirements to ../../../../build/mycobot_280_x3pi/mycobot_280_x3pi.egg-info/requires.txt
[1.431s] writing top-level names to ../../../../build/mycobot_280_x3pi/mycobot_280_x3pi.egg-info/top_level.txt
[1.469s] reading manifest file '../../../../build/mycobot_280_x3pi/mycobot_280_x3pi.egg-info/SOURCES.txt'
[1.469s] adding license file 'LICENSE'
[1.470s] writing manifest file '../../../../build/mycobot_280_x3pi/mycobot_280_x3pi.egg-info/SOURCES.txt'
[1.470s] running build
[1.470s] running build_py
[1.470s] running install
[1.475s] running install_lib
[1.490s] running install_data
[1.490s] running install_egg_info
[1.505s] removing '/home/amin/cobot/cobot_ws/install/mycobot_280_x3pi/lib/python3.12/site-packages/mycobot_280_x3pi-0.0.0-py3.12.egg-info' (and everything under it)
[1.505s] Copying ../../../../build/mycobot_280_x3pi/mycobot_280_x3pi.egg-info to /home/amin/cobot/cobot_ws/install/mycobot_280_x3pi/lib/python3.12/site-packages/mycobot_280_x3pi-0.0.0-py3.12.egg-info
[1.505s] running install_scripts
[1.636s] Installing camera_display script to /home/amin/cobot/cobot_ws/install/mycobot_280_x3pi/lib/mycobot_280_x3pi
[1.637s] Installing follow_display script to /home/amin/cobot/cobot_ws/install/mycobot_280_x3pi/lib/mycobot_280_x3pi
[1.637s] Installing listen_real script to /home/amin/cobot/cobot_ws/install/mycobot_280_x3pi/lib/mycobot_280_x3pi
[1.637s] Installing listen_real_of_topic script to /home/amin/cobot/cobot_ws/install/mycobot_280_x3pi/lib/mycobot_280_x3pi
[1.637s] Installing opencv_camera script to /home/amin/cobot/cobot_ws/install/mycobot_280_x3pi/lib/mycobot_280_x3pi
[1.637s] Installing simple_gui script to /home/amin/cobot/cobot_ws/install/mycobot_280_x3pi/lib/mycobot_280_x3pi
[1.637s] Installing slider_control script to /home/amin/cobot/cobot_ws/install/mycobot_280_x3pi/lib/mycobot_280_x3pi
[1.637s] Installing teleop_keyboard script to /home/amin/cobot/cobot_ws/install/mycobot_280_x3pi/lib/mycobot_280_x3pi
[1.638s] writing list of installed files to '/home/amin/cobot/cobot_ws/build/mycobot_280_x3pi/install.log'
[1.778s] Invoked command in '/home/amin/cobot/cobot_ws/src/mycobot_ros2/mycobot_280/mycobot_280_x3pi' returned '0': AMENT_PREFIX_PATH=/home/amin/cobot/cobot_ws/install/mycobot_description:${AMENT_PREFIX_PATH} DEBUGINFOD_URLS=https://debuginfod.ubuntu.com PYTHONPATH=/home/amin/cobot/cobot_ws/build/mycobot_280_x3pi/prefix_override:/usr/lib/python3/dist-packages/colcon_core/task/python/colcon_distutils_commands:/home/amin/cobot/cobot_ws/install/mycobot_280_x3pi/lib/python3.12/site-packages:/home/amin/cobot/cobot_ws/install/mycobot_description/lib/python3.12/site-packages:${PYTHONPATH} /usr/bin/python3 -W ignore:setup.py install is deprecated -W ignore:easy_install command is deprecated setup.py egg_info --egg-base ../../../../build/mycobot_280_x3pi build --build-base /home/amin/cobot/cobot_ws/build/mycobot_280_x3pi/build install --record /home/amin/cobot/cobot_ws/build/mycobot_280_x3pi/install.log --single-version-externally-managed install_data
