[1.752s] Invoking command in '/home/amin/cobot/cobot_ws/src/mycobot_ros2/mecharm/mecharm': AMENT_PREFIX_PATH=/home/amin/cobot/cobot_ws/install/mycobot_description:${AMENT_PREFIX_PATH} DEBUGINFOD_URLS=https://debuginfod.ubuntu.com PYTHONPATH=/home/amin/cobot/cobot_ws/build/mecharm/prefix_override:/usr/lib/python3/dist-packages/colcon_core/task/python/colcon_distutils_commands:/home/amin/cobot/cobot_ws/install/mecharm/lib/python3.12/site-packages:/home/amin/cobot/cobot_ws/install/mycobot_description/lib/python3.12/site-packages:${PYTHONPATH} /usr/bin/python3 -W ignore:setup.py install is deprecated -W ignore:easy_install command is deprecated setup.py egg_info --egg-base ../../../../build/mecharm build --build-base /home/amin/cobot/cobot_ws/build/mecharm/build install --record /home/amin/cobot/cobot_ws/build/mecharm/install.log --single-version-externally-managed install_data
[2.067s] running egg_info
[2.093s] writing ../../../../build/mecharm/mecharm.egg-info/PKG-INFO
[2.094s] writing dependency_links to ../../../../build/mecharm/mecharm.egg-info/dependency_links.txt
[2.094s] writing entry points to ../../../../build/mecharm/mecharm.egg-info/entry_points.txt
[2.094s] writing requirements to ../../../../build/mecharm/mecharm.egg-info/requires.txt
[2.094s] writing top-level names to ../../../../build/mecharm/mecharm.egg-info/top_level.txt
[2.127s] reading manifest file '../../../../build/mecharm/mecharm.egg-info/SOURCES.txt'
[2.128s] adding license file 'LICENSE'
[2.129s] writing manifest file '../../../../build/mecharm/mecharm.egg-info/SOURCES.txt'
[2.129s] running build
[2.130s] running build_py
[2.130s] running install
[2.134s] running install_lib
[2.151s] running install_data
[2.152s] running install_egg_info
[2.173s] removing '/home/amin/cobot/cobot_ws/install/mecharm/lib/python3.12/site-packages/mecharm-0.0.0-py3.12.egg-info' (and everything under it)
[2.173s] Copying ../../../../build/mecharm/mecharm.egg-info to /home/amin/cobot/cobot_ws/install/mecharm/lib/python3.12/site-packages/mecharm-0.0.0-py3.12.egg-info
[2.173s] running install_scripts
[2.274s] Installing follow_display script to /home/amin/cobot/cobot_ws/install/mecharm/lib/mecharm
[2.274s] Installing listen_real script to /home/amin/cobot/cobot_ws/install/mecharm/lib/mecharm
[2.274s] Installing listen_real_of_topic script to /home/amin/cobot/cobot_ws/install/mecharm/lib/mecharm
[2.274s] Installing listen_real_service script to /home/amin/cobot/cobot_ws/install/mecharm/lib/mecharm
[2.274s] Installing simple_gui script to /home/amin/cobot/cobot_ws/install/mecharm/lib/mecharm
[2.275s] Installing slider_control script to /home/amin/cobot/cobot_ws/install/mecharm/lib/mecharm
[2.275s] Installing slider_control_adaptive_gripper script to /home/amin/cobot/cobot_ws/install/mecharm/lib/mecharm
[2.275s] Installing teleop_keyboard script to /home/amin/cobot/cobot_ws/install/mecharm/lib/mecharm
[2.275s] writing list of installed files to '/home/amin/cobot/cobot_ws/build/mecharm/install.log'
[2.578s] Invoked command in '/home/amin/cobot/cobot_ws/src/mycobot_ros2/mecharm/mecharm' returned '0': AMENT_PREFIX_PATH=/home/amin/cobot/cobot_ws/install/mycobot_description:${AMENT_PREFIX_PATH} DEBUGINFOD_URLS=https://debuginfod.ubuntu.com PYTHONPATH=/home/amin/cobot/cobot_ws/build/mecharm/prefix_override:/usr/lib/python3/dist-packages/colcon_core/task/python/colcon_distutils_commands:/home/amin/cobot/cobot_ws/install/mecharm/lib/python3.12/site-packages:/home/amin/cobot/cobot_ws/install/mycobot_description/lib/python3.12/site-packages:${PYTHONPATH} /usr/bin/python3 -W ignore:setup.py install is deprecated -W ignore:easy_install command is deprecated setup.py egg_info --egg-base ../../../../build/mecharm build --build-base /home/amin/cobot/cobot_ws/build/mecharm/build install --record /home/amin/cobot/cobot_ws/build/mecharm/install.log --single-version-externally-managed install_data
