[1.578s] Invoking command in '/home/amin/cobot/cobot_ws/src/mycobot_ros2/mycobot_pro/pro450_moveit2_control': AMENT_PREFIX_PATH=/home/amin/cobot/cobot_ws/install/mycobot_description:${AMENT_PREFIX_PATH} DEBUGINFOD_URLS=https://debuginfod.ubuntu.com PYTHONPATH=/home/amin/cobot/cobot_ws/build/pro450_moveit2_control/prefix_override:/usr/lib/python3/dist-packages/colcon_core/task/python/colcon_distutils_commands:/home/amin/cobot/cobot_ws/install/pro450_moveit2_control/lib/python3.12/site-packages:/home/amin/cobot/cobot_ws/install/mycobot_description/lib/python3.12/site-packages:${PYTHONPATH} /usr/bin/python3 -W ignore:setup.py install is deprecated -W ignore:easy_install command is deprecated setup.py egg_info --egg-base ../../../../build/pro450_moveit2_control build --build-base /home/amin/cobot/cobot_ws/build/pro450_moveit2_control/build install --record /home/amin/cobot/cobot_ws/build/pro450_moveit2_control/install.log --single-version-externally-managed install_data
[2.041s] running egg_info
[2.041s] creating ../../../../build/pro450_moveit2_control/pro450_moveit2_control.egg-info
[2.076s] writing ../../../../build/pro450_moveit2_control/pro450_moveit2_control.egg-info/PKG-INFO
[2.077s] writing dependency_links to ../../../../build/pro450_moveit2_control/pro450_moveit2_control.egg-info/dependency_links.txt
[2.077s] writing entry points to ../../../../build/pro450_moveit2_control/pro450_moveit2_control.egg-info/entry_points.txt
[2.077s] writing requirements to ../../../../build/pro450_moveit2_control/pro450_moveit2_control.egg-info/requires.txt
[2.077s] writing top-level names to ../../../../build/pro450_moveit2_control/pro450_moveit2_control.egg-info/top_level.txt
[2.077s] writing manifest file '../../../../build/pro450_moveit2_control/pro450_moveit2_control.egg-info/SOURCES.txt'
[2.148s] reading manifest file '../../../../build/pro450_moveit2_control/pro450_moveit2_control.egg-info/SOURCES.txt'
[2.148s] adding license file 'LICENSE'
[2.149s] writing manifest file '../../../../build/pro450_moveit2_control/pro450_moveit2_control.egg-info/SOURCES.txt'
[2.149s] running build
[2.149s] running build_py
[2.149s] creating /home/amin/cobot/cobot_ws/build/pro450_moveit2_control/build
[2.149s] creating /home/amin/cobot/cobot_ws/build/pro450_moveit2_control/build/lib
[2.149s] creating /home/amin/cobot/cobot_ws/build/pro450_moveit2_control/build/lib/pro450_moveit2_control
[2.150s] copying pro450_moveit2_control/__init__.py -> /home/amin/cobot/cobot_ws/build/pro450_moveit2_control/build/lib/pro450_moveit2_control
[2.150s] copying pro450_moveit2_control/test.py -> /home/amin/cobot/cobot_ws/build/pro450_moveit2_control/build/lib/pro450_moveit2_control
[2.150s] copying pro450_moveit2_control/sync_plan.py -> /home/amin/cobot/cobot_ws/build/pro450_moveit2_control/build/lib/pro450_moveit2_control
[2.150s] running install
[2.162s] running install_lib
[2.193s] creating /home/amin/cobot/cobot_ws/install/pro450_moveit2_control/lib/python3.12/site-packages/pro450_moveit2_control
[2.193s] copying /home/amin/cobot/cobot_ws/build/pro450_moveit2_control/build/lib/pro450_moveit2_control/__init__.py -> /home/amin/cobot/cobot_ws/install/pro450_moveit2_control/lib/python3.12/site-packages/pro450_moveit2_control
[2.193s] copying /home/amin/cobot/cobot_ws/build/pro450_moveit2_control/build/lib/pro450_moveit2_control/test.py -> /home/amin/cobot/cobot_ws/install/pro450_moveit2_control/lib/python3.12/site-packages/pro450_moveit2_control
[2.193s] copying /home/amin/cobot/cobot_ws/build/pro450_moveit2_control/build/lib/pro450_moveit2_control/sync_plan.py -> /home/amin/cobot/cobot_ws/install/pro450_moveit2_control/lib/python3.12/site-packages/pro450_moveit2_control
[2.193s] byte-compiling /home/amin/cobot/cobot_ws/install/pro450_moveit2_control/lib/python3.12/site-packages/pro450_moveit2_control/__init__.py to __init__.cpython-312.pyc
[2.194s] byte-compiling /home/amin/cobot/cobot_ws/install/pro450_moveit2_control/lib/python3.12/site-packages/pro450_moveit2_control/test.py to test.cpython-312.pyc
[2.194s] byte-compiling /home/amin/cobot/cobot_ws/install/pro450_moveit2_control/lib/python3.12/site-packages/pro450_moveit2_control/sync_plan.py to sync_plan.cpython-312.pyc
[2.195s] running install_data
[2.195s] creating /home/amin/cobot/cobot_ws/install/pro450_moveit2_control/share/ament_index
[2.195s] creating /home/amin/cobot/cobot_ws/install/pro450_moveit2_control/share/ament_index/resource_index
[2.196s] creating /home/amin/cobot/cobot_ws/install/pro450_moveit2_control/share/ament_index/resource_index/packages
[2.196s] copying resource/pro450_moveit2_control -> /home/amin/cobot/cobot_ws/install/pro450_moveit2_control/share/ament_index/resource_index/packages
[2.196s] copying package.xml -> /home/amin/cobot/cobot_ws/install/pro450_moveit2_control/share/pro450_moveit2_control
[2.196s] creating /home/amin/cobot/cobot_ws/install/pro450_moveit2_control/share/pro450_moveit2_control/launch
[2.196s] creating /home/amin/cobot/cobot_ws/install/pro450_moveit2_control/share/pro450_moveit2_control/config
[2.196s] running install_egg_info
[2.222s] Copying ../../../../build/pro450_moveit2_control/pro450_moveit2_control.egg-info to /home/amin/cobot/cobot_ws/install/pro450_moveit2_control/lib/python3.12/site-packages/pro450_moveit2_control-0.0.0-py3.12.egg-info
[2.223s] running install_scripts
[2.398s] Installing sync_plan script to /home/amin/cobot/cobot_ws/install/pro450_moveit2_control/lib/pro450_moveit2_control
[2.399s] writing list of installed files to '/home/amin/cobot/cobot_ws/build/pro450_moveit2_control/install.log'
[2.434s] Invoked command in '/home/amin/cobot/cobot_ws/src/mycobot_ros2/mycobot_pro/pro450_moveit2_control' returned '0': AMENT_PREFIX_PATH=/home/amin/cobot/cobot_ws/install/mycobot_description:${AMENT_PREFIX_PATH} DEBUGINFOD_URLS=https://debuginfod.ubuntu.com PYTHONPATH=/home/amin/cobot/cobot_ws/build/pro450_moveit2_control/prefix_override:/usr/lib/python3/dist-packages/colcon_core/task/python/colcon_distutils_commands:/home/amin/cobot/cobot_ws/install/pro450_moveit2_control/lib/python3.12/site-packages:/home/amin/cobot/cobot_ws/install/mycobot_description/lib/python3.12/site-packages:${PYTHONPATH} /usr/bin/python3 -W ignore:setup.py install is deprecated -W ignore:easy_install command is deprecated setup.py egg_info --egg-base ../../../../build/pro450_moveit2_control build --build-base /home/amin/cobot/cobot_ws/build/pro450_moveit2_control/build install --record /home/amin/cobot/cobot_ws/build/pro450_moveit2_control/install.log --single-version-externally-managed install_data
