[8.252s] Invoking command in '/home/amin/cobot/cobot_ws/src/mycobot_ros2/mycobot_280/mycobot_280_riscv': AMENT_PREFIX_PATH=/home/amin/cobot/cobot_ws/install/mycobot_description:${AMENT_PREFIX_PATH} DEBUGINFOD_URLS=https://debuginfod.ubuntu.com PYTHONPATH=/home/amin/cobot/cobot_ws/build/mycobot_280_riscv/prefix_override:/usr/lib/python3/dist-packages/colcon_core/task/python/colcon_distutils_commands:/home/amin/cobot/cobot_ws/install/mycobot_280_riscv/lib/python3.12/site-packages:/home/amin/cobot/cobot_ws/install/mycobot_description/lib/python3.12/site-packages:${PYTHONPATH} /usr/bin/python3 -W ignore:setup.py install is deprecated -W ignore:easy_install command is deprecated setup.py egg_info --egg-base ../../../../build/mycobot_280_riscv build --build-base /home/amin/cobot/cobot_ws/build/mycobot_280_riscv/build install --record /home/amin/cobot/cobot_ws/build/mycobot_280_riscv/install.log --single-version-externally-managed install_data
[11.509s] running egg_info
[11.509s] creating ../../../../build/mycobot_280_riscv/mycobot_280_riscv.egg-info
[11.709s] writing ../../../../build/mycobot_280_riscv/mycobot_280_riscv.egg-info/PKG-INFO
[11.710s] writing dependency_links to ../../../../build/mycobot_280_riscv/mycobot_280_riscv.egg-info/dependency_links.txt
[11.714s] writing entry points to ../../../../build/mycobot_280_riscv/mycobot_280_riscv.egg-info/entry_points.txt
[11.722s] writing requirements to ../../../../build/mycobot_280_riscv/mycobot_280_riscv.egg-info/requires.txt
[11.722s] writing top-level names to ../../../../build/mycobot_280_riscv/mycobot_280_riscv.egg-info/top_level.txt
[11.722s] writing manifest file '../../../../build/mycobot_280_riscv/mycobot_280_riscv.egg-info/SOURCES.txt'
[12.147s] reading manifest file '../../../../build/mycobot_280_riscv/mycobot_280_riscv.egg-info/SOURCES.txt'
[12.159s] adding license file 'LICENSE'
[12.160s] writing manifest file '../../../../build/mycobot_280_riscv/mycobot_280_riscv.egg-info/SOURCES.txt'
[12.165s] running build
[12.165s] running build_py
[12.165s] creating /home/amin/cobot/cobot_ws/build/mycobot_280_riscv/build
[12.165s] creating /home/amin/cobot/cobot_ws/build/mycobot_280_riscv/build/lib
[12.165s] creating /home/amin/cobot/cobot_ws/build/mycobot_280_riscv/build/lib/mycobot_280_riscv
[12.165s] copying mycobot_280_riscv/opencv_camera.py -> /home/amin/cobot/cobot_ws/build/mycobot_280_riscv/build/lib/mycobot_280_riscv
[12.166s] copying mycobot_280_riscv/camera_display.py -> /home/amin/cobot/cobot_ws/build/mycobot_280_riscv/build/lib/mycobot_280_riscv
[12.166s] copying mycobot_280_riscv/listen_real.py -> /home/amin/cobot/cobot_ws/build/mycobot_280_riscv/build/lib/mycobot_280_riscv
[12.166s] copying mycobot_280_riscv/listen_real_service.py -> /home/amin/cobot/cobot_ws/build/mycobot_280_riscv/build/lib/mycobot_280_riscv
[12.166s] copying mycobot_280_riscv/slider_control.py -> /home/amin/cobot/cobot_ws/build/mycobot_280_riscv/build/lib/mycobot_280_riscv
[12.166s] copying mycobot_280_riscv/teleop_keyboard.py -> /home/amin/cobot/cobot_ws/build/mycobot_280_riscv/build/lib/mycobot_280_riscv
[12.178s] copying mycobot_280_riscv/__init__.py -> /home/amin/cobot/cobot_ws/build/mycobot_280_riscv/build/lib/mycobot_280_riscv
[12.179s] copying mycobot_280_riscv/follow_display.py -> /home/amin/cobot/cobot_ws/build/mycobot_280_riscv/build/lib/mycobot_280_riscv
[12.179s] copying mycobot_280_riscv/simple_gui.py -> /home/amin/cobot/cobot_ws/build/mycobot_280_riscv/build/lib/mycobot_280_riscv
[12.180s] running install
[12.247s] running install_lib
[12.362s] creating /home/amin/cobot/cobot_ws/install/mycobot_280_riscv/lib/python3.12/site-packages/mycobot_280_riscv
[12.364s] copying /home/amin/cobot/cobot_ws/build/mycobot_280_riscv/build/lib/mycobot_280_riscv/opencv_camera.py -> /home/amin/cobot/cobot_ws/install/mycobot_280_riscv/lib/python3.12/site-packages/mycobot_280_riscv
[12.364s] copying /home/amin/cobot/cobot_ws/build/mycobot_280_riscv/build/lib/mycobot_280_riscv/camera_display.py -> /home/amin/cobot/cobot_ws/install/mycobot_280_riscv/lib/python3.12/site-packages/mycobot_280_riscv
[12.365s] copying /home/amin/cobot/cobot_ws/build/mycobot_280_riscv/build/lib/mycobot_280_riscv/listen_real.py -> /home/amin/cobot/cobot_ws/install/mycobot_280_riscv/lib/python3.12/site-packages/mycobot_280_riscv
[12.365s] copying /home/amin/cobot/cobot_ws/build/mycobot_280_riscv/build/lib/mycobot_280_riscv/listen_real_service.py -> /home/amin/cobot/cobot_ws/install/mycobot_280_riscv/lib/python3.12/site-packages/mycobot_280_riscv
[12.365s] copying /home/amin/cobot/cobot_ws/build/mycobot_280_riscv/build/lib/mycobot_280_riscv/slider_control.py -> /home/amin/cobot/cobot_ws/install/mycobot_280_riscv/lib/python3.12/site-packages/mycobot_280_riscv
[12.366s] copying /home/amin/cobot/cobot_ws/build/mycobot_280_riscv/build/lib/mycobot_280_riscv/teleop_keyboard.py -> /home/amin/cobot/cobot_ws/install/mycobot_280_riscv/lib/python3.12/site-packages/mycobot_280_riscv
[12.367s] copying /home/amin/cobot/cobot_ws/build/mycobot_280_riscv/build/lib/mycobot_280_riscv/__init__.py -> /home/amin/cobot/cobot_ws/install/mycobot_280_riscv/lib/python3.12/site-packages/mycobot_280_riscv
[12.367s] copying /home/amin/cobot/cobot_ws/build/mycobot_280_riscv/build/lib/mycobot_280_riscv/follow_display.py -> /home/amin/cobot/cobot_ws/install/mycobot_280_riscv/lib/python3.12/site-packages/mycobot_280_riscv
[12.368s] copying /home/amin/cobot/cobot_ws/build/mycobot_280_riscv/build/lib/mycobot_280_riscv/simple_gui.py -> /home/amin/cobot/cobot_ws/install/mycobot_280_riscv/lib/python3.12/site-packages/mycobot_280_riscv
[12.377s] byte-compiling /home/amin/cobot/cobot_ws/install/mycobot_280_riscv/lib/python3.12/site-packages/mycobot_280_riscv/opencv_camera.py to opencv_camera.cpython-312.pyc
[12.387s] byte-compiling /home/amin/cobot/cobot_ws/install/mycobot_280_riscv/lib/python3.12/site-packages/mycobot_280_riscv/camera_display.py to camera_display.cpython-312.pyc
[12.387s] byte-compiling /home/amin/cobot/cobot_ws/install/mycobot_280_riscv/lib/python3.12/site-packages/mycobot_280_riscv/listen_real.py to listen_real.cpython-312.pyc
[12.390s] byte-compiling /home/amin/cobot/cobot_ws/install/mycobot_280_riscv/lib/python3.12/site-packages/mycobot_280_riscv/listen_real_service.py to listen_real_service.cpython-312.pyc
[12.401s] byte-compiling /home/amin/cobot/cobot_ws/install/mycobot_280_riscv/lib/python3.12/site-packages/mycobot_280_riscv/slider_control.py to slider_control.cpython-312.pyc
[12.401s] byte-compiling /home/amin/cobot/cobot_ws/install/mycobot_280_riscv/lib/python3.12/site-packages/mycobot_280_riscv/teleop_keyboard.py to teleop_keyboard.cpython-312.pyc
[12.412s] byte-compiling /home/amin/cobot/cobot_ws/install/mycobot_280_riscv/lib/python3.12/site-packages/mycobot_280_riscv/__init__.py to __init__.cpython-312.pyc
[12.412s] byte-compiling /home/amin/cobot/cobot_ws/install/mycobot_280_riscv/lib/python3.12/site-packages/mycobot_280_riscv/follow_display.py to follow_display.cpython-312.pyc
[12.420s] byte-compiling /home/amin/cobot/cobot_ws/install/mycobot_280_riscv/lib/python3.12/site-packages/mycobot_280_riscv/simple_gui.py to simple_gui.cpython-312.pyc
[12.447s] running install_data
[12.457s] creating /home/amin/cobot/cobot_ws/install/mycobot_280_riscv/share/ament_index
[12.457s] creating /home/amin/cobot/cobot_ws/install/mycobot_280_riscv/share/ament_index/resource_index
[12.457s] creating /home/amin/cobot/cobot_ws/install/mycobot_280_riscv/share/ament_index/resource_index/packages
[12.457s] copying resource/mycobot_280_riscv -> /home/amin/cobot/cobot_ws/install/mycobot_280_riscv/share/ament_index/resource_index/packages
[12.457s] copying package.xml -> /home/amin/cobot/cobot_ws/install/mycobot_280_riscv/share/mycobot_280_riscv
[12.457s] creating /home/amin/cobot/cobot_ws/install/mycobot_280_riscv/share/mycobot_280_riscv/launch
[12.457s] copying launch/mycobot_follow.launch.py -> /home/amin/cobot/cobot_ws/install/mycobot_280_riscv/share/mycobot_280_riscv/launch
[12.458s] copying launch/slider_control_camera_flange.launch.py -> /home/amin/cobot/cobot_ws/install/mycobot_280_riscv/share/mycobot_280_riscv/launch
[12.458s] copying launch/test_camera_flange.launch.py -> /home/amin/cobot/cobot_ws/install/mycobot_280_riscv/share/mycobot_280_riscv/launch
[12.458s] copying launch/teleop_keyboard.launch.py -> /home/amin/cobot/cobot_ws/install/mycobot_280_riscv/share/mycobot_280_riscv/launch
[12.458s] copying launch/simple_gui.launch.py -> /home/amin/cobot/cobot_ws/install/mycobot_280_riscv/share/mycobot_280_riscv/launch
[12.458s] copying launch/test_pump.launch.py -> /home/amin/cobot/cobot_ws/install/mycobot_280_riscv/share/mycobot_280_riscv/launch
[12.458s] copying launch/test.launch.py -> /home/amin/cobot/cobot_ws/install/mycobot_280_riscv/share/mycobot_280_riscv/launch
[12.458s] copying launch/test_camera_flange_pump.launch.py -> /home/amin/cobot/cobot_ws/install/mycobot_280_riscv/share/mycobot_280_riscv/launch
[12.458s] copying launch/slider_control_pump.launch.py -> /home/amin/cobot/cobot_ws/install/mycobot_280_riscv/share/mycobot_280_riscv/launch
[12.459s] copying launch/slider_control.launch.py -> /home/amin/cobot/cobot_ws/install/mycobot_280_riscv/share/mycobot_280_riscv/launch
[12.459s] creating /home/amin/cobot/cobot_ws/install/mycobot_280_riscv/share/mycobot_280_riscv/config
[12.459s] copying config/mycobot_280_riscv.rviz -> /home/amin/cobot/cobot_ws/install/mycobot_280_riscv/share/mycobot_280_riscv/config
[12.459s] running install_egg_info
[12.613s] Copying ../../../../build/mycobot_280_riscv/mycobot_280_riscv.egg-info to /home/amin/cobot/cobot_ws/install/mycobot_280_riscv/lib/python3.12/site-packages/mycobot_280_riscv-0.0.0-py3.12.egg-info
[12.614s] running install_scripts
[13.524s] Installing camera_display script to /home/amin/cobot/cobot_ws/install/mycobot_280_riscv/lib/mycobot_280_riscv
[13.532s] Installing follow_display script to /home/amin/cobot/cobot_ws/install/mycobot_280_riscv/lib/mycobot_280_riscv
[13.532s] Installing listen_real script to /home/amin/cobot/cobot_ws/install/mycobot_280_riscv/lib/mycobot_280_riscv
[13.532s] Installing listen_real_service script to /home/amin/cobot/cobot_ws/install/mycobot_280_riscv/lib/mycobot_280_riscv
[13.532s] Installing opencv_camera script to /home/amin/cobot/cobot_ws/install/mycobot_280_riscv/lib/mycobot_280_riscv
[13.532s] Installing simple_gui script to /home/amin/cobot/cobot_ws/install/mycobot_280_riscv/lib/mycobot_280_riscv
[13.533s] Installing slider_control script to /home/amin/cobot/cobot_ws/install/mycobot_280_riscv/lib/mycobot_280_riscv
[13.534s] Installing teleop_keyboard script to /home/amin/cobot/cobot_ws/install/mycobot_280_riscv/lib/mycobot_280_riscv
[13.534s] writing list of installed files to '/home/amin/cobot/cobot_ws/build/mycobot_280_riscv/install.log'
[13.726s] Invoked command in '/home/amin/cobot/cobot_ws/src/mycobot_ros2/mycobot_280/mycobot_280_riscv' returned '0': AMENT_PREFIX_PATH=/home/amin/cobot/cobot_ws/install/mycobot_description:${AMENT_PREFIX_PATH} DEBUGINFOD_URLS=https://debuginfod.ubuntu.com PYTHONPATH=/home/amin/cobot/cobot_ws/build/mycobot_280_riscv/prefix_override:/usr/lib/python3/dist-packages/colcon_core/task/python/colcon_distutils_commands:/home/amin/cobot/cobot_ws/install/mycobot_280_riscv/lib/python3.12/site-packages:/home/amin/cobot/cobot_ws/install/mycobot_description/lib/python3.12/site-packages:${PYTHONPATH} /usr/bin/python3 -W ignore:setup.py install is deprecated -W ignore:easy_install command is deprecated setup.py egg_info --egg-base ../../../../build/mycobot_280_riscv build --build-base /home/amin/cobot/cobot_ws/build/mycobot_280_riscv/build install --record /home/amin/cobot/cobot_ws/build/mycobot_280_riscv/install.log --single-version-externally-managed install_data
