running egg_info
creating ../../../../build/myarm_300/myarm_300.egg-info
writing ../../../../build/myarm_300/myarm_300.egg-info/PKG-INFO
writing dependency_links to ../../../../build/myarm_300/myarm_300.egg-info/dependency_links.txt
writing entry points to ../../../../build/myarm_300/myarm_300.egg-info/entry_points.txt
writing requirements to ../../../../build/myarm_300/myarm_300.egg-info/requires.txt
writing top-level names to ../../../../build/myarm_300/myarm_300.egg-info/top_level.txt
writing manifest file '../../../../build/myarm_300/myarm_300.egg-info/SOURCES.txt'
reading manifest file '../../../../build/myarm_300/myarm_300.egg-info/SOURCES.txt'
adding license file 'LICENSE'
writing manifest file '../../../../build/myarm_300/myarm_300.egg-info/SOURCES.txt'
running build
running build_py
creating /home/amin/cobot/cobot_ws/build/myarm_300/build
creating /home/amin/cobot/cobot_ws/build/myarm_300/build/lib
creating /home/amin/cobot/cobot_ws/build/myarm_300/build/lib/myarm_300
copying myarm_300/slider_control.py -> /home/amin/cobot/cobot_ws/build/myarm_300/build/lib/myarm_300
copying myarm_300/teleop_keyboard.py -> /home/amin/cobot/cobot_ws/build/myarm_300/build/lib/myarm_300
copying myarm_300/__init__.py -> /home/amin/cobot/cobot_ws/build/myarm_300/build/lib/myarm_300
copying myarm_300/follow_display.py -> /home/amin/cobot/cobot_ws/build/myarm_300/build/lib/myarm_300
copying myarm_300/simple_gui.py -> /home/amin/cobot/cobot_ws/build/myarm_300/build/lib/myarm_300
running install
running install_lib
creating /home/amin/cobot/cobot_ws/install/myarm_300/lib/python3.12/site-packages/myarm_300
copying /home/amin/cobot/cobot_ws/build/myarm_300/build/lib/myarm_300/slider_control.py -> /home/amin/cobot/cobot_ws/install/myarm_300/lib/python3.12/site-packages/myarm_300
copying /home/amin/cobot/cobot_ws/build/myarm_300/build/lib/myarm_300/teleop_keyboard.py -> /home/amin/cobot/cobot_ws/install/myarm_300/lib/python3.12/site-packages/myarm_300
copying /home/amin/cobot/cobot_ws/build/myarm_300/build/lib/myarm_300/__init__.py -> /home/amin/cobot/cobot_ws/install/myarm_300/lib/python3.12/site-packages/myarm_300
copying /home/amin/cobot/cobot_ws/build/myarm_300/build/lib/myarm_300/follow_display.py -> /home/amin/cobot/cobot_ws/install/myarm_300/lib/python3.12/site-packages/myarm_300
copying /home/amin/cobot/cobot_ws/build/myarm_300/build/lib/myarm_300/simple_gui.py -> /home/amin/cobot/cobot_ws/install/myarm_300/lib/python3.12/site-packages/myarm_300
byte-compiling /home/amin/cobot/cobot_ws/install/myarm_300/lib/python3.12/site-packages/myarm_300/slider_control.py to slider_control.cpython-312.pyc
byte-compiling /home/amin/cobot/cobot_ws/install/myarm_300/lib/python3.12/site-packages/myarm_300/teleop_keyboard.py to teleop_keyboard.cpython-312.pyc
byte-compiling /home/amin/cobot/cobot_ws/install/myarm_300/lib/python3.12/site-packages/myarm_300/__init__.py to __init__.cpython-312.pyc
byte-compiling /home/amin/cobot/cobot_ws/install/myarm_300/lib/python3.12/site-packages/myarm_300/follow_display.py to follow_display.cpython-312.pyc
byte-compiling /home/amin/cobot/cobot_ws/install/myarm_300/lib/python3.12/site-packages/myarm_300/simple_gui.py to simple_gui.cpython-312.pyc
running install_data
creating /home/amin/cobot/cobot_ws/install/myarm_300/share/ament_index
creating /home/amin/cobot/cobot_ws/install/myarm_300/share/ament_index/resource_index
creating /home/amin/cobot/cobot_ws/install/myarm_300/share/ament_index/resource_index/packages
copying resource/myarm_300 -> /home/amin/cobot/cobot_ws/install/myarm_300/share/ament_index/resource_index/packages
copying package.xml -> /home/amin/cobot/cobot_ws/install/myarm_300/share/myarm_300
creating /home/amin/cobot/cobot_ws/install/myarm_300/share/myarm_300/launch
copying launch/mycobot_follow.launch.py -> /home/amin/cobot/cobot_ws/install/myarm_300/share/myarm_300/launch
copying launch/teleop_keyboard.launch.py -> /home/amin/cobot/cobot_ws/install/myarm_300/share/myarm_300/launch
copying launch/simple_gui.launch.py -> /home/amin/cobot/cobot_ws/install/myarm_300/share/myarm_300/launch
copying launch/test.launch.py -> /home/amin/cobot/cobot_ws/install/myarm_300/share/myarm_300/launch
copying launch/slider_control.launch.py -> /home/amin/cobot/cobot_ws/install/myarm_300/share/myarm_300/launch
creating /home/amin/cobot/cobot_ws/install/myarm_300/share/myarm_300/config
copying config/myarm_300.rviz -> /home/amin/cobot/cobot_ws/install/myarm_300/share/myarm_300/config
running install_egg_info
Copying ../../../../build/myarm_300/myarm_300.egg-info to /home/amin/cobot/cobot_ws/install/myarm_300/lib/python3.12/site-packages/myarm_300-0.0.0-py3.12.egg-info
running install_scripts
Installing follow_display script to /home/amin/cobot/cobot_ws/install/myarm_300/lib/myarm_300
Installing simple_gui script to /home/amin/cobot/cobot_ws/install/myarm_300/lib/myarm_300
Installing slider_control script to /home/amin/cobot/cobot_ws/install/myarm_300/lib/myarm_300
Installing teleop_keyboard script to /home/amin/cobot/cobot_ws/install/myarm_300/lib/myarm_300
writing list of installed files to '/home/amin/cobot/cobot_ws/build/myarm_300/install.log'
