/home/amin/cobot/cobot_ws/install/mybuddy/lib/python3.12/site-packages/mybuddy/listen_real.py
/home/amin/cobot/cobot_ws/install/mybuddy/lib/python3.12/site-packages/mybuddy/listen_real_of_topic.py
/home/amin/cobot/cobot_ws/install/mybuddy/lib/python3.12/site-packages/mybuddy/slider_control.py
/home/amin/cobot/cobot_ws/install/mybuddy/lib/python3.12/site-packages/mybuddy/__init__.py
/home/amin/cobot/cobot_ws/install/mybuddy/lib/python3.12/site-packages/mybuddy/follow_display.py
/home/amin/cobot/cobot_ws/install/mybuddy/lib/python3.12/site-packages/mybuddy/__pycache__/listen_real.cpython-312.pyc
/home/amin/cobot/cobot_ws/install/mybuddy/lib/python3.12/site-packages/mybuddy/__pycache__/listen_real_of_topic.cpython-312.pyc
/home/amin/cobot/cobot_ws/install/mybuddy/lib/python3.12/site-packages/mybuddy/__pycache__/slider_control.cpython-312.pyc
/home/amin/cobot/cobot_ws/install/mybuddy/lib/python3.12/site-packages/mybuddy/__pycache__/__init__.cpython-312.pyc
/home/amin/cobot/cobot_ws/install/mybuddy/lib/python3.12/site-packages/mybuddy/__pycache__/follow_display.cpython-312.pyc
/home/amin/cobot/cobot_ws/install/mybuddy/share/ament_index/resource_index/packages/mybuddy
/home/amin/cobot/cobot_ws/install/mybuddy/share/mybuddy/package.xml
/home/amin/cobot/cobot_ws/install/mybuddy/share/mybuddy/launch/test.launch.py
/home/amin/cobot/cobot_ws/install/mybuddy/share/mybuddy/launch/mybuddy_follow.launch.py
/home/amin/cobot/cobot_ws/install/mybuddy/share/mybuddy/launch/slider_control.launch.py
/home/amin/cobot/cobot_ws/install/mybuddy/share/mybuddy/config/dual_arm.rviz
/home/amin/cobot/cobot_ws/install/mybuddy/lib/python3.12/site-packages/mybuddy-0.0.0-py3.12.egg-info/SOURCES.txt
/home/amin/cobot/cobot_ws/install/mybuddy/lib/python3.12/site-packages/mybuddy-0.0.0-py3.12.egg-info/entry_points.txt
/home/amin/cobot/cobot_ws/install/mybuddy/lib/python3.12/site-packages/mybuddy-0.0.0-py3.12.egg-info/requires.txt
/home/amin/cobot/cobot_ws/install/mybuddy/lib/python3.12/site-packages/mybuddy-0.0.0-py3.12.egg-info/PKG-INFO
/home/amin/cobot/cobot_ws/install/mybuddy/lib/python3.12/site-packages/mybuddy-0.0.0-py3.12.egg-info/zip-safe
/home/amin/cobot/cobot_ws/install/mybuddy/lib/python3.12/site-packages/mybuddy-0.0.0-py3.12.egg-info/top_level.txt
/home/amin/cobot/cobot_ws/install/mybuddy/lib/python3.12/site-packages/mybuddy-0.0.0-py3.12.egg-info/dependency_links.txt
/home/amin/cobot/cobot_ws/install/mybuddy/lib/mybuddy/follow_display
/home/amin/cobot/cobot_ws/install/mybuddy/lib/mybuddy/listen_real
/home/amin/cobot/cobot_ws/install/mybuddy/lib/mybuddy/listen_real_of_topic
/home/amin/cobot/cobot_ws/install/mybuddy/lib/mybuddy/slider_control
