[1.174s] Invoking command in '/home/amin/cobot/cobot_ws/src/mycobot_ros2/mycobot_pro/pro450_moveit2_control': AMENT_PREFIX_PATH=/home/amin/cobot/cobot_ws/install/mycobot_description:${AMENT_PREFIX_PATH} DEBUGINFOD_URLS=https://debuginfod.ubuntu.com PYTHONPATH=/home/amin/cobot/cobot_ws/build/pro450_moveit2_control/prefix_override:/usr/lib/python3/dist-packages/colcon_core/task/python/colcon_distutils_commands:/home/amin/cobot/cobot_ws/install/pro450_moveit2_control/lib/python3.12/site-packages:/home/amin/cobot/cobot_ws/install/mycobot_description/lib/python3.12/site-packages:${PYTHONPATH} /usr/bin/python3 -W ignore:setup.py install is deprecated -W ignore:easy_install command is deprecated setup.py egg_info --egg-base ../../../../build/pro450_moveit2_control build --build-base /home/amin/cobot/cobot_ws/build/pro450_moveit2_control/build install --record /home/amin/cobot/cobot_ws/build/pro450_moveit2_control/install.log --single-version-externally-managed install_data
[1.497s] running egg_info
[1.512s] writing ../../../../build/pro450_moveit2_control/pro450_moveit2_control.egg-info/PKG-INFO
[1.512s] writing dependency_links to ../../../../build/pro450_moveit2_control/pro450_moveit2_control.egg-info/dependency_links.txt
[1.512s] writing entry points to ../../../../build/pro450_moveit2_control/pro450_moveit2_control.egg-info/entry_points.txt
[1.514s] writing requirements to ../../../../build/pro450_moveit2_control/pro450_moveit2_control.egg-info/requires.txt
[1.514s] writing top-level names to ../../../../build/pro450_moveit2_control/pro450_moveit2_control.egg-info/top_level.txt
[1.547s] reading manifest file '../../../../build/pro450_moveit2_control/pro450_moveit2_control.egg-info/SOURCES.txt'
[1.547s] adding license file 'LICENSE'
[1.548s] writing manifest file '../../../../build/pro450_moveit2_control/pro450_moveit2_control.egg-info/SOURCES.txt'
[1.548s] running build
[1.548s] running build_py
[1.549s] running install
[1.554s] running install_lib
[1.577s] running install_data
[1.577s] running install_egg_info
[1.593s] removing '/home/amin/cobot/cobot_ws/install/pro450_moveit2_control/lib/python3.12/site-packages/pro450_moveit2_control-0.0.0-py3.12.egg-info' (and everything under it)
[1.594s] Copying ../../../../build/pro450_moveit2_control/pro450_moveit2_control.egg-info to /home/amin/cobot/cobot_ws/install/pro450_moveit2_control/lib/python3.12/site-packages/pro450_moveit2_control-0.0.0-py3.12.egg-info
[1.595s] running install_scripts
[1.691s] Installing sync_plan script to /home/amin/cobot/cobot_ws/install/pro450_moveit2_control/lib/pro450_moveit2_control
[1.692s] writing list of installed files to '/home/amin/cobot/cobot_ws/build/pro450_moveit2_control/install.log'
[1.721s] Invoked command in '/home/amin/cobot/cobot_ws/src/mycobot_ros2/mycobot_pro/pro450_moveit2_control' returned '0': AMENT_PREFIX_PATH=/home/amin/cobot/cobot_ws/install/mycobot_description:${AMENT_PREFIX_PATH} DEBUGINFOD_URLS=https://debuginfod.ubuntu.com PYTHONPATH=/home/amin/cobot/cobot_ws/build/pro450_moveit2_control/prefix_override:/usr/lib/python3/dist-packages/colcon_core/task/python/colcon_distutils_commands:/home/amin/cobot/cobot_ws/install/pro450_moveit2_control/lib/python3.12/site-packages:/home/amin/cobot/cobot_ws/install/mycobot_description/lib/python3.12/site-packages:${PYTHONPATH} /usr/bin/python3 -W ignore:setup.py install is deprecated -W ignore:easy_install command is deprecated setup.py egg_info --egg-base ../../../../build/pro450_moveit2_control build --build-base /home/amin/cobot/cobot_ws/build/pro450_moveit2_control/build install --record /home/amin/cobot/cobot_ws/build/pro450_moveit2_control/install.log --single-version-externally-managed install_data
