[0.487s] Invoking command in '/home/amin/cobot/cobot_ws/build/mecharm_interfaces': CMAKE_PREFIX_PATH=${CMAKE_PREFIX_PATH}:/home/amin/cobot/cobot_ws/install/ultraarm:/home/amin/cobot/cobot_ws/install/pro450_moveit2_control:/home/amin/cobot/cobot_ws/install/mypalletizer_communication:/home/amin/cobot/cobot_ws/install/mypalletizer_260_pi:/home/amin/cobot/cobot_ws/install/mypalletizer_260:/home/amin/cobot/cobot_ws/install/mycobot_pro_450:/home/amin/cobot/cobot_ws/install/myarm_m750:/home/amin/cobot/cobot_ws/install/myarm_c650:/home/amin/cobot/cobot_ws/install/mycobot_communication:/home/amin/cobot/cobot_ws/install/mecharm_communication:/home/amin/cobot/cobot_ws/install/mycobot_630:/home/amin/cobot/cobot_ws/install/mycobot_600:/home/amin/cobot/cobot_ws/install/mycobot_320pi:/home/amin/cobot/cobot_ws/install/mycobot_320_riscv:/home/amin/cobot/cobot_ws/install/mycobot_320:/home/amin/cobot/cobot_ws/install/mycobot_280pi:/home/amin/cobot/cobot_ws/install/mycobot_280jn:/home/amin/cobot/cobot_ws/install/mycobot_280_x3pi:/home/amin/cobot/cobot_ws/install/mycobot_280_riscv:/home/amin/cobot/cobot_ws/install/mycobot_280_rdkx5:/home/amin/cobot/cobot_ws/install/mycobot_280_moveit2_control:/home/amin/cobot/cobot_ws/install/mycobot_280_arduino:/home/amin/cobot/cobot_ws/install/mycobot_280:/home/amin/cobot/cobot_ws/install/mybuddy:/home/amin/cobot/cobot_ws/install/myarm_300:/home/amin/cobot/cobot_ws/install/mecharm_pi:/home/amin/cobot/cobot_ws/install/mecharm:/home/amin/cobot/cobot_ws/install/mycobot_description:/opt/ros/jazzy DEBUGINFOD_URLS=https://debuginfod.ubuntu.com /usr/bin/cmake --build /home/amin/cobot/cobot_ws/build/mecharm_interfaces -- -j8 -l8
[0.616s] [  1%] Built target mecharm_interfaces__rosidl_generator_type_description
[0.656s] [  1%] Built target ament_cmake_python_copy_mecharm_interfaces
[0.686s] [  1%] Built target mecharm_interfaces__cpp
[0.723s] [ 27%] Built target mecharm_interfaces__rosidl_generator_c
[0.834s] [ 37%] Built target mecharm_interfaces__rosidl_typesupport_fastrtps_cpp
[0.840s] [ 47%] Built target mecharm_interfaces__rosidl_typesupport_fastrtps_c
[0.852s] [ 56%] Built target mecharm_interfaces__rosidl_typesupport_cpp
[0.856s] [ 66%] Built target mecharm_interfaces__rosidl_typesupport_introspection_c
[0.861s] [ 76%] Built target mecharm_interfaces__rosidl_typesupport_c
[0.872s] [ 85%] Built target mecharm_interfaces__rosidl_typesupport_introspection_cpp
[0.980s] [ 85%] Built target mecharm_interfaces
[1.031s] [ 86%] Built target mecharm_interfaces__py
[1.104s] [ 95%] Built target mecharm_interfaces__rosidl_generator_py
[1.198s] [ 98%] Built target mecharm_interfaces_s__rosidl_typesupport_introspection_c
[1.199s] [ 99%] Built target mecharm_interfaces_s__rosidl_typesupport_c
[1.204s] [100%] Built target mecharm_interfaces_s__rosidl_typesupport_fastrtps_c
[1.308s] running egg_info
[1.343s] writing mecharm_interfaces.egg-info/PKG-INFO
[1.347s] writing dependency_links to mecharm_interfaces.egg-info/dependency_links.txt
[1.347s] writing top-level names to mecharm_interfaces.egg-info/top_level.txt
[1.457s] reading manifest file 'mecharm_interfaces.egg-info/SOURCES.txt'
[1.460s] writing manifest file 'mecharm_interfaces.egg-info/SOURCES.txt'
[1.571s] [100%] Built target ament_cmake_python_build_mecharm_interfaces_egg
[1.605s] Invoked command in '/home/amin/cobot/cobot_ws/build/mecharm_interfaces' returned '0': CMAKE_PREFIX_PATH=${CMAKE_PREFIX_PATH}:/home/amin/cobot/cobot_ws/install/ultraarm:/home/amin/cobot/cobot_ws/install/pro450_moveit2_control:/home/amin/cobot/cobot_ws/install/mypalletizer_communication:/home/amin/cobot/cobot_ws/install/mypalletizer_260_pi:/home/amin/cobot/cobot_ws/install/mypalletizer_260:/home/amin/cobot/cobot_ws/install/mycobot_pro_450:/home/amin/cobot/cobot_ws/install/myarm_m750:/home/amin/cobot/cobot_ws/install/myarm_c650:/home/amin/cobot/cobot_ws/install/mycobot_communication:/home/amin/cobot/cobot_ws/install/mecharm_communication:/home/amin/cobot/cobot_ws/install/mycobot_630:/home/amin/cobot/cobot_ws/install/mycobot_600:/home/amin/cobot/cobot_ws/install/mycobot_320pi:/home/amin/cobot/cobot_ws/install/mycobot_320_riscv:/home/amin/cobot/cobot_ws/install/mycobot_320:/home/amin/cobot/cobot_ws/install/mycobot_280pi:/home/amin/cobot/cobot_ws/install/mycobot_280jn:/home/amin/cobot/cobot_ws/install/mycobot_280_x3pi:/home/amin/cobot/cobot_ws/install/mycobot_280_riscv:/home/amin/cobot/cobot_ws/install/mycobot_280_rdkx5:/home/amin/cobot/cobot_ws/install/mycobot_280_moveit2_control:/home/amin/cobot/cobot_ws/install/mycobot_280_arduino:/home/amin/cobot/cobot_ws/install/mycobot_280:/home/amin/cobot/cobot_ws/install/mybuddy:/home/amin/cobot/cobot_ws/install/myarm_300:/home/amin/cobot/cobot_ws/install/mecharm_pi:/home/amin/cobot/cobot_ws/install/mecharm:/home/amin/cobot/cobot_ws/install/mycobot_description:/opt/ros/jazzy DEBUGINFOD_URLS=https://debuginfod.ubuntu.com /usr/bin/cmake --build /home/amin/cobot/cobot_ws/build/mecharm_interfaces -- -j8 -l8
[1.606s] Invoking command in '/home/amin/cobot/cobot_ws/build/mecharm_interfaces': CMAKE_PREFIX_PATH=${CMAKE_PREFIX_PATH}:/home/amin/cobot/cobot_ws/install/ultraarm:/home/amin/cobot/cobot_ws/install/pro450_moveit2_control:/home/amin/cobot/cobot_ws/install/mypalletizer_communication:/home/amin/cobot/cobot_ws/install/mypalletizer_260_pi:/home/amin/cobot/cobot_ws/install/mypalletizer_260:/home/amin/cobot/cobot_ws/install/mycobot_pro_450:/home/amin/cobot/cobot_ws/install/myarm_m750:/home/amin/cobot/cobot_ws/install/myarm_c650:/home/amin/cobot/cobot_ws/install/mycobot_communication:/home/amin/cobot/cobot_ws/install/mecharm_communication:/home/amin/cobot/cobot_ws/install/mycobot_630:/home/amin/cobot/cobot_ws/install/mycobot_600:/home/amin/cobot/cobot_ws/install/mycobot_320pi:/home/amin/cobot/cobot_ws/install/mycobot_320_riscv:/home/amin/cobot/cobot_ws/install/mycobot_320:/home/amin/cobot/cobot_ws/install/mycobot_280pi:/home/amin/cobot/cobot_ws/install/mycobot_280jn:/home/amin/cobot/cobot_ws/install/mycobot_280_x3pi:/home/amin/cobot/cobot_ws/install/mycobot_280_riscv:/home/amin/cobot/cobot_ws/install/mycobot_280_rdkx5:/home/amin/cobot/cobot_ws/install/mycobot_280_moveit2_control:/home/amin/cobot/cobot_ws/install/mycobot_280_arduino:/home/amin/cobot/cobot_ws/install/mycobot_280:/home/amin/cobot/cobot_ws/install/mybuddy:/home/amin/cobot/cobot_ws/install/myarm_300:/home/amin/cobot/cobot_ws/install/mecharm_pi:/home/amin/cobot/cobot_ws/install/mecharm:/home/amin/cobot/cobot_ws/install/mycobot_description:/opt/ros/jazzy DEBUGINFOD_URLS=https://debuginfod.ubuntu.com /usr/bin/cmake --install /home/amin/cobot/cobot_ws/build/mecharm_interfaces
[1.662s] -- Install configuration: ""
[1.662s] -- Up-to-date: /home/amin/cobot/cobot_ws/install/mecharm_interfaces/share/ament_index/resource_index/rosidl_interfaces/mecharm_interfaces
[1.662s] -- Up-to-date: /home/amin/cobot/cobot_ws/install/mecharm_interfaces/share/mecharm_interfaces/msg/MecharmAngles.json
[1.662s] -- Up-to-date: /home/amin/cobot/cobot_ws/install/mecharm_interfaces/share/mecharm_interfaces/msg/MecharmCoords.json
[1.663s] -- Up-to-date: /home/amin/cobot/cobot_ws/install/mecharm_interfaces/share/mecharm_interfaces/msg/MecharmSetAngles.json
[1.663s] -- Up-to-date: /home/amin/cobot/cobot_ws/install/mecharm_interfaces/share/mecharm_interfaces/msg/MecharmSetCoords.json
[1.663s] -- Up-to-date: /home/amin/cobot/cobot_ws/install/mecharm_interfaces/share/mecharm_interfaces/msg/MecharmGripperStatus.json
[1.663s] -- Up-to-date: /home/amin/cobot/cobot_ws/install/mecharm_interfaces/share/mecharm_interfaces/msg/MecharmPumpStatus.json
[1.663s] -- Up-to-date: /home/amin/cobot/cobot_ws/install/mecharm_interfaces/share/mecharm_interfaces/srv/GetAngles.json
[1.663s] -- Up-to-date: /home/amin/cobot/cobot_ws/install/mecharm_interfaces/share/mecharm_interfaces/srv/SetAngles.json
[1.664s] -- Up-to-date: /home/amin/cobot/cobot_ws/install/mecharm_interfaces/share/mecharm_interfaces/srv/GetCoords.json
[1.667s] -- Up-to-date: /home/amin/cobot/cobot_ws/install/mecharm_interfaces/share/mecharm_interfaces/srv/SetCoords.json
[1.667s] -- Up-to-date: /home/amin/cobot/cobot_ws/install/mecharm_interfaces/share/mecharm_interfaces/srv/GripperStatus.json
[1.667s] -- Up-to-date: /home/amin/cobot/cobot_ws/install/mecharm_interfaces/share/mecharm_interfaces/srv/PumpStatus.json
[1.668s] -- Up-to-date: /home/amin/cobot/cobot_ws/install/mecharm_interfaces/include/mecharm_interfaces/mecharm_interfaces
[1.668s] -- Up-to-date: /home/amin/cobot/cobot_ws/install/mecharm_interfaces/include/mecharm_interfaces/mecharm_interfaces/srv
[1.668s] -- Up-to-date: /home/amin/cobot/cobot_ws/install/mecharm_interfaces/include/mecharm_interfaces/mecharm_interfaces/srv/gripper_status.h
[1.668s] -- Up-to-date: /home/amin/cobot/cobot_ws/install/mecharm_interfaces/include/mecharm_interfaces/mecharm_interfaces/srv/detail
[1.668s] -- Up-to-date: /home/amin/cobot/cobot_ws/install/mecharm_interfaces/include/mecharm_interfaces/mecharm_interfaces/srv/detail/set_coords__type_support.h
[1.668s] -- Up-to-date: /home/amin/cobot/cobot_ws/install/mecharm_interfaces/include/mecharm_interfaces/mecharm_interfaces/srv/detail/gripper_status__description.c
[1.668s] -- Up-to-date: /home/amin/cobot/cobot_ws/install/mecharm_interfaces/include/mecharm_interfaces/mecharm_interfaces/srv/detail/gripper_status__functions.h
[1.668s] -- Up-to-date: /home/amin/cobot/cobot_ws/install/mecharm_interfaces/include/mecharm_interfaces/mecharm_interfaces/srv/detail/set_angles__struct.h
[1.668s] -- Up-to-date: /home/amin/cobot/cobot_ws/install/mecharm_interfaces/include/mecharm_interfaces/mecharm_interfaces/srv/detail/set_coords__functions.h
[1.670s] -- Installing: /home/amin/cobot/cobot_ws/install/mecharm_interfaces/include/mecharm_interfaces/mecharm_interfaces/srv/detail/pump_status__type_support.c
[1.670s] -- Installing: /home/amin/cobot/cobot_ws/install/mecharm_interfaces/include/mecharm_interfaces/mecharm_interfaces/srv/detail/get_coords__type_support.c
[1.670s] -- Up-to-date: /home/amin/cobot/cobot_ws/install/mecharm_interfaces/include/mecharm_interfaces/mecharm_interfaces/srv/detail/set_angles__description.c
[1.670s] -- Up-to-date: /home/amin/cobot/cobot_ws/install/mecharm_interfaces/include/mecharm_interfaces/mecharm_interfaces/srv/detail/gripper_status__struct.h
[1.670s] -- Up-to-date: /home/amin/cobot/cobot_ws/install/mecharm_interfaces/include/mecharm_interfaces/mecharm_interfaces/srv/detail/get_angles__type_support.h
[1.671s] -- Up-to-date: /home/amin/cobot/cobot_ws/install/mecharm_interfaces/include/mecharm_interfaces/mecharm_interfaces/srv/detail/set_coords__functions.c
[1.671s] -- Installing: /home/amin/cobot/cobot_ws/install/mecharm_interfaces/include/mecharm_interfaces/mecharm_interfaces/srv/detail/set_coords__type_support.c
[1.671s] -- Installing: /home/amin/cobot/cobot_ws/install/mecharm_interfaces/include/mecharm_interfaces/mecharm_interfaces/srv/detail/set_angles__type_support.c
[1.671s] -- Up-to-date: /home/amin/cobot/cobot_ws/install/mecharm_interfaces/include/mecharm_interfaces/mecharm_interfaces/srv/detail/gripper_status__type_support.h
[1.671s] -- Up-to-date: /home/amin/cobot/cobot_ws/install/mecharm_interfaces/include/mecharm_interfaces/mecharm_interfaces/srv/detail/pump_status__struct.h
[1.671s] -- Up-to-date: /home/amin/cobot/cobot_ws/install/mecharm_interfaces/include/mecharm_interfaces/mecharm_interfaces/srv/detail/get_angles__struct.h
[1.671s] -- Up-to-date: /home/amin/cobot/cobot_ws/install/mecharm_interfaces/include/mecharm_interfaces/mecharm_interfaces/srv/detail/get_coords__description.c
[1.671s] -- Up-to-date: /home/amin/cobot/cobot_ws/install/mecharm_interfaces/include/mecharm_interfaces/mecharm_interfaces/srv/detail/set_coords__description.c
[1.671s] -- Up-to-date: /home/amin/cobot/cobot_ws/install/mecharm_interfaces/include/mecharm_interfaces/mecharm_interfaces/srv/detail/get_coords__functions.h
[1.671s] -- Installing: /home/amin/cobot/cobot_ws/install/mecharm_interfaces/include/mecharm_interfaces/mecharm_interfaces/srv/detail/get_angles__type_support.c
[1.671s] -- Up-to-date: /home/amin/cobot/cobot_ws/install/mecharm_interfaces/include/mecharm_interfaces/mecharm_interfaces/srv/detail/get_angles__functions.h
[1.672s] -- Installing: /home/amin/cobot/cobot_ws/install/mecharm_interfaces/include/mecharm_interfaces/mecharm_interfaces/srv/detail/gripper_status__type_support.c
[1.672s] -- Up-to-date: /home/amin/cobot/cobot_ws/install/mecharm_interfaces/include/mecharm_interfaces/mecharm_interfaces/srv/detail/get_angles__functions.c
[1.672s] -- Up-to-date: /home/amin/cobot/cobot_ws/install/mecharm_interfaces/include/mecharm_interfaces/mecharm_interfaces/srv/detail/pump_status__functions.c
[1.672s] -- Up-to-date: /home/amin/cobot/cobot_ws/install/mecharm_interfaces/include/mecharm_interfaces/mecharm_interfaces/srv/detail/pump_status__description.c
[1.672s] -- Up-to-date: /home/amin/cobot/cobot_ws/install/mecharm_interfaces/include/mecharm_interfaces/mecharm_interfaces/srv/detail/get_coords__type_support.h
[1.673s] -- Up-to-date: /home/amin/cobot/cobot_ws/install/mecharm_interfaces/include/mecharm_interfaces/mecharm_interfaces/srv/detail/set_angles__type_support.h
[1.673s] -- Up-to-date: /home/amin/cobot/cobot_ws/install/mecharm_interfaces/include/mecharm_interfaces/mecharm_interfaces/srv/detail/get_coords__functions.c
[1.673s] -- Up-to-date: /home/amin/cobot/cobot_ws/install/mecharm_interfaces/include/mecharm_interfaces/mecharm_interfaces/srv/detail/gripper_status__functions.c
[1.673s] -- Up-to-date: /home/amin/cobot/cobot_ws/install/mecharm_interfaces/include/mecharm_interfaces/mecharm_interfaces/srv/detail/get_angles__description.c
[1.673s] -- Up-to-date: /home/amin/cobot/cobot_ws/install/mecharm_interfaces/include/mecharm_interfaces/mecharm_interfaces/srv/detail/pump_status__functions.h
[1.673s] -- Up-to-date: /home/amin/cobot/cobot_ws/install/mecharm_interfaces/include/mecharm_interfaces/mecharm_interfaces/srv/detail/set_angles__functions.c
[1.673s] -- Up-to-date: /home/amin/cobot/cobot_ws/install/mecharm_interfaces/include/mecharm_interfaces/mecharm_interfaces/srv/detail/set_coords__struct.h
[1.674s] -- Up-to-date: /home/amin/cobot/cobot_ws/install/mecharm_interfaces/include/mecharm_interfaces/mecharm_interfaces/srv/detail/get_coords__struct.h
[1.675s] -- Up-to-date: /home/amin/cobot/cobot_ws/install/mecharm_interfaces/include/mecharm_interfaces/mecharm_interfaces/srv/detail/set_angles__functions.h
[1.675s] -- Up-to-date: /home/amin/cobot/cobot_ws/install/mecharm_interfaces/include/mecharm_interfaces/mecharm_interfaces/srv/detail/pump_status__type_support.h
[1.675s] -- Up-to-date: /home/amin/cobot/cobot_ws/install/mecharm_interfaces/include/mecharm_interfaces/mecharm_interfaces/srv/get_coords.h
[1.675s] -- Up-to-date: /home/amin/cobot/cobot_ws/install/mecharm_interfaces/include/mecharm_interfaces/mecharm_interfaces/srv/get_angles.h
[1.675s] -- Up-to-date: /home/amin/cobot/cobot_ws/install/mecharm_interfaces/include/mecharm_interfaces/mecharm_interfaces/srv/pump_status.h
[1.675s] -- Up-to-date: /home/amin/cobot/cobot_ws/install/mecharm_interfaces/include/mecharm_interfaces/mecharm_interfaces/srv/set_angles.h
[1.676s] -- Up-to-date: /home/amin/cobot/cobot_ws/install/mecharm_interfaces/include/mecharm_interfaces/mecharm_interfaces/srv/set_coords.h
[1.676s] -- Up-to-date: /home/amin/cobot/cobot_ws/install/mecharm_interfaces/include/mecharm_interfaces/mecharm_interfaces/msg
[1.676s] -- Up-to-date: /home/amin/cobot/cobot_ws/install/mecharm_interfaces/include/mecharm_interfaces/mecharm_interfaces/msg/mecharm_set_angles.h
[1.676s] -- Up-to-date: /home/amin/cobot/cobot_ws/install/mecharm_interfaces/include/mecharm_interfaces/mecharm_interfaces/msg/mecharm_coords.h
[1.676s] -- Up-to-date: /home/amin/cobot/cobot_ws/install/mecharm_interfaces/include/mecharm_interfaces/mecharm_interfaces/msg/mecharm_pump_status.h
[1.676s] -- Up-to-date: /home/amin/cobot/cobot_ws/install/mecharm_interfaces/include/mecharm_interfaces/mecharm_interfaces/msg/detail
[1.676s] -- Up-to-date: /home/amin/cobot/cobot_ws/install/mecharm_interfaces/include/mecharm_interfaces/mecharm_interfaces/msg/detail/mecharm_coords__description.c
[1.677s] -- Installing: /home/amin/cobot/cobot_ws/install/mecharm_interfaces/include/mecharm_interfaces/mecharm_interfaces/msg/detail/mecharm_pump_status__type_support.c
[1.677s] -- Up-to-date: /home/amin/cobot/cobot_ws/install/mecharm_interfaces/include/mecharm_interfaces/mecharm_interfaces/msg/detail/mecharm_angles__description.c
[1.677s] -- Up-to-date: /home/amin/cobot/cobot_ws/install/mecharm_interfaces/include/mecharm_interfaces/mecharm_interfaces/msg/detail/mecharm_set_coords__functions.h
[1.678s] -- Installing: /home/amin/cobot/cobot_ws/install/mecharm_interfaces/include/mecharm_interfaces/mecharm_interfaces/msg/detail/mecharm_set_coords__type_support.c
[1.678s] -- Up-to-date: /home/amin/cobot/cobot_ws/install/mecharm_interfaces/include/mecharm_interfaces/mecharm_interfaces/msg/detail/mecharm_angles__functions.c
[1.678s] -- Up-to-date: /home/amin/cobot/cobot_ws/install/mecharm_interfaces/include/mecharm_interfaces/mecharm_interfaces/msg/detail/mecharm_angles__struct.h
[1.678s] -- Up-to-date: /home/amin/cobot/cobot_ws/install/mecharm_interfaces/include/mecharm_interfaces/mecharm_interfaces/msg/detail/mecharm_pump_status__functions.h
[1.678s] -- Up-to-date: /home/amin/cobot/cobot_ws/install/mecharm_interfaces/include/mecharm_interfaces/mecharm_interfaces/msg/detail/mecharm_gripper_status__type_support.h
[1.678s] -- Up-to-date: /home/amin/cobot/cobot_ws/install/mecharm_interfaces/include/mecharm_interfaces/mecharm_interfaces/msg/detail/mecharm_gripper_status__description.c
[1.678s] -- Up-to-date: /home/amin/cobot/cobot_ws/install/mecharm_interfaces/include/mecharm_interfaces/mecharm_interfaces/msg/detail/mecharm_angles__type_support.h
[1.679s] -- Up-to-date: /home/amin/cobot/cobot_ws/install/mecharm_interfaces/include/mecharm_interfaces/mecharm_interfaces/msg/detail/mecharm_gripper_status__functions.h
[1.679s] -- Up-to-date: /home/amin/cobot/cobot_ws/install/mecharm_interfaces/include/mecharm_interfaces/mecharm_interfaces/msg/detail/mecharm_set_angles__type_support.h
[1.679s] -- Up-to-date: /home/amin/cobot/cobot_ws/install/mecharm_interfaces/include/mecharm_interfaces/mecharm_interfaces/msg/detail/mecharm_pump_status__functions.c
[1.679s] -- Up-to-date: /home/amin/cobot/cobot_ws/install/mecharm_interfaces/include/mecharm_interfaces/mecharm_interfaces/msg/detail/mecharm_angles__functions.h
[1.679s] -- Up-to-date: /home/amin/cobot/cobot_ws/install/mecharm_interfaces/include/mecharm_interfaces/mecharm_interfaces/msg/detail/mecharm_gripper_status__struct.h
[1.679s] -- Up-to-date: /home/amin/cobot/cobot_ws/install/mecharm_interfaces/include/mecharm_interfaces/mecharm_interfaces/msg/detail/mecharm_gripper_status__functions.c
[1.679s] -- Up-to-date: /home/amin/cobot/cobot_ws/install/mecharm_interfaces/include/mecharm_interfaces/mecharm_interfaces/msg/detail/mecharm_coords__struct.h
[1.680s] -- Up-to-date: /home/amin/cobot/cobot_ws/install/mecharm_interfaces/include/mecharm_interfaces/mecharm_interfaces/msg/detail/mecharm_coords__functions.h
[1.680s] -- Up-to-date: /home/amin/cobot/cobot_ws/install/mecharm_interfaces/include/mecharm_interfaces/mecharm_interfaces/msg/detail/mecharm_set_angles__struct.h
[1.681s] -- Up-to-date: /home/amin/cobot/cobot_ws/install/mecharm_interfaces/include/mecharm_interfaces/mecharm_interfaces/msg/detail/mecharm_coords__type_support.h
[1.681s] -- Installing: /home/amin/cobot/cobot_ws/install/mecharm_interfaces/include/mecharm_interfaces/mecharm_interfaces/msg/detail/mecharm_angles__type_support.c
[1.684s] -- Installing: /home/amin/cobot/cobot_ws/install/mecharm_interfaces/include/mecharm_interfaces/mecharm_interfaces/msg/detail/mecharm_coords__type_support.c
[1.692s] -- Up-to-date: /home/amin/cobot/cobot_ws/install/mecharm_interfaces/include/mecharm_interfaces/mecharm_interfaces/msg/detail/mecharm_set_angles__functions.h
[1.692s] -- Up-to-date: /home/amin/cobot/cobot_ws/install/mecharm_interfaces/include/mecharm_interfaces/mecharm_interfaces/msg/detail/mecharm_pump_status__description.c
[1.693s] -- Up-to-date: /home/amin/cobot/cobot_ws/install/mecharm_interfaces/include/mecharm_interfaces/mecharm_interfaces/msg/detail/mecharm_set_coords__type_support.h
[1.693s] -- Up-to-date: /home/amin/cobot/cobot_ws/install/mecharm_interfaces/include/mecharm_interfaces/mecharm_interfaces/msg/detail/mecharm_set_coords__functions.c
[1.693s] -- Up-to-date: /home/amin/cobot/cobot_ws/install/mecharm_interfaces/include/mecharm_interfaces/mecharm_interfaces/msg/detail/mecharm_pump_status__struct.h
[1.693s] -- Installing: /home/amin/cobot/cobot_ws/install/mecharm_interfaces/include/mecharm_interfaces/mecharm_interfaces/msg/detail/mecharm_set_angles__type_support.c
[1.693s] -- Up-to-date: /home/amin/cobot/cobot_ws/install/mecharm_interfaces/include/mecharm_interfaces/mecharm_interfaces/msg/detail/mecharm_set_angles__description.c
[1.693s] -- Installing: /home/amin/cobot/cobot_ws/install/mecharm_interfaces/include/mecharm_interfaces/mecharm_interfaces/msg/detail/mecharm_gripper_status__type_support.c
[1.693s] -- Up-to-date: /home/amin/cobot/cobot_ws/install/mecharm_interfaces/include/mecharm_interfaces/mecharm_interfaces/msg/detail/mecharm_set_coords__description.c
[1.694s] -- Up-to-date: /home/amin/cobot/cobot_ws/install/mecharm_interfaces/include/mecharm_interfaces/mecharm_interfaces/msg/detail/mecharm_set_coords__struct.h
[1.694s] -- Up-to-date: /home/amin/cobot/cobot_ws/install/mecharm_interfaces/include/mecharm_interfaces/mecharm_interfaces/msg/detail/mecharm_coords__functions.c
[1.694s] -- Up-to-date: /home/amin/cobot/cobot_ws/install/mecharm_interfaces/include/mecharm_interfaces/mecharm_interfaces/msg/detail/mecharm_set_angles__functions.c
[1.694s] -- Up-to-date: /home/amin/cobot/cobot_ws/install/mecharm_interfaces/include/mecharm_interfaces/mecharm_interfaces/msg/detail/mecharm_pump_status__type_support.h
[1.703s] -- Up-to-date: /home/amin/cobot/cobot_ws/install/mecharm_interfaces/include/mecharm_interfaces/mecharm_interfaces/msg/rosidl_generator_c__visibility_control.h
[1.703s] -- Up-to-date: /home/amin/cobot/cobot_ws/install/mecharm_interfaces/include/mecharm_interfaces/mecharm_interfaces/msg/mecharm_set_coords.h
[1.704s] -- Up-to-date: /home/amin/cobot/cobot_ws/install/mecharm_interfaces/include/mecharm_interfaces/mecharm_interfaces/msg/mecharm_angles.h
[1.704s] -- Up-to-date: /home/amin/cobot/cobot_ws/install/mecharm_interfaces/include/mecharm_interfaces/mecharm_interfaces/msg/mecharm_gripper_status.h
[1.704s] -- Up-to-date: /home/amin/cobot/cobot_ws/install/mecharm_interfaces/share/mecharm_interfaces/environment/library_path.sh
[1.704s] -- Up-to-date: /home/amin/cobot/cobot_ws/install/mecharm_interfaces/share/mecharm_interfaces/environment/library_path.dsv
[1.704s] -- Up-to-date: /home/amin/cobot/cobot_ws/install/mecharm_interfaces/lib/libmecharm_interfaces__rosidl_generator_c.so
[1.704s] -- Up-to-date: /home/amin/cobot/cobot_ws/install/mecharm_interfaces/include/mecharm_interfaces/mecharm_interfaces
[1.704s] -- Up-to-date: /home/amin/cobot/cobot_ws/install/mecharm_interfaces/include/mecharm_interfaces/mecharm_interfaces/srv
[1.704s] -- Up-to-date: /home/amin/cobot/cobot_ws/install/mecharm_interfaces/include/mecharm_interfaces/mecharm_interfaces/srv/detail
[1.705s] -- Up-to-date: /home/amin/cobot/cobot_ws/install/mecharm_interfaces/include/mecharm_interfaces/mecharm_interfaces/srv/detail/pump_status__rosidl_typesupport_fastrtps_c.h
[1.705s] -- Up-to-date: /home/amin/cobot/cobot_ws/install/mecharm_interfaces/include/mecharm_interfaces/mecharm_interfaces/srv/detail/get_coords__rosidl_typesupport_fastrtps_c.h
[1.705s] -- Up-to-date: /home/amin/cobot/cobot_ws/install/mecharm_interfaces/include/mecharm_interfaces/mecharm_interfaces/srv/detail/get_angles__rosidl_typesupport_fastrtps_c.h
[1.705s] -- Up-to-date: /home/amin/cobot/cobot_ws/install/mecharm_interfaces/include/mecharm_interfaces/mecharm_interfaces/srv/detail/set_angles__rosidl_typesupport_fastrtps_c.h
[1.705s] -- Up-to-date: /home/amin/cobot/cobot_ws/install/mecharm_interfaces/include/mecharm_interfaces/mecharm_interfaces/srv/detail/gripper_status__rosidl_typesupport_fastrtps_c.h
[1.706s] -- Up-to-date: /home/amin/cobot/cobot_ws/install/mecharm_interfaces/include/mecharm_interfaces/mecharm_interfaces/srv/detail/set_coords__rosidl_typesupport_fastrtps_c.h
[1.706s] -- Up-to-date: /home/amin/cobot/cobot_ws/install/mecharm_interfaces/include/mecharm_interfaces/mecharm_interfaces/msg
[1.706s] -- Up-to-date: /home/amin/cobot/cobot_ws/install/mecharm_interfaces/include/mecharm_interfaces/mecharm_interfaces/msg/detail
[1.706s] -- Up-to-date: /home/amin/cobot/cobot_ws/install/mecharm_interfaces/include/mecharm_interfaces/mecharm_interfaces/msg/detail/mecharm_set_coords__rosidl_typesupport_fastrtps_c.h
[1.707s] -- Up-to-date: /home/amin/cobot/cobot_ws/install/mecharm_interfaces/include/mecharm_interfaces/mecharm_interfaces/msg/detail/mecharm_angles__rosidl_typesupport_fastrtps_c.h
[1.707s] -- Up-to-date: /home/amin/cobot/cobot_ws/install/mecharm_interfaces/include/mecharm_interfaces/mecharm_interfaces/msg/detail/mecharm_coords__rosidl_typesupport_fastrtps_c.h
[1.707s] -- Up-to-date: /home/amin/cobot/cobot_ws/install/mecharm_interfaces/include/mecharm_interfaces/mecharm_interfaces/msg/detail/mecharm_gripper_status__rosidl_typesupport_fastrtps_c.h
[1.707s] -- Up-to-date: /home/amin/cobot/cobot_ws/install/mecharm_interfaces/include/mecharm_interfaces/mecharm_interfaces/msg/detail/mecharm_set_angles__rosidl_typesupport_fastrtps_c.h
[1.707s] -- Up-to-date: /home/amin/cobot/cobot_ws/install/mecharm_interfaces/include/mecharm_interfaces/mecharm_interfaces/msg/detail/mecharm_pump_status__rosidl_typesupport_fastrtps_c.h
[1.707s] -- Up-to-date: /home/amin/cobot/cobot_ws/install/mecharm_interfaces/include/mecharm_interfaces/mecharm_interfaces/msg/rosidl_typesupport_fastrtps_c__visibility_control.h
[1.708s] -- Up-to-date: /home/amin/cobot/cobot_ws/install/mecharm_interfaces/lib/libmecharm_interfaces__rosidl_typesupport_fastrtps_c.so
[1.708s] -- Up-to-date: /home/amin/cobot/cobot_ws/install/mecharm_interfaces/include/mecharm_interfaces/mecharm_interfaces
[1.708s] -- Up-to-date: /home/amin/cobot/cobot_ws/install/mecharm_interfaces/include/mecharm_interfaces/mecharm_interfaces/srv
[1.708s] -- Up-to-date: /home/amin/cobot/cobot_ws/install/mecharm_interfaces/include/mecharm_interfaces/mecharm_interfaces/srv/detail
[1.708s] -- Installing: /home/amin/cobot/cobot_ws/install/mecharm_interfaces/include/mecharm_interfaces/mecharm_interfaces/srv/detail/pump_status__type_support.c
[1.713s] -- Installing: /home/amin/cobot/cobot_ws/install/mecharm_interfaces/include/mecharm_interfaces/mecharm_interfaces/srv/detail/get_coords__type_support.c
[1.716s] -- Up-to-date: /home/amin/cobot/cobot_ws/install/mecharm_interfaces/include/mecharm_interfaces/mecharm_interfaces/srv/detail/set_angles__rosidl_typesupport_introspection_c.h
[1.717s] -- Installing: /home/amin/cobot/cobot_ws/install/mecharm_interfaces/include/mecharm_interfaces/mecharm_interfaces/srv/detail/set_coords__type_support.c
[1.717s] -- Installing: /home/amin/cobot/cobot_ws/install/mecharm_interfaces/include/mecharm_interfaces/mecharm_interfaces/srv/detail/set_angles__type_support.c
[1.717s] -- Up-to-date: /home/amin/cobot/cobot_ws/install/mecharm_interfaces/include/mecharm_interfaces/mecharm_interfaces/srv/detail/pump_status__rosidl_typesupport_introspection_c.h
[1.717s] -- Installing: /home/amin/cobot/cobot_ws/install/mecharm_interfaces/include/mecharm_interfaces/mecharm_interfaces/srv/detail/get_angles__type_support.c
[1.719s] -- Up-to-date: /home/amin/cobot/cobot_ws/install/mecharm_interfaces/include/mecharm_interfaces/mecharm_interfaces/srv/detail/get_angles__rosidl_typesupport_introspection_c.h
[1.719s] -- Installing: /home/amin/cobot/cobot_ws/install/mecharm_interfaces/include/mecharm_interfaces/mecharm_interfaces/srv/detail/gripper_status__type_support.c
[1.719s] -- Up-to-date: /home/amin/cobot/cobot_ws/install/mecharm_interfaces/include/mecharm_interfaces/mecharm_interfaces/srv/detail/set_coords__rosidl_typesupport_introspection_c.h
[1.719s] -- Up-to-date: /home/amin/cobot/cobot_ws/install/mecharm_interfaces/include/mecharm_interfaces/mecharm_interfaces/srv/detail/get_coords__rosidl_typesupport_introspection_c.h
[1.719s] -- Up-to-date: /home/amin/cobot/cobot_ws/install/mecharm_interfaces/include/mecharm_interfaces/mecharm_interfaces/srv/detail/gripper_status__rosidl_typesupport_introspection_c.h
[1.720s] -- Up-to-date: /home/amin/cobot/cobot_ws/install/mecharm_interfaces/include/mecharm_interfaces/mecharm_interfaces/msg
[1.720s] -- Up-to-date: /home/amin/cobot/cobot_ws/install/mecharm_interfaces/include/mecharm_interfaces/mecharm_interfaces/msg/detail
[1.720s] -- Installing: /home/amin/cobot/cobot_ws/install/mecharm_interfaces/include/mecharm_interfaces/mecharm_interfaces/msg/detail/mecharm_pump_status__type_support.c
[1.720s] -- Installing: /home/amin/cobot/cobot_ws/install/mecharm_interfaces/include/mecharm_interfaces/mecharm_interfaces/msg/detail/mecharm_set_coords__type_support.c
[1.720s] -- Up-to-date: /home/amin/cobot/cobot_ws/install/mecharm_interfaces/include/mecharm_interfaces/mecharm_interfaces/msg/detail/mecharm_set_coords__rosidl_typesupport_introspection_c.h
[1.720s] -- Installing: /home/amin/cobot/cobot_ws/install/mecharm_interfaces/include/mecharm_interfaces/mecharm_interfaces/msg/detail/mecharm_angles__type_support.c
[1.720s] -- Installing: /home/amin/cobot/cobot_ws/install/mecharm_interfaces/include/mecharm_interfaces/mecharm_interfaces/msg/detail/mecharm_coords__type_support.c
[1.720s] -- Up-to-date: /home/amin/cobot/cobot_ws/install/mecharm_interfaces/include/mecharm_interfaces/mecharm_interfaces/msg/detail/mecharm_coords__rosidl_typesupport_introspection_c.h
[1.720s] -- Up-to-date: /home/amin/cobot/cobot_ws/install/mecharm_interfaces/include/mecharm_interfaces/mecharm_interfaces/msg/detail/mecharm_pump_status__rosidl_typesupport_introspection_c.h
[1.721s] -- Installing: /home/amin/cobot/cobot_ws/install/mecharm_interfaces/include/mecharm_interfaces/mecharm_interfaces/msg/detail/mecharm_set_angles__type_support.c
[1.721s] -- Installing: /home/amin/cobot/cobot_ws/install/mecharm_interfaces/include/mecharm_interfaces/mecharm_interfaces/msg/detail/mecharm_gripper_status__type_support.c
[1.721s] -- Up-to-date: /home/amin/cobot/cobot_ws/install/mecharm_interfaces/include/mecharm_interfaces/mecharm_interfaces/msg/detail/mecharm_set_angles__rosidl_typesupport_introspection_c.h
[1.725s] -- Up-to-date: /home/amin/cobot/cobot_ws/install/mecharm_interfaces/include/mecharm_interfaces/mecharm_interfaces/msg/detail/mecharm_angles__rosidl_typesupport_introspection_c.h
[1.725s] -- Up-to-date: /home/amin/cobot/cobot_ws/install/mecharm_interfaces/include/mecharm_interfaces/mecharm_interfaces/msg/detail/mecharm_gripper_status__rosidl_typesupport_introspection_c.h
[1.726s] -- Up-to-date: /home/amin/cobot/cobot_ws/install/mecharm_interfaces/include/mecharm_interfaces/mecharm_interfaces/msg/rosidl_typesupport_introspection_c__visibility_control.h
[1.726s] -- Up-to-date: /home/amin/cobot/cobot_ws/install/mecharm_interfaces/lib/libmecharm_interfaces__rosidl_typesupport_introspection_c.so
[1.726s] -- Up-to-date: /home/amin/cobot/cobot_ws/install/mecharm_interfaces/lib/libmecharm_interfaces__rosidl_typesupport_c.so
[1.726s] -- Up-to-date: /home/amin/cobot/cobot_ws/install/mecharm_interfaces/include/mecharm_interfaces/mecharm_interfaces
[1.726s] -- Up-to-date: /home/amin/cobot/cobot_ws/install/mecharm_interfaces/include/mecharm_interfaces/mecharm_interfaces/srv
[1.726s] -- Up-to-date: /home/amin/cobot/cobot_ws/install/mecharm_interfaces/include/mecharm_interfaces/mecharm_interfaces/srv/set_angles.hpp
[1.726s] -- Up-to-date: /home/amin/cobot/cobot_ws/install/mecharm_interfaces/include/mecharm_interfaces/mecharm_interfaces/srv/get_coords.hpp
[1.726s] -- Up-to-date: /home/amin/cobot/cobot_ws/install/mecharm_interfaces/include/mecharm_interfaces/mecharm_interfaces/srv/gripper_status.hpp
[1.726s] -- Up-to-date: /home/amin/cobot/cobot_ws/install/mecharm_interfaces/include/mecharm_interfaces/mecharm_interfaces/srv/detail
[1.726s] -- Up-to-date: /home/amin/cobot/cobot_ws/install/mecharm_interfaces/include/mecharm_interfaces/mecharm_interfaces/srv/detail/get_coords__type_support.hpp
[1.726s] -- Up-to-date: /home/amin/cobot/cobot_ws/install/mecharm_interfaces/include/mecharm_interfaces/mecharm_interfaces/srv/detail/get_angles__builder.hpp
[1.726s] -- Up-to-date: /home/amin/cobot/cobot_ws/install/mecharm_interfaces/include/mecharm_interfaces/mecharm_interfaces/srv/detail/gripper_status__type_support.hpp
[1.726s] -- Up-to-date: /home/amin/cobot/cobot_ws/install/mecharm_interfaces/include/mecharm_interfaces/mecharm_interfaces/srv/detail/set_angles__traits.hpp
[1.727s] -- Up-to-date: /home/amin/cobot/cobot_ws/install/mecharm_interfaces/include/mecharm_interfaces/mecharm_interfaces/srv/detail/set_angles__builder.hpp
[1.727s] -- Up-to-date: /home/amin/cobot/cobot_ws/install/mecharm_interfaces/include/mecharm_interfaces/mecharm_interfaces/srv/detail/gripper_status__struct.hpp
[1.727s] -- Up-to-date: /home/amin/cobot/cobot_ws/install/mecharm_interfaces/include/mecharm_interfaces/mecharm_interfaces/srv/detail/gripper_status__traits.hpp
[1.727s] -- Up-to-date: /home/amin/cobot/cobot_ws/install/mecharm_interfaces/include/mecharm_interfaces/mecharm_interfaces/srv/detail/set_coords__struct.hpp
[1.727s] -- Up-to-date: /home/amin/cobot/cobot_ws/install/mecharm_interfaces/include/mecharm_interfaces/mecharm_interfaces/srv/detail/pump_status__builder.hpp
[1.727s] -- Up-to-date: /home/amin/cobot/cobot_ws/install/mecharm_interfaces/include/mecharm_interfaces/mecharm_interfaces/srv/detail/set_coords__builder.hpp
[1.727s] -- Up-to-date: /home/amin/cobot/cobot_ws/install/mecharm_interfaces/include/mecharm_interfaces/mecharm_interfaces/srv/detail/pump_status__type_support.hpp
[1.727s] -- Up-to-date: /home/amin/cobot/cobot_ws/install/mecharm_interfaces/include/mecharm_interfaces/mecharm_interfaces/srv/detail/get_coords__struct.hpp
[1.727s] -- Up-to-date: /home/amin/cobot/cobot_ws/install/mecharm_interfaces/include/mecharm_interfaces/mecharm_interfaces/srv/detail/gripper_status__builder.hpp
[1.727s] -- Up-to-date: /home/amin/cobot/cobot_ws/install/mecharm_interfaces/include/mecharm_interfaces/mecharm_interfaces/srv/detail/pump_status__traits.hpp
[1.727s] -- Up-to-date: /home/amin/cobot/cobot_ws/install/mecharm_interfaces/include/mecharm_interfaces/mecharm_interfaces/srv/detail/get_angles__type_support.hpp
[1.728s] -- Up-to-date: /home/amin/cobot/cobot_ws/install/mecharm_interfaces/include/mecharm_interfaces/mecharm_interfaces/srv/detail/get_coords__traits.hpp
[1.728s] -- Up-to-date: /home/amin/cobot/cobot_ws/install/mecharm_interfaces/include/mecharm_interfaces/mecharm_interfaces/srv/detail/set_angles__struct.hpp
[1.728s] -- Up-to-date: /home/amin/cobot/cobot_ws/install/mecharm_interfaces/include/mecharm_interfaces/mecharm_interfaces/srv/detail/get_angles__traits.hpp
[1.728s] -- Up-to-date: /home/amin/cobot/cobot_ws/install/mecharm_interfaces/include/mecharm_interfaces/mecharm_interfaces/srv/detail/get_coords__builder.hpp
[1.728s] -- Up-to-date: /home/amin/cobot/cobot_ws/install/mecharm_interfaces/include/mecharm_interfaces/mecharm_interfaces/srv/detail/set_coords__type_support.hpp
[1.728s] -- Up-to-date: /home/amin/cobot/cobot_ws/install/mecharm_interfaces/include/mecharm_interfaces/mecharm_interfaces/srv/detail/set_angles__type_support.hpp
[1.729s] -- Up-to-date: /home/amin/cobot/cobot_ws/install/mecharm_interfaces/include/mecharm_interfaces/mecharm_interfaces/srv/detail/set_coords__traits.hpp
[1.729s] -- Up-to-date: /home/amin/cobot/cobot_ws/install/mecharm_interfaces/include/mecharm_interfaces/mecharm_interfaces/srv/detail/get_angles__struct.hpp
[1.729s] -- Up-to-date: /home/amin/cobot/cobot_ws/install/mecharm_interfaces/include/mecharm_interfaces/mecharm_interfaces/srv/detail/pump_status__struct.hpp
[1.729s] -- Up-to-date: /home/amin/cobot/cobot_ws/install/mecharm_interfaces/include/mecharm_interfaces/mecharm_interfaces/srv/set_coords.hpp
[1.729s] -- Up-to-date: /home/amin/cobot/cobot_ws/install/mecharm_interfaces/include/mecharm_interfaces/mecharm_interfaces/srv/get_angles.hpp
[1.729s] -- Up-to-date: /home/amin/cobot/cobot_ws/install/mecharm_interfaces/include/mecharm_interfaces/mecharm_interfaces/srv/pump_status.hpp
[1.729s] -- Up-to-date: /home/amin/cobot/cobot_ws/install/mecharm_interfaces/include/mecharm_interfaces/mecharm_interfaces/msg
[1.729s] -- Up-to-date: /home/amin/cobot/cobot_ws/install/mecharm_interfaces/include/mecharm_interfaces/mecharm_interfaces/msg/detail
[1.729s] -- Up-to-date: /home/amin/cobot/cobot_ws/install/mecharm_interfaces/include/mecharm_interfaces/mecharm_interfaces/msg/detail/mecharm_gripper_status__traits.hpp
[1.729s] -- Up-to-date: /home/amin/cobot/cobot_ws/install/mecharm_interfaces/include/mecharm_interfaces/mecharm_interfaces/msg/detail/mecharm_pump_status__type_support.hpp
[1.729s] -- Up-to-date: /home/amin/cobot/cobot_ws/install/mecharm_interfaces/include/mecharm_interfaces/mecharm_interfaces/msg/detail/mecharm_pump_status__struct.hpp
[1.729s] -- Up-to-date: /home/amin/cobot/cobot_ws/install/mecharm_interfaces/include/mecharm_interfaces/mecharm_interfaces/msg/detail/mecharm_angles__struct.hpp
[1.730s] -- Up-to-date: /home/amin/cobot/cobot_ws/install/mecharm_interfaces/include/mecharm_interfaces/mecharm_interfaces/msg/detail/mecharm_coords__struct.hpp
[1.730s] -- Up-to-date: /home/amin/cobot/cobot_ws/install/mecharm_interfaces/include/mecharm_interfaces/mecharm_interfaces/msg/detail/mecharm_pump_status__traits.hpp
[1.730s] -- Up-to-date: /home/amin/cobot/cobot_ws/install/mecharm_interfaces/include/mecharm_interfaces/mecharm_interfaces/msg/detail/mecharm_set_coords__traits.hpp
[1.730s] -- Up-to-date: /home/amin/cobot/cobot_ws/install/mecharm_interfaces/include/mecharm_interfaces/mecharm_interfaces/msg/detail/mecharm_angles__traits.hpp
[1.730s] -- Up-to-date: /home/amin/cobot/cobot_ws/install/mecharm_interfaces/include/mecharm_interfaces/mecharm_interfaces/msg/detail/mecharm_angles__builder.hpp
[1.730s] -- Up-to-date: /home/amin/cobot/cobot_ws/install/mecharm_interfaces/include/mecharm_interfaces/mecharm_interfaces/msg/detail/mecharm_set_coords__builder.hpp
[1.730s] -- Up-to-date: /home/amin/cobot/cobot_ws/install/mecharm_interfaces/include/mecharm_interfaces/mecharm_interfaces/msg/detail/mecharm_set_coords__type_support.hpp
[1.730s] -- Up-to-date: /home/amin/cobot/cobot_ws/install/mecharm_interfaces/include/mecharm_interfaces/mecharm_interfaces/msg/detail/mecharm_set_angles__type_support.hpp
[1.730s] -- Up-to-date: /home/amin/cobot/cobot_ws/install/mecharm_interfaces/include/mecharm_interfaces/mecharm_interfaces/msg/detail/mecharm_gripper_status__builder.hpp
[1.730s] -- Up-to-date: /home/amin/cobot/cobot_ws/install/mecharm_interfaces/include/mecharm_interfaces/mecharm_interfaces/msg/detail/mecharm_set_angles__builder.hpp
[1.730s] -- Up-to-date: /home/amin/cobot/cobot_ws/install/mecharm_interfaces/include/mecharm_interfaces/mecharm_interfaces/msg/detail/mecharm_gripper_status__struct.hpp
[1.730s] -- Up-to-date: /home/amin/cobot/cobot_ws/install/mecharm_interfaces/include/mecharm_interfaces/mecharm_interfaces/msg/detail/mecharm_coords__type_support.hpp
[1.731s] -- Up-to-date: /home/amin/cobot/cobot_ws/install/mecharm_interfaces/include/mecharm_interfaces/mecharm_interfaces/msg/detail/mecharm_set_coords__struct.hpp
[1.731s] -- Up-to-date: /home/amin/cobot/cobot_ws/install/mecharm_interfaces/include/mecharm_interfaces/mecharm_interfaces/msg/detail/mecharm_coords__builder.hpp
[1.731s] -- Up-to-date: /home/amin/cobot/cobot_ws/install/mecharm_interfaces/include/mecharm_interfaces/mecharm_interfaces/msg/detail/mecharm_angles__type_support.hpp
[1.731s] -- Up-to-date: /home/amin/cobot/cobot_ws/install/mecharm_interfaces/include/mecharm_interfaces/mecharm_interfaces/msg/detail/mecharm_gripper_status__type_support.hpp
[1.731s] -- Up-to-date: /home/amin/cobot/cobot_ws/install/mecharm_interfaces/include/mecharm_interfaces/mecharm_interfaces/msg/detail/mecharm_set_angles__traits.hpp
[1.731s] -- Up-to-date: /home/amin/cobot/cobot_ws/install/mecharm_interfaces/include/mecharm_interfaces/mecharm_interfaces/msg/detail/mecharm_set_angles__struct.hpp
[1.731s] -- Up-to-date: /home/amin/cobot/cobot_ws/install/mecharm_interfaces/include/mecharm_interfaces/mecharm_interfaces/msg/detail/mecharm_coords__traits.hpp
[1.731s] -- Up-to-date: /home/amin/cobot/cobot_ws/install/mecharm_interfaces/include/mecharm_interfaces/mecharm_interfaces/msg/detail/mecharm_pump_status__builder.hpp
[1.731s] -- Up-to-date: /home/amin/cobot/cobot_ws/install/mecharm_interfaces/include/mecharm_interfaces/mecharm_interfaces/msg/mecharm_pump_status.hpp
[1.731s] -- Up-to-date: /home/amin/cobot/cobot_ws/install/mecharm_interfaces/include/mecharm_interfaces/mecharm_interfaces/msg/mecharm_gripper_status.hpp
[1.732s] -- Up-to-date: /home/amin/cobot/cobot_ws/install/mecharm_interfaces/include/mecharm_interfaces/mecharm_interfaces/msg/mecharm_set_coords.hpp
[1.732s] -- Up-to-date: /home/amin/cobot/cobot_ws/install/mecharm_interfaces/include/mecharm_interfaces/mecharm_interfaces/msg/mecharm_coords.hpp
[1.732s] -- Up-to-date: /home/amin/cobot/cobot_ws/install/mecharm_interfaces/include/mecharm_interfaces/mecharm_interfaces/msg/mecharm_set_angles.hpp
[1.732s] -- Up-to-date: /home/amin/cobot/cobot_ws/install/mecharm_interfaces/include/mecharm_interfaces/mecharm_interfaces/msg/mecharm_angles.hpp
[1.736s] -- Up-to-date: /home/amin/cobot/cobot_ws/install/mecharm_interfaces/include/mecharm_interfaces/mecharm_interfaces/msg/rosidl_generator_cpp__visibility_control.hpp
[1.736s] -- Up-to-date: /home/amin/cobot/cobot_ws/install/mecharm_interfaces/include/mecharm_interfaces/mecharm_interfaces
[1.736s] -- Up-to-date: /home/amin/cobot/cobot_ws/install/mecharm_interfaces/include/mecharm_interfaces/mecharm_interfaces/srv
[1.737s] -- Up-to-date: /home/amin/cobot/cobot_ws/install/mecharm_interfaces/include/mecharm_interfaces/mecharm_interfaces/srv/detail
[1.737s] -- Up-to-date: /home/amin/cobot/cobot_ws/install/mecharm_interfaces/include/mecharm_interfaces/mecharm_interfaces/srv/detail/gripper_status__rosidl_typesupport_fastrtps_cpp.hpp
[1.737s] -- Up-to-date: /home/amin/cobot/cobot_ws/install/mecharm_interfaces/include/mecharm_interfaces/mecharm_interfaces/srv/detail/pump_status__rosidl_typesupport_fastrtps_cpp.hpp
[1.737s] -- Up-to-date: /home/amin/cobot/cobot_ws/install/mecharm_interfaces/include/mecharm_interfaces/mecharm_interfaces/srv/detail/dds_fastrtps
[1.737s] -- Up-to-date: /home/amin/cobot/cobot_ws/install/mecharm_interfaces/include/mecharm_interfaces/mecharm_interfaces/srv/detail/get_angles__rosidl_typesupport_fastrtps_cpp.hpp
[1.738s] -- Up-to-date: /home/amin/cobot/cobot_ws/install/mecharm_interfaces/include/mecharm_interfaces/mecharm_interfaces/srv/detail/set_coords__rosidl_typesupport_fastrtps_cpp.hpp
[1.738s] -- Up-to-date: /home/amin/cobot/cobot_ws/install/mecharm_interfaces/include/mecharm_interfaces/mecharm_interfaces/srv/detail/get_coords__rosidl_typesupport_fastrtps_cpp.hpp
[1.738s] -- Up-to-date: /home/amin/cobot/cobot_ws/install/mecharm_interfaces/include/mecharm_interfaces/mecharm_interfaces/srv/detail/set_angles__rosidl_typesupport_fastrtps_cpp.hpp
[1.738s] -- Up-to-date: /home/amin/cobot/cobot_ws/install/mecharm_interfaces/include/mecharm_interfaces/mecharm_interfaces/msg
[1.738s] -- Up-to-date: /home/amin/cobot/cobot_ws/install/mecharm_interfaces/include/mecharm_interfaces/mecharm_interfaces/msg/detail
[1.738s] -- Up-to-date: /home/amin/cobot/cobot_ws/install/mecharm_interfaces/include/mecharm_interfaces/mecharm_interfaces/msg/detail/dds_fastrtps
[1.738s] -- Up-to-date: /home/amin/cobot/cobot_ws/install/mecharm_interfaces/include/mecharm_interfaces/mecharm_interfaces/msg/detail/mecharm_pump_status__rosidl_typesupport_fastrtps_cpp.hpp
[1.742s] -- Up-to-date: /home/amin/cobot/cobot_ws/install/mecharm_interfaces/include/mecharm_interfaces/mecharm_interfaces/msg/detail/mecharm_set_coords__rosidl_typesupport_fastrtps_cpp.hpp
[1.742s] -- Up-to-date: /home/amin/cobot/cobot_ws/install/mecharm_interfaces/include/mecharm_interfaces/mecharm_interfaces/msg/detail/mecharm_angles__rosidl_typesupport_fastrtps_cpp.hpp
[1.742s] -- Up-to-date: /home/amin/cobot/cobot_ws/install/mecharm_interfaces/include/mecharm_interfaces/mecharm_interfaces/msg/detail/mecharm_set_angles__rosidl_typesupport_fastrtps_cpp.hpp
[1.743s] -- Up-to-date: /home/amin/cobot/cobot_ws/install/mecharm_interfaces/include/mecharm_interfaces/mecharm_interfaces/msg/detail/mecharm_coords__rosidl_typesupport_fastrtps_cpp.hpp
[1.743s] -- Up-to-date: /home/amin/cobot/cobot_ws/install/mecharm_interfaces/include/mecharm_interfaces/mecharm_interfaces/msg/detail/mecharm_gripper_status__rosidl_typesupport_fastrtps_cpp.hpp
[1.743s] -- Up-to-date: /home/amin/cobot/cobot_ws/install/mecharm_interfaces/include/mecharm_interfaces/mecharm_interfaces/msg/rosidl_typesupport_fastrtps_cpp__visibility_control.h
[1.743s] -- Up-to-date: /home/amin/cobot/cobot_ws/install/mecharm_interfaces/lib/libmecharm_interfaces__rosidl_typesupport_fastrtps_cpp.so
[1.743s] -- Up-to-date: /home/amin/cobot/cobot_ws/install/mecharm_interfaces/include/mecharm_interfaces/mecharm_interfaces
[1.743s] -- Up-to-date: /home/amin/cobot/cobot_ws/install/mecharm_interfaces/include/mecharm_interfaces/mecharm_interfaces/srv
[1.743s] -- Up-to-date: /home/amin/cobot/cobot_ws/install/mecharm_interfaces/include/mecharm_interfaces/mecharm_interfaces/srv/detail
[1.743s] -- Up-to-date: /home/amin/cobot/cobot_ws/install/mecharm_interfaces/include/mecharm_interfaces/mecharm_interfaces/srv/detail/set_coords__type_support.cpp
[1.743s] -- Up-to-date: /home/amin/cobot/cobot_ws/install/mecharm_interfaces/include/mecharm_interfaces/mecharm_interfaces/srv/detail/pump_status__rosidl_typesupport_introspection_cpp.hpp
[1.743s] -- Up-to-date: /home/amin/cobot/cobot_ws/install/mecharm_interfaces/include/mecharm_interfaces/mecharm_interfaces/srv/detail/gripper_status__type_support.cpp
[1.743s] -- Up-to-date: /home/amin/cobot/cobot_ws/install/mecharm_interfaces/include/mecharm_interfaces/mecharm_interfaces/srv/detail/gripper_status__rosidl_typesupport_introspection_cpp.hpp
[1.743s] -- Up-to-date: /home/amin/cobot/cobot_ws/install/mecharm_interfaces/include/mecharm_interfaces/mecharm_interfaces/srv/detail/get_coords__type_support.cpp
[1.743s] -- Up-to-date: /home/amin/cobot/cobot_ws/install/mecharm_interfaces/include/mecharm_interfaces/mecharm_interfaces/srv/detail/set_angles__rosidl_typesupport_introspection_cpp.hpp
[1.744s] -- Up-to-date: /home/amin/cobot/cobot_ws/install/mecharm_interfaces/include/mecharm_interfaces/mecharm_interfaces/srv/detail/set_angles__type_support.cpp
[1.744s] -- Up-to-date: /home/amin/cobot/cobot_ws/install/mecharm_interfaces/include/mecharm_interfaces/mecharm_interfaces/srv/detail/get_angles__type_support.cpp
[1.746s] -- Up-to-date: /home/amin/cobot/cobot_ws/install/mecharm_interfaces/include/mecharm_interfaces/mecharm_interfaces/srv/detail/pump_status__type_support.cpp
[1.747s] -- Up-to-date: /home/amin/cobot/cobot_ws/install/mecharm_interfaces/include/mecharm_interfaces/mecharm_interfaces/srv/detail/get_angles__rosidl_typesupport_introspection_cpp.hpp
[1.747s] -- Up-to-date: /home/amin/cobot/cobot_ws/install/mecharm_interfaces/include/mecharm_interfaces/mecharm_interfaces/srv/detail/set_coords__rosidl_typesupport_introspection_cpp.hpp
[1.747s] -- Up-to-date: /home/amin/cobot/cobot_ws/install/mecharm_interfaces/include/mecharm_interfaces/mecharm_interfaces/srv/detail/get_coords__rosidl_typesupport_introspection_cpp.hpp
[1.747s] -- Up-to-date: /home/amin/cobot/cobot_ws/install/mecharm_interfaces/include/mecharm_interfaces/mecharm_interfaces/msg
[1.747s] -- Up-to-date: /home/amin/cobot/cobot_ws/install/mecharm_interfaces/include/mecharm_interfaces/mecharm_interfaces/msg/detail
[1.749s] -- Up-to-date: /home/amin/cobot/cobot_ws/install/mecharm_interfaces/include/mecharm_interfaces/mecharm_interfaces/msg/detail/mecharm_coords__rosidl_typesupport_introspection_cpp.hpp
[1.750s] -- Up-to-date: /home/amin/cobot/cobot_ws/install/mecharm_interfaces/include/mecharm_interfaces/mecharm_interfaces/msg/detail/mecharm_gripper_status__type_support.cpp
[1.750s] -- Up-to-date: /home/amin/cobot/cobot_ws/install/mecharm_interfaces/include/mecharm_interfaces/mecharm_interfaces/msg/detail/mecharm_set_angles__rosidl_typesupport_introspection_cpp.hpp
[1.751s] -- Up-to-date: /home/amin/cobot/cobot_ws/install/mecharm_interfaces/include/mecharm_interfaces/mecharm_interfaces/msg/detail/mecharm_set_coords__rosidl_typesupport_introspection_cpp.hpp
[1.751s] -- Up-to-date: /home/amin/cobot/cobot_ws/install/mecharm_interfaces/include/mecharm_interfaces/mecharm_interfaces/msg/detail/mecharm_set_angles__type_support.cpp
[1.752s] -- Up-to-date: /home/amin/cobot/cobot_ws/install/mecharm_interfaces/include/mecharm_interfaces/mecharm_interfaces/msg/detail/mecharm_pump_status__rosidl_typesupport_introspection_cpp.hpp
[1.753s] -- Up-to-date: /home/amin/cobot/cobot_ws/install/mecharm_interfaces/include/mecharm_interfaces/mecharm_interfaces/msg/detail/mecharm_pump_status__type_support.cpp
[1.753s] -- Up-to-date: /home/amin/cobot/cobot_ws/install/mecharm_interfaces/include/mecharm_interfaces/mecharm_interfaces/msg/detail/mecharm_angles__rosidl_typesupport_introspection_cpp.hpp
[1.753s] -- Up-to-date: /home/amin/cobot/cobot_ws/install/mecharm_interfaces/include/mecharm_interfaces/mecharm_interfaces/msg/detail/mecharm_coords__type_support.cpp
[1.753s] -- Up-to-date: /home/amin/cobot/cobot_ws/install/mecharm_interfaces/include/mecharm_interfaces/mecharm_interfaces/msg/detail/mecharm_set_coords__type_support.cpp
[1.753s] -- Up-to-date: /home/amin/cobot/cobot_ws/install/mecharm_interfaces/include/mecharm_interfaces/mecharm_interfaces/msg/detail/mecharm_angles__type_support.cpp
[1.753s] -- Up-to-date: /home/amin/cobot/cobot_ws/install/mecharm_interfaces/include/mecharm_interfaces/mecharm_interfaces/msg/detail/mecharm_gripper_status__rosidl_typesupport_introspection_cpp.hpp
[1.753s] -- Up-to-date: /home/amin/cobot/cobot_ws/install/mecharm_interfaces/lib/libmecharm_interfaces__rosidl_typesupport_introspection_cpp.so
[1.753s] -- Up-to-date: /home/amin/cobot/cobot_ws/install/mecharm_interfaces/lib/libmecharm_interfaces__rosidl_typesupport_cpp.so
[1.753s] -- Up-to-date: /home/amin/cobot/cobot_ws/install/mecharm_interfaces/share/mecharm_interfaces/environment/pythonpath.sh
[1.753s] -- Up-to-date: /home/amin/cobot/cobot_ws/install/mecharm_interfaces/share/mecharm_interfaces/environment/pythonpath.dsv
[1.754s] -- Up-to-date: /home/amin/cobot/cobot_ws/install/mecharm_interfaces/lib/python3.12/site-packages/mecharm_interfaces-0.0.0-py3.12.egg-info
[1.754s] -- Installing: /home/amin/cobot/cobot_ws/install/mecharm_interfaces/lib/python3.12/site-packages/mecharm_interfaces-0.0.0-py3.12.egg-info/SOURCES.txt
[1.754s] -- Installing: /home/amin/cobot/cobot_ws/install/mecharm_interfaces/lib/python3.12/site-packages/mecharm_interfaces-0.0.0-py3.12.egg-info/PKG-INFO
[1.754s] -- Installing: /home/amin/cobot/cobot_ws/install/mecharm_interfaces/lib/python3.12/site-packages/mecharm_interfaces-0.0.0-py3.12.egg-info/top_level.txt
[1.754s] -- Installing: /home/amin/cobot/cobot_ws/install/mecharm_interfaces/lib/python3.12/site-packages/mecharm_interfaces-0.0.0-py3.12.egg-info/dependency_links.txt
[1.754s] -- Up-to-date: /home/amin/cobot/cobot_ws/install/mecharm_interfaces/lib/python3.12/site-packages/mecharm_interfaces
[1.754s] -- Up-to-date: /home/amin/cobot/cobot_ws/install/mecharm_interfaces/lib/python3.12/site-packages/mecharm_interfaces/_mecharm_interfaces_s.ep.rosidl_typesupport_fastrtps_c.c
[1.754s] -- Up-to-date: /home/amin/cobot/cobot_ws/install/mecharm_interfaces/lib/python3.12/site-packages/mecharm_interfaces/mecharm_interfaces_s__rosidl_typesupport_c.so
[1.760s] -- Up-to-date: /home/amin/cobot/cobot_ws/install/mecharm_interfaces/lib/python3.12/site-packages/mecharm_interfaces/__init__.py
[1.761s] -- Up-to-date: /home/amin/cobot/cobot_ws/install/mecharm_interfaces/lib/python3.12/site-packages/mecharm_interfaces/srv
[1.762s] -- Up-to-date: /home/amin/cobot/cobot_ws/install/mecharm_interfaces/lib/python3.12/site-packages/mecharm_interfaces/srv/_get_coords_s.c
[1.762s] -- Up-to-date: /home/amin/cobot/cobot_ws/install/mecharm_interfaces/lib/python3.12/site-packages/mecharm_interfaces/srv/_get_angles_s.c
[1.762s] -- Up-to-date: /home/amin/cobot/cobot_ws/install/mecharm_interfaces/lib/python3.12/site-packages/mecharm_interfaces/srv/_get_angles.py
[1.764s] -- Up-to-date: /home/amin/cobot/cobot_ws/install/mecharm_interfaces/lib/python3.12/site-packages/mecharm_interfaces/srv/_set_angles.py
[1.765s] -- Up-to-date: /home/amin/cobot/cobot_ws/install/mecharm_interfaces/lib/python3.12/site-packages/mecharm_interfaces/srv/_pump_status.py
[1.765s] -- Up-to-date: /home/amin/cobot/cobot_ws/install/mecharm_interfaces/lib/python3.12/site-packages/mecharm_interfaces/srv/_pump_status_s.c
[1.766s] -- Up-to-date: /home/amin/cobot/cobot_ws/install/mecharm_interfaces/lib/python3.12/site-packages/mecharm_interfaces/srv/_set_coords.py
[1.767s] -- Up-to-date: /home/amin/cobot/cobot_ws/install/mecharm_interfaces/lib/python3.12/site-packages/mecharm_interfaces/srv/__init__.py
[1.767s] -- Up-to-date: /home/amin/cobot/cobot_ws/install/mecharm_interfaces/lib/python3.12/site-packages/mecharm_interfaces/srv/_get_coords.py
[1.767s] -- Up-to-date: /home/amin/cobot/cobot_ws/install/mecharm_interfaces/lib/python3.12/site-packages/mecharm_interfaces/srv/_gripper_status_s.c
[1.767s] -- Up-to-date: /home/amin/cobot/cobot_ws/install/mecharm_interfaces/lib/python3.12/site-packages/mecharm_interfaces/srv/_gripper_status.py
[1.767s] -- Up-to-date: /home/amin/cobot/cobot_ws/install/mecharm_interfaces/lib/python3.12/site-packages/mecharm_interfaces/srv/_set_coords_s.c
[1.767s] -- Up-to-date: /home/amin/cobot/cobot_ws/install/mecharm_interfaces/lib/python3.12/site-packages/mecharm_interfaces/srv/_set_angles_s.c
[1.768s] -- Up-to-date: /home/amin/cobot/cobot_ws/install/mecharm_interfaces/lib/python3.12/site-packages/mecharm_interfaces/msg
[1.768s] -- Up-to-date: /home/amin/cobot/cobot_ws/install/mecharm_interfaces/lib/python3.12/site-packages/mecharm_interfaces/msg/_mecharm_coords.py
[1.768s] -- Up-to-date: /home/amin/cobot/cobot_ws/install/mecharm_interfaces/lib/python3.12/site-packages/mecharm_interfaces/msg/__init__.py
[1.768s] -- Up-to-date: /home/amin/cobot/cobot_ws/install/mecharm_interfaces/lib/python3.12/site-packages/mecharm_interfaces/msg/_mecharm_pump_status.py
[1.768s] -- Up-to-date: /home/amin/cobot/cobot_ws/install/mecharm_interfaces/lib/python3.12/site-packages/mecharm_interfaces/msg/_mecharm_gripper_status_s.c
[1.768s] -- Up-to-date: /home/amin/cobot/cobot_ws/install/mecharm_interfaces/lib/python3.12/site-packages/mecharm_interfaces/msg/_mecharm_set_coords.py
[1.768s] -- Up-to-date: /home/amin/cobot/cobot_ws/install/mecharm_interfaces/lib/python3.12/site-packages/mecharm_interfaces/msg/_mecharm_set_coords_s.c
[1.768s] -- Up-to-date: /home/amin/cobot/cobot_ws/install/mecharm_interfaces/lib/python3.12/site-packages/mecharm_interfaces/msg/_mecharm_set_angles_s.c
[1.768s] -- Up-to-date: /home/amin/cobot/cobot_ws/install/mecharm_interfaces/lib/python3.12/site-packages/mecharm_interfaces/msg/_mecharm_angles.py
[1.768s] -- Up-to-date: /home/amin/cobot/cobot_ws/install/mecharm_interfaces/lib/python3.12/site-packages/mecharm_interfaces/msg/_mecharm_gripper_status.py
[1.768s] -- Up-to-date: /home/amin/cobot/cobot_ws/install/mecharm_interfaces/lib/python3.12/site-packages/mecharm_interfaces/msg/_mecharm_pump_status_s.c
[1.768s] -- Up-to-date: /home/amin/cobot/cobot_ws/install/mecharm_interfaces/lib/python3.12/site-packages/mecharm_interfaces/msg/_mecharm_coords_s.c
[1.768s] -- Up-to-date: /home/amin/cobot/cobot_ws/install/mecharm_interfaces/lib/python3.12/site-packages/mecharm_interfaces/msg/_mecharm_angles_s.c
[1.769s] -- Up-to-date: /home/amin/cobot/cobot_ws/install/mecharm_interfaces/lib/python3.12/site-packages/mecharm_interfaces/msg/_mecharm_set_angles.py
[1.770s] -- Up-to-date: /home/amin/cobot/cobot_ws/install/mecharm_interfaces/lib/python3.12/site-packages/mecharm_interfaces/mecharm_interfaces_s__rosidl_typesupport_fastrtps_c.so
[1.770s] -- Up-to-date: /home/amin/cobot/cobot_ws/install/mecharm_interfaces/lib/python3.12/site-packages/mecharm_interfaces/_mecharm_interfaces_s.ep.rosidl_typesupport_introspection_c.c
[1.770s] -- Up-to-date: /home/amin/cobot/cobot_ws/install/mecharm_interfaces/lib/python3.12/site-packages/mecharm_interfaces/_mecharm_interfaces_s.ep.rosidl_typesupport_c.c
[1.771s] -- Up-to-date: /home/amin/cobot/cobot_ws/install/mecharm_interfaces/lib/python3.12/site-packages/mecharm_interfaces/mecharm_interfaces_s__rosidl_typesupport_introspection_c.so
[1.857s] Listing '/home/amin/cobot/cobot_ws/install/mecharm_interfaces/lib/python3.12/site-packages/mecharm_interfaces'...
[1.857s] Listing '/home/amin/cobot/cobot_ws/install/mecharm_interfaces/lib/python3.12/site-packages/mecharm_interfaces/msg'...
[1.857s] Listing '/home/amin/cobot/cobot_ws/install/mecharm_interfaces/lib/python3.12/site-packages/mecharm_interfaces/srv'...
[1.858s] -- Up-to-date: /home/amin/cobot/cobot_ws/install/mecharm_interfaces/lib/python3.12/site-packages/mecharm_interfaces/mecharm_interfaces_s__rosidl_typesupport_fastrtps_c.so
[1.858s] -- Up-to-date: /home/amin/cobot/cobot_ws/install/mecharm_interfaces/lib/python3.12/site-packages/mecharm_interfaces/mecharm_interfaces_s__rosidl_typesupport_introspection_c.so
[1.858s] -- Up-to-date: /home/amin/cobot/cobot_ws/install/mecharm_interfaces/lib/python3.12/site-packages/mecharm_interfaces/mecharm_interfaces_s__rosidl_typesupport_c.so
[1.858s] -- Up-to-date: /home/amin/cobot/cobot_ws/install/mecharm_interfaces/lib/libmecharm_interfaces__rosidl_generator_py.so
[1.858s] -- Up-to-date: /home/amin/cobot/cobot_ws/install/mecharm_interfaces/share/mecharm_interfaces/msg/MecharmAngles.idl
[1.858s] -- Up-to-date: /home/amin/cobot/cobot_ws/install/mecharm_interfaces/share/mecharm_interfaces/msg/MecharmCoords.idl
[1.859s] -- Up-to-date: /home/amin/cobot/cobot_ws/install/mecharm_interfaces/share/mecharm_interfaces/msg/MecharmSetAngles.idl
[1.859s] -- Up-to-date: /home/amin/cobot/cobot_ws/install/mecharm_interfaces/share/mecharm_interfaces/msg/MecharmSetCoords.idl
[1.859s] -- Up-to-date: /home/amin/cobot/cobot_ws/install/mecharm_interfaces/share/mecharm_interfaces/msg/MecharmGripperStatus.idl
[1.859s] -- Up-to-date: /home/amin/cobot/cobot_ws/install/mecharm_interfaces/share/mecharm_interfaces/msg/MecharmPumpStatus.idl
[1.859s] -- Up-to-date: /home/amin/cobot/cobot_ws/install/mecharm_interfaces/share/mecharm_interfaces/srv/GetAngles.idl
[1.859s] -- Up-to-date: /home/amin/cobot/cobot_ws/install/mecharm_interfaces/share/mecharm_interfaces/srv/SetAngles.idl
[1.859s] -- Up-to-date: /home/amin/cobot/cobot_ws/install/mecharm_interfaces/share/mecharm_interfaces/srv/GetCoords.idl
[1.859s] -- Up-to-date: /home/amin/cobot/cobot_ws/install/mecharm_interfaces/share/mecharm_interfaces/srv/SetCoords.idl
[1.860s] -- Up-to-date: /home/amin/cobot/cobot_ws/install/mecharm_interfaces/share/mecharm_interfaces/srv/GripperStatus.idl
[1.860s] -- Up-to-date: /home/amin/cobot/cobot_ws/install/mecharm_interfaces/share/mecharm_interfaces/srv/PumpStatus.idl
[1.860s] -- Up-to-date: /home/amin/cobot/cobot_ws/install/mecharm_interfaces/share/mecharm_interfaces/msg/MecharmAngles.msg
[1.860s] -- Up-to-date: /home/amin/cobot/cobot_ws/install/mecharm_interfaces/share/mecharm_interfaces/msg/MecharmCoords.msg
[1.860s] -- Up-to-date: /home/amin/cobot/cobot_ws/install/mecharm_interfaces/share/mecharm_interfaces/msg/MecharmSetAngles.msg
[1.861s] -- Up-to-date: /home/amin/cobot/cobot_ws/install/mecharm_interfaces/share/mecharm_interfaces/msg/MecharmSetCoords.msg
[1.861s] -- Up-to-date: /home/amin/cobot/cobot_ws/install/mecharm_interfaces/share/mecharm_interfaces/msg/MecharmGripperStatus.msg
[1.861s] -- Up-to-date: /home/amin/cobot/cobot_ws/install/mecharm_interfaces/share/mecharm_interfaces/msg/MecharmPumpStatus.msg
[1.861s] -- Up-to-date: /home/amin/cobot/cobot_ws/install/mecharm_interfaces/share/mecharm_interfaces/srv/GetAngles.srv
[1.862s] -- Up-to-date: /home/amin/cobot/cobot_ws/install/mecharm_interfaces/share/mecharm_interfaces/srv/SetAngles.srv
[1.862s] -- Up-to-date: /home/amin/cobot/cobot_ws/install/mecharm_interfaces/share/mecharm_interfaces/srv/GetCoords.srv
[1.862s] -- Up-to-date: /home/amin/cobot/cobot_ws/install/mecharm_interfaces/share/mecharm_interfaces/srv/SetCoords.srv
[1.863s] -- Up-to-date: /home/amin/cobot/cobot_ws/install/mecharm_interfaces/share/mecharm_interfaces/srv/GripperStatus.srv
[1.863s] -- Up-to-date: /home/amin/cobot/cobot_ws/install/mecharm_interfaces/share/mecharm_interfaces/srv/PumpStatus.srv
[1.864s] -- Up-to-date: /home/amin/cobot/cobot_ws/install/mecharm_interfaces/share/ament_index/resource_index/package_run_dependencies/mecharm_interfaces
[1.864s] -- Up-to-date: /home/amin/cobot/cobot_ws/install/mecharm_interfaces/share/ament_index/resource_index/parent_prefix_path/mecharm_interfaces
[1.864s] -- Up-to-date: /home/amin/cobot/cobot_ws/install/mecharm_interfaces/share/mecharm_interfaces/environment/ament_prefix_path.sh
[1.864s] -- Up-to-date: /home/amin/cobot/cobot_ws/install/mecharm_interfaces/share/mecharm_interfaces/environment/ament_prefix_path.dsv
[1.864s] -- Up-to-date: /home/amin/cobot/cobot_ws/install/mecharm_interfaces/share/mecharm_interfaces/environment/path.sh
[1.864s] -- Up-to-date: /home/amin/cobot/cobot_ws/install/mecharm_interfaces/share/mecharm_interfaces/environment/path.dsv
[1.864s] -- Up-to-date: /home/amin/cobot/cobot_ws/install/mecharm_interfaces/share/mecharm_interfaces/local_setup.bash
[1.864s] -- Up-to-date: /home/amin/cobot/cobot_ws/install/mecharm_interfaces/share/mecharm_interfaces/local_setup.sh
[1.864s] -- Up-to-date: /home/amin/cobot/cobot_ws/install/mecharm_interfaces/share/mecharm_interfaces/local_setup.zsh
[1.864s] -- Up-to-date: /home/amin/cobot/cobot_ws/install/mecharm_interfaces/share/mecharm_interfaces/local_setup.dsv
[1.865s] -- Installing: /home/amin/cobot/cobot_ws/install/mecharm_interfaces/share/mecharm_interfaces/package.dsv
[1.865s] -- Up-to-date: /home/amin/cobot/cobot_ws/install/mecharm_interfaces/share/ament_index/resource_index/packages/mecharm_interfaces
[1.865s] -- Up-to-date: /home/amin/cobot/cobot_ws/install/mecharm_interfaces/share/mecharm_interfaces/cmake/export_mecharm_interfaces__rosidl_generator_cExport.cmake
[1.865s] -- Up-to-date: /home/amin/cobot/cobot_ws/install/mecharm_interfaces/share/mecharm_interfaces/cmake/export_mecharm_interfaces__rosidl_generator_cExport-noconfig.cmake
[1.865s] -- Up-to-date: /home/amin/cobot/cobot_ws/install/mecharm_interfaces/share/mecharm_interfaces/cmake/export_mecharm_interfaces__rosidl_typesupport_fastrtps_cExport.cmake
[1.865s] -- Up-to-date: /home/amin/cobot/cobot_ws/install/mecharm_interfaces/share/mecharm_interfaces/cmake/export_mecharm_interfaces__rosidl_typesupport_fastrtps_cExport-noconfig.cmake
[1.865s] -- Up-to-date: /home/amin/cobot/cobot_ws/install/mecharm_interfaces/share/mecharm_interfaces/cmake/mecharm_interfaces__rosidl_typesupport_introspection_cExport.cmake
[1.865s] -- Up-to-date: /home/amin/cobot/cobot_ws/install/mecharm_interfaces/share/mecharm_interfaces/cmake/mecharm_interfaces__rosidl_typesupport_introspection_cExport-noconfig.cmake
[1.865s] -- Up-to-date: /home/amin/cobot/cobot_ws/install/mecharm_interfaces/share/mecharm_interfaces/cmake/mecharm_interfaces__rosidl_typesupport_cExport.cmake
[1.865s] -- Up-to-date: /home/amin/cobot/cobot_ws/install/mecharm_interfaces/share/mecharm_interfaces/cmake/mecharm_interfaces__rosidl_typesupport_cExport-noconfig.cmake
[1.865s] -- Up-to-date: /home/amin/cobot/cobot_ws/install/mecharm_interfaces/share/mecharm_interfaces/cmake/export_mecharm_interfaces__rosidl_generator_cppExport.cmake
[1.866s] -- Up-to-date: /home/amin/cobot/cobot_ws/install/mecharm_interfaces/share/mecharm_interfaces/cmake/export_mecharm_interfaces__rosidl_typesupport_fastrtps_cppExport.cmake
[1.866s] -- Up-to-date: /home/amin/cobot/cobot_ws/install/mecharm_interfaces/share/mecharm_interfaces/cmake/export_mecharm_interfaces__rosidl_typesupport_fastrtps_cppExport-noconfig.cmake
[1.866s] -- Up-to-date: /home/amin/cobot/cobot_ws/install/mecharm_interfaces/share/mecharm_interfaces/cmake/mecharm_interfaces__rosidl_typesupport_introspection_cppExport.cmake
[1.866s] -- Up-to-date: /home/amin/cobot/cobot_ws/install/mecharm_interfaces/share/mecharm_interfaces/cmake/mecharm_interfaces__rosidl_typesupport_introspection_cppExport-noconfig.cmake
[1.866s] -- Up-to-date: /home/amin/cobot/cobot_ws/install/mecharm_interfaces/share/mecharm_interfaces/cmake/mecharm_interfaces__rosidl_typesupport_cppExport.cmake
[1.866s] -- Up-to-date: /home/amin/cobot/cobot_ws/install/mecharm_interfaces/share/mecharm_interfaces/cmake/mecharm_interfaces__rosidl_typesupport_cppExport-noconfig.cmake
[1.866s] -- Up-to-date: /home/amin/cobot/cobot_ws/install/mecharm_interfaces/share/mecharm_interfaces/cmake/export_mecharm_interfaces__rosidl_generator_pyExport.cmake
[1.866s] -- Up-to-date: /home/amin/cobot/cobot_ws/install/mecharm_interfaces/share/mecharm_interfaces/cmake/export_mecharm_interfaces__rosidl_generator_pyExport-noconfig.cmake
[1.866s] -- Up-to-date: /home/amin/cobot/cobot_ws/install/mecharm_interfaces/share/mecharm_interfaces/cmake/rosidl_cmake-extras.cmake
[1.866s] -- Up-to-date: /home/amin/cobot/cobot_ws/install/mecharm_interfaces/share/mecharm_interfaces/cmake/ament_cmake_export_dependencies-extras.cmake
[1.866s] -- Up-to-date: /home/amin/cobot/cobot_ws/install/mecharm_interfaces/share/mecharm_interfaces/cmake/ament_cmake_export_include_directories-extras.cmake
[1.866s] -- Up-to-date: /home/amin/cobot/cobot_ws/install/mecharm_interfaces/share/mecharm_interfaces/cmake/ament_cmake_export_libraries-extras.cmake
[1.866s] -- Up-to-date: /home/amin/cobot/cobot_ws/install/mecharm_interfaces/share/mecharm_interfaces/cmake/ament_cmake_export_targets-extras.cmake
[1.866s] -- Up-to-date: /home/amin/cobot/cobot_ws/install/mecharm_interfaces/share/mecharm_interfaces/cmake/rosidl_cmake_export_typesupport_targets-extras.cmake
[1.866s] -- Up-to-date: /home/amin/cobot/cobot_ws/install/mecharm_interfaces/share/mecharm_interfaces/cmake/rosidl_cmake_export_typesupport_libraries-extras.cmake
[1.867s] -- Up-to-date: /home/amin/cobot/cobot_ws/install/mecharm_interfaces/share/mecharm_interfaces/cmake/mecharm_interfacesConfig.cmake
[1.867s] -- Up-to-date: /home/amin/cobot/cobot_ws/install/mecharm_interfaces/share/mecharm_interfaces/cmake/mecharm_interfacesConfig-version.cmake
[1.867s] -- Up-to-date: /home/amin/cobot/cobot_ws/install/mecharm_interfaces/share/mecharm_interfaces/package.xml
[1.913s] Invoked command in '/home/amin/cobot/cobot_ws/build/mecharm_interfaces' returned '0': CMAKE_PREFIX_PATH=${CMAKE_PREFIX_PATH}:/home/amin/cobot/cobot_ws/install/ultraarm:/home/amin/cobot/cobot_ws/install/pro450_moveit2_control:/home/amin/cobot/cobot_ws/install/mypalletizer_communication:/home/amin/cobot/cobot_ws/install/mypalletizer_260_pi:/home/amin/cobot/cobot_ws/install/mypalletizer_260:/home/amin/cobot/cobot_ws/install/mycobot_pro_450:/home/amin/cobot/cobot_ws/install/myarm_m750:/home/amin/cobot/cobot_ws/install/myarm_c650:/home/amin/cobot/cobot_ws/install/mycobot_communication:/home/amin/cobot/cobot_ws/install/mecharm_communication:/home/amin/cobot/cobot_ws/install/mycobot_630:/home/amin/cobot/cobot_ws/install/mycobot_600:/home/amin/cobot/cobot_ws/install/mycobot_320pi:/home/amin/cobot/cobot_ws/install/mycobot_320_riscv:/home/amin/cobot/cobot_ws/install/mycobot_320:/home/amin/cobot/cobot_ws/install/mycobot_280pi:/home/amin/cobot/cobot_ws/install/mycobot_280jn:/home/amin/cobot/cobot_ws/install/mycobot_280_x3pi:/home/amin/cobot/cobot_ws/install/mycobot_280_riscv:/home/amin/cobot/cobot_ws/install/mycobot_280_rdkx5:/home/amin/cobot/cobot_ws/install/mycobot_280_moveit2_control:/home/amin/cobot/cobot_ws/install/mycobot_280_arduino:/home/amin/cobot/cobot_ws/install/mycobot_280:/home/amin/cobot/cobot_ws/install/mybuddy:/home/amin/cobot/cobot_ws/install/myarm_300:/home/amin/cobot/cobot_ws/install/mecharm_pi:/home/amin/cobot/cobot_ws/install/mecharm:/home/amin/cobot/cobot_ws/install/mycobot_description:/opt/ros/jazzy DEBUGINFOD_URLS=https://debuginfod.ubuntu.com /usr/bin/cmake --install /home/amin/cobot/cobot_ws/build/mecharm_interfaces
