[1.541s] Invoking command in '/home/amin/cobot/cobot_ws/src/mycobot_ros2/mypalletizer_260/mypalletizer_260': AMENT_PREFIX_PATH=/home/amin/cobot/cobot_ws/install/mycobot_description:${AMENT_PREFIX_PATH} DEBUGINFOD_URLS=https://debuginfod.ubuntu.com PYTHONPATH=/home/amin/cobot/cobot_ws/build/mypalletizer_260/prefix_override:/usr/lib/python3/dist-packages/colcon_core/task/python/colcon_distutils_commands:/home/amin/cobot/cobot_ws/install/mypalletizer_260/lib/python3.12/site-packages:/home/amin/cobot/cobot_ws/install/mycobot_description/lib/python3.12/site-packages:${PYTHONPATH} /usr/bin/python3 -W ignore:setup.py install is deprecated -W ignore:easy_install command is deprecated setup.py egg_info --egg-base ../../../../build/mypalletizer_260 build --build-base /home/amin/cobot/cobot_ws/build/mypalletizer_260/build install --record /home/amin/cobot/cobot_ws/build/mypalletizer_260/install.log --single-version-externally-managed install_data
[1.764s] running egg_info
[1.790s] writing ../../../../build/mypalletizer_260/mypalletizer_260.egg-info/PKG-INFO
[1.790s] writing dependency_links to ../../../../build/mypalletizer_260/mypalletizer_260.egg-info/dependency_links.txt
[1.791s] writing entry points to ../../../../build/mypalletizer_260/mypalletizer_260.egg-info/entry_points.txt
[1.791s] writing requirements to ../../../../build/mypalletizer_260/mypalletizer_260.egg-info/requires.txt
[1.791s] writing top-level names to ../../../../build/mypalletizer_260/mypalletizer_260.egg-info/top_level.txt
[1.843s] reading manifest file '../../../../build/mypalletizer_260/mypalletizer_260.egg-info/SOURCES.txt'
[1.844s] adding license file 'LICENSE'
[1.845s] writing manifest file '../../../../build/mypalletizer_260/mypalletizer_260.egg-info/SOURCES.txt'
[1.845s] running build
[1.845s] running build_py
[1.845s] running install
[1.854s] running install_lib
[1.880s] running install_data
[1.881s] running install_egg_info
[1.907s] removing '/home/amin/cobot/cobot_ws/install/mypalletizer_260/lib/python3.12/site-packages/mypalletizer_260-0.0.0-py3.12.egg-info' (and everything under it)
[1.909s] Copying ../../../../build/mypalletizer_260/mypalletizer_260.egg-info to /home/amin/cobot/cobot_ws/install/mypalletizer_260/lib/python3.12/site-packages/mypalletizer_260-0.0.0-py3.12.egg-info
[1.909s] running install_scripts
[2.072s] Installing follow_display script to /home/amin/cobot/cobot_ws/install/mypalletizer_260/lib/mypalletizer_260
[2.075s] Installing listen_real script to /home/amin/cobot/cobot_ws/install/mypalletizer_260/lib/mypalletizer_260
[2.075s] Installing listen_real_of_topic script to /home/amin/cobot/cobot_ws/install/mypalletizer_260/lib/mypalletizer_260
[2.075s] Installing listen_real_service script to /home/amin/cobot/cobot_ws/install/mypalletizer_260/lib/mypalletizer_260
[2.075s] Installing simple_gui script to /home/amin/cobot/cobot_ws/install/mypalletizer_260/lib/mypalletizer_260
[2.075s] Installing slider_control script to /home/amin/cobot/cobot_ws/install/mypalletizer_260/lib/mypalletizer_260
[2.075s] Installing slider_control_adaptive_gripper script to /home/amin/cobot/cobot_ws/install/mypalletizer_260/lib/mypalletizer_260
[2.075s] Installing teleop_keyboard script to /home/amin/cobot/cobot_ws/install/mypalletizer_260/lib/mypalletizer_260
[2.075s] writing list of installed files to '/home/amin/cobot/cobot_ws/build/mypalletizer_260/install.log'
[2.111s] Invoked command in '/home/amin/cobot/cobot_ws/src/mycobot_ros2/mypalletizer_260/mypalletizer_260' returned '0': AMENT_PREFIX_PATH=/home/amin/cobot/cobot_ws/install/mycobot_description:${AMENT_PREFIX_PATH} DEBUGINFOD_URLS=https://debuginfod.ubuntu.com PYTHONPATH=/home/amin/cobot/cobot_ws/build/mypalletizer_260/prefix_override:/usr/lib/python3/dist-packages/colcon_core/task/python/colcon_distutils_commands:/home/amin/cobot/cobot_ws/install/mypalletizer_260/lib/python3.12/site-packages:/home/amin/cobot/cobot_ws/install/mycobot_description/lib/python3.12/site-packages:${PYTHONPATH} /usr/bin/python3 -W ignore:setup.py install is deprecated -W ignore:easy_install command is deprecated setup.py egg_info --egg-base ../../../../build/mypalletizer_260 build --build-base /home/amin/cobot/cobot_ws/build/mypalletizer_260/build install --record /home/amin/cobot/cobot_ws/build/mypalletizer_260/install.log --single-version-externally-managed install_data
