[0.204s] Invoking command in '/home/amin/cobot/cobot_ws/build/mycobot_pro450_interfaces': CMAKE_PREFIX_PATH=${CMAKE_PREFIX_PATH}:/home/amin/cobot/cobot_ws/install/ultraarm:/home/amin/cobot/cobot_ws/install/pro450_moveit2_control:/home/amin/cobot/cobot_ws/install/mypalletizer_communication:/home/amin/cobot/cobot_ws/install/mypalletizer_260_pi:/home/amin/cobot/cobot_ws/install/mypalletizer_260:/home/amin/cobot/cobot_ws/install/mycobot_pro_450:/home/amin/cobot/cobot_ws/install/myarm_m750:/home/amin/cobot/cobot_ws/install/myarm_c650:/home/amin/cobot/cobot_ws/install/mycobot_communication:/home/amin/cobot/cobot_ws/install/mecharm_communication:/home/amin/cobot/cobot_ws/install/mycobot_630:/home/amin/cobot/cobot_ws/install/mycobot_600:/home/amin/cobot/cobot_ws/install/mycobot_320pi:/home/amin/cobot/cobot_ws/install/mycobot_320_riscv:/home/amin/cobot/cobot_ws/install/mycobot_320:/home/amin/cobot/cobot_ws/install/mycobot_280pi:/home/amin/cobot/cobot_ws/install/mycobot_280jn:/home/amin/cobot/cobot_ws/install/mycobot_280_x3pi:/home/amin/cobot/cobot_ws/install/mycobot_280_riscv:/home/amin/cobot/cobot_ws/install/mycobot_280_rdkx5:/home/amin/cobot/cobot_ws/install/mycobot_280_moveit2_control:/home/amin/cobot/cobot_ws/install/mycobot_280_arduino:/home/amin/cobot/cobot_ws/install/mycobot_280:/home/amin/cobot/cobot_ws/install/mybuddy:/home/amin/cobot/cobot_ws/install/myarm_300:/home/amin/cobot/cobot_ws/install/mecharm_pi:/home/amin/cobot/cobot_ws/install/mecharm:/home/amin/cobot/cobot_ws/install/mycobot_description:/opt/ros/jazzy DEBUGINFOD_URLS=https://debuginfod.ubuntu.com /usr/bin/cmake --build /home/amin/cobot/cobot_ws/build/mycobot_pro450_interfaces -- -j8 -l8
[0.281s] [  1%] Built target mycobot_pro450_interfaces__rosidl_generator_type_description
[0.325s] [  1%] Built target mycobot_pro450_interfaces__cpp
[0.330s] [  1%] Built target ament_cmake_python_copy_mycobot_pro450_interfaces
[0.437s] [ 27%] Built target mycobot_pro450_interfaces__rosidl_generator_c
[0.493s] [ 37%] Built target mycobot_pro450_interfaces__rosidl_typesupport_c
[0.506s] [ 46%] Built target mycobot_pro450_interfaces__rosidl_typesupport_introspection_c
[0.507s] [ 56%] Built target mycobot_pro450_interfaces__rosidl_typesupport_introspection_cpp
[0.511s] [ 65%] Built target mycobot_pro450_interfaces__rosidl_typesupport_cpp
[0.517s] [ 75%] Built target mycobot_pro450_interfaces__rosidl_typesupport_fastrtps_cpp
[0.519s] [ 85%] Built target mycobot_pro450_interfaces__rosidl_typesupport_fastrtps_c
[0.578s] [ 85%] Built target mycobot_pro450_interfaces
[0.653s] [ 86%] Built target mycobot_pro450_interfaces__py
[0.729s] [ 95%] Built target mycobot_pro450_interfaces__rosidl_generator_py
[0.758s] [ 97%] Built target mycobot_pro450_interfaces_s__rosidl_typesupport_introspection_c
[0.759s] [ 99%] Built target mycobot_pro450_interfaces_s__rosidl_typesupport_c
[0.760s] [100%] Built target mycobot_pro450_interfaces_s__rosidl_typesupport_fastrtps_c
[0.869s] running egg_info
[0.888s] writing mycobot_pro450_interfaces.egg-info/PKG-INFO
[0.889s] writing dependency_links to mycobot_pro450_interfaces.egg-info/dependency_links.txt
[0.889s] writing top-level names to mycobot_pro450_interfaces.egg-info/top_level.txt
[0.978s] reading manifest file 'mycobot_pro450_interfaces.egg-info/SOURCES.txt'
[0.981s] writing manifest file 'mycobot_pro450_interfaces.egg-info/SOURCES.txt'
[1.073s] [100%] Built target ament_cmake_python_build_mycobot_pro450_interfaces_egg
[1.074s] Invoked command in '/home/amin/cobot/cobot_ws/build/mycobot_pro450_interfaces' returned '0': CMAKE_PREFIX_PATH=${CMAKE_PREFIX_PATH}:/home/amin/cobot/cobot_ws/install/ultraarm:/home/amin/cobot/cobot_ws/install/pro450_moveit2_control:/home/amin/cobot/cobot_ws/install/mypalletizer_communication:/home/amin/cobot/cobot_ws/install/mypalletizer_260_pi:/home/amin/cobot/cobot_ws/install/mypalletizer_260:/home/amin/cobot/cobot_ws/install/mycobot_pro_450:/home/amin/cobot/cobot_ws/install/myarm_m750:/home/amin/cobot/cobot_ws/install/myarm_c650:/home/amin/cobot/cobot_ws/install/mycobot_communication:/home/amin/cobot/cobot_ws/install/mecharm_communication:/home/amin/cobot/cobot_ws/install/mycobot_630:/home/amin/cobot/cobot_ws/install/mycobot_600:/home/amin/cobot/cobot_ws/install/mycobot_320pi:/home/amin/cobot/cobot_ws/install/mycobot_320_riscv:/home/amin/cobot/cobot_ws/install/mycobot_320:/home/amin/cobot/cobot_ws/install/mycobot_280pi:/home/amin/cobot/cobot_ws/install/mycobot_280jn:/home/amin/cobot/cobot_ws/install/mycobot_280_x3pi:/home/amin/cobot/cobot_ws/install/mycobot_280_riscv:/home/amin/cobot/cobot_ws/install/mycobot_280_rdkx5:/home/amin/cobot/cobot_ws/install/mycobot_280_moveit2_control:/home/amin/cobot/cobot_ws/install/mycobot_280_arduino:/home/amin/cobot/cobot_ws/install/mycobot_280:/home/amin/cobot/cobot_ws/install/mybuddy:/home/amin/cobot/cobot_ws/install/myarm_300:/home/amin/cobot/cobot_ws/install/mecharm_pi:/home/amin/cobot/cobot_ws/install/mecharm:/home/amin/cobot/cobot_ws/install/mycobot_description:/opt/ros/jazzy DEBUGINFOD_URLS=https://debuginfod.ubuntu.com /usr/bin/cmake --build /home/amin/cobot/cobot_ws/build/mycobot_pro450_interfaces -- -j8 -l8
[1.075s] Invoking command in '/home/amin/cobot/cobot_ws/build/mycobot_pro450_interfaces': CMAKE_PREFIX_PATH=${CMAKE_PREFIX_PATH}:/home/amin/cobot/cobot_ws/install/ultraarm:/home/amin/cobot/cobot_ws/install/pro450_moveit2_control:/home/amin/cobot/cobot_ws/install/mypalletizer_communication:/home/amin/cobot/cobot_ws/install/mypalletizer_260_pi:/home/amin/cobot/cobot_ws/install/mypalletizer_260:/home/amin/cobot/cobot_ws/install/mycobot_pro_450:/home/amin/cobot/cobot_ws/install/myarm_m750:/home/amin/cobot/cobot_ws/install/myarm_c650:/home/amin/cobot/cobot_ws/install/mycobot_communication:/home/amin/cobot/cobot_ws/install/mecharm_communication:/home/amin/cobot/cobot_ws/install/mycobot_630:/home/amin/cobot/cobot_ws/install/mycobot_600:/home/amin/cobot/cobot_ws/install/mycobot_320pi:/home/amin/cobot/cobot_ws/install/mycobot_320_riscv:/home/amin/cobot/cobot_ws/install/mycobot_320:/home/amin/cobot/cobot_ws/install/mycobot_280pi:/home/amin/cobot/cobot_ws/install/mycobot_280jn:/home/amin/cobot/cobot_ws/install/mycobot_280_x3pi:/home/amin/cobot/cobot_ws/install/mycobot_280_riscv:/home/amin/cobot/cobot_ws/install/mycobot_280_rdkx5:/home/amin/cobot/cobot_ws/install/mycobot_280_moveit2_control:/home/amin/cobot/cobot_ws/install/mycobot_280_arduino:/home/amin/cobot/cobot_ws/install/mycobot_280:/home/amin/cobot/cobot_ws/install/mybuddy:/home/amin/cobot/cobot_ws/install/myarm_300:/home/amin/cobot/cobot_ws/install/mecharm_pi:/home/amin/cobot/cobot_ws/install/mecharm:/home/amin/cobot/cobot_ws/install/mycobot_description:/opt/ros/jazzy DEBUGINFOD_URLS=https://debuginfod.ubuntu.com /usr/bin/cmake --install /home/amin/cobot/cobot_ws/build/mycobot_pro450_interfaces
[1.087s] -- Install configuration: ""
[1.087s] -- Up-to-date: /home/amin/cobot/cobot_ws/install/mycobot_pro450_interfaces/share/ament_index/resource_index/rosidl_interfaces/mycobot_pro450_interfaces
[1.087s] -- Up-to-date: /home/amin/cobot/cobot_ws/install/mycobot_pro450_interfaces/share/mycobot_pro450_interfaces/msg/MycobotAngles.json
[1.087s] -- Up-to-date: /home/amin/cobot/cobot_ws/install/mycobot_pro450_interfaces/share/mycobot_pro450_interfaces/msg/MycobotCoords.json
[1.087s] -- Up-to-date: /home/amin/cobot/cobot_ws/install/mycobot_pro450_interfaces/share/mycobot_pro450_interfaces/msg/MycobotSetAngles.json
[1.087s] -- Up-to-date: /home/amin/cobot/cobot_ws/install/mycobot_pro450_interfaces/share/mycobot_pro450_interfaces/msg/MycobotSetCoords.json
[1.087s] -- Up-to-date: /home/amin/cobot/cobot_ws/install/mycobot_pro450_interfaces/share/mycobot_pro450_interfaces/msg/MycobotGripperStatus.json
[1.087s] -- Up-to-date: /home/amin/cobot/cobot_ws/install/mycobot_pro450_interfaces/share/mycobot_pro450_interfaces/srv/GetAngles.json
[1.087s] -- Up-to-date: /home/amin/cobot/cobot_ws/install/mycobot_pro450_interfaces/share/mycobot_pro450_interfaces/srv/SetAngles.json
[1.088s] -- Up-to-date: /home/amin/cobot/cobot_ws/install/mycobot_pro450_interfaces/share/mycobot_pro450_interfaces/srv/GetCoords.json
[1.088s] -- Up-to-date: /home/amin/cobot/cobot_ws/install/mycobot_pro450_interfaces/share/mycobot_pro450_interfaces/srv/SetCoords.json
[1.088s] -- Up-to-date: /home/amin/cobot/cobot_ws/install/mycobot_pro450_interfaces/share/mycobot_pro450_interfaces/srv/GripperStatus.json
[1.088s] -- Up-to-date: /home/amin/cobot/cobot_ws/install/mycobot_pro450_interfaces/share/mycobot_pro450_interfaces/srv/GetGripperValue.json
[1.088s] -- Up-to-date: /home/amin/cobot/cobot_ws/install/mycobot_pro450_interfaces/include/mycobot_pro450_interfaces/mycobot_pro450_interfaces
[1.088s] -- Up-to-date: /home/amin/cobot/cobot_ws/install/mycobot_pro450_interfaces/include/mycobot_pro450_interfaces/mycobot_pro450_interfaces/srv
[1.088s] -- Up-to-date: /home/amin/cobot/cobot_ws/install/mycobot_pro450_interfaces/include/mycobot_pro450_interfaces/mycobot_pro450_interfaces/srv/gripper_status.h
[1.088s] -- Up-to-date: /home/amin/cobot/cobot_ws/install/mycobot_pro450_interfaces/include/mycobot_pro450_interfaces/mycobot_pro450_interfaces/srv/get_gripper_value.h
[1.088s] -- Up-to-date: /home/amin/cobot/cobot_ws/install/mycobot_pro450_interfaces/include/mycobot_pro450_interfaces/mycobot_pro450_interfaces/srv/detail
[1.088s] -- Up-to-date: /home/amin/cobot/cobot_ws/install/mycobot_pro450_interfaces/include/mycobot_pro450_interfaces/mycobot_pro450_interfaces/srv/detail/set_coords__type_support.h
[1.088s] -- Up-to-date: /home/amin/cobot/cobot_ws/install/mycobot_pro450_interfaces/include/mycobot_pro450_interfaces/mycobot_pro450_interfaces/srv/detail/gripper_status__description.c
[1.089s] -- Up-to-date: /home/amin/cobot/cobot_ws/install/mycobot_pro450_interfaces/include/mycobot_pro450_interfaces/mycobot_pro450_interfaces/srv/detail/gripper_status__functions.h
[1.089s] -- Up-to-date: /home/amin/cobot/cobot_ws/install/mycobot_pro450_interfaces/include/mycobot_pro450_interfaces/mycobot_pro450_interfaces/srv/detail/set_angles__struct.h
[1.089s] -- Up-to-date: /home/amin/cobot/cobot_ws/install/mycobot_pro450_interfaces/include/mycobot_pro450_interfaces/mycobot_pro450_interfaces/srv/detail/set_coords__functions.h
[1.089s] -- Up-to-date: /home/amin/cobot/cobot_ws/install/mycobot_pro450_interfaces/include/mycobot_pro450_interfaces/mycobot_pro450_interfaces/srv/detail/get_gripper_value__functions.h
[1.089s] -- Installing: /home/amin/cobot/cobot_ws/install/mycobot_pro450_interfaces/include/mycobot_pro450_interfaces/mycobot_pro450_interfaces/srv/detail/get_coords__type_support.c
[1.089s] -- Up-to-date: /home/amin/cobot/cobot_ws/install/mycobot_pro450_interfaces/include/mycobot_pro450_interfaces/mycobot_pro450_interfaces/srv/detail/set_angles__description.c
[1.089s] -- Up-to-date: /home/amin/cobot/cobot_ws/install/mycobot_pro450_interfaces/include/mycobot_pro450_interfaces/mycobot_pro450_interfaces/srv/detail/gripper_status__struct.h
[1.089s] -- Up-to-date: /home/amin/cobot/cobot_ws/install/mycobot_pro450_interfaces/include/mycobot_pro450_interfaces/mycobot_pro450_interfaces/srv/detail/get_angles__type_support.h
[1.089s] -- Up-to-date: /home/amin/cobot/cobot_ws/install/mycobot_pro450_interfaces/include/mycobot_pro450_interfaces/mycobot_pro450_interfaces/srv/detail/set_coords__functions.c
[1.089s] -- Installing: /home/amin/cobot/cobot_ws/install/mycobot_pro450_interfaces/include/mycobot_pro450_interfaces/mycobot_pro450_interfaces/srv/detail/set_coords__type_support.c
[1.089s] -- Installing: /home/amin/cobot/cobot_ws/install/mycobot_pro450_interfaces/include/mycobot_pro450_interfaces/mycobot_pro450_interfaces/srv/detail/get_gripper_value__type_support.c
[1.089s] -- Installing: /home/amin/cobot/cobot_ws/install/mycobot_pro450_interfaces/include/mycobot_pro450_interfaces/mycobot_pro450_interfaces/srv/detail/set_angles__type_support.c
[1.090s] -- Up-to-date: /home/amin/cobot/cobot_ws/install/mycobot_pro450_interfaces/include/mycobot_pro450_interfaces/mycobot_pro450_interfaces/srv/detail/gripper_status__type_support.h
[1.090s] -- Up-to-date: /home/amin/cobot/cobot_ws/install/mycobot_pro450_interfaces/include/mycobot_pro450_interfaces/mycobot_pro450_interfaces/srv/detail/get_gripper_value__description.c
[1.090s] -- Up-to-date: /home/amin/cobot/cobot_ws/install/mycobot_pro450_interfaces/include/mycobot_pro450_interfaces/mycobot_pro450_interfaces/srv/detail/get_angles__struct.h
[1.090s] -- Up-to-date: /home/amin/cobot/cobot_ws/install/mycobot_pro450_interfaces/include/mycobot_pro450_interfaces/mycobot_pro450_interfaces/srv/detail/get_coords__description.c
[1.090s] -- Up-to-date: /home/amin/cobot/cobot_ws/install/mycobot_pro450_interfaces/include/mycobot_pro450_interfaces/mycobot_pro450_interfaces/srv/detail/set_coords__description.c
[1.090s] -- Up-to-date: /home/amin/cobot/cobot_ws/install/mycobot_pro450_interfaces/include/mycobot_pro450_interfaces/mycobot_pro450_interfaces/srv/detail/get_coords__functions.h
[1.090s] -- Installing: /home/amin/cobot/cobot_ws/install/mycobot_pro450_interfaces/include/mycobot_pro450_interfaces/mycobot_pro450_interfaces/srv/detail/get_angles__type_support.c
[1.090s] -- Up-to-date: /home/amin/cobot/cobot_ws/install/mycobot_pro450_interfaces/include/mycobot_pro450_interfaces/mycobot_pro450_interfaces/srv/detail/get_angles__functions.h
[1.090s] -- Installing: /home/amin/cobot/cobot_ws/install/mycobot_pro450_interfaces/include/mycobot_pro450_interfaces/mycobot_pro450_interfaces/srv/detail/gripper_status__type_support.c
[1.090s] -- Up-to-date: /home/amin/cobot/cobot_ws/install/mycobot_pro450_interfaces/include/mycobot_pro450_interfaces/mycobot_pro450_interfaces/srv/detail/get_angles__functions.c
[1.090s] -- Up-to-date: /home/amin/cobot/cobot_ws/install/mycobot_pro450_interfaces/include/mycobot_pro450_interfaces/mycobot_pro450_interfaces/srv/detail/get_gripper_value__type_support.h
[1.090s] -- Up-to-date: /home/amin/cobot/cobot_ws/install/mycobot_pro450_interfaces/include/mycobot_pro450_interfaces/mycobot_pro450_interfaces/srv/detail/get_coords__type_support.h
[1.090s] -- Up-to-date: /home/amin/cobot/cobot_ws/install/mycobot_pro450_interfaces/include/mycobot_pro450_interfaces/mycobot_pro450_interfaces/srv/detail/set_angles__type_support.h
[1.091s] -- Up-to-date: /home/amin/cobot/cobot_ws/install/mycobot_pro450_interfaces/include/mycobot_pro450_interfaces/mycobot_pro450_interfaces/srv/detail/get_coords__functions.c
[1.091s] -- Up-to-date: /home/amin/cobot/cobot_ws/install/mycobot_pro450_interfaces/include/mycobot_pro450_interfaces/mycobot_pro450_interfaces/srv/detail/gripper_status__functions.c
[1.091s] -- Up-to-date: /home/amin/cobot/cobot_ws/install/mycobot_pro450_interfaces/include/mycobot_pro450_interfaces/mycobot_pro450_interfaces/srv/detail/get_angles__description.c
[1.091s] -- Up-to-date: /home/amin/cobot/cobot_ws/install/mycobot_pro450_interfaces/include/mycobot_pro450_interfaces/mycobot_pro450_interfaces/srv/detail/get_gripper_value__functions.c
[1.091s] -- Up-to-date: /home/amin/cobot/cobot_ws/install/mycobot_pro450_interfaces/include/mycobot_pro450_interfaces/mycobot_pro450_interfaces/srv/detail/set_angles__functions.c
[1.091s] -- Up-to-date: /home/amin/cobot/cobot_ws/install/mycobot_pro450_interfaces/include/mycobot_pro450_interfaces/mycobot_pro450_interfaces/srv/detail/set_coords__struct.h
[1.091s] -- Up-to-date: /home/amin/cobot/cobot_ws/install/mycobot_pro450_interfaces/include/mycobot_pro450_interfaces/mycobot_pro450_interfaces/srv/detail/get_coords__struct.h
[1.091s] -- Up-to-date: /home/amin/cobot/cobot_ws/install/mycobot_pro450_interfaces/include/mycobot_pro450_interfaces/mycobot_pro450_interfaces/srv/detail/set_angles__functions.h
[1.091s] -- Up-to-date: /home/amin/cobot/cobot_ws/install/mycobot_pro450_interfaces/include/mycobot_pro450_interfaces/mycobot_pro450_interfaces/srv/detail/get_gripper_value__struct.h
[1.091s] -- Up-to-date: /home/amin/cobot/cobot_ws/install/mycobot_pro450_interfaces/include/mycobot_pro450_interfaces/mycobot_pro450_interfaces/srv/get_coords.h
[1.091s] -- Up-to-date: /home/amin/cobot/cobot_ws/install/mycobot_pro450_interfaces/include/mycobot_pro450_interfaces/mycobot_pro450_interfaces/srv/get_angles.h
[1.091s] -- Up-to-date: /home/amin/cobot/cobot_ws/install/mycobot_pro450_interfaces/include/mycobot_pro450_interfaces/mycobot_pro450_interfaces/srv/set_angles.h
[1.091s] -- Up-to-date: /home/amin/cobot/cobot_ws/install/mycobot_pro450_interfaces/include/mycobot_pro450_interfaces/mycobot_pro450_interfaces/srv/set_coords.h
[1.091s] -- Up-to-date: /home/amin/cobot/cobot_ws/install/mycobot_pro450_interfaces/include/mycobot_pro450_interfaces/mycobot_pro450_interfaces/msg
[1.092s] -- Up-to-date: /home/amin/cobot/cobot_ws/install/mycobot_pro450_interfaces/include/mycobot_pro450_interfaces/mycobot_pro450_interfaces/msg/detail
[1.092s] -- Up-to-date: /home/amin/cobot/cobot_ws/install/mycobot_pro450_interfaces/include/mycobot_pro450_interfaces/mycobot_pro450_interfaces/msg/detail/mycobot_gripper_status__description.c
[1.092s] -- Up-to-date: /home/amin/cobot/cobot_ws/install/mycobot_pro450_interfaces/include/mycobot_pro450_interfaces/mycobot_pro450_interfaces/msg/detail/mycobot_gripper_status__type_support.h
[1.092s] -- Up-to-date: /home/amin/cobot/cobot_ws/install/mycobot_pro450_interfaces/include/mycobot_pro450_interfaces/mycobot_pro450_interfaces/msg/detail/mycobot_set_angles__functions.c
[1.092s] -- Up-to-date: /home/amin/cobot/cobot_ws/install/mycobot_pro450_interfaces/include/mycobot_pro450_interfaces/mycobot_pro450_interfaces/msg/detail/mycobot_coords__type_support.h
[1.092s] -- Up-to-date: /home/amin/cobot/cobot_ws/install/mycobot_pro450_interfaces/include/mycobot_pro450_interfaces/mycobot_pro450_interfaces/msg/detail/mycobot_coords__struct.h
[1.093s] -- Up-to-date: /home/amin/cobot/cobot_ws/install/mycobot_pro450_interfaces/include/mycobot_pro450_interfaces/mycobot_pro450_interfaces/msg/detail/mycobot_set_angles__description.c
[1.093s] -- Up-to-date: /home/amin/cobot/cobot_ws/install/mycobot_pro450_interfaces/include/mycobot_pro450_interfaces/mycobot_pro450_interfaces/msg/detail/mycobot_set_coords__type_support.h
[1.093s] -- Up-to-date: /home/amin/cobot/cobot_ws/install/mycobot_pro450_interfaces/include/mycobot_pro450_interfaces/mycobot_pro450_interfaces/msg/detail/mycobot_set_coords__functions.h
[1.093s] -- Installing: /home/amin/cobot/cobot_ws/install/mycobot_pro450_interfaces/include/mycobot_pro450_interfaces/mycobot_pro450_interfaces/msg/detail/mycobot_set_angles__type_support.c
[1.093s] -- Up-to-date: /home/amin/cobot/cobot_ws/install/mycobot_pro450_interfaces/include/mycobot_pro450_interfaces/mycobot_pro450_interfaces/msg/detail/mycobot_angles__struct.h
[1.093s] -- Installing: /home/amin/cobot/cobot_ws/install/mycobot_pro450_interfaces/include/mycobot_pro450_interfaces/mycobot_pro450_interfaces/msg/detail/mycobot_angles__type_support.c
[1.093s] -- Up-to-date: /home/amin/cobot/cobot_ws/install/mycobot_pro450_interfaces/include/mycobot_pro450_interfaces/mycobot_pro450_interfaces/msg/detail/mycobot_gripper_status__functions.c
[1.093s] -- Up-to-date: /home/amin/cobot/cobot_ws/install/mycobot_pro450_interfaces/include/mycobot_pro450_interfaces/mycobot_pro450_interfaces/msg/detail/mycobot_gripper_status__functions.h
[1.093s] -- Up-to-date: /home/amin/cobot/cobot_ws/install/mycobot_pro450_interfaces/include/mycobot_pro450_interfaces/mycobot_pro450_interfaces/msg/detail/mycobot_set_angles__functions.h
[1.093s] -- Installing: /home/amin/cobot/cobot_ws/install/mycobot_pro450_interfaces/include/mycobot_pro450_interfaces/mycobot_pro450_interfaces/msg/detail/mycobot_gripper_status__type_support.c
[1.093s] -- Up-to-date: /home/amin/cobot/cobot_ws/install/mycobot_pro450_interfaces/include/mycobot_pro450_interfaces/mycobot_pro450_interfaces/msg/detail/mycobot_coords__functions.h
[1.093s] -- Installing: /home/amin/cobot/cobot_ws/install/mycobot_pro450_interfaces/include/mycobot_pro450_interfaces/mycobot_pro450_interfaces/msg/detail/mycobot_coords__type_support.c
[1.093s] -- Up-to-date: /home/amin/cobot/cobot_ws/install/mycobot_pro450_interfaces/include/mycobot_pro450_interfaces/mycobot_pro450_interfaces/msg/detail/mycobot_coords__description.c
[1.093s] -- Installing: /home/amin/cobot/cobot_ws/install/mycobot_pro450_interfaces/include/mycobot_pro450_interfaces/mycobot_pro450_interfaces/msg/detail/mycobot_set_coords__type_support.c
[1.093s] -- Up-to-date: /home/amin/cobot/cobot_ws/install/mycobot_pro450_interfaces/include/mycobot_pro450_interfaces/mycobot_pro450_interfaces/msg/detail/mycobot_set_coords__struct.h
[1.094s] -- Up-to-date: /home/amin/cobot/cobot_ws/install/mycobot_pro450_interfaces/include/mycobot_pro450_interfaces/mycobot_pro450_interfaces/msg/detail/mycobot_angles__functions.h
[1.094s] -- Up-to-date: /home/amin/cobot/cobot_ws/install/mycobot_pro450_interfaces/include/mycobot_pro450_interfaces/mycobot_pro450_interfaces/msg/detail/mycobot_gripper_status__struct.h
[1.094s] -- Up-to-date: /home/amin/cobot/cobot_ws/install/mycobot_pro450_interfaces/include/mycobot_pro450_interfaces/mycobot_pro450_interfaces/msg/detail/mycobot_set_coords__description.c
[1.094s] -- Up-to-date: /home/amin/cobot/cobot_ws/install/mycobot_pro450_interfaces/include/mycobot_pro450_interfaces/mycobot_pro450_interfaces/msg/detail/mycobot_set_coords__functions.c
[1.094s] -- Up-to-date: /home/amin/cobot/cobot_ws/install/mycobot_pro450_interfaces/include/mycobot_pro450_interfaces/mycobot_pro450_interfaces/msg/detail/mycobot_coords__functions.c
[1.094s] -- Up-to-date: /home/amin/cobot/cobot_ws/install/mycobot_pro450_interfaces/include/mycobot_pro450_interfaces/mycobot_pro450_interfaces/msg/detail/mycobot_angles__functions.c
[1.094s] -- Up-to-date: /home/amin/cobot/cobot_ws/install/mycobot_pro450_interfaces/include/mycobot_pro450_interfaces/mycobot_pro450_interfaces/msg/detail/mycobot_set_angles__struct.h
[1.094s] -- Up-to-date: /home/amin/cobot/cobot_ws/install/mycobot_pro450_interfaces/include/mycobot_pro450_interfaces/mycobot_pro450_interfaces/msg/detail/mycobot_angles__type_support.h
[1.094s] -- Up-to-date: /home/amin/cobot/cobot_ws/install/mycobot_pro450_interfaces/include/mycobot_pro450_interfaces/mycobot_pro450_interfaces/msg/detail/mycobot_set_angles__type_support.h
[1.094s] -- Up-to-date: /home/amin/cobot/cobot_ws/install/mycobot_pro450_interfaces/include/mycobot_pro450_interfaces/mycobot_pro450_interfaces/msg/detail/mycobot_angles__description.c
[1.094s] -- Up-to-date: /home/amin/cobot/cobot_ws/install/mycobot_pro450_interfaces/include/mycobot_pro450_interfaces/mycobot_pro450_interfaces/msg/rosidl_generator_c__visibility_control.h
[1.094s] -- Up-to-date: /home/amin/cobot/cobot_ws/install/mycobot_pro450_interfaces/include/mycobot_pro450_interfaces/mycobot_pro450_interfaces/msg/mycobot_set_angles.h
[1.094s] -- Up-to-date: /home/amin/cobot/cobot_ws/install/mycobot_pro450_interfaces/include/mycobot_pro450_interfaces/mycobot_pro450_interfaces/msg/mycobot_coords.h
[1.094s] -- Up-to-date: /home/amin/cobot/cobot_ws/install/mycobot_pro450_interfaces/include/mycobot_pro450_interfaces/mycobot_pro450_interfaces/msg/mycobot_angles.h
[1.094s] -- Up-to-date: /home/amin/cobot/cobot_ws/install/mycobot_pro450_interfaces/include/mycobot_pro450_interfaces/mycobot_pro450_interfaces/msg/mycobot_gripper_status.h
[1.094s] -- Up-to-date: /home/amin/cobot/cobot_ws/install/mycobot_pro450_interfaces/include/mycobot_pro450_interfaces/mycobot_pro450_interfaces/msg/mycobot_set_coords.h
[1.095s] -- Up-to-date: /home/amin/cobot/cobot_ws/install/mycobot_pro450_interfaces/share/mycobot_pro450_interfaces/environment/library_path.sh
[1.095s] -- Up-to-date: /home/amin/cobot/cobot_ws/install/mycobot_pro450_interfaces/share/mycobot_pro450_interfaces/environment/library_path.dsv
[1.095s] -- Up-to-date: /home/amin/cobot/cobot_ws/install/mycobot_pro450_interfaces/lib/libmycobot_pro450_interfaces__rosidl_generator_c.so
[1.095s] -- Up-to-date: /home/amin/cobot/cobot_ws/install/mycobot_pro450_interfaces/include/mycobot_pro450_interfaces/mycobot_pro450_interfaces
[1.095s] -- Up-to-date: /home/amin/cobot/cobot_ws/install/mycobot_pro450_interfaces/include/mycobot_pro450_interfaces/mycobot_pro450_interfaces/srv
[1.095s] -- Up-to-date: /home/amin/cobot/cobot_ws/install/mycobot_pro450_interfaces/include/mycobot_pro450_interfaces/mycobot_pro450_interfaces/srv/detail
[1.095s] -- Up-to-date: /home/amin/cobot/cobot_ws/install/mycobot_pro450_interfaces/include/mycobot_pro450_interfaces/mycobot_pro450_interfaces/srv/detail/get_gripper_value__rosidl_typesupport_fastrtps_c.h
[1.095s] -- Up-to-date: /home/amin/cobot/cobot_ws/install/mycobot_pro450_interfaces/include/mycobot_pro450_interfaces/mycobot_pro450_interfaces/srv/detail/get_coords__rosidl_typesupport_fastrtps_c.h
[1.095s] -- Up-to-date: /home/amin/cobot/cobot_ws/install/mycobot_pro450_interfaces/include/mycobot_pro450_interfaces/mycobot_pro450_interfaces/srv/detail/get_angles__rosidl_typesupport_fastrtps_c.h
[1.095s] -- Up-to-date: /home/amin/cobot/cobot_ws/install/mycobot_pro450_interfaces/include/mycobot_pro450_interfaces/mycobot_pro450_interfaces/srv/detail/set_angles__rosidl_typesupport_fastrtps_c.h
[1.095s] -- Up-to-date: /home/amin/cobot/cobot_ws/install/mycobot_pro450_interfaces/include/mycobot_pro450_interfaces/mycobot_pro450_interfaces/srv/detail/gripper_status__rosidl_typesupport_fastrtps_c.h
[1.095s] -- Up-to-date: /home/amin/cobot/cobot_ws/install/mycobot_pro450_interfaces/include/mycobot_pro450_interfaces/mycobot_pro450_interfaces/srv/detail/set_coords__rosidl_typesupport_fastrtps_c.h
[1.095s] -- Up-to-date: /home/amin/cobot/cobot_ws/install/mycobot_pro450_interfaces/include/mycobot_pro450_interfaces/mycobot_pro450_interfaces/msg
[1.095s] -- Up-to-date: /home/amin/cobot/cobot_ws/install/mycobot_pro450_interfaces/include/mycobot_pro450_interfaces/mycobot_pro450_interfaces/msg/detail
[1.095s] -- Up-to-date: /home/amin/cobot/cobot_ws/install/mycobot_pro450_interfaces/include/mycobot_pro450_interfaces/mycobot_pro450_interfaces/msg/detail/mycobot_angles__rosidl_typesupport_fastrtps_c.h
[1.095s] -- Up-to-date: /home/amin/cobot/cobot_ws/install/mycobot_pro450_interfaces/include/mycobot_pro450_interfaces/mycobot_pro450_interfaces/msg/detail/mycobot_set_angles__rosidl_typesupport_fastrtps_c.h
[1.096s] -- Up-to-date: /home/amin/cobot/cobot_ws/install/mycobot_pro450_interfaces/include/mycobot_pro450_interfaces/mycobot_pro450_interfaces/msg/detail/mycobot_coords__rosidl_typesupport_fastrtps_c.h
[1.096s] -- Up-to-date: /home/amin/cobot/cobot_ws/install/mycobot_pro450_interfaces/include/mycobot_pro450_interfaces/mycobot_pro450_interfaces/msg/detail/mycobot_set_coords__rosidl_typesupport_fastrtps_c.h
[1.096s] -- Up-to-date: /home/amin/cobot/cobot_ws/install/mycobot_pro450_interfaces/include/mycobot_pro450_interfaces/mycobot_pro450_interfaces/msg/detail/mycobot_gripper_status__rosidl_typesupport_fastrtps_c.h
[1.096s] -- Up-to-date: /home/amin/cobot/cobot_ws/install/mycobot_pro450_interfaces/include/mycobot_pro450_interfaces/mycobot_pro450_interfaces/msg/rosidl_typesupport_fastrtps_c__visibility_control.h
[1.096s] -- Up-to-date: /home/amin/cobot/cobot_ws/install/mycobot_pro450_interfaces/lib/libmycobot_pro450_interfaces__rosidl_typesupport_fastrtps_c.so
[1.096s] -- Up-to-date: /home/amin/cobot/cobot_ws/install/mycobot_pro450_interfaces/include/mycobot_pro450_interfaces/mycobot_pro450_interfaces
[1.096s] -- Up-to-date: /home/amin/cobot/cobot_ws/install/mycobot_pro450_interfaces/include/mycobot_pro450_interfaces/mycobot_pro450_interfaces/srv
[1.096s] -- Up-to-date: /home/amin/cobot/cobot_ws/install/mycobot_pro450_interfaces/include/mycobot_pro450_interfaces/mycobot_pro450_interfaces/srv/detail
[1.096s] -- Up-to-date: /home/amin/cobot/cobot_ws/install/mycobot_pro450_interfaces/include/mycobot_pro450_interfaces/mycobot_pro450_interfaces/srv/detail/get_gripper_value__rosidl_typesupport_introspection_c.h
[1.096s] -- Installing: /home/amin/cobot/cobot_ws/install/mycobot_pro450_interfaces/include/mycobot_pro450_interfaces/mycobot_pro450_interfaces/srv/detail/get_coords__type_support.c
[1.096s] -- Up-to-date: /home/amin/cobot/cobot_ws/install/mycobot_pro450_interfaces/include/mycobot_pro450_interfaces/mycobot_pro450_interfaces/srv/detail/set_angles__rosidl_typesupport_introspection_c.h
[1.096s] -- Installing: /home/amin/cobot/cobot_ws/install/mycobot_pro450_interfaces/include/mycobot_pro450_interfaces/mycobot_pro450_interfaces/srv/detail/set_coords__type_support.c
[1.096s] -- Installing: /home/amin/cobot/cobot_ws/install/mycobot_pro450_interfaces/include/mycobot_pro450_interfaces/mycobot_pro450_interfaces/srv/detail/get_gripper_value__type_support.c
[1.096s] -- Installing: /home/amin/cobot/cobot_ws/install/mycobot_pro450_interfaces/include/mycobot_pro450_interfaces/mycobot_pro450_interfaces/srv/detail/set_angles__type_support.c
[1.096s] -- Installing: /home/amin/cobot/cobot_ws/install/mycobot_pro450_interfaces/include/mycobot_pro450_interfaces/mycobot_pro450_interfaces/srv/detail/get_angles__type_support.c
[1.097s] -- Up-to-date: /home/amin/cobot/cobot_ws/install/mycobot_pro450_interfaces/include/mycobot_pro450_interfaces/mycobot_pro450_interfaces/srv/detail/get_angles__rosidl_typesupport_introspection_c.h
[1.097s] -- Installing: /home/amin/cobot/cobot_ws/install/mycobot_pro450_interfaces/include/mycobot_pro450_interfaces/mycobot_pro450_interfaces/srv/detail/gripper_status__type_support.c
[1.097s] -- Up-to-date: /home/amin/cobot/cobot_ws/install/mycobot_pro450_interfaces/include/mycobot_pro450_interfaces/mycobot_pro450_interfaces/srv/detail/set_coords__rosidl_typesupport_introspection_c.h
[1.097s] -- Up-to-date: /home/amin/cobot/cobot_ws/install/mycobot_pro450_interfaces/include/mycobot_pro450_interfaces/mycobot_pro450_interfaces/srv/detail/get_coords__rosidl_typesupport_introspection_c.h
[1.097s] -- Up-to-date: /home/amin/cobot/cobot_ws/install/mycobot_pro450_interfaces/include/mycobot_pro450_interfaces/mycobot_pro450_interfaces/srv/detail/gripper_status__rosidl_typesupport_introspection_c.h
[1.097s] -- Up-to-date: /home/amin/cobot/cobot_ws/install/mycobot_pro450_interfaces/include/mycobot_pro450_interfaces/mycobot_pro450_interfaces/msg
[1.097s] -- Up-to-date: /home/amin/cobot/cobot_ws/install/mycobot_pro450_interfaces/include/mycobot_pro450_interfaces/mycobot_pro450_interfaces/msg/detail
[1.097s] -- Up-to-date: /home/amin/cobot/cobot_ws/install/mycobot_pro450_interfaces/include/mycobot_pro450_interfaces/mycobot_pro450_interfaces/msg/detail/mycobot_set_coords__rosidl_typesupport_introspection_c.h
[1.097s] -- Installing: /home/amin/cobot/cobot_ws/install/mycobot_pro450_interfaces/include/mycobot_pro450_interfaces/mycobot_pro450_interfaces/msg/detail/mycobot_set_angles__type_support.c
[1.097s] -- Up-to-date: /home/amin/cobot/cobot_ws/install/mycobot_pro450_interfaces/include/mycobot_pro450_interfaces/mycobot_pro450_interfaces/msg/detail/mycobot_coords__rosidl_typesupport_introspection_c.h
[1.097s] -- Up-to-date: /home/amin/cobot/cobot_ws/install/mycobot_pro450_interfaces/include/mycobot_pro450_interfaces/mycobot_pro450_interfaces/msg/detail/mycobot_angles__rosidl_typesupport_introspection_c.h
[1.097s] -- Installing: /home/amin/cobot/cobot_ws/install/mycobot_pro450_interfaces/include/mycobot_pro450_interfaces/mycobot_pro450_interfaces/msg/detail/mycobot_angles__type_support.c
[1.097s] -- Installing: /home/amin/cobot/cobot_ws/install/mycobot_pro450_interfaces/include/mycobot_pro450_interfaces/mycobot_pro450_interfaces/msg/detail/mycobot_gripper_status__type_support.c
[1.097s] -- Installing: /home/amin/cobot/cobot_ws/install/mycobot_pro450_interfaces/include/mycobot_pro450_interfaces/mycobot_pro450_interfaces/msg/detail/mycobot_coords__type_support.c
[1.097s] -- Installing: /home/amin/cobot/cobot_ws/install/mycobot_pro450_interfaces/include/mycobot_pro450_interfaces/mycobot_pro450_interfaces/msg/detail/mycobot_set_coords__type_support.c
[1.098s] -- Up-to-date: /home/amin/cobot/cobot_ws/install/mycobot_pro450_interfaces/include/mycobot_pro450_interfaces/mycobot_pro450_interfaces/msg/detail/mycobot_gripper_status__rosidl_typesupport_introspection_c.h
[1.098s] -- Up-to-date: /home/amin/cobot/cobot_ws/install/mycobot_pro450_interfaces/include/mycobot_pro450_interfaces/mycobot_pro450_interfaces/msg/detail/mycobot_set_angles__rosidl_typesupport_introspection_c.h
[1.098s] -- Up-to-date: /home/amin/cobot/cobot_ws/install/mycobot_pro450_interfaces/include/mycobot_pro450_interfaces/mycobot_pro450_interfaces/msg/rosidl_typesupport_introspection_c__visibility_control.h
[1.098s] -- Up-to-date: /home/amin/cobot/cobot_ws/install/mycobot_pro450_interfaces/lib/libmycobot_pro450_interfaces__rosidl_typesupport_introspection_c.so
[1.098s] -- Up-to-date: /home/amin/cobot/cobot_ws/install/mycobot_pro450_interfaces/lib/libmycobot_pro450_interfaces__rosidl_typesupport_c.so
[1.098s] -- Up-to-date: /home/amin/cobot/cobot_ws/install/mycobot_pro450_interfaces/include/mycobot_pro450_interfaces/mycobot_pro450_interfaces
[1.098s] -- Up-to-date: /home/amin/cobot/cobot_ws/install/mycobot_pro450_interfaces/include/mycobot_pro450_interfaces/mycobot_pro450_interfaces/srv
[1.098s] -- Up-to-date: /home/amin/cobot/cobot_ws/install/mycobot_pro450_interfaces/include/mycobot_pro450_interfaces/mycobot_pro450_interfaces/srv/set_angles.hpp
[1.099s] -- Up-to-date: /home/amin/cobot/cobot_ws/install/mycobot_pro450_interfaces/include/mycobot_pro450_interfaces/mycobot_pro450_interfaces/srv/get_coords.hpp
[1.099s] -- Up-to-date: /home/amin/cobot/cobot_ws/install/mycobot_pro450_interfaces/include/mycobot_pro450_interfaces/mycobot_pro450_interfaces/srv/gripper_status.hpp
[1.099s] -- Up-to-date: /home/amin/cobot/cobot_ws/install/mycobot_pro450_interfaces/include/mycobot_pro450_interfaces/mycobot_pro450_interfaces/srv/detail
[1.099s] -- Up-to-date: /home/amin/cobot/cobot_ws/install/mycobot_pro450_interfaces/include/mycobot_pro450_interfaces/mycobot_pro450_interfaces/srv/detail/get_coords__type_support.hpp
[1.099s] -- Up-to-date: /home/amin/cobot/cobot_ws/install/mycobot_pro450_interfaces/include/mycobot_pro450_interfaces/mycobot_pro450_interfaces/srv/detail/get_angles__builder.hpp
[1.099s] -- Up-to-date: /home/amin/cobot/cobot_ws/install/mycobot_pro450_interfaces/include/mycobot_pro450_interfaces/mycobot_pro450_interfaces/srv/detail/gripper_status__type_support.hpp
[1.099s] -- Up-to-date: /home/amin/cobot/cobot_ws/install/mycobot_pro450_interfaces/include/mycobot_pro450_interfaces/mycobot_pro450_interfaces/srv/detail/set_angles__traits.hpp
[1.099s] -- Up-to-date: /home/amin/cobot/cobot_ws/install/mycobot_pro450_interfaces/include/mycobot_pro450_interfaces/mycobot_pro450_interfaces/srv/detail/set_angles__builder.hpp
[1.099s] -- Up-to-date: /home/amin/cobot/cobot_ws/install/mycobot_pro450_interfaces/include/mycobot_pro450_interfaces/mycobot_pro450_interfaces/srv/detail/gripper_status__struct.hpp
[1.099s] -- Up-to-date: /home/amin/cobot/cobot_ws/install/mycobot_pro450_interfaces/include/mycobot_pro450_interfaces/mycobot_pro450_interfaces/srv/detail/gripper_status__traits.hpp
[1.100s] -- Up-to-date: /home/amin/cobot/cobot_ws/install/mycobot_pro450_interfaces/include/mycobot_pro450_interfaces/mycobot_pro450_interfaces/srv/detail/set_coords__struct.hpp
[1.100s] -- Up-to-date: /home/amin/cobot/cobot_ws/install/mycobot_pro450_interfaces/include/mycobot_pro450_interfaces/mycobot_pro450_interfaces/srv/detail/set_coords__builder.hpp
[1.100s] -- Up-to-date: /home/amin/cobot/cobot_ws/install/mycobot_pro450_interfaces/include/mycobot_pro450_interfaces/mycobot_pro450_interfaces/srv/detail/get_gripper_value__builder.hpp
[1.100s] -- Up-to-date: /home/amin/cobot/cobot_ws/install/mycobot_pro450_interfaces/include/mycobot_pro450_interfaces/mycobot_pro450_interfaces/srv/detail/get_coords__struct.hpp
[1.100s] -- Up-to-date: /home/amin/cobot/cobot_ws/install/mycobot_pro450_interfaces/include/mycobot_pro450_interfaces/mycobot_pro450_interfaces/srv/detail/gripper_status__builder.hpp
[1.100s] -- Up-to-date: /home/amin/cobot/cobot_ws/install/mycobot_pro450_interfaces/include/mycobot_pro450_interfaces/mycobot_pro450_interfaces/srv/detail/get_gripper_value__struct.hpp
[1.100s] -- Up-to-date: /home/amin/cobot/cobot_ws/install/mycobot_pro450_interfaces/include/mycobot_pro450_interfaces/mycobot_pro450_interfaces/srv/detail/get_gripper_value__type_support.hpp
[1.100s] -- Up-to-date: /home/amin/cobot/cobot_ws/install/mycobot_pro450_interfaces/include/mycobot_pro450_interfaces/mycobot_pro450_interfaces/srv/detail/get_angles__type_support.hpp
[1.100s] -- Up-to-date: /home/amin/cobot/cobot_ws/install/mycobot_pro450_interfaces/include/mycobot_pro450_interfaces/mycobot_pro450_interfaces/srv/detail/get_coords__traits.hpp
[1.100s] -- Up-to-date: /home/amin/cobot/cobot_ws/install/mycobot_pro450_interfaces/include/mycobot_pro450_interfaces/mycobot_pro450_interfaces/srv/detail/get_gripper_value__traits.hpp
[1.100s] -- Up-to-date: /home/amin/cobot/cobot_ws/install/mycobot_pro450_interfaces/include/mycobot_pro450_interfaces/mycobot_pro450_interfaces/srv/detail/set_angles__struct.hpp
[1.101s] -- Up-to-date: /home/amin/cobot/cobot_ws/install/mycobot_pro450_interfaces/include/mycobot_pro450_interfaces/mycobot_pro450_interfaces/srv/detail/get_angles__traits.hpp
[1.101s] -- Up-to-date: /home/amin/cobot/cobot_ws/install/mycobot_pro450_interfaces/include/mycobot_pro450_interfaces/mycobot_pro450_interfaces/srv/detail/get_coords__builder.hpp
[1.101s] -- Up-to-date: /home/amin/cobot/cobot_ws/install/mycobot_pro450_interfaces/include/mycobot_pro450_interfaces/mycobot_pro450_interfaces/srv/detail/set_coords__type_support.hpp
[1.101s] -- Up-to-date: /home/amin/cobot/cobot_ws/install/mycobot_pro450_interfaces/include/mycobot_pro450_interfaces/mycobot_pro450_interfaces/srv/detail/set_angles__type_support.hpp
[1.101s] -- Up-to-date: /home/amin/cobot/cobot_ws/install/mycobot_pro450_interfaces/include/mycobot_pro450_interfaces/mycobot_pro450_interfaces/srv/detail/set_coords__traits.hpp
[1.101s] -- Up-to-date: /home/amin/cobot/cobot_ws/install/mycobot_pro450_interfaces/include/mycobot_pro450_interfaces/mycobot_pro450_interfaces/srv/detail/get_angles__struct.hpp
[1.101s] -- Up-to-date: /home/amin/cobot/cobot_ws/install/mycobot_pro450_interfaces/include/mycobot_pro450_interfaces/mycobot_pro450_interfaces/srv/set_coords.hpp
[1.101s] -- Up-to-date: /home/amin/cobot/cobot_ws/install/mycobot_pro450_interfaces/include/mycobot_pro450_interfaces/mycobot_pro450_interfaces/srv/get_angles.hpp
[1.101s] -- Up-to-date: /home/amin/cobot/cobot_ws/install/mycobot_pro450_interfaces/include/mycobot_pro450_interfaces/mycobot_pro450_interfaces/srv/get_gripper_value.hpp
[1.102s] -- Up-to-date: /home/amin/cobot/cobot_ws/install/mycobot_pro450_interfaces/include/mycobot_pro450_interfaces/mycobot_pro450_interfaces/msg
[1.102s] -- Up-to-date: /home/amin/cobot/cobot_ws/install/mycobot_pro450_interfaces/include/mycobot_pro450_interfaces/mycobot_pro450_interfaces/msg/mycobot_angles.hpp
[1.102s] -- Up-to-date: /home/amin/cobot/cobot_ws/install/mycobot_pro450_interfaces/include/mycobot_pro450_interfaces/mycobot_pro450_interfaces/msg/mycobot_gripper_status.hpp
[1.102s] -- Up-to-date: /home/amin/cobot/cobot_ws/install/mycobot_pro450_interfaces/include/mycobot_pro450_interfaces/mycobot_pro450_interfaces/msg/detail
[1.102s] -- Up-to-date: /home/amin/cobot/cobot_ws/install/mycobot_pro450_interfaces/include/mycobot_pro450_interfaces/mycobot_pro450_interfaces/msg/detail/mycobot_gripper_status__struct.hpp
[1.102s] -- Up-to-date: /home/amin/cobot/cobot_ws/install/mycobot_pro450_interfaces/include/mycobot_pro450_interfaces/mycobot_pro450_interfaces/msg/detail/mycobot_coords__struct.hpp
[1.102s] -- Up-to-date: /home/amin/cobot/cobot_ws/install/mycobot_pro450_interfaces/include/mycobot_pro450_interfaces/mycobot_pro450_interfaces/msg/detail/mycobot_set_angles__type_support.hpp
[1.102s] -- Up-to-date: /home/amin/cobot/cobot_ws/install/mycobot_pro450_interfaces/include/mycobot_pro450_interfaces/mycobot_pro450_interfaces/msg/detail/mycobot_gripper_status__builder.hpp
[1.103s] -- Up-to-date: /home/amin/cobot/cobot_ws/install/mycobot_pro450_interfaces/include/mycobot_pro450_interfaces/mycobot_pro450_interfaces/msg/detail/mycobot_angles__traits.hpp
[1.103s] -- Up-to-date: /home/amin/cobot/cobot_ws/install/mycobot_pro450_interfaces/include/mycobot_pro450_interfaces/mycobot_pro450_interfaces/msg/detail/mycobot_angles__struct.hpp
[1.103s] -- Up-to-date: /home/amin/cobot/cobot_ws/install/mycobot_pro450_interfaces/include/mycobot_pro450_interfaces/mycobot_pro450_interfaces/msg/detail/mycobot_gripper_status__type_support.hpp
[1.103s] -- Up-to-date: /home/amin/cobot/cobot_ws/install/mycobot_pro450_interfaces/include/mycobot_pro450_interfaces/mycobot_pro450_interfaces/msg/detail/mycobot_coords__type_support.hpp
[1.103s] -- Up-to-date: /home/amin/cobot/cobot_ws/install/mycobot_pro450_interfaces/include/mycobot_pro450_interfaces/mycobot_pro450_interfaces/msg/detail/mycobot_gripper_status__traits.hpp
[1.103s] -- Up-to-date: /home/amin/cobot/cobot_ws/install/mycobot_pro450_interfaces/include/mycobot_pro450_interfaces/mycobot_pro450_interfaces/msg/detail/mycobot_angles__builder.hpp
[1.103s] -- Up-to-date: /home/amin/cobot/cobot_ws/install/mycobot_pro450_interfaces/include/mycobot_pro450_interfaces/mycobot_pro450_interfaces/msg/detail/mycobot_set_angles__builder.hpp
[1.103s] -- Up-to-date: /home/amin/cobot/cobot_ws/install/mycobot_pro450_interfaces/include/mycobot_pro450_interfaces/mycobot_pro450_interfaces/msg/detail/mycobot_coords__builder.hpp
[1.103s] -- Up-to-date: /home/amin/cobot/cobot_ws/install/mycobot_pro450_interfaces/include/mycobot_pro450_interfaces/mycobot_pro450_interfaces/msg/detail/mycobot_set_angles__traits.hpp
[1.103s] -- Up-to-date: /home/amin/cobot/cobot_ws/install/mycobot_pro450_interfaces/include/mycobot_pro450_interfaces/mycobot_pro450_interfaces/msg/detail/mycobot_coords__traits.hpp
[1.103s] -- Up-to-date: /home/amin/cobot/cobot_ws/install/mycobot_pro450_interfaces/include/mycobot_pro450_interfaces/mycobot_pro450_interfaces/msg/detail/mycobot_set_coords__type_support.hpp
[1.103s] -- Up-to-date: /home/amin/cobot/cobot_ws/install/mycobot_pro450_interfaces/include/mycobot_pro450_interfaces/mycobot_pro450_interfaces/msg/detail/mycobot_set_angles__struct.hpp
[1.103s] -- Up-to-date: /home/amin/cobot/cobot_ws/install/mycobot_pro450_interfaces/include/mycobot_pro450_interfaces/mycobot_pro450_interfaces/msg/detail/mycobot_set_coords__builder.hpp
[1.103s] -- Up-to-date: /home/amin/cobot/cobot_ws/install/mycobot_pro450_interfaces/include/mycobot_pro450_interfaces/mycobot_pro450_interfaces/msg/detail/mycobot_angles__type_support.hpp
[1.103s] -- Up-to-date: /home/amin/cobot/cobot_ws/install/mycobot_pro450_interfaces/include/mycobot_pro450_interfaces/mycobot_pro450_interfaces/msg/detail/mycobot_set_coords__struct.hpp
[1.103s] -- Up-to-date: /home/amin/cobot/cobot_ws/install/mycobot_pro450_interfaces/include/mycobot_pro450_interfaces/mycobot_pro450_interfaces/msg/detail/mycobot_set_coords__traits.hpp
[1.103s] -- Up-to-date: /home/amin/cobot/cobot_ws/install/mycobot_pro450_interfaces/include/mycobot_pro450_interfaces/mycobot_pro450_interfaces/msg/mycobot_set_coords.hpp
[1.104s] -- Up-to-date: /home/amin/cobot/cobot_ws/install/mycobot_pro450_interfaces/include/mycobot_pro450_interfaces/mycobot_pro450_interfaces/msg/mycobot_set_angles.hpp
[1.104s] -- Up-to-date: /home/amin/cobot/cobot_ws/install/mycobot_pro450_interfaces/include/mycobot_pro450_interfaces/mycobot_pro450_interfaces/msg/rosidl_generator_cpp__visibility_control.hpp
[1.104s] -- Up-to-date: /home/amin/cobot/cobot_ws/install/mycobot_pro450_interfaces/include/mycobot_pro450_interfaces/mycobot_pro450_interfaces/msg/mycobot_coords.hpp
[1.104s] -- Up-to-date: /home/amin/cobot/cobot_ws/install/mycobot_pro450_interfaces/include/mycobot_pro450_interfaces/mycobot_pro450_interfaces
[1.104s] -- Up-to-date: /home/amin/cobot/cobot_ws/install/mycobot_pro450_interfaces/include/mycobot_pro450_interfaces/mycobot_pro450_interfaces/srv
[1.104s] -- Up-to-date: /home/amin/cobot/cobot_ws/install/mycobot_pro450_interfaces/include/mycobot_pro450_interfaces/mycobot_pro450_interfaces/srv/detail
[1.104s] -- Up-to-date: /home/amin/cobot/cobot_ws/install/mycobot_pro450_interfaces/include/mycobot_pro450_interfaces/mycobot_pro450_interfaces/srv/detail/gripper_status__rosidl_typesupport_fastrtps_cpp.hpp
[1.104s] -- Up-to-date: /home/amin/cobot/cobot_ws/install/mycobot_pro450_interfaces/include/mycobot_pro450_interfaces/mycobot_pro450_interfaces/srv/detail/get_gripper_value__rosidl_typesupport_fastrtps_cpp.hpp
[1.104s] -- Up-to-date: /home/amin/cobot/cobot_ws/install/mycobot_pro450_interfaces/include/mycobot_pro450_interfaces/mycobot_pro450_interfaces/srv/detail/dds_fastrtps
[1.104s] -- Up-to-date: /home/amin/cobot/cobot_ws/install/mycobot_pro450_interfaces/include/mycobot_pro450_interfaces/mycobot_pro450_interfaces/srv/detail/get_angles__rosidl_typesupport_fastrtps_cpp.hpp
[1.104s] -- Up-to-date: /home/amin/cobot/cobot_ws/install/mycobot_pro450_interfaces/include/mycobot_pro450_interfaces/mycobot_pro450_interfaces/srv/detail/set_coords__rosidl_typesupport_fastrtps_cpp.hpp
[1.104s] -- Up-to-date: /home/amin/cobot/cobot_ws/install/mycobot_pro450_interfaces/include/mycobot_pro450_interfaces/mycobot_pro450_interfaces/srv/detail/get_coords__rosidl_typesupport_fastrtps_cpp.hpp
[1.104s] -- Up-to-date: /home/amin/cobot/cobot_ws/install/mycobot_pro450_interfaces/include/mycobot_pro450_interfaces/mycobot_pro450_interfaces/srv/detail/set_angles__rosidl_typesupport_fastrtps_cpp.hpp
[1.104s] -- Up-to-date: /home/amin/cobot/cobot_ws/install/mycobot_pro450_interfaces/include/mycobot_pro450_interfaces/mycobot_pro450_interfaces/msg
[1.104s] -- Up-to-date: /home/amin/cobot/cobot_ws/install/mycobot_pro450_interfaces/include/mycobot_pro450_interfaces/mycobot_pro450_interfaces/msg/detail
[1.104s] -- Up-to-date: /home/amin/cobot/cobot_ws/install/mycobot_pro450_interfaces/include/mycobot_pro450_interfaces/mycobot_pro450_interfaces/msg/detail/dds_fastrtps
[1.104s] -- Up-to-date: /home/amin/cobot/cobot_ws/install/mycobot_pro450_interfaces/include/mycobot_pro450_interfaces/mycobot_pro450_interfaces/msg/detail/mycobot_angles__rosidl_typesupport_fastrtps_cpp.hpp
[1.105s] -- Up-to-date: /home/amin/cobot/cobot_ws/install/mycobot_pro450_interfaces/include/mycobot_pro450_interfaces/mycobot_pro450_interfaces/msg/detail/mycobot_set_angles__rosidl_typesupport_fastrtps_cpp.hpp
[1.105s] -- Up-to-date: /home/amin/cobot/cobot_ws/install/mycobot_pro450_interfaces/include/mycobot_pro450_interfaces/mycobot_pro450_interfaces/msg/detail/mycobot_coords__rosidl_typesupport_fastrtps_cpp.hpp
[1.105s] -- Up-to-date: /home/amin/cobot/cobot_ws/install/mycobot_pro450_interfaces/include/mycobot_pro450_interfaces/mycobot_pro450_interfaces/msg/detail/mycobot_gripper_status__rosidl_typesupport_fastrtps_cpp.hpp
[1.105s] -- Up-to-date: /home/amin/cobot/cobot_ws/install/mycobot_pro450_interfaces/include/mycobot_pro450_interfaces/mycobot_pro450_interfaces/msg/detail/mycobot_set_coords__rosidl_typesupport_fastrtps_cpp.hpp
[1.105s] -- Up-to-date: /home/amin/cobot/cobot_ws/install/mycobot_pro450_interfaces/include/mycobot_pro450_interfaces/mycobot_pro450_interfaces/msg/rosidl_typesupport_fastrtps_cpp__visibility_control.h
[1.105s] -- Up-to-date: /home/amin/cobot/cobot_ws/install/mycobot_pro450_interfaces/lib/libmycobot_pro450_interfaces__rosidl_typesupport_fastrtps_cpp.so
[1.105s] -- Up-to-date: /home/amin/cobot/cobot_ws/install/mycobot_pro450_interfaces/include/mycobot_pro450_interfaces/mycobot_pro450_interfaces
[1.105s] -- Up-to-date: /home/amin/cobot/cobot_ws/install/mycobot_pro450_interfaces/include/mycobot_pro450_interfaces/mycobot_pro450_interfaces/srv
[1.105s] -- Up-to-date: /home/amin/cobot/cobot_ws/install/mycobot_pro450_interfaces/include/mycobot_pro450_interfaces/mycobot_pro450_interfaces/srv/detail
[1.106s] -- Up-to-date: /home/amin/cobot/cobot_ws/install/mycobot_pro450_interfaces/include/mycobot_pro450_interfaces/mycobot_pro450_interfaces/srv/detail/set_coords__type_support.cpp
[1.106s] -- Up-to-date: /home/amin/cobot/cobot_ws/install/mycobot_pro450_interfaces/include/mycobot_pro450_interfaces/mycobot_pro450_interfaces/srv/detail/gripper_status__type_support.cpp
[1.106s] -- Up-to-date: /home/amin/cobot/cobot_ws/install/mycobot_pro450_interfaces/include/mycobot_pro450_interfaces/mycobot_pro450_interfaces/srv/detail/gripper_status__rosidl_typesupport_introspection_cpp.hpp
[1.106s] -- Up-to-date: /home/amin/cobot/cobot_ws/install/mycobot_pro450_interfaces/include/mycobot_pro450_interfaces/mycobot_pro450_interfaces/srv/detail/get_coords__type_support.cpp
[1.106s] -- Up-to-date: /home/amin/cobot/cobot_ws/install/mycobot_pro450_interfaces/include/mycobot_pro450_interfaces/mycobot_pro450_interfaces/srv/detail/get_gripper_value__rosidl_typesupport_introspection_cpp.hpp
[1.106s] -- Up-to-date: /home/amin/cobot/cobot_ws/install/mycobot_pro450_interfaces/include/mycobot_pro450_interfaces/mycobot_pro450_interfaces/srv/detail/set_angles__rosidl_typesupport_introspection_cpp.hpp
[1.106s] -- Up-to-date: /home/amin/cobot/cobot_ws/install/mycobot_pro450_interfaces/include/mycobot_pro450_interfaces/mycobot_pro450_interfaces/srv/detail/set_angles__type_support.cpp
[1.106s] -- Up-to-date: /home/amin/cobot/cobot_ws/install/mycobot_pro450_interfaces/include/mycobot_pro450_interfaces/mycobot_pro450_interfaces/srv/detail/get_angles__type_support.cpp
[1.106s] -- Up-to-date: /home/amin/cobot/cobot_ws/install/mycobot_pro450_interfaces/include/mycobot_pro450_interfaces/mycobot_pro450_interfaces/srv/detail/get_gripper_value__type_support.cpp
[1.107s] -- Up-to-date: /home/amin/cobot/cobot_ws/install/mycobot_pro450_interfaces/include/mycobot_pro450_interfaces/mycobot_pro450_interfaces/srv/detail/get_angles__rosidl_typesupport_introspection_cpp.hpp
[1.107s] -- Up-to-date: /home/amin/cobot/cobot_ws/install/mycobot_pro450_interfaces/include/mycobot_pro450_interfaces/mycobot_pro450_interfaces/srv/detail/set_coords__rosidl_typesupport_introspection_cpp.hpp
[1.107s] -- Up-to-date: /home/amin/cobot/cobot_ws/install/mycobot_pro450_interfaces/include/mycobot_pro450_interfaces/mycobot_pro450_interfaces/srv/detail/get_coords__rosidl_typesupport_introspection_cpp.hpp
[1.107s] -- Up-to-date: /home/amin/cobot/cobot_ws/install/mycobot_pro450_interfaces/include/mycobot_pro450_interfaces/mycobot_pro450_interfaces/msg
[1.107s] -- Up-to-date: /home/amin/cobot/cobot_ws/install/mycobot_pro450_interfaces/include/mycobot_pro450_interfaces/mycobot_pro450_interfaces/msg/detail
[1.107s] -- Up-to-date: /home/amin/cobot/cobot_ws/install/mycobot_pro450_interfaces/include/mycobot_pro450_interfaces/mycobot_pro450_interfaces/msg/detail/mycobot_angles__type_support.cpp
[1.107s] -- Up-to-date: /home/amin/cobot/cobot_ws/install/mycobot_pro450_interfaces/include/mycobot_pro450_interfaces/mycobot_pro450_interfaces/msg/detail/mycobot_set_angles__type_support.cpp
[1.107s] -- Up-to-date: /home/amin/cobot/cobot_ws/install/mycobot_pro450_interfaces/include/mycobot_pro450_interfaces/mycobot_pro450_interfaces/msg/detail/mycobot_coords__type_support.cpp
[1.107s] -- Up-to-date: /home/amin/cobot/cobot_ws/install/mycobot_pro450_interfaces/include/mycobot_pro450_interfaces/mycobot_pro450_interfaces/msg/detail/mycobot_angles__rosidl_typesupport_introspection_cpp.hpp
[1.107s] -- Up-to-date: /home/amin/cobot/cobot_ws/install/mycobot_pro450_interfaces/include/mycobot_pro450_interfaces/mycobot_pro450_interfaces/msg/detail/mycobot_set_coords__type_support.cpp
[1.108s] -- Up-to-date: /home/amin/cobot/cobot_ws/install/mycobot_pro450_interfaces/include/mycobot_pro450_interfaces/mycobot_pro450_interfaces/msg/detail/mycobot_gripper_status__type_support.cpp
[1.108s] -- Up-to-date: /home/amin/cobot/cobot_ws/install/mycobot_pro450_interfaces/include/mycobot_pro450_interfaces/mycobot_pro450_interfaces/msg/detail/mycobot_set_coords__rosidl_typesupport_introspection_cpp.hpp
[1.108s] -- Up-to-date: /home/amin/cobot/cobot_ws/install/mycobot_pro450_interfaces/include/mycobot_pro450_interfaces/mycobot_pro450_interfaces/msg/detail/mycobot_set_angles__rosidl_typesupport_introspection_cpp.hpp
[1.108s] -- Up-to-date: /home/amin/cobot/cobot_ws/install/mycobot_pro450_interfaces/include/mycobot_pro450_interfaces/mycobot_pro450_interfaces/msg/detail/mycobot_coords__rosidl_typesupport_introspection_cpp.hpp
[1.108s] -- Up-to-date: /home/amin/cobot/cobot_ws/install/mycobot_pro450_interfaces/include/mycobot_pro450_interfaces/mycobot_pro450_interfaces/msg/detail/mycobot_gripper_status__rosidl_typesupport_introspection_cpp.hpp
[1.108s] -- Up-to-date: /home/amin/cobot/cobot_ws/install/mycobot_pro450_interfaces/lib/libmycobot_pro450_interfaces__rosidl_typesupport_introspection_cpp.so
[1.108s] -- Up-to-date: /home/amin/cobot/cobot_ws/install/mycobot_pro450_interfaces/lib/libmycobot_pro450_interfaces__rosidl_typesupport_cpp.so
[1.108s] -- Up-to-date: /home/amin/cobot/cobot_ws/install/mycobot_pro450_interfaces/share/mycobot_pro450_interfaces/environment/pythonpath.sh
[1.108s] -- Up-to-date: /home/amin/cobot/cobot_ws/install/mycobot_pro450_interfaces/share/mycobot_pro450_interfaces/environment/pythonpath.dsv
[1.108s] -- Up-to-date: /home/amin/cobot/cobot_ws/install/mycobot_pro450_interfaces/lib/python3.12/site-packages/mycobot_pro450_interfaces-1.0.0-py3.12.egg-info
[1.108s] -- Installing: /home/amin/cobot/cobot_ws/install/mycobot_pro450_interfaces/lib/python3.12/site-packages/mycobot_pro450_interfaces-1.0.0-py3.12.egg-info/SOURCES.txt
[1.109s] -- Installing: /home/amin/cobot/cobot_ws/install/mycobot_pro450_interfaces/lib/python3.12/site-packages/mycobot_pro450_interfaces-1.0.0-py3.12.egg-info/PKG-INFO
[1.109s] -- Installing: /home/amin/cobot/cobot_ws/install/mycobot_pro450_interfaces/lib/python3.12/site-packages/mycobot_pro450_interfaces-1.0.0-py3.12.egg-info/top_level.txt
[1.109s] -- Installing: /home/amin/cobot/cobot_ws/install/mycobot_pro450_interfaces/lib/python3.12/site-packages/mycobot_pro450_interfaces-1.0.0-py3.12.egg-info/dependency_links.txt
[1.109s] -- Up-to-date: /home/amin/cobot/cobot_ws/install/mycobot_pro450_interfaces/lib/python3.12/site-packages/mycobot_pro450_interfaces
[1.109s] -- Up-to-date: /home/amin/cobot/cobot_ws/install/mycobot_pro450_interfaces/lib/python3.12/site-packages/mycobot_pro450_interfaces/__init__.py
[1.109s] -- Up-to-date: /home/amin/cobot/cobot_ws/install/mycobot_pro450_interfaces/lib/python3.12/site-packages/mycobot_pro450_interfaces/srv
[1.109s] -- Up-to-date: /home/amin/cobot/cobot_ws/install/mycobot_pro450_interfaces/lib/python3.12/site-packages/mycobot_pro450_interfaces/srv/_get_coords_s.c
[1.109s] -- Up-to-date: /home/amin/cobot/cobot_ws/install/mycobot_pro450_interfaces/lib/python3.12/site-packages/mycobot_pro450_interfaces/srv/_get_angles_s.c
[1.109s] -- Up-to-date: /home/amin/cobot/cobot_ws/install/mycobot_pro450_interfaces/lib/python3.12/site-packages/mycobot_pro450_interfaces/srv/_get_angles.py
[1.109s] -- Up-to-date: /home/amin/cobot/cobot_ws/install/mycobot_pro450_interfaces/lib/python3.12/site-packages/mycobot_pro450_interfaces/srv/_set_angles.py
[1.109s] -- Up-to-date: /home/amin/cobot/cobot_ws/install/mycobot_pro450_interfaces/lib/python3.12/site-packages/mycobot_pro450_interfaces/srv/_set_coords.py
[1.109s] -- Up-to-date: /home/amin/cobot/cobot_ws/install/mycobot_pro450_interfaces/lib/python3.12/site-packages/mycobot_pro450_interfaces/srv/__init__.py
[1.109s] -- Up-to-date: /home/amin/cobot/cobot_ws/install/mycobot_pro450_interfaces/lib/python3.12/site-packages/mycobot_pro450_interfaces/srv/_get_gripper_value_s.c
[1.110s] -- Up-to-date: /home/amin/cobot/cobot_ws/install/mycobot_pro450_interfaces/lib/python3.12/site-packages/mycobot_pro450_interfaces/srv/_get_coords.py
[1.110s] -- Up-to-date: /home/amin/cobot/cobot_ws/install/mycobot_pro450_interfaces/lib/python3.12/site-packages/mycobot_pro450_interfaces/srv/_gripper_status_s.c
[1.110s] -- Up-to-date: /home/amin/cobot/cobot_ws/install/mycobot_pro450_interfaces/lib/python3.12/site-packages/mycobot_pro450_interfaces/srv/_gripper_status.py
[1.110s] -- Up-to-date: /home/amin/cobot/cobot_ws/install/mycobot_pro450_interfaces/lib/python3.12/site-packages/mycobot_pro450_interfaces/srv/_set_coords_s.c
[1.110s] -- Up-to-date: /home/amin/cobot/cobot_ws/install/mycobot_pro450_interfaces/lib/python3.12/site-packages/mycobot_pro450_interfaces/srv/_set_angles_s.c
[1.110s] -- Up-to-date: /home/amin/cobot/cobot_ws/install/mycobot_pro450_interfaces/lib/python3.12/site-packages/mycobot_pro450_interfaces/srv/_get_gripper_value.py
[1.110s] -- Up-to-date: /home/amin/cobot/cobot_ws/install/mycobot_pro450_interfaces/lib/python3.12/site-packages/mycobot_pro450_interfaces/_mycobot_pro450_interfaces_s.ep.rosidl_typesupport_c.c
[1.110s] -- Up-to-date: /home/amin/cobot/cobot_ws/install/mycobot_pro450_interfaces/lib/python3.12/site-packages/mycobot_pro450_interfaces/mycobot_pro450_interfaces_s__rosidl_typesupport_fastrtps_c.so
[1.110s] -- Up-to-date: /home/amin/cobot/cobot_ws/install/mycobot_pro450_interfaces/lib/python3.12/site-packages/mycobot_pro450_interfaces/mycobot_pro450_interfaces_s__rosidl_typesupport_c.so
[1.110s] -- Up-to-date: /home/amin/cobot/cobot_ws/install/mycobot_pro450_interfaces/lib/python3.12/site-packages/mycobot_pro450_interfaces/mycobot_pro450_interfaces_s__rosidl_typesupport_introspection_c.so
[1.110s] -- Up-to-date: /home/amin/cobot/cobot_ws/install/mycobot_pro450_interfaces/lib/python3.12/site-packages/mycobot_pro450_interfaces/_mycobot_pro450_interfaces_s.ep.rosidl_typesupport_fastrtps_c.c
[1.111s] -- Up-to-date: /home/amin/cobot/cobot_ws/install/mycobot_pro450_interfaces/lib/python3.12/site-packages/mycobot_pro450_interfaces/msg
[1.111s] -- Up-to-date: /home/amin/cobot/cobot_ws/install/mycobot_pro450_interfaces/lib/python3.12/site-packages/mycobot_pro450_interfaces/msg/_mycobot_set_angles_s.c
[1.111s] -- Up-to-date: /home/amin/cobot/cobot_ws/install/mycobot_pro450_interfaces/lib/python3.12/site-packages/mycobot_pro450_interfaces/msg/__init__.py
[1.111s] -- Up-to-date: /home/amin/cobot/cobot_ws/install/mycobot_pro450_interfaces/lib/python3.12/site-packages/mycobot_pro450_interfaces/msg/_mycobot_gripper_status.py
[1.111s] -- Up-to-date: /home/amin/cobot/cobot_ws/install/mycobot_pro450_interfaces/lib/python3.12/site-packages/mycobot_pro450_interfaces/msg/_mycobot_set_angles.py
[1.111s] -- Up-to-date: /home/amin/cobot/cobot_ws/install/mycobot_pro450_interfaces/lib/python3.12/site-packages/mycobot_pro450_interfaces/msg/_mycobot_set_coords_s.c
[1.111s] -- Up-to-date: /home/amin/cobot/cobot_ws/install/mycobot_pro450_interfaces/lib/python3.12/site-packages/mycobot_pro450_interfaces/msg/_mycobot_coords_s.c
[1.111s] -- Up-to-date: /home/amin/cobot/cobot_ws/install/mycobot_pro450_interfaces/lib/python3.12/site-packages/mycobot_pro450_interfaces/msg/_mycobot_angles_s.c
[1.111s] -- Up-to-date: /home/amin/cobot/cobot_ws/install/mycobot_pro450_interfaces/lib/python3.12/site-packages/mycobot_pro450_interfaces/msg/_mycobot_set_coords.py
[1.111s] -- Up-to-date: /home/amin/cobot/cobot_ws/install/mycobot_pro450_interfaces/lib/python3.12/site-packages/mycobot_pro450_interfaces/msg/_mycobot_coords.py
[1.111s] -- Up-to-date: /home/amin/cobot/cobot_ws/install/mycobot_pro450_interfaces/lib/python3.12/site-packages/mycobot_pro450_interfaces/msg/_mycobot_angles.py
[1.111s] -- Up-to-date: /home/amin/cobot/cobot_ws/install/mycobot_pro450_interfaces/lib/python3.12/site-packages/mycobot_pro450_interfaces/msg/_mycobot_gripper_status_s.c
[1.111s] -- Up-to-date: /home/amin/cobot/cobot_ws/install/mycobot_pro450_interfaces/lib/python3.12/site-packages/mycobot_pro450_interfaces/_mycobot_pro450_interfaces_s.ep.rosidl_typesupport_introspection_c.c
[1.119s] Listing '/home/amin/cobot/cobot_ws/install/mycobot_pro450_interfaces/lib/python3.12/site-packages/mycobot_pro450_interfaces'...
[1.119s] Listing '/home/amin/cobot/cobot_ws/install/mycobot_pro450_interfaces/lib/python3.12/site-packages/mycobot_pro450_interfaces/msg'...
[1.119s] Listing '/home/amin/cobot/cobot_ws/install/mycobot_pro450_interfaces/lib/python3.12/site-packages/mycobot_pro450_interfaces/srv'...
[1.119s] -- Up-to-date: /home/amin/cobot/cobot_ws/install/mycobot_pro450_interfaces/lib/python3.12/site-packages/mycobot_pro450_interfaces/mycobot_pro450_interfaces_s__rosidl_typesupport_fastrtps_c.so
[1.119s] -- Up-to-date: /home/amin/cobot/cobot_ws/install/mycobot_pro450_interfaces/lib/python3.12/site-packages/mycobot_pro450_interfaces/mycobot_pro450_interfaces_s__rosidl_typesupport_introspection_c.so
[1.119s] -- Up-to-date: /home/amin/cobot/cobot_ws/install/mycobot_pro450_interfaces/lib/python3.12/site-packages/mycobot_pro450_interfaces/mycobot_pro450_interfaces_s__rosidl_typesupport_c.so
[1.119s] -- Up-to-date: /home/amin/cobot/cobot_ws/install/mycobot_pro450_interfaces/lib/libmycobot_pro450_interfaces__rosidl_generator_py.so
[1.119s] -- Up-to-date: /home/amin/cobot/cobot_ws/install/mycobot_pro450_interfaces/share/mycobot_pro450_interfaces/msg/MycobotAngles.idl
[1.119s] -- Up-to-date: /home/amin/cobot/cobot_ws/install/mycobot_pro450_interfaces/share/mycobot_pro450_interfaces/msg/MycobotCoords.idl
[1.119s] -- Up-to-date: /home/amin/cobot/cobot_ws/install/mycobot_pro450_interfaces/share/mycobot_pro450_interfaces/msg/MycobotSetAngles.idl
[1.119s] -- Up-to-date: /home/amin/cobot/cobot_ws/install/mycobot_pro450_interfaces/share/mycobot_pro450_interfaces/msg/MycobotSetCoords.idl
[1.119s] -- Up-to-date: /home/amin/cobot/cobot_ws/install/mycobot_pro450_interfaces/share/mycobot_pro450_interfaces/msg/MycobotGripperStatus.idl
[1.119s] -- Up-to-date: /home/amin/cobot/cobot_ws/install/mycobot_pro450_interfaces/share/mycobot_pro450_interfaces/srv/GetAngles.idl
[1.119s] -- Up-to-date: /home/amin/cobot/cobot_ws/install/mycobot_pro450_interfaces/share/mycobot_pro450_interfaces/srv/SetAngles.idl
[1.119s] -- Up-to-date: /home/amin/cobot/cobot_ws/install/mycobot_pro450_interfaces/share/mycobot_pro450_interfaces/srv/GetCoords.idl
[1.119s] -- Up-to-date: /home/amin/cobot/cobot_ws/install/mycobot_pro450_interfaces/share/mycobot_pro450_interfaces/srv/SetCoords.idl
[1.119s] -- Up-to-date: /home/amin/cobot/cobot_ws/install/mycobot_pro450_interfaces/share/mycobot_pro450_interfaces/srv/GripperStatus.idl
[1.119s] -- Up-to-date: /home/amin/cobot/cobot_ws/install/mycobot_pro450_interfaces/share/mycobot_pro450_interfaces/srv/GetGripperValue.idl
[1.119s] -- Up-to-date: /home/amin/cobot/cobot_ws/install/mycobot_pro450_interfaces/share/mycobot_pro450_interfaces/msg/MycobotAngles.msg
[1.119s] -- Up-to-date: /home/amin/cobot/cobot_ws/install/mycobot_pro450_interfaces/share/mycobot_pro450_interfaces/msg/MycobotCoords.msg
[1.119s] -- Up-to-date: /home/amin/cobot/cobot_ws/install/mycobot_pro450_interfaces/share/mycobot_pro450_interfaces/msg/MycobotSetAngles.msg
[1.119s] -- Up-to-date: /home/amin/cobot/cobot_ws/install/mycobot_pro450_interfaces/share/mycobot_pro450_interfaces/msg/MycobotSetCoords.msg
[1.120s] -- Up-to-date: /home/amin/cobot/cobot_ws/install/mycobot_pro450_interfaces/share/mycobot_pro450_interfaces/msg/MycobotGripperStatus.msg
[1.120s] -- Up-to-date: /home/amin/cobot/cobot_ws/install/mycobot_pro450_interfaces/share/mycobot_pro450_interfaces/srv/GetAngles.srv
[1.120s] -- Up-to-date: /home/amin/cobot/cobot_ws/install/mycobot_pro450_interfaces/share/mycobot_pro450_interfaces/srv/SetAngles.srv
[1.120s] -- Up-to-date: /home/amin/cobot/cobot_ws/install/mycobot_pro450_interfaces/share/mycobot_pro450_interfaces/srv/GetCoords.srv
[1.120s] -- Up-to-date: /home/amin/cobot/cobot_ws/install/mycobot_pro450_interfaces/share/mycobot_pro450_interfaces/srv/SetCoords.srv
[1.120s] -- Up-to-date: /home/amin/cobot/cobot_ws/install/mycobot_pro450_interfaces/share/mycobot_pro450_interfaces/srv/GripperStatus.srv
[1.120s] -- Up-to-date: /home/amin/cobot/cobot_ws/install/mycobot_pro450_interfaces/share/mycobot_pro450_interfaces/srv/GetGripperValue.srv
[1.120s] -- Up-to-date: /home/amin/cobot/cobot_ws/install/mycobot_pro450_interfaces/share/ament_index/resource_index/package_run_dependencies/mycobot_pro450_interfaces
[1.120s] -- Up-to-date: /home/amin/cobot/cobot_ws/install/mycobot_pro450_interfaces/share/ament_index/resource_index/parent_prefix_path/mycobot_pro450_interfaces
[1.120s] -- Up-to-date: /home/amin/cobot/cobot_ws/install/mycobot_pro450_interfaces/share/mycobot_pro450_interfaces/environment/ament_prefix_path.sh
[1.120s] -- Up-to-date: /home/amin/cobot/cobot_ws/install/mycobot_pro450_interfaces/share/mycobot_pro450_interfaces/environment/ament_prefix_path.dsv
[1.120s] -- Up-to-date: /home/amin/cobot/cobot_ws/install/mycobot_pro450_interfaces/share/mycobot_pro450_interfaces/environment/path.sh
[1.120s] -- Up-to-date: /home/amin/cobot/cobot_ws/install/mycobot_pro450_interfaces/share/mycobot_pro450_interfaces/environment/path.dsv
[1.120s] -- Up-to-date: /home/amin/cobot/cobot_ws/install/mycobot_pro450_interfaces/share/mycobot_pro450_interfaces/local_setup.bash
[1.120s] -- Up-to-date: /home/amin/cobot/cobot_ws/install/mycobot_pro450_interfaces/share/mycobot_pro450_interfaces/local_setup.sh
[1.120s] -- Up-to-date: /home/amin/cobot/cobot_ws/install/mycobot_pro450_interfaces/share/mycobot_pro450_interfaces/local_setup.zsh
[1.120s] -- Up-to-date: /home/amin/cobot/cobot_ws/install/mycobot_pro450_interfaces/share/mycobot_pro450_interfaces/local_setup.dsv
[1.120s] -- Installing: /home/amin/cobot/cobot_ws/install/mycobot_pro450_interfaces/share/mycobot_pro450_interfaces/package.dsv
[1.120s] -- Up-to-date: /home/amin/cobot/cobot_ws/install/mycobot_pro450_interfaces/share/ament_index/resource_index/packages/mycobot_pro450_interfaces
[1.120s] -- Up-to-date: /home/amin/cobot/cobot_ws/install/mycobot_pro450_interfaces/share/mycobot_pro450_interfaces/cmake/export_mycobot_pro450_interfaces__rosidl_generator_cExport.cmake
[1.120s] -- Up-to-date: /home/amin/cobot/cobot_ws/install/mycobot_pro450_interfaces/share/mycobot_pro450_interfaces/cmake/export_mycobot_pro450_interfaces__rosidl_generator_cExport-noconfig.cmake
[1.121s] -- Up-to-date: /home/amin/cobot/cobot_ws/install/mycobot_pro450_interfaces/share/mycobot_pro450_interfaces/cmake/export_mycobot_pro450_interfaces__rosidl_typesupport_fastrtps_cExport.cmake
[1.121s] -- Up-to-date: /home/amin/cobot/cobot_ws/install/mycobot_pro450_interfaces/share/mycobot_pro450_interfaces/cmake/export_mycobot_pro450_interfaces__rosidl_typesupport_fastrtps_cExport-noconfig.cmake
[1.121s] -- Up-to-date: /home/amin/cobot/cobot_ws/install/mycobot_pro450_interfaces/share/mycobot_pro450_interfaces/cmake/mycobot_pro450_interfaces__rosidl_typesupport_introspection_cExport.cmake
[1.121s] -- Up-to-date: /home/amin/cobot/cobot_ws/install/mycobot_pro450_interfaces/share/mycobot_pro450_interfaces/cmake/mycobot_pro450_interfaces__rosidl_typesupport_introspection_cExport-noconfig.cmake
[1.121s] -- Up-to-date: /home/amin/cobot/cobot_ws/install/mycobot_pro450_interfaces/share/mycobot_pro450_interfaces/cmake/mycobot_pro450_interfaces__rosidl_typesupport_cExport.cmake
[1.121s] -- Up-to-date: /home/amin/cobot/cobot_ws/install/mycobot_pro450_interfaces/share/mycobot_pro450_interfaces/cmake/mycobot_pro450_interfaces__rosidl_typesupport_cExport-noconfig.cmake
[1.121s] -- Up-to-date: /home/amin/cobot/cobot_ws/install/mycobot_pro450_interfaces/share/mycobot_pro450_interfaces/cmake/export_mycobot_pro450_interfaces__rosidl_generator_cppExport.cmake
[1.121s] -- Up-to-date: /home/amin/cobot/cobot_ws/install/mycobot_pro450_interfaces/share/mycobot_pro450_interfaces/cmake/export_mycobot_pro450_interfaces__rosidl_typesupport_fastrtps_cppExport.cmake
[1.121s] -- Up-to-date: /home/amin/cobot/cobot_ws/install/mycobot_pro450_interfaces/share/mycobot_pro450_interfaces/cmake/export_mycobot_pro450_interfaces__rosidl_typesupport_fastrtps_cppExport-noconfig.cmake
[1.121s] -- Up-to-date: /home/amin/cobot/cobot_ws/install/mycobot_pro450_interfaces/share/mycobot_pro450_interfaces/cmake/mycobot_pro450_interfaces__rosidl_typesupport_introspection_cppExport.cmake
[1.121s] -- Up-to-date: /home/amin/cobot/cobot_ws/install/mycobot_pro450_interfaces/share/mycobot_pro450_interfaces/cmake/mycobot_pro450_interfaces__rosidl_typesupport_introspection_cppExport-noconfig.cmake
[1.121s] -- Up-to-date: /home/amin/cobot/cobot_ws/install/mycobot_pro450_interfaces/share/mycobot_pro450_interfaces/cmake/mycobot_pro450_interfaces__rosidl_typesupport_cppExport.cmake
[1.121s] -- Up-to-date: /home/amin/cobot/cobot_ws/install/mycobot_pro450_interfaces/share/mycobot_pro450_interfaces/cmake/mycobot_pro450_interfaces__rosidl_typesupport_cppExport-noconfig.cmake
[1.121s] -- Up-to-date: /home/amin/cobot/cobot_ws/install/mycobot_pro450_interfaces/share/mycobot_pro450_interfaces/cmake/export_mycobot_pro450_interfaces__rosidl_generator_pyExport.cmake
[1.121s] -- Up-to-date: /home/amin/cobot/cobot_ws/install/mycobot_pro450_interfaces/share/mycobot_pro450_interfaces/cmake/export_mycobot_pro450_interfaces__rosidl_generator_pyExport-noconfig.cmake
[1.121s] -- Up-to-date: /home/amin/cobot/cobot_ws/install/mycobot_pro450_interfaces/share/mycobot_pro450_interfaces/cmake/rosidl_cmake-extras.cmake
[1.121s] -- Up-to-date: /home/amin/cobot/cobot_ws/install/mycobot_pro450_interfaces/share/mycobot_pro450_interfaces/cmake/ament_cmake_export_dependencies-extras.cmake
[1.121s] -- Up-to-date: /home/amin/cobot/cobot_ws/install/mycobot_pro450_interfaces/share/mycobot_pro450_interfaces/cmake/ament_cmake_export_include_directories-extras.cmake
[1.121s] -- Up-to-date: /home/amin/cobot/cobot_ws/install/mycobot_pro450_interfaces/share/mycobot_pro450_interfaces/cmake/ament_cmake_export_libraries-extras.cmake
[1.121s] -- Up-to-date: /home/amin/cobot/cobot_ws/install/mycobot_pro450_interfaces/share/mycobot_pro450_interfaces/cmake/ament_cmake_export_targets-extras.cmake
[1.121s] -- Up-to-date: /home/amin/cobot/cobot_ws/install/mycobot_pro450_interfaces/share/mycobot_pro450_interfaces/cmake/rosidl_cmake_export_typesupport_targets-extras.cmake
[1.121s] -- Up-to-date: /home/amin/cobot/cobot_ws/install/mycobot_pro450_interfaces/share/mycobot_pro450_interfaces/cmake/rosidl_cmake_export_typesupport_libraries-extras.cmake
[1.122s] -- Up-to-date: /home/amin/cobot/cobot_ws/install/mycobot_pro450_interfaces/share/mycobot_pro450_interfaces/cmake/mycobot_pro450_interfacesConfig.cmake
[1.122s] -- Up-to-date: /home/amin/cobot/cobot_ws/install/mycobot_pro450_interfaces/share/mycobot_pro450_interfaces/cmake/mycobot_pro450_interfacesConfig-version.cmake
[1.122s] -- Up-to-date: /home/amin/cobot/cobot_ws/install/mycobot_pro450_interfaces/share/mycobot_pro450_interfaces/package.xml
[1.191s] Invoked command in '/home/amin/cobot/cobot_ws/build/mycobot_pro450_interfaces' returned '0': CMAKE_PREFIX_PATH=${CMAKE_PREFIX_PATH}:/home/amin/cobot/cobot_ws/install/ultraarm:/home/amin/cobot/cobot_ws/install/pro450_moveit2_control:/home/amin/cobot/cobot_ws/install/mypalletizer_communication:/home/amin/cobot/cobot_ws/install/mypalletizer_260_pi:/home/amin/cobot/cobot_ws/install/mypalletizer_260:/home/amin/cobot/cobot_ws/install/mycobot_pro_450:/home/amin/cobot/cobot_ws/install/myarm_m750:/home/amin/cobot/cobot_ws/install/myarm_c650:/home/amin/cobot/cobot_ws/install/mycobot_communication:/home/amin/cobot/cobot_ws/install/mecharm_communication:/home/amin/cobot/cobot_ws/install/mycobot_630:/home/amin/cobot/cobot_ws/install/mycobot_600:/home/amin/cobot/cobot_ws/install/mycobot_320pi:/home/amin/cobot/cobot_ws/install/mycobot_320_riscv:/home/amin/cobot/cobot_ws/install/mycobot_320:/home/amin/cobot/cobot_ws/install/mycobot_280pi:/home/amin/cobot/cobot_ws/install/mycobot_280jn:/home/amin/cobot/cobot_ws/install/mycobot_280_x3pi:/home/amin/cobot/cobot_ws/install/mycobot_280_riscv:/home/amin/cobot/cobot_ws/install/mycobot_280_rdkx5:/home/amin/cobot/cobot_ws/install/mycobot_280_moveit2_control:/home/amin/cobot/cobot_ws/install/mycobot_280_arduino:/home/amin/cobot/cobot_ws/install/mycobot_280:/home/amin/cobot/cobot_ws/install/mybuddy:/home/amin/cobot/cobot_ws/install/myarm_300:/home/amin/cobot/cobot_ws/install/mecharm_pi:/home/amin/cobot/cobot_ws/install/mecharm:/home/amin/cobot/cobot_ws/install/mycobot_description:/opt/ros/jazzy DEBUGINFOD_URLS=https://debuginfod.ubuntu.com /usr/bin/cmake --install /home/amin/cobot/cobot_ws/build/mycobot_pro450_interfaces
