/home/amin/cobot/cobot_ws/install/mycobot_320_riscv/lib/python3.12/site-packages/mycobot_320_riscv/listen_real.py
/home/amin/cobot/cobot_ws/install/mycobot_320_riscv/lib/python3.12/site-packages/mycobot_320_riscv/listen_real_of_topic.py
/home/amin/cobot/cobot_ws/install/mycobot_320_riscv/lib/python3.12/site-packages/mycobot_320_riscv/slider_control.py
/home/amin/cobot/cobot_ws/install/mycobot_320_riscv/lib/python3.12/site-packages/mycobot_320_riscv/teleop_keyboard.py
/home/amin/cobot/cobot_ws/install/mycobot_320_riscv/lib/python3.12/site-packages/mycobot_320_riscv/__init__.py
/home/amin/cobot/cobot_ws/install/mycobot_320_riscv/lib/python3.12/site-packages/mycobot_320_riscv/follow_display.py
/home/amin/cobot/cobot_ws/install/mycobot_320_riscv/lib/python3.12/site-packages/mycobot_320_riscv/simple_gui.py
/home/amin/cobot/cobot_ws/install/mycobot_320_riscv/lib/python3.12/site-packages/mycobot_320_riscv/__pycache__/listen_real.cpython-312.pyc
/home/amin/cobot/cobot_ws/install/mycobot_320_riscv/lib/python3.12/site-packages/mycobot_320_riscv/__pycache__/listen_real_of_topic.cpython-312.pyc
/home/amin/cobot/cobot_ws/install/mycobot_320_riscv/lib/python3.12/site-packages/mycobot_320_riscv/__pycache__/slider_control.cpython-312.pyc
/home/amin/cobot/cobot_ws/install/mycobot_320_riscv/lib/python3.12/site-packages/mycobot_320_riscv/__pycache__/teleop_keyboard.cpython-312.pyc
/home/amin/cobot/cobot_ws/install/mycobot_320_riscv/lib/python3.12/site-packages/mycobot_320_riscv/__pycache__/__init__.cpython-312.pyc
/home/amin/cobot/cobot_ws/install/mycobot_320_riscv/lib/python3.12/site-packages/mycobot_320_riscv/__pycache__/follow_display.cpython-312.pyc
/home/amin/cobot/cobot_ws/install/mycobot_320_riscv/lib/python3.12/site-packages/mycobot_320_riscv/__pycache__/simple_gui.cpython-312.pyc
/home/amin/cobot/cobot_ws/install/mycobot_320_riscv/share/ament_index/resource_index/packages/mycobot_320_riscv
/home/amin/cobot/cobot_ws/install/mycobot_320_riscv/share/mycobot_320_riscv/package.xml
/home/amin/cobot/cobot_ws/install/mycobot_320_riscv/share/mycobot_320_riscv/launch/mycobot_follow.launch.py
/home/amin/cobot/cobot_ws/install/mycobot_320_riscv/share/mycobot_320_riscv/launch/teleop_keyboard.launch.py
/home/amin/cobot/cobot_ws/install/mycobot_320_riscv/share/mycobot_320_riscv/launch/simple_gui.launch.py
/home/amin/cobot/cobot_ws/install/mycobot_320_riscv/share/mycobot_320_riscv/launch/test.launch.py
/home/amin/cobot/cobot_ws/install/mycobot_320_riscv/share/mycobot_320_riscv/launch/slider_control.launch.py
/home/amin/cobot/cobot_ws/install/mycobot_320_riscv/share/mycobot_320_riscv/config/mycobot_320_riscv.rviz
/home/amin/cobot/cobot_ws/install/mycobot_320_riscv/lib/python3.12/site-packages/mycobot_320_riscv-0.0.0-py3.12.egg-info/SOURCES.txt
/home/amin/cobot/cobot_ws/install/mycobot_320_riscv/lib/python3.12/site-packages/mycobot_320_riscv-0.0.0-py3.12.egg-info/entry_points.txt
/home/amin/cobot/cobot_ws/install/mycobot_320_riscv/lib/python3.12/site-packages/mycobot_320_riscv-0.0.0-py3.12.egg-info/requires.txt
/home/amin/cobot/cobot_ws/install/mycobot_320_riscv/lib/python3.12/site-packages/mycobot_320_riscv-0.0.0-py3.12.egg-info/PKG-INFO
/home/amin/cobot/cobot_ws/install/mycobot_320_riscv/lib/python3.12/site-packages/mycobot_320_riscv-0.0.0-py3.12.egg-info/zip-safe
/home/amin/cobot/cobot_ws/install/mycobot_320_riscv/lib/python3.12/site-packages/mycobot_320_riscv-0.0.0-py3.12.egg-info/top_level.txt
/home/amin/cobot/cobot_ws/install/mycobot_320_riscv/lib/python3.12/site-packages/mycobot_320_riscv-0.0.0-py3.12.egg-info/dependency_links.txt
/home/amin/cobot/cobot_ws/install/mycobot_320_riscv/lib/mycobot_320_riscv/follow_display
/home/amin/cobot/cobot_ws/install/mycobot_320_riscv/lib/mycobot_320_riscv/listen_real
/home/amin/cobot/cobot_ws/install/mycobot_320_riscv/lib/mycobot_320_riscv/listen_real_of_topic
/home/amin/cobot/cobot_ws/install/mycobot_320_riscv/lib/mycobot_320_riscv/simple_gui
/home/amin/cobot/cobot_ws/install/mycobot_320_riscv/lib/mycobot_320_riscv/slider_control
/home/amin/cobot/cobot_ws/install/mycobot_320_riscv/lib/mycobot_320_riscv/teleop_keyboard
