/home/amin/cobot/cobot_ws/install/mycobot_communication/lib/python3.12/site-packages/mycobot_communication/mycobot_services.py
/home/amin/cobot/cobot_ws/install/mycobot_communication/lib/python3.12/site-packages/mycobot_communication/mycobot_topics_pi.py
/home/amin/cobot/cobot_ws/install/mycobot_communication/lib/python3.12/site-packages/mycobot_communication/__init__.py
/home/amin/cobot/cobot_ws/install/mycobot_communication/lib/python3.12/site-packages/mycobot_communication/mycobot_topics.py
/home/amin/cobot/cobot_ws/install/mycobot_communication/lib/python3.12/site-packages/mycobot_communication/mycobot_topics_seeed.py
/home/amin/cobot/cobot_ws/install/mycobot_communication/lib/python3.12/site-packages/mycobot_communication/mycobot_topics_jsnn.py
/home/amin/cobot/cobot_ws/install/mycobot_communication/lib/python3.12/site-packages/mycobot_communication/__pycache__/mycobot_services.cpython-312.pyc
/home/amin/cobot/cobot_ws/install/mycobot_communication/lib/python3.12/site-packages/mycobot_communication/__pycache__/mycobot_topics_pi.cpython-312.pyc
/home/amin/cobot/cobot_ws/install/mycobot_communication/lib/python3.12/site-packages/mycobot_communication/__pycache__/__init__.cpython-312.pyc
/home/amin/cobot/cobot_ws/install/mycobot_communication/lib/python3.12/site-packages/mycobot_communication/__pycache__/mycobot_topics.cpython-312.pyc
/home/amin/cobot/cobot_ws/install/mycobot_communication/lib/python3.12/site-packages/mycobot_communication/__pycache__/mycobot_topics_seeed.cpython-312.pyc
/home/amin/cobot/cobot_ws/install/mycobot_communication/lib/python3.12/site-packages/mycobot_communication/__pycache__/mycobot_topics_jsnn.cpython-312.pyc
/home/amin/cobot/cobot_ws/install/mycobot_communication/share/ament_index/resource_index/packages/mycobot_communication
/home/amin/cobot/cobot_ws/install/mycobot_communication/share/mycobot_communication/package.xml
/home/amin/cobot/cobot_ws/install/mycobot_communication/share/mycobot_communication/launch/communication_topic_pi.launch.py
/home/amin/cobot/cobot_ws/install/mycobot_communication/share/mycobot_communication/launch/communication_topic.launch.py
/home/amin/cobot/cobot_ws/install/mycobot_communication/share/mycobot_communication/launch/communication_service.launch.py
/home/amin/cobot/cobot_ws/install/mycobot_communication/share/mycobot_communication/launch/communication_jsnn.launch.py
/home/amin/cobot/cobot_ws/install/mycobot_communication/share/mycobot_communication/launch/communication_seeed.launch.py
/home/amin/cobot/cobot_ws/install/mycobot_communication/lib/python3.12/site-packages/mycobot_communication-0.0.0-py3.12.egg-info/SOURCES.txt
/home/amin/cobot/cobot_ws/install/mycobot_communication/lib/python3.12/site-packages/mycobot_communication-0.0.0-py3.12.egg-info/entry_points.txt
/home/amin/cobot/cobot_ws/install/mycobot_communication/lib/python3.12/site-packages/mycobot_communication-0.0.0-py3.12.egg-info/requires.txt
/home/amin/cobot/cobot_ws/install/mycobot_communication/lib/python3.12/site-packages/mycobot_communication-0.0.0-py3.12.egg-info/PKG-INFO
/home/amin/cobot/cobot_ws/install/mycobot_communication/lib/python3.12/site-packages/mycobot_communication-0.0.0-py3.12.egg-info/zip-safe
/home/amin/cobot/cobot_ws/install/mycobot_communication/lib/python3.12/site-packages/mycobot_communication-0.0.0-py3.12.egg-info/top_level.txt
/home/amin/cobot/cobot_ws/install/mycobot_communication/lib/python3.12/site-packages/mycobot_communication-0.0.0-py3.12.egg-info/dependency_links.txt
/home/amin/cobot/cobot_ws/install/mycobot_communication/lib/mycobot_communication/mycobot_services
/home/amin/cobot/cobot_ws/install/mycobot_communication/lib/mycobot_communication/mycobot_topics
/home/amin/cobot/cobot_ws/install/mycobot_communication/lib/mycobot_communication/mycobot_topics_jsnn
/home/amin/cobot/cobot_ws/install/mycobot_communication/lib/mycobot_communication/mycobot_topics_pi
/home/amin/cobot/cobot_ws/install/mycobot_communication/lib/mycobot_communication/mycobot_topics_seeed
