[3.358s] Invoking command in '/home/amin/cobot/cobot_ws/src/mycobot_ros2/mycobot_description': DEBUGINFOD_URLS=https://debuginfod.ubuntu.com PYTHONPATH=/home/amin/cobot/cobot_ws/build/mycobot_description/prefix_override:/usr/lib/python3/dist-packages/colcon_core/task/python/colcon_distutils_commands:/home/amin/cobot/cobot_ws/install/mycobot_description/lib/python3.12/site-packages:${PYTHONPATH} /usr/bin/python3 -W ignore:setup.py install is deprecated -W ignore:easy_install command is deprecated setup.py egg_info --egg-base ../../../build/mycobot_description build --build-base /home/amin/cobot/cobot_ws/build/mycobot_description/build install --record /home/amin/cobot/cobot_ws/build/mycobot_description/install.log --single-version-externally-managed install_data
[4.033s] running egg_info
[4.081s] writing ../../../build/mycobot_description/mycobot_description.egg-info/PKG-INFO
[4.081s] writing dependency_links to ../../../build/mycobot_description/mycobot_description.egg-info/dependency_links.txt
[4.081s] writing requirements to ../../../build/mycobot_description/mycobot_description.egg-info/requires.txt
[4.082s] writing top-level names to ../../../build/mycobot_description/mycobot_description.egg-info/top_level.txt
[4.181s] reading manifest file '../../../build/mycobot_description/mycobot_description.egg-info/SOURCES.txt'
[4.183s] adding license file 'LICENSE'
[4.189s] writing manifest file '../../../build/mycobot_description/mycobot_description.egg-info/SOURCES.txt'
[4.189s] running build
[4.189s] running build_py
[4.189s] running install
[4.203s] running install_lib
[4.255s] running install_data
[4.265s] running install_egg_info
[4.315s] removing '/home/amin/cobot/cobot_ws/install/mycobot_description/lib/python3.12/site-packages/mycobot_description-0.0.0-py3.12.egg-info' (and everything under it)
[4.316s] Copying ../../../build/mycobot_description/mycobot_description.egg-info to /home/amin/cobot/cobot_ws/install/mycobot_description/lib/python3.12/site-packages/mycobot_description-0.0.0-py3.12.egg-info
[4.317s] running install_scripts
[4.691s] writing list of installed files to '/home/amin/cobot/cobot_ws/build/mycobot_description/install.log'
[5.039s] Invoked command in '/home/amin/cobot/cobot_ws/src/mycobot_ros2/mycobot_description' returned '0': DEBUGINFOD_URLS=https://debuginfod.ubuntu.com PYTHONPATH=/home/amin/cobot/cobot_ws/build/mycobot_description/prefix_override:/usr/lib/python3/dist-packages/colcon_core/task/python/colcon_distutils_commands:/home/amin/cobot/cobot_ws/install/mycobot_description/lib/python3.12/site-packages:${PYTHONPATH} /usr/bin/python3 -W ignore:setup.py install is deprecated -W ignore:easy_install command is deprecated setup.py egg_info --egg-base ../../../build/mycobot_description build --build-base /home/amin/cobot/cobot_ws/build/mycobot_description/build install --record /home/amin/cobot/cobot_ws/build/mycobot_description/install.log --single-version-externally-managed install_data
