[0.186s] Invoking command in '/home/amin/cobot/cobot_ws/build/mycobot_pro450_interfaces': CMAKE_PREFIX_PATH=${CMAKE_PREFIX_PATH}:/home/amin/cobot/cobot_ws/install/ultraarm:/home/amin/cobot/cobot_ws/install/pro450_moveit2_control:/home/amin/cobot/cobot_ws/install/mypalletizer_communication:/home/amin/cobot/cobot_ws/install/mypalletizer_260_pi:/home/amin/cobot/cobot_ws/install/mypalletizer_260:/home/amin/cobot/cobot_ws/install/mycobot_pro_450:/home/amin/cobot/cobot_ws/install/myarm_m750:/home/amin/cobot/cobot_ws/install/myarm_c650:/home/amin/cobot/cobot_ws/install/mycobot_communication:/home/amin/cobot/cobot_ws/install/mecharm_communication:/home/amin/cobot/cobot_ws/install/mycobot_630:/home/amin/cobot/cobot_ws/install/mycobot_600:/home/amin/cobot/cobot_ws/install/mycobot_320pi:/home/amin/cobot/cobot_ws/install/mycobot_320_riscv:/home/amin/cobot/cobot_ws/install/mycobot_320:/home/amin/cobot/cobot_ws/install/mycobot_280pi:/home/amin/cobot/cobot_ws/install/mycobot_280jn:/home/amin/cobot/cobot_ws/install/mycobot_280_x3pi:/home/amin/cobot/cobot_ws/install/mycobot_280_riscv:/home/amin/cobot/cobot_ws/install/mycobot_280_rdkx5:/home/amin/cobot/cobot_ws/install/mycobot_280_moveit2_control:/home/amin/cobot/cobot_ws/install/mycobot_280_arduino:/home/amin/cobot/cobot_ws/install/mycobot_280:/home/amin/cobot/cobot_ws/install/mybuddy:/home/amin/cobot/cobot_ws/install/myarm_300:/home/amin/cobot/cobot_ws/install/mecharm_pi:/home/amin/cobot/cobot_ws/install/mecharm:/home/amin/cobot/cobot_ws/install/mycobot_description:/opt/ros/jazzy DEBUGINFOD_URLS=https://debuginfod.ubuntu.com /usr/bin/cmake --build /home/amin/cobot/cobot_ws/build/mycobot_pro450_interfaces -- -j8 -l8
[0.249s] [  1%] Built target mycobot_pro450_interfaces__rosidl_generator_type_description
[0.300s] [  1%] Built target ament_cmake_python_copy_mycobot_pro450_interfaces
[0.311s] [  1%] Built target mycobot_pro450_interfaces__cpp
[0.323s] [ 27%] Built target mycobot_pro450_interfaces__rosidl_generator_c
[0.425s] [ 37%] Built target mycobot_pro450_interfaces__rosidl_typesupport_c
[0.427s] [ 46%] Built target mycobot_pro450_interfaces__rosidl_typesupport_introspection_c
[0.437s] [ 55%] Built target mycobot_pro450_interfaces__rosidl_typesupport_cpp
[0.440s] [ 65%] Built target mycobot_pro450_interfaces__rosidl_typesupport_introspection_cpp
[0.440s] [ 75%] Built target mycobot_pro450_interfaces__rosidl_typesupport_fastrtps_c
[0.446s] [ 85%] Built target mycobot_pro450_interfaces__rosidl_typesupport_fastrtps_cpp
[0.503s] [ 85%] Built target mycobot_pro450_interfaces
[0.571s] [ 86%] Built target mycobot_pro450_interfaces__py
[0.629s] [ 95%] Built target mycobot_pro450_interfaces__rosidl_generator_py
[0.688s] [ 97%] Built target mycobot_pro450_interfaces_s__rosidl_typesupport_c
[0.689s] [ 99%] Built target mycobot_pro450_interfaces_s__rosidl_typesupport_introspection_c
[0.692s] [100%] Built target mycobot_pro450_interfaces_s__rosidl_typesupport_fastrtps_c
[0.748s] running egg_info
[0.777s] writing mycobot_pro450_interfaces.egg-info/PKG-INFO
[0.777s] writing dependency_links to mycobot_pro450_interfaces.egg-info/dependency_links.txt
[0.777s] writing top-level names to mycobot_pro450_interfaces.egg-info/top_level.txt
[0.864s] reading manifest file 'mycobot_pro450_interfaces.egg-info/SOURCES.txt'
[0.865s] writing manifest file 'mycobot_pro450_interfaces.egg-info/SOURCES.txt'
[0.919s] [100%] Built target ament_cmake_python_build_mycobot_pro450_interfaces_egg
[0.956s] Invoked command in '/home/amin/cobot/cobot_ws/build/mycobot_pro450_interfaces' returned '0': CMAKE_PREFIX_PATH=${CMAKE_PREFIX_PATH}:/home/amin/cobot/cobot_ws/install/ultraarm:/home/amin/cobot/cobot_ws/install/pro450_moveit2_control:/home/amin/cobot/cobot_ws/install/mypalletizer_communication:/home/amin/cobot/cobot_ws/install/mypalletizer_260_pi:/home/amin/cobot/cobot_ws/install/mypalletizer_260:/home/amin/cobot/cobot_ws/install/mycobot_pro_450:/home/amin/cobot/cobot_ws/install/myarm_m750:/home/amin/cobot/cobot_ws/install/myarm_c650:/home/amin/cobot/cobot_ws/install/mycobot_communication:/home/amin/cobot/cobot_ws/install/mecharm_communication:/home/amin/cobot/cobot_ws/install/mycobot_630:/home/amin/cobot/cobot_ws/install/mycobot_600:/home/amin/cobot/cobot_ws/install/mycobot_320pi:/home/amin/cobot/cobot_ws/install/mycobot_320_riscv:/home/amin/cobot/cobot_ws/install/mycobot_320:/home/amin/cobot/cobot_ws/install/mycobot_280pi:/home/amin/cobot/cobot_ws/install/mycobot_280jn:/home/amin/cobot/cobot_ws/install/mycobot_280_x3pi:/home/amin/cobot/cobot_ws/install/mycobot_280_riscv:/home/amin/cobot/cobot_ws/install/mycobot_280_rdkx5:/home/amin/cobot/cobot_ws/install/mycobot_280_moveit2_control:/home/amin/cobot/cobot_ws/install/mycobot_280_arduino:/home/amin/cobot/cobot_ws/install/mycobot_280:/home/amin/cobot/cobot_ws/install/mybuddy:/home/amin/cobot/cobot_ws/install/myarm_300:/home/amin/cobot/cobot_ws/install/mecharm_pi:/home/amin/cobot/cobot_ws/install/mecharm:/home/amin/cobot/cobot_ws/install/mycobot_description:/opt/ros/jazzy DEBUGINFOD_URLS=https://debuginfod.ubuntu.com /usr/bin/cmake --build /home/amin/cobot/cobot_ws/build/mycobot_pro450_interfaces -- -j8 -l8
[0.957s] Invoking command in '/home/amin/cobot/cobot_ws/build/mycobot_pro450_interfaces': CMAKE_PREFIX_PATH=${CMAKE_PREFIX_PATH}:/home/amin/cobot/cobot_ws/install/ultraarm:/home/amin/cobot/cobot_ws/install/pro450_moveit2_control:/home/amin/cobot/cobot_ws/install/mypalletizer_communication:/home/amin/cobot/cobot_ws/install/mypalletizer_260_pi:/home/amin/cobot/cobot_ws/install/mypalletizer_260:/home/amin/cobot/cobot_ws/install/mycobot_pro_450:/home/amin/cobot/cobot_ws/install/myarm_m750:/home/amin/cobot/cobot_ws/install/myarm_c650:/home/amin/cobot/cobot_ws/install/mycobot_communication:/home/amin/cobot/cobot_ws/install/mecharm_communication:/home/amin/cobot/cobot_ws/install/mycobot_630:/home/amin/cobot/cobot_ws/install/mycobot_600:/home/amin/cobot/cobot_ws/install/mycobot_320pi:/home/amin/cobot/cobot_ws/install/mycobot_320_riscv:/home/amin/cobot/cobot_ws/install/mycobot_320:/home/amin/cobot/cobot_ws/install/mycobot_280pi:/home/amin/cobot/cobot_ws/install/mycobot_280jn:/home/amin/cobot/cobot_ws/install/mycobot_280_x3pi:/home/amin/cobot/cobot_ws/install/mycobot_280_riscv:/home/amin/cobot/cobot_ws/install/mycobot_280_rdkx5:/home/amin/cobot/cobot_ws/install/mycobot_280_moveit2_control:/home/amin/cobot/cobot_ws/install/mycobot_280_arduino:/home/amin/cobot/cobot_ws/install/mycobot_280:/home/amin/cobot/cobot_ws/install/mybuddy:/home/amin/cobot/cobot_ws/install/myarm_300:/home/amin/cobot/cobot_ws/install/mecharm_pi:/home/amin/cobot/cobot_ws/install/mecharm:/home/amin/cobot/cobot_ws/install/mycobot_description:/opt/ros/jazzy DEBUGINFOD_URLS=https://debuginfod.ubuntu.com /usr/bin/cmake --install /home/amin/cobot/cobot_ws/build/mycobot_pro450_interfaces
[0.969s] -- Install configuration: ""
[0.969s] -- Up-to-date: /home/amin/cobot/cobot_ws/install/mycobot_pro450_interfaces/share/ament_index/resource_index/rosidl_interfaces/mycobot_pro450_interfaces
[0.969s] -- Up-to-date: /home/amin/cobot/cobot_ws/install/mycobot_pro450_interfaces/share/mycobot_pro450_interfaces/msg/MycobotAngles.json
[0.969s] -- Up-to-date: /home/amin/cobot/cobot_ws/install/mycobot_pro450_interfaces/share/mycobot_pro450_interfaces/msg/MycobotCoords.json
[0.969s] -- Up-to-date: /home/amin/cobot/cobot_ws/install/mycobot_pro450_interfaces/share/mycobot_pro450_interfaces/msg/MycobotSetAngles.json
[0.969s] -- Up-to-date: /home/amin/cobot/cobot_ws/install/mycobot_pro450_interfaces/share/mycobot_pro450_interfaces/msg/MycobotSetCoords.json
[0.969s] -- Up-to-date: /home/amin/cobot/cobot_ws/install/mycobot_pro450_interfaces/share/mycobot_pro450_interfaces/msg/MycobotGripperStatus.json
[0.969s] -- Up-to-date: /home/amin/cobot/cobot_ws/install/mycobot_pro450_interfaces/share/mycobot_pro450_interfaces/srv/GetAngles.json
[0.969s] -- Up-to-date: /home/amin/cobot/cobot_ws/install/mycobot_pro450_interfaces/share/mycobot_pro450_interfaces/srv/SetAngles.json
[0.969s] -- Up-to-date: /home/amin/cobot/cobot_ws/install/mycobot_pro450_interfaces/share/mycobot_pro450_interfaces/srv/GetCoords.json
[0.969s] -- Up-to-date: /home/amin/cobot/cobot_ws/install/mycobot_pro450_interfaces/share/mycobot_pro450_interfaces/srv/SetCoords.json
[0.969s] -- Up-to-date: /home/amin/cobot/cobot_ws/install/mycobot_pro450_interfaces/share/mycobot_pro450_interfaces/srv/GripperStatus.json
[0.969s] -- Up-to-date: /home/amin/cobot/cobot_ws/install/mycobot_pro450_interfaces/share/mycobot_pro450_interfaces/srv/GetGripperValue.json
[0.969s] -- Up-to-date: /home/amin/cobot/cobot_ws/install/mycobot_pro450_interfaces/include/mycobot_pro450_interfaces/mycobot_pro450_interfaces
[0.970s] -- Up-to-date: /home/amin/cobot/cobot_ws/install/mycobot_pro450_interfaces/include/mycobot_pro450_interfaces/mycobot_pro450_interfaces/srv
[0.970s] -- Up-to-date: /home/amin/cobot/cobot_ws/install/mycobot_pro450_interfaces/include/mycobot_pro450_interfaces/mycobot_pro450_interfaces/srv/gripper_status.h
[0.970s] -- Up-to-date: /home/amin/cobot/cobot_ws/install/mycobot_pro450_interfaces/include/mycobot_pro450_interfaces/mycobot_pro450_interfaces/srv/get_gripper_value.h
[0.970s] -- Up-to-date: /home/amin/cobot/cobot_ws/install/mycobot_pro450_interfaces/include/mycobot_pro450_interfaces/mycobot_pro450_interfaces/srv/detail
[0.970s] -- Up-to-date: /home/amin/cobot/cobot_ws/install/mycobot_pro450_interfaces/include/mycobot_pro450_interfaces/mycobot_pro450_interfaces/srv/detail/set_coords__type_support.h
[0.970s] -- Up-to-date: /home/amin/cobot/cobot_ws/install/mycobot_pro450_interfaces/include/mycobot_pro450_interfaces/mycobot_pro450_interfaces/srv/detail/gripper_status__description.c
[0.970s] -- Up-to-date: /home/amin/cobot/cobot_ws/install/mycobot_pro450_interfaces/include/mycobot_pro450_interfaces/mycobot_pro450_interfaces/srv/detail/gripper_status__functions.h
[0.970s] -- Up-to-date: /home/amin/cobot/cobot_ws/install/mycobot_pro450_interfaces/include/mycobot_pro450_interfaces/mycobot_pro450_interfaces/srv/detail/set_angles__struct.h
[0.970s] -- Up-to-date: /home/amin/cobot/cobot_ws/install/mycobot_pro450_interfaces/include/mycobot_pro450_interfaces/mycobot_pro450_interfaces/srv/detail/set_coords__functions.h
[0.970s] -- Up-to-date: /home/amin/cobot/cobot_ws/install/mycobot_pro450_interfaces/include/mycobot_pro450_interfaces/mycobot_pro450_interfaces/srv/detail/get_gripper_value__functions.h
[0.970s] -- Installing: /home/amin/cobot/cobot_ws/install/mycobot_pro450_interfaces/include/mycobot_pro450_interfaces/mycobot_pro450_interfaces/srv/detail/get_coords__type_support.c
[0.971s] -- Up-to-date: /home/amin/cobot/cobot_ws/install/mycobot_pro450_interfaces/include/mycobot_pro450_interfaces/mycobot_pro450_interfaces/srv/detail/set_angles__description.c
[0.971s] -- Up-to-date: /home/amin/cobot/cobot_ws/install/mycobot_pro450_interfaces/include/mycobot_pro450_interfaces/mycobot_pro450_interfaces/srv/detail/gripper_status__struct.h
[0.971s] -- Up-to-date: /home/amin/cobot/cobot_ws/install/mycobot_pro450_interfaces/include/mycobot_pro450_interfaces/mycobot_pro450_interfaces/srv/detail/get_angles__type_support.h
[0.971s] -- Up-to-date: /home/amin/cobot/cobot_ws/install/mycobot_pro450_interfaces/include/mycobot_pro450_interfaces/mycobot_pro450_interfaces/srv/detail/set_coords__functions.c
[0.971s] -- Installing: /home/amin/cobot/cobot_ws/install/mycobot_pro450_interfaces/include/mycobot_pro450_interfaces/mycobot_pro450_interfaces/srv/detail/set_coords__type_support.c
[0.971s] -- Installing: /home/amin/cobot/cobot_ws/install/mycobot_pro450_interfaces/include/mycobot_pro450_interfaces/mycobot_pro450_interfaces/srv/detail/get_gripper_value__type_support.c
[0.971s] -- Installing: /home/amin/cobot/cobot_ws/install/mycobot_pro450_interfaces/include/mycobot_pro450_interfaces/mycobot_pro450_interfaces/srv/detail/set_angles__type_support.c
[0.971s] -- Up-to-date: /home/amin/cobot/cobot_ws/install/mycobot_pro450_interfaces/include/mycobot_pro450_interfaces/mycobot_pro450_interfaces/srv/detail/gripper_status__type_support.h
[0.971s] -- Up-to-date: /home/amin/cobot/cobot_ws/install/mycobot_pro450_interfaces/include/mycobot_pro450_interfaces/mycobot_pro450_interfaces/srv/detail/get_gripper_value__description.c
[0.972s] -- Up-to-date: /home/amin/cobot/cobot_ws/install/mycobot_pro450_interfaces/include/mycobot_pro450_interfaces/mycobot_pro450_interfaces/srv/detail/get_angles__struct.h
[0.972s] -- Up-to-date: /home/amin/cobot/cobot_ws/install/mycobot_pro450_interfaces/include/mycobot_pro450_interfaces/mycobot_pro450_interfaces/srv/detail/get_coords__description.c
[0.972s] -- Up-to-date: /home/amin/cobot/cobot_ws/install/mycobot_pro450_interfaces/include/mycobot_pro450_interfaces/mycobot_pro450_interfaces/srv/detail/set_coords__description.c
[0.972s] -- Up-to-date: /home/amin/cobot/cobot_ws/install/mycobot_pro450_interfaces/include/mycobot_pro450_interfaces/mycobot_pro450_interfaces/srv/detail/get_coords__functions.h
[0.972s] -- Installing: /home/amin/cobot/cobot_ws/install/mycobot_pro450_interfaces/include/mycobot_pro450_interfaces/mycobot_pro450_interfaces/srv/detail/get_angles__type_support.c
[0.973s] -- Up-to-date: /home/amin/cobot/cobot_ws/install/mycobot_pro450_interfaces/include/mycobot_pro450_interfaces/mycobot_pro450_interfaces/srv/detail/get_angles__functions.h
[0.973s] -- Installing: /home/amin/cobot/cobot_ws/install/mycobot_pro450_interfaces/include/mycobot_pro450_interfaces/mycobot_pro450_interfaces/srv/detail/gripper_status__type_support.c
[0.973s] -- Up-to-date: /home/amin/cobot/cobot_ws/install/mycobot_pro450_interfaces/include/mycobot_pro450_interfaces/mycobot_pro450_interfaces/srv/detail/get_angles__functions.c
[0.973s] -- Up-to-date: /home/amin/cobot/cobot_ws/install/mycobot_pro450_interfaces/include/mycobot_pro450_interfaces/mycobot_pro450_interfaces/srv/detail/get_gripper_value__type_support.h
[0.973s] -- Up-to-date: /home/amin/cobot/cobot_ws/install/mycobot_pro450_interfaces/include/mycobot_pro450_interfaces/mycobot_pro450_interfaces/srv/detail/get_coords__type_support.h
[0.974s] -- Up-to-date: /home/amin/cobot/cobot_ws/install/mycobot_pro450_interfaces/include/mycobot_pro450_interfaces/mycobot_pro450_interfaces/srv/detail/set_angles__type_support.h
[0.974s] -- Up-to-date: /home/amin/cobot/cobot_ws/install/mycobot_pro450_interfaces/include/mycobot_pro450_interfaces/mycobot_pro450_interfaces/srv/detail/get_coords__functions.c
[0.974s] -- Up-to-date: /home/amin/cobot/cobot_ws/install/mycobot_pro450_interfaces/include/mycobot_pro450_interfaces/mycobot_pro450_interfaces/srv/detail/gripper_status__functions.c
[0.974s] -- Up-to-date: /home/amin/cobot/cobot_ws/install/mycobot_pro450_interfaces/include/mycobot_pro450_interfaces/mycobot_pro450_interfaces/srv/detail/get_angles__description.c
[0.974s] -- Up-to-date: /home/amin/cobot/cobot_ws/install/mycobot_pro450_interfaces/include/mycobot_pro450_interfaces/mycobot_pro450_interfaces/srv/detail/get_gripper_value__functions.c
[0.975s] -- Up-to-date: /home/amin/cobot/cobot_ws/install/mycobot_pro450_interfaces/include/mycobot_pro450_interfaces/mycobot_pro450_interfaces/srv/detail/set_angles__functions.c
[0.976s] -- Up-to-date: /home/amin/cobot/cobot_ws/install/mycobot_pro450_interfaces/include/mycobot_pro450_interfaces/mycobot_pro450_interfaces/srv/detail/set_coords__struct.h
[0.976s] -- Up-to-date: /home/amin/cobot/cobot_ws/install/mycobot_pro450_interfaces/include/mycobot_pro450_interfaces/mycobot_pro450_interfaces/srv/detail/get_coords__struct.h
[0.976s] -- Up-to-date: /home/amin/cobot/cobot_ws/install/mycobot_pro450_interfaces/include/mycobot_pro450_interfaces/mycobot_pro450_interfaces/srv/detail/set_angles__functions.h
[0.976s] -- Up-to-date: /home/amin/cobot/cobot_ws/install/mycobot_pro450_interfaces/include/mycobot_pro450_interfaces/mycobot_pro450_interfaces/srv/detail/get_gripper_value__struct.h
[0.976s] -- Up-to-date: /home/amin/cobot/cobot_ws/install/mycobot_pro450_interfaces/include/mycobot_pro450_interfaces/mycobot_pro450_interfaces/srv/get_coords.h
[0.977s] -- Up-to-date: /home/amin/cobot/cobot_ws/install/mycobot_pro450_interfaces/include/mycobot_pro450_interfaces/mycobot_pro450_interfaces/srv/get_angles.h
[0.977s] -- Up-to-date: /home/amin/cobot/cobot_ws/install/mycobot_pro450_interfaces/include/mycobot_pro450_interfaces/mycobot_pro450_interfaces/srv/set_angles.h
[0.977s] -- Up-to-date: /home/amin/cobot/cobot_ws/install/mycobot_pro450_interfaces/include/mycobot_pro450_interfaces/mycobot_pro450_interfaces/srv/set_coords.h
[0.977s] -- Up-to-date: /home/amin/cobot/cobot_ws/install/mycobot_pro450_interfaces/include/mycobot_pro450_interfaces/mycobot_pro450_interfaces/msg
[0.977s] -- Up-to-date: /home/amin/cobot/cobot_ws/install/mycobot_pro450_interfaces/include/mycobot_pro450_interfaces/mycobot_pro450_interfaces/msg/detail
[0.977s] -- Up-to-date: /home/amin/cobot/cobot_ws/install/mycobot_pro450_interfaces/include/mycobot_pro450_interfaces/mycobot_pro450_interfaces/msg/detail/mycobot_gripper_status__description.c
[0.977s] -- Up-to-date: /home/amin/cobot/cobot_ws/install/mycobot_pro450_interfaces/include/mycobot_pro450_interfaces/mycobot_pro450_interfaces/msg/detail/mycobot_gripper_status__type_support.h
[0.978s] -- Up-to-date: /home/amin/cobot/cobot_ws/install/mycobot_pro450_interfaces/include/mycobot_pro450_interfaces/mycobot_pro450_interfaces/msg/detail/mycobot_set_angles__functions.c
[0.978s] -- Up-to-date: /home/amin/cobot/cobot_ws/install/mycobot_pro450_interfaces/include/mycobot_pro450_interfaces/mycobot_pro450_interfaces/msg/detail/mycobot_coords__type_support.h
[0.978s] -- Up-to-date: /home/amin/cobot/cobot_ws/install/mycobot_pro450_interfaces/include/mycobot_pro450_interfaces/mycobot_pro450_interfaces/msg/detail/mycobot_coords__struct.h
[0.978s] -- Up-to-date: /home/amin/cobot/cobot_ws/install/mycobot_pro450_interfaces/include/mycobot_pro450_interfaces/mycobot_pro450_interfaces/msg/detail/mycobot_set_angles__description.c
[0.978s] -- Up-to-date: /home/amin/cobot/cobot_ws/install/mycobot_pro450_interfaces/include/mycobot_pro450_interfaces/mycobot_pro450_interfaces/msg/detail/mycobot_set_coords__type_support.h
[0.978s] -- Up-to-date: /home/amin/cobot/cobot_ws/install/mycobot_pro450_interfaces/include/mycobot_pro450_interfaces/mycobot_pro450_interfaces/msg/detail/mycobot_set_coords__functions.h
[0.978s] -- Installing: /home/amin/cobot/cobot_ws/install/mycobot_pro450_interfaces/include/mycobot_pro450_interfaces/mycobot_pro450_interfaces/msg/detail/mycobot_set_angles__type_support.c
[0.978s] -- Up-to-date: /home/amin/cobot/cobot_ws/install/mycobot_pro450_interfaces/include/mycobot_pro450_interfaces/mycobot_pro450_interfaces/msg/detail/mycobot_angles__struct.h
[0.978s] -- Installing: /home/amin/cobot/cobot_ws/install/mycobot_pro450_interfaces/include/mycobot_pro450_interfaces/mycobot_pro450_interfaces/msg/detail/mycobot_angles__type_support.c
[0.978s] -- Up-to-date: /home/amin/cobot/cobot_ws/install/mycobot_pro450_interfaces/include/mycobot_pro450_interfaces/mycobot_pro450_interfaces/msg/detail/mycobot_gripper_status__functions.c
[0.978s] -- Up-to-date: /home/amin/cobot/cobot_ws/install/mycobot_pro450_interfaces/include/mycobot_pro450_interfaces/mycobot_pro450_interfaces/msg/detail/mycobot_gripper_status__functions.h
[0.979s] -- Up-to-date: /home/amin/cobot/cobot_ws/install/mycobot_pro450_interfaces/include/mycobot_pro450_interfaces/mycobot_pro450_interfaces/msg/detail/mycobot_set_angles__functions.h
[0.979s] -- Installing: /home/amin/cobot/cobot_ws/install/mycobot_pro450_interfaces/include/mycobot_pro450_interfaces/mycobot_pro450_interfaces/msg/detail/mycobot_gripper_status__type_support.c
[0.979s] -- Up-to-date: /home/amin/cobot/cobot_ws/install/mycobot_pro450_interfaces/include/mycobot_pro450_interfaces/mycobot_pro450_interfaces/msg/detail/mycobot_coords__functions.h
[0.979s] -- Installing: /home/amin/cobot/cobot_ws/install/mycobot_pro450_interfaces/include/mycobot_pro450_interfaces/mycobot_pro450_interfaces/msg/detail/mycobot_coords__type_support.c
[0.979s] -- Up-to-date: /home/amin/cobot/cobot_ws/install/mycobot_pro450_interfaces/include/mycobot_pro450_interfaces/mycobot_pro450_interfaces/msg/detail/mycobot_coords__description.c
[0.979s] -- Installing: /home/amin/cobot/cobot_ws/install/mycobot_pro450_interfaces/include/mycobot_pro450_interfaces/mycobot_pro450_interfaces/msg/detail/mycobot_set_coords__type_support.c
[0.979s] -- Up-to-date: /home/amin/cobot/cobot_ws/install/mycobot_pro450_interfaces/include/mycobot_pro450_interfaces/mycobot_pro450_interfaces/msg/detail/mycobot_set_coords__struct.h
[0.979s] -- Up-to-date: /home/amin/cobot/cobot_ws/install/mycobot_pro450_interfaces/include/mycobot_pro450_interfaces/mycobot_pro450_interfaces/msg/detail/mycobot_angles__functions.h
[0.979s] -- Up-to-date: /home/amin/cobot/cobot_ws/install/mycobot_pro450_interfaces/include/mycobot_pro450_interfaces/mycobot_pro450_interfaces/msg/detail/mycobot_gripper_status__struct.h
[0.979s] -- Up-to-date: /home/amin/cobot/cobot_ws/install/mycobot_pro450_interfaces/include/mycobot_pro450_interfaces/mycobot_pro450_interfaces/msg/detail/mycobot_set_coords__description.c
[0.979s] -- Up-to-date: /home/amin/cobot/cobot_ws/install/mycobot_pro450_interfaces/include/mycobot_pro450_interfaces/mycobot_pro450_interfaces/msg/detail/mycobot_set_coords__functions.c
[0.979s] -- Up-to-date: /home/amin/cobot/cobot_ws/install/mycobot_pro450_interfaces/include/mycobot_pro450_interfaces/mycobot_pro450_interfaces/msg/detail/mycobot_coords__functions.c
[0.979s] -- Up-to-date: /home/amin/cobot/cobot_ws/install/mycobot_pro450_interfaces/include/mycobot_pro450_interfaces/mycobot_pro450_interfaces/msg/detail/mycobot_angles__functions.c
[0.980s] -- Up-to-date: /home/amin/cobot/cobot_ws/install/mycobot_pro450_interfaces/include/mycobot_pro450_interfaces/mycobot_pro450_interfaces/msg/detail/mycobot_set_angles__struct.h
[0.980s] -- Up-to-date: /home/amin/cobot/cobot_ws/install/mycobot_pro450_interfaces/include/mycobot_pro450_interfaces/mycobot_pro450_interfaces/msg/detail/mycobot_angles__type_support.h
[0.980s] -- Up-to-date: /home/amin/cobot/cobot_ws/install/mycobot_pro450_interfaces/include/mycobot_pro450_interfaces/mycobot_pro450_interfaces/msg/detail/mycobot_set_angles__type_support.h
[0.980s] -- Up-to-date: /home/amin/cobot/cobot_ws/install/mycobot_pro450_interfaces/include/mycobot_pro450_interfaces/mycobot_pro450_interfaces/msg/detail/mycobot_angles__description.c
[0.980s] -- Up-to-date: /home/amin/cobot/cobot_ws/install/mycobot_pro450_interfaces/include/mycobot_pro450_interfaces/mycobot_pro450_interfaces/msg/rosidl_generator_c__visibility_control.h
[0.980s] -- Up-to-date: /home/amin/cobot/cobot_ws/install/mycobot_pro450_interfaces/include/mycobot_pro450_interfaces/mycobot_pro450_interfaces/msg/mycobot_set_angles.h
[0.980s] -- Up-to-date: /home/amin/cobot/cobot_ws/install/mycobot_pro450_interfaces/include/mycobot_pro450_interfaces/mycobot_pro450_interfaces/msg/mycobot_coords.h
[0.980s] -- Up-to-date: /home/amin/cobot/cobot_ws/install/mycobot_pro450_interfaces/include/mycobot_pro450_interfaces/mycobot_pro450_interfaces/msg/mycobot_angles.h
[0.980s] -- Up-to-date: /home/amin/cobot/cobot_ws/install/mycobot_pro450_interfaces/include/mycobot_pro450_interfaces/mycobot_pro450_interfaces/msg/mycobot_gripper_status.h
[0.980s] -- Up-to-date: /home/amin/cobot/cobot_ws/install/mycobot_pro450_interfaces/include/mycobot_pro450_interfaces/mycobot_pro450_interfaces/msg/mycobot_set_coords.h
[0.980s] -- Up-to-date: /home/amin/cobot/cobot_ws/install/mycobot_pro450_interfaces/share/mycobot_pro450_interfaces/environment/library_path.sh
[0.980s] -- Up-to-date: /home/amin/cobot/cobot_ws/install/mycobot_pro450_interfaces/share/mycobot_pro450_interfaces/environment/library_path.dsv
[0.980s] -- Up-to-date: /home/amin/cobot/cobot_ws/install/mycobot_pro450_interfaces/lib/libmycobot_pro450_interfaces__rosidl_generator_c.so
[0.980s] -- Up-to-date: /home/amin/cobot/cobot_ws/install/mycobot_pro450_interfaces/include/mycobot_pro450_interfaces/mycobot_pro450_interfaces
[0.981s] -- Up-to-date: /home/amin/cobot/cobot_ws/install/mycobot_pro450_interfaces/include/mycobot_pro450_interfaces/mycobot_pro450_interfaces/srv
[0.981s] -- Up-to-date: /home/amin/cobot/cobot_ws/install/mycobot_pro450_interfaces/include/mycobot_pro450_interfaces/mycobot_pro450_interfaces/srv/detail
[0.981s] -- Up-to-date: /home/amin/cobot/cobot_ws/install/mycobot_pro450_interfaces/include/mycobot_pro450_interfaces/mycobot_pro450_interfaces/srv/detail/get_gripper_value__rosidl_typesupport_fastrtps_c.h
[0.981s] -- Up-to-date: /home/amin/cobot/cobot_ws/install/mycobot_pro450_interfaces/include/mycobot_pro450_interfaces/mycobot_pro450_interfaces/srv/detail/get_coords__rosidl_typesupport_fastrtps_c.h
[0.981s] -- Up-to-date: /home/amin/cobot/cobot_ws/install/mycobot_pro450_interfaces/include/mycobot_pro450_interfaces/mycobot_pro450_interfaces/srv/detail/get_angles__rosidl_typesupport_fastrtps_c.h
[0.981s] -- Up-to-date: /home/amin/cobot/cobot_ws/install/mycobot_pro450_interfaces/include/mycobot_pro450_interfaces/mycobot_pro450_interfaces/srv/detail/set_angles__rosidl_typesupport_fastrtps_c.h
[0.981s] -- Up-to-date: /home/amin/cobot/cobot_ws/install/mycobot_pro450_interfaces/include/mycobot_pro450_interfaces/mycobot_pro450_interfaces/srv/detail/gripper_status__rosidl_typesupport_fastrtps_c.h
[0.983s] -- Up-to-date: /home/amin/cobot/cobot_ws/install/mycobot_pro450_interfaces/include/mycobot_pro450_interfaces/mycobot_pro450_interfaces/srv/detail/set_coords__rosidl_typesupport_fastrtps_c.h
[0.983s] -- Up-to-date: /home/amin/cobot/cobot_ws/install/mycobot_pro450_interfaces/include/mycobot_pro450_interfaces/mycobot_pro450_interfaces/msg
[0.983s] -- Up-to-date: /home/amin/cobot/cobot_ws/install/mycobot_pro450_interfaces/include/mycobot_pro450_interfaces/mycobot_pro450_interfaces/msg/detail
[0.983s] -- Up-to-date: /home/amin/cobot/cobot_ws/install/mycobot_pro450_interfaces/include/mycobot_pro450_interfaces/mycobot_pro450_interfaces/msg/detail/mycobot_angles__rosidl_typesupport_fastrtps_c.h
[0.983s] -- Up-to-date: /home/amin/cobot/cobot_ws/install/mycobot_pro450_interfaces/include/mycobot_pro450_interfaces/mycobot_pro450_interfaces/msg/detail/mycobot_set_angles__rosidl_typesupport_fastrtps_c.h
[0.983s] -- Up-to-date: /home/amin/cobot/cobot_ws/install/mycobot_pro450_interfaces/include/mycobot_pro450_interfaces/mycobot_pro450_interfaces/msg/detail/mycobot_coords__rosidl_typesupport_fastrtps_c.h
[0.983s] -- Up-to-date: /home/amin/cobot/cobot_ws/install/mycobot_pro450_interfaces/include/mycobot_pro450_interfaces/mycobot_pro450_interfaces/msg/detail/mycobot_set_coords__rosidl_typesupport_fastrtps_c.h
[0.983s] -- Up-to-date: /home/amin/cobot/cobot_ws/install/mycobot_pro450_interfaces/include/mycobot_pro450_interfaces/mycobot_pro450_interfaces/msg/detail/mycobot_gripper_status__rosidl_typesupport_fastrtps_c.h
[0.984s] -- Up-to-date: /home/amin/cobot/cobot_ws/install/mycobot_pro450_interfaces/include/mycobot_pro450_interfaces/mycobot_pro450_interfaces/msg/rosidl_typesupport_fastrtps_c__visibility_control.h
[0.984s] -- Up-to-date: /home/amin/cobot/cobot_ws/install/mycobot_pro450_interfaces/lib/libmycobot_pro450_interfaces__rosidl_typesupport_fastrtps_c.so
[0.984s] -- Up-to-date: /home/amin/cobot/cobot_ws/install/mycobot_pro450_interfaces/include/mycobot_pro450_interfaces/mycobot_pro450_interfaces
[0.984s] -- Up-to-date: /home/amin/cobot/cobot_ws/install/mycobot_pro450_interfaces/include/mycobot_pro450_interfaces/mycobot_pro450_interfaces/srv
[0.984s] -- Up-to-date: /home/amin/cobot/cobot_ws/install/mycobot_pro450_interfaces/include/mycobot_pro450_interfaces/mycobot_pro450_interfaces/srv/detail
[0.984s] -- Up-to-date: /home/amin/cobot/cobot_ws/install/mycobot_pro450_interfaces/include/mycobot_pro450_interfaces/mycobot_pro450_interfaces/srv/detail/get_gripper_value__rosidl_typesupport_introspection_c.h
[0.984s] -- Installing: /home/amin/cobot/cobot_ws/install/mycobot_pro450_interfaces/include/mycobot_pro450_interfaces/mycobot_pro450_interfaces/srv/detail/get_coords__type_support.c
[0.984s] -- Up-to-date: /home/amin/cobot/cobot_ws/install/mycobot_pro450_interfaces/include/mycobot_pro450_interfaces/mycobot_pro450_interfaces/srv/detail/set_angles__rosidl_typesupport_introspection_c.h
[0.984s] -- Installing: /home/amin/cobot/cobot_ws/install/mycobot_pro450_interfaces/include/mycobot_pro450_interfaces/mycobot_pro450_interfaces/srv/detail/set_coords__type_support.c
[0.984s] -- Installing: /home/amin/cobot/cobot_ws/install/mycobot_pro450_interfaces/include/mycobot_pro450_interfaces/mycobot_pro450_interfaces/srv/detail/get_gripper_value__type_support.c
[0.985s] -- Installing: /home/amin/cobot/cobot_ws/install/mycobot_pro450_interfaces/include/mycobot_pro450_interfaces/mycobot_pro450_interfaces/srv/detail/set_angles__type_support.c
[0.985s] -- Installing: /home/amin/cobot/cobot_ws/install/mycobot_pro450_interfaces/include/mycobot_pro450_interfaces/mycobot_pro450_interfaces/srv/detail/get_angles__type_support.c
[0.985s] -- Up-to-date: /home/amin/cobot/cobot_ws/install/mycobot_pro450_interfaces/include/mycobot_pro450_interfaces/mycobot_pro450_interfaces/srv/detail/get_angles__rosidl_typesupport_introspection_c.h
[0.985s] -- Installing: /home/amin/cobot/cobot_ws/install/mycobot_pro450_interfaces/include/mycobot_pro450_interfaces/mycobot_pro450_interfaces/srv/detail/gripper_status__type_support.c
[0.986s] -- Up-to-date: /home/amin/cobot/cobot_ws/install/mycobot_pro450_interfaces/include/mycobot_pro450_interfaces/mycobot_pro450_interfaces/srv/detail/set_coords__rosidl_typesupport_introspection_c.h
[0.986s] -- Up-to-date: /home/amin/cobot/cobot_ws/install/mycobot_pro450_interfaces/include/mycobot_pro450_interfaces/mycobot_pro450_interfaces/srv/detail/get_coords__rosidl_typesupport_introspection_c.h
[0.986s] -- Up-to-date: /home/amin/cobot/cobot_ws/install/mycobot_pro450_interfaces/include/mycobot_pro450_interfaces/mycobot_pro450_interfaces/srv/detail/gripper_status__rosidl_typesupport_introspection_c.h
[0.986s] -- Up-to-date: /home/amin/cobot/cobot_ws/install/mycobot_pro450_interfaces/include/mycobot_pro450_interfaces/mycobot_pro450_interfaces/msg
[0.986s] -- Up-to-date: /home/amin/cobot/cobot_ws/install/mycobot_pro450_interfaces/include/mycobot_pro450_interfaces/mycobot_pro450_interfaces/msg/detail
[0.987s] -- Up-to-date: /home/amin/cobot/cobot_ws/install/mycobot_pro450_interfaces/include/mycobot_pro450_interfaces/mycobot_pro450_interfaces/msg/detail/mycobot_set_coords__rosidl_typesupport_introspection_c.h
[0.987s] -- Installing: /home/amin/cobot/cobot_ws/install/mycobot_pro450_interfaces/include/mycobot_pro450_interfaces/mycobot_pro450_interfaces/msg/detail/mycobot_set_angles__type_support.c
[0.987s] -- Up-to-date: /home/amin/cobot/cobot_ws/install/mycobot_pro450_interfaces/include/mycobot_pro450_interfaces/mycobot_pro450_interfaces/msg/detail/mycobot_coords__rosidl_typesupport_introspection_c.h
[0.987s] -- Up-to-date: /home/amin/cobot/cobot_ws/install/mycobot_pro450_interfaces/include/mycobot_pro450_interfaces/mycobot_pro450_interfaces/msg/detail/mycobot_angles__rosidl_typesupport_introspection_c.h
[0.987s] -- Installing: /home/amin/cobot/cobot_ws/install/mycobot_pro450_interfaces/include/mycobot_pro450_interfaces/mycobot_pro450_interfaces/msg/detail/mycobot_angles__type_support.c
[0.987s] -- Installing: /home/amin/cobot/cobot_ws/install/mycobot_pro450_interfaces/include/mycobot_pro450_interfaces/mycobot_pro450_interfaces/msg/detail/mycobot_gripper_status__type_support.c
[0.987s] -- Installing: /home/amin/cobot/cobot_ws/install/mycobot_pro450_interfaces/include/mycobot_pro450_interfaces/mycobot_pro450_interfaces/msg/detail/mycobot_coords__type_support.c
[0.987s] -- Installing: /home/amin/cobot/cobot_ws/install/mycobot_pro450_interfaces/include/mycobot_pro450_interfaces/mycobot_pro450_interfaces/msg/detail/mycobot_set_coords__type_support.c
[0.987s] -- Up-to-date: /home/amin/cobot/cobot_ws/install/mycobot_pro450_interfaces/include/mycobot_pro450_interfaces/mycobot_pro450_interfaces/msg/detail/mycobot_gripper_status__rosidl_typesupport_introspection_c.h
[0.988s] -- Up-to-date: /home/amin/cobot/cobot_ws/install/mycobot_pro450_interfaces/include/mycobot_pro450_interfaces/mycobot_pro450_interfaces/msg/detail/mycobot_set_angles__rosidl_typesupport_introspection_c.h
[0.988s] -- Up-to-date: /home/amin/cobot/cobot_ws/install/mycobot_pro450_interfaces/include/mycobot_pro450_interfaces/mycobot_pro450_interfaces/msg/rosidl_typesupport_introspection_c__visibility_control.h
[0.988s] -- Up-to-date: /home/amin/cobot/cobot_ws/install/mycobot_pro450_interfaces/lib/libmycobot_pro450_interfaces__rosidl_typesupport_introspection_c.so
[0.988s] -- Up-to-date: /home/amin/cobot/cobot_ws/install/mycobot_pro450_interfaces/lib/libmycobot_pro450_interfaces__rosidl_typesupport_c.so
[0.988s] -- Up-to-date: /home/amin/cobot/cobot_ws/install/mycobot_pro450_interfaces/include/mycobot_pro450_interfaces/mycobot_pro450_interfaces
[0.988s] -- Up-to-date: /home/amin/cobot/cobot_ws/install/mycobot_pro450_interfaces/include/mycobot_pro450_interfaces/mycobot_pro450_interfaces/srv
[0.988s] -- Up-to-date: /home/amin/cobot/cobot_ws/install/mycobot_pro450_interfaces/include/mycobot_pro450_interfaces/mycobot_pro450_interfaces/srv/set_angles.hpp
[0.988s] -- Up-to-date: /home/amin/cobot/cobot_ws/install/mycobot_pro450_interfaces/include/mycobot_pro450_interfaces/mycobot_pro450_interfaces/srv/get_coords.hpp
[0.988s] -- Up-to-date: /home/amin/cobot/cobot_ws/install/mycobot_pro450_interfaces/include/mycobot_pro450_interfaces/mycobot_pro450_interfaces/srv/gripper_status.hpp
[0.988s] -- Up-to-date: /home/amin/cobot/cobot_ws/install/mycobot_pro450_interfaces/include/mycobot_pro450_interfaces/mycobot_pro450_interfaces/srv/detail
[0.988s] -- Up-to-date: /home/amin/cobot/cobot_ws/install/mycobot_pro450_interfaces/include/mycobot_pro450_interfaces/mycobot_pro450_interfaces/srv/detail/get_coords__type_support.hpp
[0.989s] -- Up-to-date: /home/amin/cobot/cobot_ws/install/mycobot_pro450_interfaces/include/mycobot_pro450_interfaces/mycobot_pro450_interfaces/srv/detail/get_angles__builder.hpp
[0.989s] -- Up-to-date: /home/amin/cobot/cobot_ws/install/mycobot_pro450_interfaces/include/mycobot_pro450_interfaces/mycobot_pro450_interfaces/srv/detail/gripper_status__type_support.hpp
[0.989s] -- Up-to-date: /home/amin/cobot/cobot_ws/install/mycobot_pro450_interfaces/include/mycobot_pro450_interfaces/mycobot_pro450_interfaces/srv/detail/set_angles__traits.hpp
[0.989s] -- Up-to-date: /home/amin/cobot/cobot_ws/install/mycobot_pro450_interfaces/include/mycobot_pro450_interfaces/mycobot_pro450_interfaces/srv/detail/set_angles__builder.hpp
[0.989s] -- Up-to-date: /home/amin/cobot/cobot_ws/install/mycobot_pro450_interfaces/include/mycobot_pro450_interfaces/mycobot_pro450_interfaces/srv/detail/gripper_status__struct.hpp
[0.989s] -- Up-to-date: /home/amin/cobot/cobot_ws/install/mycobot_pro450_interfaces/include/mycobot_pro450_interfaces/mycobot_pro450_interfaces/srv/detail/gripper_status__traits.hpp
[0.989s] -- Up-to-date: /home/amin/cobot/cobot_ws/install/mycobot_pro450_interfaces/include/mycobot_pro450_interfaces/mycobot_pro450_interfaces/srv/detail/set_coords__struct.hpp
[0.989s] -- Up-to-date: /home/amin/cobot/cobot_ws/install/mycobot_pro450_interfaces/include/mycobot_pro450_interfaces/mycobot_pro450_interfaces/srv/detail/set_coords__builder.hpp
[0.989s] -- Up-to-date: /home/amin/cobot/cobot_ws/install/mycobot_pro450_interfaces/include/mycobot_pro450_interfaces/mycobot_pro450_interfaces/srv/detail/get_gripper_value__builder.hpp
[0.989s] -- Up-to-date: /home/amin/cobot/cobot_ws/install/mycobot_pro450_interfaces/include/mycobot_pro450_interfaces/mycobot_pro450_interfaces/srv/detail/get_coords__struct.hpp
[0.989s] -- Up-to-date: /home/amin/cobot/cobot_ws/install/mycobot_pro450_interfaces/include/mycobot_pro450_interfaces/mycobot_pro450_interfaces/srv/detail/gripper_status__builder.hpp
[0.989s] -- Up-to-date: /home/amin/cobot/cobot_ws/install/mycobot_pro450_interfaces/include/mycobot_pro450_interfaces/mycobot_pro450_interfaces/srv/detail/get_gripper_value__struct.hpp
[0.989s] -- Up-to-date: /home/amin/cobot/cobot_ws/install/mycobot_pro450_interfaces/include/mycobot_pro450_interfaces/mycobot_pro450_interfaces/srv/detail/get_gripper_value__type_support.hpp
[0.989s] -- Up-to-date: /home/amin/cobot/cobot_ws/install/mycobot_pro450_interfaces/include/mycobot_pro450_interfaces/mycobot_pro450_interfaces/srv/detail/get_angles__type_support.hpp
[0.990s] -- Up-to-date: /home/amin/cobot/cobot_ws/install/mycobot_pro450_interfaces/include/mycobot_pro450_interfaces/mycobot_pro450_interfaces/srv/detail/get_coords__traits.hpp
[0.990s] -- Up-to-date: /home/amin/cobot/cobot_ws/install/mycobot_pro450_interfaces/include/mycobot_pro450_interfaces/mycobot_pro450_interfaces/srv/detail/get_gripper_value__traits.hpp
[0.990s] -- Up-to-date: /home/amin/cobot/cobot_ws/install/mycobot_pro450_interfaces/include/mycobot_pro450_interfaces/mycobot_pro450_interfaces/srv/detail/set_angles__struct.hpp
[0.990s] -- Up-to-date: /home/amin/cobot/cobot_ws/install/mycobot_pro450_interfaces/include/mycobot_pro450_interfaces/mycobot_pro450_interfaces/srv/detail/get_angles__traits.hpp
[0.990s] -- Up-to-date: /home/amin/cobot/cobot_ws/install/mycobot_pro450_interfaces/include/mycobot_pro450_interfaces/mycobot_pro450_interfaces/srv/detail/get_coords__builder.hpp
[0.990s] -- Up-to-date: /home/amin/cobot/cobot_ws/install/mycobot_pro450_interfaces/include/mycobot_pro450_interfaces/mycobot_pro450_interfaces/srv/detail/set_coords__type_support.hpp
[0.990s] -- Up-to-date: /home/amin/cobot/cobot_ws/install/mycobot_pro450_interfaces/include/mycobot_pro450_interfaces/mycobot_pro450_interfaces/srv/detail/set_angles__type_support.hpp
[0.990s] -- Up-to-date: /home/amin/cobot/cobot_ws/install/mycobot_pro450_interfaces/include/mycobot_pro450_interfaces/mycobot_pro450_interfaces/srv/detail/set_coords__traits.hpp
[0.991s] -- Up-to-date: /home/amin/cobot/cobot_ws/install/mycobot_pro450_interfaces/include/mycobot_pro450_interfaces/mycobot_pro450_interfaces/srv/detail/get_angles__struct.hpp
[0.991s] -- Up-to-date: /home/amin/cobot/cobot_ws/install/mycobot_pro450_interfaces/include/mycobot_pro450_interfaces/mycobot_pro450_interfaces/srv/set_coords.hpp
[0.991s] -- Up-to-date: /home/amin/cobot/cobot_ws/install/mycobot_pro450_interfaces/include/mycobot_pro450_interfaces/mycobot_pro450_interfaces/srv/get_angles.hpp
[0.991s] -- Up-to-date: /home/amin/cobot/cobot_ws/install/mycobot_pro450_interfaces/include/mycobot_pro450_interfaces/mycobot_pro450_interfaces/srv/get_gripper_value.hpp
[0.991s] -- Up-to-date: /home/amin/cobot/cobot_ws/install/mycobot_pro450_interfaces/include/mycobot_pro450_interfaces/mycobot_pro450_interfaces/msg
[0.991s] -- Up-to-date: /home/amin/cobot/cobot_ws/install/mycobot_pro450_interfaces/include/mycobot_pro450_interfaces/mycobot_pro450_interfaces/msg/mycobot_angles.hpp
[0.991s] -- Up-to-date: /home/amin/cobot/cobot_ws/install/mycobot_pro450_interfaces/include/mycobot_pro450_interfaces/mycobot_pro450_interfaces/msg/mycobot_gripper_status.hpp
[0.991s] -- Up-to-date: /home/amin/cobot/cobot_ws/install/mycobot_pro450_interfaces/include/mycobot_pro450_interfaces/mycobot_pro450_interfaces/msg/detail
[0.991s] -- Up-to-date: /home/amin/cobot/cobot_ws/install/mycobot_pro450_interfaces/include/mycobot_pro450_interfaces/mycobot_pro450_interfaces/msg/detail/mycobot_gripper_status__struct.hpp
[0.991s] -- Up-to-date: /home/amin/cobot/cobot_ws/install/mycobot_pro450_interfaces/include/mycobot_pro450_interfaces/mycobot_pro450_interfaces/msg/detail/mycobot_coords__struct.hpp
[0.991s] -- Up-to-date: /home/amin/cobot/cobot_ws/install/mycobot_pro450_interfaces/include/mycobot_pro450_interfaces/mycobot_pro450_interfaces/msg/detail/mycobot_set_angles__type_support.hpp
[0.991s] -- Up-to-date: /home/amin/cobot/cobot_ws/install/mycobot_pro450_interfaces/include/mycobot_pro450_interfaces/mycobot_pro450_interfaces/msg/detail/mycobot_gripper_status__builder.hpp
[0.992s] -- Up-to-date: /home/amin/cobot/cobot_ws/install/mycobot_pro450_interfaces/include/mycobot_pro450_interfaces/mycobot_pro450_interfaces/msg/detail/mycobot_angles__traits.hpp
[0.992s] -- Up-to-date: /home/amin/cobot/cobot_ws/install/mycobot_pro450_interfaces/include/mycobot_pro450_interfaces/mycobot_pro450_interfaces/msg/detail/mycobot_angles__struct.hpp
[0.992s] -- Up-to-date: /home/amin/cobot/cobot_ws/install/mycobot_pro450_interfaces/include/mycobot_pro450_interfaces/mycobot_pro450_interfaces/msg/detail/mycobot_gripper_status__type_support.hpp
[0.992s] -- Up-to-date: /home/amin/cobot/cobot_ws/install/mycobot_pro450_interfaces/include/mycobot_pro450_interfaces/mycobot_pro450_interfaces/msg/detail/mycobot_coords__type_support.hpp
[0.992s] -- Up-to-date: /home/amin/cobot/cobot_ws/install/mycobot_pro450_interfaces/include/mycobot_pro450_interfaces/mycobot_pro450_interfaces/msg/detail/mycobot_gripper_status__traits.hpp
[0.992s] -- Up-to-date: /home/amin/cobot/cobot_ws/install/mycobot_pro450_interfaces/include/mycobot_pro450_interfaces/mycobot_pro450_interfaces/msg/detail/mycobot_angles__builder.hpp
[0.992s] -- Up-to-date: /home/amin/cobot/cobot_ws/install/mycobot_pro450_interfaces/include/mycobot_pro450_interfaces/mycobot_pro450_interfaces/msg/detail/mycobot_set_angles__builder.hpp
[0.992s] -- Up-to-date: /home/amin/cobot/cobot_ws/install/mycobot_pro450_interfaces/include/mycobot_pro450_interfaces/mycobot_pro450_interfaces/msg/detail/mycobot_coords__builder.hpp
[0.992s] -- Up-to-date: /home/amin/cobot/cobot_ws/install/mycobot_pro450_interfaces/include/mycobot_pro450_interfaces/mycobot_pro450_interfaces/msg/detail/mycobot_set_angles__traits.hpp
[0.992s] -- Up-to-date: /home/amin/cobot/cobot_ws/install/mycobot_pro450_interfaces/include/mycobot_pro450_interfaces/mycobot_pro450_interfaces/msg/detail/mycobot_coords__traits.hpp
[0.993s] -- Up-to-date: /home/amin/cobot/cobot_ws/install/mycobot_pro450_interfaces/include/mycobot_pro450_interfaces/mycobot_pro450_interfaces/msg/detail/mycobot_set_coords__type_support.hpp
[0.993s] -- Up-to-date: /home/amin/cobot/cobot_ws/install/mycobot_pro450_interfaces/include/mycobot_pro450_interfaces/mycobot_pro450_interfaces/msg/detail/mycobot_set_angles__struct.hpp
[0.993s] -- Up-to-date: /home/amin/cobot/cobot_ws/install/mycobot_pro450_interfaces/include/mycobot_pro450_interfaces/mycobot_pro450_interfaces/msg/detail/mycobot_set_coords__builder.hpp
[0.993s] -- Up-to-date: /home/amin/cobot/cobot_ws/install/mycobot_pro450_interfaces/include/mycobot_pro450_interfaces/mycobot_pro450_interfaces/msg/detail/mycobot_angles__type_support.hpp
[0.993s] -- Up-to-date: /home/amin/cobot/cobot_ws/install/mycobot_pro450_interfaces/include/mycobot_pro450_interfaces/mycobot_pro450_interfaces/msg/detail/mycobot_set_coords__struct.hpp
[0.993s] -- Up-to-date: /home/amin/cobot/cobot_ws/install/mycobot_pro450_interfaces/include/mycobot_pro450_interfaces/mycobot_pro450_interfaces/msg/detail/mycobot_set_coords__traits.hpp
[0.993s] -- Up-to-date: /home/amin/cobot/cobot_ws/install/mycobot_pro450_interfaces/include/mycobot_pro450_interfaces/mycobot_pro450_interfaces/msg/mycobot_set_coords.hpp
[0.994s] -- Up-to-date: /home/amin/cobot/cobot_ws/install/mycobot_pro450_interfaces/include/mycobot_pro450_interfaces/mycobot_pro450_interfaces/msg/mycobot_set_angles.hpp
[0.994s] -- Up-to-date: /home/amin/cobot/cobot_ws/install/mycobot_pro450_interfaces/include/mycobot_pro450_interfaces/mycobot_pro450_interfaces/msg/rosidl_generator_cpp__visibility_control.hpp
[0.994s] -- Up-to-date: /home/amin/cobot/cobot_ws/install/mycobot_pro450_interfaces/include/mycobot_pro450_interfaces/mycobot_pro450_interfaces/msg/mycobot_coords.hpp
[0.994s] -- Up-to-date: /home/amin/cobot/cobot_ws/install/mycobot_pro450_interfaces/include/mycobot_pro450_interfaces/mycobot_pro450_interfaces
[0.994s] -- Up-to-date: /home/amin/cobot/cobot_ws/install/mycobot_pro450_interfaces/include/mycobot_pro450_interfaces/mycobot_pro450_interfaces/srv
[0.994s] -- Up-to-date: /home/amin/cobot/cobot_ws/install/mycobot_pro450_interfaces/include/mycobot_pro450_interfaces/mycobot_pro450_interfaces/srv/detail
[0.994s] -- Up-to-date: /home/amin/cobot/cobot_ws/install/mycobot_pro450_interfaces/include/mycobot_pro450_interfaces/mycobot_pro450_interfaces/srv/detail/gripper_status__rosidl_typesupport_fastrtps_cpp.hpp
[0.994s] -- Up-to-date: /home/amin/cobot/cobot_ws/install/mycobot_pro450_interfaces/include/mycobot_pro450_interfaces/mycobot_pro450_interfaces/srv/detail/get_gripper_value__rosidl_typesupport_fastrtps_cpp.hpp
[0.994s] -- Up-to-date: /home/amin/cobot/cobot_ws/install/mycobot_pro450_interfaces/include/mycobot_pro450_interfaces/mycobot_pro450_interfaces/srv/detail/dds_fastrtps
[0.994s] -- Up-to-date: /home/amin/cobot/cobot_ws/install/mycobot_pro450_interfaces/include/mycobot_pro450_interfaces/mycobot_pro450_interfaces/srv/detail/get_angles__rosidl_typesupport_fastrtps_cpp.hpp
[0.994s] -- Up-to-date: /home/amin/cobot/cobot_ws/install/mycobot_pro450_interfaces/include/mycobot_pro450_interfaces/mycobot_pro450_interfaces/srv/detail/set_coords__rosidl_typesupport_fastrtps_cpp.hpp
[0.994s] -- Up-to-date: /home/amin/cobot/cobot_ws/install/mycobot_pro450_interfaces/include/mycobot_pro450_interfaces/mycobot_pro450_interfaces/srv/detail/get_coords__rosidl_typesupport_fastrtps_cpp.hpp
[0.994s] -- Up-to-date: /home/amin/cobot/cobot_ws/install/mycobot_pro450_interfaces/include/mycobot_pro450_interfaces/mycobot_pro450_interfaces/srv/detail/set_angles__rosidl_typesupport_fastrtps_cpp.hpp
[0.995s] -- Up-to-date: /home/amin/cobot/cobot_ws/install/mycobot_pro450_interfaces/include/mycobot_pro450_interfaces/mycobot_pro450_interfaces/msg
[0.995s] -- Up-to-date: /home/amin/cobot/cobot_ws/install/mycobot_pro450_interfaces/include/mycobot_pro450_interfaces/mycobot_pro450_interfaces/msg/detail
[0.995s] -- Up-to-date: /home/amin/cobot/cobot_ws/install/mycobot_pro450_interfaces/include/mycobot_pro450_interfaces/mycobot_pro450_interfaces/msg/detail/dds_fastrtps
[0.995s] -- Up-to-date: /home/amin/cobot/cobot_ws/install/mycobot_pro450_interfaces/include/mycobot_pro450_interfaces/mycobot_pro450_interfaces/msg/detail/mycobot_angles__rosidl_typesupport_fastrtps_cpp.hpp
[0.995s] -- Up-to-date: /home/amin/cobot/cobot_ws/install/mycobot_pro450_interfaces/include/mycobot_pro450_interfaces/mycobot_pro450_interfaces/msg/detail/mycobot_set_angles__rosidl_typesupport_fastrtps_cpp.hpp
[0.995s] -- Up-to-date: /home/amin/cobot/cobot_ws/install/mycobot_pro450_interfaces/include/mycobot_pro450_interfaces/mycobot_pro450_interfaces/msg/detail/mycobot_coords__rosidl_typesupport_fastrtps_cpp.hpp
[0.995s] -- Up-to-date: /home/amin/cobot/cobot_ws/install/mycobot_pro450_interfaces/include/mycobot_pro450_interfaces/mycobot_pro450_interfaces/msg/detail/mycobot_gripper_status__rosidl_typesupport_fastrtps_cpp.hpp
[0.995s] -- Up-to-date: /home/amin/cobot/cobot_ws/install/mycobot_pro450_interfaces/include/mycobot_pro450_interfaces/mycobot_pro450_interfaces/msg/detail/mycobot_set_coords__rosidl_typesupport_fastrtps_cpp.hpp
[0.995s] -- Up-to-date: /home/amin/cobot/cobot_ws/install/mycobot_pro450_interfaces/include/mycobot_pro450_interfaces/mycobot_pro450_interfaces/msg/rosidl_typesupport_fastrtps_cpp__visibility_control.h
[0.995s] -- Up-to-date: /home/amin/cobot/cobot_ws/install/mycobot_pro450_interfaces/lib/libmycobot_pro450_interfaces__rosidl_typesupport_fastrtps_cpp.so
[0.996s] -- Up-to-date: /home/amin/cobot/cobot_ws/install/mycobot_pro450_interfaces/include/mycobot_pro450_interfaces/mycobot_pro450_interfaces
[0.996s] -- Up-to-date: /home/amin/cobot/cobot_ws/install/mycobot_pro450_interfaces/include/mycobot_pro450_interfaces/mycobot_pro450_interfaces/srv
[0.996s] -- Up-to-date: /home/amin/cobot/cobot_ws/install/mycobot_pro450_interfaces/include/mycobot_pro450_interfaces/mycobot_pro450_interfaces/srv/detail
[0.996s] -- Up-to-date: /home/amin/cobot/cobot_ws/install/mycobot_pro450_interfaces/include/mycobot_pro450_interfaces/mycobot_pro450_interfaces/srv/detail/set_coords__type_support.cpp
[0.996s] -- Up-to-date: /home/amin/cobot/cobot_ws/install/mycobot_pro450_interfaces/include/mycobot_pro450_interfaces/mycobot_pro450_interfaces/srv/detail/gripper_status__type_support.cpp
[0.996s] -- Up-to-date: /home/amin/cobot/cobot_ws/install/mycobot_pro450_interfaces/include/mycobot_pro450_interfaces/mycobot_pro450_interfaces/srv/detail/gripper_status__rosidl_typesupport_introspection_cpp.hpp
[0.996s] -- Up-to-date: /home/amin/cobot/cobot_ws/install/mycobot_pro450_interfaces/include/mycobot_pro450_interfaces/mycobot_pro450_interfaces/srv/detail/get_coords__type_support.cpp
[0.996s] -- Up-to-date: /home/amin/cobot/cobot_ws/install/mycobot_pro450_interfaces/include/mycobot_pro450_interfaces/mycobot_pro450_interfaces/srv/detail/get_gripper_value__rosidl_typesupport_introspection_cpp.hpp
[0.996s] -- Up-to-date: /home/amin/cobot/cobot_ws/install/mycobot_pro450_interfaces/include/mycobot_pro450_interfaces/mycobot_pro450_interfaces/srv/detail/set_angles__rosidl_typesupport_introspection_cpp.hpp
[0.996s] -- Up-to-date: /home/amin/cobot/cobot_ws/install/mycobot_pro450_interfaces/include/mycobot_pro450_interfaces/mycobot_pro450_interfaces/srv/detail/set_angles__type_support.cpp
[0.996s] -- Up-to-date: /home/amin/cobot/cobot_ws/install/mycobot_pro450_interfaces/include/mycobot_pro450_interfaces/mycobot_pro450_interfaces/srv/detail/get_angles__type_support.cpp
[0.997s] -- Up-to-date: /home/amin/cobot/cobot_ws/install/mycobot_pro450_interfaces/include/mycobot_pro450_interfaces/mycobot_pro450_interfaces/srv/detail/get_gripper_value__type_support.cpp
[0.997s] -- Up-to-date: /home/amin/cobot/cobot_ws/install/mycobot_pro450_interfaces/include/mycobot_pro450_interfaces/mycobot_pro450_interfaces/srv/detail/get_angles__rosidl_typesupport_introspection_cpp.hpp
[0.997s] -- Up-to-date: /home/amin/cobot/cobot_ws/install/mycobot_pro450_interfaces/include/mycobot_pro450_interfaces/mycobot_pro450_interfaces/srv/detail/set_coords__rosidl_typesupport_introspection_cpp.hpp
[0.997s] -- Up-to-date: /home/amin/cobot/cobot_ws/install/mycobot_pro450_interfaces/include/mycobot_pro450_interfaces/mycobot_pro450_interfaces/srv/detail/get_coords__rosidl_typesupport_introspection_cpp.hpp
[0.997s] -- Up-to-date: /home/amin/cobot/cobot_ws/install/mycobot_pro450_interfaces/include/mycobot_pro450_interfaces/mycobot_pro450_interfaces/msg
[0.997s] -- Up-to-date: /home/amin/cobot/cobot_ws/install/mycobot_pro450_interfaces/include/mycobot_pro450_interfaces/mycobot_pro450_interfaces/msg/detail
[0.997s] -- Up-to-date: /home/amin/cobot/cobot_ws/install/mycobot_pro450_interfaces/include/mycobot_pro450_interfaces/mycobot_pro450_interfaces/msg/detail/mycobot_angles__type_support.cpp
[0.997s] -- Up-to-date: /home/amin/cobot/cobot_ws/install/mycobot_pro450_interfaces/include/mycobot_pro450_interfaces/mycobot_pro450_interfaces/msg/detail/mycobot_set_angles__type_support.cpp
[0.998s] -- Up-to-date: /home/amin/cobot/cobot_ws/install/mycobot_pro450_interfaces/include/mycobot_pro450_interfaces/mycobot_pro450_interfaces/msg/detail/mycobot_coords__type_support.cpp
[0.998s] -- Up-to-date: /home/amin/cobot/cobot_ws/install/mycobot_pro450_interfaces/include/mycobot_pro450_interfaces/mycobot_pro450_interfaces/msg/detail/mycobot_angles__rosidl_typesupport_introspection_cpp.hpp
[0.998s] -- Up-to-date: /home/amin/cobot/cobot_ws/install/mycobot_pro450_interfaces/include/mycobot_pro450_interfaces/mycobot_pro450_interfaces/msg/detail/mycobot_set_coords__type_support.cpp
[0.998s] -- Up-to-date: /home/amin/cobot/cobot_ws/install/mycobot_pro450_interfaces/include/mycobot_pro450_interfaces/mycobot_pro450_interfaces/msg/detail/mycobot_gripper_status__type_support.cpp
[0.998s] -- Up-to-date: /home/amin/cobot/cobot_ws/install/mycobot_pro450_interfaces/include/mycobot_pro450_interfaces/mycobot_pro450_interfaces/msg/detail/mycobot_set_coords__rosidl_typesupport_introspection_cpp.hpp
[0.998s] -- Up-to-date: /home/amin/cobot/cobot_ws/install/mycobot_pro450_interfaces/include/mycobot_pro450_interfaces/mycobot_pro450_interfaces/msg/detail/mycobot_set_angles__rosidl_typesupport_introspection_cpp.hpp
[0.998s] -- Up-to-date: /home/amin/cobot/cobot_ws/install/mycobot_pro450_interfaces/include/mycobot_pro450_interfaces/mycobot_pro450_interfaces/msg/detail/mycobot_coords__rosidl_typesupport_introspection_cpp.hpp
[0.998s] -- Up-to-date: /home/amin/cobot/cobot_ws/install/mycobot_pro450_interfaces/include/mycobot_pro450_interfaces/mycobot_pro450_interfaces/msg/detail/mycobot_gripper_status__rosidl_typesupport_introspection_cpp.hpp
[0.999s] -- Up-to-date: /home/amin/cobot/cobot_ws/install/mycobot_pro450_interfaces/lib/libmycobot_pro450_interfaces__rosidl_typesupport_introspection_cpp.so
[0.999s] -- Up-to-date: /home/amin/cobot/cobot_ws/install/mycobot_pro450_interfaces/lib/libmycobot_pro450_interfaces__rosidl_typesupport_cpp.so
[0.999s] -- Up-to-date: /home/amin/cobot/cobot_ws/install/mycobot_pro450_interfaces/share/mycobot_pro450_interfaces/environment/pythonpath.sh
[0.999s] -- Up-to-date: /home/amin/cobot/cobot_ws/install/mycobot_pro450_interfaces/share/mycobot_pro450_interfaces/environment/pythonpath.dsv
[0.999s] -- Up-to-date: /home/amin/cobot/cobot_ws/install/mycobot_pro450_interfaces/lib/python3.12/site-packages/mycobot_pro450_interfaces-1.0.0-py3.12.egg-info
[0.999s] -- Installing: /home/amin/cobot/cobot_ws/install/mycobot_pro450_interfaces/lib/python3.12/site-packages/mycobot_pro450_interfaces-1.0.0-py3.12.egg-info/SOURCES.txt
[0.999s] -- Installing: /home/amin/cobot/cobot_ws/install/mycobot_pro450_interfaces/lib/python3.12/site-packages/mycobot_pro450_interfaces-1.0.0-py3.12.egg-info/PKG-INFO
[0.999s] -- Installing: /home/amin/cobot/cobot_ws/install/mycobot_pro450_interfaces/lib/python3.12/site-packages/mycobot_pro450_interfaces-1.0.0-py3.12.egg-info/top_level.txt
[0.999s] -- Installing: /home/amin/cobot/cobot_ws/install/mycobot_pro450_interfaces/lib/python3.12/site-packages/mycobot_pro450_interfaces-1.0.0-py3.12.egg-info/dependency_links.txt
[1.000s] -- Up-to-date: /home/amin/cobot/cobot_ws/install/mycobot_pro450_interfaces/lib/python3.12/site-packages/mycobot_pro450_interfaces
[1.000s] -- Up-to-date: /home/amin/cobot/cobot_ws/install/mycobot_pro450_interfaces/lib/python3.12/site-packages/mycobot_pro450_interfaces/__init__.py
[1.000s] -- Up-to-date: /home/amin/cobot/cobot_ws/install/mycobot_pro450_interfaces/lib/python3.12/site-packages/mycobot_pro450_interfaces/srv
[1.000s] -- Up-to-date: /home/amin/cobot/cobot_ws/install/mycobot_pro450_interfaces/lib/python3.12/site-packages/mycobot_pro450_interfaces/srv/_get_coords_s.c
[1.000s] -- Up-to-date: /home/amin/cobot/cobot_ws/install/mycobot_pro450_interfaces/lib/python3.12/site-packages/mycobot_pro450_interfaces/srv/_get_angles_s.c
[1.000s] -- Up-to-date: /home/amin/cobot/cobot_ws/install/mycobot_pro450_interfaces/lib/python3.12/site-packages/mycobot_pro450_interfaces/srv/_get_angles.py
[1.000s] -- Up-to-date: /home/amin/cobot/cobot_ws/install/mycobot_pro450_interfaces/lib/python3.12/site-packages/mycobot_pro450_interfaces/srv/_set_angles.py
[1.000s] -- Up-to-date: /home/amin/cobot/cobot_ws/install/mycobot_pro450_interfaces/lib/python3.12/site-packages/mycobot_pro450_interfaces/srv/_set_coords.py
[1.000s] -- Up-to-date: /home/amin/cobot/cobot_ws/install/mycobot_pro450_interfaces/lib/python3.12/site-packages/mycobot_pro450_interfaces/srv/__init__.py
[1.000s] -- Up-to-date: /home/amin/cobot/cobot_ws/install/mycobot_pro450_interfaces/lib/python3.12/site-packages/mycobot_pro450_interfaces/srv/_get_gripper_value_s.c
[1.000s] -- Up-to-date: /home/amin/cobot/cobot_ws/install/mycobot_pro450_interfaces/lib/python3.12/site-packages/mycobot_pro450_interfaces/srv/_get_coords.py
[1.000s] -- Up-to-date: /home/amin/cobot/cobot_ws/install/mycobot_pro450_interfaces/lib/python3.12/site-packages/mycobot_pro450_interfaces/srv/_gripper_status_s.c
[1.001s] -- Up-to-date: /home/amin/cobot/cobot_ws/install/mycobot_pro450_interfaces/lib/python3.12/site-packages/mycobot_pro450_interfaces/srv/_gripper_status.py
[1.001s] -- Up-to-date: /home/amin/cobot/cobot_ws/install/mycobot_pro450_interfaces/lib/python3.12/site-packages/mycobot_pro450_interfaces/srv/_set_coords_s.c
[1.001s] -- Up-to-date: /home/amin/cobot/cobot_ws/install/mycobot_pro450_interfaces/lib/python3.12/site-packages/mycobot_pro450_interfaces/srv/_set_angles_s.c
[1.001s] -- Up-to-date: /home/amin/cobot/cobot_ws/install/mycobot_pro450_interfaces/lib/python3.12/site-packages/mycobot_pro450_interfaces/srv/_get_gripper_value.py
[1.001s] -- Up-to-date: /home/amin/cobot/cobot_ws/install/mycobot_pro450_interfaces/lib/python3.12/site-packages/mycobot_pro450_interfaces/_mycobot_pro450_interfaces_s.ep.rosidl_typesupport_c.c
[1.001s] -- Up-to-date: /home/amin/cobot/cobot_ws/install/mycobot_pro450_interfaces/lib/python3.12/site-packages/mycobot_pro450_interfaces/mycobot_pro450_interfaces_s__rosidl_typesupport_fastrtps_c.so
[1.001s] -- Up-to-date: /home/amin/cobot/cobot_ws/install/mycobot_pro450_interfaces/lib/python3.12/site-packages/mycobot_pro450_interfaces/mycobot_pro450_interfaces_s__rosidl_typesupport_c.so
[1.001s] -- Up-to-date: /home/amin/cobot/cobot_ws/install/mycobot_pro450_interfaces/lib/python3.12/site-packages/mycobot_pro450_interfaces/mycobot_pro450_interfaces_s__rosidl_typesupport_introspection_c.so
[1.001s] -- Up-to-date: /home/amin/cobot/cobot_ws/install/mycobot_pro450_interfaces/lib/python3.12/site-packages/mycobot_pro450_interfaces/_mycobot_pro450_interfaces_s.ep.rosidl_typesupport_fastrtps_c.c
[1.001s] -- Up-to-date: /home/amin/cobot/cobot_ws/install/mycobot_pro450_interfaces/lib/python3.12/site-packages/mycobot_pro450_interfaces/msg
[1.001s] -- Up-to-date: /home/amin/cobot/cobot_ws/install/mycobot_pro450_interfaces/lib/python3.12/site-packages/mycobot_pro450_interfaces/msg/_mycobot_set_angles_s.c
[1.001s] -- Up-to-date: /home/amin/cobot/cobot_ws/install/mycobot_pro450_interfaces/lib/python3.12/site-packages/mycobot_pro450_interfaces/msg/__init__.py
[1.001s] -- Up-to-date: /home/amin/cobot/cobot_ws/install/mycobot_pro450_interfaces/lib/python3.12/site-packages/mycobot_pro450_interfaces/msg/_mycobot_gripper_status.py
[1.002s] -- Up-to-date: /home/amin/cobot/cobot_ws/install/mycobot_pro450_interfaces/lib/python3.12/site-packages/mycobot_pro450_interfaces/msg/_mycobot_set_angles.py
[1.002s] -- Up-to-date: /home/amin/cobot/cobot_ws/install/mycobot_pro450_interfaces/lib/python3.12/site-packages/mycobot_pro450_interfaces/msg/_mycobot_set_coords_s.c
[1.002s] -- Up-to-date: /home/amin/cobot/cobot_ws/install/mycobot_pro450_interfaces/lib/python3.12/site-packages/mycobot_pro450_interfaces/msg/_mycobot_coords_s.c
[1.002s] -- Up-to-date: /home/amin/cobot/cobot_ws/install/mycobot_pro450_interfaces/lib/python3.12/site-packages/mycobot_pro450_interfaces/msg/_mycobot_angles_s.c
[1.002s] -- Up-to-date: /home/amin/cobot/cobot_ws/install/mycobot_pro450_interfaces/lib/python3.12/site-packages/mycobot_pro450_interfaces/msg/_mycobot_set_coords.py
[1.002s] -- Up-to-date: /home/amin/cobot/cobot_ws/install/mycobot_pro450_interfaces/lib/python3.12/site-packages/mycobot_pro450_interfaces/msg/_mycobot_coords.py
[1.002s] -- Up-to-date: /home/amin/cobot/cobot_ws/install/mycobot_pro450_interfaces/lib/python3.12/site-packages/mycobot_pro450_interfaces/msg/_mycobot_angles.py
[1.002s] -- Up-to-date: /home/amin/cobot/cobot_ws/install/mycobot_pro450_interfaces/lib/python3.12/site-packages/mycobot_pro450_interfaces/msg/_mycobot_gripper_status_s.c
[1.002s] -- Up-to-date: /home/amin/cobot/cobot_ws/install/mycobot_pro450_interfaces/lib/python3.12/site-packages/mycobot_pro450_interfaces/_mycobot_pro450_interfaces_s.ep.rosidl_typesupport_introspection_c.c
[1.018s] Listing '/home/amin/cobot/cobot_ws/install/mycobot_pro450_interfaces/lib/python3.12/site-packages/mycobot_pro450_interfaces'...
[1.018s] Listing '/home/amin/cobot/cobot_ws/install/mycobot_pro450_interfaces/lib/python3.12/site-packages/mycobot_pro450_interfaces/msg'...
[1.019s] Listing '/home/amin/cobot/cobot_ws/install/mycobot_pro450_interfaces/lib/python3.12/site-packages/mycobot_pro450_interfaces/srv'...
[1.023s] -- Up-to-date: /home/amin/cobot/cobot_ws/install/mycobot_pro450_interfaces/lib/python3.12/site-packages/mycobot_pro450_interfaces/mycobot_pro450_interfaces_s__rosidl_typesupport_fastrtps_c.so
[1.023s] -- Up-to-date: /home/amin/cobot/cobot_ws/install/mycobot_pro450_interfaces/lib/python3.12/site-packages/mycobot_pro450_interfaces/mycobot_pro450_interfaces_s__rosidl_typesupport_introspection_c.so
[1.023s] -- Up-to-date: /home/amin/cobot/cobot_ws/install/mycobot_pro450_interfaces/lib/python3.12/site-packages/mycobot_pro450_interfaces/mycobot_pro450_interfaces_s__rosidl_typesupport_c.so
[1.023s] -- Up-to-date: /home/amin/cobot/cobot_ws/install/mycobot_pro450_interfaces/lib/libmycobot_pro450_interfaces__rosidl_generator_py.so
[1.024s] -- Up-to-date: /home/amin/cobot/cobot_ws/install/mycobot_pro450_interfaces/share/mycobot_pro450_interfaces/msg/MycobotAngles.idl
[1.024s] -- Up-to-date: /home/amin/cobot/cobot_ws/install/mycobot_pro450_interfaces/share/mycobot_pro450_interfaces/msg/MycobotCoords.idl
[1.024s] -- Up-to-date: /home/amin/cobot/cobot_ws/install/mycobot_pro450_interfaces/share/mycobot_pro450_interfaces/msg/MycobotSetAngles.idl
[1.024s] -- Up-to-date: /home/amin/cobot/cobot_ws/install/mycobot_pro450_interfaces/share/mycobot_pro450_interfaces/msg/MycobotSetCoords.idl
[1.024s] -- Up-to-date: /home/amin/cobot/cobot_ws/install/mycobot_pro450_interfaces/share/mycobot_pro450_interfaces/msg/MycobotGripperStatus.idl
[1.024s] -- Up-to-date: /home/amin/cobot/cobot_ws/install/mycobot_pro450_interfaces/share/mycobot_pro450_interfaces/srv/GetAngles.idl
[1.024s] -- Up-to-date: /home/amin/cobot/cobot_ws/install/mycobot_pro450_interfaces/share/mycobot_pro450_interfaces/srv/SetAngles.idl
[1.024s] -- Up-to-date: /home/amin/cobot/cobot_ws/install/mycobot_pro450_interfaces/share/mycobot_pro450_interfaces/srv/GetCoords.idl
[1.024s] -- Up-to-date: /home/amin/cobot/cobot_ws/install/mycobot_pro450_interfaces/share/mycobot_pro450_interfaces/srv/SetCoords.idl
[1.024s] -- Up-to-date: /home/amin/cobot/cobot_ws/install/mycobot_pro450_interfaces/share/mycobot_pro450_interfaces/srv/GripperStatus.idl
[1.025s] -- Up-to-date: /home/amin/cobot/cobot_ws/install/mycobot_pro450_interfaces/share/mycobot_pro450_interfaces/srv/GetGripperValue.idl
[1.025s] -- Up-to-date: /home/amin/cobot/cobot_ws/install/mycobot_pro450_interfaces/share/mycobot_pro450_interfaces/msg/MycobotAngles.msg
[1.025s] -- Up-to-date: /home/amin/cobot/cobot_ws/install/mycobot_pro450_interfaces/share/mycobot_pro450_interfaces/msg/MycobotCoords.msg
[1.025s] -- Up-to-date: /home/amin/cobot/cobot_ws/install/mycobot_pro450_interfaces/share/mycobot_pro450_interfaces/msg/MycobotSetAngles.msg
[1.025s] -- Up-to-date: /home/amin/cobot/cobot_ws/install/mycobot_pro450_interfaces/share/mycobot_pro450_interfaces/msg/MycobotSetCoords.msg
[1.025s] -- Up-to-date: /home/amin/cobot/cobot_ws/install/mycobot_pro450_interfaces/share/mycobot_pro450_interfaces/msg/MycobotGripperStatus.msg
[1.025s] -- Up-to-date: /home/amin/cobot/cobot_ws/install/mycobot_pro450_interfaces/share/mycobot_pro450_interfaces/srv/GetAngles.srv
[1.025s] -- Up-to-date: /home/amin/cobot/cobot_ws/install/mycobot_pro450_interfaces/share/mycobot_pro450_interfaces/srv/SetAngles.srv
[1.025s] -- Up-to-date: /home/amin/cobot/cobot_ws/install/mycobot_pro450_interfaces/share/mycobot_pro450_interfaces/srv/GetCoords.srv
[1.025s] -- Up-to-date: /home/amin/cobot/cobot_ws/install/mycobot_pro450_interfaces/share/mycobot_pro450_interfaces/srv/SetCoords.srv
[1.025s] -- Up-to-date: /home/amin/cobot/cobot_ws/install/mycobot_pro450_interfaces/share/mycobot_pro450_interfaces/srv/GripperStatus.srv
[1.025s] -- Up-to-date: /home/amin/cobot/cobot_ws/install/mycobot_pro450_interfaces/share/mycobot_pro450_interfaces/srv/GetGripperValue.srv
[1.026s] -- Up-to-date: /home/amin/cobot/cobot_ws/install/mycobot_pro450_interfaces/share/ament_index/resource_index/package_run_dependencies/mycobot_pro450_interfaces
[1.026s] -- Up-to-date: /home/amin/cobot/cobot_ws/install/mycobot_pro450_interfaces/share/ament_index/resource_index/parent_prefix_path/mycobot_pro450_interfaces
[1.026s] -- Up-to-date: /home/amin/cobot/cobot_ws/install/mycobot_pro450_interfaces/share/mycobot_pro450_interfaces/environment/ament_prefix_path.sh
[1.026s] -- Up-to-date: /home/amin/cobot/cobot_ws/install/mycobot_pro450_interfaces/share/mycobot_pro450_interfaces/environment/ament_prefix_path.dsv
[1.026s] -- Up-to-date: /home/amin/cobot/cobot_ws/install/mycobot_pro450_interfaces/share/mycobot_pro450_interfaces/environment/path.sh
[1.026s] -- Up-to-date: /home/amin/cobot/cobot_ws/install/mycobot_pro450_interfaces/share/mycobot_pro450_interfaces/environment/path.dsv
[1.026s] -- Up-to-date: /home/amin/cobot/cobot_ws/install/mycobot_pro450_interfaces/share/mycobot_pro450_interfaces/local_setup.bash
[1.026s] -- Up-to-date: /home/amin/cobot/cobot_ws/install/mycobot_pro450_interfaces/share/mycobot_pro450_interfaces/local_setup.sh
[1.026s] -- Up-to-date: /home/amin/cobot/cobot_ws/install/mycobot_pro450_interfaces/share/mycobot_pro450_interfaces/local_setup.zsh
[1.026s] -- Up-to-date: /home/amin/cobot/cobot_ws/install/mycobot_pro450_interfaces/share/mycobot_pro450_interfaces/local_setup.dsv
[1.026s] -- Installing: /home/amin/cobot/cobot_ws/install/mycobot_pro450_interfaces/share/mycobot_pro450_interfaces/package.dsv
[1.026s] -- Up-to-date: /home/amin/cobot/cobot_ws/install/mycobot_pro450_interfaces/share/ament_index/resource_index/packages/mycobot_pro450_interfaces
[1.027s] -- Up-to-date: /home/amin/cobot/cobot_ws/install/mycobot_pro450_interfaces/share/mycobot_pro450_interfaces/cmake/export_mycobot_pro450_interfaces__rosidl_generator_cExport.cmake
[1.027s] -- Up-to-date: /home/amin/cobot/cobot_ws/install/mycobot_pro450_interfaces/share/mycobot_pro450_interfaces/cmake/export_mycobot_pro450_interfaces__rosidl_generator_cExport-noconfig.cmake
[1.027s] -- Up-to-date: /home/amin/cobot/cobot_ws/install/mycobot_pro450_interfaces/share/mycobot_pro450_interfaces/cmake/export_mycobot_pro450_interfaces__rosidl_typesupport_fastrtps_cExport.cmake
[1.027s] -- Up-to-date: /home/amin/cobot/cobot_ws/install/mycobot_pro450_interfaces/share/mycobot_pro450_interfaces/cmake/export_mycobot_pro450_interfaces__rosidl_typesupport_fastrtps_cExport-noconfig.cmake
[1.027s] -- Up-to-date: /home/amin/cobot/cobot_ws/install/mycobot_pro450_interfaces/share/mycobot_pro450_interfaces/cmake/mycobot_pro450_interfaces__rosidl_typesupport_introspection_cExport.cmake
[1.027s] -- Up-to-date: /home/amin/cobot/cobot_ws/install/mycobot_pro450_interfaces/share/mycobot_pro450_interfaces/cmake/mycobot_pro450_interfaces__rosidl_typesupport_introspection_cExport-noconfig.cmake
[1.027s] -- Up-to-date: /home/amin/cobot/cobot_ws/install/mycobot_pro450_interfaces/share/mycobot_pro450_interfaces/cmake/mycobot_pro450_interfaces__rosidl_typesupport_cExport.cmake
[1.027s] -- Up-to-date: /home/amin/cobot/cobot_ws/install/mycobot_pro450_interfaces/share/mycobot_pro450_interfaces/cmake/mycobot_pro450_interfaces__rosidl_typesupport_cExport-noconfig.cmake
[1.027s] -- Up-to-date: /home/amin/cobot/cobot_ws/install/mycobot_pro450_interfaces/share/mycobot_pro450_interfaces/cmake/export_mycobot_pro450_interfaces__rosidl_generator_cppExport.cmake
[1.027s] -- Up-to-date: /home/amin/cobot/cobot_ws/install/mycobot_pro450_interfaces/share/mycobot_pro450_interfaces/cmake/export_mycobot_pro450_interfaces__rosidl_typesupport_fastrtps_cppExport.cmake
[1.027s] -- Up-to-date: /home/amin/cobot/cobot_ws/install/mycobot_pro450_interfaces/share/mycobot_pro450_interfaces/cmake/export_mycobot_pro450_interfaces__rosidl_typesupport_fastrtps_cppExport-noconfig.cmake
[1.027s] -- Up-to-date: /home/amin/cobot/cobot_ws/install/mycobot_pro450_interfaces/share/mycobot_pro450_interfaces/cmake/mycobot_pro450_interfaces__rosidl_typesupport_introspection_cppExport.cmake
[1.028s] -- Up-to-date: /home/amin/cobot/cobot_ws/install/mycobot_pro450_interfaces/share/mycobot_pro450_interfaces/cmake/mycobot_pro450_interfaces__rosidl_typesupport_introspection_cppExport-noconfig.cmake
[1.028s] -- Up-to-date: /home/amin/cobot/cobot_ws/install/mycobot_pro450_interfaces/share/mycobot_pro450_interfaces/cmake/mycobot_pro450_interfaces__rosidl_typesupport_cppExport.cmake
[1.028s] -- Up-to-date: /home/amin/cobot/cobot_ws/install/mycobot_pro450_interfaces/share/mycobot_pro450_interfaces/cmake/mycobot_pro450_interfaces__rosidl_typesupport_cppExport-noconfig.cmake
[1.028s] -- Up-to-date: /home/amin/cobot/cobot_ws/install/mycobot_pro450_interfaces/share/mycobot_pro450_interfaces/cmake/export_mycobot_pro450_interfaces__rosidl_generator_pyExport.cmake
[1.028s] -- Up-to-date: /home/amin/cobot/cobot_ws/install/mycobot_pro450_interfaces/share/mycobot_pro450_interfaces/cmake/export_mycobot_pro450_interfaces__rosidl_generator_pyExport-noconfig.cmake
[1.028s] -- Up-to-date: /home/amin/cobot/cobot_ws/install/mycobot_pro450_interfaces/share/mycobot_pro450_interfaces/cmake/rosidl_cmake-extras.cmake
[1.028s] -- Up-to-date: /home/amin/cobot/cobot_ws/install/mycobot_pro450_interfaces/share/mycobot_pro450_interfaces/cmake/ament_cmake_export_dependencies-extras.cmake
[1.028s] -- Up-to-date: /home/amin/cobot/cobot_ws/install/mycobot_pro450_interfaces/share/mycobot_pro450_interfaces/cmake/ament_cmake_export_include_directories-extras.cmake
[1.028s] -- Up-to-date: /home/amin/cobot/cobot_ws/install/mycobot_pro450_interfaces/share/mycobot_pro450_interfaces/cmake/ament_cmake_export_libraries-extras.cmake
[1.028s] -- Up-to-date: /home/amin/cobot/cobot_ws/install/mycobot_pro450_interfaces/share/mycobot_pro450_interfaces/cmake/ament_cmake_export_targets-extras.cmake
[1.028s] -- Up-to-date: /home/amin/cobot/cobot_ws/install/mycobot_pro450_interfaces/share/mycobot_pro450_interfaces/cmake/rosidl_cmake_export_typesupport_targets-extras.cmake
[1.028s] -- Up-to-date: /home/amin/cobot/cobot_ws/install/mycobot_pro450_interfaces/share/mycobot_pro450_interfaces/cmake/rosidl_cmake_export_typesupport_libraries-extras.cmake
[1.028s] -- Up-to-date: /home/amin/cobot/cobot_ws/install/mycobot_pro450_interfaces/share/mycobot_pro450_interfaces/cmake/mycobot_pro450_interfacesConfig.cmake
[1.029s] -- Up-to-date: /home/amin/cobot/cobot_ws/install/mycobot_pro450_interfaces/share/mycobot_pro450_interfaces/cmake/mycobot_pro450_interfacesConfig-version.cmake
[1.029s] -- Up-to-date: /home/amin/cobot/cobot_ws/install/mycobot_pro450_interfaces/share/mycobot_pro450_interfaces/package.xml
[1.353s] Invoked command in '/home/amin/cobot/cobot_ws/build/mycobot_pro450_interfaces' returned '0': CMAKE_PREFIX_PATH=${CMAKE_PREFIX_PATH}:/home/amin/cobot/cobot_ws/install/ultraarm:/home/amin/cobot/cobot_ws/install/pro450_moveit2_control:/home/amin/cobot/cobot_ws/install/mypalletizer_communication:/home/amin/cobot/cobot_ws/install/mypalletizer_260_pi:/home/amin/cobot/cobot_ws/install/mypalletizer_260:/home/amin/cobot/cobot_ws/install/mycobot_pro_450:/home/amin/cobot/cobot_ws/install/myarm_m750:/home/amin/cobot/cobot_ws/install/myarm_c650:/home/amin/cobot/cobot_ws/install/mycobot_communication:/home/amin/cobot/cobot_ws/install/mecharm_communication:/home/amin/cobot/cobot_ws/install/mycobot_630:/home/amin/cobot/cobot_ws/install/mycobot_600:/home/amin/cobot/cobot_ws/install/mycobot_320pi:/home/amin/cobot/cobot_ws/install/mycobot_320_riscv:/home/amin/cobot/cobot_ws/install/mycobot_320:/home/amin/cobot/cobot_ws/install/mycobot_280pi:/home/amin/cobot/cobot_ws/install/mycobot_280jn:/home/amin/cobot/cobot_ws/install/mycobot_280_x3pi:/home/amin/cobot/cobot_ws/install/mycobot_280_riscv:/home/amin/cobot/cobot_ws/install/mycobot_280_rdkx5:/home/amin/cobot/cobot_ws/install/mycobot_280_moveit2_control:/home/amin/cobot/cobot_ws/install/mycobot_280_arduino:/home/amin/cobot/cobot_ws/install/mycobot_280:/home/amin/cobot/cobot_ws/install/mybuddy:/home/amin/cobot/cobot_ws/install/myarm_300:/home/amin/cobot/cobot_ws/install/mecharm_pi:/home/amin/cobot/cobot_ws/install/mecharm:/home/amin/cobot/cobot_ws/install/mycobot_description:/opt/ros/jazzy DEBUGINFOD_URLS=https://debuginfod.ubuntu.com /usr/bin/cmake --install /home/amin/cobot/cobot_ws/build/mycobot_pro450_interfaces
