[1.074s] Invoking command in '/home/amin/cobot/cobot_ws/build/mycobot_280rdkx5_moveit2': AMENT_PREFIX_PATH=/home/amin/cobot/cobot_ws/install/mycobot_description:${AMENT_PREFIX_PATH} CMAKE_PREFIX_PATH=${CMAKE_PREFIX_PATH}:/opt/ros/jazzy DEBUGINFOD_URLS=https://debuginfod.ubuntu.com PYTHONPATH=/home/amin/cobot/cobot_ws/install/mycobot_description/lib/python3.12/site-packages:${PYTHONPATH} /usr/bin/cmake /home/amin/cobot/cobot_ws/src/mycobot_ros2/mycobot_280/mycobot_280rdkx5_moveit2 -DCMAKE_INSTALL_PREFIX=/home/amin/cobot/cobot_ws/install/mycobot_280rdkx5_moveit2
[1.262s] -- The C compiler identification is GNU 13.3.0
[1.422s] -- The CXX compiler identification is GNU 13.3.0
[1.454s] -- Detecting C compiler ABI info
[1.743s] -- Detecting C compiler ABI info - done
[1.780s] -- Check for working C compiler: /usr/bin/cc - skipped
[1.781s] -- Detecting C compile features
[1.781s] -- Detecting C compile features - done
[1.810s] -- Detecting CXX compiler ABI info
[2.214s] -- Detecting CXX compiler ABI info - done
[2.307s] -- Check for working CXX compiler: /usr/bin/c++ - skipped
[2.314s] -- Detecting CXX compile features
[2.314s] -- Detecting CXX compile features - done
[2.344s] -- Found ament_cmake: 2.5.4 (/opt/ros/jazzy/share/ament_cmake/cmake)
[2.988s] -- Found Python3: /usr/bin/python3 (found version "3.12.3") found components: Interpreter 
[3.917s] -- Configuring done (2.8s)
[3.924s] -- Generating done (0.0s)
[3.930s] -- Build files have been written to: /home/amin/cobot/cobot_ws/build/mycobot_280rdkx5_moveit2
[3.970s] Invoked command in '/home/amin/cobot/cobot_ws/build/mycobot_280rdkx5_moveit2' returned '0': AMENT_PREFIX_PATH=/home/amin/cobot/cobot_ws/install/mycobot_description:${AMENT_PREFIX_PATH} CMAKE_PREFIX_PATH=${CMAKE_PREFIX_PATH}:/opt/ros/jazzy DEBUGINFOD_URLS=https://debuginfod.ubuntu.com PYTHONPATH=/home/amin/cobot/cobot_ws/install/mycobot_description/lib/python3.12/site-packages:${PYTHONPATH} /usr/bin/cmake /home/amin/cobot/cobot_ws/src/mycobot_ros2/mycobot_280/mycobot_280rdkx5_moveit2 -DCMAKE_INSTALL_PREFIX=/home/amin/cobot/cobot_ws/install/mycobot_280rdkx5_moveit2
[3.971s] Invoking command in '/home/amin/cobot/cobot_ws/build/mycobot_280rdkx5_moveit2': AMENT_PREFIX_PATH=/home/amin/cobot/cobot_ws/install/mycobot_description:${AMENT_PREFIX_PATH} CMAKE_PREFIX_PATH=${CMAKE_PREFIX_PATH}:/opt/ros/jazzy DEBUGINFOD_URLS=https://debuginfod.ubuntu.com PYTHONPATH=/home/amin/cobot/cobot_ws/install/mycobot_description/lib/python3.12/site-packages:${PYTHONPATH} /usr/bin/cmake --build /home/amin/cobot/cobot_ws/build/mycobot_280rdkx5_moveit2 -- -j8 -l8
[4.574s] Invoked command in '/home/amin/cobot/cobot_ws/build/mycobot_280rdkx5_moveit2' returned '0': AMENT_PREFIX_PATH=/home/amin/cobot/cobot_ws/install/mycobot_description:${AMENT_PREFIX_PATH} CMAKE_PREFIX_PATH=${CMAKE_PREFIX_PATH}:/opt/ros/jazzy DEBUGINFOD_URLS=https://debuginfod.ubuntu.com PYTHONPATH=/home/amin/cobot/cobot_ws/install/mycobot_description/lib/python3.12/site-packages:${PYTHONPATH} /usr/bin/cmake --build /home/amin/cobot/cobot_ws/build/mycobot_280rdkx5_moveit2 -- -j8 -l8
[4.575s] Invoking command in '/home/amin/cobot/cobot_ws/build/mycobot_280rdkx5_moveit2': AMENT_PREFIX_PATH=/home/amin/cobot/cobot_ws/install/mycobot_description:${AMENT_PREFIX_PATH} CMAKE_PREFIX_PATH=${CMAKE_PREFIX_PATH}:/opt/ros/jazzy DEBUGINFOD_URLS=https://debuginfod.ubuntu.com PYTHONPATH=/home/amin/cobot/cobot_ws/install/mycobot_description/lib/python3.12/site-packages:${PYTHONPATH} /usr/bin/cmake --install /home/amin/cobot/cobot_ws/build/mycobot_280rdkx5_moveit2
[4.612s] -- Install configuration: ""
[4.612s] -- Installing: /home/amin/cobot/cobot_ws/install/mycobot_280rdkx5_moveit2/share/ament_index/resource_index/package_run_dependencies/mycobot_280rdkx5_moveit2
[4.612s] -- Installing: /home/amin/cobot/cobot_ws/install/mycobot_280rdkx5_moveit2/share/ament_index/resource_index/parent_prefix_path/mycobot_280rdkx5_moveit2
[4.615s] -- Installing: /home/amin/cobot/cobot_ws/install/mycobot_280rdkx5_moveit2/share/mycobot_280rdkx5_moveit2/environment/ament_prefix_path.sh
[4.616s] -- Installing: /home/amin/cobot/cobot_ws/install/mycobot_280rdkx5_moveit2/share/mycobot_280rdkx5_moveit2/environment/ament_prefix_path.dsv
[4.616s] -- Installing: /home/amin/cobot/cobot_ws/install/mycobot_280rdkx5_moveit2/share/mycobot_280rdkx5_moveit2/environment/path.sh
[4.616s] -- Installing: /home/amin/cobot/cobot_ws/install/mycobot_280rdkx5_moveit2/share/mycobot_280rdkx5_moveit2/environment/path.dsv
[4.616s] -- Installing: /home/amin/cobot/cobot_ws/install/mycobot_280rdkx5_moveit2/share/mycobot_280rdkx5_moveit2/local_setup.bash
[4.616s] -- Installing: /home/amin/cobot/cobot_ws/install/mycobot_280rdkx5_moveit2/share/mycobot_280rdkx5_moveit2/local_setup.sh
[4.616s] -- Installing: /home/amin/cobot/cobot_ws/install/mycobot_280rdkx5_moveit2/share/mycobot_280rdkx5_moveit2/local_setup.zsh
[4.617s] -- Installing: /home/amin/cobot/cobot_ws/install/mycobot_280rdkx5_moveit2/share/mycobot_280rdkx5_moveit2/local_setup.dsv
[4.617s] -- Installing: /home/amin/cobot/cobot_ws/install/mycobot_280rdkx5_moveit2/share/mycobot_280rdkx5_moveit2/package.dsv
[4.620s] -- Installing: /home/amin/cobot/cobot_ws/install/mycobot_280rdkx5_moveit2/share/ament_index/resource_index/packages/mycobot_280rdkx5_moveit2
[4.621s] -- Installing: /home/amin/cobot/cobot_ws/install/mycobot_280rdkx5_moveit2/share/mycobot_280rdkx5_moveit2/cmake/mycobot_280rdkx5_moveit2Config.cmake
[4.621s] -- Installing: /home/amin/cobot/cobot_ws/install/mycobot_280rdkx5_moveit2/share/mycobot_280rdkx5_moveit2/cmake/mycobot_280rdkx5_moveit2Config-version.cmake
[4.621s] -- Installing: /home/amin/cobot/cobot_ws/install/mycobot_280rdkx5_moveit2/share/mycobot_280rdkx5_moveit2/package.xml
[4.621s] -- Installing: /home/amin/cobot/cobot_ws/install/mycobot_280rdkx5_moveit2/share/mycobot_280rdkx5_moveit2/launch
[4.621s] -- Installing: /home/amin/cobot/cobot_ws/install/mycobot_280rdkx5_moveit2/share/mycobot_280rdkx5_moveit2/launch/warehouse_db.launch.py
[4.622s] -- Installing: /home/amin/cobot/cobot_ws/install/mycobot_280rdkx5_moveit2/share/mycobot_280rdkx5_moveit2/launch/rsp.launch.py
[4.626s] -- Installing: /home/amin/cobot/cobot_ws/install/mycobot_280rdkx5_moveit2/share/mycobot_280rdkx5_moveit2/launch/move_group.launch.py
[4.626s] -- Installing: /home/amin/cobot/cobot_ws/install/mycobot_280rdkx5_moveit2/share/mycobot_280rdkx5_moveit2/launch/setup_assistant.launch.py
[4.626s] -- Installing: /home/amin/cobot/cobot_ws/install/mycobot_280rdkx5_moveit2/share/mycobot_280rdkx5_moveit2/launch/spawn_controllers.launch.py
[4.626s] -- Installing: /home/amin/cobot/cobot_ws/install/mycobot_280rdkx5_moveit2/share/mycobot_280rdkx5_moveit2/launch/demo.launch.py
[4.627s] -- Installing: /home/amin/cobot/cobot_ws/install/mycobot_280rdkx5_moveit2/share/mycobot_280rdkx5_moveit2/launch/moveit_rviz.launch.py
[4.627s] -- Installing: /home/amin/cobot/cobot_ws/install/mycobot_280rdkx5_moveit2/share/mycobot_280rdkx5_moveit2/launch/static_virtual_joint_tfs.launch.py
[4.627s] -- Installing: /home/amin/cobot/cobot_ws/install/mycobot_280rdkx5_moveit2/share/mycobot_280rdkx5_moveit2/config
[4.627s] -- Installing: /home/amin/cobot/cobot_ws/install/mycobot_280rdkx5_moveit2/share/mycobot_280rdkx5_moveit2/config/pilz_cartesian_limits.yaml
[4.627s] -- Installing: /home/amin/cobot/cobot_ws/install/mycobot_280rdkx5_moveit2/share/mycobot_280rdkx5_moveit2/config/joint_limits.yaml
[4.627s] -- Installing: /home/amin/cobot/cobot_ws/install/mycobot_280rdkx5_moveit2/share/mycobot_280rdkx5_moveit2/config/sensors_3d.yaml
[4.627s] -- Installing: /home/amin/cobot/cobot_ws/install/mycobot_280rdkx5_moveit2/share/mycobot_280rdkx5_moveit2/config/kinematics.yaml
[4.628s] -- Installing: /home/amin/cobot/cobot_ws/install/mycobot_280rdkx5_moveit2/share/mycobot_280rdkx5_moveit2/config/moveit.rviz
[4.628s] -- Installing: /home/amin/cobot/cobot_ws/install/mycobot_280rdkx5_moveit2/share/mycobot_280rdkx5_moveit2/config/firefighter.srdf
[4.628s] -- Installing: /home/amin/cobot/cobot_ws/install/mycobot_280rdkx5_moveit2/share/mycobot_280rdkx5_moveit2/config/ros2_controllers.yaml
[4.628s] -- Installing: /home/amin/cobot/cobot_ws/install/mycobot_280rdkx5_moveit2/share/mycobot_280rdkx5_moveit2/config/firefighter.ros2_control.xacro
[4.629s] -- Installing: /home/amin/cobot/cobot_ws/install/mycobot_280rdkx5_moveit2/share/mycobot_280rdkx5_moveit2/config/moveit_controllers.yaml
[4.629s] -- Installing: /home/amin/cobot/cobot_ws/install/mycobot_280rdkx5_moveit2/share/mycobot_280rdkx5_moveit2/config/firefighter.urdf.xacro
[4.629s] -- Installing: /home/amin/cobot/cobot_ws/install/mycobot_280rdkx5_moveit2/share/mycobot_280rdkx5_moveit2/config/initial_positions.yaml
[4.629s] -- Installing: /home/amin/cobot/cobot_ws/install/mycobot_280rdkx5_moveit2/share/mycobot_280rdkx5_moveit2/.setup_assistant
[4.637s] Invoked command in '/home/amin/cobot/cobot_ws/build/mycobot_280rdkx5_moveit2' returned '0': AMENT_PREFIX_PATH=/home/amin/cobot/cobot_ws/install/mycobot_description:${AMENT_PREFIX_PATH} CMAKE_PREFIX_PATH=${CMAKE_PREFIX_PATH}:/opt/ros/jazzy DEBUGINFOD_URLS=https://debuginfod.ubuntu.com PYTHONPATH=/home/amin/cobot/cobot_ws/install/mycobot_description/lib/python3.12/site-packages:${PYTHONPATH} /usr/bin/cmake --install /home/amin/cobot/cobot_ws/build/mycobot_280rdkx5_moveit2
