/home/amin/cobot/cobot_ws/install/mycobot_280_x3pi/lib/python3.12/site-packages/mycobot_280_x3pi/opencv_camera.py
/home/amin/cobot/cobot_ws/install/mycobot_280_x3pi/lib/python3.12/site-packages/mycobot_280_x3pi/camera_display.py
/home/amin/cobot/cobot_ws/install/mycobot_280_x3pi/lib/python3.12/site-packages/mycobot_280_x3pi/listen_real.py
/home/amin/cobot/cobot_ws/install/mycobot_280_x3pi/lib/python3.12/site-packages/mycobot_280_x3pi/listen_real_of_topic.py
/home/amin/cobot/cobot_ws/install/mycobot_280_x3pi/lib/python3.12/site-packages/mycobot_280_x3pi/slider_control.py
/home/amin/cobot/cobot_ws/install/mycobot_280_x3pi/lib/python3.12/site-packages/mycobot_280_x3pi/teleop_keyboard.py
/home/amin/cobot/cobot_ws/install/mycobot_280_x3pi/lib/python3.12/site-packages/mycobot_280_x3pi/__init__.py
/home/amin/cobot/cobot_ws/install/mycobot_280_x3pi/lib/python3.12/site-packages/mycobot_280_x3pi/follow_display.py
/home/amin/cobot/cobot_ws/install/mycobot_280_x3pi/lib/python3.12/site-packages/mycobot_280_x3pi/simple_gui.py
/home/amin/cobot/cobot_ws/install/mycobot_280_x3pi/lib/python3.12/site-packages/mycobot_280_x3pi/__pycache__/opencv_camera.cpython-312.pyc
/home/amin/cobot/cobot_ws/install/mycobot_280_x3pi/lib/python3.12/site-packages/mycobot_280_x3pi/__pycache__/camera_display.cpython-312.pyc
/home/amin/cobot/cobot_ws/install/mycobot_280_x3pi/lib/python3.12/site-packages/mycobot_280_x3pi/__pycache__/listen_real.cpython-312.pyc
/home/amin/cobot/cobot_ws/install/mycobot_280_x3pi/lib/python3.12/site-packages/mycobot_280_x3pi/__pycache__/listen_real_of_topic.cpython-312.pyc
/home/amin/cobot/cobot_ws/install/mycobot_280_x3pi/lib/python3.12/site-packages/mycobot_280_x3pi/__pycache__/slider_control.cpython-312.pyc
/home/amin/cobot/cobot_ws/install/mycobot_280_x3pi/lib/python3.12/site-packages/mycobot_280_x3pi/__pycache__/teleop_keyboard.cpython-312.pyc
/home/amin/cobot/cobot_ws/install/mycobot_280_x3pi/lib/python3.12/site-packages/mycobot_280_x3pi/__pycache__/__init__.cpython-312.pyc
/home/amin/cobot/cobot_ws/install/mycobot_280_x3pi/lib/python3.12/site-packages/mycobot_280_x3pi/__pycache__/follow_display.cpython-312.pyc
/home/amin/cobot/cobot_ws/install/mycobot_280_x3pi/lib/python3.12/site-packages/mycobot_280_x3pi/__pycache__/simple_gui.cpython-312.pyc
/home/amin/cobot/cobot_ws/install/mycobot_280_x3pi/share/ament_index/resource_index/packages/mycobot_280_x3pi
/home/amin/cobot/cobot_ws/install/mycobot_280_x3pi/share/mycobot_280_x3pi/package.xml
/home/amin/cobot/cobot_ws/install/mycobot_280_x3pi/share/mycobot_280_x3pi/launch/mycobot_follow.launch.py
/home/amin/cobot/cobot_ws/install/mycobot_280_x3pi/share/mycobot_280_x3pi/launch/teleop_keyboard.launch.py
/home/amin/cobot/cobot_ws/install/mycobot_280_x3pi/share/mycobot_280_x3pi/launch/simple_gui.launch.py
/home/amin/cobot/cobot_ws/install/mycobot_280_x3pi/share/mycobot_280_x3pi/launch/test.launch.py
/home/amin/cobot/cobot_ws/install/mycobot_280_x3pi/share/mycobot_280_x3pi/launch/slider_control.launch.py
/home/amin/cobot/cobot_ws/install/mycobot_280_x3pi/share/mycobot_280_x3pi/config/mycobot_with_marker.rviz
/home/amin/cobot/cobot_ws/install/mycobot_280_x3pi/share/mycobot_280_x3pi/config/mycobot_x3pi.rviz
/home/amin/cobot/cobot_ws/install/mycobot_280_x3pi/lib/python3.12/site-packages/mycobot_280_x3pi-0.0.0-py3.12.egg-info/SOURCES.txt
/home/amin/cobot/cobot_ws/install/mycobot_280_x3pi/lib/python3.12/site-packages/mycobot_280_x3pi-0.0.0-py3.12.egg-info/entry_points.txt
/home/amin/cobot/cobot_ws/install/mycobot_280_x3pi/lib/python3.12/site-packages/mycobot_280_x3pi-0.0.0-py3.12.egg-info/requires.txt
/home/amin/cobot/cobot_ws/install/mycobot_280_x3pi/lib/python3.12/site-packages/mycobot_280_x3pi-0.0.0-py3.12.egg-info/PKG-INFO
/home/amin/cobot/cobot_ws/install/mycobot_280_x3pi/lib/python3.12/site-packages/mycobot_280_x3pi-0.0.0-py3.12.egg-info/zip-safe
/home/amin/cobot/cobot_ws/install/mycobot_280_x3pi/lib/python3.12/site-packages/mycobot_280_x3pi-0.0.0-py3.12.egg-info/top_level.txt
/home/amin/cobot/cobot_ws/install/mycobot_280_x3pi/lib/python3.12/site-packages/mycobot_280_x3pi-0.0.0-py3.12.egg-info/dependency_links.txt
/home/amin/cobot/cobot_ws/install/mycobot_280_x3pi/lib/mycobot_280_x3pi/camera_display
/home/amin/cobot/cobot_ws/install/mycobot_280_x3pi/lib/mycobot_280_x3pi/follow_display
/home/amin/cobot/cobot_ws/install/mycobot_280_x3pi/lib/mycobot_280_x3pi/listen_real
/home/amin/cobot/cobot_ws/install/mycobot_280_x3pi/lib/mycobot_280_x3pi/listen_real_of_topic
/home/amin/cobot/cobot_ws/install/mycobot_280_x3pi/lib/mycobot_280_x3pi/opencv_camera
/home/amin/cobot/cobot_ws/install/mycobot_280_x3pi/lib/mycobot_280_x3pi/simple_gui
/home/amin/cobot/cobot_ws/install/mycobot_280_x3pi/lib/mycobot_280_x3pi/slider_control
/home/amin/cobot/cobot_ws/install/mycobot_280_x3pi/lib/mycobot_280_x3pi/teleop_keyboard
