[0.900s] Invoking command in '/home/amin/cobot/cobot_ws/src/mycobot_ros2/ultraArm/ultraarm': AMENT_PREFIX_PATH=/home/amin/cobot/cobot_ws/install/mycobot_description:${AMENT_PREFIX_PATH} DEBUGINFOD_URLS=https://debuginfod.ubuntu.com PYTHONPATH=/home/amin/cobot/cobot_ws/build/ultraarm/prefix_override:/usr/lib/python3/dist-packages/colcon_core/task/python/colcon_distutils_commands:/home/amin/cobot/cobot_ws/install/ultraarm/lib/python3.12/site-packages:/home/amin/cobot/cobot_ws/install/mycobot_description/lib/python3.12/site-packages:${PYTHONPATH} /usr/bin/python3 -W ignore:setup.py install is deprecated -W ignore:easy_install command is deprecated setup.py egg_info --egg-base ../../../../build/ultraarm build --build-base /home/amin/cobot/cobot_ws/build/ultraarm/build install --record /home/amin/cobot/cobot_ws/build/ultraarm/install.log --single-version-externally-managed install_data
[1.229s] running egg_info
[1.254s] writing ../../../../build/ultraarm/ultraarm.egg-info/PKG-INFO
[1.256s] writing dependency_links to ../../../../build/ultraarm/ultraarm.egg-info/dependency_links.txt
[1.257s] writing entry points to ../../../../build/ultraarm/ultraarm.egg-info/entry_points.txt
[1.257s] writing requirements to ../../../../build/ultraarm/ultraarm.egg-info/requires.txt
[1.257s] writing top-level names to ../../../../build/ultraarm/ultraarm.egg-info/top_level.txt
[1.302s] reading manifest file '../../../../build/ultraarm/ultraarm.egg-info/SOURCES.txt'
[1.303s] writing manifest file '../../../../build/ultraarm/ultraarm.egg-info/SOURCES.txt'
[1.303s] running build
[1.303s] running build_py
[1.304s] running install
[1.308s] running install_lib
[1.325s] running install_data
[1.325s] running install_egg_info
[1.341s] removing '/home/amin/cobot/cobot_ws/install/ultraarm/lib/python3.12/site-packages/ultraarm-0.0.0-py3.12.egg-info' (and everything under it)
[1.341s] Copying ../../../../build/ultraarm/ultraarm.egg-info to /home/amin/cobot/cobot_ws/install/ultraarm/lib/python3.12/site-packages/ultraarm-0.0.0-py3.12.egg-info
[1.342s] running install_scripts
[1.446s] Installing slider_control script to /home/amin/cobot/cobot_ws/install/ultraarm/lib/ultraarm
[1.446s] writing list of installed files to '/home/amin/cobot/cobot_ws/build/ultraarm/install.log'
[1.477s] Invoked command in '/home/amin/cobot/cobot_ws/src/mycobot_ros2/ultraArm/ultraarm' returned '0': AMENT_PREFIX_PATH=/home/amin/cobot/cobot_ws/install/mycobot_description:${AMENT_PREFIX_PATH} DEBUGINFOD_URLS=https://debuginfod.ubuntu.com PYTHONPATH=/home/amin/cobot/cobot_ws/build/ultraarm/prefix_override:/usr/lib/python3/dist-packages/colcon_core/task/python/colcon_distutils_commands:/home/amin/cobot/cobot_ws/install/ultraarm/lib/python3.12/site-packages:/home/amin/cobot/cobot_ws/install/mycobot_description/lib/python3.12/site-packages:${PYTHONPATH} /usr/bin/python3 -W ignore:setup.py install is deprecated -W ignore:easy_install command is deprecated setup.py egg_info --egg-base ../../../../build/ultraarm build --build-base /home/amin/cobot/cobot_ws/build/ultraarm/build install --record /home/amin/cobot/cobot_ws/build/ultraarm/install.log --single-version-externally-managed install_data
