[0.958s] Invoking command in '/home/amin/cobot/cobot_ws/src/mycobot_ros2/mycobot_320/mycobot_320': AMENT_PREFIX_PATH=/home/amin/cobot/cobot_ws/install/mycobot_description:${AMENT_PREFIX_PATH} DEBUGINFOD_URLS=https://debuginfod.ubuntu.com PYTHONPATH=/home/amin/cobot/cobot_ws/build/mycobot_320/prefix_override:/usr/lib/python3/dist-packages/colcon_core/task/python/colcon_distutils_commands:/home/amin/cobot/cobot_ws/install/mycobot_320/lib/python3.12/site-packages:/home/amin/cobot/cobot_ws/install/mycobot_description/lib/python3.12/site-packages:${PYTHONPATH} /usr/bin/python3 -W ignore:setup.py install is deprecated -W ignore:easy_install command is deprecated setup.py egg_info --egg-base ../../../../build/mycobot_320 build --build-base /home/amin/cobot/cobot_ws/build/mycobot_320/build install --record /home/amin/cobot/cobot_ws/build/mycobot_320/install.log --single-version-externally-managed install_data
[1.212s] running egg_info
[1.229s] writing ../../../../build/mycobot_320/mycobot_320.egg-info/PKG-INFO
[1.230s] writing dependency_links to ../../../../build/mycobot_320/mycobot_320.egg-info/dependency_links.txt
[1.230s] writing entry points to ../../../../build/mycobot_320/mycobot_320.egg-info/entry_points.txt
[1.230s] writing requirements to ../../../../build/mycobot_320/mycobot_320.egg-info/requires.txt
[1.231s] writing top-level names to ../../../../build/mycobot_320/mycobot_320.egg-info/top_level.txt
[1.264s] reading manifest file '../../../../build/mycobot_320/mycobot_320.egg-info/SOURCES.txt'
[1.265s] adding license file 'LICENSE'
[1.265s] writing manifest file '../../../../build/mycobot_320/mycobot_320.egg-info/SOURCES.txt'
[1.265s] running build
[1.265s] running build_py
[1.266s] running install
[1.271s] running install_lib
[1.286s] running install_data
[1.287s] running install_egg_info
[1.302s] removing '/home/amin/cobot/cobot_ws/install/mycobot_320/lib/python3.12/site-packages/mycobot_320-0.0.0-py3.12.egg-info' (and everything under it)
[1.303s] Copying ../../../../build/mycobot_320/mycobot_320.egg-info to /home/amin/cobot/cobot_ws/install/mycobot_320/lib/python3.12/site-packages/mycobot_320-0.0.0-py3.12.egg-info
[1.304s] running install_scripts
[1.414s] Installing camera_display script to /home/amin/cobot/cobot_ws/install/mycobot_320/lib/mycobot_320
[1.414s] Installing follow_display script to /home/amin/cobot/cobot_ws/install/mycobot_320/lib/mycobot_320
[1.415s] Installing listen_real script to /home/amin/cobot/cobot_ws/install/mycobot_320/lib/mycobot_320
[1.415s] Installing listen_real_of_topic script to /home/amin/cobot/cobot_ws/install/mycobot_320/lib/mycobot_320
[1.415s] Installing listen_real_service script to /home/amin/cobot/cobot_ws/install/mycobot_320/lib/mycobot_320
[1.415s] Installing simple_gui script to /home/amin/cobot/cobot_ws/install/mycobot_320/lib/mycobot_320
[1.415s] Installing slider_control script to /home/amin/cobot/cobot_ws/install/mycobot_320/lib/mycobot_320
[1.415s] Installing slider_control_adaptive_gripper script to /home/amin/cobot/cobot_ws/install/mycobot_320/lib/mycobot_320
[1.415s] Installing slider_control_force_gripper script to /home/amin/cobot/cobot_ws/install/mycobot_320/lib/mycobot_320
[1.415s] Installing teleop_keyboard script to /home/amin/cobot/cobot_ws/install/mycobot_320/lib/mycobot_320
[1.415s] writing list of installed files to '/home/amin/cobot/cobot_ws/build/mycobot_320/install.log'
[1.480s] Invoked command in '/home/amin/cobot/cobot_ws/src/mycobot_ros2/mycobot_320/mycobot_320' returned '0': AMENT_PREFIX_PATH=/home/amin/cobot/cobot_ws/install/mycobot_description:${AMENT_PREFIX_PATH} DEBUGINFOD_URLS=https://debuginfod.ubuntu.com PYTHONPATH=/home/amin/cobot/cobot_ws/build/mycobot_320/prefix_override:/usr/lib/python3/dist-packages/colcon_core/task/python/colcon_distutils_commands:/home/amin/cobot/cobot_ws/install/mycobot_320/lib/python3.12/site-packages:/home/amin/cobot/cobot_ws/install/mycobot_description/lib/python3.12/site-packages:${PYTHONPATH} /usr/bin/python3 -W ignore:setup.py install is deprecated -W ignore:easy_install command is deprecated setup.py egg_info --egg-base ../../../../build/mycobot_320 build --build-base /home/amin/cobot/cobot_ws/build/mycobot_320/build install --record /home/amin/cobot/cobot_ws/build/mycobot_320/install.log --single-version-externally-managed install_data
