[1.209s] Invoking command in '/home/amin/cobot/cobot_ws/src/mycobot_ros2/mycobot_320/mycobot_320_riscv': AMENT_PREFIX_PATH=/home/amin/cobot/cobot_ws/install/mycobot_description:${AMENT_PREFIX_PATH} DEBUGINFOD_URLS=https://debuginfod.ubuntu.com PYTHONPATH=/home/amin/cobot/cobot_ws/build/mycobot_320_riscv/prefix_override:/usr/lib/python3/dist-packages/colcon_core/task/python/colcon_distutils_commands:/home/amin/cobot/cobot_ws/install/mycobot_320_riscv/lib/python3.12/site-packages:/home/amin/cobot/cobot_ws/install/mycobot_description/lib/python3.12/site-packages:${PYTHONPATH} /usr/bin/python3 -W ignore:setup.py install is deprecated -W ignore:easy_install command is deprecated setup.py egg_info --egg-base ../../../../build/mycobot_320_riscv build --build-base /home/amin/cobot/cobot_ws/build/mycobot_320_riscv/build install --record /home/amin/cobot/cobot_ws/build/mycobot_320_riscv/install.log --single-version-externally-managed install_data
[1.485s] running egg_info
[1.509s] writing ../../../../build/mycobot_320_riscv/mycobot_320_riscv.egg-info/PKG-INFO
[1.509s] writing dependency_links to ../../../../build/mycobot_320_riscv/mycobot_320_riscv.egg-info/dependency_links.txt
[1.509s] writing entry points to ../../../../build/mycobot_320_riscv/mycobot_320_riscv.egg-info/entry_points.txt
[1.509s] writing requirements to ../../../../build/mycobot_320_riscv/mycobot_320_riscv.egg-info/requires.txt
[1.509s] writing top-level names to ../../../../build/mycobot_320_riscv/mycobot_320_riscv.egg-info/top_level.txt
[1.561s] reading manifest file '../../../../build/mycobot_320_riscv/mycobot_320_riscv.egg-info/SOURCES.txt'
[1.561s] adding license file 'LICENSE'
[1.562s] writing manifest file '../../../../build/mycobot_320_riscv/mycobot_320_riscv.egg-info/SOURCES.txt'
[1.562s] running build
[1.562s] running build_py
[1.562s] running install
[1.571s] running install_lib
[1.597s] running install_data
[1.597s] running install_egg_info
[1.625s] removing '/home/amin/cobot/cobot_ws/install/mycobot_320_riscv/lib/python3.12/site-packages/mycobot_320_riscv-0.0.0-py3.12.egg-info' (and everything under it)
[1.625s] Copying ../../../../build/mycobot_320_riscv/mycobot_320_riscv.egg-info to /home/amin/cobot/cobot_ws/install/mycobot_320_riscv/lib/python3.12/site-packages/mycobot_320_riscv-0.0.0-py3.12.egg-info
[1.626s] running install_scripts
[1.777s] Installing follow_display script to /home/amin/cobot/cobot_ws/install/mycobot_320_riscv/lib/mycobot_320_riscv
[1.778s] Installing listen_real script to /home/amin/cobot/cobot_ws/install/mycobot_320_riscv/lib/mycobot_320_riscv
[1.778s] Installing listen_real_of_topic script to /home/amin/cobot/cobot_ws/install/mycobot_320_riscv/lib/mycobot_320_riscv
[1.779s] Installing simple_gui script to /home/amin/cobot/cobot_ws/install/mycobot_320_riscv/lib/mycobot_320_riscv
[1.779s] Installing slider_control script to /home/amin/cobot/cobot_ws/install/mycobot_320_riscv/lib/mycobot_320_riscv
[1.779s] Installing teleop_keyboard script to /home/amin/cobot/cobot_ws/install/mycobot_320_riscv/lib/mycobot_320_riscv
[1.779s] writing list of installed files to '/home/amin/cobot/cobot_ws/build/mycobot_320_riscv/install.log'
[2.033s] Invoked command in '/home/amin/cobot/cobot_ws/src/mycobot_ros2/mycobot_320/mycobot_320_riscv' returned '0': AMENT_PREFIX_PATH=/home/amin/cobot/cobot_ws/install/mycobot_description:${AMENT_PREFIX_PATH} DEBUGINFOD_URLS=https://debuginfod.ubuntu.com PYTHONPATH=/home/amin/cobot/cobot_ws/build/mycobot_320_riscv/prefix_override:/usr/lib/python3/dist-packages/colcon_core/task/python/colcon_distutils_commands:/home/amin/cobot/cobot_ws/install/mycobot_320_riscv/lib/python3.12/site-packages:/home/amin/cobot/cobot_ws/install/mycobot_description/lib/python3.12/site-packages:${PYTHONPATH} /usr/bin/python3 -W ignore:setup.py install is deprecated -W ignore:easy_install command is deprecated setup.py egg_info --egg-base ../../../../build/mycobot_320_riscv build --build-base /home/amin/cobot/cobot_ws/build/mycobot_320_riscv/build install --record /home/amin/cobot/cobot_ws/build/mycobot_320_riscv/install.log --single-version-externally-managed install_data
