/home/amin/cobot/cobot_ws/install/mycobot_320pi/lib/python3.12/site-packages/mycobot_320pi/listen_real.py
/home/amin/cobot/cobot_ws/install/mycobot_320pi/lib/python3.12/site-packages/mycobot_320pi/listen_real_of_topic.py
/home/amin/cobot/cobot_ws/install/mycobot_320pi/lib/python3.12/site-packages/mycobot_320pi/listen_real_service.py
/home/amin/cobot/cobot_ws/install/mycobot_320pi/lib/python3.12/site-packages/mycobot_320pi/slider_control.py
/home/amin/cobot/cobot_ws/install/mycobot_320pi/lib/python3.12/site-packages/mycobot_320pi/teleop_keyboard.py
/home/amin/cobot/cobot_ws/install/mycobot_320pi/lib/python3.12/site-packages/mycobot_320pi/__init__.py
/home/amin/cobot/cobot_ws/install/mycobot_320pi/lib/python3.12/site-packages/mycobot_320pi/slider_control_adaptive_gripper.py
/home/amin/cobot/cobot_ws/install/mycobot_320pi/lib/python3.12/site-packages/mycobot_320pi/slider_control_force_gripper.py
/home/amin/cobot/cobot_ws/install/mycobot_320pi/lib/python3.12/site-packages/mycobot_320pi/follow_display.py
/home/amin/cobot/cobot_ws/install/mycobot_320pi/lib/python3.12/site-packages/mycobot_320pi/simple_gui.py
/home/amin/cobot/cobot_ws/install/mycobot_320pi/lib/python3.12/site-packages/mycobot_320pi/__pycache__/listen_real.cpython-312.pyc
/home/amin/cobot/cobot_ws/install/mycobot_320pi/lib/python3.12/site-packages/mycobot_320pi/__pycache__/listen_real_of_topic.cpython-312.pyc
/home/amin/cobot/cobot_ws/install/mycobot_320pi/lib/python3.12/site-packages/mycobot_320pi/__pycache__/listen_real_service.cpython-312.pyc
/home/amin/cobot/cobot_ws/install/mycobot_320pi/lib/python3.12/site-packages/mycobot_320pi/__pycache__/slider_control.cpython-312.pyc
/home/amin/cobot/cobot_ws/install/mycobot_320pi/lib/python3.12/site-packages/mycobot_320pi/__pycache__/teleop_keyboard.cpython-312.pyc
/home/amin/cobot/cobot_ws/install/mycobot_320pi/lib/python3.12/site-packages/mycobot_320pi/__pycache__/__init__.cpython-312.pyc
/home/amin/cobot/cobot_ws/install/mycobot_320pi/lib/python3.12/site-packages/mycobot_320pi/__pycache__/slider_control_adaptive_gripper.cpython-312.pyc
/home/amin/cobot/cobot_ws/install/mycobot_320pi/lib/python3.12/site-packages/mycobot_320pi/__pycache__/slider_control_force_gripper.cpython-312.pyc
/home/amin/cobot/cobot_ws/install/mycobot_320pi/lib/python3.12/site-packages/mycobot_320pi/__pycache__/follow_display.cpython-312.pyc
/home/amin/cobot/cobot_ws/install/mycobot_320pi/lib/python3.12/site-packages/mycobot_320pi/__pycache__/simple_gui.cpython-312.pyc
/home/amin/cobot/cobot_ws/install/mycobot_320pi/share/ament_index/resource_index/packages/mycobot_320pi
/home/amin/cobot/cobot_ws/install/mycobot_320pi/share/mycobot_320pi/package.xml
/home/amin/cobot/cobot_ws/install/mycobot_320pi/share/mycobot_320pi/launch/mycobot_follow.launch.py
/home/amin/cobot/cobot_ws/install/mycobot_320pi/share/mycobot_320pi/launch/teleop_keyboard.launch.py
/home/amin/cobot/cobot_ws/install/mycobot_320pi/share/mycobot_320pi/launch/simple_gui.launch.py
/home/amin/cobot/cobot_ws/install/mycobot_320pi/share/mycobot_320pi/launch/slider_control_adaptive_gripper.launch.py
/home/amin/cobot/cobot_ws/install/mycobot_320pi/share/mycobot_320pi/launch/slider_control_force_gripper.launch.py
/home/amin/cobot/cobot_ws/install/mycobot_320pi/share/mycobot_320pi/launch/test.launch.py
/home/amin/cobot/cobot_ws/install/mycobot_320pi/share/mycobot_320pi/launch/test_adaptive_gripper.launch.py
/home/amin/cobot/cobot_ws/install/mycobot_320pi/share/mycobot_320pi/launch/test_force_gripper.launch.py
/home/amin/cobot/cobot_ws/install/mycobot_320pi/share/mycobot_320pi/launch/slider_control.launch.py
/home/amin/cobot/cobot_ws/install/mycobot_320pi/share/mycobot_320pi/config/mycobot_320_pi.rviz
/home/amin/cobot/cobot_ws/install/mycobot_320pi/lib/python3.12/site-packages/mycobot_320pi-0.0.0-py3.12.egg-info/SOURCES.txt
/home/amin/cobot/cobot_ws/install/mycobot_320pi/lib/python3.12/site-packages/mycobot_320pi-0.0.0-py3.12.egg-info/entry_points.txt
/home/amin/cobot/cobot_ws/install/mycobot_320pi/lib/python3.12/site-packages/mycobot_320pi-0.0.0-py3.12.egg-info/requires.txt
/home/amin/cobot/cobot_ws/install/mycobot_320pi/lib/python3.12/site-packages/mycobot_320pi-0.0.0-py3.12.egg-info/PKG-INFO
/home/amin/cobot/cobot_ws/install/mycobot_320pi/lib/python3.12/site-packages/mycobot_320pi-0.0.0-py3.12.egg-info/zip-safe
/home/amin/cobot/cobot_ws/install/mycobot_320pi/lib/python3.12/site-packages/mycobot_320pi-0.0.0-py3.12.egg-info/top_level.txt
/home/amin/cobot/cobot_ws/install/mycobot_320pi/lib/python3.12/site-packages/mycobot_320pi-0.0.0-py3.12.egg-info/dependency_links.txt
/home/amin/cobot/cobot_ws/install/mycobot_320pi/lib/mycobot_320pi/camera_display
/home/amin/cobot/cobot_ws/install/mycobot_320pi/lib/mycobot_320pi/follow_display
/home/amin/cobot/cobot_ws/install/mycobot_320pi/lib/mycobot_320pi/listen_real
/home/amin/cobot/cobot_ws/install/mycobot_320pi/lib/mycobot_320pi/listen_real_of_topic
/home/amin/cobot/cobot_ws/install/mycobot_320pi/lib/mycobot_320pi/listen_real_service
/home/amin/cobot/cobot_ws/install/mycobot_320pi/lib/mycobot_320pi/simple_gui
/home/amin/cobot/cobot_ws/install/mycobot_320pi/lib/mycobot_320pi/slider_control
/home/amin/cobot/cobot_ws/install/mycobot_320pi/lib/mycobot_320pi/slider_control_adaptive_gripper
/home/amin/cobot/cobot_ws/install/mycobot_320pi/lib/mycobot_320pi/teleop_keyboard
