[0.212s] Invoking command in '/home/amin/cobot/cobot_ws/build/mypalletizer_interfaces': CMAKE_PREFIX_PATH=${CMAKE_PREFIX_PATH}:/home/amin/cobot/cobot_ws/install/ultraarm:/home/amin/cobot/cobot_ws/install/pro450_moveit2_control:/home/amin/cobot/cobot_ws/install/mypalletizer_communication:/home/amin/cobot/cobot_ws/install/mypalletizer_260_pi:/home/amin/cobot/cobot_ws/install/mypalletizer_260:/home/amin/cobot/cobot_ws/install/mycobot_pro_450:/home/amin/cobot/cobot_ws/install/myarm_m750:/home/amin/cobot/cobot_ws/install/myarm_c650:/home/amin/cobot/cobot_ws/install/mycobot_communication:/home/amin/cobot/cobot_ws/install/mecharm_communication:/home/amin/cobot/cobot_ws/install/mycobot_630:/home/amin/cobot/cobot_ws/install/mycobot_600:/home/amin/cobot/cobot_ws/install/mycobot_320pi:/home/amin/cobot/cobot_ws/install/mycobot_320_riscv:/home/amin/cobot/cobot_ws/install/mycobot_320:/home/amin/cobot/cobot_ws/install/mycobot_280pi:/home/amin/cobot/cobot_ws/install/mycobot_280jn:/home/amin/cobot/cobot_ws/install/mycobot_280_x3pi:/home/amin/cobot/cobot_ws/install/mycobot_280_riscv:/home/amin/cobot/cobot_ws/install/mycobot_280_rdkx5:/home/amin/cobot/cobot_ws/install/mycobot_280_moveit2_control:/home/amin/cobot/cobot_ws/install/mycobot_280_arduino:/home/amin/cobot/cobot_ws/install/mycobot_280:/home/amin/cobot/cobot_ws/install/mybuddy:/home/amin/cobot/cobot_ws/install/myarm_300:/home/amin/cobot/cobot_ws/install/mecharm_pi:/home/amin/cobot/cobot_ws/install/mecharm:/home/amin/cobot/cobot_ws/install/mycobot_description:/opt/ros/jazzy DEBUGINFOD_URLS=https://debuginfod.ubuntu.com /usr/bin/cmake --build /home/amin/cobot/cobot_ws/build/mypalletizer_interfaces -- -j8 -l8
[0.267s] [  1%] Built target mypalletizer_interfaces__rosidl_generator_type_description
[0.280s] [  1%] Built target ament_cmake_python_copy_mypalletizer_interfaces
[0.293s] [  1%] Built target mypalletizer_interfaces__cpp
[0.338s] [ 27%] Built target mypalletizer_interfaces__rosidl_generator_c
[0.432s] [ 37%] Built target mypalletizer_interfaces__rosidl_typesupport_c
[0.464s] [ 46%] Built target mypalletizer_interfaces__rosidl_typesupport_introspection_cpp
[0.478s] [ 55%] Built target mypalletizer_interfaces__rosidl_typesupport_cpp
[0.486s] [ 73%] Built target mypalletizer_interfaces__rosidl_typesupport_fastrtps_cpp
[0.486s] [ 75%] Built target mypalletizer_interfaces__rosidl_typesupport_introspection_c
[0.503s] [ 85%] Built target mypalletizer_interfaces__rosidl_typesupport_fastrtps_c
[0.567s] [ 85%] Built target mypalletizer_interfaces
[0.629s] [ 86%] Built target mypalletizer_interfaces__py
[0.700s] [ 95%] Built target mypalletizer_interfaces__rosidl_generator_py
[0.752s] [ 97%] Built target mypalletizer_interfaces_s__rosidl_typesupport_introspection_c
[0.765s] running egg_info
[0.782s] [ 98%] Built target mypalletizer_interfaces_s__rosidl_typesupport_fastrtps_c
[0.785s] [100%] Built target mypalletizer_interfaces_s__rosidl_typesupport_c
[0.791s] writing mypalletizer_interfaces.egg-info/PKG-INFO
[0.791s] writing dependency_links to mypalletizer_interfaces.egg-info/dependency_links.txt
[0.791s] writing top-level names to mypalletizer_interfaces.egg-info/top_level.txt
[0.846s] reading manifest file 'mypalletizer_interfaces.egg-info/SOURCES.txt'
[0.847s] writing manifest file 'mypalletizer_interfaces.egg-info/SOURCES.txt'
[0.868s] [100%] Built target ament_cmake_python_build_mypalletizer_interfaces_egg
[0.878s] Invoked command in '/home/amin/cobot/cobot_ws/build/mypalletizer_interfaces' returned '0': CMAKE_PREFIX_PATH=${CMAKE_PREFIX_PATH}:/home/amin/cobot/cobot_ws/install/ultraarm:/home/amin/cobot/cobot_ws/install/pro450_moveit2_control:/home/amin/cobot/cobot_ws/install/mypalletizer_communication:/home/amin/cobot/cobot_ws/install/mypalletizer_260_pi:/home/amin/cobot/cobot_ws/install/mypalletizer_260:/home/amin/cobot/cobot_ws/install/mycobot_pro_450:/home/amin/cobot/cobot_ws/install/myarm_m750:/home/amin/cobot/cobot_ws/install/myarm_c650:/home/amin/cobot/cobot_ws/install/mycobot_communication:/home/amin/cobot/cobot_ws/install/mecharm_communication:/home/amin/cobot/cobot_ws/install/mycobot_630:/home/amin/cobot/cobot_ws/install/mycobot_600:/home/amin/cobot/cobot_ws/install/mycobot_320pi:/home/amin/cobot/cobot_ws/install/mycobot_320_riscv:/home/amin/cobot/cobot_ws/install/mycobot_320:/home/amin/cobot/cobot_ws/install/mycobot_280pi:/home/amin/cobot/cobot_ws/install/mycobot_280jn:/home/amin/cobot/cobot_ws/install/mycobot_280_x3pi:/home/amin/cobot/cobot_ws/install/mycobot_280_riscv:/home/amin/cobot/cobot_ws/install/mycobot_280_rdkx5:/home/amin/cobot/cobot_ws/install/mycobot_280_moveit2_control:/home/amin/cobot/cobot_ws/install/mycobot_280_arduino:/home/amin/cobot/cobot_ws/install/mycobot_280:/home/amin/cobot/cobot_ws/install/mybuddy:/home/amin/cobot/cobot_ws/install/myarm_300:/home/amin/cobot/cobot_ws/install/mecharm_pi:/home/amin/cobot/cobot_ws/install/mecharm:/home/amin/cobot/cobot_ws/install/mycobot_description:/opt/ros/jazzy DEBUGINFOD_URLS=https://debuginfod.ubuntu.com /usr/bin/cmake --build /home/amin/cobot/cobot_ws/build/mypalletizer_interfaces -- -j8 -l8
[0.888s] Invoking command in '/home/amin/cobot/cobot_ws/build/mypalletizer_interfaces': CMAKE_PREFIX_PATH=${CMAKE_PREFIX_PATH}:/home/amin/cobot/cobot_ws/install/ultraarm:/home/amin/cobot/cobot_ws/install/pro450_moveit2_control:/home/amin/cobot/cobot_ws/install/mypalletizer_communication:/home/amin/cobot/cobot_ws/install/mypalletizer_260_pi:/home/amin/cobot/cobot_ws/install/mypalletizer_260:/home/amin/cobot/cobot_ws/install/mycobot_pro_450:/home/amin/cobot/cobot_ws/install/myarm_m750:/home/amin/cobot/cobot_ws/install/myarm_c650:/home/amin/cobot/cobot_ws/install/mycobot_communication:/home/amin/cobot/cobot_ws/install/mecharm_communication:/home/amin/cobot/cobot_ws/install/mycobot_630:/home/amin/cobot/cobot_ws/install/mycobot_600:/home/amin/cobot/cobot_ws/install/mycobot_320pi:/home/amin/cobot/cobot_ws/install/mycobot_320_riscv:/home/amin/cobot/cobot_ws/install/mycobot_320:/home/amin/cobot/cobot_ws/install/mycobot_280pi:/home/amin/cobot/cobot_ws/install/mycobot_280jn:/home/amin/cobot/cobot_ws/install/mycobot_280_x3pi:/home/amin/cobot/cobot_ws/install/mycobot_280_riscv:/home/amin/cobot/cobot_ws/install/mycobot_280_rdkx5:/home/amin/cobot/cobot_ws/install/mycobot_280_moveit2_control:/home/amin/cobot/cobot_ws/install/mycobot_280_arduino:/home/amin/cobot/cobot_ws/install/mycobot_280:/home/amin/cobot/cobot_ws/install/mybuddy:/home/amin/cobot/cobot_ws/install/myarm_300:/home/amin/cobot/cobot_ws/install/mecharm_pi:/home/amin/cobot/cobot_ws/install/mecharm:/home/amin/cobot/cobot_ws/install/mycobot_description:/opt/ros/jazzy DEBUGINFOD_URLS=https://debuginfod.ubuntu.com /usr/bin/cmake --install /home/amin/cobot/cobot_ws/build/mypalletizer_interfaces
[0.901s] -- Install configuration: ""
[0.901s] -- Up-to-date: /home/amin/cobot/cobot_ws/install/mypalletizer_interfaces/share/ament_index/resource_index/rosidl_interfaces/mypalletizer_interfaces
[0.901s] -- Up-to-date: /home/amin/cobot/cobot_ws/install/mypalletizer_interfaces/share/mypalletizer_interfaces/msg/MypalAngles.json
[0.901s] -- Up-to-date: /home/amin/cobot/cobot_ws/install/mypalletizer_interfaces/share/mypalletizer_interfaces/msg/MypalCoords.json
[0.902s] -- Up-to-date: /home/amin/cobot/cobot_ws/install/mypalletizer_interfaces/share/mypalletizer_interfaces/msg/MypalSetAngles.json
[0.902s] -- Up-to-date: /home/amin/cobot/cobot_ws/install/mypalletizer_interfaces/share/mypalletizer_interfaces/msg/MypalSetCoords.json
[0.902s] -- Up-to-date: /home/amin/cobot/cobot_ws/install/mypalletizer_interfaces/share/mypalletizer_interfaces/msg/MypalGripperStatus.json
[0.902s] -- Up-to-date: /home/amin/cobot/cobot_ws/install/mypalletizer_interfaces/share/mypalletizer_interfaces/msg/MypalPumpStatus.json
[0.902s] -- Up-to-date: /home/amin/cobot/cobot_ws/install/mypalletizer_interfaces/share/mypalletizer_interfaces/srv/GetAngles.json
[0.902s] -- Up-to-date: /home/amin/cobot/cobot_ws/install/mypalletizer_interfaces/share/mypalletizer_interfaces/srv/SetAngles.json
[0.902s] -- Up-to-date: /home/amin/cobot/cobot_ws/install/mypalletizer_interfaces/share/mypalletizer_interfaces/srv/GetCoords.json
[0.902s] -- Up-to-date: /home/amin/cobot/cobot_ws/install/mypalletizer_interfaces/share/mypalletizer_interfaces/srv/SetCoords.json
[0.902s] -- Up-to-date: /home/amin/cobot/cobot_ws/install/mypalletizer_interfaces/share/mypalletizer_interfaces/srv/GripperStatus.json
[0.902s] -- Up-to-date: /home/amin/cobot/cobot_ws/install/mypalletizer_interfaces/share/mypalletizer_interfaces/srv/PumpStatus.json
[0.902s] -- Up-to-date: /home/amin/cobot/cobot_ws/install/mypalletizer_interfaces/include/mypalletizer_interfaces/mypalletizer_interfaces
[0.903s] -- Up-to-date: /home/amin/cobot/cobot_ws/install/mypalletizer_interfaces/include/mypalletizer_interfaces/mypalletizer_interfaces/srv
[0.903s] -- Up-to-date: /home/amin/cobot/cobot_ws/install/mypalletizer_interfaces/include/mypalletizer_interfaces/mypalletizer_interfaces/srv/gripper_status.h
[0.904s] -- Up-to-date: /home/amin/cobot/cobot_ws/install/mypalletizer_interfaces/include/mypalletizer_interfaces/mypalletizer_interfaces/srv/detail
[0.905s] -- Up-to-date: /home/amin/cobot/cobot_ws/install/mypalletizer_interfaces/include/mypalletizer_interfaces/mypalletizer_interfaces/srv/detail/set_coords__type_support.h
[0.907s] -- Up-to-date: /home/amin/cobot/cobot_ws/install/mypalletizer_interfaces/include/mypalletizer_interfaces/mypalletizer_interfaces/srv/detail/gripper_status__description.c
[0.907s] -- Up-to-date: /home/amin/cobot/cobot_ws/install/mypalletizer_interfaces/include/mypalletizer_interfaces/mypalletizer_interfaces/srv/detail/gripper_status__functions.h
[0.907s] -- Up-to-date: /home/amin/cobot/cobot_ws/install/mypalletizer_interfaces/include/mypalletizer_interfaces/mypalletizer_interfaces/srv/detail/set_angles__struct.h
[0.907s] -- Up-to-date: /home/amin/cobot/cobot_ws/install/mypalletizer_interfaces/include/mypalletizer_interfaces/mypalletizer_interfaces/srv/detail/set_coords__functions.h
[0.907s] -- Installing: /home/amin/cobot/cobot_ws/install/mypalletizer_interfaces/include/mypalletizer_interfaces/mypalletizer_interfaces/srv/detail/pump_status__type_support.c
[0.908s] -- Installing: /home/amin/cobot/cobot_ws/install/mypalletizer_interfaces/include/mypalletizer_interfaces/mypalletizer_interfaces/srv/detail/get_coords__type_support.c
[0.909s] -- Up-to-date: /home/amin/cobot/cobot_ws/install/mypalletizer_interfaces/include/mypalletizer_interfaces/mypalletizer_interfaces/srv/detail/set_angles__description.c
[0.909s] -- Up-to-date: /home/amin/cobot/cobot_ws/install/mypalletizer_interfaces/include/mypalletizer_interfaces/mypalletizer_interfaces/srv/detail/gripper_status__struct.h
[0.909s] -- Up-to-date: /home/amin/cobot/cobot_ws/install/mypalletizer_interfaces/include/mypalletizer_interfaces/mypalletizer_interfaces/srv/detail/get_angles__type_support.h
[0.909s] -- Up-to-date: /home/amin/cobot/cobot_ws/install/mypalletizer_interfaces/include/mypalletizer_interfaces/mypalletizer_interfaces/srv/detail/set_coords__functions.c
[0.910s] -- Installing: /home/amin/cobot/cobot_ws/install/mypalletizer_interfaces/include/mypalletizer_interfaces/mypalletizer_interfaces/srv/detail/set_coords__type_support.c
[0.911s] -- Installing: /home/amin/cobot/cobot_ws/install/mypalletizer_interfaces/include/mypalletizer_interfaces/mypalletizer_interfaces/srv/detail/set_angles__type_support.c
[0.911s] -- Up-to-date: /home/amin/cobot/cobot_ws/install/mypalletizer_interfaces/include/mypalletizer_interfaces/mypalletizer_interfaces/srv/detail/gripper_status__type_support.h
[0.911s] -- Up-to-date: /home/amin/cobot/cobot_ws/install/mypalletizer_interfaces/include/mypalletizer_interfaces/mypalletizer_interfaces/srv/detail/pump_status__struct.h
[0.911s] -- Up-to-date: /home/amin/cobot/cobot_ws/install/mypalletizer_interfaces/include/mypalletizer_interfaces/mypalletizer_interfaces/srv/detail/get_angles__struct.h
[0.911s] -- Up-to-date: /home/amin/cobot/cobot_ws/install/mypalletizer_interfaces/include/mypalletizer_interfaces/mypalletizer_interfaces/srv/detail/get_coords__description.c
[0.911s] -- Up-to-date: /home/amin/cobot/cobot_ws/install/mypalletizer_interfaces/include/mypalletizer_interfaces/mypalletizer_interfaces/srv/detail/set_coords__description.c
[0.916s] -- Up-to-date: /home/amin/cobot/cobot_ws/install/mypalletizer_interfaces/include/mypalletizer_interfaces/mypalletizer_interfaces/srv/detail/get_coords__functions.h
[0.916s] -- Installing: /home/amin/cobot/cobot_ws/install/mypalletizer_interfaces/include/mypalletizer_interfaces/mypalletizer_interfaces/srv/detail/get_angles__type_support.c
[0.916s] -- Up-to-date: /home/amin/cobot/cobot_ws/install/mypalletizer_interfaces/include/mypalletizer_interfaces/mypalletizer_interfaces/srv/detail/get_angles__functions.h
[0.916s] -- Installing: /home/amin/cobot/cobot_ws/install/mypalletizer_interfaces/include/mypalletizer_interfaces/mypalletizer_interfaces/srv/detail/gripper_status__type_support.c
[0.916s] -- Up-to-date: /home/amin/cobot/cobot_ws/install/mypalletizer_interfaces/include/mypalletizer_interfaces/mypalletizer_interfaces/srv/detail/get_angles__functions.c
[0.916s] -- Up-to-date: /home/amin/cobot/cobot_ws/install/mypalletizer_interfaces/include/mypalletizer_interfaces/mypalletizer_interfaces/srv/detail/pump_status__functions.c
[0.916s] -- Up-to-date: /home/amin/cobot/cobot_ws/install/mypalletizer_interfaces/include/mypalletizer_interfaces/mypalletizer_interfaces/srv/detail/pump_status__description.c
[0.916s] -- Up-to-date: /home/amin/cobot/cobot_ws/install/mypalletizer_interfaces/include/mypalletizer_interfaces/mypalletizer_interfaces/srv/detail/get_coords__type_support.h
[0.917s] -- Up-to-date: /home/amin/cobot/cobot_ws/install/mypalletizer_interfaces/include/mypalletizer_interfaces/mypalletizer_interfaces/srv/detail/set_angles__type_support.h
[0.917s] -- Up-to-date: /home/amin/cobot/cobot_ws/install/mypalletizer_interfaces/include/mypalletizer_interfaces/mypalletizer_interfaces/srv/detail/get_coords__functions.c
[0.917s] -- Up-to-date: /home/amin/cobot/cobot_ws/install/mypalletizer_interfaces/include/mypalletizer_interfaces/mypalletizer_interfaces/srv/detail/gripper_status__functions.c
[0.917s] -- Up-to-date: /home/amin/cobot/cobot_ws/install/mypalletizer_interfaces/include/mypalletizer_interfaces/mypalletizer_interfaces/srv/detail/get_angles__description.c
[0.917s] -- Up-to-date: /home/amin/cobot/cobot_ws/install/mypalletizer_interfaces/include/mypalletizer_interfaces/mypalletizer_interfaces/srv/detail/pump_status__functions.h
[0.917s] -- Up-to-date: /home/amin/cobot/cobot_ws/install/mypalletizer_interfaces/include/mypalletizer_interfaces/mypalletizer_interfaces/srv/detail/set_angles__functions.c
[0.917s] -- Up-to-date: /home/amin/cobot/cobot_ws/install/mypalletizer_interfaces/include/mypalletizer_interfaces/mypalletizer_interfaces/srv/detail/set_coords__struct.h
[0.917s] -- Up-to-date: /home/amin/cobot/cobot_ws/install/mypalletizer_interfaces/include/mypalletizer_interfaces/mypalletizer_interfaces/srv/detail/get_coords__struct.h
[0.917s] -- Up-to-date: /home/amin/cobot/cobot_ws/install/mypalletizer_interfaces/include/mypalletizer_interfaces/mypalletizer_interfaces/srv/detail/set_angles__functions.h
[0.918s] -- Up-to-date: /home/amin/cobot/cobot_ws/install/mypalletizer_interfaces/include/mypalletizer_interfaces/mypalletizer_interfaces/srv/detail/pump_status__type_support.h
[0.918s] -- Up-to-date: /home/amin/cobot/cobot_ws/install/mypalletizer_interfaces/include/mypalletizer_interfaces/mypalletizer_interfaces/srv/get_coords.h
[0.918s] -- Up-to-date: /home/amin/cobot/cobot_ws/install/mypalletizer_interfaces/include/mypalletizer_interfaces/mypalletizer_interfaces/srv/get_angles.h
[0.918s] -- Up-to-date: /home/amin/cobot/cobot_ws/install/mypalletizer_interfaces/include/mypalletizer_interfaces/mypalletizer_interfaces/srv/pump_status.h
[0.918s] -- Up-to-date: /home/amin/cobot/cobot_ws/install/mypalletizer_interfaces/include/mypalletizer_interfaces/mypalletizer_interfaces/srv/set_angles.h
[0.918s] -- Up-to-date: /home/amin/cobot/cobot_ws/install/mypalletizer_interfaces/include/mypalletizer_interfaces/mypalletizer_interfaces/srv/set_coords.h
[0.918s] -- Up-to-date: /home/amin/cobot/cobot_ws/install/mypalletizer_interfaces/include/mypalletizer_interfaces/mypalletizer_interfaces/msg
[0.918s] -- Up-to-date: /home/amin/cobot/cobot_ws/install/mypalletizer_interfaces/include/mypalletizer_interfaces/mypalletizer_interfaces/msg/mypal_pump_status.h
[0.918s] -- Up-to-date: /home/amin/cobot/cobot_ws/install/mypalletizer_interfaces/include/mypalletizer_interfaces/mypalletizer_interfaces/msg/detail
[0.918s] -- Up-to-date: /home/amin/cobot/cobot_ws/install/mypalletizer_interfaces/include/mypalletizer_interfaces/mypalletizer_interfaces/msg/detail/mypal_angles__type_support.h
[0.918s] -- Up-to-date: /home/amin/cobot/cobot_ws/install/mypalletizer_interfaces/include/mypalletizer_interfaces/mypalletizer_interfaces/msg/detail/mypal_set_angles__functions.c
[0.919s] -- Up-to-date: /home/amin/cobot/cobot_ws/install/mypalletizer_interfaces/include/mypalletizer_interfaces/mypalletizer_interfaces/msg/detail/mypal_set_angles__functions.h
[0.919s] -- Up-to-date: /home/amin/cobot/cobot_ws/install/mypalletizer_interfaces/include/mypalletizer_interfaces/mypalletizer_interfaces/msg/detail/mypal_angles__functions.c
[0.919s] -- Up-to-date: /home/amin/cobot/cobot_ws/install/mypalletizer_interfaces/include/mypalletizer_interfaces/mypalletizer_interfaces/msg/detail/mypal_set_angles__struct.h
[0.919s] -- Up-to-date: /home/amin/cobot/cobot_ws/install/mypalletizer_interfaces/include/mypalletizer_interfaces/mypalletizer_interfaces/msg/detail/mypal_gripper_status__functions.h
[0.919s] -- Up-to-date: /home/amin/cobot/cobot_ws/install/mypalletizer_interfaces/include/mypalletizer_interfaces/mypalletizer_interfaces/msg/detail/mypal_set_coords__functions.c
[0.919s] -- Installing: /home/amin/cobot/cobot_ws/install/mypalletizer_interfaces/include/mypalletizer_interfaces/mypalletizer_interfaces/msg/detail/mypal_angles__type_support.c
[0.919s] -- Installing: /home/amin/cobot/cobot_ws/install/mypalletizer_interfaces/include/mypalletizer_interfaces/mypalletizer_interfaces/msg/detail/mypal_pump_status__type_support.c
[0.919s] -- Up-to-date: /home/amin/cobot/cobot_ws/install/mypalletizer_interfaces/include/mypalletizer_interfaces/mypalletizer_interfaces/msg/detail/mypal_gripper_status__description.c
[0.919s] -- Up-to-date: /home/amin/cobot/cobot_ws/install/mypalletizer_interfaces/include/mypalletizer_interfaces/mypalletizer_interfaces/msg/detail/mypal_set_coords__description.c
[0.919s] -- Installing: /home/amin/cobot/cobot_ws/install/mypalletizer_interfaces/include/mypalletizer_interfaces/mypalletizer_interfaces/msg/detail/mypal_gripper_status__type_support.c
[0.919s] -- Up-to-date: /home/amin/cobot/cobot_ws/install/mypalletizer_interfaces/include/mypalletizer_interfaces/mypalletizer_interfaces/msg/detail/mypal_set_angles__type_support.h
[0.919s] -- Up-to-date: /home/amin/cobot/cobot_ws/install/mypalletizer_interfaces/include/mypalletizer_interfaces/mypalletizer_interfaces/msg/detail/mypal_pump_status__description.c
[0.920s] -- Installing: /home/amin/cobot/cobot_ws/install/mypalletizer_interfaces/include/mypalletizer_interfaces/mypalletizer_interfaces/msg/detail/mypal_coords__type_support.c
[0.920s] -- Up-to-date: /home/amin/cobot/cobot_ws/install/mypalletizer_interfaces/include/mypalletizer_interfaces/mypalletizer_interfaces/msg/detail/mypal_set_angles__description.c
[0.920s] -- Up-to-date: /home/amin/cobot/cobot_ws/install/mypalletizer_interfaces/include/mypalletizer_interfaces/mypalletizer_interfaces/msg/detail/mypal_coords__type_support.h
[0.920s] -- Up-to-date: /home/amin/cobot/cobot_ws/install/mypalletizer_interfaces/include/mypalletizer_interfaces/mypalletizer_interfaces/msg/detail/mypal_pump_status__functions.h
[0.920s] -- Up-to-date: /home/amin/cobot/cobot_ws/install/mypalletizer_interfaces/include/mypalletizer_interfaces/mypalletizer_interfaces/msg/detail/mypal_coords__functions.c
[0.920s] -- Up-to-date: /home/amin/cobot/cobot_ws/install/mypalletizer_interfaces/include/mypalletizer_interfaces/mypalletizer_interfaces/msg/detail/mypal_set_coords__type_support.h
[0.920s] -- Up-to-date: /home/amin/cobot/cobot_ws/install/mypalletizer_interfaces/include/mypalletizer_interfaces/mypalletizer_interfaces/msg/detail/mypal_coords__functions.h
[0.920s] -- Installing: /home/amin/cobot/cobot_ws/install/mypalletizer_interfaces/include/mypalletizer_interfaces/mypalletizer_interfaces/msg/detail/mypal_set_angles__type_support.c
[0.920s] -- Up-to-date: /home/amin/cobot/cobot_ws/install/mypalletizer_interfaces/include/mypalletizer_interfaces/mypalletizer_interfaces/msg/detail/mypal_angles__description.c
[0.920s] -- Up-to-date: /home/amin/cobot/cobot_ws/install/mypalletizer_interfaces/include/mypalletizer_interfaces/mypalletizer_interfaces/msg/detail/mypal_gripper_status__type_support.h
[0.920s] -- Up-to-date: /home/amin/cobot/cobot_ws/install/mypalletizer_interfaces/include/mypalletizer_interfaces/mypalletizer_interfaces/msg/detail/mypal_set_coords__struct.h
[0.921s] -- Up-to-date: /home/amin/cobot/cobot_ws/install/mypalletizer_interfaces/include/mypalletizer_interfaces/mypalletizer_interfaces/msg/detail/mypal_pump_status__functions.c
[0.921s] -- Up-to-date: /home/amin/cobot/cobot_ws/install/mypalletizer_interfaces/include/mypalletizer_interfaces/mypalletizer_interfaces/msg/detail/mypal_coords__description.c
[0.921s] -- Installing: /home/amin/cobot/cobot_ws/install/mypalletizer_interfaces/include/mypalletizer_interfaces/mypalletizer_interfaces/msg/detail/mypal_set_coords__type_support.c
[0.921s] -- Up-to-date: /home/amin/cobot/cobot_ws/install/mypalletizer_interfaces/include/mypalletizer_interfaces/mypalletizer_interfaces/msg/detail/mypal_gripper_status__functions.c
[0.921s] -- Up-to-date: /home/amin/cobot/cobot_ws/install/mypalletizer_interfaces/include/mypalletizer_interfaces/mypalletizer_interfaces/msg/detail/mypal_coords__struct.h
[0.921s] -- Up-to-date: /home/amin/cobot/cobot_ws/install/mypalletizer_interfaces/include/mypalletizer_interfaces/mypalletizer_interfaces/msg/detail/mypal_angles__functions.h
[0.921s] -- Up-to-date: /home/amin/cobot/cobot_ws/install/mypalletizer_interfaces/include/mypalletizer_interfaces/mypalletizer_interfaces/msg/detail/mypal_pump_status__struct.h
[0.921s] -- Up-to-date: /home/amin/cobot/cobot_ws/install/mypalletizer_interfaces/include/mypalletizer_interfaces/mypalletizer_interfaces/msg/detail/mypal_pump_status__type_support.h
[0.921s] -- Up-to-date: /home/amin/cobot/cobot_ws/install/mypalletizer_interfaces/include/mypalletizer_interfaces/mypalletizer_interfaces/msg/detail/mypal_gripper_status__struct.h
[0.921s] -- Up-to-date: /home/amin/cobot/cobot_ws/install/mypalletizer_interfaces/include/mypalletizer_interfaces/mypalletizer_interfaces/msg/detail/mypal_set_coords__functions.h
[0.921s] -- Up-to-date: /home/amin/cobot/cobot_ws/install/mypalletizer_interfaces/include/mypalletizer_interfaces/mypalletizer_interfaces/msg/detail/mypal_angles__struct.h
[0.921s] -- Up-to-date: /home/amin/cobot/cobot_ws/install/mypalletizer_interfaces/include/mypalletizer_interfaces/mypalletizer_interfaces/msg/rosidl_generator_c__visibility_control.h
[0.921s] -- Up-to-date: /home/amin/cobot/cobot_ws/install/mypalletizer_interfaces/include/mypalletizer_interfaces/mypalletizer_interfaces/msg/mypal_coords.h
[0.921s] -- Up-to-date: /home/amin/cobot/cobot_ws/install/mypalletizer_interfaces/include/mypalletizer_interfaces/mypalletizer_interfaces/msg/mypal_set_angles.h
[0.922s] -- Up-to-date: /home/amin/cobot/cobot_ws/install/mypalletizer_interfaces/include/mypalletizer_interfaces/mypalletizer_interfaces/msg/mypal_angles.h
[0.922s] -- Up-to-date: /home/amin/cobot/cobot_ws/install/mypalletizer_interfaces/include/mypalletizer_interfaces/mypalletizer_interfaces/msg/mypal_gripper_status.h
[0.922s] -- Up-to-date: /home/amin/cobot/cobot_ws/install/mypalletizer_interfaces/include/mypalletizer_interfaces/mypalletizer_interfaces/msg/mypal_set_coords.h
[0.922s] -- Up-to-date: /home/amin/cobot/cobot_ws/install/mypalletizer_interfaces/share/mypalletizer_interfaces/environment/library_path.sh
[0.922s] -- Up-to-date: /home/amin/cobot/cobot_ws/install/mypalletizer_interfaces/share/mypalletizer_interfaces/environment/library_path.dsv
[0.922s] -- Up-to-date: /home/amin/cobot/cobot_ws/install/mypalletizer_interfaces/lib/libmypalletizer_interfaces__rosidl_generator_c.so
[0.922s] -- Up-to-date: /home/amin/cobot/cobot_ws/install/mypalletizer_interfaces/include/mypalletizer_interfaces/mypalletizer_interfaces
[0.922s] -- Up-to-date: /home/amin/cobot/cobot_ws/install/mypalletizer_interfaces/include/mypalletizer_interfaces/mypalletizer_interfaces/srv
[0.922s] -- Up-to-date: /home/amin/cobot/cobot_ws/install/mypalletizer_interfaces/include/mypalletizer_interfaces/mypalletizer_interfaces/srv/detail
[0.923s] -- Up-to-date: /home/amin/cobot/cobot_ws/install/mypalletizer_interfaces/include/mypalletizer_interfaces/mypalletizer_interfaces/srv/detail/pump_status__rosidl_typesupport_fastrtps_c.h
[0.923s] -- Up-to-date: /home/amin/cobot/cobot_ws/install/mypalletizer_interfaces/include/mypalletizer_interfaces/mypalletizer_interfaces/srv/detail/get_coords__rosidl_typesupport_fastrtps_c.h
[0.923s] -- Up-to-date: /home/amin/cobot/cobot_ws/install/mypalletizer_interfaces/include/mypalletizer_interfaces/mypalletizer_interfaces/srv/detail/get_angles__rosidl_typesupport_fastrtps_c.h
[0.923s] -- Up-to-date: /home/amin/cobot/cobot_ws/install/mypalletizer_interfaces/include/mypalletizer_interfaces/mypalletizer_interfaces/srv/detail/set_angles__rosidl_typesupport_fastrtps_c.h
[0.923s] -- Up-to-date: /home/amin/cobot/cobot_ws/install/mypalletizer_interfaces/include/mypalletizer_interfaces/mypalletizer_interfaces/srv/detail/gripper_status__rosidl_typesupport_fastrtps_c.h
[0.923s] -- Up-to-date: /home/amin/cobot/cobot_ws/install/mypalletizer_interfaces/include/mypalletizer_interfaces/mypalletizer_interfaces/srv/detail/set_coords__rosidl_typesupport_fastrtps_c.h
[0.923s] -- Up-to-date: /home/amin/cobot/cobot_ws/install/mypalletizer_interfaces/include/mypalletizer_interfaces/mypalletizer_interfaces/msg
[0.923s] -- Up-to-date: /home/amin/cobot/cobot_ws/install/mypalletizer_interfaces/include/mypalletizer_interfaces/mypalletizer_interfaces/msg/detail
[0.923s] -- Up-to-date: /home/amin/cobot/cobot_ws/install/mypalletizer_interfaces/include/mypalletizer_interfaces/mypalletizer_interfaces/msg/detail/mypal_set_angles__rosidl_typesupport_fastrtps_c.h
[0.924s] -- Up-to-date: /home/amin/cobot/cobot_ws/install/mypalletizer_interfaces/include/mypalletizer_interfaces/mypalletizer_interfaces/msg/detail/mypal_pump_status__rosidl_typesupport_fastrtps_c.h
[0.924s] -- Up-to-date: /home/amin/cobot/cobot_ws/install/mypalletizer_interfaces/include/mypalletizer_interfaces/mypalletizer_interfaces/msg/detail/mypal_coords__rosidl_typesupport_fastrtps_c.h
[0.924s] -- Up-to-date: /home/amin/cobot/cobot_ws/install/mypalletizer_interfaces/include/mypalletizer_interfaces/mypalletizer_interfaces/msg/detail/mypal_set_coords__rosidl_typesupport_fastrtps_c.h
[0.924s] -- Up-to-date: /home/amin/cobot/cobot_ws/install/mypalletizer_interfaces/include/mypalletizer_interfaces/mypalletizer_interfaces/msg/detail/mypal_angles__rosidl_typesupport_fastrtps_c.h
[0.924s] -- Up-to-date: /home/amin/cobot/cobot_ws/install/mypalletizer_interfaces/include/mypalletizer_interfaces/mypalletizer_interfaces/msg/detail/mypal_gripper_status__rosidl_typesupport_fastrtps_c.h
[0.924s] -- Up-to-date: /home/amin/cobot/cobot_ws/install/mypalletizer_interfaces/include/mypalletizer_interfaces/mypalletizer_interfaces/msg/rosidl_typesupport_fastrtps_c__visibility_control.h
[0.924s] -- Up-to-date: /home/amin/cobot/cobot_ws/install/mypalletizer_interfaces/lib/libmypalletizer_interfaces__rosidl_typesupport_fastrtps_c.so
[0.924s] -- Up-to-date: /home/amin/cobot/cobot_ws/install/mypalletizer_interfaces/include/mypalletizer_interfaces/mypalletizer_interfaces
[0.924s] -- Up-to-date: /home/amin/cobot/cobot_ws/install/mypalletizer_interfaces/include/mypalletizer_interfaces/mypalletizer_interfaces/srv
[0.925s] -- Up-to-date: /home/amin/cobot/cobot_ws/install/mypalletizer_interfaces/include/mypalletizer_interfaces/mypalletizer_interfaces/srv/detail
[0.925s] -- Installing: /home/amin/cobot/cobot_ws/install/mypalletizer_interfaces/include/mypalletizer_interfaces/mypalletizer_interfaces/srv/detail/pump_status__type_support.c
[0.925s] -- Installing: /home/amin/cobot/cobot_ws/install/mypalletizer_interfaces/include/mypalletizer_interfaces/mypalletizer_interfaces/srv/detail/get_coords__type_support.c
[0.925s] -- Up-to-date: /home/amin/cobot/cobot_ws/install/mypalletizer_interfaces/include/mypalletizer_interfaces/mypalletizer_interfaces/srv/detail/set_angles__rosidl_typesupport_introspection_c.h
[0.925s] -- Installing: /home/amin/cobot/cobot_ws/install/mypalletizer_interfaces/include/mypalletizer_interfaces/mypalletizer_interfaces/srv/detail/set_coords__type_support.c
[0.925s] -- Installing: /home/amin/cobot/cobot_ws/install/mypalletizer_interfaces/include/mypalletizer_interfaces/mypalletizer_interfaces/srv/detail/set_angles__type_support.c
[0.925s] -- Up-to-date: /home/amin/cobot/cobot_ws/install/mypalletizer_interfaces/include/mypalletizer_interfaces/mypalletizer_interfaces/srv/detail/pump_status__rosidl_typesupport_introspection_c.h
[0.925s] -- Installing: /home/amin/cobot/cobot_ws/install/mypalletizer_interfaces/include/mypalletizer_interfaces/mypalletizer_interfaces/srv/detail/get_angles__type_support.c
[0.925s] -- Up-to-date: /home/amin/cobot/cobot_ws/install/mypalletizer_interfaces/include/mypalletizer_interfaces/mypalletizer_interfaces/srv/detail/get_angles__rosidl_typesupport_introspection_c.h
[0.925s] -- Installing: /home/amin/cobot/cobot_ws/install/mypalletizer_interfaces/include/mypalletizer_interfaces/mypalletizer_interfaces/srv/detail/gripper_status__type_support.c
[0.925s] -- Up-to-date: /home/amin/cobot/cobot_ws/install/mypalletizer_interfaces/include/mypalletizer_interfaces/mypalletizer_interfaces/srv/detail/set_coords__rosidl_typesupport_introspection_c.h
[0.926s] -- Up-to-date: /home/amin/cobot/cobot_ws/install/mypalletizer_interfaces/include/mypalletizer_interfaces/mypalletizer_interfaces/srv/detail/get_coords__rosidl_typesupport_introspection_c.h
[0.926s] -- Up-to-date: /home/amin/cobot/cobot_ws/install/mypalletizer_interfaces/include/mypalletizer_interfaces/mypalletizer_interfaces/srv/detail/gripper_status__rosidl_typesupport_introspection_c.h
[0.926s] -- Up-to-date: /home/amin/cobot/cobot_ws/install/mypalletizer_interfaces/include/mypalletizer_interfaces/mypalletizer_interfaces/msg
[0.926s] -- Up-to-date: /home/amin/cobot/cobot_ws/install/mypalletizer_interfaces/include/mypalletizer_interfaces/mypalletizer_interfaces/msg/detail
[0.926s] -- Installing: /home/amin/cobot/cobot_ws/install/mypalletizer_interfaces/include/mypalletizer_interfaces/mypalletizer_interfaces/msg/detail/mypal_angles__type_support.c
[0.926s] -- Up-to-date: /home/amin/cobot/cobot_ws/install/mypalletizer_interfaces/include/mypalletizer_interfaces/mypalletizer_interfaces/msg/detail/mypal_pump_status__rosidl_typesupport_introspection_c.h
[0.926s] -- Installing: /home/amin/cobot/cobot_ws/install/mypalletizer_interfaces/include/mypalletizer_interfaces/mypalletizer_interfaces/msg/detail/mypal_pump_status__type_support.c
[0.926s] -- Installing: /home/amin/cobot/cobot_ws/install/mypalletizer_interfaces/include/mypalletizer_interfaces/mypalletizer_interfaces/msg/detail/mypal_gripper_status__type_support.c
[0.926s] -- Installing: /home/amin/cobot/cobot_ws/install/mypalletizer_interfaces/include/mypalletizer_interfaces/mypalletizer_interfaces/msg/detail/mypal_coords__type_support.c
[0.926s] -- Installing: /home/amin/cobot/cobot_ws/install/mypalletizer_interfaces/include/mypalletizer_interfaces/mypalletizer_interfaces/msg/detail/mypal_set_angles__type_support.c
[0.926s] -- Up-to-date: /home/amin/cobot/cobot_ws/install/mypalletizer_interfaces/include/mypalletizer_interfaces/mypalletizer_interfaces/msg/detail/mypal_gripper_status__rosidl_typesupport_introspection_c.h
[0.927s] -- Up-to-date: /home/amin/cobot/cobot_ws/install/mypalletizer_interfaces/include/mypalletizer_interfaces/mypalletizer_interfaces/msg/detail/mypal_set_coords__rosidl_typesupport_introspection_c.h
[0.927s] -- Installing: /home/amin/cobot/cobot_ws/install/mypalletizer_interfaces/include/mypalletizer_interfaces/mypalletizer_interfaces/msg/detail/mypal_set_coords__type_support.c
[0.927s] -- Up-to-date: /home/amin/cobot/cobot_ws/install/mypalletizer_interfaces/include/mypalletizer_interfaces/mypalletizer_interfaces/msg/detail/mypal_angles__rosidl_typesupport_introspection_c.h
[0.927s] -- Up-to-date: /home/amin/cobot/cobot_ws/install/mypalletizer_interfaces/include/mypalletizer_interfaces/mypalletizer_interfaces/msg/detail/mypal_set_angles__rosidl_typesupport_introspection_c.h
[0.927s] -- Up-to-date: /home/amin/cobot/cobot_ws/install/mypalletizer_interfaces/include/mypalletizer_interfaces/mypalletizer_interfaces/msg/detail/mypal_coords__rosidl_typesupport_introspection_c.h
[0.927s] -- Up-to-date: /home/amin/cobot/cobot_ws/install/mypalletizer_interfaces/include/mypalletizer_interfaces/mypalletizer_interfaces/msg/rosidl_typesupport_introspection_c__visibility_control.h
[0.927s] -- Up-to-date: /home/amin/cobot/cobot_ws/install/mypalletizer_interfaces/lib/libmypalletizer_interfaces__rosidl_typesupport_introspection_c.so
[0.927s] -- Up-to-date: /home/amin/cobot/cobot_ws/install/mypalletizer_interfaces/lib/libmypalletizer_interfaces__rosidl_typesupport_c.so
[0.927s] -- Up-to-date: /home/amin/cobot/cobot_ws/install/mypalletizer_interfaces/include/mypalletizer_interfaces/mypalletizer_interfaces
[0.927s] -- Up-to-date: /home/amin/cobot/cobot_ws/install/mypalletizer_interfaces/include/mypalletizer_interfaces/mypalletizer_interfaces/srv
[0.927s] -- Up-to-date: /home/amin/cobot/cobot_ws/install/mypalletizer_interfaces/include/mypalletizer_interfaces/mypalletizer_interfaces/srv/set_angles.hpp
[0.928s] -- Up-to-date: /home/amin/cobot/cobot_ws/install/mypalletizer_interfaces/include/mypalletizer_interfaces/mypalletizer_interfaces/srv/get_coords.hpp
[0.928s] -- Up-to-date: /home/amin/cobot/cobot_ws/install/mypalletizer_interfaces/include/mypalletizer_interfaces/mypalletizer_interfaces/srv/gripper_status.hpp
[0.928s] -- Up-to-date: /home/amin/cobot/cobot_ws/install/mypalletizer_interfaces/include/mypalletizer_interfaces/mypalletizer_interfaces/srv/detail
[0.928s] -- Up-to-date: /home/amin/cobot/cobot_ws/install/mypalletizer_interfaces/include/mypalletizer_interfaces/mypalletizer_interfaces/srv/detail/get_coords__type_support.hpp
[0.928s] -- Up-to-date: /home/amin/cobot/cobot_ws/install/mypalletizer_interfaces/include/mypalletizer_interfaces/mypalletizer_interfaces/srv/detail/get_angles__builder.hpp
[0.928s] -- Up-to-date: /home/amin/cobot/cobot_ws/install/mypalletizer_interfaces/include/mypalletizer_interfaces/mypalletizer_interfaces/srv/detail/gripper_status__type_support.hpp
[0.928s] -- Up-to-date: /home/amin/cobot/cobot_ws/install/mypalletizer_interfaces/include/mypalletizer_interfaces/mypalletizer_interfaces/srv/detail/set_angles__traits.hpp
[0.928s] -- Up-to-date: /home/amin/cobot/cobot_ws/install/mypalletizer_interfaces/include/mypalletizer_interfaces/mypalletizer_interfaces/srv/detail/set_angles__builder.hpp
[0.928s] -- Up-to-date: /home/amin/cobot/cobot_ws/install/mypalletizer_interfaces/include/mypalletizer_interfaces/mypalletizer_interfaces/srv/detail/gripper_status__struct.hpp
[0.928s] -- Up-to-date: /home/amin/cobot/cobot_ws/install/mypalletizer_interfaces/include/mypalletizer_interfaces/mypalletizer_interfaces/srv/detail/gripper_status__traits.hpp
[0.928s] -- Up-to-date: /home/amin/cobot/cobot_ws/install/mypalletizer_interfaces/include/mypalletizer_interfaces/mypalletizer_interfaces/srv/detail/set_coords__struct.hpp
[0.929s] -- Up-to-date: /home/amin/cobot/cobot_ws/install/mypalletizer_interfaces/include/mypalletizer_interfaces/mypalletizer_interfaces/srv/detail/pump_status__builder.hpp
[0.929s] -- Up-to-date: /home/amin/cobot/cobot_ws/install/mypalletizer_interfaces/include/mypalletizer_interfaces/mypalletizer_interfaces/srv/detail/set_coords__builder.hpp
[0.929s] -- Up-to-date: /home/amin/cobot/cobot_ws/install/mypalletizer_interfaces/include/mypalletizer_interfaces/mypalletizer_interfaces/srv/detail/pump_status__type_support.hpp
[0.929s] -- Up-to-date: /home/amin/cobot/cobot_ws/install/mypalletizer_interfaces/include/mypalletizer_interfaces/mypalletizer_interfaces/srv/detail/get_coords__struct.hpp
[0.929s] -- Up-to-date: /home/amin/cobot/cobot_ws/install/mypalletizer_interfaces/include/mypalletizer_interfaces/mypalletizer_interfaces/srv/detail/gripper_status__builder.hpp
[0.929s] -- Up-to-date: /home/amin/cobot/cobot_ws/install/mypalletizer_interfaces/include/mypalletizer_interfaces/mypalletizer_interfaces/srv/detail/pump_status__traits.hpp
[0.929s] -- Up-to-date: /home/amin/cobot/cobot_ws/install/mypalletizer_interfaces/include/mypalletizer_interfaces/mypalletizer_interfaces/srv/detail/get_angles__type_support.hpp
[0.929s] -- Up-to-date: /home/amin/cobot/cobot_ws/install/mypalletizer_interfaces/include/mypalletizer_interfaces/mypalletizer_interfaces/srv/detail/get_coords__traits.hpp
[0.929s] -- Up-to-date: /home/amin/cobot/cobot_ws/install/mypalletizer_interfaces/include/mypalletizer_interfaces/mypalletizer_interfaces/srv/detail/set_angles__struct.hpp
[0.929s] -- Up-to-date: /home/amin/cobot/cobot_ws/install/mypalletizer_interfaces/include/mypalletizer_interfaces/mypalletizer_interfaces/srv/detail/get_angles__traits.hpp
[0.929s] -- Up-to-date: /home/amin/cobot/cobot_ws/install/mypalletizer_interfaces/include/mypalletizer_interfaces/mypalletizer_interfaces/srv/detail/get_coords__builder.hpp
[0.930s] -- Up-to-date: /home/amin/cobot/cobot_ws/install/mypalletizer_interfaces/include/mypalletizer_interfaces/mypalletizer_interfaces/srv/detail/set_coords__type_support.hpp
[0.930s] -- Up-to-date: /home/amin/cobot/cobot_ws/install/mypalletizer_interfaces/include/mypalletizer_interfaces/mypalletizer_interfaces/srv/detail/set_angles__type_support.hpp
[0.930s] -- Up-to-date: /home/amin/cobot/cobot_ws/install/mypalletizer_interfaces/include/mypalletizer_interfaces/mypalletizer_interfaces/srv/detail/set_coords__traits.hpp
[0.930s] -- Up-to-date: /home/amin/cobot/cobot_ws/install/mypalletizer_interfaces/include/mypalletizer_interfaces/mypalletizer_interfaces/srv/detail/get_angles__struct.hpp
[0.930s] -- Up-to-date: /home/amin/cobot/cobot_ws/install/mypalletizer_interfaces/include/mypalletizer_interfaces/mypalletizer_interfaces/srv/detail/pump_status__struct.hpp
[0.930s] -- Up-to-date: /home/amin/cobot/cobot_ws/install/mypalletizer_interfaces/include/mypalletizer_interfaces/mypalletizer_interfaces/srv/set_coords.hpp
[0.930s] -- Up-to-date: /home/amin/cobot/cobot_ws/install/mypalletizer_interfaces/include/mypalletizer_interfaces/mypalletizer_interfaces/srv/get_angles.hpp
[0.930s] -- Up-to-date: /home/amin/cobot/cobot_ws/install/mypalletizer_interfaces/include/mypalletizer_interfaces/mypalletizer_interfaces/srv/pump_status.hpp
[0.930s] -- Up-to-date: /home/amin/cobot/cobot_ws/install/mypalletizer_interfaces/include/mypalletizer_interfaces/mypalletizer_interfaces/msg
[0.930s] -- Up-to-date: /home/amin/cobot/cobot_ws/install/mypalletizer_interfaces/include/mypalletizer_interfaces/mypalletizer_interfaces/msg/mypal_set_coords.hpp
[0.930s] -- Up-to-date: /home/amin/cobot/cobot_ws/install/mypalletizer_interfaces/include/mypalletizer_interfaces/mypalletizer_interfaces/msg/mypal_pump_status.hpp
[0.930s] -- Up-to-date: /home/amin/cobot/cobot_ws/install/mypalletizer_interfaces/include/mypalletizer_interfaces/mypalletizer_interfaces/msg/mypal_set_angles.hpp
[0.931s] -- Up-to-date: /home/amin/cobot/cobot_ws/install/mypalletizer_interfaces/include/mypalletizer_interfaces/mypalletizer_interfaces/msg/detail
[0.931s] -- Up-to-date: /home/amin/cobot/cobot_ws/install/mypalletizer_interfaces/include/mypalletizer_interfaces/mypalletizer_interfaces/msg/detail/mypal_set_angles__struct.hpp
[0.931s] -- Up-to-date: /home/amin/cobot/cobot_ws/install/mypalletizer_interfaces/include/mypalletizer_interfaces/mypalletizer_interfaces/msg/detail/mypal_gripper_status__traits.hpp
[0.931s] -- Up-to-date: /home/amin/cobot/cobot_ws/install/mypalletizer_interfaces/include/mypalletizer_interfaces/mypalletizer_interfaces/msg/detail/mypal_coords__type_support.hpp
[0.931s] -- Up-to-date: /home/amin/cobot/cobot_ws/install/mypalletizer_interfaces/include/mypalletizer_interfaces/mypalletizer_interfaces/msg/detail/mypal_set_angles__type_support.hpp
[0.931s] -- Up-to-date: /home/amin/cobot/cobot_ws/install/mypalletizer_interfaces/include/mypalletizer_interfaces/mypalletizer_interfaces/msg/detail/mypal_set_coords__traits.hpp
[0.931s] -- Up-to-date: /home/amin/cobot/cobot_ws/install/mypalletizer_interfaces/include/mypalletizer_interfaces/mypalletizer_interfaces/msg/detail/mypal_gripper_status__type_support.hpp
[0.931s] -- Up-to-date: /home/amin/cobot/cobot_ws/install/mypalletizer_interfaces/include/mypalletizer_interfaces/mypalletizer_interfaces/msg/detail/mypal_angles__traits.hpp
[0.931s] -- Up-to-date: /home/amin/cobot/cobot_ws/install/mypalletizer_interfaces/include/mypalletizer_interfaces/mypalletizer_interfaces/msg/detail/mypal_pump_status__struct.hpp
[0.931s] -- Up-to-date: /home/amin/cobot/cobot_ws/install/mypalletizer_interfaces/include/mypalletizer_interfaces/mypalletizer_interfaces/msg/detail/mypal_coords__struct.hpp
[0.931s] -- Up-to-date: /home/amin/cobot/cobot_ws/install/mypalletizer_interfaces/include/mypalletizer_interfaces/mypalletizer_interfaces/msg/detail/mypal_gripper_status__builder.hpp
[0.931s] -- Up-to-date: /home/amin/cobot/cobot_ws/install/mypalletizer_interfaces/include/mypalletizer_interfaces/mypalletizer_interfaces/msg/detail/mypal_set_coords__builder.hpp
[0.932s] -- Up-to-date: /home/amin/cobot/cobot_ws/install/mypalletizer_interfaces/include/mypalletizer_interfaces/mypalletizer_interfaces/msg/detail/mypal_pump_status__type_support.hpp
[0.932s] -- Up-to-date: /home/amin/cobot/cobot_ws/install/mypalletizer_interfaces/include/mypalletizer_interfaces/mypalletizer_interfaces/msg/detail/mypal_set_angles__traits.hpp
[0.932s] -- Up-to-date: /home/amin/cobot/cobot_ws/install/mypalletizer_interfaces/include/mypalletizer_interfaces/mypalletizer_interfaces/msg/detail/mypal_gripper_status__struct.hpp
[0.932s] -- Up-to-date: /home/amin/cobot/cobot_ws/install/mypalletizer_interfaces/include/mypalletizer_interfaces/mypalletizer_interfaces/msg/detail/mypal_set_coords__type_support.hpp
[0.932s] -- Up-to-date: /home/amin/cobot/cobot_ws/install/mypalletizer_interfaces/include/mypalletizer_interfaces/mypalletizer_interfaces/msg/detail/mypal_angles__builder.hpp
[0.932s] -- Up-to-date: /home/amin/cobot/cobot_ws/install/mypalletizer_interfaces/include/mypalletizer_interfaces/mypalletizer_interfaces/msg/detail/mypal_pump_status__traits.hpp
[0.932s] -- Up-to-date: /home/amin/cobot/cobot_ws/install/mypalletizer_interfaces/include/mypalletizer_interfaces/mypalletizer_interfaces/msg/detail/mypal_angles__type_support.hpp
[0.932s] -- Up-to-date: /home/amin/cobot/cobot_ws/install/mypalletizer_interfaces/include/mypalletizer_interfaces/mypalletizer_interfaces/msg/detail/mypal_coords__traits.hpp
[0.932s] -- Up-to-date: /home/amin/cobot/cobot_ws/install/mypalletizer_interfaces/include/mypalletizer_interfaces/mypalletizer_interfaces/msg/detail/mypal_angles__struct.hpp
[0.932s] -- Up-to-date: /home/amin/cobot/cobot_ws/install/mypalletizer_interfaces/include/mypalletizer_interfaces/mypalletizer_interfaces/msg/detail/mypal_set_coords__struct.hpp
[0.932s] -- Up-to-date: /home/amin/cobot/cobot_ws/install/mypalletizer_interfaces/include/mypalletizer_interfaces/mypalletizer_interfaces/msg/detail/mypal_coords__builder.hpp
[0.932s] -- Up-to-date: /home/amin/cobot/cobot_ws/install/mypalletizer_interfaces/include/mypalletizer_interfaces/mypalletizer_interfaces/msg/detail/mypal_set_angles__builder.hpp
[0.932s] -- Up-to-date: /home/amin/cobot/cobot_ws/install/mypalletizer_interfaces/include/mypalletizer_interfaces/mypalletizer_interfaces/msg/detail/mypal_pump_status__builder.hpp
[0.932s] -- Up-to-date: /home/amin/cobot/cobot_ws/install/mypalletizer_interfaces/include/mypalletizer_interfaces/mypalletizer_interfaces/msg/mypal_angles.hpp
[0.933s] -- Up-to-date: /home/amin/cobot/cobot_ws/install/mypalletizer_interfaces/include/mypalletizer_interfaces/mypalletizer_interfaces/msg/rosidl_generator_cpp__visibility_control.hpp
[0.933s] -- Up-to-date: /home/amin/cobot/cobot_ws/install/mypalletizer_interfaces/include/mypalletizer_interfaces/mypalletizer_interfaces/msg/mypal_coords.hpp
[0.933s] -- Up-to-date: /home/amin/cobot/cobot_ws/install/mypalletizer_interfaces/include/mypalletizer_interfaces/mypalletizer_interfaces/msg/mypal_gripper_status.hpp
[0.933s] -- Up-to-date: /home/amin/cobot/cobot_ws/install/mypalletizer_interfaces/include/mypalletizer_interfaces/mypalletizer_interfaces
[0.933s] -- Up-to-date: /home/amin/cobot/cobot_ws/install/mypalletizer_interfaces/include/mypalletizer_interfaces/mypalletizer_interfaces/srv
[0.933s] -- Up-to-date: /home/amin/cobot/cobot_ws/install/mypalletizer_interfaces/include/mypalletizer_interfaces/mypalletizer_interfaces/srv/detail
[0.933s] -- Up-to-date: /home/amin/cobot/cobot_ws/install/mypalletizer_interfaces/include/mypalletizer_interfaces/mypalletizer_interfaces/srv/detail/gripper_status__rosidl_typesupport_fastrtps_cpp.hpp
[0.933s] -- Up-to-date: /home/amin/cobot/cobot_ws/install/mypalletizer_interfaces/include/mypalletizer_interfaces/mypalletizer_interfaces/srv/detail/pump_status__rosidl_typesupport_fastrtps_cpp.hpp
[0.933s] -- Up-to-date: /home/amin/cobot/cobot_ws/install/mypalletizer_interfaces/include/mypalletizer_interfaces/mypalletizer_interfaces/srv/detail/dds_fastrtps
[0.933s] -- Up-to-date: /home/amin/cobot/cobot_ws/install/mypalletizer_interfaces/include/mypalletizer_interfaces/mypalletizer_interfaces/srv/detail/get_angles__rosidl_typesupport_fastrtps_cpp.hpp
[0.933s] -- Up-to-date: /home/amin/cobot/cobot_ws/install/mypalletizer_interfaces/include/mypalletizer_interfaces/mypalletizer_interfaces/srv/detail/set_coords__rosidl_typesupport_fastrtps_cpp.hpp
[0.933s] -- Up-to-date: /home/amin/cobot/cobot_ws/install/mypalletizer_interfaces/include/mypalletizer_interfaces/mypalletizer_interfaces/srv/detail/get_coords__rosidl_typesupport_fastrtps_cpp.hpp
[0.934s] -- Up-to-date: /home/amin/cobot/cobot_ws/install/mypalletizer_interfaces/include/mypalletizer_interfaces/mypalletizer_interfaces/srv/detail/set_angles__rosidl_typesupport_fastrtps_cpp.hpp
[0.934s] -- Up-to-date: /home/amin/cobot/cobot_ws/install/mypalletizer_interfaces/include/mypalletizer_interfaces/mypalletizer_interfaces/msg
[0.934s] -- Up-to-date: /home/amin/cobot/cobot_ws/install/mypalletizer_interfaces/include/mypalletizer_interfaces/mypalletizer_interfaces/msg/detail
[0.934s] -- Up-to-date: /home/amin/cobot/cobot_ws/install/mypalletizer_interfaces/include/mypalletizer_interfaces/mypalletizer_interfaces/msg/detail/mypal_pump_status__rosidl_typesupport_fastrtps_cpp.hpp
[0.934s] -- Up-to-date: /home/amin/cobot/cobot_ws/install/mypalletizer_interfaces/include/mypalletizer_interfaces/mypalletizer_interfaces/msg/detail/mypal_set_angles__rosidl_typesupport_fastrtps_cpp.hpp
[0.934s] -- Up-to-date: /home/amin/cobot/cobot_ws/install/mypalletizer_interfaces/include/mypalletizer_interfaces/mypalletizer_interfaces/msg/detail/dds_fastrtps
[0.934s] -- Up-to-date: /home/amin/cobot/cobot_ws/install/mypalletizer_interfaces/include/mypalletizer_interfaces/mypalletizer_interfaces/msg/detail/mypal_coords__rosidl_typesupport_fastrtps_cpp.hpp
[0.934s] -- Up-to-date: /home/amin/cobot/cobot_ws/install/mypalletizer_interfaces/include/mypalletizer_interfaces/mypalletizer_interfaces/msg/detail/mypal_set_coords__rosidl_typesupport_fastrtps_cpp.hpp
[0.934s] -- Up-to-date: /home/amin/cobot/cobot_ws/install/mypalletizer_interfaces/include/mypalletizer_interfaces/mypalletizer_interfaces/msg/detail/mypal_angles__rosidl_typesupport_fastrtps_cpp.hpp
[0.934s] -- Up-to-date: /home/amin/cobot/cobot_ws/install/mypalletizer_interfaces/include/mypalletizer_interfaces/mypalletizer_interfaces/msg/detail/mypal_gripper_status__rosidl_typesupport_fastrtps_cpp.hpp
[0.934s] -- Up-to-date: /home/amin/cobot/cobot_ws/install/mypalletizer_interfaces/include/mypalletizer_interfaces/mypalletizer_interfaces/msg/rosidl_typesupport_fastrtps_cpp__visibility_control.h
[0.934s] -- Up-to-date: /home/amin/cobot/cobot_ws/install/mypalletizer_interfaces/lib/libmypalletizer_interfaces__rosidl_typesupport_fastrtps_cpp.so
[0.935s] -- Up-to-date: /home/amin/cobot/cobot_ws/install/mypalletizer_interfaces/include/mypalletizer_interfaces/mypalletizer_interfaces
[0.935s] -- Up-to-date: /home/amin/cobot/cobot_ws/install/mypalletizer_interfaces/include/mypalletizer_interfaces/mypalletizer_interfaces/srv
[0.935s] -- Up-to-date: /home/amin/cobot/cobot_ws/install/mypalletizer_interfaces/include/mypalletizer_interfaces/mypalletizer_interfaces/srv/detail
[0.935s] -- Up-to-date: /home/amin/cobot/cobot_ws/install/mypalletizer_interfaces/include/mypalletizer_interfaces/mypalletizer_interfaces/srv/detail/set_coords__type_support.cpp
[0.935s] -- Up-to-date: /home/amin/cobot/cobot_ws/install/mypalletizer_interfaces/include/mypalletizer_interfaces/mypalletizer_interfaces/srv/detail/pump_status__rosidl_typesupport_introspection_cpp.hpp
[0.935s] -- Up-to-date: /home/amin/cobot/cobot_ws/install/mypalletizer_interfaces/include/mypalletizer_interfaces/mypalletizer_interfaces/srv/detail/gripper_status__type_support.cpp
[0.935s] -- Up-to-date: /home/amin/cobot/cobot_ws/install/mypalletizer_interfaces/include/mypalletizer_interfaces/mypalletizer_interfaces/srv/detail/gripper_status__rosidl_typesupport_introspection_cpp.hpp
[0.935s] -- Up-to-date: /home/amin/cobot/cobot_ws/install/mypalletizer_interfaces/include/mypalletizer_interfaces/mypalletizer_interfaces/srv/detail/get_coords__type_support.cpp
[0.935s] -- Up-to-date: /home/amin/cobot/cobot_ws/install/mypalletizer_interfaces/include/mypalletizer_interfaces/mypalletizer_interfaces/srv/detail/set_angles__rosidl_typesupport_introspection_cpp.hpp
[0.935s] -- Up-to-date: /home/amin/cobot/cobot_ws/install/mypalletizer_interfaces/include/mypalletizer_interfaces/mypalletizer_interfaces/srv/detail/set_angles__type_support.cpp
[0.935s] -- Up-to-date: /home/amin/cobot/cobot_ws/install/mypalletizer_interfaces/include/mypalletizer_interfaces/mypalletizer_interfaces/srv/detail/get_angles__type_support.cpp
[0.936s] -- Up-to-date: /home/amin/cobot/cobot_ws/install/mypalletizer_interfaces/include/mypalletizer_interfaces/mypalletizer_interfaces/srv/detail/pump_status__type_support.cpp
[0.936s] -- Up-to-date: /home/amin/cobot/cobot_ws/install/mypalletizer_interfaces/include/mypalletizer_interfaces/mypalletizer_interfaces/srv/detail/get_angles__rosidl_typesupport_introspection_cpp.hpp
[0.936s] -- Up-to-date: /home/amin/cobot/cobot_ws/install/mypalletizer_interfaces/include/mypalletizer_interfaces/mypalletizer_interfaces/srv/detail/set_coords__rosidl_typesupport_introspection_cpp.hpp
[0.936s] -- Up-to-date: /home/amin/cobot/cobot_ws/install/mypalletizer_interfaces/include/mypalletizer_interfaces/mypalletizer_interfaces/srv/detail/get_coords__rosidl_typesupport_introspection_cpp.hpp
[0.936s] -- Up-to-date: /home/amin/cobot/cobot_ws/install/mypalletizer_interfaces/include/mypalletizer_interfaces/mypalletizer_interfaces/msg
[0.936s] -- Up-to-date: /home/amin/cobot/cobot_ws/install/mypalletizer_interfaces/include/mypalletizer_interfaces/mypalletizer_interfaces/msg/detail
[0.936s] -- Up-to-date: /home/amin/cobot/cobot_ws/install/mypalletizer_interfaces/include/mypalletizer_interfaces/mypalletizer_interfaces/msg/detail/mypal_angles__type_support.cpp
[0.936s] -- Up-to-date: /home/amin/cobot/cobot_ws/install/mypalletizer_interfaces/include/mypalletizer_interfaces/mypalletizer_interfaces/msg/detail/mypal_gripper_status__rosidl_typesupport_introspection_cpp.hpp
[0.936s] -- Up-to-date: /home/amin/cobot/cobot_ws/install/mypalletizer_interfaces/include/mypalletizer_interfaces/mypalletizer_interfaces/msg/detail/mypal_set_coords__rosidl_typesupport_introspection_cpp.hpp
[0.936s] -- Up-to-date: /home/amin/cobot/cobot_ws/install/mypalletizer_interfaces/include/mypalletizer_interfaces/mypalletizer_interfaces/msg/detail/mypal_gripper_status__type_support.cpp
[0.936s] -- Up-to-date: /home/amin/cobot/cobot_ws/install/mypalletizer_interfaces/include/mypalletizer_interfaces/mypalletizer_interfaces/msg/detail/mypal_pump_status__type_support.cpp
[0.936s] -- Up-to-date: /home/amin/cobot/cobot_ws/install/mypalletizer_interfaces/include/mypalletizer_interfaces/mypalletizer_interfaces/msg/detail/mypal_angles__rosidl_typesupport_introspection_cpp.hpp
[0.937s] -- Up-to-date: /home/amin/cobot/cobot_ws/install/mypalletizer_interfaces/include/mypalletizer_interfaces/mypalletizer_interfaces/msg/detail/mypal_set_angles__type_support.cpp
[0.937s] -- Up-to-date: /home/amin/cobot/cobot_ws/install/mypalletizer_interfaces/include/mypalletizer_interfaces/mypalletizer_interfaces/msg/detail/mypal_coords__rosidl_typesupport_introspection_cpp.hpp
[0.937s] -- Up-to-date: /home/amin/cobot/cobot_ws/install/mypalletizer_interfaces/include/mypalletizer_interfaces/mypalletizer_interfaces/msg/detail/mypal_set_coords__type_support.cpp
[0.937s] -- Up-to-date: /home/amin/cobot/cobot_ws/install/mypalletizer_interfaces/include/mypalletizer_interfaces/mypalletizer_interfaces/msg/detail/mypal_set_angles__rosidl_typesupport_introspection_cpp.hpp
[0.937s] -- Up-to-date: /home/amin/cobot/cobot_ws/install/mypalletizer_interfaces/include/mypalletizer_interfaces/mypalletizer_interfaces/msg/detail/mypal_coords__type_support.cpp
[0.937s] -- Up-to-date: /home/amin/cobot/cobot_ws/install/mypalletizer_interfaces/include/mypalletizer_interfaces/mypalletizer_interfaces/msg/detail/mypal_pump_status__rosidl_typesupport_introspection_cpp.hpp
[0.937s] -- Up-to-date: /home/amin/cobot/cobot_ws/install/mypalletizer_interfaces/lib/libmypalletizer_interfaces__rosidl_typesupport_introspection_cpp.so
[0.937s] -- Up-to-date: /home/amin/cobot/cobot_ws/install/mypalletizer_interfaces/lib/libmypalletizer_interfaces__rosidl_typesupport_cpp.so
[0.937s] -- Up-to-date: /home/amin/cobot/cobot_ws/install/mypalletizer_interfaces/share/mypalletizer_interfaces/environment/pythonpath.sh
[0.937s] -- Up-to-date: /home/amin/cobot/cobot_ws/install/mypalletizer_interfaces/share/mypalletizer_interfaces/environment/pythonpath.dsv
[0.938s] -- Up-to-date: /home/amin/cobot/cobot_ws/install/mypalletizer_interfaces/lib/python3.12/site-packages/mypalletizer_interfaces-0.0.0-py3.12.egg-info
[0.938s] -- Installing: /home/amin/cobot/cobot_ws/install/mypalletizer_interfaces/lib/python3.12/site-packages/mypalletizer_interfaces-0.0.0-py3.12.egg-info/SOURCES.txt
[0.938s] -- Installing: /home/amin/cobot/cobot_ws/install/mypalletizer_interfaces/lib/python3.12/site-packages/mypalletizer_interfaces-0.0.0-py3.12.egg-info/PKG-INFO
[0.938s] -- Installing: /home/amin/cobot/cobot_ws/install/mypalletizer_interfaces/lib/python3.12/site-packages/mypalletizer_interfaces-0.0.0-py3.12.egg-info/top_level.txt
[0.939s] -- Installing: /home/amin/cobot/cobot_ws/install/mypalletizer_interfaces/lib/python3.12/site-packages/mypalletizer_interfaces-0.0.0-py3.12.egg-info/dependency_links.txt
[0.939s] -- Up-to-date: /home/amin/cobot/cobot_ws/install/mypalletizer_interfaces/lib/python3.12/site-packages/mypalletizer_interfaces
[0.939s] -- Up-to-date: /home/amin/cobot/cobot_ws/install/mypalletizer_interfaces/lib/python3.12/site-packages/mypalletizer_interfaces/mypalletizer_interfaces_s__rosidl_typesupport_fastrtps_c.so
[0.939s] -- Up-to-date: /home/amin/cobot/cobot_ws/install/mypalletizer_interfaces/lib/python3.12/site-packages/mypalletizer_interfaces/mypalletizer_interfaces_s__rosidl_typesupport_introspection_c.so
[0.939s] -- Up-to-date: /home/amin/cobot/cobot_ws/install/mypalletizer_interfaces/lib/python3.12/site-packages/mypalletizer_interfaces/_mypalletizer_interfaces_s.ep.rosidl_typesupport_introspection_c.c
[0.939s] -- Up-to-date: /home/amin/cobot/cobot_ws/install/mypalletizer_interfaces/lib/python3.12/site-packages/mypalletizer_interfaces/__init__.py
[0.940s] -- Up-to-date: /home/amin/cobot/cobot_ws/install/mypalletizer_interfaces/lib/python3.12/site-packages/mypalletizer_interfaces/srv
[0.940s] -- Up-to-date: /home/amin/cobot/cobot_ws/install/mypalletizer_interfaces/lib/python3.12/site-packages/mypalletizer_interfaces/srv/_get_coords_s.c
[0.940s] -- Up-to-date: /home/amin/cobot/cobot_ws/install/mypalletizer_interfaces/lib/python3.12/site-packages/mypalletizer_interfaces/srv/_get_angles_s.c
[0.940s] -- Up-to-date: /home/amin/cobot/cobot_ws/install/mypalletizer_interfaces/lib/python3.12/site-packages/mypalletizer_interfaces/srv/_get_angles.py
[0.940s] -- Up-to-date: /home/amin/cobot/cobot_ws/install/mypalletizer_interfaces/lib/python3.12/site-packages/mypalletizer_interfaces/srv/_set_angles.py
[0.941s] -- Up-to-date: /home/amin/cobot/cobot_ws/install/mypalletizer_interfaces/lib/python3.12/site-packages/mypalletizer_interfaces/srv/_pump_status.py
[0.941s] -- Up-to-date: /home/amin/cobot/cobot_ws/install/mypalletizer_interfaces/lib/python3.12/site-packages/mypalletizer_interfaces/srv/_pump_status_s.c
[0.941s] -- Up-to-date: /home/amin/cobot/cobot_ws/install/mypalletizer_interfaces/lib/python3.12/site-packages/mypalletizer_interfaces/srv/_set_coords.py
[0.941s] -- Up-to-date: /home/amin/cobot/cobot_ws/install/mypalletizer_interfaces/lib/python3.12/site-packages/mypalletizer_interfaces/srv/__init__.py
[0.941s] -- Up-to-date: /home/amin/cobot/cobot_ws/install/mypalletizer_interfaces/lib/python3.12/site-packages/mypalletizer_interfaces/srv/_get_coords.py
[0.941s] -- Up-to-date: /home/amin/cobot/cobot_ws/install/mypalletizer_interfaces/lib/python3.12/site-packages/mypalletizer_interfaces/srv/_gripper_status_s.c
[0.941s] -- Up-to-date: /home/amin/cobot/cobot_ws/install/mypalletizer_interfaces/lib/python3.12/site-packages/mypalletizer_interfaces/srv/_gripper_status.py
[0.941s] -- Up-to-date: /home/amin/cobot/cobot_ws/install/mypalletizer_interfaces/lib/python3.12/site-packages/mypalletizer_interfaces/srv/_set_coords_s.c
[0.942s] -- Up-to-date: /home/amin/cobot/cobot_ws/install/mypalletizer_interfaces/lib/python3.12/site-packages/mypalletizer_interfaces/srv/_set_angles_s.c
[0.942s] -- Up-to-date: /home/amin/cobot/cobot_ws/install/mypalletizer_interfaces/lib/python3.12/site-packages/mypalletizer_interfaces/msg
[0.942s] -- Up-to-date: /home/amin/cobot/cobot_ws/install/mypalletizer_interfaces/lib/python3.12/site-packages/mypalletizer_interfaces/msg/_mypal_angles.py
[0.942s] -- Up-to-date: /home/amin/cobot/cobot_ws/install/mypalletizer_interfaces/lib/python3.12/site-packages/mypalletizer_interfaces/msg/_mypal_gripper_status_s.c
[0.942s] -- Up-to-date: /home/amin/cobot/cobot_ws/install/mypalletizer_interfaces/lib/python3.12/site-packages/mypalletizer_interfaces/msg/_mypal_set_coords.py
[0.942s] -- Up-to-date: /home/amin/cobot/cobot_ws/install/mypalletizer_interfaces/lib/python3.12/site-packages/mypalletizer_interfaces/msg/_mypal_set_angles_s.c
[0.942s] -- Up-to-date: /home/amin/cobot/cobot_ws/install/mypalletizer_interfaces/lib/python3.12/site-packages/mypalletizer_interfaces/msg/__init__.py
[0.942s] -- Up-to-date: /home/amin/cobot/cobot_ws/install/mypalletizer_interfaces/lib/python3.12/site-packages/mypalletizer_interfaces/msg/_mypal_gripper_status.py
[0.942s] -- Up-to-date: /home/amin/cobot/cobot_ws/install/mypalletizer_interfaces/lib/python3.12/site-packages/mypalletizer_interfaces/msg/_mypal_coords.py
[0.942s] -- Up-to-date: /home/amin/cobot/cobot_ws/install/mypalletizer_interfaces/lib/python3.12/site-packages/mypalletizer_interfaces/msg/_mypal_pump_status.py
[0.942s] -- Up-to-date: /home/amin/cobot/cobot_ws/install/mypalletizer_interfaces/lib/python3.12/site-packages/mypalletizer_interfaces/msg/_mypal_angles_s.c
[0.942s] -- Up-to-date: /home/amin/cobot/cobot_ws/install/mypalletizer_interfaces/lib/python3.12/site-packages/mypalletizer_interfaces/msg/_mypal_set_coords_s.c
[0.943s] -- Up-to-date: /home/amin/cobot/cobot_ws/install/mypalletizer_interfaces/lib/python3.12/site-packages/mypalletizer_interfaces/msg/_mypal_coords_s.c
[0.943s] -- Up-to-date: /home/amin/cobot/cobot_ws/install/mypalletizer_interfaces/lib/python3.12/site-packages/mypalletizer_interfaces/msg/_mypal_pump_status_s.c
[0.943s] -- Up-to-date: /home/amin/cobot/cobot_ws/install/mypalletizer_interfaces/lib/python3.12/site-packages/mypalletizer_interfaces/msg/_mypal_set_angles.py
[0.943s] -- Up-to-date: /home/amin/cobot/cobot_ws/install/mypalletizer_interfaces/lib/python3.12/site-packages/mypalletizer_interfaces/_mypalletizer_interfaces_s.ep.rosidl_typesupport_c.c
[0.943s] -- Up-to-date: /home/amin/cobot/cobot_ws/install/mypalletizer_interfaces/lib/python3.12/site-packages/mypalletizer_interfaces/mypalletizer_interfaces_s__rosidl_typesupport_c.so
[0.943s] -- Up-to-date: /home/amin/cobot/cobot_ws/install/mypalletizer_interfaces/lib/python3.12/site-packages/mypalletizer_interfaces/_mypalletizer_interfaces_s.ep.rosidl_typesupport_fastrtps_c.c
[1.026s] Listing '/home/amin/cobot/cobot_ws/install/mypalletizer_interfaces/lib/python3.12/site-packages/mypalletizer_interfaces'...
[1.026s] Listing '/home/amin/cobot/cobot_ws/install/mypalletizer_interfaces/lib/python3.12/site-packages/mypalletizer_interfaces/msg'...
[1.026s] Listing '/home/amin/cobot/cobot_ws/install/mypalletizer_interfaces/lib/python3.12/site-packages/mypalletizer_interfaces/srv'...
[1.038s] -- Up-to-date: /home/amin/cobot/cobot_ws/install/mypalletizer_interfaces/lib/python3.12/site-packages/mypalletizer_interfaces/mypalletizer_interfaces_s__rosidl_typesupport_fastrtps_c.so
[1.038s] -- Up-to-date: /home/amin/cobot/cobot_ws/install/mypalletizer_interfaces/lib/python3.12/site-packages/mypalletizer_interfaces/mypalletizer_interfaces_s__rosidl_typesupport_introspection_c.so
[1.038s] -- Up-to-date: /home/amin/cobot/cobot_ws/install/mypalletizer_interfaces/lib/python3.12/site-packages/mypalletizer_interfaces/mypalletizer_interfaces_s__rosidl_typesupport_c.so
[1.038s] -- Up-to-date: /home/amin/cobot/cobot_ws/install/mypalletizer_interfaces/lib/libmypalletizer_interfaces__rosidl_generator_py.so
[1.039s] -- Up-to-date: /home/amin/cobot/cobot_ws/install/mypalletizer_interfaces/share/mypalletizer_interfaces/msg/MypalAngles.idl
[1.039s] -- Up-to-date: /home/amin/cobot/cobot_ws/install/mypalletizer_interfaces/share/mypalletizer_interfaces/msg/MypalCoords.idl
[1.039s] -- Up-to-date: /home/amin/cobot/cobot_ws/install/mypalletizer_interfaces/share/mypalletizer_interfaces/msg/MypalSetAngles.idl
[1.039s] -- Up-to-date: /home/amin/cobot/cobot_ws/install/mypalletizer_interfaces/share/mypalletizer_interfaces/msg/MypalSetCoords.idl
[1.039s] -- Up-to-date: /home/amin/cobot/cobot_ws/install/mypalletizer_interfaces/share/mypalletizer_interfaces/msg/MypalGripperStatus.idl
[1.039s] -- Up-to-date: /home/amin/cobot/cobot_ws/install/mypalletizer_interfaces/share/mypalletizer_interfaces/msg/MypalPumpStatus.idl
[1.039s] -- Up-to-date: /home/amin/cobot/cobot_ws/install/mypalletizer_interfaces/share/mypalletizer_interfaces/srv/GetAngles.idl
[1.039s] -- Up-to-date: /home/amin/cobot/cobot_ws/install/mypalletizer_interfaces/share/mypalletizer_interfaces/srv/SetAngles.idl
[1.039s] -- Up-to-date: /home/amin/cobot/cobot_ws/install/mypalletizer_interfaces/share/mypalletizer_interfaces/srv/GetCoords.idl
[1.039s] -- Up-to-date: /home/amin/cobot/cobot_ws/install/mypalletizer_interfaces/share/mypalletizer_interfaces/srv/SetCoords.idl
[1.040s] -- Up-to-date: /home/amin/cobot/cobot_ws/install/mypalletizer_interfaces/share/mypalletizer_interfaces/srv/GripperStatus.idl
[1.040s] -- Up-to-date: /home/amin/cobot/cobot_ws/install/mypalletizer_interfaces/share/mypalletizer_interfaces/srv/PumpStatus.idl
[1.040s] -- Up-to-date: /home/amin/cobot/cobot_ws/install/mypalletizer_interfaces/share/mypalletizer_interfaces/msg/MypalAngles.msg
[1.040s] -- Up-to-date: /home/amin/cobot/cobot_ws/install/mypalletizer_interfaces/share/mypalletizer_interfaces/msg/MypalCoords.msg
[1.040s] -- Up-to-date: /home/amin/cobot/cobot_ws/install/mypalletizer_interfaces/share/mypalletizer_interfaces/msg/MypalSetAngles.msg
[1.040s] -- Up-to-date: /home/amin/cobot/cobot_ws/install/mypalletizer_interfaces/share/mypalletizer_interfaces/msg/MypalSetCoords.msg
[1.040s] -- Up-to-date: /home/amin/cobot/cobot_ws/install/mypalletizer_interfaces/share/mypalletizer_interfaces/msg/MypalGripperStatus.msg
[1.040s] -- Up-to-date: /home/amin/cobot/cobot_ws/install/mypalletizer_interfaces/share/mypalletizer_interfaces/msg/MypalPumpStatus.msg
[1.040s] -- Up-to-date: /home/amin/cobot/cobot_ws/install/mypalletizer_interfaces/share/mypalletizer_interfaces/srv/GetAngles.srv
[1.041s] -- Up-to-date: /home/amin/cobot/cobot_ws/install/mypalletizer_interfaces/share/mypalletizer_interfaces/srv/SetAngles.srv
[1.041s] -- Up-to-date: /home/amin/cobot/cobot_ws/install/mypalletizer_interfaces/share/mypalletizer_interfaces/srv/GetCoords.srv
[1.041s] -- Up-to-date: /home/amin/cobot/cobot_ws/install/mypalletizer_interfaces/share/mypalletizer_interfaces/srv/SetCoords.srv
[1.041s] -- Up-to-date: /home/amin/cobot/cobot_ws/install/mypalletizer_interfaces/share/mypalletizer_interfaces/srv/GripperStatus.srv
[1.041s] -- Up-to-date: /home/amin/cobot/cobot_ws/install/mypalletizer_interfaces/share/mypalletizer_interfaces/srv/PumpStatus.srv
[1.041s] -- Up-to-date: /home/amin/cobot/cobot_ws/install/mypalletizer_interfaces/share/ament_index/resource_index/package_run_dependencies/mypalletizer_interfaces
[1.041s] -- Up-to-date: /home/amin/cobot/cobot_ws/install/mypalletizer_interfaces/share/ament_index/resource_index/parent_prefix_path/mypalletizer_interfaces
[1.041s] -- Up-to-date: /home/amin/cobot/cobot_ws/install/mypalletizer_interfaces/share/mypalletizer_interfaces/environment/ament_prefix_path.sh
[1.041s] -- Up-to-date: /home/amin/cobot/cobot_ws/install/mypalletizer_interfaces/share/mypalletizer_interfaces/environment/ament_prefix_path.dsv
[1.041s] -- Up-to-date: /home/amin/cobot/cobot_ws/install/mypalletizer_interfaces/share/mypalletizer_interfaces/environment/path.sh
[1.042s] -- Up-to-date: /home/amin/cobot/cobot_ws/install/mypalletizer_interfaces/share/mypalletizer_interfaces/environment/path.dsv
[1.042s] -- Up-to-date: /home/amin/cobot/cobot_ws/install/mypalletizer_interfaces/share/mypalletizer_interfaces/local_setup.bash
[1.042s] -- Up-to-date: /home/amin/cobot/cobot_ws/install/mypalletizer_interfaces/share/mypalletizer_interfaces/local_setup.sh
[1.042s] -- Up-to-date: /home/amin/cobot/cobot_ws/install/mypalletizer_interfaces/share/mypalletizer_interfaces/local_setup.zsh
[1.042s] -- Up-to-date: /home/amin/cobot/cobot_ws/install/mypalletizer_interfaces/share/mypalletizer_interfaces/local_setup.dsv
[1.042s] -- Installing: /home/amin/cobot/cobot_ws/install/mypalletizer_interfaces/share/mypalletizer_interfaces/package.dsv
[1.042s] -- Up-to-date: /home/amin/cobot/cobot_ws/install/mypalletizer_interfaces/share/ament_index/resource_index/packages/mypalletizer_interfaces
[1.042s] -- Up-to-date: /home/amin/cobot/cobot_ws/install/mypalletizer_interfaces/share/mypalletizer_interfaces/cmake/export_mypalletizer_interfaces__rosidl_generator_cExport.cmake
[1.042s] -- Up-to-date: /home/amin/cobot/cobot_ws/install/mypalletizer_interfaces/share/mypalletizer_interfaces/cmake/export_mypalletizer_interfaces__rosidl_generator_cExport-noconfig.cmake
[1.042s] -- Up-to-date: /home/amin/cobot/cobot_ws/install/mypalletizer_interfaces/share/mypalletizer_interfaces/cmake/export_mypalletizer_interfaces__rosidl_typesupport_fastrtps_cExport.cmake
[1.043s] -- Up-to-date: /home/amin/cobot/cobot_ws/install/mypalletizer_interfaces/share/mypalletizer_interfaces/cmake/export_mypalletizer_interfaces__rosidl_typesupport_fastrtps_cExport-noconfig.cmake
[1.043s] -- Up-to-date: /home/amin/cobot/cobot_ws/install/mypalletizer_interfaces/share/mypalletizer_interfaces/cmake/mypalletizer_interfaces__rosidl_typesupport_introspection_cExport.cmake
[1.043s] -- Up-to-date: /home/amin/cobot/cobot_ws/install/mypalletizer_interfaces/share/mypalletizer_interfaces/cmake/mypalletizer_interfaces__rosidl_typesupport_introspection_cExport-noconfig.cmake
[1.043s] -- Up-to-date: /home/amin/cobot/cobot_ws/install/mypalletizer_interfaces/share/mypalletizer_interfaces/cmake/mypalletizer_interfaces__rosidl_typesupport_cExport.cmake
[1.043s] -- Up-to-date: /home/amin/cobot/cobot_ws/install/mypalletizer_interfaces/share/mypalletizer_interfaces/cmake/mypalletizer_interfaces__rosidl_typesupport_cExport-noconfig.cmake
[1.043s] -- Up-to-date: /home/amin/cobot/cobot_ws/install/mypalletizer_interfaces/share/mypalletizer_interfaces/cmake/export_mypalletizer_interfaces__rosidl_generator_cppExport.cmake
[1.043s] -- Up-to-date: /home/amin/cobot/cobot_ws/install/mypalletizer_interfaces/share/mypalletizer_interfaces/cmake/export_mypalletizer_interfaces__rosidl_typesupport_fastrtps_cppExport.cmake
[1.043s] -- Up-to-date: /home/amin/cobot/cobot_ws/install/mypalletizer_interfaces/share/mypalletizer_interfaces/cmake/export_mypalletizer_interfaces__rosidl_typesupport_fastrtps_cppExport-noconfig.cmake
[1.043s] -- Up-to-date: /home/amin/cobot/cobot_ws/install/mypalletizer_interfaces/share/mypalletizer_interfaces/cmake/mypalletizer_interfaces__rosidl_typesupport_introspection_cppExport.cmake
[1.043s] -- Up-to-date: /home/amin/cobot/cobot_ws/install/mypalletizer_interfaces/share/mypalletizer_interfaces/cmake/mypalletizer_interfaces__rosidl_typesupport_introspection_cppExport-noconfig.cmake
[1.043s] -- Up-to-date: /home/amin/cobot/cobot_ws/install/mypalletizer_interfaces/share/mypalletizer_interfaces/cmake/mypalletizer_interfaces__rosidl_typesupport_cppExport.cmake
[1.044s] -- Up-to-date: /home/amin/cobot/cobot_ws/install/mypalletizer_interfaces/share/mypalletizer_interfaces/cmake/mypalletizer_interfaces__rosidl_typesupport_cppExport-noconfig.cmake
[1.044s] -- Up-to-date: /home/amin/cobot/cobot_ws/install/mypalletizer_interfaces/share/mypalletizer_interfaces/cmake/export_mypalletizer_interfaces__rosidl_generator_pyExport.cmake
[1.044s] -- Up-to-date: /home/amin/cobot/cobot_ws/install/mypalletizer_interfaces/share/mypalletizer_interfaces/cmake/export_mypalletizer_interfaces__rosidl_generator_pyExport-noconfig.cmake
[1.044s] -- Up-to-date: /home/amin/cobot/cobot_ws/install/mypalletizer_interfaces/share/mypalletizer_interfaces/cmake/rosidl_cmake-extras.cmake
[1.044s] -- Up-to-date: /home/amin/cobot/cobot_ws/install/mypalletizer_interfaces/share/mypalletizer_interfaces/cmake/ament_cmake_export_dependencies-extras.cmake
[1.044s] -- Up-to-date: /home/amin/cobot/cobot_ws/install/mypalletizer_interfaces/share/mypalletizer_interfaces/cmake/ament_cmake_export_include_directories-extras.cmake
[1.044s] -- Up-to-date: /home/amin/cobot/cobot_ws/install/mypalletizer_interfaces/share/mypalletizer_interfaces/cmake/ament_cmake_export_libraries-extras.cmake
[1.044s] -- Up-to-date: /home/amin/cobot/cobot_ws/install/mypalletizer_interfaces/share/mypalletizer_interfaces/cmake/ament_cmake_export_targets-extras.cmake
[1.044s] -- Up-to-date: /home/amin/cobot/cobot_ws/install/mypalletizer_interfaces/share/mypalletizer_interfaces/cmake/rosidl_cmake_export_typesupport_targets-extras.cmake
[1.044s] -- Up-to-date: /home/amin/cobot/cobot_ws/install/mypalletizer_interfaces/share/mypalletizer_interfaces/cmake/rosidl_cmake_export_typesupport_libraries-extras.cmake
[1.045s] -- Up-to-date: /home/amin/cobot/cobot_ws/install/mypalletizer_interfaces/share/mypalletizer_interfaces/cmake/mypalletizer_interfacesConfig.cmake
[1.045s] -- Up-to-date: /home/amin/cobot/cobot_ws/install/mypalletizer_interfaces/share/mypalletizer_interfaces/cmake/mypalletizer_interfacesConfig-version.cmake
[1.045s] -- Up-to-date: /home/amin/cobot/cobot_ws/install/mypalletizer_interfaces/share/mypalletizer_interfaces/package.xml
[1.045s] Invoked command in '/home/amin/cobot/cobot_ws/build/mypalletizer_interfaces' returned '0': CMAKE_PREFIX_PATH=${CMAKE_PREFIX_PATH}:/home/amin/cobot/cobot_ws/install/ultraarm:/home/amin/cobot/cobot_ws/install/pro450_moveit2_control:/home/amin/cobot/cobot_ws/install/mypalletizer_communication:/home/amin/cobot/cobot_ws/install/mypalletizer_260_pi:/home/amin/cobot/cobot_ws/install/mypalletizer_260:/home/amin/cobot/cobot_ws/install/mycobot_pro_450:/home/amin/cobot/cobot_ws/install/myarm_m750:/home/amin/cobot/cobot_ws/install/myarm_c650:/home/amin/cobot/cobot_ws/install/mycobot_communication:/home/amin/cobot/cobot_ws/install/mecharm_communication:/home/amin/cobot/cobot_ws/install/mycobot_630:/home/amin/cobot/cobot_ws/install/mycobot_600:/home/amin/cobot/cobot_ws/install/mycobot_320pi:/home/amin/cobot/cobot_ws/install/mycobot_320_riscv:/home/amin/cobot/cobot_ws/install/mycobot_320:/home/amin/cobot/cobot_ws/install/mycobot_280pi:/home/amin/cobot/cobot_ws/install/mycobot_280jn:/home/amin/cobot/cobot_ws/install/mycobot_280_x3pi:/home/amin/cobot/cobot_ws/install/mycobot_280_riscv:/home/amin/cobot/cobot_ws/install/mycobot_280_rdkx5:/home/amin/cobot/cobot_ws/install/mycobot_280_moveit2_control:/home/amin/cobot/cobot_ws/install/mycobot_280_arduino:/home/amin/cobot/cobot_ws/install/mycobot_280:/home/amin/cobot/cobot_ws/install/mybuddy:/home/amin/cobot/cobot_ws/install/myarm_300:/home/amin/cobot/cobot_ws/install/mecharm_pi:/home/amin/cobot/cobot_ws/install/mecharm:/home/amin/cobot/cobot_ws/install/mycobot_description:/opt/ros/jazzy DEBUGINFOD_URLS=https://debuginfod.ubuntu.com /usr/bin/cmake --install /home/amin/cobot/cobot_ws/build/mypalletizer_interfaces
