[1.272s] Invoking command in '/home/amin/cobot/cobot_ws/src/mycobot_ros2/myArm/myarm_c650': AMENT_PREFIX_PATH=/home/amin/cobot/cobot_ws/install/mycobot_communication:/home/amin/cobot/cobot_ws/install/mycobot_interfaces:/home/amin/cobot/cobot_ws/install/mycobot_description:${AMENT_PREFIX_PATH} CMAKE_PREFIX_PATH=/home/amin/cobot/cobot_ws/install/mycobot_interfaces:${CMAKE_PREFIX_PATH} DEBUGINFOD_URLS=https://debuginfod.ubuntu.com LD_LIBRARY_PATH=/home/amin/cobot/cobot_ws/install/mycobot_interfaces/lib:${LD_LIBRARY_PATH} PYTHONPATH=/home/amin/cobot/cobot_ws/build/myarm_c650/prefix_override:/usr/lib/python3/dist-packages/colcon_core/task/python/colcon_distutils_commands:/home/amin/cobot/cobot_ws/install/myarm_c650/lib/python3.12/site-packages:/home/amin/cobot/cobot_ws/install/mycobot_communication/lib/python3.12/site-packages:/home/amin/cobot/cobot_ws/install/mycobot_interfaces/lib/python3.12/site-packages:/home/amin/cobot/cobot_ws/install/mycobot_description/lib/python3.12/site-packages:${PYTHONPATH} /usr/bin/python3 -W ignore:setup.py install is deprecated -W ignore:easy_install command is deprecated setup.py egg_info --egg-base ../../../../build/myarm_c650 build --build-base /home/amin/cobot/cobot_ws/build/myarm_c650/build install --record /home/amin/cobot/cobot_ws/build/myarm_c650/install.log --single-version-externally-managed install_data
[1.537s] running egg_info
[1.538s] creating ../../../../build/myarm_c650/myarm_c650.egg-info
[1.557s] writing ../../../../build/myarm_c650/myarm_c650.egg-info/PKG-INFO
[1.558s] writing dependency_links to ../../../../build/myarm_c650/myarm_c650.egg-info/dependency_links.txt
[1.558s] writing entry points to ../../../../build/myarm_c650/myarm_c650.egg-info/entry_points.txt
[1.558s] writing requirements to ../../../../build/myarm_c650/myarm_c650.egg-info/requires.txt
[1.559s] writing top-level names to ../../../../build/myarm_c650/myarm_c650.egg-info/top_level.txt
[1.559s] writing manifest file '../../../../build/myarm_c650/myarm_c650.egg-info/SOURCES.txt'
[1.598s] reading manifest file '../../../../build/myarm_c650/myarm_c650.egg-info/SOURCES.txt'
[1.598s] adding license file 'LICENSE'
[1.598s] writing manifest file '../../../../build/myarm_c650/myarm_c650.egg-info/SOURCES.txt'
[1.599s] running build
[1.599s] running build_py
[1.600s] creating /home/amin/cobot/cobot_ws/build/myarm_c650/build
[1.600s] creating /home/amin/cobot/cobot_ws/build/myarm_c650/build/lib
[1.600s] creating /home/amin/cobot/cobot_ws/build/myarm_c650/build/lib/myarm_c650
[1.600s] copying myarm_c650/slider_control.py -> /home/amin/cobot/cobot_ws/build/myarm_c650/build/lib/myarm_c650
[1.600s] copying myarm_c650/teleop_keyboard.py -> /home/amin/cobot/cobot_ws/build/myarm_c650/build/lib/myarm_c650
[1.600s] copying myarm_c650/debug.py -> /home/amin/cobot/cobot_ws/build/myarm_c650/build/lib/myarm_c650
[1.601s] copying myarm_c650/__init__.py -> /home/amin/cobot/cobot_ws/build/myarm_c650/build/lib/myarm_c650
[1.601s] copying myarm_c650/test.py -> /home/amin/cobot/cobot_ws/build/myarm_c650/build/lib/myarm_c650
[1.601s] copying myarm_c650/follow_display.py -> /home/amin/cobot/cobot_ws/build/myarm_c650/build/lib/myarm_c650
[1.601s] copying myarm_c650/simple_gui.py -> /home/amin/cobot/cobot_ws/build/myarm_c650/build/lib/myarm_c650
[1.601s] running install
[1.606s] running install_lib
[1.626s] creating /home/amin/cobot/cobot_ws/install/myarm_c650/lib/python3.12/site-packages/myarm_c650
[1.627s] copying /home/amin/cobot/cobot_ws/build/myarm_c650/build/lib/myarm_c650/slider_control.py -> /home/amin/cobot/cobot_ws/install/myarm_c650/lib/python3.12/site-packages/myarm_c650
[1.627s] copying /home/amin/cobot/cobot_ws/build/myarm_c650/build/lib/myarm_c650/teleop_keyboard.py -> /home/amin/cobot/cobot_ws/install/myarm_c650/lib/python3.12/site-packages/myarm_c650
[1.627s] copying /home/amin/cobot/cobot_ws/build/myarm_c650/build/lib/myarm_c650/debug.py -> /home/amin/cobot/cobot_ws/install/myarm_c650/lib/python3.12/site-packages/myarm_c650
[1.628s] copying /home/amin/cobot/cobot_ws/build/myarm_c650/build/lib/myarm_c650/__init__.py -> /home/amin/cobot/cobot_ws/install/myarm_c650/lib/python3.12/site-packages/myarm_c650
[1.628s] copying /home/amin/cobot/cobot_ws/build/myarm_c650/build/lib/myarm_c650/test.py -> /home/amin/cobot/cobot_ws/install/myarm_c650/lib/python3.12/site-packages/myarm_c650
[1.628s] copying /home/amin/cobot/cobot_ws/build/myarm_c650/build/lib/myarm_c650/follow_display.py -> /home/amin/cobot/cobot_ws/install/myarm_c650/lib/python3.12/site-packages/myarm_c650
[1.628s] copying /home/amin/cobot/cobot_ws/build/myarm_c650/build/lib/myarm_c650/simple_gui.py -> /home/amin/cobot/cobot_ws/install/myarm_c650/lib/python3.12/site-packages/myarm_c650
[1.628s] byte-compiling /home/amin/cobot/cobot_ws/install/myarm_c650/lib/python3.12/site-packages/myarm_c650/slider_control.py to slider_control.cpython-312.pyc
[1.629s] byte-compiling /home/amin/cobot/cobot_ws/install/myarm_c650/lib/python3.12/site-packages/myarm_c650/teleop_keyboard.py to teleop_keyboard.cpython-312.pyc
[1.630s] byte-compiling /home/amin/cobot/cobot_ws/install/myarm_c650/lib/python3.12/site-packages/myarm_c650/debug.py to debug.cpython-312.pyc
[1.631s] byte-compiling /home/amin/cobot/cobot_ws/install/myarm_c650/lib/python3.12/site-packages/myarm_c650/__init__.py to __init__.cpython-312.pyc
[1.631s] byte-compiling /home/amin/cobot/cobot_ws/install/myarm_c650/lib/python3.12/site-packages/myarm_c650/test.py to test.cpython-312.pyc
[1.632s] byte-compiling /home/amin/cobot/cobot_ws/install/myarm_c650/lib/python3.12/site-packages/myarm_c650/follow_display.py to follow_display.cpython-312.pyc
[1.633s] byte-compiling /home/amin/cobot/cobot_ws/install/myarm_c650/lib/python3.12/site-packages/myarm_c650/simple_gui.py to simple_gui.cpython-312.pyc
[1.637s] running install_data
[1.637s] creating /home/amin/cobot/cobot_ws/install/myarm_c650/share/ament_index
[1.638s] creating /home/amin/cobot/cobot_ws/install/myarm_c650/share/ament_index/resource_index
[1.638s] creating /home/amin/cobot/cobot_ws/install/myarm_c650/share/ament_index/resource_index/packages
[1.638s] copying resource/myarm_c650 -> /home/amin/cobot/cobot_ws/install/myarm_c650/share/ament_index/resource_index/packages
[1.638s] copying package.xml -> /home/amin/cobot/cobot_ws/install/myarm_c650/share/myarm_c650
[1.638s] creating /home/amin/cobot/cobot_ws/install/myarm_c650/share/myarm_c650/launch
[1.638s] copying launch/mycobot_follow.launch.py -> /home/amin/cobot/cobot_ws/install/myarm_c650/share/myarm_c650/launch
[1.638s] copying launch/teleop_keyboard.launch.py -> /home/amin/cobot/cobot_ws/install/myarm_c650/share/myarm_c650/launch
[1.638s] copying launch/simple_gui.launch.py -> /home/amin/cobot/cobot_ws/install/myarm_c650/share/myarm_c650/launch
[1.639s] copying launch/test.launch.py -> /home/amin/cobot/cobot_ws/install/myarm_c650/share/myarm_c650/launch
[1.639s] copying launch/slider_control.launch.py -> /home/amin/cobot/cobot_ws/install/myarm_c650/share/myarm_c650/launch
[1.639s] creating /home/amin/cobot/cobot_ws/install/myarm_c650/share/myarm_c650/config
[1.639s] copying config/myarm_with_marker.rviz -> /home/amin/cobot/cobot_ws/install/myarm_c650/share/myarm_c650/config
[1.639s] copying config/myarm_c650.rviz -> /home/amin/cobot/cobot_ws/install/myarm_c650/share/myarm_c650/config
[1.639s] running install_egg_info
[1.660s] Copying ../../../../build/myarm_c650/myarm_c650.egg-info to /home/amin/cobot/cobot_ws/install/myarm_c650/lib/python3.12/site-packages/myarm_c650-0.0.0-py3.12.egg-info
[1.661s] running install_scripts
[1.794s] Installing debug script to /home/amin/cobot/cobot_ws/install/myarm_c650/lib/myarm_c650
[1.795s] Installing follow_display script to /home/amin/cobot/cobot_ws/install/myarm_c650/lib/myarm_c650
[1.795s] Installing simple_gui script to /home/amin/cobot/cobot_ws/install/myarm_c650/lib/myarm_c650
[1.795s] Installing slider_control script to /home/amin/cobot/cobot_ws/install/myarm_c650/lib/myarm_c650
[1.795s] Installing teleop_keyboard script to /home/amin/cobot/cobot_ws/install/myarm_c650/lib/myarm_c650
[1.796s] Installing test script to /home/amin/cobot/cobot_ws/install/myarm_c650/lib/myarm_c650
[1.796s] writing list of installed files to '/home/amin/cobot/cobot_ws/build/myarm_c650/install.log'
[1.848s] Invoked command in '/home/amin/cobot/cobot_ws/src/mycobot_ros2/myArm/myarm_c650' returned '0': AMENT_PREFIX_PATH=/home/amin/cobot/cobot_ws/install/mycobot_communication:/home/amin/cobot/cobot_ws/install/mycobot_interfaces:/home/amin/cobot/cobot_ws/install/mycobot_description:${AMENT_PREFIX_PATH} CMAKE_PREFIX_PATH=/home/amin/cobot/cobot_ws/install/mycobot_interfaces:${CMAKE_PREFIX_PATH} DEBUGINFOD_URLS=https://debuginfod.ubuntu.com LD_LIBRARY_PATH=/home/amin/cobot/cobot_ws/install/mycobot_interfaces/lib:${LD_LIBRARY_PATH} PYTHONPATH=/home/amin/cobot/cobot_ws/build/myarm_c650/prefix_override:/usr/lib/python3/dist-packages/colcon_core/task/python/colcon_distutils_commands:/home/amin/cobot/cobot_ws/install/myarm_c650/lib/python3.12/site-packages:/home/amin/cobot/cobot_ws/install/mycobot_communication/lib/python3.12/site-packages:/home/amin/cobot/cobot_ws/install/mycobot_interfaces/lib/python3.12/site-packages:/home/amin/cobot/cobot_ws/install/mycobot_description/lib/python3.12/site-packages:${PYTHONPATH} /usr/bin/python3 -W ignore:setup.py install is deprecated -W ignore:easy_install command is deprecated setup.py egg_info --egg-base ../../../../build/myarm_c650 build --build-base /home/amin/cobot/cobot_ws/build/myarm_c650/build install --record /home/amin/cobot/cobot_ws/build/myarm_c650/install.log --single-version-externally-managed install_data
