/home/amin/cobot/cobot_ws/install/mycobot_280jn/lib/python3.12/site-packages/mycobot_280jn/opencv_camera.py
/home/amin/cobot/cobot_ws/install/mycobot_280jn/lib/python3.12/site-packages/mycobot_280jn/camera_display.py
/home/amin/cobot/cobot_ws/install/mycobot_280jn/lib/python3.12/site-packages/mycobot_280jn/listen_real.py
/home/amin/cobot/cobot_ws/install/mycobot_280jn/lib/python3.12/site-packages/mycobot_280jn/listen_real_of_topic.py
/home/amin/cobot/cobot_ws/install/mycobot_280jn/lib/python3.12/site-packages/mycobot_280jn/listen_real_service.py
/home/amin/cobot/cobot_ws/install/mycobot_280jn/lib/python3.12/site-packages/mycobot_280jn/slider_control.py
/home/amin/cobot/cobot_ws/install/mycobot_280jn/lib/python3.12/site-packages/mycobot_280jn/teleop_keyboard.py
/home/amin/cobot/cobot_ws/install/mycobot_280jn/lib/python3.12/site-packages/mycobot_280jn/__init__.py
/home/amin/cobot/cobot_ws/install/mycobot_280jn/lib/python3.12/site-packages/mycobot_280jn/slider_control_adaptive_gripper.py
/home/amin/cobot/cobot_ws/install/mycobot_280jn/lib/python3.12/site-packages/mycobot_280jn/follow_display.py
/home/amin/cobot/cobot_ws/install/mycobot_280jn/lib/python3.12/site-packages/mycobot_280jn/simple_gui.py
/home/amin/cobot/cobot_ws/install/mycobot_280jn/lib/python3.12/site-packages/mycobot_280jn/__pycache__/opencv_camera.cpython-312.pyc
/home/amin/cobot/cobot_ws/install/mycobot_280jn/lib/python3.12/site-packages/mycobot_280jn/__pycache__/camera_display.cpython-312.pyc
/home/amin/cobot/cobot_ws/install/mycobot_280jn/lib/python3.12/site-packages/mycobot_280jn/__pycache__/listen_real.cpython-312.pyc
/home/amin/cobot/cobot_ws/install/mycobot_280jn/lib/python3.12/site-packages/mycobot_280jn/__pycache__/listen_real_of_topic.cpython-312.pyc
/home/amin/cobot/cobot_ws/install/mycobot_280jn/lib/python3.12/site-packages/mycobot_280jn/__pycache__/listen_real_service.cpython-312.pyc
/home/amin/cobot/cobot_ws/install/mycobot_280jn/lib/python3.12/site-packages/mycobot_280jn/__pycache__/slider_control.cpython-312.pyc
/home/amin/cobot/cobot_ws/install/mycobot_280jn/lib/python3.12/site-packages/mycobot_280jn/__pycache__/teleop_keyboard.cpython-312.pyc
/home/amin/cobot/cobot_ws/install/mycobot_280jn/lib/python3.12/site-packages/mycobot_280jn/__pycache__/__init__.cpython-312.pyc
/home/amin/cobot/cobot_ws/install/mycobot_280jn/lib/python3.12/site-packages/mycobot_280jn/__pycache__/slider_control_adaptive_gripper.cpython-312.pyc
/home/amin/cobot/cobot_ws/install/mycobot_280jn/lib/python3.12/site-packages/mycobot_280jn/__pycache__/follow_display.cpython-312.pyc
/home/amin/cobot/cobot_ws/install/mycobot_280jn/lib/python3.12/site-packages/mycobot_280jn/__pycache__/simple_gui.cpython-312.pyc
/home/amin/cobot/cobot_ws/install/mycobot_280jn/share/ament_index/resource_index/packages/mycobot_280jn
/home/amin/cobot/cobot_ws/install/mycobot_280jn/share/mycobot_280jn/package.xml
/home/amin/cobot/cobot_ws/install/mycobot_280jn/share/mycobot_280jn/launch/mycobot_follow.launch.py
/home/amin/cobot/cobot_ws/install/mycobot_280jn/share/mycobot_280jn/launch/teleop_keyboard.launch.py
/home/amin/cobot/cobot_ws/install/mycobot_280jn/share/mycobot_280jn/launch/simple_gui.launch.py
/home/amin/cobot/cobot_ws/install/mycobot_280jn/share/mycobot_280jn/launch/slider_control_adaptive_gripper.launch.py
/home/amin/cobot/cobot_ws/install/mycobot_280jn/share/mycobot_280jn/launch/test.launch.py
/home/amin/cobot/cobot_ws/install/mycobot_280jn/share/mycobot_280jn/launch/test_gripper.launch.py
/home/amin/cobot/cobot_ws/install/mycobot_280jn/share/mycobot_280jn/launch/slider_control.launch.py
/home/amin/cobot/cobot_ws/install/mycobot_280jn/share/mycobot_280jn/config/mycobot_jn.rviz
/home/amin/cobot/cobot_ws/install/mycobot_280jn/share/mycobot_280jn/config/mycobot_with_marker.rviz
/home/amin/cobot/cobot_ws/install/mycobot_280jn/lib/python3.12/site-packages/mycobot_280jn-0.0.0-py3.12.egg-info/SOURCES.txt
/home/amin/cobot/cobot_ws/install/mycobot_280jn/lib/python3.12/site-packages/mycobot_280jn-0.0.0-py3.12.egg-info/entry_points.txt
/home/amin/cobot/cobot_ws/install/mycobot_280jn/lib/python3.12/site-packages/mycobot_280jn-0.0.0-py3.12.egg-info/requires.txt
/home/amin/cobot/cobot_ws/install/mycobot_280jn/lib/python3.12/site-packages/mycobot_280jn-0.0.0-py3.12.egg-info/PKG-INFO
/home/amin/cobot/cobot_ws/install/mycobot_280jn/lib/python3.12/site-packages/mycobot_280jn-0.0.0-py3.12.egg-info/zip-safe
/home/amin/cobot/cobot_ws/install/mycobot_280jn/lib/python3.12/site-packages/mycobot_280jn-0.0.0-py3.12.egg-info/top_level.txt
/home/amin/cobot/cobot_ws/install/mycobot_280jn/lib/python3.12/site-packages/mycobot_280jn-0.0.0-py3.12.egg-info/dependency_links.txt
/home/amin/cobot/cobot_ws/install/mycobot_280jn/lib/mycobot_280jn/camera_display
/home/amin/cobot/cobot_ws/install/mycobot_280jn/lib/mycobot_280jn/follow_display
/home/amin/cobot/cobot_ws/install/mycobot_280jn/lib/mycobot_280jn/listen_real
/home/amin/cobot/cobot_ws/install/mycobot_280jn/lib/mycobot_280jn/listen_real_of_topic
/home/amin/cobot/cobot_ws/install/mycobot_280jn/lib/mycobot_280jn/listen_real_service
/home/amin/cobot/cobot_ws/install/mycobot_280jn/lib/mycobot_280jn/opencv_camera
/home/amin/cobot/cobot_ws/install/mycobot_280jn/lib/mycobot_280jn/simple_gui
/home/amin/cobot/cobot_ws/install/mycobot_280jn/lib/mycobot_280jn/slider_control
/home/amin/cobot/cobot_ws/install/mycobot_280jn/lib/mycobot_280jn/slider_control_adaptive_gripper
/home/amin/cobot/cobot_ws/install/mycobot_280jn/lib/mycobot_280jn/teleop_keyboard
