[2.262s] Invoking command in '/home/amin/cobot/cobot_ws/src/mycobot_ros2/mycobot_320/mycobot_320pi': AMENT_PREFIX_PATH=/home/amin/cobot/cobot_ws/install/mycobot_description:${AMENT_PREFIX_PATH} DEBUGINFOD_URLS=https://debuginfod.ubuntu.com PYTHONPATH=/home/amin/cobot/cobot_ws/build/mycobot_320pi/prefix_override:/usr/lib/python3/dist-packages/colcon_core/task/python/colcon_distutils_commands:/home/amin/cobot/cobot_ws/install/mycobot_320pi/lib/python3.12/site-packages:/home/amin/cobot/cobot_ws/install/mycobot_description/lib/python3.12/site-packages:${PYTHONPATH} /usr/bin/python3 -W ignore:setup.py install is deprecated -W ignore:easy_install command is deprecated setup.py egg_info --egg-base ../../../../build/mycobot_320pi build --build-base /home/amin/cobot/cobot_ws/build/mycobot_320pi/build install --record /home/amin/cobot/cobot_ws/build/mycobot_320pi/install.log --single-version-externally-managed install_data
[3.446s] running egg_info
[3.446s] creating ../../../../build/mycobot_320pi/mycobot_320pi.egg-info
[3.446s] writing ../../../../build/mycobot_320pi/mycobot_320pi.egg-info/PKG-INFO
[3.447s] writing dependency_links to ../../../../build/mycobot_320pi/mycobot_320pi.egg-info/dependency_links.txt
[3.447s] writing entry points to ../../../../build/mycobot_320pi/mycobot_320pi.egg-info/entry_points.txt
[3.447s] writing requirements to ../../../../build/mycobot_320pi/mycobot_320pi.egg-info/requires.txt
[3.447s] writing top-level names to ../../../../build/mycobot_320pi/mycobot_320pi.egg-info/top_level.txt
[3.447s] writing manifest file '../../../../build/mycobot_320pi/mycobot_320pi.egg-info/SOURCES.txt'
[3.447s] reading manifest file '../../../../build/mycobot_320pi/mycobot_320pi.egg-info/SOURCES.txt'
[3.447s] adding license file 'LICENSE'
[3.447s] writing manifest file '../../../../build/mycobot_320pi/mycobot_320pi.egg-info/SOURCES.txt'
[3.448s] running build
[3.448s] running build_py
[3.455s] creating /home/amin/cobot/cobot_ws/build/mycobot_320pi/build
[3.455s] creating /home/amin/cobot/cobot_ws/build/mycobot_320pi/build/lib
[3.455s] creating /home/amin/cobot/cobot_ws/build/mycobot_320pi/build/lib/mycobot_320pi
[3.455s] copying mycobot_320pi/listen_real.py -> /home/amin/cobot/cobot_ws/build/mycobot_320pi/build/lib/mycobot_320pi
[3.455s] copying mycobot_320pi/listen_real_of_topic.py -> /home/amin/cobot/cobot_ws/build/mycobot_320pi/build/lib/mycobot_320pi
[3.455s] copying mycobot_320pi/listen_real_service.py -> /home/amin/cobot/cobot_ws/build/mycobot_320pi/build/lib/mycobot_320pi
[3.455s] copying mycobot_320pi/slider_control.py -> /home/amin/cobot/cobot_ws/build/mycobot_320pi/build/lib/mycobot_320pi
[3.457s] copying mycobot_320pi/teleop_keyboard.py -> /home/amin/cobot/cobot_ws/build/mycobot_320pi/build/lib/mycobot_320pi
[3.458s] copying mycobot_320pi/__init__.py -> /home/amin/cobot/cobot_ws/build/mycobot_320pi/build/lib/mycobot_320pi
[3.458s] copying mycobot_320pi/slider_control_adaptive_gripper.py -> /home/amin/cobot/cobot_ws/build/mycobot_320pi/build/lib/mycobot_320pi
[3.458s] copying mycobot_320pi/slider_control_force_gripper.py -> /home/amin/cobot/cobot_ws/build/mycobot_320pi/build/lib/mycobot_320pi
[3.458s] copying mycobot_320pi/follow_display.py -> /home/amin/cobot/cobot_ws/build/mycobot_320pi/build/lib/mycobot_320pi
[3.458s] copying mycobot_320pi/simple_gui.py -> /home/amin/cobot/cobot_ws/build/mycobot_320pi/build/lib/mycobot_320pi
[3.459s] running install
[3.459s] running install_lib
[3.460s] creating /home/amin/cobot/cobot_ws/install/mycobot_320pi/lib/python3.12/site-packages/mycobot_320pi
[3.460s] copying /home/amin/cobot/cobot_ws/build/mycobot_320pi/build/lib/mycobot_320pi/listen_real.py -> /home/amin/cobot/cobot_ws/install/mycobot_320pi/lib/python3.12/site-packages/mycobot_320pi
[3.460s] copying /home/amin/cobot/cobot_ws/build/mycobot_320pi/build/lib/mycobot_320pi/listen_real_of_topic.py -> /home/amin/cobot/cobot_ws/install/mycobot_320pi/lib/python3.12/site-packages/mycobot_320pi
[3.460s] copying /home/amin/cobot/cobot_ws/build/mycobot_320pi/build/lib/mycobot_320pi/listen_real_service.py -> /home/amin/cobot/cobot_ws/install/mycobot_320pi/lib/python3.12/site-packages/mycobot_320pi
[3.460s] copying /home/amin/cobot/cobot_ws/build/mycobot_320pi/build/lib/mycobot_320pi/slider_control.py -> /home/amin/cobot/cobot_ws/install/mycobot_320pi/lib/python3.12/site-packages/mycobot_320pi
[3.470s] copying /home/amin/cobot/cobot_ws/build/mycobot_320pi/build/lib/mycobot_320pi/teleop_keyboard.py -> /home/amin/cobot/cobot_ws/install/mycobot_320pi/lib/python3.12/site-packages/mycobot_320pi
[3.471s] copying /home/amin/cobot/cobot_ws/build/mycobot_320pi/build/lib/mycobot_320pi/__init__.py -> /home/amin/cobot/cobot_ws/install/mycobot_320pi/lib/python3.12/site-packages/mycobot_320pi
[3.471s] copying /home/amin/cobot/cobot_ws/build/mycobot_320pi/build/lib/mycobot_320pi/slider_control_adaptive_gripper.py -> /home/amin/cobot/cobot_ws/install/mycobot_320pi/lib/python3.12/site-packages/mycobot_320pi
[3.471s] copying /home/amin/cobot/cobot_ws/build/mycobot_320pi/build/lib/mycobot_320pi/slider_control_force_gripper.py -> /home/amin/cobot/cobot_ws/install/mycobot_320pi/lib/python3.12/site-packages/mycobot_320pi
[3.472s] copying /home/amin/cobot/cobot_ws/build/mycobot_320pi/build/lib/mycobot_320pi/follow_display.py -> /home/amin/cobot/cobot_ws/install/mycobot_320pi/lib/python3.12/site-packages/mycobot_320pi
[3.472s] copying /home/amin/cobot/cobot_ws/build/mycobot_320pi/build/lib/mycobot_320pi/simple_gui.py -> /home/amin/cobot/cobot_ws/install/mycobot_320pi/lib/python3.12/site-packages/mycobot_320pi
[3.472s] byte-compiling /home/amin/cobot/cobot_ws/install/mycobot_320pi/lib/python3.12/site-packages/mycobot_320pi/listen_real.py to listen_real.cpython-312.pyc
[3.472s] byte-compiling /home/amin/cobot/cobot_ws/install/mycobot_320pi/lib/python3.12/site-packages/mycobot_320pi/listen_real_of_topic.py to listen_real_of_topic.cpython-312.pyc
[3.472s] byte-compiling /home/amin/cobot/cobot_ws/install/mycobot_320pi/lib/python3.12/site-packages/mycobot_320pi/listen_real_service.py to listen_real_service.cpython-312.pyc
[3.473s] byte-compiling /home/amin/cobot/cobot_ws/install/mycobot_320pi/lib/python3.12/site-packages/mycobot_320pi/slider_control.py to slider_control.cpython-312.pyc
[3.474s] byte-compiling /home/amin/cobot/cobot_ws/install/mycobot_320pi/lib/python3.12/site-packages/mycobot_320pi/teleop_keyboard.py to teleop_keyboard.cpython-312.pyc
[3.474s] byte-compiling /home/amin/cobot/cobot_ws/install/mycobot_320pi/lib/python3.12/site-packages/mycobot_320pi/__init__.py to __init__.cpython-312.pyc
[3.474s] byte-compiling /home/amin/cobot/cobot_ws/install/mycobot_320pi/lib/python3.12/site-packages/mycobot_320pi/slider_control_adaptive_gripper.py to slider_control_adaptive_gripper.cpython-312.pyc
[3.480s] byte-compiling /home/amin/cobot/cobot_ws/install/mycobot_320pi/lib/python3.12/site-packages/mycobot_320pi/slider_control_force_gripper.py to slider_control_force_gripper.cpython-312.pyc
[3.480s] byte-compiling /home/amin/cobot/cobot_ws/install/mycobot_320pi/lib/python3.12/site-packages/mycobot_320pi/follow_display.py to follow_display.cpython-312.pyc
[3.480s] byte-compiling /home/amin/cobot/cobot_ws/install/mycobot_320pi/lib/python3.12/site-packages/mycobot_320pi/simple_gui.py to simple_gui.cpython-312.pyc
[3.480s] running install_data
[3.480s] creating /home/amin/cobot/cobot_ws/install/mycobot_320pi/share/ament_index
[3.480s] creating /home/amin/cobot/cobot_ws/install/mycobot_320pi/share/ament_index/resource_index
[3.480s] creating /home/amin/cobot/cobot_ws/install/mycobot_320pi/share/ament_index/resource_index/packages
[3.480s] copying resource/mycobot_320pi -> /home/amin/cobot/cobot_ws/install/mycobot_320pi/share/ament_index/resource_index/packages
[3.481s] copying package.xml -> /home/amin/cobot/cobot_ws/install/mycobot_320pi/share/mycobot_320pi
[3.481s] creating /home/amin/cobot/cobot_ws/install/mycobot_320pi/share/mycobot_320pi/launch
[3.481s] copying launch/mycobot_follow.launch.py -> /home/amin/cobot/cobot_ws/install/mycobot_320pi/share/mycobot_320pi/launch
[3.481s] copying launch/teleop_keyboard.launch.py -> /home/amin/cobot/cobot_ws/install/mycobot_320pi/share/mycobot_320pi/launch
[3.481s] copying launch/simple_gui.launch.py -> /home/amin/cobot/cobot_ws/install/mycobot_320pi/share/mycobot_320pi/launch
[3.481s] copying launch/slider_control_adaptive_gripper.launch.py -> /home/amin/cobot/cobot_ws/install/mycobot_320pi/share/mycobot_320pi/launch
[3.481s] copying launch/slider_control_force_gripper.launch.py -> /home/amin/cobot/cobot_ws/install/mycobot_320pi/share/mycobot_320pi/launch
[3.481s] copying launch/test.launch.py -> /home/amin/cobot/cobot_ws/install/mycobot_320pi/share/mycobot_320pi/launch
[3.481s] copying launch/test_adaptive_gripper.launch.py -> /home/amin/cobot/cobot_ws/install/mycobot_320pi/share/mycobot_320pi/launch
[3.482s] copying launch/test_force_gripper.launch.py -> /home/amin/cobot/cobot_ws/install/mycobot_320pi/share/mycobot_320pi/launch
[3.482s] copying launch/slider_control.launch.py -> /home/amin/cobot/cobot_ws/install/mycobot_320pi/share/mycobot_320pi/launch
[3.482s] creating /home/amin/cobot/cobot_ws/install/mycobot_320pi/share/mycobot_320pi/config
[3.482s] copying config/mycobot_320_pi.rviz -> /home/amin/cobot/cobot_ws/install/mycobot_320pi/share/mycobot_320pi/config
[3.482s] running install_egg_info
[3.520s] Copying ../../../../build/mycobot_320pi/mycobot_320pi.egg-info to /home/amin/cobot/cobot_ws/install/mycobot_320pi/lib/python3.12/site-packages/mycobot_320pi-0.0.0-py3.12.egg-info
[3.524s] running install_scripts
[3.770s] Installing camera_display script to /home/amin/cobot/cobot_ws/install/mycobot_320pi/lib/mycobot_320pi
[3.770s] Installing follow_display script to /home/amin/cobot/cobot_ws/install/mycobot_320pi/lib/mycobot_320pi
[3.770s] Installing listen_real script to /home/amin/cobot/cobot_ws/install/mycobot_320pi/lib/mycobot_320pi
[3.771s] Installing listen_real_of_topic script to /home/amin/cobot/cobot_ws/install/mycobot_320pi/lib/mycobot_320pi
[3.771s] Installing listen_real_service script to /home/amin/cobot/cobot_ws/install/mycobot_320pi/lib/mycobot_320pi
[3.771s] Installing simple_gui script to /home/amin/cobot/cobot_ws/install/mycobot_320pi/lib/mycobot_320pi
[3.771s] Installing slider_control script to /home/amin/cobot/cobot_ws/install/mycobot_320pi/lib/mycobot_320pi
[3.771s] Installing slider_control_adaptive_gripper script to /home/amin/cobot/cobot_ws/install/mycobot_320pi/lib/mycobot_320pi
[3.774s] Installing teleop_keyboard script to /home/amin/cobot/cobot_ws/install/mycobot_320pi/lib/mycobot_320pi
[3.775s] writing list of installed files to '/home/amin/cobot/cobot_ws/build/mycobot_320pi/install.log'
[4.094s] Invoked command in '/home/amin/cobot/cobot_ws/src/mycobot_ros2/mycobot_320/mycobot_320pi' returned '0': AMENT_PREFIX_PATH=/home/amin/cobot/cobot_ws/install/mycobot_description:${AMENT_PREFIX_PATH} DEBUGINFOD_URLS=https://debuginfod.ubuntu.com PYTHONPATH=/home/amin/cobot/cobot_ws/build/mycobot_320pi/prefix_override:/usr/lib/python3/dist-packages/colcon_core/task/python/colcon_distutils_commands:/home/amin/cobot/cobot_ws/install/mycobot_320pi/lib/python3.12/site-packages:/home/amin/cobot/cobot_ws/install/mycobot_description/lib/python3.12/site-packages:${PYTHONPATH} /usr/bin/python3 -W ignore:setup.py install is deprecated -W ignore:easy_install command is deprecated setup.py egg_info --egg-base ../../../../build/mycobot_320pi build --build-base /home/amin/cobot/cobot_ws/build/mycobot_320pi/build install --record /home/amin/cobot/cobot_ws/build/mycobot_320pi/install.log --single-version-externally-managed install_data
