[1.167s] Invoking command in '/home/amin/cobot/cobot_ws/src/mycobot_ros2/mycobot_280/mycobot_280jn': AMENT_PREFIX_PATH=/home/amin/cobot/cobot_ws/install/mycobot_description:${AMENT_PREFIX_PATH} DEBUGINFOD_URLS=https://debuginfod.ubuntu.com PYTHONPATH=/home/amin/cobot/cobot_ws/build/mycobot_280jn/prefix_override:/usr/lib/python3/dist-packages/colcon_core/task/python/colcon_distutils_commands:/home/amin/cobot/cobot_ws/install/mycobot_280jn/lib/python3.12/site-packages:/home/amin/cobot/cobot_ws/install/mycobot_description/lib/python3.12/site-packages:${PYTHONPATH} /usr/bin/python3 -W ignore:setup.py install is deprecated -W ignore:easy_install command is deprecated setup.py egg_info --egg-base ../../../../build/mycobot_280jn build --build-base /home/amin/cobot/cobot_ws/build/mycobot_280jn/build install --record /home/amin/cobot/cobot_ws/build/mycobot_280jn/install.log --single-version-externally-managed install_data
[1.448s] running egg_info
[1.473s] writing ../../../../build/mycobot_280jn/mycobot_280jn.egg-info/PKG-INFO
[1.473s] writing dependency_links to ../../../../build/mycobot_280jn/mycobot_280jn.egg-info/dependency_links.txt
[1.473s] writing entry points to ../../../../build/mycobot_280jn/mycobot_280jn.egg-info/entry_points.txt
[1.473s] writing requirements to ../../../../build/mycobot_280jn/mycobot_280jn.egg-info/requires.txt
[1.474s] writing top-level names to ../../../../build/mycobot_280jn/mycobot_280jn.egg-info/top_level.txt
[1.524s] reading manifest file '../../../../build/mycobot_280jn/mycobot_280jn.egg-info/SOURCES.txt'
[1.526s] adding license file 'LICENSE'
[1.527s] writing manifest file '../../../../build/mycobot_280jn/mycobot_280jn.egg-info/SOURCES.txt'
[1.527s] running build
[1.527s] running build_py
[1.528s] running install
[1.535s] running install_lib
[1.561s] running install_data
[1.561s] running install_egg_info
[1.588s] removing '/home/amin/cobot/cobot_ws/install/mycobot_280jn/lib/python3.12/site-packages/mycobot_280jn-0.0.0-py3.12.egg-info' (and everything under it)
[1.592s] Copying ../../../../build/mycobot_280jn/mycobot_280jn.egg-info to /home/amin/cobot/cobot_ws/install/mycobot_280jn/lib/python3.12/site-packages/mycobot_280jn-0.0.0-py3.12.egg-info
[1.592s] running install_scripts
[1.753s] Installing camera_display script to /home/amin/cobot/cobot_ws/install/mycobot_280jn/lib/mycobot_280jn
[1.756s] Installing follow_display script to /home/amin/cobot/cobot_ws/install/mycobot_280jn/lib/mycobot_280jn
[1.756s] Installing listen_real script to /home/amin/cobot/cobot_ws/install/mycobot_280jn/lib/mycobot_280jn
[1.756s] Installing listen_real_of_topic script to /home/amin/cobot/cobot_ws/install/mycobot_280jn/lib/mycobot_280jn
[1.756s] Installing listen_real_service script to /home/amin/cobot/cobot_ws/install/mycobot_280jn/lib/mycobot_280jn
[1.756s] Installing opencv_camera script to /home/amin/cobot/cobot_ws/install/mycobot_280jn/lib/mycobot_280jn
[1.756s] Installing simple_gui script to /home/amin/cobot/cobot_ws/install/mycobot_280jn/lib/mycobot_280jn
[1.756s] Installing slider_control script to /home/amin/cobot/cobot_ws/install/mycobot_280jn/lib/mycobot_280jn
[1.756s] Installing slider_control_adaptive_gripper script to /home/amin/cobot/cobot_ws/install/mycobot_280jn/lib/mycobot_280jn
[1.756s] Installing teleop_keyboard script to /home/amin/cobot/cobot_ws/install/mycobot_280jn/lib/mycobot_280jn
[1.756s] writing list of installed files to '/home/amin/cobot/cobot_ws/build/mycobot_280jn/install.log'
[1.902s] Invoked command in '/home/amin/cobot/cobot_ws/src/mycobot_ros2/mycobot_280/mycobot_280jn' returned '0': AMENT_PREFIX_PATH=/home/amin/cobot/cobot_ws/install/mycobot_description:${AMENT_PREFIX_PATH} DEBUGINFOD_URLS=https://debuginfod.ubuntu.com PYTHONPATH=/home/amin/cobot/cobot_ws/build/mycobot_280jn/prefix_override:/usr/lib/python3/dist-packages/colcon_core/task/python/colcon_distutils_commands:/home/amin/cobot/cobot_ws/install/mycobot_280jn/lib/python3.12/site-packages:/home/amin/cobot/cobot_ws/install/mycobot_description/lib/python3.12/site-packages:${PYTHONPATH} /usr/bin/python3 -W ignore:setup.py install is deprecated -W ignore:easy_install command is deprecated setup.py egg_info --egg-base ../../../../build/mycobot_280jn build --build-base /home/amin/cobot/cobot_ws/build/mycobot_280jn/build install --record /home/amin/cobot/cobot_ws/build/mycobot_280jn/install.log --single-version-externally-managed install_data
