running egg_info
writing ../../../../build/pro450_moveit2_control/pro450_moveit2_control.egg-info/PKG-INFO
writing dependency_links to ../../../../build/pro450_moveit2_control/pro450_moveit2_control.egg-info/dependency_links.txt
writing entry points to ../../../../build/pro450_moveit2_control/pro450_moveit2_control.egg-info/entry_points.txt
writing requirements to ../../../../build/pro450_moveit2_control/pro450_moveit2_control.egg-info/requires.txt
writing top-level names to ../../../../build/pro450_moveit2_control/pro450_moveit2_control.egg-info/top_level.txt
reading manifest file '../../../../build/pro450_moveit2_control/pro450_moveit2_control.egg-info/SOURCES.txt'
adding license file 'LICENSE'
writing manifest file '../../../../build/pro450_moveit2_control/pro450_moveit2_control.egg-info/SOURCES.txt'
running build
running build_py
running install
running install_lib
running install_data
running install_egg_info
removing '/home/amin/cobot/cobot_ws/install/pro450_moveit2_control/lib/python3.12/site-packages/pro450_moveit2_control-0.0.0-py3.12.egg-info' (and everything under it)
Copying ../../../../build/pro450_moveit2_control/pro450_moveit2_control.egg-info to /home/amin/cobot/cobot_ws/install/pro450_moveit2_control/lib/python3.12/site-packages/pro450_moveit2_control-0.0.0-py3.12.egg-info
running install_scripts
Installing sync_plan script to /home/amin/cobot/cobot_ws/install/pro450_moveit2_control/lib/pro450_moveit2_control
writing list of installed files to '/home/amin/cobot/cobot_ws/build/pro450_moveit2_control/install.log'
