[0.185s] Invoking command in '/home/amin/cobot/cobot_ws/build/mycobot_280_gazebo': AMENT_PREFIX_PATH=/home/amin/cobot/cobot_ws/install/mycobot_description:${AMENT_PREFIX_PATH} CMAKE_PREFIX_PATH=${CMAKE_PREFIX_PATH}:/opt/ros/jazzy DEBUGINFOD_URLS=https://debuginfod.ubuntu.com PYTHONPATH=/home/amin/cobot/cobot_ws/install/mycobot_description/lib/python3.12/site-packages:${PYTHONPATH} /usr/bin/cmake --build /home/amin/cobot/cobot_ws/build/mycobot_280_gazebo -- -j8 -l8
[0.252s] Invoked command in '/home/amin/cobot/cobot_ws/build/mycobot_280_gazebo' returned '0': AMENT_PREFIX_PATH=/home/amin/cobot/cobot_ws/install/mycobot_description:${AMENT_PREFIX_PATH} CMAKE_PREFIX_PATH=${CMAKE_PREFIX_PATH}:/opt/ros/jazzy DEBUGINFOD_URLS=https://debuginfod.ubuntu.com PYTHONPATH=/home/amin/cobot/cobot_ws/install/mycobot_description/lib/python3.12/site-packages:${PYTHONPATH} /usr/bin/cmake --build /home/amin/cobot/cobot_ws/build/mycobot_280_gazebo -- -j8 -l8
[0.253s] Invoking command in '/home/amin/cobot/cobot_ws/build/mycobot_280_gazebo': AMENT_PREFIX_PATH=/home/amin/cobot/cobot_ws/install/mycobot_description:${AMENT_PREFIX_PATH} CMAKE_PREFIX_PATH=${CMAKE_PREFIX_PATH}:/opt/ros/jazzy DEBUGINFOD_URLS=https://debuginfod.ubuntu.com PYTHONPATH=/home/amin/cobot/cobot_ws/install/mycobot_description/lib/python3.12/site-packages:${PYTHONPATH} /usr/bin/cmake --install /home/amin/cobot/cobot_ws/build/mycobot_280_gazebo
[0.269s] -- Install configuration: ""
[0.269s] -- Up-to-date: /home/amin/cobot/cobot_ws/install/mycobot_280_gazebo/share/mycobot_280_gazebo/launch
[0.270s] -- Up-to-date: /home/amin/cobot/cobot_ws/install/mycobot_280_gazebo/share/mycobot_280_gazebo/launch/mycobot_280_world.launch.py
[0.270s] -- Up-to-date: /home/amin/cobot/cobot_ws/install/mycobot_280_gazebo/share/mycobot_280_gazebo/launch/home_all.launch.py
[0.270s] -- Up-to-date: /home/amin/cobot/cobot_ws/install/mycobot_280_gazebo/share/mycobot_280_gazebo/launch/mycobot_280_gazebo.launch.py
[0.270s] -- Up-to-date: /home/amin/cobot/cobot_ws/install/mycobot_280_gazebo/share/mycobot_280_gazebo/launch/move_single_joint_with_plot.launch.py
[0.271s] -- Up-to-date: /home/amin/cobot/cobot_ws/install/mycobot_280_gazebo/share/mycobot_280_gazebo/launch/multi_joint_trajectory.launch.py
[0.271s] -- Up-to-date: /home/amin/cobot/cobot_ws/install/mycobot_280_gazebo/share/mycobot_280_gazebo/launch/compute_rms.launch.py
[0.271s] -- Up-to-date: /home/amin/cobot/cobot_ws/install/mycobot_280_gazebo/share/mycobot_280_gazebo/launch/__pycache__
[0.271s] -- Up-to-date: /home/amin/cobot/cobot_ws/install/mycobot_280_gazebo/share/mycobot_280_gazebo/launch/__pycache__/compute_rms.launch.cpython-310.pyc
[0.271s] -- Up-to-date: /home/amin/cobot/cobot_ws/install/mycobot_280_gazebo/share/mycobot_280_gazebo/launch/__pycache__/move_single_joint.launch.cpython-310.pyc
[0.271s] -- Up-to-date: /home/amin/cobot/cobot_ws/install/mycobot_280_gazebo/share/mycobot_280_gazebo/launch/__pycache__/home_all.launch.cpython-310.pyc
[0.271s] -- Up-to-date: /home/amin/cobot/cobot_ws/install/mycobot_280_gazebo/share/mycobot_280_gazebo/launch/__pycache__/mycobot_280_world.launch.cpython-310.pyc
[0.271s] -- Up-to-date: /home/amin/cobot/cobot_ws/install/mycobot_280_gazebo/share/mycobot_280_gazebo/launch/__pycache__/mycobot_280_gazebo.launch.cpython-310.pyc
[0.271s] -- Up-to-date: /home/amin/cobot/cobot_ws/install/mycobot_280_gazebo/share/mycobot_280_gazebo/urdf
[0.271s] -- Up-to-date: /home/amin/cobot/cobot_ws/install/mycobot_280_gazebo/share/mycobot_280_gazebo/urdf/mycobot_280_gazebo.urdf
[0.271s] -- Up-to-date: /home/amin/cobot/cobot_ws/install/mycobot_280_gazebo/share/mycobot_280_gazebo/urdf/viz_only.urdf
[0.271s] -- Up-to-date: /home/amin/cobot/cobot_ws/install/mycobot_280_gazebo/share/mycobot_280_gazebo/config
[0.272s] -- Up-to-date: /home/amin/cobot/cobot_ws/install/mycobot_280_gazebo/share/mycobot_280_gazebo/config/mycobot_280_controllers.yaml
[0.272s] -- Up-to-date: /home/amin/cobot/cobot_ws/install/mycobot_280_gazebo/lib/mycobot_280_gazebo/log_joint_data.py
[0.272s] -- Up-to-date: /home/amin/cobot/cobot_ws/install/mycobot_280_gazebo/lib/mycobot_280_gazebo/move_single_joint.py
[0.272s] -- Up-to-date: /home/amin/cobot/cobot_ws/install/mycobot_280_gazebo/lib/mycobot_280_gazebo/plot_joint_feedback.py
[0.272s] -- Up-to-date: /home/amin/cobot/cobot_ws/install/mycobot_280_gazebo/lib/mycobot_280_gazebo/multi_joint_trajectory.py
[0.272s] -- Up-to-date: /home/amin/cobot/cobot_ws/install/mycobot_280_gazebo/lib/mycobot_280_gazebo/log_rms_tracking.py
[0.272s] -- Up-to-date: /home/amin/cobot/cobot_ws/install/mycobot_280_gazebo/share/ament_index/resource_index/package_run_dependencies/mycobot_280_gazebo
[0.272s] -- Up-to-date: /home/amin/cobot/cobot_ws/install/mycobot_280_gazebo/share/ament_index/resource_index/parent_prefix_path/mycobot_280_gazebo
[0.272s] -- Up-to-date: /home/amin/cobot/cobot_ws/install/mycobot_280_gazebo/share/mycobot_280_gazebo/environment/ament_prefix_path.sh
[0.272s] -- Up-to-date: /home/amin/cobot/cobot_ws/install/mycobot_280_gazebo/share/mycobot_280_gazebo/environment/ament_prefix_path.dsv
[0.272s] -- Up-to-date: /home/amin/cobot/cobot_ws/install/mycobot_280_gazebo/share/mycobot_280_gazebo/environment/path.sh
[0.272s] -- Up-to-date: /home/amin/cobot/cobot_ws/install/mycobot_280_gazebo/share/mycobot_280_gazebo/environment/path.dsv
[0.279s] -- Up-to-date: /home/amin/cobot/cobot_ws/install/mycobot_280_gazebo/share/mycobot_280_gazebo/local_setup.bash
[0.279s] -- Up-to-date: /home/amin/cobot/cobot_ws/install/mycobot_280_gazebo/share/mycobot_280_gazebo/local_setup.sh
[0.279s] -- Up-to-date: /home/amin/cobot/cobot_ws/install/mycobot_280_gazebo/share/mycobot_280_gazebo/local_setup.zsh
[0.279s] -- Up-to-date: /home/amin/cobot/cobot_ws/install/mycobot_280_gazebo/share/mycobot_280_gazebo/local_setup.dsv
[0.279s] -- Installing: /home/amin/cobot/cobot_ws/install/mycobot_280_gazebo/share/mycobot_280_gazebo/package.dsv
[0.280s] -- Up-to-date: /home/amin/cobot/cobot_ws/install/mycobot_280_gazebo/share/ament_index/resource_index/packages/mycobot_280_gazebo
[0.280s] -- Up-to-date: /home/amin/cobot/cobot_ws/install/mycobot_280_gazebo/share/mycobot_280_gazebo/cmake/mycobot_280_gazeboConfig.cmake
[0.280s] -- Up-to-date: /home/amin/cobot/cobot_ws/install/mycobot_280_gazebo/share/mycobot_280_gazebo/cmake/mycobot_280_gazeboConfig-version.cmake
[0.280s] -- Up-to-date: /home/amin/cobot/cobot_ws/install/mycobot_280_gazebo/share/mycobot_280_gazebo/package.xml
[0.280s] Invoked command in '/home/amin/cobot/cobot_ws/build/mycobot_280_gazebo' returned '0': AMENT_PREFIX_PATH=/home/amin/cobot/cobot_ws/install/mycobot_description:${AMENT_PREFIX_PATH} CMAKE_PREFIX_PATH=${CMAKE_PREFIX_PATH}:/opt/ros/jazzy DEBUGINFOD_URLS=https://debuginfod.ubuntu.com PYTHONPATH=/home/amin/cobot/cobot_ws/install/mycobot_description/lib/python3.12/site-packages:${PYTHONPATH} /usr/bin/cmake --install /home/amin/cobot/cobot_ws/build/mycobot_280_gazebo
