[0.180s] Invoking command in '/home/amin/cobot/cobot_ws/build/mypalletizer_interfaces': CMAKE_PREFIX_PATH=${CMAKE_PREFIX_PATH}:/home/amin/cobot/cobot_ws/install/ultraarm:/home/amin/cobot/cobot_ws/install/pro450_moveit2_control:/home/amin/cobot/cobot_ws/install/mypalletizer_communication:/home/amin/cobot/cobot_ws/install/mypalletizer_260_pi:/home/amin/cobot/cobot_ws/install/mypalletizer_260:/home/amin/cobot/cobot_ws/install/mycobot_pro_450:/home/amin/cobot/cobot_ws/install/myarm_m750:/home/amin/cobot/cobot_ws/install/myarm_c650:/home/amin/cobot/cobot_ws/install/mycobot_communication:/home/amin/cobot/cobot_ws/install/mecharm_communication:/home/amin/cobot/cobot_ws/install/mycobot_630:/home/amin/cobot/cobot_ws/install/mycobot_600:/home/amin/cobot/cobot_ws/install/mycobot_320pi:/home/amin/cobot/cobot_ws/install/mycobot_320_riscv:/home/amin/cobot/cobot_ws/install/mycobot_320:/home/amin/cobot/cobot_ws/install/mycobot_280pi:/home/amin/cobot/cobot_ws/install/mycobot_280jn:/home/amin/cobot/cobot_ws/install/mycobot_280_x3pi:/home/amin/cobot/cobot_ws/install/mycobot_280_riscv:/home/amin/cobot/cobot_ws/install/mycobot_280_rdkx5:/home/amin/cobot/cobot_ws/install/mycobot_280_moveit2_control:/home/amin/cobot/cobot_ws/install/mycobot_280_arduino:/home/amin/cobot/cobot_ws/install/mycobot_280:/home/amin/cobot/cobot_ws/install/mybuddy:/home/amin/cobot/cobot_ws/install/myarm_300:/home/amin/cobot/cobot_ws/install/mecharm_pi:/home/amin/cobot/cobot_ws/install/mecharm:/home/amin/cobot/cobot_ws/install/mycobot_description:/opt/ros/jazzy DEBUGINFOD_URLS=https://debuginfod.ubuntu.com /usr/bin/cmake --build /home/amin/cobot/cobot_ws/build/mypalletizer_interfaces -- -j8 -l8
[0.229s] [  1%] Built target mypalletizer_interfaces__rosidl_generator_type_description
[0.242s] [  1%] Built target ament_cmake_python_copy_mypalletizer_interfaces
[0.271s] [  1%] Built target mypalletizer_interfaces__cpp
[0.287s] [ 27%] Built target mypalletizer_interfaces__rosidl_generator_c
[0.369s] [ 37%] Built target mypalletizer_interfaces__rosidl_typesupport_fastrtps_c
[0.390s] [ 50%] Built target mypalletizer_interfaces__rosidl_typesupport_cpp
[0.392s] [ 56%] Built target mypalletizer_interfaces__rosidl_typesupport_c
[0.416s] [ 65%] Built target mypalletizer_interfaces__rosidl_typesupport_introspection_cpp
[0.416s] [ 85%] Built target mypalletizer_interfaces__rosidl_typesupport_introspection_c
[0.420s] [ 75%] Built target mypalletizer_interfaces__rosidl_typesupport_fastrtps_cpp
[0.443s] [ 85%] Built target mypalletizer_interfaces
[0.468s] [ 86%] Built target mypalletizer_interfaces__py
[0.526s] [ 95%] Built target mypalletizer_interfaces__rosidl_generator_py
[0.570s] [ 96%] Built target mypalletizer_interfaces_s__rosidl_typesupport_fastrtps_c
[0.578s] [ 98%] Built target mypalletizer_interfaces_s__rosidl_typesupport_c
[0.585s] [100%] Built target mypalletizer_interfaces_s__rosidl_typesupport_introspection_c
[0.662s] running egg_info
[0.679s] writing mypalletizer_interfaces.egg-info/PKG-INFO
[0.679s] writing dependency_links to mypalletizer_interfaces.egg-info/dependency_links.txt
[0.680s] writing top-level names to mypalletizer_interfaces.egg-info/top_level.txt
[0.728s] reading manifest file 'mypalletizer_interfaces.egg-info/SOURCES.txt'
[0.729s] writing manifest file 'mypalletizer_interfaces.egg-info/SOURCES.txt'
[0.759s] [100%] Built target ament_cmake_python_build_mypalletizer_interfaces_egg
[0.775s] Invoked command in '/home/amin/cobot/cobot_ws/build/mypalletizer_interfaces' returned '0': CMAKE_PREFIX_PATH=${CMAKE_PREFIX_PATH}:/home/amin/cobot/cobot_ws/install/ultraarm:/home/amin/cobot/cobot_ws/install/pro450_moveit2_control:/home/amin/cobot/cobot_ws/install/mypalletizer_communication:/home/amin/cobot/cobot_ws/install/mypalletizer_260_pi:/home/amin/cobot/cobot_ws/install/mypalletizer_260:/home/amin/cobot/cobot_ws/install/mycobot_pro_450:/home/amin/cobot/cobot_ws/install/myarm_m750:/home/amin/cobot/cobot_ws/install/myarm_c650:/home/amin/cobot/cobot_ws/install/mycobot_communication:/home/amin/cobot/cobot_ws/install/mecharm_communication:/home/amin/cobot/cobot_ws/install/mycobot_630:/home/amin/cobot/cobot_ws/install/mycobot_600:/home/amin/cobot/cobot_ws/install/mycobot_320pi:/home/amin/cobot/cobot_ws/install/mycobot_320_riscv:/home/amin/cobot/cobot_ws/install/mycobot_320:/home/amin/cobot/cobot_ws/install/mycobot_280pi:/home/amin/cobot/cobot_ws/install/mycobot_280jn:/home/amin/cobot/cobot_ws/install/mycobot_280_x3pi:/home/amin/cobot/cobot_ws/install/mycobot_280_riscv:/home/amin/cobot/cobot_ws/install/mycobot_280_rdkx5:/home/amin/cobot/cobot_ws/install/mycobot_280_moveit2_control:/home/amin/cobot/cobot_ws/install/mycobot_280_arduino:/home/amin/cobot/cobot_ws/install/mycobot_280:/home/amin/cobot/cobot_ws/install/mybuddy:/home/amin/cobot/cobot_ws/install/myarm_300:/home/amin/cobot/cobot_ws/install/mecharm_pi:/home/amin/cobot/cobot_ws/install/mecharm:/home/amin/cobot/cobot_ws/install/mycobot_description:/opt/ros/jazzy DEBUGINFOD_URLS=https://debuginfod.ubuntu.com /usr/bin/cmake --build /home/amin/cobot/cobot_ws/build/mypalletizer_interfaces -- -j8 -l8
[0.783s] Invoking command in '/home/amin/cobot/cobot_ws/build/mypalletizer_interfaces': CMAKE_PREFIX_PATH=${CMAKE_PREFIX_PATH}:/home/amin/cobot/cobot_ws/install/ultraarm:/home/amin/cobot/cobot_ws/install/pro450_moveit2_control:/home/amin/cobot/cobot_ws/install/mypalletizer_communication:/home/amin/cobot/cobot_ws/install/mypalletizer_260_pi:/home/amin/cobot/cobot_ws/install/mypalletizer_260:/home/amin/cobot/cobot_ws/install/mycobot_pro_450:/home/amin/cobot/cobot_ws/install/myarm_m750:/home/amin/cobot/cobot_ws/install/myarm_c650:/home/amin/cobot/cobot_ws/install/mycobot_communication:/home/amin/cobot/cobot_ws/install/mecharm_communication:/home/amin/cobot/cobot_ws/install/mycobot_630:/home/amin/cobot/cobot_ws/install/mycobot_600:/home/amin/cobot/cobot_ws/install/mycobot_320pi:/home/amin/cobot/cobot_ws/install/mycobot_320_riscv:/home/amin/cobot/cobot_ws/install/mycobot_320:/home/amin/cobot/cobot_ws/install/mycobot_280pi:/home/amin/cobot/cobot_ws/install/mycobot_280jn:/home/amin/cobot/cobot_ws/install/mycobot_280_x3pi:/home/amin/cobot/cobot_ws/install/mycobot_280_riscv:/home/amin/cobot/cobot_ws/install/mycobot_280_rdkx5:/home/amin/cobot/cobot_ws/install/mycobot_280_moveit2_control:/home/amin/cobot/cobot_ws/install/mycobot_280_arduino:/home/amin/cobot/cobot_ws/install/mycobot_280:/home/amin/cobot/cobot_ws/install/mybuddy:/home/amin/cobot/cobot_ws/install/myarm_300:/home/amin/cobot/cobot_ws/install/mecharm_pi:/home/amin/cobot/cobot_ws/install/mecharm:/home/amin/cobot/cobot_ws/install/mycobot_description:/opt/ros/jazzy DEBUGINFOD_URLS=https://debuginfod.ubuntu.com /usr/bin/cmake --install /home/amin/cobot/cobot_ws/build/mypalletizer_interfaces
[0.790s] -- Install configuration: ""
[0.790s] -- Up-to-date: /home/amin/cobot/cobot_ws/install/mypalletizer_interfaces/share/ament_index/resource_index/rosidl_interfaces/mypalletizer_interfaces
[0.790s] -- Up-to-date: /home/amin/cobot/cobot_ws/install/mypalletizer_interfaces/share/mypalletizer_interfaces/msg/MypalAngles.json
[0.790s] -- Up-to-date: /home/amin/cobot/cobot_ws/install/mypalletizer_interfaces/share/mypalletizer_interfaces/msg/MypalCoords.json
[0.790s] -- Up-to-date: /home/amin/cobot/cobot_ws/install/mypalletizer_interfaces/share/mypalletizer_interfaces/msg/MypalSetAngles.json
[0.791s] -- Up-to-date: /home/amin/cobot/cobot_ws/install/mypalletizer_interfaces/share/mypalletizer_interfaces/msg/MypalSetCoords.json
[0.792s] -- Up-to-date: /home/amin/cobot/cobot_ws/install/mypalletizer_interfaces/share/mypalletizer_interfaces/msg/MypalGripperStatus.json
[0.792s] -- Up-to-date: /home/amin/cobot/cobot_ws/install/mypalletizer_interfaces/share/mypalletizer_interfaces/msg/MypalPumpStatus.json
[0.792s] -- Up-to-date: /home/amin/cobot/cobot_ws/install/mypalletizer_interfaces/share/mypalletizer_interfaces/srv/GetAngles.json
[0.792s] -- Up-to-date: /home/amin/cobot/cobot_ws/install/mypalletizer_interfaces/share/mypalletizer_interfaces/srv/SetAngles.json
[0.792s] -- Up-to-date: /home/amin/cobot/cobot_ws/install/mypalletizer_interfaces/share/mypalletizer_interfaces/srv/GetCoords.json
[0.792s] -- Up-to-date: /home/amin/cobot/cobot_ws/install/mypalletizer_interfaces/share/mypalletizer_interfaces/srv/SetCoords.json
[0.792s] -- Up-to-date: /home/amin/cobot/cobot_ws/install/mypalletizer_interfaces/share/mypalletizer_interfaces/srv/GripperStatus.json
[0.793s] -- Up-to-date: /home/amin/cobot/cobot_ws/install/mypalletizer_interfaces/share/mypalletizer_interfaces/srv/PumpStatus.json
[0.793s] -- Up-to-date: /home/amin/cobot/cobot_ws/install/mypalletizer_interfaces/include/mypalletizer_interfaces/mypalletizer_interfaces
[0.793s] -- Up-to-date: /home/amin/cobot/cobot_ws/install/mypalletizer_interfaces/include/mypalletizer_interfaces/mypalletizer_interfaces/srv
[0.793s] -- Up-to-date: /home/amin/cobot/cobot_ws/install/mypalletizer_interfaces/include/mypalletizer_interfaces/mypalletizer_interfaces/srv/gripper_status.h
[0.793s] -- Up-to-date: /home/amin/cobot/cobot_ws/install/mypalletizer_interfaces/include/mypalletizer_interfaces/mypalletizer_interfaces/srv/detail
[0.793s] -- Up-to-date: /home/amin/cobot/cobot_ws/install/mypalletizer_interfaces/include/mypalletizer_interfaces/mypalletizer_interfaces/srv/detail/set_coords__type_support.h
[0.793s] -- Up-to-date: /home/amin/cobot/cobot_ws/install/mypalletizer_interfaces/include/mypalletizer_interfaces/mypalletizer_interfaces/srv/detail/gripper_status__description.c
[0.794s] -- Up-to-date: /home/amin/cobot/cobot_ws/install/mypalletizer_interfaces/include/mypalletizer_interfaces/mypalletizer_interfaces/srv/detail/gripper_status__functions.h
[0.794s] -- Up-to-date: /home/amin/cobot/cobot_ws/install/mypalletizer_interfaces/include/mypalletizer_interfaces/mypalletizer_interfaces/srv/detail/set_angles__struct.h
[0.794s] -- Up-to-date: /home/amin/cobot/cobot_ws/install/mypalletizer_interfaces/include/mypalletizer_interfaces/mypalletizer_interfaces/srv/detail/set_coords__functions.h
[0.794s] -- Installing: /home/amin/cobot/cobot_ws/install/mypalletizer_interfaces/include/mypalletizer_interfaces/mypalletizer_interfaces/srv/detail/pump_status__type_support.c
[0.794s] -- Installing: /home/amin/cobot/cobot_ws/install/mypalletizer_interfaces/include/mypalletizer_interfaces/mypalletizer_interfaces/srv/detail/get_coords__type_support.c
[0.794s] -- Up-to-date: /home/amin/cobot/cobot_ws/install/mypalletizer_interfaces/include/mypalletizer_interfaces/mypalletizer_interfaces/srv/detail/set_angles__description.c
[0.794s] -- Up-to-date: /home/amin/cobot/cobot_ws/install/mypalletizer_interfaces/include/mypalletizer_interfaces/mypalletizer_interfaces/srv/detail/gripper_status__struct.h
[0.794s] -- Up-to-date: /home/amin/cobot/cobot_ws/install/mypalletizer_interfaces/include/mypalletizer_interfaces/mypalletizer_interfaces/srv/detail/get_angles__type_support.h
[0.794s] -- Up-to-date: /home/amin/cobot/cobot_ws/install/mypalletizer_interfaces/include/mypalletizer_interfaces/mypalletizer_interfaces/srv/detail/set_coords__functions.c
[0.794s] -- Installing: /home/amin/cobot/cobot_ws/install/mypalletizer_interfaces/include/mypalletizer_interfaces/mypalletizer_interfaces/srv/detail/set_coords__type_support.c
[0.794s] -- Installing: /home/amin/cobot/cobot_ws/install/mypalletizer_interfaces/include/mypalletizer_interfaces/mypalletizer_interfaces/srv/detail/set_angles__type_support.c
[0.794s] -- Up-to-date: /home/amin/cobot/cobot_ws/install/mypalletizer_interfaces/include/mypalletizer_interfaces/mypalletizer_interfaces/srv/detail/gripper_status__type_support.h
[0.795s] -- Up-to-date: /home/amin/cobot/cobot_ws/install/mypalletizer_interfaces/include/mypalletizer_interfaces/mypalletizer_interfaces/srv/detail/pump_status__struct.h
[0.795s] -- Up-to-date: /home/amin/cobot/cobot_ws/install/mypalletizer_interfaces/include/mypalletizer_interfaces/mypalletizer_interfaces/srv/detail/get_angles__struct.h
[0.795s] -- Up-to-date: /home/amin/cobot/cobot_ws/install/mypalletizer_interfaces/include/mypalletizer_interfaces/mypalletizer_interfaces/srv/detail/get_coords__description.c
[0.795s] -- Up-to-date: /home/amin/cobot/cobot_ws/install/mypalletizer_interfaces/include/mypalletizer_interfaces/mypalletizer_interfaces/srv/detail/set_coords__description.c
[0.795s] -- Up-to-date: /home/amin/cobot/cobot_ws/install/mypalletizer_interfaces/include/mypalletizer_interfaces/mypalletizer_interfaces/srv/detail/get_coords__functions.h
[0.795s] -- Installing: /home/amin/cobot/cobot_ws/install/mypalletizer_interfaces/include/mypalletizer_interfaces/mypalletizer_interfaces/srv/detail/get_angles__type_support.c
[0.795s] -- Up-to-date: /home/amin/cobot/cobot_ws/install/mypalletizer_interfaces/include/mypalletizer_interfaces/mypalletizer_interfaces/srv/detail/get_angles__functions.h
[0.795s] -- Installing: /home/amin/cobot/cobot_ws/install/mypalletizer_interfaces/include/mypalletizer_interfaces/mypalletizer_interfaces/srv/detail/gripper_status__type_support.c
[0.795s] -- Up-to-date: /home/amin/cobot/cobot_ws/install/mypalletizer_interfaces/include/mypalletizer_interfaces/mypalletizer_interfaces/srv/detail/get_angles__functions.c
[0.795s] -- Up-to-date: /home/amin/cobot/cobot_ws/install/mypalletizer_interfaces/include/mypalletizer_interfaces/mypalletizer_interfaces/srv/detail/pump_status__functions.c
[0.795s] -- Up-to-date: /home/amin/cobot/cobot_ws/install/mypalletizer_interfaces/include/mypalletizer_interfaces/mypalletizer_interfaces/srv/detail/pump_status__description.c
[0.795s] -- Up-to-date: /home/amin/cobot/cobot_ws/install/mypalletizer_interfaces/include/mypalletizer_interfaces/mypalletizer_interfaces/srv/detail/get_coords__type_support.h
[0.795s] -- Up-to-date: /home/amin/cobot/cobot_ws/install/mypalletizer_interfaces/include/mypalletizer_interfaces/mypalletizer_interfaces/srv/detail/set_angles__type_support.h
[0.796s] -- Up-to-date: /home/amin/cobot/cobot_ws/install/mypalletizer_interfaces/include/mypalletizer_interfaces/mypalletizer_interfaces/srv/detail/get_coords__functions.c
[0.796s] -- Up-to-date: /home/amin/cobot/cobot_ws/install/mypalletizer_interfaces/include/mypalletizer_interfaces/mypalletizer_interfaces/srv/detail/gripper_status__functions.c
[0.796s] -- Up-to-date: /home/amin/cobot/cobot_ws/install/mypalletizer_interfaces/include/mypalletizer_interfaces/mypalletizer_interfaces/srv/detail/get_angles__description.c
[0.796s] -- Up-to-date: /home/amin/cobot/cobot_ws/install/mypalletizer_interfaces/include/mypalletizer_interfaces/mypalletizer_interfaces/srv/detail/pump_status__functions.h
[0.796s] -- Up-to-date: /home/amin/cobot/cobot_ws/install/mypalletizer_interfaces/include/mypalletizer_interfaces/mypalletizer_interfaces/srv/detail/set_angles__functions.c
[0.796s] -- Up-to-date: /home/amin/cobot/cobot_ws/install/mypalletizer_interfaces/include/mypalletizer_interfaces/mypalletizer_interfaces/srv/detail/set_coords__struct.h
[0.796s] -- Up-to-date: /home/amin/cobot/cobot_ws/install/mypalletizer_interfaces/include/mypalletizer_interfaces/mypalletizer_interfaces/srv/detail/get_coords__struct.h
[0.796s] -- Up-to-date: /home/amin/cobot/cobot_ws/install/mypalletizer_interfaces/include/mypalletizer_interfaces/mypalletizer_interfaces/srv/detail/set_angles__functions.h
[0.796s] -- Up-to-date: /home/amin/cobot/cobot_ws/install/mypalletizer_interfaces/include/mypalletizer_interfaces/mypalletizer_interfaces/srv/detail/pump_status__type_support.h
[0.796s] -- Up-to-date: /home/amin/cobot/cobot_ws/install/mypalletizer_interfaces/include/mypalletizer_interfaces/mypalletizer_interfaces/srv/get_coords.h
[0.796s] -- Up-to-date: /home/amin/cobot/cobot_ws/install/mypalletizer_interfaces/include/mypalletizer_interfaces/mypalletizer_interfaces/srv/get_angles.h
[0.796s] -- Up-to-date: /home/amin/cobot/cobot_ws/install/mypalletizer_interfaces/include/mypalletizer_interfaces/mypalletizer_interfaces/srv/pump_status.h
[0.796s] -- Up-to-date: /home/amin/cobot/cobot_ws/install/mypalletizer_interfaces/include/mypalletizer_interfaces/mypalletizer_interfaces/srv/set_angles.h
[0.796s] -- Up-to-date: /home/amin/cobot/cobot_ws/install/mypalletizer_interfaces/include/mypalletizer_interfaces/mypalletizer_interfaces/srv/set_coords.h
[0.796s] -- Up-to-date: /home/amin/cobot/cobot_ws/install/mypalletizer_interfaces/include/mypalletizer_interfaces/mypalletizer_interfaces/msg
[0.796s] -- Up-to-date: /home/amin/cobot/cobot_ws/install/mypalletizer_interfaces/include/mypalletizer_interfaces/mypalletizer_interfaces/msg/mypal_pump_status.h
[0.797s] -- Up-to-date: /home/amin/cobot/cobot_ws/install/mypalletizer_interfaces/include/mypalletizer_interfaces/mypalletizer_interfaces/msg/detail
[0.797s] -- Up-to-date: /home/amin/cobot/cobot_ws/install/mypalletizer_interfaces/include/mypalletizer_interfaces/mypalletizer_interfaces/msg/detail/mypal_angles__type_support.h
[0.798s] -- Up-to-date: /home/amin/cobot/cobot_ws/install/mypalletizer_interfaces/include/mypalletizer_interfaces/mypalletizer_interfaces/msg/detail/mypal_set_angles__functions.c
[0.798s] -- Up-to-date: /home/amin/cobot/cobot_ws/install/mypalletizer_interfaces/include/mypalletizer_interfaces/mypalletizer_interfaces/msg/detail/mypal_set_angles__functions.h
[0.798s] -- Up-to-date: /home/amin/cobot/cobot_ws/install/mypalletizer_interfaces/include/mypalletizer_interfaces/mypalletizer_interfaces/msg/detail/mypal_angles__functions.c
[0.798s] -- Up-to-date: /home/amin/cobot/cobot_ws/install/mypalletizer_interfaces/include/mypalletizer_interfaces/mypalletizer_interfaces/msg/detail/mypal_set_angles__struct.h
[0.798s] -- Up-to-date: /home/amin/cobot/cobot_ws/install/mypalletizer_interfaces/include/mypalletizer_interfaces/mypalletizer_interfaces/msg/detail/mypal_gripper_status__functions.h
[0.799s] -- Up-to-date: /home/amin/cobot/cobot_ws/install/mypalletizer_interfaces/include/mypalletizer_interfaces/mypalletizer_interfaces/msg/detail/mypal_set_coords__functions.c
[0.799s] -- Installing: /home/amin/cobot/cobot_ws/install/mypalletizer_interfaces/include/mypalletizer_interfaces/mypalletizer_interfaces/msg/detail/mypal_angles__type_support.c
[0.799s] -- Installing: /home/amin/cobot/cobot_ws/install/mypalletizer_interfaces/include/mypalletizer_interfaces/mypalletizer_interfaces/msg/detail/mypal_pump_status__type_support.c
[0.799s] -- Up-to-date: /home/amin/cobot/cobot_ws/install/mypalletizer_interfaces/include/mypalletizer_interfaces/mypalletizer_interfaces/msg/detail/mypal_gripper_status__description.c
[0.800s] -- Up-to-date: /home/amin/cobot/cobot_ws/install/mypalletizer_interfaces/include/mypalletizer_interfaces/mypalletizer_interfaces/msg/detail/mypal_set_coords__description.c
[0.800s] -- Installing: /home/amin/cobot/cobot_ws/install/mypalletizer_interfaces/include/mypalletizer_interfaces/mypalletizer_interfaces/msg/detail/mypal_gripper_status__type_support.c
[0.800s] -- Up-to-date: /home/amin/cobot/cobot_ws/install/mypalletizer_interfaces/include/mypalletizer_interfaces/mypalletizer_interfaces/msg/detail/mypal_set_angles__type_support.h
[0.800s] -- Up-to-date: /home/amin/cobot/cobot_ws/install/mypalletizer_interfaces/include/mypalletizer_interfaces/mypalletizer_interfaces/msg/detail/mypal_pump_status__description.c
[0.800s] -- Installing: /home/amin/cobot/cobot_ws/install/mypalletizer_interfaces/include/mypalletizer_interfaces/mypalletizer_interfaces/msg/detail/mypal_coords__type_support.c
[0.800s] -- Up-to-date: /home/amin/cobot/cobot_ws/install/mypalletizer_interfaces/include/mypalletizer_interfaces/mypalletizer_interfaces/msg/detail/mypal_set_angles__description.c
[0.800s] -- Up-to-date: /home/amin/cobot/cobot_ws/install/mypalletizer_interfaces/include/mypalletizer_interfaces/mypalletizer_interfaces/msg/detail/mypal_coords__type_support.h
[0.800s] -- Up-to-date: /home/amin/cobot/cobot_ws/install/mypalletizer_interfaces/include/mypalletizer_interfaces/mypalletizer_interfaces/msg/detail/mypal_pump_status__functions.h
[0.801s] -- Up-to-date: /home/amin/cobot/cobot_ws/install/mypalletizer_interfaces/include/mypalletizer_interfaces/mypalletizer_interfaces/msg/detail/mypal_coords__functions.c
[0.801s] -- Up-to-date: /home/amin/cobot/cobot_ws/install/mypalletizer_interfaces/include/mypalletizer_interfaces/mypalletizer_interfaces/msg/detail/mypal_set_coords__type_support.h
[0.801s] -- Up-to-date: /home/amin/cobot/cobot_ws/install/mypalletizer_interfaces/include/mypalletizer_interfaces/mypalletizer_interfaces/msg/detail/mypal_coords__functions.h
[0.801s] -- Installing: /home/amin/cobot/cobot_ws/install/mypalletizer_interfaces/include/mypalletizer_interfaces/mypalletizer_interfaces/msg/detail/mypal_set_angles__type_support.c
[0.801s] -- Up-to-date: /home/amin/cobot/cobot_ws/install/mypalletizer_interfaces/include/mypalletizer_interfaces/mypalletizer_interfaces/msg/detail/mypal_angles__description.c
[0.801s] -- Up-to-date: /home/amin/cobot/cobot_ws/install/mypalletizer_interfaces/include/mypalletizer_interfaces/mypalletizer_interfaces/msg/detail/mypal_gripper_status__type_support.h
[0.801s] -- Up-to-date: /home/amin/cobot/cobot_ws/install/mypalletizer_interfaces/include/mypalletizer_interfaces/mypalletizer_interfaces/msg/detail/mypal_set_coords__struct.h
[0.802s] -- Up-to-date: /home/amin/cobot/cobot_ws/install/mypalletizer_interfaces/include/mypalletizer_interfaces/mypalletizer_interfaces/msg/detail/mypal_pump_status__functions.c
[0.802s] -- Up-to-date: /home/amin/cobot/cobot_ws/install/mypalletizer_interfaces/include/mypalletizer_interfaces/mypalletizer_interfaces/msg/detail/mypal_coords__description.c
[0.802s] -- Installing: /home/amin/cobot/cobot_ws/install/mypalletizer_interfaces/include/mypalletizer_interfaces/mypalletizer_interfaces/msg/detail/mypal_set_coords__type_support.c
[0.802s] -- Up-to-date: /home/amin/cobot/cobot_ws/install/mypalletizer_interfaces/include/mypalletizer_interfaces/mypalletizer_interfaces/msg/detail/mypal_gripper_status__functions.c
[0.802s] -- Up-to-date: /home/amin/cobot/cobot_ws/install/mypalletizer_interfaces/include/mypalletizer_interfaces/mypalletizer_interfaces/msg/detail/mypal_coords__struct.h
[0.802s] -- Up-to-date: /home/amin/cobot/cobot_ws/install/mypalletizer_interfaces/include/mypalletizer_interfaces/mypalletizer_interfaces/msg/detail/mypal_angles__functions.h
[0.802s] -- Up-to-date: /home/amin/cobot/cobot_ws/install/mypalletizer_interfaces/include/mypalletizer_interfaces/mypalletizer_interfaces/msg/detail/mypal_pump_status__struct.h
[0.803s] -- Up-to-date: /home/amin/cobot/cobot_ws/install/mypalletizer_interfaces/include/mypalletizer_interfaces/mypalletizer_interfaces/msg/detail/mypal_pump_status__type_support.h
[0.803s] -- Up-to-date: /home/amin/cobot/cobot_ws/install/mypalletizer_interfaces/include/mypalletizer_interfaces/mypalletizer_interfaces/msg/detail/mypal_gripper_status__struct.h
[0.804s] -- Up-to-date: /home/amin/cobot/cobot_ws/install/mypalletizer_interfaces/include/mypalletizer_interfaces/mypalletizer_interfaces/msg/detail/mypal_set_coords__functions.h
[0.804s] -- Up-to-date: /home/amin/cobot/cobot_ws/install/mypalletizer_interfaces/include/mypalletizer_interfaces/mypalletizer_interfaces/msg/detail/mypal_angles__struct.h
[0.804s] -- Up-to-date: /home/amin/cobot/cobot_ws/install/mypalletizer_interfaces/include/mypalletizer_interfaces/mypalletizer_interfaces/msg/rosidl_generator_c__visibility_control.h
[0.805s] -- Up-to-date: /home/amin/cobot/cobot_ws/install/mypalletizer_interfaces/include/mypalletizer_interfaces/mypalletizer_interfaces/msg/mypal_coords.h
[0.805s] -- Up-to-date: /home/amin/cobot/cobot_ws/install/mypalletizer_interfaces/include/mypalletizer_interfaces/mypalletizer_interfaces/msg/mypal_set_angles.h
[0.805s] -- Up-to-date: /home/amin/cobot/cobot_ws/install/mypalletizer_interfaces/include/mypalletizer_interfaces/mypalletizer_interfaces/msg/mypal_angles.h
[0.805s] -- Up-to-date: /home/amin/cobot/cobot_ws/install/mypalletizer_interfaces/include/mypalletizer_interfaces/mypalletizer_interfaces/msg/mypal_gripper_status.h
[0.805s] -- Up-to-date: /home/amin/cobot/cobot_ws/install/mypalletizer_interfaces/include/mypalletizer_interfaces/mypalletizer_interfaces/msg/mypal_set_coords.h
[0.805s] -- Up-to-date: /home/amin/cobot/cobot_ws/install/mypalletizer_interfaces/share/mypalletizer_interfaces/environment/library_path.sh
[0.805s] -- Up-to-date: /home/amin/cobot/cobot_ws/install/mypalletizer_interfaces/share/mypalletizer_interfaces/environment/library_path.dsv
[0.805s] -- Up-to-date: /home/amin/cobot/cobot_ws/install/mypalletizer_interfaces/lib/libmypalletizer_interfaces__rosidl_generator_c.so
[0.805s] -- Up-to-date: /home/amin/cobot/cobot_ws/install/mypalletizer_interfaces/include/mypalletizer_interfaces/mypalletizer_interfaces
[0.806s] -- Up-to-date: /home/amin/cobot/cobot_ws/install/mypalletizer_interfaces/include/mypalletizer_interfaces/mypalletizer_interfaces/srv
[0.806s] -- Up-to-date: /home/amin/cobot/cobot_ws/install/mypalletizer_interfaces/include/mypalletizer_interfaces/mypalletizer_interfaces/srv/detail
[0.806s] -- Up-to-date: /home/amin/cobot/cobot_ws/install/mypalletizer_interfaces/include/mypalletizer_interfaces/mypalletizer_interfaces/srv/detail/pump_status__rosidl_typesupport_fastrtps_c.h
[0.806s] -- Up-to-date: /home/amin/cobot/cobot_ws/install/mypalletizer_interfaces/include/mypalletizer_interfaces/mypalletizer_interfaces/srv/detail/get_coords__rosidl_typesupport_fastrtps_c.h
[0.807s] -- Up-to-date: /home/amin/cobot/cobot_ws/install/mypalletizer_interfaces/include/mypalletizer_interfaces/mypalletizer_interfaces/srv/detail/get_angles__rosidl_typesupport_fastrtps_c.h
[0.807s] -- Up-to-date: /home/amin/cobot/cobot_ws/install/mypalletizer_interfaces/include/mypalletizer_interfaces/mypalletizer_interfaces/srv/detail/set_angles__rosidl_typesupport_fastrtps_c.h
[0.807s] -- Up-to-date: /home/amin/cobot/cobot_ws/install/mypalletizer_interfaces/include/mypalletizer_interfaces/mypalletizer_interfaces/srv/detail/gripper_status__rosidl_typesupport_fastrtps_c.h
[0.807s] -- Up-to-date: /home/amin/cobot/cobot_ws/install/mypalletizer_interfaces/include/mypalletizer_interfaces/mypalletizer_interfaces/srv/detail/set_coords__rosidl_typesupport_fastrtps_c.h
[0.807s] -- Up-to-date: /home/amin/cobot/cobot_ws/install/mypalletizer_interfaces/include/mypalletizer_interfaces/mypalletizer_interfaces/msg
[0.807s] -- Up-to-date: /home/amin/cobot/cobot_ws/install/mypalletizer_interfaces/include/mypalletizer_interfaces/mypalletizer_interfaces/msg/detail
[0.808s] -- Up-to-date: /home/amin/cobot/cobot_ws/install/mypalletizer_interfaces/include/mypalletizer_interfaces/mypalletizer_interfaces/msg/detail/mypal_set_angles__rosidl_typesupport_fastrtps_c.h
[0.808s] -- Up-to-date: /home/amin/cobot/cobot_ws/install/mypalletizer_interfaces/include/mypalletizer_interfaces/mypalletizer_interfaces/msg/detail/mypal_pump_status__rosidl_typesupport_fastrtps_c.h
[0.808s] -- Up-to-date: /home/amin/cobot/cobot_ws/install/mypalletizer_interfaces/include/mypalletizer_interfaces/mypalletizer_interfaces/msg/detail/mypal_coords__rosidl_typesupport_fastrtps_c.h
[0.808s] -- Up-to-date: /home/amin/cobot/cobot_ws/install/mypalletizer_interfaces/include/mypalletizer_interfaces/mypalletizer_interfaces/msg/detail/mypal_set_coords__rosidl_typesupport_fastrtps_c.h
[0.808s] -- Up-to-date: /home/amin/cobot/cobot_ws/install/mypalletizer_interfaces/include/mypalletizer_interfaces/mypalletizer_interfaces/msg/detail/mypal_angles__rosidl_typesupport_fastrtps_c.h
[0.808s] -- Up-to-date: /home/amin/cobot/cobot_ws/install/mypalletizer_interfaces/include/mypalletizer_interfaces/mypalletizer_interfaces/msg/detail/mypal_gripper_status__rosidl_typesupport_fastrtps_c.h
[0.808s] -- Up-to-date: /home/amin/cobot/cobot_ws/install/mypalletizer_interfaces/include/mypalletizer_interfaces/mypalletizer_interfaces/msg/rosidl_typesupport_fastrtps_c__visibility_control.h
[0.808s] -- Up-to-date: /home/amin/cobot/cobot_ws/install/mypalletizer_interfaces/lib/libmypalletizer_interfaces__rosidl_typesupport_fastrtps_c.so
[0.808s] -- Up-to-date: /home/amin/cobot/cobot_ws/install/mypalletizer_interfaces/include/mypalletizer_interfaces/mypalletizer_interfaces
[0.808s] -- Up-to-date: /home/amin/cobot/cobot_ws/install/mypalletizer_interfaces/include/mypalletizer_interfaces/mypalletizer_interfaces/srv
[0.808s] -- Up-to-date: /home/amin/cobot/cobot_ws/install/mypalletizer_interfaces/include/mypalletizer_interfaces/mypalletizer_interfaces/srv/detail
[0.809s] -- Installing: /home/amin/cobot/cobot_ws/install/mypalletizer_interfaces/include/mypalletizer_interfaces/mypalletizer_interfaces/srv/detail/pump_status__type_support.c
[0.810s] -- Installing: /home/amin/cobot/cobot_ws/install/mypalletizer_interfaces/include/mypalletizer_interfaces/mypalletizer_interfaces/srv/detail/get_coords__type_support.c
[0.810s] -- Up-to-date: /home/amin/cobot/cobot_ws/install/mypalletizer_interfaces/include/mypalletizer_interfaces/mypalletizer_interfaces/srv/detail/set_angles__rosidl_typesupport_introspection_c.h
[0.810s] -- Installing: /home/amin/cobot/cobot_ws/install/mypalletizer_interfaces/include/mypalletizer_interfaces/mypalletizer_interfaces/srv/detail/set_coords__type_support.c
[0.810s] -- Installing: /home/amin/cobot/cobot_ws/install/mypalletizer_interfaces/include/mypalletizer_interfaces/mypalletizer_interfaces/srv/detail/set_angles__type_support.c
[0.810s] -- Up-to-date: /home/amin/cobot/cobot_ws/install/mypalletizer_interfaces/include/mypalletizer_interfaces/mypalletizer_interfaces/srv/detail/pump_status__rosidl_typesupport_introspection_c.h
[0.811s] -- Installing: /home/amin/cobot/cobot_ws/install/mypalletizer_interfaces/include/mypalletizer_interfaces/mypalletizer_interfaces/srv/detail/get_angles__type_support.c
[0.811s] -- Up-to-date: /home/amin/cobot/cobot_ws/install/mypalletizer_interfaces/include/mypalletizer_interfaces/mypalletizer_interfaces/srv/detail/get_angles__rosidl_typesupport_introspection_c.h
[0.811s] -- Installing: /home/amin/cobot/cobot_ws/install/mypalletizer_interfaces/include/mypalletizer_interfaces/mypalletizer_interfaces/srv/detail/gripper_status__type_support.c
[0.811s] -- Up-to-date: /home/amin/cobot/cobot_ws/install/mypalletizer_interfaces/include/mypalletizer_interfaces/mypalletizer_interfaces/srv/detail/set_coords__rosidl_typesupport_introspection_c.h
[0.811s] -- Up-to-date: /home/amin/cobot/cobot_ws/install/mypalletizer_interfaces/include/mypalletizer_interfaces/mypalletizer_interfaces/srv/detail/get_coords__rosidl_typesupport_introspection_c.h
[0.811s] -- Up-to-date: /home/amin/cobot/cobot_ws/install/mypalletizer_interfaces/include/mypalletizer_interfaces/mypalletizer_interfaces/srv/detail/gripper_status__rosidl_typesupport_introspection_c.h
[0.811s] -- Up-to-date: /home/amin/cobot/cobot_ws/install/mypalletizer_interfaces/include/mypalletizer_interfaces/mypalletizer_interfaces/msg
[0.811s] -- Up-to-date: /home/amin/cobot/cobot_ws/install/mypalletizer_interfaces/include/mypalletizer_interfaces/mypalletizer_interfaces/msg/detail
[0.811s] -- Installing: /home/amin/cobot/cobot_ws/install/mypalletizer_interfaces/include/mypalletizer_interfaces/mypalletizer_interfaces/msg/detail/mypal_angles__type_support.c
[0.811s] -- Up-to-date: /home/amin/cobot/cobot_ws/install/mypalletizer_interfaces/include/mypalletizer_interfaces/mypalletizer_interfaces/msg/detail/mypal_pump_status__rosidl_typesupport_introspection_c.h
[0.811s] -- Installing: /home/amin/cobot/cobot_ws/install/mypalletizer_interfaces/include/mypalletizer_interfaces/mypalletizer_interfaces/msg/detail/mypal_pump_status__type_support.c
[0.811s] -- Installing: /home/amin/cobot/cobot_ws/install/mypalletizer_interfaces/include/mypalletizer_interfaces/mypalletizer_interfaces/msg/detail/mypal_gripper_status__type_support.c
[0.812s] -- Installing: /home/amin/cobot/cobot_ws/install/mypalletizer_interfaces/include/mypalletizer_interfaces/mypalletizer_interfaces/msg/detail/mypal_coords__type_support.c
[0.812s] -- Installing: /home/amin/cobot/cobot_ws/install/mypalletizer_interfaces/include/mypalletizer_interfaces/mypalletizer_interfaces/msg/detail/mypal_set_angles__type_support.c
[0.812s] -- Up-to-date: /home/amin/cobot/cobot_ws/install/mypalletizer_interfaces/include/mypalletizer_interfaces/mypalletizer_interfaces/msg/detail/mypal_gripper_status__rosidl_typesupport_introspection_c.h
[0.812s] -- Up-to-date: /home/amin/cobot/cobot_ws/install/mypalletizer_interfaces/include/mypalletizer_interfaces/mypalletizer_interfaces/msg/detail/mypal_set_coords__rosidl_typesupport_introspection_c.h
[0.812s] -- Installing: /home/amin/cobot/cobot_ws/install/mypalletizer_interfaces/include/mypalletizer_interfaces/mypalletizer_interfaces/msg/detail/mypal_set_coords__type_support.c
[0.812s] -- Up-to-date: /home/amin/cobot/cobot_ws/install/mypalletizer_interfaces/include/mypalletizer_interfaces/mypalletizer_interfaces/msg/detail/mypal_angles__rosidl_typesupport_introspection_c.h
[0.812s] -- Up-to-date: /home/amin/cobot/cobot_ws/install/mypalletizer_interfaces/include/mypalletizer_interfaces/mypalletizer_interfaces/msg/detail/mypal_set_angles__rosidl_typesupport_introspection_c.h
[0.812s] -- Up-to-date: /home/amin/cobot/cobot_ws/install/mypalletizer_interfaces/include/mypalletizer_interfaces/mypalletizer_interfaces/msg/detail/mypal_coords__rosidl_typesupport_introspection_c.h
[0.812s] -- Up-to-date: /home/amin/cobot/cobot_ws/install/mypalletizer_interfaces/include/mypalletizer_interfaces/mypalletizer_interfaces/msg/rosidl_typesupport_introspection_c__visibility_control.h
[0.812s] -- Up-to-date: /home/amin/cobot/cobot_ws/install/mypalletizer_interfaces/lib/libmypalletizer_interfaces__rosidl_typesupport_introspection_c.so
[0.813s] -- Up-to-date: /home/amin/cobot/cobot_ws/install/mypalletizer_interfaces/lib/libmypalletizer_interfaces__rosidl_typesupport_c.so
[0.813s] -- Up-to-date: /home/amin/cobot/cobot_ws/install/mypalletizer_interfaces/include/mypalletizer_interfaces/mypalletizer_interfaces
[0.813s] -- Up-to-date: /home/amin/cobot/cobot_ws/install/mypalletizer_interfaces/include/mypalletizer_interfaces/mypalletizer_interfaces/srv
[0.813s] -- Up-to-date: /home/amin/cobot/cobot_ws/install/mypalletizer_interfaces/include/mypalletizer_interfaces/mypalletizer_interfaces/srv/set_angles.hpp
[0.813s] -- Up-to-date: /home/amin/cobot/cobot_ws/install/mypalletizer_interfaces/include/mypalletizer_interfaces/mypalletizer_interfaces/srv/get_coords.hpp
[0.813s] -- Up-to-date: /home/amin/cobot/cobot_ws/install/mypalletizer_interfaces/include/mypalletizer_interfaces/mypalletizer_interfaces/srv/gripper_status.hpp
[0.813s] -- Up-to-date: /home/amin/cobot/cobot_ws/install/mypalletizer_interfaces/include/mypalletizer_interfaces/mypalletizer_interfaces/srv/detail
[0.813s] -- Up-to-date: /home/amin/cobot/cobot_ws/install/mypalletizer_interfaces/include/mypalletizer_interfaces/mypalletizer_interfaces/srv/detail/get_coords__type_support.hpp
[0.813s] -- Up-to-date: /home/amin/cobot/cobot_ws/install/mypalletizer_interfaces/include/mypalletizer_interfaces/mypalletizer_interfaces/srv/detail/get_angles__builder.hpp
[0.813s] -- Up-to-date: /home/amin/cobot/cobot_ws/install/mypalletizer_interfaces/include/mypalletizer_interfaces/mypalletizer_interfaces/srv/detail/gripper_status__type_support.hpp
[0.813s] -- Up-to-date: /home/amin/cobot/cobot_ws/install/mypalletizer_interfaces/include/mypalletizer_interfaces/mypalletizer_interfaces/srv/detail/set_angles__traits.hpp
[0.814s] -- Up-to-date: /home/amin/cobot/cobot_ws/install/mypalletizer_interfaces/include/mypalletizer_interfaces/mypalletizer_interfaces/srv/detail/set_angles__builder.hpp
[0.814s] -- Up-to-date: /home/amin/cobot/cobot_ws/install/mypalletizer_interfaces/include/mypalletizer_interfaces/mypalletizer_interfaces/srv/detail/gripper_status__struct.hpp
[0.814s] -- Up-to-date: /home/amin/cobot/cobot_ws/install/mypalletizer_interfaces/include/mypalletizer_interfaces/mypalletizer_interfaces/srv/detail/gripper_status__traits.hpp
[0.814s] -- Up-to-date: /home/amin/cobot/cobot_ws/install/mypalletizer_interfaces/include/mypalletizer_interfaces/mypalletizer_interfaces/srv/detail/set_coords__struct.hpp
[0.814s] -- Up-to-date: /home/amin/cobot/cobot_ws/install/mypalletizer_interfaces/include/mypalletizer_interfaces/mypalletizer_interfaces/srv/detail/pump_status__builder.hpp
[0.814s] -- Up-to-date: /home/amin/cobot/cobot_ws/install/mypalletizer_interfaces/include/mypalletizer_interfaces/mypalletizer_interfaces/srv/detail/set_coords__builder.hpp
[0.814s] -- Up-to-date: /home/amin/cobot/cobot_ws/install/mypalletizer_interfaces/include/mypalletizer_interfaces/mypalletizer_interfaces/srv/detail/pump_status__type_support.hpp
[0.814s] -- Up-to-date: /home/amin/cobot/cobot_ws/install/mypalletizer_interfaces/include/mypalletizer_interfaces/mypalletizer_interfaces/srv/detail/get_coords__struct.hpp
[0.814s] -- Up-to-date: /home/amin/cobot/cobot_ws/install/mypalletizer_interfaces/include/mypalletizer_interfaces/mypalletizer_interfaces/srv/detail/gripper_status__builder.hpp
[0.815s] -- Up-to-date: /home/amin/cobot/cobot_ws/install/mypalletizer_interfaces/include/mypalletizer_interfaces/mypalletizer_interfaces/srv/detail/pump_status__traits.hpp
[0.815s] -- Up-to-date: /home/amin/cobot/cobot_ws/install/mypalletizer_interfaces/include/mypalletizer_interfaces/mypalletizer_interfaces/srv/detail/get_angles__type_support.hpp
[0.815s] -- Up-to-date: /home/amin/cobot/cobot_ws/install/mypalletizer_interfaces/include/mypalletizer_interfaces/mypalletizer_interfaces/srv/detail/get_coords__traits.hpp
[0.815s] -- Up-to-date: /home/amin/cobot/cobot_ws/install/mypalletizer_interfaces/include/mypalletizer_interfaces/mypalletizer_interfaces/srv/detail/set_angles__struct.hpp
[0.815s] -- Up-to-date: /home/amin/cobot/cobot_ws/install/mypalletizer_interfaces/include/mypalletizer_interfaces/mypalletizer_interfaces/srv/detail/get_angles__traits.hpp
[0.816s] -- Up-to-date: /home/amin/cobot/cobot_ws/install/mypalletizer_interfaces/include/mypalletizer_interfaces/mypalletizer_interfaces/srv/detail/get_coords__builder.hpp
[0.816s] -- Up-to-date: /home/amin/cobot/cobot_ws/install/mypalletizer_interfaces/include/mypalletizer_interfaces/mypalletizer_interfaces/srv/detail/set_coords__type_support.hpp
[0.816s] -- Up-to-date: /home/amin/cobot/cobot_ws/install/mypalletizer_interfaces/include/mypalletizer_interfaces/mypalletizer_interfaces/srv/detail/set_angles__type_support.hpp
[0.816s] -- Up-to-date: /home/amin/cobot/cobot_ws/install/mypalletizer_interfaces/include/mypalletizer_interfaces/mypalletizer_interfaces/srv/detail/set_coords__traits.hpp
[0.816s] -- Up-to-date: /home/amin/cobot/cobot_ws/install/mypalletizer_interfaces/include/mypalletizer_interfaces/mypalletizer_interfaces/srv/detail/get_angles__struct.hpp
[0.816s] -- Up-to-date: /home/amin/cobot/cobot_ws/install/mypalletizer_interfaces/include/mypalletizer_interfaces/mypalletizer_interfaces/srv/detail/pump_status__struct.hpp
[0.816s] -- Up-to-date: /home/amin/cobot/cobot_ws/install/mypalletizer_interfaces/include/mypalletizer_interfaces/mypalletizer_interfaces/srv/set_coords.hpp
[0.816s] -- Up-to-date: /home/amin/cobot/cobot_ws/install/mypalletizer_interfaces/include/mypalletizer_interfaces/mypalletizer_interfaces/srv/get_angles.hpp
[0.817s] -- Up-to-date: /home/amin/cobot/cobot_ws/install/mypalletizer_interfaces/include/mypalletizer_interfaces/mypalletizer_interfaces/srv/pump_status.hpp
[0.817s] -- Up-to-date: /home/amin/cobot/cobot_ws/install/mypalletizer_interfaces/include/mypalletizer_interfaces/mypalletizer_interfaces/msg
[0.817s] -- Up-to-date: /home/amin/cobot/cobot_ws/install/mypalletizer_interfaces/include/mypalletizer_interfaces/mypalletizer_interfaces/msg/mypal_set_coords.hpp
[0.817s] -- Up-to-date: /home/amin/cobot/cobot_ws/install/mypalletizer_interfaces/include/mypalletizer_interfaces/mypalletizer_interfaces/msg/mypal_pump_status.hpp
[0.817s] -- Up-to-date: /home/amin/cobot/cobot_ws/install/mypalletizer_interfaces/include/mypalletizer_interfaces/mypalletizer_interfaces/msg/mypal_set_angles.hpp
[0.817s] -- Up-to-date: /home/amin/cobot/cobot_ws/install/mypalletizer_interfaces/include/mypalletizer_interfaces/mypalletizer_interfaces/msg/detail
[0.817s] -- Up-to-date: /home/amin/cobot/cobot_ws/install/mypalletizer_interfaces/include/mypalletizer_interfaces/mypalletizer_interfaces/msg/detail/mypal_set_angles__struct.hpp
[0.818s] -- Up-to-date: /home/amin/cobot/cobot_ws/install/mypalletizer_interfaces/include/mypalletizer_interfaces/mypalletizer_interfaces/msg/detail/mypal_gripper_status__traits.hpp
[0.818s] -- Up-to-date: /home/amin/cobot/cobot_ws/install/mypalletizer_interfaces/include/mypalletizer_interfaces/mypalletizer_interfaces/msg/detail/mypal_coords__type_support.hpp
[0.818s] -- Up-to-date: /home/amin/cobot/cobot_ws/install/mypalletizer_interfaces/include/mypalletizer_interfaces/mypalletizer_interfaces/msg/detail/mypal_set_angles__type_support.hpp
[0.818s] -- Up-to-date: /home/amin/cobot/cobot_ws/install/mypalletizer_interfaces/include/mypalletizer_interfaces/mypalletizer_interfaces/msg/detail/mypal_set_coords__traits.hpp
[0.818s] -- Up-to-date: /home/amin/cobot/cobot_ws/install/mypalletizer_interfaces/include/mypalletizer_interfaces/mypalletizer_interfaces/msg/detail/mypal_gripper_status__type_support.hpp
[0.818s] -- Up-to-date: /home/amin/cobot/cobot_ws/install/mypalletizer_interfaces/include/mypalletizer_interfaces/mypalletizer_interfaces/msg/detail/mypal_angles__traits.hpp
[0.818s] -- Up-to-date: /home/amin/cobot/cobot_ws/install/mypalletizer_interfaces/include/mypalletizer_interfaces/mypalletizer_interfaces/msg/detail/mypal_pump_status__struct.hpp
[0.818s] -- Up-to-date: /home/amin/cobot/cobot_ws/install/mypalletizer_interfaces/include/mypalletizer_interfaces/mypalletizer_interfaces/msg/detail/mypal_coords__struct.hpp
[0.818s] -- Up-to-date: /home/amin/cobot/cobot_ws/install/mypalletizer_interfaces/include/mypalletizer_interfaces/mypalletizer_interfaces/msg/detail/mypal_gripper_status__builder.hpp
[0.818s] -- Up-to-date: /home/amin/cobot/cobot_ws/install/mypalletizer_interfaces/include/mypalletizer_interfaces/mypalletizer_interfaces/msg/detail/mypal_set_coords__builder.hpp
[0.819s] -- Up-to-date: /home/amin/cobot/cobot_ws/install/mypalletizer_interfaces/include/mypalletizer_interfaces/mypalletizer_interfaces/msg/detail/mypal_pump_status__type_support.hpp
[0.821s] -- Up-to-date: /home/amin/cobot/cobot_ws/install/mypalletizer_interfaces/include/mypalletizer_interfaces/mypalletizer_interfaces/msg/detail/mypal_set_angles__traits.hpp
[0.821s] -- Up-to-date: /home/amin/cobot/cobot_ws/install/mypalletizer_interfaces/include/mypalletizer_interfaces/mypalletizer_interfaces/msg/detail/mypal_gripper_status__struct.hpp
[0.821s] -- Up-to-date: /home/amin/cobot/cobot_ws/install/mypalletizer_interfaces/include/mypalletizer_interfaces/mypalletizer_interfaces/msg/detail/mypal_set_coords__type_support.hpp
[0.821s] -- Up-to-date: /home/amin/cobot/cobot_ws/install/mypalletizer_interfaces/include/mypalletizer_interfaces/mypalletizer_interfaces/msg/detail/mypal_angles__builder.hpp
[0.821s] -- Up-to-date: /home/amin/cobot/cobot_ws/install/mypalletizer_interfaces/include/mypalletizer_interfaces/mypalletizer_interfaces/msg/detail/mypal_pump_status__traits.hpp
[0.822s] -- Up-to-date: /home/amin/cobot/cobot_ws/install/mypalletizer_interfaces/include/mypalletizer_interfaces/mypalletizer_interfaces/msg/detail/mypal_angles__type_support.hpp
[0.822s] -- Up-to-date: /home/amin/cobot/cobot_ws/install/mypalletizer_interfaces/include/mypalletizer_interfaces/mypalletizer_interfaces/msg/detail/mypal_coords__traits.hpp
[0.822s] -- Up-to-date: /home/amin/cobot/cobot_ws/install/mypalletizer_interfaces/include/mypalletizer_interfaces/mypalletizer_interfaces/msg/detail/mypal_angles__struct.hpp
[0.822s] -- Up-to-date: /home/amin/cobot/cobot_ws/install/mypalletizer_interfaces/include/mypalletizer_interfaces/mypalletizer_interfaces/msg/detail/mypal_set_coords__struct.hpp
[0.822s] -- Up-to-date: /home/amin/cobot/cobot_ws/install/mypalletizer_interfaces/include/mypalletizer_interfaces/mypalletizer_interfaces/msg/detail/mypal_coords__builder.hpp
[0.822s] -- Up-to-date: /home/amin/cobot/cobot_ws/install/mypalletizer_interfaces/include/mypalletizer_interfaces/mypalletizer_interfaces/msg/detail/mypal_set_angles__builder.hpp
[0.822s] -- Up-to-date: /home/amin/cobot/cobot_ws/install/mypalletizer_interfaces/include/mypalletizer_interfaces/mypalletizer_interfaces/msg/detail/mypal_pump_status__builder.hpp
[0.822s] -- Up-to-date: /home/amin/cobot/cobot_ws/install/mypalletizer_interfaces/include/mypalletizer_interfaces/mypalletizer_interfaces/msg/mypal_angles.hpp
[0.822s] -- Up-to-date: /home/amin/cobot/cobot_ws/install/mypalletizer_interfaces/include/mypalletizer_interfaces/mypalletizer_interfaces/msg/rosidl_generator_cpp__visibility_control.hpp
[0.822s] -- Up-to-date: /home/amin/cobot/cobot_ws/install/mypalletizer_interfaces/include/mypalletizer_interfaces/mypalletizer_interfaces/msg/mypal_coords.hpp
[0.822s] -- Up-to-date: /home/amin/cobot/cobot_ws/install/mypalletizer_interfaces/include/mypalletizer_interfaces/mypalletizer_interfaces/msg/mypal_gripper_status.hpp
[0.823s] -- Up-to-date: /home/amin/cobot/cobot_ws/install/mypalletizer_interfaces/include/mypalletizer_interfaces/mypalletizer_interfaces
[0.823s] -- Up-to-date: /home/amin/cobot/cobot_ws/install/mypalletizer_interfaces/include/mypalletizer_interfaces/mypalletizer_interfaces/srv
[0.823s] -- Up-to-date: /home/amin/cobot/cobot_ws/install/mypalletizer_interfaces/include/mypalletizer_interfaces/mypalletizer_interfaces/srv/detail
[0.823s] -- Up-to-date: /home/amin/cobot/cobot_ws/install/mypalletizer_interfaces/include/mypalletizer_interfaces/mypalletizer_interfaces/srv/detail/gripper_status__rosidl_typesupport_fastrtps_cpp.hpp
[0.823s] -- Up-to-date: /home/amin/cobot/cobot_ws/install/mypalletizer_interfaces/include/mypalletizer_interfaces/mypalletizer_interfaces/srv/detail/pump_status__rosidl_typesupport_fastrtps_cpp.hpp
[0.824s] -- Up-to-date: /home/amin/cobot/cobot_ws/install/mypalletizer_interfaces/include/mypalletizer_interfaces/mypalletizer_interfaces/srv/detail/dds_fastrtps
[0.824s] -- Up-to-date: /home/amin/cobot/cobot_ws/install/mypalletizer_interfaces/include/mypalletizer_interfaces/mypalletizer_interfaces/srv/detail/get_angles__rosidl_typesupport_fastrtps_cpp.hpp
[0.824s] -- Up-to-date: /home/amin/cobot/cobot_ws/install/mypalletizer_interfaces/include/mypalletizer_interfaces/mypalletizer_interfaces/srv/detail/set_coords__rosidl_typesupport_fastrtps_cpp.hpp
[0.824s] -- Up-to-date: /home/amin/cobot/cobot_ws/install/mypalletizer_interfaces/include/mypalletizer_interfaces/mypalletizer_interfaces/srv/detail/get_coords__rosidl_typesupport_fastrtps_cpp.hpp
[0.824s] -- Up-to-date: /home/amin/cobot/cobot_ws/install/mypalletizer_interfaces/include/mypalletizer_interfaces/mypalletizer_interfaces/srv/detail/set_angles__rosidl_typesupport_fastrtps_cpp.hpp
[0.824s] -- Up-to-date: /home/amin/cobot/cobot_ws/install/mypalletizer_interfaces/include/mypalletizer_interfaces/mypalletizer_interfaces/msg
[0.824s] -- Up-to-date: /home/amin/cobot/cobot_ws/install/mypalletizer_interfaces/include/mypalletizer_interfaces/mypalletizer_interfaces/msg/detail
[0.824s] -- Up-to-date: /home/amin/cobot/cobot_ws/install/mypalletizer_interfaces/include/mypalletizer_interfaces/mypalletizer_interfaces/msg/detail/mypal_pump_status__rosidl_typesupport_fastrtps_cpp.hpp
[0.825s] -- Up-to-date: /home/amin/cobot/cobot_ws/install/mypalletizer_interfaces/include/mypalletizer_interfaces/mypalletizer_interfaces/msg/detail/mypal_set_angles__rosidl_typesupport_fastrtps_cpp.hpp
[0.825s] -- Up-to-date: /home/amin/cobot/cobot_ws/install/mypalletizer_interfaces/include/mypalletizer_interfaces/mypalletizer_interfaces/msg/detail/dds_fastrtps
[0.825s] -- Up-to-date: /home/amin/cobot/cobot_ws/install/mypalletizer_interfaces/include/mypalletizer_interfaces/mypalletizer_interfaces/msg/detail/mypal_coords__rosidl_typesupport_fastrtps_cpp.hpp
[0.825s] -- Up-to-date: /home/amin/cobot/cobot_ws/install/mypalletizer_interfaces/include/mypalletizer_interfaces/mypalletizer_interfaces/msg/detail/mypal_set_coords__rosidl_typesupport_fastrtps_cpp.hpp
[0.825s] -- Up-to-date: /home/amin/cobot/cobot_ws/install/mypalletizer_interfaces/include/mypalletizer_interfaces/mypalletizer_interfaces/msg/detail/mypal_angles__rosidl_typesupport_fastrtps_cpp.hpp
[0.826s] -- Up-to-date: /home/amin/cobot/cobot_ws/install/mypalletizer_interfaces/include/mypalletizer_interfaces/mypalletizer_interfaces/msg/detail/mypal_gripper_status__rosidl_typesupport_fastrtps_cpp.hpp
[0.826s] -- Up-to-date: /home/amin/cobot/cobot_ws/install/mypalletizer_interfaces/include/mypalletizer_interfaces/mypalletizer_interfaces/msg/rosidl_typesupport_fastrtps_cpp__visibility_control.h
[0.826s] -- Up-to-date: /home/amin/cobot/cobot_ws/install/mypalletizer_interfaces/lib/libmypalletizer_interfaces__rosidl_typesupport_fastrtps_cpp.so
[0.826s] -- Up-to-date: /home/amin/cobot/cobot_ws/install/mypalletizer_interfaces/include/mypalletizer_interfaces/mypalletizer_interfaces
[0.827s] -- Up-to-date: /home/amin/cobot/cobot_ws/install/mypalletizer_interfaces/include/mypalletizer_interfaces/mypalletizer_interfaces/srv
[0.827s] -- Up-to-date: /home/amin/cobot/cobot_ws/install/mypalletizer_interfaces/include/mypalletizer_interfaces/mypalletizer_interfaces/srv/detail
[0.827s] -- Up-to-date: /home/amin/cobot/cobot_ws/install/mypalletizer_interfaces/include/mypalletizer_interfaces/mypalletizer_interfaces/srv/detail/set_coords__type_support.cpp
[0.827s] -- Up-to-date: /home/amin/cobot/cobot_ws/install/mypalletizer_interfaces/include/mypalletizer_interfaces/mypalletizer_interfaces/srv/detail/pump_status__rosidl_typesupport_introspection_cpp.hpp
[0.827s] -- Up-to-date: /home/amin/cobot/cobot_ws/install/mypalletizer_interfaces/include/mypalletizer_interfaces/mypalletizer_interfaces/srv/detail/gripper_status__type_support.cpp
[0.827s] -- Up-to-date: /home/amin/cobot/cobot_ws/install/mypalletizer_interfaces/include/mypalletizer_interfaces/mypalletizer_interfaces/srv/detail/gripper_status__rosidl_typesupport_introspection_cpp.hpp
[0.827s] -- Up-to-date: /home/amin/cobot/cobot_ws/install/mypalletizer_interfaces/include/mypalletizer_interfaces/mypalletizer_interfaces/srv/detail/get_coords__type_support.cpp
[0.828s] -- Up-to-date: /home/amin/cobot/cobot_ws/install/mypalletizer_interfaces/include/mypalletizer_interfaces/mypalletizer_interfaces/srv/detail/set_angles__rosidl_typesupport_introspection_cpp.hpp
[0.828s] -- Up-to-date: /home/amin/cobot/cobot_ws/install/mypalletizer_interfaces/include/mypalletizer_interfaces/mypalletizer_interfaces/srv/detail/set_angles__type_support.cpp
[0.828s] -- Up-to-date: /home/amin/cobot/cobot_ws/install/mypalletizer_interfaces/include/mypalletizer_interfaces/mypalletizer_interfaces/srv/detail/get_angles__type_support.cpp
[0.828s] -- Up-to-date: /home/amin/cobot/cobot_ws/install/mypalletizer_interfaces/include/mypalletizer_interfaces/mypalletizer_interfaces/srv/detail/pump_status__type_support.cpp
[0.828s] -- Up-to-date: /home/amin/cobot/cobot_ws/install/mypalletizer_interfaces/include/mypalletizer_interfaces/mypalletizer_interfaces/srv/detail/get_angles__rosidl_typesupport_introspection_cpp.hpp
[0.828s] -- Up-to-date: /home/amin/cobot/cobot_ws/install/mypalletizer_interfaces/include/mypalletizer_interfaces/mypalletizer_interfaces/srv/detail/set_coords__rosidl_typesupport_introspection_cpp.hpp
[0.828s] -- Up-to-date: /home/amin/cobot/cobot_ws/install/mypalletizer_interfaces/include/mypalletizer_interfaces/mypalletizer_interfaces/srv/detail/get_coords__rosidl_typesupport_introspection_cpp.hpp
[0.828s] -- Up-to-date: /home/amin/cobot/cobot_ws/install/mypalletizer_interfaces/include/mypalletizer_interfaces/mypalletizer_interfaces/msg
[0.828s] -- Up-to-date: /home/amin/cobot/cobot_ws/install/mypalletizer_interfaces/include/mypalletizer_interfaces/mypalletizer_interfaces/msg/detail
[0.828s] -- Up-to-date: /home/amin/cobot/cobot_ws/install/mypalletizer_interfaces/include/mypalletizer_interfaces/mypalletizer_interfaces/msg/detail/mypal_angles__type_support.cpp
[0.829s] -- Up-to-date: /home/amin/cobot/cobot_ws/install/mypalletizer_interfaces/include/mypalletizer_interfaces/mypalletizer_interfaces/msg/detail/mypal_gripper_status__rosidl_typesupport_introspection_cpp.hpp
[0.829s] -- Up-to-date: /home/amin/cobot/cobot_ws/install/mypalletizer_interfaces/include/mypalletizer_interfaces/mypalletizer_interfaces/msg/detail/mypal_set_coords__rosidl_typesupport_introspection_cpp.hpp
[0.829s] -- Up-to-date: /home/amin/cobot/cobot_ws/install/mypalletizer_interfaces/include/mypalletizer_interfaces/mypalletizer_interfaces/msg/detail/mypal_gripper_status__type_support.cpp
[0.829s] -- Up-to-date: /home/amin/cobot/cobot_ws/install/mypalletizer_interfaces/include/mypalletizer_interfaces/mypalletizer_interfaces/msg/detail/mypal_pump_status__type_support.cpp
[0.829s] -- Up-to-date: /home/amin/cobot/cobot_ws/install/mypalletizer_interfaces/include/mypalletizer_interfaces/mypalletizer_interfaces/msg/detail/mypal_angles__rosidl_typesupport_introspection_cpp.hpp
[0.829s] -- Up-to-date: /home/amin/cobot/cobot_ws/install/mypalletizer_interfaces/include/mypalletizer_interfaces/mypalletizer_interfaces/msg/detail/mypal_set_angles__type_support.cpp
[0.829s] -- Up-to-date: /home/amin/cobot/cobot_ws/install/mypalletizer_interfaces/include/mypalletizer_interfaces/mypalletizer_interfaces/msg/detail/mypal_coords__rosidl_typesupport_introspection_cpp.hpp
[0.829s] -- Up-to-date: /home/amin/cobot/cobot_ws/install/mypalletizer_interfaces/include/mypalletizer_interfaces/mypalletizer_interfaces/msg/detail/mypal_set_coords__type_support.cpp
[0.829s] -- Up-to-date: /home/amin/cobot/cobot_ws/install/mypalletizer_interfaces/include/mypalletizer_interfaces/mypalletizer_interfaces/msg/detail/mypal_set_angles__rosidl_typesupport_introspection_cpp.hpp
[0.829s] -- Up-to-date: /home/amin/cobot/cobot_ws/install/mypalletizer_interfaces/include/mypalletizer_interfaces/mypalletizer_interfaces/msg/detail/mypal_coords__type_support.cpp
[0.829s] -- Up-to-date: /home/amin/cobot/cobot_ws/install/mypalletizer_interfaces/include/mypalletizer_interfaces/mypalletizer_interfaces/msg/detail/mypal_pump_status__rosidl_typesupport_introspection_cpp.hpp
[0.830s] -- Up-to-date: /home/amin/cobot/cobot_ws/install/mypalletizer_interfaces/lib/libmypalletizer_interfaces__rosidl_typesupport_introspection_cpp.so
[0.830s] -- Up-to-date: /home/amin/cobot/cobot_ws/install/mypalletizer_interfaces/lib/libmypalletizer_interfaces__rosidl_typesupport_cpp.so
[0.832s] -- Up-to-date: /home/amin/cobot/cobot_ws/install/mypalletizer_interfaces/share/mypalletizer_interfaces/environment/pythonpath.sh
[0.832s] -- Up-to-date: /home/amin/cobot/cobot_ws/install/mypalletizer_interfaces/share/mypalletizer_interfaces/environment/pythonpath.dsv
[0.832s] -- Up-to-date: /home/amin/cobot/cobot_ws/install/mypalletizer_interfaces/lib/python3.12/site-packages/mypalletizer_interfaces-0.0.0-py3.12.egg-info
[0.832s] -- Installing: /home/amin/cobot/cobot_ws/install/mypalletizer_interfaces/lib/python3.12/site-packages/mypalletizer_interfaces-0.0.0-py3.12.egg-info/SOURCES.txt
[0.832s] -- Installing: /home/amin/cobot/cobot_ws/install/mypalletizer_interfaces/lib/python3.12/site-packages/mypalletizer_interfaces-0.0.0-py3.12.egg-info/PKG-INFO
[0.833s] -- Installing: /home/amin/cobot/cobot_ws/install/mypalletizer_interfaces/lib/python3.12/site-packages/mypalletizer_interfaces-0.0.0-py3.12.egg-info/top_level.txt
[0.833s] -- Installing: /home/amin/cobot/cobot_ws/install/mypalletizer_interfaces/lib/python3.12/site-packages/mypalletizer_interfaces-0.0.0-py3.12.egg-info/dependency_links.txt
[0.833s] -- Up-to-date: /home/amin/cobot/cobot_ws/install/mypalletizer_interfaces/lib/python3.12/site-packages/mypalletizer_interfaces
[0.833s] -- Up-to-date: /home/amin/cobot/cobot_ws/install/mypalletizer_interfaces/lib/python3.12/site-packages/mypalletizer_interfaces/mypalletizer_interfaces_s__rosidl_typesupport_fastrtps_c.so
[0.833s] -- Up-to-date: /home/amin/cobot/cobot_ws/install/mypalletizer_interfaces/lib/python3.12/site-packages/mypalletizer_interfaces/mypalletizer_interfaces_s__rosidl_typesupport_introspection_c.so
[0.833s] -- Up-to-date: /home/amin/cobot/cobot_ws/install/mypalletizer_interfaces/lib/python3.12/site-packages/mypalletizer_interfaces/_mypalletizer_interfaces_s.ep.rosidl_typesupport_introspection_c.c
[0.833s] -- Up-to-date: /home/amin/cobot/cobot_ws/install/mypalletizer_interfaces/lib/python3.12/site-packages/mypalletizer_interfaces/__init__.py
[0.833s] -- Up-to-date: /home/amin/cobot/cobot_ws/install/mypalletizer_interfaces/lib/python3.12/site-packages/mypalletizer_interfaces/srv
[0.833s] -- Up-to-date: /home/amin/cobot/cobot_ws/install/mypalletizer_interfaces/lib/python3.12/site-packages/mypalletizer_interfaces/srv/_get_coords_s.c
[0.833s] -- Up-to-date: /home/amin/cobot/cobot_ws/install/mypalletizer_interfaces/lib/python3.12/site-packages/mypalletizer_interfaces/srv/_get_angles_s.c
[0.833s] -- Up-to-date: /home/amin/cobot/cobot_ws/install/mypalletizer_interfaces/lib/python3.12/site-packages/mypalletizer_interfaces/srv/_get_angles.py
[0.834s] -- Up-to-date: /home/amin/cobot/cobot_ws/install/mypalletizer_interfaces/lib/python3.12/site-packages/mypalletizer_interfaces/srv/_set_angles.py
[0.834s] -- Up-to-date: /home/amin/cobot/cobot_ws/install/mypalletizer_interfaces/lib/python3.12/site-packages/mypalletizer_interfaces/srv/_pump_status.py
[0.834s] -- Up-to-date: /home/amin/cobot/cobot_ws/install/mypalletizer_interfaces/lib/python3.12/site-packages/mypalletizer_interfaces/srv/_pump_status_s.c
[0.834s] -- Up-to-date: /home/amin/cobot/cobot_ws/install/mypalletizer_interfaces/lib/python3.12/site-packages/mypalletizer_interfaces/srv/_set_coords.py
[0.834s] -- Up-to-date: /home/amin/cobot/cobot_ws/install/mypalletizer_interfaces/lib/python3.12/site-packages/mypalletizer_interfaces/srv/__init__.py
[0.834s] -- Up-to-date: /home/amin/cobot/cobot_ws/install/mypalletizer_interfaces/lib/python3.12/site-packages/mypalletizer_interfaces/srv/_get_coords.py
[0.834s] -- Up-to-date: /home/amin/cobot/cobot_ws/install/mypalletizer_interfaces/lib/python3.12/site-packages/mypalletizer_interfaces/srv/_gripper_status_s.c
[0.834s] -- Up-to-date: /home/amin/cobot/cobot_ws/install/mypalletizer_interfaces/lib/python3.12/site-packages/mypalletizer_interfaces/srv/_gripper_status.py
[0.834s] -- Up-to-date: /home/amin/cobot/cobot_ws/install/mypalletizer_interfaces/lib/python3.12/site-packages/mypalletizer_interfaces/srv/_set_coords_s.c
[0.834s] -- Up-to-date: /home/amin/cobot/cobot_ws/install/mypalletizer_interfaces/lib/python3.12/site-packages/mypalletizer_interfaces/srv/_set_angles_s.c
[0.834s] -- Up-to-date: /home/amin/cobot/cobot_ws/install/mypalletizer_interfaces/lib/python3.12/site-packages/mypalletizer_interfaces/msg
[0.835s] -- Up-to-date: /home/amin/cobot/cobot_ws/install/mypalletizer_interfaces/lib/python3.12/site-packages/mypalletizer_interfaces/msg/_mypal_angles.py
[0.835s] -- Up-to-date: /home/amin/cobot/cobot_ws/install/mypalletizer_interfaces/lib/python3.12/site-packages/mypalletizer_interfaces/msg/_mypal_gripper_status_s.c
[0.835s] -- Up-to-date: /home/amin/cobot/cobot_ws/install/mypalletizer_interfaces/lib/python3.12/site-packages/mypalletizer_interfaces/msg/_mypal_set_coords.py
[0.835s] -- Up-to-date: /home/amin/cobot/cobot_ws/install/mypalletizer_interfaces/lib/python3.12/site-packages/mypalletizer_interfaces/msg/_mypal_set_angles_s.c
[0.835s] -- Up-to-date: /home/amin/cobot/cobot_ws/install/mypalletizer_interfaces/lib/python3.12/site-packages/mypalletizer_interfaces/msg/__init__.py
[0.835s] -- Up-to-date: /home/amin/cobot/cobot_ws/install/mypalletizer_interfaces/lib/python3.12/site-packages/mypalletizer_interfaces/msg/_mypal_gripper_status.py
[0.835s] -- Up-to-date: /home/amin/cobot/cobot_ws/install/mypalletizer_interfaces/lib/python3.12/site-packages/mypalletizer_interfaces/msg/_mypal_coords.py
[0.835s] -- Up-to-date: /home/amin/cobot/cobot_ws/install/mypalletizer_interfaces/lib/python3.12/site-packages/mypalletizer_interfaces/msg/_mypal_pump_status.py
[0.835s] -- Up-to-date: /home/amin/cobot/cobot_ws/install/mypalletizer_interfaces/lib/python3.12/site-packages/mypalletizer_interfaces/msg/_mypal_angles_s.c
[0.835s] -- Up-to-date: /home/amin/cobot/cobot_ws/install/mypalletizer_interfaces/lib/python3.12/site-packages/mypalletizer_interfaces/msg/_mypal_set_coords_s.c
[0.835s] -- Up-to-date: /home/amin/cobot/cobot_ws/install/mypalletizer_interfaces/lib/python3.12/site-packages/mypalletizer_interfaces/msg/_mypal_coords_s.c
[0.835s] -- Up-to-date: /home/amin/cobot/cobot_ws/install/mypalletizer_interfaces/lib/python3.12/site-packages/mypalletizer_interfaces/msg/_mypal_pump_status_s.c
[0.835s] -- Up-to-date: /home/amin/cobot/cobot_ws/install/mypalletizer_interfaces/lib/python3.12/site-packages/mypalletizer_interfaces/msg/_mypal_set_angles.py
[0.836s] -- Up-to-date: /home/amin/cobot/cobot_ws/install/mypalletizer_interfaces/lib/python3.12/site-packages/mypalletizer_interfaces/_mypalletizer_interfaces_s.ep.rosidl_typesupport_c.c
[0.836s] -- Up-to-date: /home/amin/cobot/cobot_ws/install/mypalletizer_interfaces/lib/python3.12/site-packages/mypalletizer_interfaces/mypalletizer_interfaces_s__rosidl_typesupport_c.so
[0.836s] -- Up-to-date: /home/amin/cobot/cobot_ws/install/mypalletizer_interfaces/lib/python3.12/site-packages/mypalletizer_interfaces/_mypalletizer_interfaces_s.ep.rosidl_typesupport_fastrtps_c.c
[0.909s] Listing '/home/amin/cobot/cobot_ws/install/mypalletizer_interfaces/lib/python3.12/site-packages/mypalletizer_interfaces'...
[0.910s] Listing '/home/amin/cobot/cobot_ws/install/mypalletizer_interfaces/lib/python3.12/site-packages/mypalletizer_interfaces/msg'...
[0.910s] Listing '/home/amin/cobot/cobot_ws/install/mypalletizer_interfaces/lib/python3.12/site-packages/mypalletizer_interfaces/srv'...
[0.910s] -- Up-to-date: /home/amin/cobot/cobot_ws/install/mypalletizer_interfaces/lib/python3.12/site-packages/mypalletizer_interfaces/mypalletizer_interfaces_s__rosidl_typesupport_fastrtps_c.so
[0.910s] -- Up-to-date: /home/amin/cobot/cobot_ws/install/mypalletizer_interfaces/lib/python3.12/site-packages/mypalletizer_interfaces/mypalletizer_interfaces_s__rosidl_typesupport_introspection_c.so
[0.910s] -- Up-to-date: /home/amin/cobot/cobot_ws/install/mypalletizer_interfaces/lib/python3.12/site-packages/mypalletizer_interfaces/mypalletizer_interfaces_s__rosidl_typesupport_c.so
[0.910s] -- Up-to-date: /home/amin/cobot/cobot_ws/install/mypalletizer_interfaces/lib/libmypalletizer_interfaces__rosidl_generator_py.so
[0.910s] -- Up-to-date: /home/amin/cobot/cobot_ws/install/mypalletizer_interfaces/share/mypalletizer_interfaces/msg/MypalAngles.idl
[0.910s] -- Up-to-date: /home/amin/cobot/cobot_ws/install/mypalletizer_interfaces/share/mypalletizer_interfaces/msg/MypalCoords.idl
[0.910s] -- Up-to-date: /home/amin/cobot/cobot_ws/install/mypalletizer_interfaces/share/mypalletizer_interfaces/msg/MypalSetAngles.idl
[0.910s] -- Up-to-date: /home/amin/cobot/cobot_ws/install/mypalletizer_interfaces/share/mypalletizer_interfaces/msg/MypalSetCoords.idl
[0.910s] -- Up-to-date: /home/amin/cobot/cobot_ws/install/mypalletizer_interfaces/share/mypalletizer_interfaces/msg/MypalGripperStatus.idl
[0.910s] -- Up-to-date: /home/amin/cobot/cobot_ws/install/mypalletizer_interfaces/share/mypalletizer_interfaces/msg/MypalPumpStatus.idl
[0.911s] -- Up-to-date: /home/amin/cobot/cobot_ws/install/mypalletizer_interfaces/share/mypalletizer_interfaces/srv/GetAngles.idl
[0.912s] -- Up-to-date: /home/amin/cobot/cobot_ws/install/mypalletizer_interfaces/share/mypalletizer_interfaces/srv/SetAngles.idl
[0.912s] -- Up-to-date: /home/amin/cobot/cobot_ws/install/mypalletizer_interfaces/share/mypalletizer_interfaces/srv/GetCoords.idl
[0.912s] -- Up-to-date: /home/amin/cobot/cobot_ws/install/mypalletizer_interfaces/share/mypalletizer_interfaces/srv/SetCoords.idl
[0.912s] -- Up-to-date: /home/amin/cobot/cobot_ws/install/mypalletizer_interfaces/share/mypalletizer_interfaces/srv/GripperStatus.idl
[0.912s] -- Up-to-date: /home/amin/cobot/cobot_ws/install/mypalletizer_interfaces/share/mypalletizer_interfaces/srv/PumpStatus.idl
[0.912s] -- Up-to-date: /home/amin/cobot/cobot_ws/install/mypalletizer_interfaces/share/mypalletizer_interfaces/msg/MypalAngles.msg
[0.913s] -- Up-to-date: /home/amin/cobot/cobot_ws/install/mypalletizer_interfaces/share/mypalletizer_interfaces/msg/MypalCoords.msg
[0.914s] -- Up-to-date: /home/amin/cobot/cobot_ws/install/mypalletizer_interfaces/share/mypalletizer_interfaces/msg/MypalSetAngles.msg
[0.914s] -- Up-to-date: /home/amin/cobot/cobot_ws/install/mypalletizer_interfaces/share/mypalletizer_interfaces/msg/MypalSetCoords.msg
[0.914s] -- Up-to-date: /home/amin/cobot/cobot_ws/install/mypalletizer_interfaces/share/mypalletizer_interfaces/msg/MypalGripperStatus.msg
[0.914s] -- Up-to-date: /home/amin/cobot/cobot_ws/install/mypalletizer_interfaces/share/mypalletizer_interfaces/msg/MypalPumpStatus.msg
[0.914s] -- Up-to-date: /home/amin/cobot/cobot_ws/install/mypalletizer_interfaces/share/mypalletizer_interfaces/srv/GetAngles.srv
[0.914s] -- Up-to-date: /home/amin/cobot/cobot_ws/install/mypalletizer_interfaces/share/mypalletizer_interfaces/srv/SetAngles.srv
[0.915s] -- Up-to-date: /home/amin/cobot/cobot_ws/install/mypalletizer_interfaces/share/mypalletizer_interfaces/srv/GetCoords.srv
[0.915s] -- Up-to-date: /home/amin/cobot/cobot_ws/install/mypalletizer_interfaces/share/mypalletizer_interfaces/srv/SetCoords.srv
[0.915s] -- Up-to-date: /home/amin/cobot/cobot_ws/install/mypalletizer_interfaces/share/mypalletizer_interfaces/srv/GripperStatus.srv
[0.915s] -- Up-to-date: /home/amin/cobot/cobot_ws/install/mypalletizer_interfaces/share/mypalletizer_interfaces/srv/PumpStatus.srv
[0.916s] -- Up-to-date: /home/amin/cobot/cobot_ws/install/mypalletizer_interfaces/share/ament_index/resource_index/package_run_dependencies/mypalletizer_interfaces
[0.916s] -- Up-to-date: /home/amin/cobot/cobot_ws/install/mypalletizer_interfaces/share/ament_index/resource_index/parent_prefix_path/mypalletizer_interfaces
[0.916s] -- Up-to-date: /home/amin/cobot/cobot_ws/install/mypalletizer_interfaces/share/mypalletizer_interfaces/environment/ament_prefix_path.sh
[0.916s] -- Up-to-date: /home/amin/cobot/cobot_ws/install/mypalletizer_interfaces/share/mypalletizer_interfaces/environment/ament_prefix_path.dsv
[0.916s] -- Up-to-date: /home/amin/cobot/cobot_ws/install/mypalletizer_interfaces/share/mypalletizer_interfaces/environment/path.sh
[0.916s] -- Up-to-date: /home/amin/cobot/cobot_ws/install/mypalletizer_interfaces/share/mypalletizer_interfaces/environment/path.dsv
[0.916s] -- Up-to-date: /home/amin/cobot/cobot_ws/install/mypalletizer_interfaces/share/mypalletizer_interfaces/local_setup.bash
[0.916s] -- Up-to-date: /home/amin/cobot/cobot_ws/install/mypalletizer_interfaces/share/mypalletizer_interfaces/local_setup.sh
[0.916s] -- Up-to-date: /home/amin/cobot/cobot_ws/install/mypalletizer_interfaces/share/mypalletizer_interfaces/local_setup.zsh
[0.917s] -- Up-to-date: /home/amin/cobot/cobot_ws/install/mypalletizer_interfaces/share/mypalletizer_interfaces/local_setup.dsv
[0.917s] -- Installing: /home/amin/cobot/cobot_ws/install/mypalletizer_interfaces/share/mypalletizer_interfaces/package.dsv
[0.917s] -- Up-to-date: /home/amin/cobot/cobot_ws/install/mypalletizer_interfaces/share/ament_index/resource_index/packages/mypalletizer_interfaces
[0.917s] -- Up-to-date: /home/amin/cobot/cobot_ws/install/mypalletizer_interfaces/share/mypalletizer_interfaces/cmake/export_mypalletizer_interfaces__rosidl_generator_cExport.cmake
[0.917s] -- Up-to-date: /home/amin/cobot/cobot_ws/install/mypalletizer_interfaces/share/mypalletizer_interfaces/cmake/export_mypalletizer_interfaces__rosidl_generator_cExport-noconfig.cmake
[0.917s] -- Up-to-date: /home/amin/cobot/cobot_ws/install/mypalletizer_interfaces/share/mypalletizer_interfaces/cmake/export_mypalletizer_interfaces__rosidl_typesupport_fastrtps_cExport.cmake
[0.917s] -- Up-to-date: /home/amin/cobot/cobot_ws/install/mypalletizer_interfaces/share/mypalletizer_interfaces/cmake/export_mypalletizer_interfaces__rosidl_typesupport_fastrtps_cExport-noconfig.cmake
[0.917s] -- Up-to-date: /home/amin/cobot/cobot_ws/install/mypalletizer_interfaces/share/mypalletizer_interfaces/cmake/mypalletizer_interfaces__rosidl_typesupport_introspection_cExport.cmake
[0.917s] -- Up-to-date: /home/amin/cobot/cobot_ws/install/mypalletizer_interfaces/share/mypalletizer_interfaces/cmake/mypalletizer_interfaces__rosidl_typesupport_introspection_cExport-noconfig.cmake
[0.918s] -- Up-to-date: /home/amin/cobot/cobot_ws/install/mypalletizer_interfaces/share/mypalletizer_interfaces/cmake/mypalletizer_interfaces__rosidl_typesupport_cExport.cmake
[0.918s] -- Up-to-date: /home/amin/cobot/cobot_ws/install/mypalletizer_interfaces/share/mypalletizer_interfaces/cmake/mypalletizer_interfaces__rosidl_typesupport_cExport-noconfig.cmake
[0.918s] -- Up-to-date: /home/amin/cobot/cobot_ws/install/mypalletizer_interfaces/share/mypalletizer_interfaces/cmake/export_mypalletizer_interfaces__rosidl_generator_cppExport.cmake
[0.918s] -- Up-to-date: /home/amin/cobot/cobot_ws/install/mypalletizer_interfaces/share/mypalletizer_interfaces/cmake/export_mypalletizer_interfaces__rosidl_typesupport_fastrtps_cppExport.cmake
[0.918s] -- Up-to-date: /home/amin/cobot/cobot_ws/install/mypalletizer_interfaces/share/mypalletizer_interfaces/cmake/export_mypalletizer_interfaces__rosidl_typesupport_fastrtps_cppExport-noconfig.cmake
[0.918s] -- Up-to-date: /home/amin/cobot/cobot_ws/install/mypalletizer_interfaces/share/mypalletizer_interfaces/cmake/mypalletizer_interfaces__rosidl_typesupport_introspection_cppExport.cmake
[0.918s] -- Up-to-date: /home/amin/cobot/cobot_ws/install/mypalletizer_interfaces/share/mypalletizer_interfaces/cmake/mypalletizer_interfaces__rosidl_typesupport_introspection_cppExport-noconfig.cmake
[0.918s] -- Up-to-date: /home/amin/cobot/cobot_ws/install/mypalletizer_interfaces/share/mypalletizer_interfaces/cmake/mypalletizer_interfaces__rosidl_typesupport_cppExport.cmake
[0.919s] -- Up-to-date: /home/amin/cobot/cobot_ws/install/mypalletizer_interfaces/share/mypalletizer_interfaces/cmake/mypalletizer_interfaces__rosidl_typesupport_cppExport-noconfig.cmake
[0.919s] -- Up-to-date: /home/amin/cobot/cobot_ws/install/mypalletizer_interfaces/share/mypalletizer_interfaces/cmake/export_mypalletizer_interfaces__rosidl_generator_pyExport.cmake
[0.919s] -- Up-to-date: /home/amin/cobot/cobot_ws/install/mypalletizer_interfaces/share/mypalletizer_interfaces/cmake/export_mypalletizer_interfaces__rosidl_generator_pyExport-noconfig.cmake
[0.919s] -- Up-to-date: /home/amin/cobot/cobot_ws/install/mypalletizer_interfaces/share/mypalletizer_interfaces/cmake/rosidl_cmake-extras.cmake
[0.920s] -- Up-to-date: /home/amin/cobot/cobot_ws/install/mypalletizer_interfaces/share/mypalletizer_interfaces/cmake/ament_cmake_export_dependencies-extras.cmake
[0.920s] -- Up-to-date: /home/amin/cobot/cobot_ws/install/mypalletizer_interfaces/share/mypalletizer_interfaces/cmake/ament_cmake_export_include_directories-extras.cmake
[0.920s] -- Up-to-date: /home/amin/cobot/cobot_ws/install/mypalletizer_interfaces/share/mypalletizer_interfaces/cmake/ament_cmake_export_libraries-extras.cmake
[0.920s] -- Up-to-date: /home/amin/cobot/cobot_ws/install/mypalletizer_interfaces/share/mypalletizer_interfaces/cmake/ament_cmake_export_targets-extras.cmake
[0.920s] -- Up-to-date: /home/amin/cobot/cobot_ws/install/mypalletizer_interfaces/share/mypalletizer_interfaces/cmake/rosidl_cmake_export_typesupport_targets-extras.cmake
[0.920s] -- Up-to-date: /home/amin/cobot/cobot_ws/install/mypalletizer_interfaces/share/mypalletizer_interfaces/cmake/rosidl_cmake_export_typesupport_libraries-extras.cmake
[0.920s] -- Up-to-date: /home/amin/cobot/cobot_ws/install/mypalletizer_interfaces/share/mypalletizer_interfaces/cmake/mypalletizer_interfacesConfig.cmake
[0.920s] -- Up-to-date: /home/amin/cobot/cobot_ws/install/mypalletizer_interfaces/share/mypalletizer_interfaces/cmake/mypalletizer_interfacesConfig-version.cmake
[0.920s] -- Up-to-date: /home/amin/cobot/cobot_ws/install/mypalletizer_interfaces/share/mypalletizer_interfaces/package.xml
[0.921s] Invoked command in '/home/amin/cobot/cobot_ws/build/mypalletizer_interfaces' returned '0': CMAKE_PREFIX_PATH=${CMAKE_PREFIX_PATH}:/home/amin/cobot/cobot_ws/install/ultraarm:/home/amin/cobot/cobot_ws/install/pro450_moveit2_control:/home/amin/cobot/cobot_ws/install/mypalletizer_communication:/home/amin/cobot/cobot_ws/install/mypalletizer_260_pi:/home/amin/cobot/cobot_ws/install/mypalletizer_260:/home/amin/cobot/cobot_ws/install/mycobot_pro_450:/home/amin/cobot/cobot_ws/install/myarm_m750:/home/amin/cobot/cobot_ws/install/myarm_c650:/home/amin/cobot/cobot_ws/install/mycobot_communication:/home/amin/cobot/cobot_ws/install/mecharm_communication:/home/amin/cobot/cobot_ws/install/mycobot_630:/home/amin/cobot/cobot_ws/install/mycobot_600:/home/amin/cobot/cobot_ws/install/mycobot_320pi:/home/amin/cobot/cobot_ws/install/mycobot_320_riscv:/home/amin/cobot/cobot_ws/install/mycobot_320:/home/amin/cobot/cobot_ws/install/mycobot_280pi:/home/amin/cobot/cobot_ws/install/mycobot_280jn:/home/amin/cobot/cobot_ws/install/mycobot_280_x3pi:/home/amin/cobot/cobot_ws/install/mycobot_280_riscv:/home/amin/cobot/cobot_ws/install/mycobot_280_rdkx5:/home/amin/cobot/cobot_ws/install/mycobot_280_moveit2_control:/home/amin/cobot/cobot_ws/install/mycobot_280_arduino:/home/amin/cobot/cobot_ws/install/mycobot_280:/home/amin/cobot/cobot_ws/install/mybuddy:/home/amin/cobot/cobot_ws/install/myarm_300:/home/amin/cobot/cobot_ws/install/mecharm_pi:/home/amin/cobot/cobot_ws/install/mecharm:/home/amin/cobot/cobot_ws/install/mycobot_description:/opt/ros/jazzy DEBUGINFOD_URLS=https://debuginfod.ubuntu.com /usr/bin/cmake --install /home/amin/cobot/cobot_ws/build/mypalletizer_interfaces
