[2.035s] Invoking command in '/home/amin/cobot/cobot_ws/src/mycobot_ros2/mecharm/mecharm': AMENT_PREFIX_PATH=/home/amin/cobot/cobot_ws/install/mycobot_description:${AMENT_PREFIX_PATH} DEBUGINFOD_URLS=https://debuginfod.ubuntu.com PYTHONPATH=/home/amin/cobot/cobot_ws/build/mecharm/prefix_override:/usr/lib/python3/dist-packages/colcon_core/task/python/colcon_distutils_commands:/home/amin/cobot/cobot_ws/install/mecharm/lib/python3.12/site-packages:/home/amin/cobot/cobot_ws/install/mycobot_description/lib/python3.12/site-packages:${PYTHONPATH} /usr/bin/python3 -W ignore:setup.py install is deprecated -W ignore:easy_install command is deprecated setup.py egg_info --egg-base ../../../../build/mecharm build --build-base /home/amin/cobot/cobot_ws/build/mecharm/build install --record /home/amin/cobot/cobot_ws/build/mecharm/install.log --single-version-externally-managed install_data
[2.754s] running egg_info
[2.754s] creating ../../../../build/mecharm/mecharm.egg-info
[2.838s] writing ../../../../build/mecharm/mecharm.egg-info/PKG-INFO
[2.842s] writing dependency_links to ../../../../build/mecharm/mecharm.egg-info/dependency_links.txt
[2.843s] writing entry points to ../../../../build/mecharm/mecharm.egg-info/entry_points.txt
[2.843s] writing requirements to ../../../../build/mecharm/mecharm.egg-info/requires.txt
[2.843s] writing top-level names to ../../../../build/mecharm/mecharm.egg-info/top_level.txt
[2.843s] writing manifest file '../../../../build/mecharm/mecharm.egg-info/SOURCES.txt'
[3.031s] reading manifest file '../../../../build/mecharm/mecharm.egg-info/SOURCES.txt'
[3.031s] adding license file 'LICENSE'
[3.035s] writing manifest file '../../../../build/mecharm/mecharm.egg-info/SOURCES.txt'
[3.035s] running build
[3.035s] running build_py
[3.035s] creating /home/amin/cobot/cobot_ws/build/mecharm/build
[3.035s] creating /home/amin/cobot/cobot_ws/build/mecharm/build/lib
[3.036s] creating /home/amin/cobot/cobot_ws/build/mecharm/build/lib/mecharm
[3.036s] copying mecharm/listen_real.py -> /home/amin/cobot/cobot_ws/build/mecharm/build/lib/mecharm
[3.036s] copying mecharm/listen_real_of_topic.py -> /home/amin/cobot/cobot_ws/build/mecharm/build/lib/mecharm
[3.036s] copying mecharm/listen_real_service.py -> /home/amin/cobot/cobot_ws/build/mecharm/build/lib/mecharm
[3.036s] copying mecharm/slider_control.py -> /home/amin/cobot/cobot_ws/build/mecharm/build/lib/mecharm
[3.036s] copying mecharm/teleop_keyboard.py -> /home/amin/cobot/cobot_ws/build/mecharm/build/lib/mecharm
[3.037s] copying mecharm/__init__.py -> /home/amin/cobot/cobot_ws/build/mecharm/build/lib/mecharm
[3.037s] copying mecharm/slider_control_adaptive_gripper.py -> /home/amin/cobot/cobot_ws/build/mecharm/build/lib/mecharm
[3.037s] copying mecharm/follow_display.py -> /home/amin/cobot/cobot_ws/build/mecharm/build/lib/mecharm
[3.037s] copying mecharm/simple_gui.py -> /home/amin/cobot/cobot_ws/build/mecharm/build/lib/mecharm
[3.037s] running install
[3.071s] running install_lib
[3.164s] creating /home/amin/cobot/cobot_ws/install/mecharm/lib/python3.12/site-packages/mecharm
[3.164s] copying /home/amin/cobot/cobot_ws/build/mecharm/build/lib/mecharm/listen_real.py -> /home/amin/cobot/cobot_ws/install/mecharm/lib/python3.12/site-packages/mecharm
[3.164s] copying /home/amin/cobot/cobot_ws/build/mecharm/build/lib/mecharm/listen_real_of_topic.py -> /home/amin/cobot/cobot_ws/install/mecharm/lib/python3.12/site-packages/mecharm
[3.164s] copying /home/amin/cobot/cobot_ws/build/mecharm/build/lib/mecharm/listen_real_service.py -> /home/amin/cobot/cobot_ws/install/mecharm/lib/python3.12/site-packages/mecharm
[3.165s] copying /home/amin/cobot/cobot_ws/build/mecharm/build/lib/mecharm/slider_control.py -> /home/amin/cobot/cobot_ws/install/mecharm/lib/python3.12/site-packages/mecharm
[3.165s] copying /home/amin/cobot/cobot_ws/build/mecharm/build/lib/mecharm/teleop_keyboard.py -> /home/amin/cobot/cobot_ws/install/mecharm/lib/python3.12/site-packages/mecharm
[3.165s] copying /home/amin/cobot/cobot_ws/build/mecharm/build/lib/mecharm/__init__.py -> /home/amin/cobot/cobot_ws/install/mecharm/lib/python3.12/site-packages/mecharm
[3.165s] copying /home/amin/cobot/cobot_ws/build/mecharm/build/lib/mecharm/slider_control_adaptive_gripper.py -> /home/amin/cobot/cobot_ws/install/mecharm/lib/python3.12/site-packages/mecharm
[3.167s] copying /home/amin/cobot/cobot_ws/build/mecharm/build/lib/mecharm/follow_display.py -> /home/amin/cobot/cobot_ws/install/mecharm/lib/python3.12/site-packages/mecharm
[3.167s] copying /home/amin/cobot/cobot_ws/build/mecharm/build/lib/mecharm/simple_gui.py -> /home/amin/cobot/cobot_ws/install/mecharm/lib/python3.12/site-packages/mecharm
[3.174s] byte-compiling /home/amin/cobot/cobot_ws/install/mecharm/lib/python3.12/site-packages/mecharm/listen_real.py to listen_real.cpython-312.pyc
[3.174s] byte-compiling /home/amin/cobot/cobot_ws/install/mecharm/lib/python3.12/site-packages/mecharm/listen_real_of_topic.py to listen_real_of_topic.cpython-312.pyc
[3.181s] byte-compiling /home/amin/cobot/cobot_ws/install/mecharm/lib/python3.12/site-packages/mecharm/listen_real_service.py to listen_real_service.cpython-312.pyc
[3.192s] byte-compiling /home/amin/cobot/cobot_ws/install/mecharm/lib/python3.12/site-packages/mecharm/slider_control.py to slider_control.cpython-312.pyc
[3.192s] byte-compiling /home/amin/cobot/cobot_ws/install/mecharm/lib/python3.12/site-packages/mecharm/teleop_keyboard.py to teleop_keyboard.cpython-312.pyc
[3.208s] byte-compiling /home/amin/cobot/cobot_ws/install/mecharm/lib/python3.12/site-packages/mecharm/__init__.py to __init__.cpython-312.pyc
[3.208s] byte-compiling /home/amin/cobot/cobot_ws/install/mecharm/lib/python3.12/site-packages/mecharm/slider_control_adaptive_gripper.py to slider_control_adaptive_gripper.cpython-312.pyc
[3.210s] byte-compiling /home/amin/cobot/cobot_ws/install/mecharm/lib/python3.12/site-packages/mecharm/follow_display.py to follow_display.cpython-312.pyc
[3.217s] byte-compiling /home/amin/cobot/cobot_ws/install/mecharm/lib/python3.12/site-packages/mecharm/simple_gui.py to simple_gui.cpython-312.pyc
[3.235s] running install_data
[3.236s] creating /home/amin/cobot/cobot_ws/install/mecharm/share/ament_index
[3.236s] creating /home/amin/cobot/cobot_ws/install/mecharm/share/ament_index/resource_index
[3.238s] creating /home/amin/cobot/cobot_ws/install/mecharm/share/ament_index/resource_index/packages
[3.238s] copying resource/mecharm -> /home/amin/cobot/cobot_ws/install/mecharm/share/ament_index/resource_index/packages
[3.238s] copying package.xml -> /home/amin/cobot/cobot_ws/install/mecharm/share/mecharm
[3.239s] creating /home/amin/cobot/cobot_ws/install/mecharm/share/mecharm/launch
[3.239s] copying launch/teleop_keyboard.launch.py -> /home/amin/cobot/cobot_ws/install/mecharm/share/mecharm/launch
[3.240s] copying launch/simple_gui.launch.py -> /home/amin/cobot/cobot_ws/install/mecharm/share/mecharm/launch
[3.241s] copying launch/slider_control_adaptive_gripper.launch.py -> /home/amin/cobot/cobot_ws/install/mecharm/share/mecharm/launch
[3.241s] copying launch/test.launch.py -> /home/amin/cobot/cobot_ws/install/mecharm/share/mecharm/launch
[3.241s] copying launch/test_adaptive_gripper.launch.py -> /home/amin/cobot/cobot_ws/install/mecharm/share/mecharm/launch
[3.241s] copying launch/slider_control.launch.py -> /home/amin/cobot/cobot_ws/install/mecharm/share/mecharm/launch
[3.241s] copying launch/follow.launch.py -> /home/amin/cobot/cobot_ws/install/mecharm/share/mecharm/launch
[3.241s] creating /home/amin/cobot/cobot_ws/install/mecharm/share/mecharm/config
[3.241s] copying config/mecharm.rviz -> /home/amin/cobot/cobot_ws/install/mecharm/share/mecharm/config
[3.242s] copying config/mycobot_with_marker.rviz -> /home/amin/cobot/cobot_ws/install/mecharm/share/mecharm/config
[3.242s] running install_egg_info
[3.315s] Copying ../../../../build/mecharm/mecharm.egg-info to /home/amin/cobot/cobot_ws/install/mecharm/lib/python3.12/site-packages/mecharm-0.0.0-py3.12.egg-info
[3.316s] running install_scripts
[3.743s] Installing follow_display script to /home/amin/cobot/cobot_ws/install/mecharm/lib/mecharm
[3.744s] Installing listen_real script to /home/amin/cobot/cobot_ws/install/mecharm/lib/mecharm
[3.744s] Installing listen_real_of_topic script to /home/amin/cobot/cobot_ws/install/mecharm/lib/mecharm
[3.744s] Installing listen_real_service script to /home/amin/cobot/cobot_ws/install/mecharm/lib/mecharm
[3.745s] Installing simple_gui script to /home/amin/cobot/cobot_ws/install/mecharm/lib/mecharm
[3.745s] Installing slider_control script to /home/amin/cobot/cobot_ws/install/mecharm/lib/mecharm
[3.745s] Installing slider_control_adaptive_gripper script to /home/amin/cobot/cobot_ws/install/mecharm/lib/mecharm
[3.745s] Installing teleop_keyboard script to /home/amin/cobot/cobot_ws/install/mecharm/lib/mecharm
[3.750s] writing list of installed files to '/home/amin/cobot/cobot_ws/build/mecharm/install.log'
[4.559s] Invoked command in '/home/amin/cobot/cobot_ws/src/mycobot_ros2/mecharm/mecharm' returned '0': AMENT_PREFIX_PATH=/home/amin/cobot/cobot_ws/install/mycobot_description:${AMENT_PREFIX_PATH} DEBUGINFOD_URLS=https://debuginfod.ubuntu.com PYTHONPATH=/home/amin/cobot/cobot_ws/build/mecharm/prefix_override:/usr/lib/python3/dist-packages/colcon_core/task/python/colcon_distutils_commands:/home/amin/cobot/cobot_ws/install/mecharm/lib/python3.12/site-packages:/home/amin/cobot/cobot_ws/install/mycobot_description/lib/python3.12/site-packages:${PYTHONPATH} /usr/bin/python3 -W ignore:setup.py install is deprecated -W ignore:easy_install command is deprecated setup.py egg_info --egg-base ../../../../build/mecharm build --build-base /home/amin/cobot/cobot_ws/build/mecharm/build install --record /home/amin/cobot/cobot_ws/build/mecharm/install.log --single-version-externally-managed install_data
