-- Install configuration: ""
-- Up-to-date: /home/amin/cobot/cobot_ws/install/mycobot_280_gazebo_jazzy/share/mycobot_280_gazebo_jazzy/launch
-- Up-to-date: /home/amin/cobot/cobot_ws/install/mycobot_280_gazebo_jazzy/share/mycobot_280_gazebo_jazzy/launch/mycobot_280_gazebo_jazzy.launch.py
-- Up-to-date: /home/amin/cobot/cobot_ws/install/mycobot_280_gazebo_jazzy/share/mycobot_280_gazebo_jazzy/urdf
-- Up-to-date: /home/amin/cobot/cobot_ws/install/mycobot_280_gazebo_jazzy/share/mycobot_280_gazebo_jazzy/urdf/mycobot_280_gazebo.urdf
-- Up-to-date: /home/amin/cobot/cobot_ws/install/mycobot_280_gazebo_jazzy/share/ament_index/resource_index/package_run_dependencies/mycobot_280_gazebo_jazzy
-- Up-to-date: /home/amin/cobot/cobot_ws/install/mycobot_280_gazebo_jazzy/share/ament_index/resource_index/parent_prefix_path/mycobot_280_gazebo_jazzy
-- Up-to-date: /home/amin/cobot/cobot_ws/install/mycobot_280_gazebo_jazzy/share/mycobot_280_gazebo_jazzy/environment/ament_prefix_path.sh
-- Up-to-date: /home/amin/cobot/cobot_ws/install/mycobot_280_gazebo_jazzy/share/mycobot_280_gazebo_jazzy/environment/ament_prefix_path.dsv
-- Up-to-date: /home/amin/cobot/cobot_ws/install/mycobot_280_gazebo_jazzy/share/mycobot_280_gazebo_jazzy/environment/path.sh
-- Up-to-date: /home/amin/cobot/cobot_ws/install/mycobot_280_gazebo_jazzy/share/mycobot_280_gazebo_jazzy/environment/path.dsv
-- Up-to-date: /home/amin/cobot/cobot_ws/install/mycobot_280_gazebo_jazzy/share/mycobot_280_gazebo_jazzy/local_setup.bash
-- Up-to-date: /home/amin/cobot/cobot_ws/install/mycobot_280_gazebo_jazzy/share/mycobot_280_gazebo_jazzy/local_setup.sh
-- Up-to-date: /home/amin/cobot/cobot_ws/install/mycobot_280_gazebo_jazzy/share/mycobot_280_gazebo_jazzy/local_setup.zsh
-- Up-to-date: /home/amin/cobot/cobot_ws/install/mycobot_280_gazebo_jazzy/share/mycobot_280_gazebo_jazzy/local_setup.dsv
-- Up-to-date: /home/amin/cobot/cobot_ws/install/mycobot_280_gazebo_jazzy/share/mycobot_280_gazebo_jazzy/package.dsv
-- Up-to-date: /home/amin/cobot/cobot_ws/install/mycobot_280_gazebo_jazzy/share/ament_index/resource_index/packages/mycobot_280_gazebo_jazzy
-- Up-to-date: /home/amin/cobot/cobot_ws/install/mycobot_280_gazebo_jazzy/share/mycobot_280_gazebo_jazzy/cmake/mycobot_280_gazebo_jazzyConfig.cmake
-- Up-to-date: /home/amin/cobot/cobot_ws/install/mycobot_280_gazebo_jazzy/share/mycobot_280_gazebo_jazzy/cmake/mycobot_280_gazebo_jazzyConfig-version.cmake
-- Up-to-date: /home/amin/cobot/cobot_ws/install/mycobot_280_gazebo_jazzy/share/mycobot_280_gazebo_jazzy/package.xml
