[1.307s] Invoking command in '/home/amin/cobot/cobot_ws/src/mycobot_ros2/mecharm/mecharm_communication': AMENT_PREFIX_PATH=/home/amin/cobot/cobot_ws/install/mycobot_interfaces:${AMENT_PREFIX_PATH} CMAKE_PREFIX_PATH=/home/amin/cobot/cobot_ws/install/mycobot_interfaces:${CMAKE_PREFIX_PATH} DEBUGINFOD_URLS=https://debuginfod.ubuntu.com LD_LIBRARY_PATH=/home/amin/cobot/cobot_ws/install/mycobot_interfaces/lib:${LD_LIBRARY_PATH} PYTHONPATH=/home/amin/cobot/cobot_ws/build/mecharm_communication/prefix_override:/usr/lib/python3/dist-packages/colcon_core/task/python/colcon_distutils_commands:/home/amin/cobot/cobot_ws/install/mecharm_communication/lib/python3.12/site-packages:/home/amin/cobot/cobot_ws/install/mycobot_interfaces/lib/python3.12/site-packages:${PYTHONPATH} /usr/bin/python3 -W ignore:setup.py install is deprecated -W ignore:easy_install command is deprecated setup.py egg_info --egg-base ../../../../build/mecharm_communication build --build-base /home/amin/cobot/cobot_ws/build/mecharm_communication/build install --record /home/amin/cobot/cobot_ws/build/mecharm_communication/install.log --single-version-externally-managed install_data
[1.643s] running egg_info
[1.668s] writing ../../../../build/mecharm_communication/mecharm_communication.egg-info/PKG-INFO
[1.668s] writing dependency_links to ../../../../build/mecharm_communication/mecharm_communication.egg-info/dependency_links.txt
[1.668s] writing entry points to ../../../../build/mecharm_communication/mecharm_communication.egg-info/entry_points.txt
[1.668s] writing requirements to ../../../../build/mecharm_communication/mecharm_communication.egg-info/requires.txt
[1.669s] writing top-level names to ../../../../build/mecharm_communication/mecharm_communication.egg-info/top_level.txt
[1.722s] reading manifest file '../../../../build/mecharm_communication/mecharm_communication.egg-info/SOURCES.txt'
[1.722s] writing manifest file '../../../../build/mecharm_communication/mecharm_communication.egg-info/SOURCES.txt'
[1.722s] running build
[1.722s] running build_py
[1.722s] running install
[1.731s] running install_lib
[1.758s] running install_data
[1.758s] running install_egg_info
[1.786s] removing '/home/amin/cobot/cobot_ws/install/mecharm_communication/lib/python3.12/site-packages/mecharm_communication-0.0.0-py3.12.egg-info' (and everything under it)
[1.786s] Copying ../../../../build/mecharm_communication/mecharm_communication.egg-info to /home/amin/cobot/cobot_ws/install/mecharm_communication/lib/python3.12/site-packages/mecharm_communication-0.0.0-py3.12.egg-info
[1.787s] running install_scripts
[1.950s] Installing mecharm_services script to /home/amin/cobot/cobot_ws/install/mecharm_communication/lib/mecharm_communication
[1.953s] Installing mycobot_topics script to /home/amin/cobot/cobot_ws/install/mecharm_communication/lib/mecharm_communication
[1.953s] Installing mycobot_topics_jsnn script to /home/amin/cobot/cobot_ws/install/mecharm_communication/lib/mecharm_communication
[1.953s] Installing mycobot_topics_pi script to /home/amin/cobot/cobot_ws/install/mecharm_communication/lib/mecharm_communication
[1.953s] Installing mycobot_topics_seeed script to /home/amin/cobot/cobot_ws/install/mecharm_communication/lib/mecharm_communication
[1.954s] writing list of installed files to '/home/amin/cobot/cobot_ws/build/mecharm_communication/install.log'
[2.085s] Invoked command in '/home/amin/cobot/cobot_ws/src/mycobot_ros2/mecharm/mecharm_communication' returned '0': AMENT_PREFIX_PATH=/home/amin/cobot/cobot_ws/install/mycobot_interfaces:${AMENT_PREFIX_PATH} CMAKE_PREFIX_PATH=/home/amin/cobot/cobot_ws/install/mycobot_interfaces:${CMAKE_PREFIX_PATH} DEBUGINFOD_URLS=https://debuginfod.ubuntu.com LD_LIBRARY_PATH=/home/amin/cobot/cobot_ws/install/mycobot_interfaces/lib:${LD_LIBRARY_PATH} PYTHONPATH=/home/amin/cobot/cobot_ws/build/mecharm_communication/prefix_override:/usr/lib/python3/dist-packages/colcon_core/task/python/colcon_distutils_commands:/home/amin/cobot/cobot_ws/install/mecharm_communication/lib/python3.12/site-packages:/home/amin/cobot/cobot_ws/install/mycobot_interfaces/lib/python3.12/site-packages:${PYTHONPATH} /usr/bin/python3 -W ignore:setup.py install is deprecated -W ignore:easy_install command is deprecated setup.py egg_info --egg-base ../../../../build/mecharm_communication build --build-base /home/amin/cobot/cobot_ws/build/mecharm_communication/build install --record /home/amin/cobot/cobot_ws/build/mecharm_communication/install.log --single-version-externally-managed install_data
