[3.779s] Invoking command in '/home/amin/cobot/cobot_ws/src/mycobot_ros2/mycobot_280/mycobot_280pi': AMENT_PREFIX_PATH=/home/amin/cobot/cobot_ws/install/mycobot_description:${AMENT_PREFIX_PATH} DEBUGINFOD_URLS=https://debuginfod.ubuntu.com PYTHONPATH=/home/amin/cobot/cobot_ws/build/mycobot_280pi/prefix_override:/usr/lib/python3/dist-packages/colcon_core/task/python/colcon_distutils_commands:/home/amin/cobot/cobot_ws/install/mycobot_280pi/lib/python3.12/site-packages:/home/amin/cobot/cobot_ws/install/mycobot_description/lib/python3.12/site-packages:${PYTHONPATH} /usr/bin/python3 -W ignore:setup.py install is deprecated -W ignore:easy_install command is deprecated setup.py egg_info --egg-base ../../../../build/mycobot_280pi build --build-base /home/amin/cobot/cobot_ws/build/mycobot_280pi/build install --record /home/amin/cobot/cobot_ws/build/mycobot_280pi/install.log --single-version-externally-managed install_data
[4.473s] running egg_info
[4.473s] creating ../../../../build/mycobot_280pi/mycobot_280pi.egg-info
[4.514s] writing ../../../../build/mycobot_280pi/mycobot_280pi.egg-info/PKG-INFO
[4.515s] writing dependency_links to ../../../../build/mycobot_280pi/mycobot_280pi.egg-info/dependency_links.txt
[4.515s] writing entry points to ../../../../build/mycobot_280pi/mycobot_280pi.egg-info/entry_points.txt
[4.515s] writing requirements to ../../../../build/mycobot_280pi/mycobot_280pi.egg-info/requires.txt
[4.516s] writing top-level names to ../../../../build/mycobot_280pi/mycobot_280pi.egg-info/top_level.txt
[4.516s] writing manifest file '../../../../build/mycobot_280pi/mycobot_280pi.egg-info/SOURCES.txt'
[4.614s] reading manifest file '../../../../build/mycobot_280pi/mycobot_280pi.egg-info/SOURCES.txt'
[4.616s] adding license file 'LICENSE'
[4.617s] writing manifest file '../../../../build/mycobot_280pi/mycobot_280pi.egg-info/SOURCES.txt'
[4.618s] running build
[4.619s] running build_py
[4.620s] creating /home/amin/cobot/cobot_ws/build/mycobot_280pi/build
[4.620s] creating /home/amin/cobot/cobot_ws/build/mycobot_280pi/build/lib
[4.620s] creating /home/amin/cobot/cobot_ws/build/mycobot_280pi/build/lib/mycobot_280pi
[4.621s] copying mycobot_280pi/opencv_camera.py -> /home/amin/cobot/cobot_ws/build/mycobot_280pi/build/lib/mycobot_280pi
[4.621s] copying mycobot_280pi/camera_display.py -> /home/amin/cobot/cobot_ws/build/mycobot_280pi/build/lib/mycobot_280pi
[4.622s] copying mycobot_280pi/listen_real.py -> /home/amin/cobot/cobot_ws/build/mycobot_280pi/build/lib/mycobot_280pi
[4.622s] copying mycobot_280pi/listen_real_of_topic.py -> /home/amin/cobot/cobot_ws/build/mycobot_280pi/build/lib/mycobot_280pi
[4.623s] copying mycobot_280pi/listen_real_service.py -> /home/amin/cobot/cobot_ws/build/mycobot_280pi/build/lib/mycobot_280pi
[4.623s] copying mycobot_280pi/slider_control.py -> /home/amin/cobot/cobot_ws/build/mycobot_280pi/build/lib/mycobot_280pi
[4.624s] copying mycobot_280pi/teleop_keyboard.py -> /home/amin/cobot/cobot_ws/build/mycobot_280pi/build/lib/mycobot_280pi
[4.624s] copying mycobot_280pi/__init__.py -> /home/amin/cobot/cobot_ws/build/mycobot_280pi/build/lib/mycobot_280pi
[4.624s] copying mycobot_280pi/slider_control_adaptive_gripper.py -> /home/amin/cobot/cobot_ws/build/mycobot_280pi/build/lib/mycobot_280pi
[4.625s] copying mycobot_280pi/follow_display.py -> /home/amin/cobot/cobot_ws/build/mycobot_280pi/build/lib/mycobot_280pi
[4.626s] copying mycobot_280pi/simple_gui.py -> /home/amin/cobot/cobot_ws/build/mycobot_280pi/build/lib/mycobot_280pi
[4.627s] running install
[4.645s] running install_lib
[4.692s] creating /home/amin/cobot/cobot_ws/install/mycobot_280pi/lib/python3.12/site-packages/mycobot_280pi
[4.693s] copying /home/amin/cobot/cobot_ws/build/mycobot_280pi/build/lib/mycobot_280pi/opencv_camera.py -> /home/amin/cobot/cobot_ws/install/mycobot_280pi/lib/python3.12/site-packages/mycobot_280pi
[4.693s] copying /home/amin/cobot/cobot_ws/build/mycobot_280pi/build/lib/mycobot_280pi/camera_display.py -> /home/amin/cobot/cobot_ws/install/mycobot_280pi/lib/python3.12/site-packages/mycobot_280pi
[4.693s] copying /home/amin/cobot/cobot_ws/build/mycobot_280pi/build/lib/mycobot_280pi/listen_real.py -> /home/amin/cobot/cobot_ws/install/mycobot_280pi/lib/python3.12/site-packages/mycobot_280pi
[4.693s] copying /home/amin/cobot/cobot_ws/build/mycobot_280pi/build/lib/mycobot_280pi/listen_real_of_topic.py -> /home/amin/cobot/cobot_ws/install/mycobot_280pi/lib/python3.12/site-packages/mycobot_280pi
[4.693s] copying /home/amin/cobot/cobot_ws/build/mycobot_280pi/build/lib/mycobot_280pi/listen_real_service.py -> /home/amin/cobot/cobot_ws/install/mycobot_280pi/lib/python3.12/site-packages/mycobot_280pi
[4.693s] copying /home/amin/cobot/cobot_ws/build/mycobot_280pi/build/lib/mycobot_280pi/slider_control.py -> /home/amin/cobot/cobot_ws/install/mycobot_280pi/lib/python3.12/site-packages/mycobot_280pi
[4.694s] copying /home/amin/cobot/cobot_ws/build/mycobot_280pi/build/lib/mycobot_280pi/teleop_keyboard.py -> /home/amin/cobot/cobot_ws/install/mycobot_280pi/lib/python3.12/site-packages/mycobot_280pi
[4.694s] copying /home/amin/cobot/cobot_ws/build/mycobot_280pi/build/lib/mycobot_280pi/__init__.py -> /home/amin/cobot/cobot_ws/install/mycobot_280pi/lib/python3.12/site-packages/mycobot_280pi
[4.694s] copying /home/amin/cobot/cobot_ws/build/mycobot_280pi/build/lib/mycobot_280pi/slider_control_adaptive_gripper.py -> /home/amin/cobot/cobot_ws/install/mycobot_280pi/lib/python3.12/site-packages/mycobot_280pi
[4.694s] copying /home/amin/cobot/cobot_ws/build/mycobot_280pi/build/lib/mycobot_280pi/follow_display.py -> /home/amin/cobot/cobot_ws/install/mycobot_280pi/lib/python3.12/site-packages/mycobot_280pi
[4.695s] copying /home/amin/cobot/cobot_ws/build/mycobot_280pi/build/lib/mycobot_280pi/simple_gui.py -> /home/amin/cobot/cobot_ws/install/mycobot_280pi/lib/python3.12/site-packages/mycobot_280pi
[4.695s] byte-compiling /home/amin/cobot/cobot_ws/install/mycobot_280pi/lib/python3.12/site-packages/mycobot_280pi/opencv_camera.py to opencv_camera.cpython-312.pyc
[4.696s] byte-compiling /home/amin/cobot/cobot_ws/install/mycobot_280pi/lib/python3.12/site-packages/mycobot_280pi/camera_display.py to camera_display.cpython-312.pyc
[4.698s] byte-compiling /home/amin/cobot/cobot_ws/install/mycobot_280pi/lib/python3.12/site-packages/mycobot_280pi/listen_real.py to listen_real.cpython-312.pyc
[4.700s] byte-compiling /home/amin/cobot/cobot_ws/install/mycobot_280pi/lib/python3.12/site-packages/mycobot_280pi/listen_real_of_topic.py to listen_real_of_topic.cpython-312.pyc
[4.700s] byte-compiling /home/amin/cobot/cobot_ws/install/mycobot_280pi/lib/python3.12/site-packages/mycobot_280pi/listen_real_service.py to listen_real_service.cpython-312.pyc
[4.704s] byte-compiling /home/amin/cobot/cobot_ws/install/mycobot_280pi/lib/python3.12/site-packages/mycobot_280pi/slider_control.py to slider_control.cpython-312.pyc
[4.708s] byte-compiling /home/amin/cobot/cobot_ws/install/mycobot_280pi/lib/python3.12/site-packages/mycobot_280pi/teleop_keyboard.py to teleop_keyboard.cpython-312.pyc
[4.709s] byte-compiling /home/amin/cobot/cobot_ws/install/mycobot_280pi/lib/python3.12/site-packages/mycobot_280pi/__init__.py to __init__.cpython-312.pyc
[4.711s] byte-compiling /home/amin/cobot/cobot_ws/install/mycobot_280pi/lib/python3.12/site-packages/mycobot_280pi/slider_control_adaptive_gripper.py to slider_control_adaptive_gripper.cpython-312.pyc
[4.711s] byte-compiling /home/amin/cobot/cobot_ws/install/mycobot_280pi/lib/python3.12/site-packages/mycobot_280pi/follow_display.py to follow_display.cpython-312.pyc
[4.712s] byte-compiling /home/amin/cobot/cobot_ws/install/mycobot_280pi/lib/python3.12/site-packages/mycobot_280pi/simple_gui.py to simple_gui.cpython-312.pyc
[4.726s] running install_data
[4.727s] creating /home/amin/cobot/cobot_ws/install/mycobot_280pi/share/ament_index
[4.727s] creating /home/amin/cobot/cobot_ws/install/mycobot_280pi/share/ament_index/resource_index
[4.727s] creating /home/amin/cobot/cobot_ws/install/mycobot_280pi/share/ament_index/resource_index/packages
[4.727s] copying resource/mycobot_280pi -> /home/amin/cobot/cobot_ws/install/mycobot_280pi/share/ament_index/resource_index/packages
[4.727s] copying package.xml -> /home/amin/cobot/cobot_ws/install/mycobot_280pi/share/mycobot_280pi
[4.727s] creating /home/amin/cobot/cobot_ws/install/mycobot_280pi/share/mycobot_280pi/launch
[4.727s] copying launch/mycobot_follow.launch.py -> /home/amin/cobot/cobot_ws/install/mycobot_280pi/share/mycobot_280pi/launch
[4.727s] copying launch/slider_control_camera_flange.launch.py -> /home/amin/cobot/cobot_ws/install/mycobot_280pi/share/mycobot_280pi/launch
[4.727s] copying launch/test_camera_flange.launch.py -> /home/amin/cobot/cobot_ws/install/mycobot_280pi/share/mycobot_280pi/launch
[4.728s] copying launch/teleop_keyboard.launch.py -> /home/amin/cobot/cobot_ws/install/mycobot_280pi/share/mycobot_280pi/launch
[4.728s] copying launch/simple_gui.launch.py -> /home/amin/cobot/cobot_ws/install/mycobot_280pi/share/mycobot_280pi/launch
[4.728s] copying launch/test_pump.launch.py -> /home/amin/cobot/cobot_ws/install/mycobot_280pi/share/mycobot_280pi/launch
[4.728s] copying launch/slider_control_adaptive_gripper.launch.py -> /home/amin/cobot/cobot_ws/install/mycobot_280pi/share/mycobot_280pi/launch
[4.728s] copying launch/test.launch.py -> /home/amin/cobot/cobot_ws/install/mycobot_280pi/share/mycobot_280pi/launch
[4.728s] copying launch/test_camera_flange_pump.launch.py -> /home/amin/cobot/cobot_ws/install/mycobot_280pi/share/mycobot_280pi/launch
[4.728s] copying launch/test_gripper.launch.py -> /home/amin/cobot/cobot_ws/install/mycobot_280pi/share/mycobot_280pi/launch
[4.728s] copying launch/slider_control_pump.launch.py -> /home/amin/cobot/cobot_ws/install/mycobot_280pi/share/mycobot_280pi/launch
[4.729s] copying launch/slider_control.launch.py -> /home/amin/cobot/cobot_ws/install/mycobot_280pi/share/mycobot_280pi/launch
[4.729s] creating /home/amin/cobot/cobot_ws/install/mycobot_280pi/share/mycobot_280pi/config
[4.729s] copying config/mycobot_with_marker.rviz -> /home/amin/cobot/cobot_ws/install/mycobot_280pi/share/mycobot_280pi/config
[4.729s] copying config/mycobot_pi.rviz -> /home/amin/cobot/cobot_ws/install/mycobot_280pi/share/mycobot_280pi/config
[4.729s] running install_egg_info
[4.765s] Copying ../../../../build/mycobot_280pi/mycobot_280pi.egg-info to /home/amin/cobot/cobot_ws/install/mycobot_280pi/lib/python3.12/site-packages/mycobot_280pi-0.0.0-py3.12.egg-info
[4.767s] running install_scripts
[5.330s] Installing camera_display script to /home/amin/cobot/cobot_ws/install/mycobot_280pi/lib/mycobot_280pi
[5.330s] Installing follow_display script to /home/amin/cobot/cobot_ws/install/mycobot_280pi/lib/mycobot_280pi
[5.330s] Installing listen_real script to /home/amin/cobot/cobot_ws/install/mycobot_280pi/lib/mycobot_280pi
[5.331s] Installing listen_real_of_topic script to /home/amin/cobot/cobot_ws/install/mycobot_280pi/lib/mycobot_280pi
[5.331s] Installing listen_real_service script to /home/amin/cobot/cobot_ws/install/mycobot_280pi/lib/mycobot_280pi
[5.331s] Installing opencv_camera script to /home/amin/cobot/cobot_ws/install/mycobot_280pi/lib/mycobot_280pi
[5.331s] Installing simple_gui script to /home/amin/cobot/cobot_ws/install/mycobot_280pi/lib/mycobot_280pi
[5.331s] Installing slider_control script to /home/amin/cobot/cobot_ws/install/mycobot_280pi/lib/mycobot_280pi
[5.332s] Installing slider_control_adaptive_gripper script to /home/amin/cobot/cobot_ws/install/mycobot_280pi/lib/mycobot_280pi
[5.332s] Installing teleop_keyboard script to /home/amin/cobot/cobot_ws/install/mycobot_280pi/lib/mycobot_280pi
[5.333s] writing list of installed files to '/home/amin/cobot/cobot_ws/build/mycobot_280pi/install.log'
[5.635s] Invoked command in '/home/amin/cobot/cobot_ws/src/mycobot_ros2/mycobot_280/mycobot_280pi' returned '0': AMENT_PREFIX_PATH=/home/amin/cobot/cobot_ws/install/mycobot_description:${AMENT_PREFIX_PATH} DEBUGINFOD_URLS=https://debuginfod.ubuntu.com PYTHONPATH=/home/amin/cobot/cobot_ws/build/mycobot_280pi/prefix_override:/usr/lib/python3/dist-packages/colcon_core/task/python/colcon_distutils_commands:/home/amin/cobot/cobot_ws/install/mycobot_280pi/lib/python3.12/site-packages:/home/amin/cobot/cobot_ws/install/mycobot_description/lib/python3.12/site-packages:${PYTHONPATH} /usr/bin/python3 -W ignore:setup.py install is deprecated -W ignore:easy_install command is deprecated setup.py egg_info --egg-base ../../../../build/mycobot_280pi build --build-base /home/amin/cobot/cobot_ws/build/mycobot_280pi/build install --record /home/amin/cobot/cobot_ws/build/mycobot_280pi/install.log --single-version-externally-managed install_data
