[2.557s] Invoking command in '/home/amin/cobot/cobot_ws/src/mycobot_ros2/mypalletizer_260/mypalletizer_260': AMENT_PREFIX_PATH=/home/amin/cobot/cobot_ws/install/mycobot_description:${AMENT_PREFIX_PATH} DEBUGINFOD_URLS=https://debuginfod.ubuntu.com PYTHONPATH=/home/amin/cobot/cobot_ws/build/mypalletizer_260/prefix_override:/usr/lib/python3/dist-packages/colcon_core/task/python/colcon_distutils_commands:/home/amin/cobot/cobot_ws/install/mypalletizer_260/lib/python3.12/site-packages:/home/amin/cobot/cobot_ws/install/mycobot_description/lib/python3.12/site-packages:${PYTHONPATH} /usr/bin/python3 -W ignore:setup.py install is deprecated -W ignore:easy_install command is deprecated setup.py egg_info --egg-base ../../../../build/mypalletizer_260 build --build-base /home/amin/cobot/cobot_ws/build/mypalletizer_260/build install --record /home/amin/cobot/cobot_ws/build/mypalletizer_260/install.log --single-version-externally-managed install_data
[3.200s] running egg_info
[3.200s] creating ../../../../build/mypalletizer_260/mypalletizer_260.egg-info
[3.236s] writing ../../../../build/mypalletizer_260/mypalletizer_260.egg-info/PKG-INFO
[3.237s] writing dependency_links to ../../../../build/mypalletizer_260/mypalletizer_260.egg-info/dependency_links.txt
[3.238s] writing entry points to ../../../../build/mypalletizer_260/mypalletizer_260.egg-info/entry_points.txt
[3.238s] writing requirements to ../../../../build/mypalletizer_260/mypalletizer_260.egg-info/requires.txt
[3.238s] writing top-level names to ../../../../build/mypalletizer_260/mypalletizer_260.egg-info/top_level.txt
[3.238s] writing manifest file '../../../../build/mypalletizer_260/mypalletizer_260.egg-info/SOURCES.txt'
[3.310s] reading manifest file '../../../../build/mypalletizer_260/mypalletizer_260.egg-info/SOURCES.txt'
[3.311s] adding license file 'LICENSE'
[3.312s] writing manifest file '../../../../build/mypalletizer_260/mypalletizer_260.egg-info/SOURCES.txt'
[3.312s] running build
[3.312s] running build_py
[3.312s] creating /home/amin/cobot/cobot_ws/build/mypalletizer_260/build
[3.312s] creating /home/amin/cobot/cobot_ws/build/mypalletizer_260/build/lib
[3.312s] creating /home/amin/cobot/cobot_ws/build/mypalletizer_260/build/lib/mypalletizer_260
[3.316s] copying mypalletizer_260/listen_real.py -> /home/amin/cobot/cobot_ws/build/mypalletizer_260/build/lib/mypalletizer_260
[3.316s] copying mypalletizer_260/listen_real_of_topic.py -> /home/amin/cobot/cobot_ws/build/mypalletizer_260/build/lib/mypalletizer_260
[3.316s] copying mypalletizer_260/listen_real_service.py -> /home/amin/cobot/cobot_ws/build/mypalletizer_260/build/lib/mypalletizer_260
[3.316s] copying mypalletizer_260/slider_control.py -> /home/amin/cobot/cobot_ws/build/mypalletizer_260/build/lib/mypalletizer_260
[3.316s] copying mypalletizer_260/teleop_keyboard.py -> /home/amin/cobot/cobot_ws/build/mypalletizer_260/build/lib/mypalletizer_260
[3.316s] copying mypalletizer_260/__init__.py -> /home/amin/cobot/cobot_ws/build/mypalletizer_260/build/lib/mypalletizer_260
[3.317s] copying mypalletizer_260/slider_control_adaptive_gripper.py -> /home/amin/cobot/cobot_ws/build/mypalletizer_260/build/lib/mypalletizer_260
[3.317s] copying mypalletizer_260/follow_display.py -> /home/amin/cobot/cobot_ws/build/mypalletizer_260/build/lib/mypalletizer_260
[3.317s] copying mypalletizer_260/simple_gui.py -> /home/amin/cobot/cobot_ws/build/mypalletizer_260/build/lib/mypalletizer_260
[3.317s] running install
[3.327s] running install_lib
[3.362s] creating /home/amin/cobot/cobot_ws/install/mypalletizer_260/lib/python3.12/site-packages/mypalletizer_260
[3.362s] copying /home/amin/cobot/cobot_ws/build/mypalletizer_260/build/lib/mypalletizer_260/listen_real.py -> /home/amin/cobot/cobot_ws/install/mypalletizer_260/lib/python3.12/site-packages/mypalletizer_260
[3.363s] copying /home/amin/cobot/cobot_ws/build/mypalletizer_260/build/lib/mypalletizer_260/listen_real_of_topic.py -> /home/amin/cobot/cobot_ws/install/mypalletizer_260/lib/python3.12/site-packages/mypalletizer_260
[3.363s] copying /home/amin/cobot/cobot_ws/build/mypalletizer_260/build/lib/mypalletizer_260/listen_real_service.py -> /home/amin/cobot/cobot_ws/install/mypalletizer_260/lib/python3.12/site-packages/mypalletizer_260
[3.366s] copying /home/amin/cobot/cobot_ws/build/mypalletizer_260/build/lib/mypalletizer_260/slider_control.py -> /home/amin/cobot/cobot_ws/install/mypalletizer_260/lib/python3.12/site-packages/mypalletizer_260
[3.366s] copying /home/amin/cobot/cobot_ws/build/mypalletizer_260/build/lib/mypalletizer_260/teleop_keyboard.py -> /home/amin/cobot/cobot_ws/install/mypalletizer_260/lib/python3.12/site-packages/mypalletizer_260
[3.366s] copying /home/amin/cobot/cobot_ws/build/mypalletizer_260/build/lib/mypalletizer_260/__init__.py -> /home/amin/cobot/cobot_ws/install/mypalletizer_260/lib/python3.12/site-packages/mypalletizer_260
[3.366s] copying /home/amin/cobot/cobot_ws/build/mypalletizer_260/build/lib/mypalletizer_260/slider_control_adaptive_gripper.py -> /home/amin/cobot/cobot_ws/install/mypalletizer_260/lib/python3.12/site-packages/mypalletizer_260
[3.366s] copying /home/amin/cobot/cobot_ws/build/mypalletizer_260/build/lib/mypalletizer_260/follow_display.py -> /home/amin/cobot/cobot_ws/install/mypalletizer_260/lib/python3.12/site-packages/mypalletizer_260
[3.366s] copying /home/amin/cobot/cobot_ws/build/mypalletizer_260/build/lib/mypalletizer_260/simple_gui.py -> /home/amin/cobot/cobot_ws/install/mypalletizer_260/lib/python3.12/site-packages/mypalletizer_260
[3.367s] byte-compiling /home/amin/cobot/cobot_ws/install/mypalletizer_260/lib/python3.12/site-packages/mypalletizer_260/listen_real.py to listen_real.cpython-312.pyc
[3.367s] byte-compiling /home/amin/cobot/cobot_ws/install/mypalletizer_260/lib/python3.12/site-packages/mypalletizer_260/listen_real_of_topic.py to listen_real_of_topic.cpython-312.pyc
[3.367s] byte-compiling /home/amin/cobot/cobot_ws/install/mypalletizer_260/lib/python3.12/site-packages/mypalletizer_260/listen_real_service.py to listen_real_service.cpython-312.pyc
[3.372s] byte-compiling /home/amin/cobot/cobot_ws/install/mypalletizer_260/lib/python3.12/site-packages/mypalletizer_260/slider_control.py to slider_control.cpython-312.pyc
[3.373s] byte-compiling /home/amin/cobot/cobot_ws/install/mypalletizer_260/lib/python3.12/site-packages/mypalletizer_260/teleop_keyboard.py to teleop_keyboard.cpython-312.pyc
[3.377s] byte-compiling /home/amin/cobot/cobot_ws/install/mypalletizer_260/lib/python3.12/site-packages/mypalletizer_260/__init__.py to __init__.cpython-312.pyc
[3.377s] byte-compiling /home/amin/cobot/cobot_ws/install/mypalletizer_260/lib/python3.12/site-packages/mypalletizer_260/slider_control_adaptive_gripper.py to slider_control_adaptive_gripper.cpython-312.pyc
[3.382s] byte-compiling /home/amin/cobot/cobot_ws/install/mypalletizer_260/lib/python3.12/site-packages/mypalletizer_260/follow_display.py to follow_display.cpython-312.pyc
[3.382s] byte-compiling /home/amin/cobot/cobot_ws/install/mypalletizer_260/lib/python3.12/site-packages/mypalletizer_260/simple_gui.py to simple_gui.cpython-312.pyc
[3.387s] running install_data
[3.388s] creating /home/amin/cobot/cobot_ws/install/mypalletizer_260/share/ament_index
[3.388s] creating /home/amin/cobot/cobot_ws/install/mypalletizer_260/share/ament_index/resource_index
[3.388s] creating /home/amin/cobot/cobot_ws/install/mypalletizer_260/share/ament_index/resource_index/packages
[3.388s] copying resource/mypalletizer_260 -> /home/amin/cobot/cobot_ws/install/mypalletizer_260/share/ament_index/resource_index/packages
[3.388s] copying package.xml -> /home/amin/cobot/cobot_ws/install/mypalletizer_260/share/mypalletizer_260
[3.388s] creating /home/amin/cobot/cobot_ws/install/mypalletizer_260/share/mypalletizer_260/launch
[3.389s] copying launch/mycobot_follow.launch.py -> /home/amin/cobot/cobot_ws/install/mypalletizer_260/share/mypalletizer_260/launch
[3.389s] copying launch/teleop_keyboard.launch.py -> /home/amin/cobot/cobot_ws/install/mypalletizer_260/share/mypalletizer_260/launch
[3.389s] copying launch/simple_gui.launch.py -> /home/amin/cobot/cobot_ws/install/mypalletizer_260/share/mypalletizer_260/launch
[3.389s] copying launch/slider_control_adaptive_gripper.launch.py -> /home/amin/cobot/cobot_ws/install/mypalletizer_260/share/mypalletizer_260/launch
[3.391s] copying launch/test.launch.py -> /home/amin/cobot/cobot_ws/install/mypalletizer_260/share/mypalletizer_260/launch
[3.391s] copying launch/test_gripper.launch.py -> /home/amin/cobot/cobot_ws/install/mypalletizer_260/share/mypalletizer_260/launch
[3.391s] copying launch/slider_control.launch.py -> /home/amin/cobot/cobot_ws/install/mypalletizer_260/share/mypalletizer_260/launch
[3.391s] creating /home/amin/cobot/cobot_ws/install/mypalletizer_260/share/mypalletizer_260/config
[3.391s] copying config/mypalletizer.rviz -> /home/amin/cobot/cobot_ws/install/mypalletizer_260/share/mypalletizer_260/config
[3.392s] copying config/mycobot_with_marker.rviz -> /home/amin/cobot/cobot_ws/install/mypalletizer_260/share/mypalletizer_260/config
[3.392s] running install_egg_info
[3.428s] Copying ../../../../build/mypalletizer_260/mypalletizer_260.egg-info to /home/amin/cobot/cobot_ws/install/mypalletizer_260/lib/python3.12/site-packages/mypalletizer_260-0.0.0-py3.12.egg-info
[3.429s] running install_scripts
[3.664s] Installing follow_display script to /home/amin/cobot/cobot_ws/install/mypalletizer_260/lib/mypalletizer_260
[3.664s] Installing listen_real script to /home/amin/cobot/cobot_ws/install/mypalletizer_260/lib/mypalletizer_260
[3.664s] Installing listen_real_of_topic script to /home/amin/cobot/cobot_ws/install/mypalletizer_260/lib/mypalletizer_260
[3.664s] Installing listen_real_service script to /home/amin/cobot/cobot_ws/install/mypalletizer_260/lib/mypalletizer_260
[3.665s] Installing simple_gui script to /home/amin/cobot/cobot_ws/install/mypalletizer_260/lib/mypalletizer_260
[3.665s] Installing slider_control script to /home/amin/cobot/cobot_ws/install/mypalletizer_260/lib/mypalletizer_260
[3.665s] Installing slider_control_adaptive_gripper script to /home/amin/cobot/cobot_ws/install/mypalletizer_260/lib/mypalletizer_260
[3.665s] Installing teleop_keyboard script to /home/amin/cobot/cobot_ws/install/mypalletizer_260/lib/mypalletizer_260
[3.665s] writing list of installed files to '/home/amin/cobot/cobot_ws/build/mypalletizer_260/install.log'
[3.715s] Invoked command in '/home/amin/cobot/cobot_ws/src/mycobot_ros2/mypalletizer_260/mypalletizer_260' returned '0': AMENT_PREFIX_PATH=/home/amin/cobot/cobot_ws/install/mycobot_description:${AMENT_PREFIX_PATH} DEBUGINFOD_URLS=https://debuginfod.ubuntu.com PYTHONPATH=/home/amin/cobot/cobot_ws/build/mypalletizer_260/prefix_override:/usr/lib/python3/dist-packages/colcon_core/task/python/colcon_distutils_commands:/home/amin/cobot/cobot_ws/install/mypalletizer_260/lib/python3.12/site-packages:/home/amin/cobot/cobot_ws/install/mycobot_description/lib/python3.12/site-packages:${PYTHONPATH} /usr/bin/python3 -W ignore:setup.py install is deprecated -W ignore:easy_install command is deprecated setup.py egg_info --egg-base ../../../../build/mypalletizer_260 build --build-base /home/amin/cobot/cobot_ws/build/mypalletizer_260/build install --record /home/amin/cobot/cobot_ws/build/mypalletizer_260/install.log --single-version-externally-managed install_data
