[2.114s] Invoking command in '/home/amin/cobot/cobot_ws/src/mycobot_ros2/Mybuddy/mybuddy': AMENT_PREFIX_PATH=/home/amin/cobot/cobot_ws/install/mycobot_description:${AMENT_PREFIX_PATH} DEBUGINFOD_URLS=https://debuginfod.ubuntu.com PYTHONPATH=/home/amin/cobot/cobot_ws/build/mybuddy/prefix_override:/usr/lib/python3/dist-packages/colcon_core/task/python/colcon_distutils_commands:/home/amin/cobot/cobot_ws/install/mybuddy/lib/python3.12/site-packages:/home/amin/cobot/cobot_ws/install/mycobot_description/lib/python3.12/site-packages:${PYTHONPATH} /usr/bin/python3 -W ignore:setup.py install is deprecated -W ignore:easy_install command is deprecated setup.py egg_info --egg-base ../../../../build/mybuddy build --build-base /home/amin/cobot/cobot_ws/build/mybuddy/build install --record /home/amin/cobot/cobot_ws/build/mybuddy/install.log --single-version-externally-managed install_data
[3.676s] running egg_info
[3.676s] creating ../../../../build/mybuddy/mybuddy.egg-info
[3.677s] writing ../../../../build/mybuddy/mybuddy.egg-info/PKG-INFO
[3.677s] writing dependency_links to ../../../../build/mybuddy/mybuddy.egg-info/dependency_links.txt
[3.677s] writing entry points to ../../../../build/mybuddy/mybuddy.egg-info/entry_points.txt
[3.677s] writing requirements to ../../../../build/mybuddy/mybuddy.egg-info/requires.txt
[3.677s] writing top-level names to ../../../../build/mybuddy/mybuddy.egg-info/top_level.txt
[3.677s] writing manifest file '../../../../build/mybuddy/mybuddy.egg-info/SOURCES.txt'
[3.677s] reading manifest file '../../../../build/mybuddy/mybuddy.egg-info/SOURCES.txt'
[3.677s] writing manifest file '../../../../build/mybuddy/mybuddy.egg-info/SOURCES.txt'
[3.677s] running build
[3.678s] running build_py
[3.678s] creating /home/amin/cobot/cobot_ws/build/mybuddy/build
[3.678s] creating /home/amin/cobot/cobot_ws/build/mybuddy/build/lib
[3.678s] creating /home/amin/cobot/cobot_ws/build/mybuddy/build/lib/mybuddy
[3.678s] copying mybuddy/listen_real.py -> /home/amin/cobot/cobot_ws/build/mybuddy/build/lib/mybuddy
[3.678s] copying mybuddy/listen_real_of_topic.py -> /home/amin/cobot/cobot_ws/build/mybuddy/build/lib/mybuddy
[3.678s] copying mybuddy/slider_control.py -> /home/amin/cobot/cobot_ws/build/mybuddy/build/lib/mybuddy
[3.678s] copying mybuddy/__init__.py -> /home/amin/cobot/cobot_ws/build/mybuddy/build/lib/mybuddy
[3.678s] copying mybuddy/follow_display.py -> /home/amin/cobot/cobot_ws/build/mybuddy/build/lib/mybuddy
[3.679s] running install
[3.679s] running install_lib
[3.679s] creating /home/amin/cobot/cobot_ws/install/mybuddy/lib/python3.12/site-packages/mybuddy
[3.679s] copying /home/amin/cobot/cobot_ws/build/mybuddy/build/lib/mybuddy/listen_real.py -> /home/amin/cobot/cobot_ws/install/mybuddy/lib/python3.12/site-packages/mybuddy
[3.681s] copying /home/amin/cobot/cobot_ws/build/mybuddy/build/lib/mybuddy/listen_real_of_topic.py -> /home/amin/cobot/cobot_ws/install/mybuddy/lib/python3.12/site-packages/mybuddy
[3.681s] copying /home/amin/cobot/cobot_ws/build/mybuddy/build/lib/mybuddy/slider_control.py -> /home/amin/cobot/cobot_ws/install/mybuddy/lib/python3.12/site-packages/mybuddy
[3.681s] copying /home/amin/cobot/cobot_ws/build/mybuddy/build/lib/mybuddy/__init__.py -> /home/amin/cobot/cobot_ws/install/mybuddy/lib/python3.12/site-packages/mybuddy
[3.682s] copying /home/amin/cobot/cobot_ws/build/mybuddy/build/lib/mybuddy/follow_display.py -> /home/amin/cobot/cobot_ws/install/mybuddy/lib/python3.12/site-packages/mybuddy
[3.682s] byte-compiling /home/amin/cobot/cobot_ws/install/mybuddy/lib/python3.12/site-packages/mybuddy/listen_real.py to listen_real.cpython-312.pyc
[3.682s] byte-compiling /home/amin/cobot/cobot_ws/install/mybuddy/lib/python3.12/site-packages/mybuddy/listen_real_of_topic.py to listen_real_of_topic.cpython-312.pyc
[3.682s] byte-compiling /home/amin/cobot/cobot_ws/install/mybuddy/lib/python3.12/site-packages/mybuddy/slider_control.py to slider_control.cpython-312.pyc
[3.682s] byte-compiling /home/amin/cobot/cobot_ws/install/mybuddy/lib/python3.12/site-packages/mybuddy/__init__.py to __init__.cpython-312.pyc
[3.682s] byte-compiling /home/amin/cobot/cobot_ws/install/mybuddy/lib/python3.12/site-packages/mybuddy/follow_display.py to follow_display.cpython-312.pyc
[3.682s] running install_data
[3.682s] creating /home/amin/cobot/cobot_ws/install/mybuddy/share/ament_index
[3.682s] creating /home/amin/cobot/cobot_ws/install/mybuddy/share/ament_index/resource_index
[3.683s] creating /home/amin/cobot/cobot_ws/install/mybuddy/share/ament_index/resource_index/packages
[3.683s] copying resource/mybuddy -> /home/amin/cobot/cobot_ws/install/mybuddy/share/ament_index/resource_index/packages
[3.683s] copying package.xml -> /home/amin/cobot/cobot_ws/install/mybuddy/share/mybuddy
[3.683s] creating /home/amin/cobot/cobot_ws/install/mybuddy/share/mybuddy/launch
[3.683s] copying launch/test.launch.py -> /home/amin/cobot/cobot_ws/install/mybuddy/share/mybuddy/launch
[3.683s] copying launch/mybuddy_follow.launch.py -> /home/amin/cobot/cobot_ws/install/mybuddy/share/mybuddy/launch
[3.683s] copying launch/slider_control.launch.py -> /home/amin/cobot/cobot_ws/install/mybuddy/share/mybuddy/launch
[3.683s] creating /home/amin/cobot/cobot_ws/install/mybuddy/share/mybuddy/config
[3.683s] copying config/dual_arm.rviz -> /home/amin/cobot/cobot_ws/install/mybuddy/share/mybuddy/config
[3.684s] running install_egg_info
[3.684s] Copying ../../../../build/mybuddy/mybuddy.egg-info to /home/amin/cobot/cobot_ws/install/mybuddy/lib/python3.12/site-packages/mybuddy-0.0.0-py3.12.egg-info
[3.684s] running install_scripts
[3.684s] Installing follow_display script to /home/amin/cobot/cobot_ws/install/mybuddy/lib/mybuddy
[3.687s] Installing listen_real script to /home/amin/cobot/cobot_ws/install/mybuddy/lib/mybuddy
[3.687s] Installing listen_real_of_topic script to /home/amin/cobot/cobot_ws/install/mybuddy/lib/mybuddy
[3.687s] Installing slider_control script to /home/amin/cobot/cobot_ws/install/mybuddy/lib/mybuddy
[3.687s] writing list of installed files to '/home/amin/cobot/cobot_ws/build/mybuddy/install.log'
[3.692s] Invoked command in '/home/amin/cobot/cobot_ws/src/mycobot_ros2/Mybuddy/mybuddy' returned '0': AMENT_PREFIX_PATH=/home/amin/cobot/cobot_ws/install/mycobot_description:${AMENT_PREFIX_PATH} DEBUGINFOD_URLS=https://debuginfod.ubuntu.com PYTHONPATH=/home/amin/cobot/cobot_ws/build/mybuddy/prefix_override:/usr/lib/python3/dist-packages/colcon_core/task/python/colcon_distutils_commands:/home/amin/cobot/cobot_ws/install/mybuddy/lib/python3.12/site-packages:/home/amin/cobot/cobot_ws/install/mycobot_description/lib/python3.12/site-packages:${PYTHONPATH} /usr/bin/python3 -W ignore:setup.py install is deprecated -W ignore:easy_install command is deprecated setup.py egg_info --egg-base ../../../../build/mybuddy build --build-base /home/amin/cobot/cobot_ws/build/mybuddy/build install --record /home/amin/cobot/cobot_ws/build/mybuddy/install.log --single-version-externally-managed install_data
