[1.201s] Invoking command in '/home/amin/cobot/cobot_ws/src/mycobot_ros2/mycobot_320/mycobot_320pi': AMENT_PREFIX_PATH=/home/amin/cobot/cobot_ws/install/mycobot_description:${AMENT_PREFIX_PATH} DEBUGINFOD_URLS=https://debuginfod.ubuntu.com PYTHONPATH=/home/amin/cobot/cobot_ws/build/mycobot_320pi/prefix_override:/usr/lib/python3/dist-packages/colcon_core/task/python/colcon_distutils_commands:/home/amin/cobot/cobot_ws/install/mycobot_320pi/lib/python3.12/site-packages:/home/amin/cobot/cobot_ws/install/mycobot_description/lib/python3.12/site-packages:${PYTHONPATH} /usr/bin/python3 -W ignore:setup.py install is deprecated -W ignore:easy_install command is deprecated setup.py egg_info --egg-base ../../../../build/mycobot_320pi build --build-base /home/amin/cobot/cobot_ws/build/mycobot_320pi/build install --record /home/amin/cobot/cobot_ws/build/mycobot_320pi/install.log --single-version-externally-managed install_data
[1.421s] running egg_info
[1.435s] writing ../../../../build/mycobot_320pi/mycobot_320pi.egg-info/PKG-INFO
[1.435s] writing dependency_links to ../../../../build/mycobot_320pi/mycobot_320pi.egg-info/dependency_links.txt
[1.435s] writing entry points to ../../../../build/mycobot_320pi/mycobot_320pi.egg-info/entry_points.txt
[1.435s] writing requirements to ../../../../build/mycobot_320pi/mycobot_320pi.egg-info/requires.txt
[1.435s] writing top-level names to ../../../../build/mycobot_320pi/mycobot_320pi.egg-info/top_level.txt
[1.464s] reading manifest file '../../../../build/mycobot_320pi/mycobot_320pi.egg-info/SOURCES.txt'
[1.464s] adding license file 'LICENSE'
[1.465s] writing manifest file '../../../../build/mycobot_320pi/mycobot_320pi.egg-info/SOURCES.txt'
[1.465s] running build
[1.466s] running build_py
[1.466s] running install
[1.471s] running install_lib
[1.489s] running install_data
[1.490s] running install_egg_info
[1.505s] removing '/home/amin/cobot/cobot_ws/install/mycobot_320pi/lib/python3.12/site-packages/mycobot_320pi-0.0.0-py3.12.egg-info' (and everything under it)
[1.508s] Copying ../../../../build/mycobot_320pi/mycobot_320pi.egg-info to /home/amin/cobot/cobot_ws/install/mycobot_320pi/lib/python3.12/site-packages/mycobot_320pi-0.0.0-py3.12.egg-info
[1.509s] running install_scripts
[1.606s] Installing camera_display script to /home/amin/cobot/cobot_ws/install/mycobot_320pi/lib/mycobot_320pi
[1.606s] Installing follow_display script to /home/amin/cobot/cobot_ws/install/mycobot_320pi/lib/mycobot_320pi
[1.606s] Installing listen_real script to /home/amin/cobot/cobot_ws/install/mycobot_320pi/lib/mycobot_320pi
[1.606s] Installing listen_real_of_topic script to /home/amin/cobot/cobot_ws/install/mycobot_320pi/lib/mycobot_320pi
[1.606s] Installing listen_real_service script to /home/amin/cobot/cobot_ws/install/mycobot_320pi/lib/mycobot_320pi
[1.606s] Installing simple_gui script to /home/amin/cobot/cobot_ws/install/mycobot_320pi/lib/mycobot_320pi
[1.606s] Installing slider_control script to /home/amin/cobot/cobot_ws/install/mycobot_320pi/lib/mycobot_320pi
[1.606s] Installing slider_control_adaptive_gripper script to /home/amin/cobot/cobot_ws/install/mycobot_320pi/lib/mycobot_320pi
[1.607s] Installing teleop_keyboard script to /home/amin/cobot/cobot_ws/install/mycobot_320pi/lib/mycobot_320pi
[1.607s] writing list of installed files to '/home/amin/cobot/cobot_ws/build/mycobot_320pi/install.log'
[1.744s] Invoked command in '/home/amin/cobot/cobot_ws/src/mycobot_ros2/mycobot_320/mycobot_320pi' returned '0': AMENT_PREFIX_PATH=/home/amin/cobot/cobot_ws/install/mycobot_description:${AMENT_PREFIX_PATH} DEBUGINFOD_URLS=https://debuginfod.ubuntu.com PYTHONPATH=/home/amin/cobot/cobot_ws/build/mycobot_320pi/prefix_override:/usr/lib/python3/dist-packages/colcon_core/task/python/colcon_distutils_commands:/home/amin/cobot/cobot_ws/install/mycobot_320pi/lib/python3.12/site-packages:/home/amin/cobot/cobot_ws/install/mycobot_description/lib/python3.12/site-packages:${PYTHONPATH} /usr/bin/python3 -W ignore:setup.py install is deprecated -W ignore:easy_install command is deprecated setup.py egg_info --egg-base ../../../../build/mycobot_320pi build --build-base /home/amin/cobot/cobot_ws/build/mycobot_320pi/build install --record /home/amin/cobot/cobot_ws/build/mycobot_320pi/install.log --single-version-externally-managed install_data
