running egg_info
writing ../../../../build/mycobot_630/mycobot_630.egg-info/PKG-INFO
writing dependency_links to ../../../../build/mycobot_630/mycobot_630.egg-info/dependency_links.txt
writing entry points to ../../../../build/mycobot_630/mycobot_630.egg-info/entry_points.txt
writing requirements to ../../../../build/mycobot_630/mycobot_630.egg-info/requires.txt
writing top-level names to ../../../../build/mycobot_630/mycobot_630.egg-info/top_level.txt
reading manifest file '../../../../build/mycobot_630/mycobot_630.egg-info/SOURCES.txt'
adding license file 'LICENSE'
writing manifest file '../../../../build/mycobot_630/mycobot_630.egg-info/SOURCES.txt'
running build
running build_py
running install
running install_lib
running install_data
running install_egg_info
removing '/home/amin/cobot/cobot_ws/install/mycobot_630/lib/python3.12/site-packages/mycobot_630-0.0.0-py3.12.egg-info' (and everything under it)
Copying ../../../../build/mycobot_630/mycobot_630.egg-info to /home/amin/cobot/cobot_ws/install/mycobot_630/lib/python3.12/site-packages/mycobot_630-0.0.0-py3.12.egg-info
running install_scripts
Installing slider_control script to /home/amin/cobot/cobot_ws/install/mycobot_630/lib/mycobot_630
writing list of installed files to '/home/amin/cobot/cobot_ws/build/mycobot_630/install.log'
