[0.185s] Invoking command in '/home/amin/cobot/cobot_ws/build/mypalletizer_interfaces': CMAKE_PREFIX_PATH=${CMAKE_PREFIX_PATH}:/home/amin/cobot/cobot_ws/install/ultraarm:/home/amin/cobot/cobot_ws/install/pro450_moveit2_control:/home/amin/cobot/cobot_ws/install/mypalletizer_communication:/home/amin/cobot/cobot_ws/install/mypalletizer_260_pi:/home/amin/cobot/cobot_ws/install/mypalletizer_260:/home/amin/cobot/cobot_ws/install/mycobot_pro_450:/home/amin/cobot/cobot_ws/install/myarm_m750:/home/amin/cobot/cobot_ws/install/myarm_c650:/home/amin/cobot/cobot_ws/install/mycobot_communication:/home/amin/cobot/cobot_ws/install/mecharm_communication:/home/amin/cobot/cobot_ws/install/mycobot_630:/home/amin/cobot/cobot_ws/install/mycobot_600:/home/amin/cobot/cobot_ws/install/mycobot_320pi:/home/amin/cobot/cobot_ws/install/mycobot_320_riscv:/home/amin/cobot/cobot_ws/install/mycobot_320:/home/amin/cobot/cobot_ws/install/mycobot_280pi:/home/amin/cobot/cobot_ws/install/mycobot_280jn:/home/amin/cobot/cobot_ws/install/mycobot_280_x3pi:/home/amin/cobot/cobot_ws/install/mycobot_280_riscv:/home/amin/cobot/cobot_ws/install/mycobot_280_rdkx5:/home/amin/cobot/cobot_ws/install/mycobot_280_moveit2_control:/home/amin/cobot/cobot_ws/install/mycobot_280_arduino:/home/amin/cobot/cobot_ws/install/mycobot_280:/home/amin/cobot/cobot_ws/install/mybuddy:/home/amin/cobot/cobot_ws/install/myarm_300:/home/amin/cobot/cobot_ws/install/mecharm_pi:/home/amin/cobot/cobot_ws/install/mecharm:/home/amin/cobot/cobot_ws/install/mycobot_description:/opt/ros/jazzy DEBUGINFOD_URLS=https://debuginfod.ubuntu.com /usr/bin/cmake --build /home/amin/cobot/cobot_ws/build/mypalletizer_interfaces -- -j8 -l8
[0.241s] [  1%] Built target mypalletizer_interfaces__rosidl_generator_type_description
[0.268s] [  1%] Built target ament_cmake_python_copy_mypalletizer_interfaces
[0.286s] [  1%] Built target mypalletizer_interfaces__cpp
[0.308s] [ 27%] Built target mypalletizer_interfaces__rosidl_generator_c
[0.374s] [ 36%] Built target mypalletizer_interfaces__rosidl_typesupport_cpp
[0.423s] [ 46%] Built target mypalletizer_interfaces__rosidl_typesupport_introspection_c
[0.433s] [ 56%] Built target mypalletizer_interfaces__rosidl_typesupport_fastrtps_c
[0.445s] [ 66%] Built target mypalletizer_interfaces__rosidl_typesupport_c
[0.461s] [ 75%] Built target mypalletizer_interfaces__rosidl_typesupport_introspection_cpp
[0.468s] [ 85%] Built target mypalletizer_interfaces__rosidl_typesupport_fastrtps_cpp
[0.523s] [ 85%] Built target mypalletizer_interfaces
[0.573s] [ 86%] Built target mypalletizer_interfaces__py
[0.639s] [ 95%] Built target mypalletizer_interfaces__rosidl_generator_py
[0.697s] [ 96%] Built target mypalletizer_interfaces_s__rosidl_typesupport_fastrtps_c
[0.697s] [ 98%] Built target mypalletizer_interfaces_s__rosidl_typesupport_c
[0.711s] [100%] Built target mypalletizer_interfaces_s__rosidl_typesupport_introspection_c
[0.782s] running egg_info
[0.812s] writing mypalletizer_interfaces.egg-info/PKG-INFO
[0.813s] writing dependency_links to mypalletizer_interfaces.egg-info/dependency_links.txt
[0.813s] writing top-level names to mypalletizer_interfaces.egg-info/top_level.txt
[0.900s] reading manifest file 'mypalletizer_interfaces.egg-info/SOURCES.txt'
[0.901s] writing manifest file 'mypalletizer_interfaces.egg-info/SOURCES.txt'
[0.946s] [100%] Built target ament_cmake_python_build_mypalletizer_interfaces_egg
[0.982s] Invoked command in '/home/amin/cobot/cobot_ws/build/mypalletizer_interfaces' returned '0': CMAKE_PREFIX_PATH=${CMAKE_PREFIX_PATH}:/home/amin/cobot/cobot_ws/install/ultraarm:/home/amin/cobot/cobot_ws/install/pro450_moveit2_control:/home/amin/cobot/cobot_ws/install/mypalletizer_communication:/home/amin/cobot/cobot_ws/install/mypalletizer_260_pi:/home/amin/cobot/cobot_ws/install/mypalletizer_260:/home/amin/cobot/cobot_ws/install/mycobot_pro_450:/home/amin/cobot/cobot_ws/install/myarm_m750:/home/amin/cobot/cobot_ws/install/myarm_c650:/home/amin/cobot/cobot_ws/install/mycobot_communication:/home/amin/cobot/cobot_ws/install/mecharm_communication:/home/amin/cobot/cobot_ws/install/mycobot_630:/home/amin/cobot/cobot_ws/install/mycobot_600:/home/amin/cobot/cobot_ws/install/mycobot_320pi:/home/amin/cobot/cobot_ws/install/mycobot_320_riscv:/home/amin/cobot/cobot_ws/install/mycobot_320:/home/amin/cobot/cobot_ws/install/mycobot_280pi:/home/amin/cobot/cobot_ws/install/mycobot_280jn:/home/amin/cobot/cobot_ws/install/mycobot_280_x3pi:/home/amin/cobot/cobot_ws/install/mycobot_280_riscv:/home/amin/cobot/cobot_ws/install/mycobot_280_rdkx5:/home/amin/cobot/cobot_ws/install/mycobot_280_moveit2_control:/home/amin/cobot/cobot_ws/install/mycobot_280_arduino:/home/amin/cobot/cobot_ws/install/mycobot_280:/home/amin/cobot/cobot_ws/install/mybuddy:/home/amin/cobot/cobot_ws/install/myarm_300:/home/amin/cobot/cobot_ws/install/mecharm_pi:/home/amin/cobot/cobot_ws/install/mecharm:/home/amin/cobot/cobot_ws/install/mycobot_description:/opt/ros/jazzy DEBUGINFOD_URLS=https://debuginfod.ubuntu.com /usr/bin/cmake --build /home/amin/cobot/cobot_ws/build/mypalletizer_interfaces -- -j8 -l8
[0.983s] Invoking command in '/home/amin/cobot/cobot_ws/build/mypalletizer_interfaces': CMAKE_PREFIX_PATH=${CMAKE_PREFIX_PATH}:/home/amin/cobot/cobot_ws/install/ultraarm:/home/amin/cobot/cobot_ws/install/pro450_moveit2_control:/home/amin/cobot/cobot_ws/install/mypalletizer_communication:/home/amin/cobot/cobot_ws/install/mypalletizer_260_pi:/home/amin/cobot/cobot_ws/install/mypalletizer_260:/home/amin/cobot/cobot_ws/install/mycobot_pro_450:/home/amin/cobot/cobot_ws/install/myarm_m750:/home/amin/cobot/cobot_ws/install/myarm_c650:/home/amin/cobot/cobot_ws/install/mycobot_communication:/home/amin/cobot/cobot_ws/install/mecharm_communication:/home/amin/cobot/cobot_ws/install/mycobot_630:/home/amin/cobot/cobot_ws/install/mycobot_600:/home/amin/cobot/cobot_ws/install/mycobot_320pi:/home/amin/cobot/cobot_ws/install/mycobot_320_riscv:/home/amin/cobot/cobot_ws/install/mycobot_320:/home/amin/cobot/cobot_ws/install/mycobot_280pi:/home/amin/cobot/cobot_ws/install/mycobot_280jn:/home/amin/cobot/cobot_ws/install/mycobot_280_x3pi:/home/amin/cobot/cobot_ws/install/mycobot_280_riscv:/home/amin/cobot/cobot_ws/install/mycobot_280_rdkx5:/home/amin/cobot/cobot_ws/install/mycobot_280_moveit2_control:/home/amin/cobot/cobot_ws/install/mycobot_280_arduino:/home/amin/cobot/cobot_ws/install/mycobot_280:/home/amin/cobot/cobot_ws/install/mybuddy:/home/amin/cobot/cobot_ws/install/myarm_300:/home/amin/cobot/cobot_ws/install/mecharm_pi:/home/amin/cobot/cobot_ws/install/mecharm:/home/amin/cobot/cobot_ws/install/mycobot_description:/opt/ros/jazzy DEBUGINFOD_URLS=https://debuginfod.ubuntu.com /usr/bin/cmake --install /home/amin/cobot/cobot_ws/build/mypalletizer_interfaces
[0.991s] -- Install configuration: ""
[0.992s] -- Up-to-date: /home/amin/cobot/cobot_ws/install/mypalletizer_interfaces/share/ament_index/resource_index/rosidl_interfaces/mypalletizer_interfaces
[0.993s] -- Up-to-date: /home/amin/cobot/cobot_ws/install/mypalletizer_interfaces/share/mypalletizer_interfaces/msg/MypalAngles.json
[0.993s] -- Up-to-date: /home/amin/cobot/cobot_ws/install/mypalletizer_interfaces/share/mypalletizer_interfaces/msg/MypalCoords.json
[0.993s] -- Up-to-date: /home/amin/cobot/cobot_ws/install/mypalletizer_interfaces/share/mypalletizer_interfaces/msg/MypalSetAngles.json
[0.993s] -- Up-to-date: /home/amin/cobot/cobot_ws/install/mypalletizer_interfaces/share/mypalletizer_interfaces/msg/MypalSetCoords.json
[0.993s] -- Up-to-date: /home/amin/cobot/cobot_ws/install/mypalletizer_interfaces/share/mypalletizer_interfaces/msg/MypalGripperStatus.json
[0.993s] -- Up-to-date: /home/amin/cobot/cobot_ws/install/mypalletizer_interfaces/share/mypalletizer_interfaces/msg/MypalPumpStatus.json
[0.994s] -- Up-to-date: /home/amin/cobot/cobot_ws/install/mypalletizer_interfaces/share/mypalletizer_interfaces/srv/GetAngles.json
[0.994s] -- Up-to-date: /home/amin/cobot/cobot_ws/install/mypalletizer_interfaces/share/mypalletizer_interfaces/srv/SetAngles.json
[0.994s] -- Up-to-date: /home/amin/cobot/cobot_ws/install/mypalletizer_interfaces/share/mypalletizer_interfaces/srv/GetCoords.json
[0.994s] -- Up-to-date: /home/amin/cobot/cobot_ws/install/mypalletizer_interfaces/share/mypalletizer_interfaces/srv/SetCoords.json
[0.994s] -- Up-to-date: /home/amin/cobot/cobot_ws/install/mypalletizer_interfaces/share/mypalletizer_interfaces/srv/GripperStatus.json
[0.994s] -- Up-to-date: /home/amin/cobot/cobot_ws/install/mypalletizer_interfaces/share/mypalletizer_interfaces/srv/PumpStatus.json
[0.994s] -- Up-to-date: /home/amin/cobot/cobot_ws/install/mypalletizer_interfaces/include/mypalletizer_interfaces/mypalletizer_interfaces
[0.994s] -- Up-to-date: /home/amin/cobot/cobot_ws/install/mypalletizer_interfaces/include/mypalletizer_interfaces/mypalletizer_interfaces/srv
[0.994s] -- Up-to-date: /home/amin/cobot/cobot_ws/install/mypalletizer_interfaces/include/mypalletizer_interfaces/mypalletizer_interfaces/srv/gripper_status.h
[0.994s] -- Up-to-date: /home/amin/cobot/cobot_ws/install/mypalletizer_interfaces/include/mypalletizer_interfaces/mypalletizer_interfaces/srv/detail
[0.994s] -- Up-to-date: /home/amin/cobot/cobot_ws/install/mypalletizer_interfaces/include/mypalletizer_interfaces/mypalletizer_interfaces/srv/detail/set_coords__type_support.h
[0.995s] -- Up-to-date: /home/amin/cobot/cobot_ws/install/mypalletizer_interfaces/include/mypalletizer_interfaces/mypalletizer_interfaces/srv/detail/gripper_status__description.c
[0.995s] -- Up-to-date: /home/amin/cobot/cobot_ws/install/mypalletizer_interfaces/include/mypalletizer_interfaces/mypalletizer_interfaces/srv/detail/gripper_status__functions.h
[0.995s] -- Up-to-date: /home/amin/cobot/cobot_ws/install/mypalletizer_interfaces/include/mypalletizer_interfaces/mypalletizer_interfaces/srv/detail/set_angles__struct.h
[0.995s] -- Up-to-date: /home/amin/cobot/cobot_ws/install/mypalletizer_interfaces/include/mypalletizer_interfaces/mypalletizer_interfaces/srv/detail/set_coords__functions.h
[0.995s] -- Installing: /home/amin/cobot/cobot_ws/install/mypalletizer_interfaces/include/mypalletizer_interfaces/mypalletizer_interfaces/srv/detail/pump_status__type_support.c
[0.995s] -- Installing: /home/amin/cobot/cobot_ws/install/mypalletizer_interfaces/include/mypalletizer_interfaces/mypalletizer_interfaces/srv/detail/get_coords__type_support.c
[0.995s] -- Up-to-date: /home/amin/cobot/cobot_ws/install/mypalletizer_interfaces/include/mypalletizer_interfaces/mypalletizer_interfaces/srv/detail/set_angles__description.c
[0.995s] -- Up-to-date: /home/amin/cobot/cobot_ws/install/mypalletizer_interfaces/include/mypalletizer_interfaces/mypalletizer_interfaces/srv/detail/gripper_status__struct.h
[0.995s] -- Up-to-date: /home/amin/cobot/cobot_ws/install/mypalletizer_interfaces/include/mypalletizer_interfaces/mypalletizer_interfaces/srv/detail/get_angles__type_support.h
[0.996s] -- Up-to-date: /home/amin/cobot/cobot_ws/install/mypalletizer_interfaces/include/mypalletizer_interfaces/mypalletizer_interfaces/srv/detail/set_coords__functions.c
[0.996s] -- Installing: /home/amin/cobot/cobot_ws/install/mypalletizer_interfaces/include/mypalletizer_interfaces/mypalletizer_interfaces/srv/detail/set_coords__type_support.c
[0.996s] -- Installing: /home/amin/cobot/cobot_ws/install/mypalletizer_interfaces/include/mypalletizer_interfaces/mypalletizer_interfaces/srv/detail/set_angles__type_support.c
[0.996s] -- Up-to-date: /home/amin/cobot/cobot_ws/install/mypalletizer_interfaces/include/mypalletizer_interfaces/mypalletizer_interfaces/srv/detail/gripper_status__type_support.h
[0.996s] -- Up-to-date: /home/amin/cobot/cobot_ws/install/mypalletizer_interfaces/include/mypalletizer_interfaces/mypalletizer_interfaces/srv/detail/pump_status__struct.h
[0.996s] -- Up-to-date: /home/amin/cobot/cobot_ws/install/mypalletizer_interfaces/include/mypalletizer_interfaces/mypalletizer_interfaces/srv/detail/get_angles__struct.h
[0.996s] -- Up-to-date: /home/amin/cobot/cobot_ws/install/mypalletizer_interfaces/include/mypalletizer_interfaces/mypalletizer_interfaces/srv/detail/get_coords__description.c
[0.996s] -- Up-to-date: /home/amin/cobot/cobot_ws/install/mypalletizer_interfaces/include/mypalletizer_interfaces/mypalletizer_interfaces/srv/detail/set_coords__description.c
[0.997s] -- Up-to-date: /home/amin/cobot/cobot_ws/install/mypalletizer_interfaces/include/mypalletizer_interfaces/mypalletizer_interfaces/srv/detail/get_coords__functions.h
[0.997s] -- Installing: /home/amin/cobot/cobot_ws/install/mypalletizer_interfaces/include/mypalletizer_interfaces/mypalletizer_interfaces/srv/detail/get_angles__type_support.c
[0.998s] -- Up-to-date: /home/amin/cobot/cobot_ws/install/mypalletizer_interfaces/include/mypalletizer_interfaces/mypalletizer_interfaces/srv/detail/get_angles__functions.h
[0.998s] -- Installing: /home/amin/cobot/cobot_ws/install/mypalletizer_interfaces/include/mypalletizer_interfaces/mypalletizer_interfaces/srv/detail/gripper_status__type_support.c
[0.998s] -- Up-to-date: /home/amin/cobot/cobot_ws/install/mypalletizer_interfaces/include/mypalletizer_interfaces/mypalletizer_interfaces/srv/detail/get_angles__functions.c
[0.998s] -- Up-to-date: /home/amin/cobot/cobot_ws/install/mypalletizer_interfaces/include/mypalletizer_interfaces/mypalletizer_interfaces/srv/detail/pump_status__functions.c
[0.998s] -- Up-to-date: /home/amin/cobot/cobot_ws/install/mypalletizer_interfaces/include/mypalletizer_interfaces/mypalletizer_interfaces/srv/detail/pump_status__description.c
[0.998s] -- Up-to-date: /home/amin/cobot/cobot_ws/install/mypalletizer_interfaces/include/mypalletizer_interfaces/mypalletizer_interfaces/srv/detail/get_coords__type_support.h
[0.998s] -- Up-to-date: /home/amin/cobot/cobot_ws/install/mypalletizer_interfaces/include/mypalletizer_interfaces/mypalletizer_interfaces/srv/detail/set_angles__type_support.h
[0.999s] -- Up-to-date: /home/amin/cobot/cobot_ws/install/mypalletizer_interfaces/include/mypalletizer_interfaces/mypalletizer_interfaces/srv/detail/get_coords__functions.c
[0.999s] -- Up-to-date: /home/amin/cobot/cobot_ws/install/mypalletizer_interfaces/include/mypalletizer_interfaces/mypalletizer_interfaces/srv/detail/gripper_status__functions.c
[0.999s] -- Up-to-date: /home/amin/cobot/cobot_ws/install/mypalletizer_interfaces/include/mypalletizer_interfaces/mypalletizer_interfaces/srv/detail/get_angles__description.c
[0.999s] -- Up-to-date: /home/amin/cobot/cobot_ws/install/mypalletizer_interfaces/include/mypalletizer_interfaces/mypalletizer_interfaces/srv/detail/pump_status__functions.h
[0.999s] -- Up-to-date: /home/amin/cobot/cobot_ws/install/mypalletizer_interfaces/include/mypalletizer_interfaces/mypalletizer_interfaces/srv/detail/set_angles__functions.c
[0.999s] -- Up-to-date: /home/amin/cobot/cobot_ws/install/mypalletizer_interfaces/include/mypalletizer_interfaces/mypalletizer_interfaces/srv/detail/set_coords__struct.h
[0.999s] -- Up-to-date: /home/amin/cobot/cobot_ws/install/mypalletizer_interfaces/include/mypalletizer_interfaces/mypalletizer_interfaces/srv/detail/get_coords__struct.h
[0.999s] -- Up-to-date: /home/amin/cobot/cobot_ws/install/mypalletizer_interfaces/include/mypalletizer_interfaces/mypalletizer_interfaces/srv/detail/set_angles__functions.h
[0.999s] -- Up-to-date: /home/amin/cobot/cobot_ws/install/mypalletizer_interfaces/include/mypalletizer_interfaces/mypalletizer_interfaces/srv/detail/pump_status__type_support.h
[0.999s] -- Up-to-date: /home/amin/cobot/cobot_ws/install/mypalletizer_interfaces/include/mypalletizer_interfaces/mypalletizer_interfaces/srv/get_coords.h
[0.999s] -- Up-to-date: /home/amin/cobot/cobot_ws/install/mypalletizer_interfaces/include/mypalletizer_interfaces/mypalletizer_interfaces/srv/get_angles.h
[0.999s] -- Up-to-date: /home/amin/cobot/cobot_ws/install/mypalletizer_interfaces/include/mypalletizer_interfaces/mypalletizer_interfaces/srv/pump_status.h
[0.999s] -- Up-to-date: /home/amin/cobot/cobot_ws/install/mypalletizer_interfaces/include/mypalletizer_interfaces/mypalletizer_interfaces/srv/set_angles.h
[1.000s] -- Up-to-date: /home/amin/cobot/cobot_ws/install/mypalletizer_interfaces/include/mypalletizer_interfaces/mypalletizer_interfaces/srv/set_coords.h
[1.000s] -- Up-to-date: /home/amin/cobot/cobot_ws/install/mypalletizer_interfaces/include/mypalletizer_interfaces/mypalletizer_interfaces/msg
[1.000s] -- Up-to-date: /home/amin/cobot/cobot_ws/install/mypalletizer_interfaces/include/mypalletizer_interfaces/mypalletizer_interfaces/msg/mypal_pump_status.h
[1.000s] -- Up-to-date: /home/amin/cobot/cobot_ws/install/mypalletizer_interfaces/include/mypalletizer_interfaces/mypalletizer_interfaces/msg/detail
[1.000s] -- Up-to-date: /home/amin/cobot/cobot_ws/install/mypalletizer_interfaces/include/mypalletizer_interfaces/mypalletizer_interfaces/msg/detail/mypal_angles__type_support.h
[1.000s] -- Up-to-date: /home/amin/cobot/cobot_ws/install/mypalletizer_interfaces/include/mypalletizer_interfaces/mypalletizer_interfaces/msg/detail/mypal_set_angles__functions.c
[1.000s] -- Up-to-date: /home/amin/cobot/cobot_ws/install/mypalletizer_interfaces/include/mypalletizer_interfaces/mypalletizer_interfaces/msg/detail/mypal_set_angles__functions.h
[1.001s] -- Up-to-date: /home/amin/cobot/cobot_ws/install/mypalletizer_interfaces/include/mypalletizer_interfaces/mypalletizer_interfaces/msg/detail/mypal_angles__functions.c
[1.001s] -- Up-to-date: /home/amin/cobot/cobot_ws/install/mypalletizer_interfaces/include/mypalletizer_interfaces/mypalletizer_interfaces/msg/detail/mypal_set_angles__struct.h
[1.001s] -- Up-to-date: /home/amin/cobot/cobot_ws/install/mypalletizer_interfaces/include/mypalletizer_interfaces/mypalletizer_interfaces/msg/detail/mypal_gripper_status__functions.h
[1.001s] -- Up-to-date: /home/amin/cobot/cobot_ws/install/mypalletizer_interfaces/include/mypalletizer_interfaces/mypalletizer_interfaces/msg/detail/mypal_set_coords__functions.c
[1.001s] -- Installing: /home/amin/cobot/cobot_ws/install/mypalletizer_interfaces/include/mypalletizer_interfaces/mypalletizer_interfaces/msg/detail/mypal_angles__type_support.c
[1.001s] -- Installing: /home/amin/cobot/cobot_ws/install/mypalletizer_interfaces/include/mypalletizer_interfaces/mypalletizer_interfaces/msg/detail/mypal_pump_status__type_support.c
[1.002s] -- Up-to-date: /home/amin/cobot/cobot_ws/install/mypalletizer_interfaces/include/mypalletizer_interfaces/mypalletizer_interfaces/msg/detail/mypal_gripper_status__description.c
[1.004s] -- Up-to-date: /home/amin/cobot/cobot_ws/install/mypalletizer_interfaces/include/mypalletizer_interfaces/mypalletizer_interfaces/msg/detail/mypal_set_coords__description.c
[1.004s] -- Installing: /home/amin/cobot/cobot_ws/install/mypalletizer_interfaces/include/mypalletizer_interfaces/mypalletizer_interfaces/msg/detail/mypal_gripper_status__type_support.c
[1.004s] -- Up-to-date: /home/amin/cobot/cobot_ws/install/mypalletizer_interfaces/include/mypalletizer_interfaces/mypalletizer_interfaces/msg/detail/mypal_set_angles__type_support.h
[1.004s] -- Up-to-date: /home/amin/cobot/cobot_ws/install/mypalletizer_interfaces/include/mypalletizer_interfaces/mypalletizer_interfaces/msg/detail/mypal_pump_status__description.c
[1.004s] -- Installing: /home/amin/cobot/cobot_ws/install/mypalletizer_interfaces/include/mypalletizer_interfaces/mypalletizer_interfaces/msg/detail/mypal_coords__type_support.c
[1.004s] -- Up-to-date: /home/amin/cobot/cobot_ws/install/mypalletizer_interfaces/include/mypalletizer_interfaces/mypalletizer_interfaces/msg/detail/mypal_set_angles__description.c
[1.004s] -- Up-to-date: /home/amin/cobot/cobot_ws/install/mypalletizer_interfaces/include/mypalletizer_interfaces/mypalletizer_interfaces/msg/detail/mypal_coords__type_support.h
[1.005s] -- Up-to-date: /home/amin/cobot/cobot_ws/install/mypalletizer_interfaces/include/mypalletizer_interfaces/mypalletizer_interfaces/msg/detail/mypal_pump_status__functions.h
[1.005s] -- Up-to-date: /home/amin/cobot/cobot_ws/install/mypalletizer_interfaces/include/mypalletizer_interfaces/mypalletizer_interfaces/msg/detail/mypal_coords__functions.c
[1.005s] -- Up-to-date: /home/amin/cobot/cobot_ws/install/mypalletizer_interfaces/include/mypalletizer_interfaces/mypalletizer_interfaces/msg/detail/mypal_set_coords__type_support.h
[1.005s] -- Up-to-date: /home/amin/cobot/cobot_ws/install/mypalletizer_interfaces/include/mypalletizer_interfaces/mypalletizer_interfaces/msg/detail/mypal_coords__functions.h
[1.005s] -- Installing: /home/amin/cobot/cobot_ws/install/mypalletizer_interfaces/include/mypalletizer_interfaces/mypalletizer_interfaces/msg/detail/mypal_set_angles__type_support.c
[1.005s] -- Up-to-date: /home/amin/cobot/cobot_ws/install/mypalletizer_interfaces/include/mypalletizer_interfaces/mypalletizer_interfaces/msg/detail/mypal_angles__description.c
[1.005s] -- Up-to-date: /home/amin/cobot/cobot_ws/install/mypalletizer_interfaces/include/mypalletizer_interfaces/mypalletizer_interfaces/msg/detail/mypal_gripper_status__type_support.h
[1.006s] -- Up-to-date: /home/amin/cobot/cobot_ws/install/mypalletizer_interfaces/include/mypalletizer_interfaces/mypalletizer_interfaces/msg/detail/mypal_set_coords__struct.h
[1.006s] -- Up-to-date: /home/amin/cobot/cobot_ws/install/mypalletizer_interfaces/include/mypalletizer_interfaces/mypalletizer_interfaces/msg/detail/mypal_pump_status__functions.c
[1.006s] -- Up-to-date: /home/amin/cobot/cobot_ws/install/mypalletizer_interfaces/include/mypalletizer_interfaces/mypalletizer_interfaces/msg/detail/mypal_coords__description.c
[1.006s] -- Installing: /home/amin/cobot/cobot_ws/install/mypalletizer_interfaces/include/mypalletizer_interfaces/mypalletizer_interfaces/msg/detail/mypal_set_coords__type_support.c
[1.006s] -- Up-to-date: /home/amin/cobot/cobot_ws/install/mypalletizer_interfaces/include/mypalletizer_interfaces/mypalletizer_interfaces/msg/detail/mypal_gripper_status__functions.c
[1.006s] -- Up-to-date: /home/amin/cobot/cobot_ws/install/mypalletizer_interfaces/include/mypalletizer_interfaces/mypalletizer_interfaces/msg/detail/mypal_coords__struct.h
[1.006s] -- Up-to-date: /home/amin/cobot/cobot_ws/install/mypalletizer_interfaces/include/mypalletizer_interfaces/mypalletizer_interfaces/msg/detail/mypal_angles__functions.h
[1.007s] -- Up-to-date: /home/amin/cobot/cobot_ws/install/mypalletizer_interfaces/include/mypalletizer_interfaces/mypalletizer_interfaces/msg/detail/mypal_pump_status__struct.h
[1.007s] -- Up-to-date: /home/amin/cobot/cobot_ws/install/mypalletizer_interfaces/include/mypalletizer_interfaces/mypalletizer_interfaces/msg/detail/mypal_pump_status__type_support.h
[1.007s] -- Up-to-date: /home/amin/cobot/cobot_ws/install/mypalletizer_interfaces/include/mypalletizer_interfaces/mypalletizer_interfaces/msg/detail/mypal_gripper_status__struct.h
[1.007s] -- Up-to-date: /home/amin/cobot/cobot_ws/install/mypalletizer_interfaces/include/mypalletizer_interfaces/mypalletizer_interfaces/msg/detail/mypal_set_coords__functions.h
[1.007s] -- Up-to-date: /home/amin/cobot/cobot_ws/install/mypalletizer_interfaces/include/mypalletizer_interfaces/mypalletizer_interfaces/msg/detail/mypal_angles__struct.h
[1.007s] -- Up-to-date: /home/amin/cobot/cobot_ws/install/mypalletizer_interfaces/include/mypalletizer_interfaces/mypalletizer_interfaces/msg/rosidl_generator_c__visibility_control.h
[1.008s] -- Up-to-date: /home/amin/cobot/cobot_ws/install/mypalletizer_interfaces/include/mypalletizer_interfaces/mypalletizer_interfaces/msg/mypal_coords.h
[1.008s] -- Up-to-date: /home/amin/cobot/cobot_ws/install/mypalletizer_interfaces/include/mypalletizer_interfaces/mypalletizer_interfaces/msg/mypal_set_angles.h
[1.008s] -- Up-to-date: /home/amin/cobot/cobot_ws/install/mypalletizer_interfaces/include/mypalletizer_interfaces/mypalletizer_interfaces/msg/mypal_angles.h
[1.008s] -- Up-to-date: /home/amin/cobot/cobot_ws/install/mypalletizer_interfaces/include/mypalletizer_interfaces/mypalletizer_interfaces/msg/mypal_gripper_status.h
[1.008s] -- Up-to-date: /home/amin/cobot/cobot_ws/install/mypalletizer_interfaces/include/mypalletizer_interfaces/mypalletizer_interfaces/msg/mypal_set_coords.h
[1.008s] -- Up-to-date: /home/amin/cobot/cobot_ws/install/mypalletizer_interfaces/share/mypalletizer_interfaces/environment/library_path.sh
[1.008s] -- Up-to-date: /home/amin/cobot/cobot_ws/install/mypalletizer_interfaces/share/mypalletizer_interfaces/environment/library_path.dsv
[1.008s] -- Up-to-date: /home/amin/cobot/cobot_ws/install/mypalletizer_interfaces/lib/libmypalletizer_interfaces__rosidl_generator_c.so
[1.008s] -- Up-to-date: /home/amin/cobot/cobot_ws/install/mypalletizer_interfaces/include/mypalletizer_interfaces/mypalletizer_interfaces
[1.009s] -- Up-to-date: /home/amin/cobot/cobot_ws/install/mypalletizer_interfaces/include/mypalletizer_interfaces/mypalletizer_interfaces/srv
[1.009s] -- Up-to-date: /home/amin/cobot/cobot_ws/install/mypalletizer_interfaces/include/mypalletizer_interfaces/mypalletizer_interfaces/srv/detail
[1.009s] -- Up-to-date: /home/amin/cobot/cobot_ws/install/mypalletizer_interfaces/include/mypalletizer_interfaces/mypalletizer_interfaces/srv/detail/pump_status__rosidl_typesupport_fastrtps_c.h
[1.009s] -- Up-to-date: /home/amin/cobot/cobot_ws/install/mypalletizer_interfaces/include/mypalletizer_interfaces/mypalletizer_interfaces/srv/detail/get_coords__rosidl_typesupport_fastrtps_c.h
[1.009s] -- Up-to-date: /home/amin/cobot/cobot_ws/install/mypalletizer_interfaces/include/mypalletizer_interfaces/mypalletizer_interfaces/srv/detail/get_angles__rosidl_typesupport_fastrtps_c.h
[1.009s] -- Up-to-date: /home/amin/cobot/cobot_ws/install/mypalletizer_interfaces/include/mypalletizer_interfaces/mypalletizer_interfaces/srv/detail/set_angles__rosidl_typesupport_fastrtps_c.h
[1.009s] -- Up-to-date: /home/amin/cobot/cobot_ws/install/mypalletizer_interfaces/include/mypalletizer_interfaces/mypalletizer_interfaces/srv/detail/gripper_status__rosidl_typesupport_fastrtps_c.h
[1.009s] -- Up-to-date: /home/amin/cobot/cobot_ws/install/mypalletizer_interfaces/include/mypalletizer_interfaces/mypalletizer_interfaces/srv/detail/set_coords__rosidl_typesupport_fastrtps_c.h
[1.009s] -- Up-to-date: /home/amin/cobot/cobot_ws/install/mypalletizer_interfaces/include/mypalletizer_interfaces/mypalletizer_interfaces/msg
[1.010s] -- Up-to-date: /home/amin/cobot/cobot_ws/install/mypalletizer_interfaces/include/mypalletizer_interfaces/mypalletizer_interfaces/msg/detail
[1.010s] -- Up-to-date: /home/amin/cobot/cobot_ws/install/mypalletizer_interfaces/include/mypalletizer_interfaces/mypalletizer_interfaces/msg/detail/mypal_set_angles__rosidl_typesupport_fastrtps_c.h
[1.010s] -- Up-to-date: /home/amin/cobot/cobot_ws/install/mypalletizer_interfaces/include/mypalletizer_interfaces/mypalletizer_interfaces/msg/detail/mypal_pump_status__rosidl_typesupport_fastrtps_c.h
[1.010s] -- Up-to-date: /home/amin/cobot/cobot_ws/install/mypalletizer_interfaces/include/mypalletizer_interfaces/mypalletizer_interfaces/msg/detail/mypal_coords__rosidl_typesupport_fastrtps_c.h
[1.010s] -- Up-to-date: /home/amin/cobot/cobot_ws/install/mypalletizer_interfaces/include/mypalletizer_interfaces/mypalletizer_interfaces/msg/detail/mypal_set_coords__rosidl_typesupport_fastrtps_c.h
[1.010s] -- Up-to-date: /home/amin/cobot/cobot_ws/install/mypalletizer_interfaces/include/mypalletizer_interfaces/mypalletizer_interfaces/msg/detail/mypal_angles__rosidl_typesupport_fastrtps_c.h
[1.010s] -- Up-to-date: /home/amin/cobot/cobot_ws/install/mypalletizer_interfaces/include/mypalletizer_interfaces/mypalletizer_interfaces/msg/detail/mypal_gripper_status__rosidl_typesupport_fastrtps_c.h
[1.010s] -- Up-to-date: /home/amin/cobot/cobot_ws/install/mypalletizer_interfaces/include/mypalletizer_interfaces/mypalletizer_interfaces/msg/rosidl_typesupport_fastrtps_c__visibility_control.h
[1.010s] -- Up-to-date: /home/amin/cobot/cobot_ws/install/mypalletizer_interfaces/lib/libmypalletizer_interfaces__rosidl_typesupport_fastrtps_c.so
[1.010s] -- Up-to-date: /home/amin/cobot/cobot_ws/install/mypalletizer_interfaces/include/mypalletizer_interfaces/mypalletizer_interfaces
[1.010s] -- Up-to-date: /home/amin/cobot/cobot_ws/install/mypalletizer_interfaces/include/mypalletizer_interfaces/mypalletizer_interfaces/srv
[1.011s] -- Up-to-date: /home/amin/cobot/cobot_ws/install/mypalletizer_interfaces/include/mypalletizer_interfaces/mypalletizer_interfaces/srv/detail
[1.011s] -- Installing: /home/amin/cobot/cobot_ws/install/mypalletizer_interfaces/include/mypalletizer_interfaces/mypalletizer_interfaces/srv/detail/pump_status__type_support.c
[1.011s] -- Installing: /home/amin/cobot/cobot_ws/install/mypalletizer_interfaces/include/mypalletizer_interfaces/mypalletizer_interfaces/srv/detail/get_coords__type_support.c
[1.011s] -- Up-to-date: /home/amin/cobot/cobot_ws/install/mypalletizer_interfaces/include/mypalletizer_interfaces/mypalletizer_interfaces/srv/detail/set_angles__rosidl_typesupport_introspection_c.h
[1.011s] -- Installing: /home/amin/cobot/cobot_ws/install/mypalletizer_interfaces/include/mypalletizer_interfaces/mypalletizer_interfaces/srv/detail/set_coords__type_support.c
[1.011s] -- Installing: /home/amin/cobot/cobot_ws/install/mypalletizer_interfaces/include/mypalletizer_interfaces/mypalletizer_interfaces/srv/detail/set_angles__type_support.c
[1.020s] -- Up-to-date: /home/amin/cobot/cobot_ws/install/mypalletizer_interfaces/include/mypalletizer_interfaces/mypalletizer_interfaces/srv/detail/pump_status__rosidl_typesupport_introspection_c.h
[1.020s] -- Installing: /home/amin/cobot/cobot_ws/install/mypalletizer_interfaces/include/mypalletizer_interfaces/mypalletizer_interfaces/srv/detail/get_angles__type_support.c
[1.020s] -- Up-to-date: /home/amin/cobot/cobot_ws/install/mypalletizer_interfaces/include/mypalletizer_interfaces/mypalletizer_interfaces/srv/detail/get_angles__rosidl_typesupport_introspection_c.h
[1.020s] -- Installing: /home/amin/cobot/cobot_ws/install/mypalletizer_interfaces/include/mypalletizer_interfaces/mypalletizer_interfaces/srv/detail/gripper_status__type_support.c
[1.020s] -- Up-to-date: /home/amin/cobot/cobot_ws/install/mypalletizer_interfaces/include/mypalletizer_interfaces/mypalletizer_interfaces/srv/detail/set_coords__rosidl_typesupport_introspection_c.h
[1.020s] -- Up-to-date: /home/amin/cobot/cobot_ws/install/mypalletizer_interfaces/include/mypalletizer_interfaces/mypalletizer_interfaces/srv/detail/get_coords__rosidl_typesupport_introspection_c.h
[1.020s] -- Up-to-date: /home/amin/cobot/cobot_ws/install/mypalletizer_interfaces/include/mypalletizer_interfaces/mypalletizer_interfaces/srv/detail/gripper_status__rosidl_typesupport_introspection_c.h
[1.020s] -- Up-to-date: /home/amin/cobot/cobot_ws/install/mypalletizer_interfaces/include/mypalletizer_interfaces/mypalletizer_interfaces/msg
[1.020s] -- Up-to-date: /home/amin/cobot/cobot_ws/install/mypalletizer_interfaces/include/mypalletizer_interfaces/mypalletizer_interfaces/msg/detail
[1.020s] -- Installing: /home/amin/cobot/cobot_ws/install/mypalletizer_interfaces/include/mypalletizer_interfaces/mypalletizer_interfaces/msg/detail/mypal_angles__type_support.c
[1.020s] -- Up-to-date: /home/amin/cobot/cobot_ws/install/mypalletizer_interfaces/include/mypalletizer_interfaces/mypalletizer_interfaces/msg/detail/mypal_pump_status__rosidl_typesupport_introspection_c.h
[1.020s] -- Installing: /home/amin/cobot/cobot_ws/install/mypalletizer_interfaces/include/mypalletizer_interfaces/mypalletizer_interfaces/msg/detail/mypal_pump_status__type_support.c
[1.020s] -- Installing: /home/amin/cobot/cobot_ws/install/mypalletizer_interfaces/include/mypalletizer_interfaces/mypalletizer_interfaces/msg/detail/mypal_gripper_status__type_support.c
[1.020s] -- Installing: /home/amin/cobot/cobot_ws/install/mypalletizer_interfaces/include/mypalletizer_interfaces/mypalletizer_interfaces/msg/detail/mypal_coords__type_support.c
[1.021s] -- Installing: /home/amin/cobot/cobot_ws/install/mypalletizer_interfaces/include/mypalletizer_interfaces/mypalletizer_interfaces/msg/detail/mypal_set_angles__type_support.c
[1.021s] -- Up-to-date: /home/amin/cobot/cobot_ws/install/mypalletizer_interfaces/include/mypalletizer_interfaces/mypalletizer_interfaces/msg/detail/mypal_gripper_status__rosidl_typesupport_introspection_c.h
[1.021s] -- Up-to-date: /home/amin/cobot/cobot_ws/install/mypalletizer_interfaces/include/mypalletizer_interfaces/mypalletizer_interfaces/msg/detail/mypal_set_coords__rosidl_typesupport_introspection_c.h
[1.021s] -- Installing: /home/amin/cobot/cobot_ws/install/mypalletizer_interfaces/include/mypalletizer_interfaces/mypalletizer_interfaces/msg/detail/mypal_set_coords__type_support.c
[1.021s] -- Up-to-date: /home/amin/cobot/cobot_ws/install/mypalletizer_interfaces/include/mypalletizer_interfaces/mypalletizer_interfaces/msg/detail/mypal_angles__rosidl_typesupport_introspection_c.h
[1.021s] -- Up-to-date: /home/amin/cobot/cobot_ws/install/mypalletizer_interfaces/include/mypalletizer_interfaces/mypalletizer_interfaces/msg/detail/mypal_set_angles__rosidl_typesupport_introspection_c.h
[1.021s] -- Up-to-date: /home/amin/cobot/cobot_ws/install/mypalletizer_interfaces/include/mypalletizer_interfaces/mypalletizer_interfaces/msg/detail/mypal_coords__rosidl_typesupport_introspection_c.h
[1.021s] -- Up-to-date: /home/amin/cobot/cobot_ws/install/mypalletizer_interfaces/include/mypalletizer_interfaces/mypalletizer_interfaces/msg/rosidl_typesupport_introspection_c__visibility_control.h
[1.021s] -- Up-to-date: /home/amin/cobot/cobot_ws/install/mypalletizer_interfaces/lib/libmypalletizer_interfaces__rosidl_typesupport_introspection_c.so
[1.021s] -- Up-to-date: /home/amin/cobot/cobot_ws/install/mypalletizer_interfaces/lib/libmypalletizer_interfaces__rosidl_typesupport_c.so
[1.021s] -- Up-to-date: /home/amin/cobot/cobot_ws/install/mypalletizer_interfaces/include/mypalletizer_interfaces/mypalletizer_interfaces
[1.021s] -- Up-to-date: /home/amin/cobot/cobot_ws/install/mypalletizer_interfaces/include/mypalletizer_interfaces/mypalletizer_interfaces/srv
[1.021s] -- Up-to-date: /home/amin/cobot/cobot_ws/install/mypalletizer_interfaces/include/mypalletizer_interfaces/mypalletizer_interfaces/srv/set_angles.hpp
[1.021s] -- Up-to-date: /home/amin/cobot/cobot_ws/install/mypalletizer_interfaces/include/mypalletizer_interfaces/mypalletizer_interfaces/srv/get_coords.hpp
[1.021s] -- Up-to-date: /home/amin/cobot/cobot_ws/install/mypalletizer_interfaces/include/mypalletizer_interfaces/mypalletizer_interfaces/srv/gripper_status.hpp
[1.022s] -- Up-to-date: /home/amin/cobot/cobot_ws/install/mypalletizer_interfaces/include/mypalletizer_interfaces/mypalletizer_interfaces/srv/detail
[1.022s] -- Up-to-date: /home/amin/cobot/cobot_ws/install/mypalletizer_interfaces/include/mypalletizer_interfaces/mypalletizer_interfaces/srv/detail/get_coords__type_support.hpp
[1.022s] -- Up-to-date: /home/amin/cobot/cobot_ws/install/mypalletizer_interfaces/include/mypalletizer_interfaces/mypalletizer_interfaces/srv/detail/get_angles__builder.hpp
[1.022s] -- Up-to-date: /home/amin/cobot/cobot_ws/install/mypalletizer_interfaces/include/mypalletizer_interfaces/mypalletizer_interfaces/srv/detail/gripper_status__type_support.hpp
[1.022s] -- Up-to-date: /home/amin/cobot/cobot_ws/install/mypalletizer_interfaces/include/mypalletizer_interfaces/mypalletizer_interfaces/srv/detail/set_angles__traits.hpp
[1.022s] -- Up-to-date: /home/amin/cobot/cobot_ws/install/mypalletizer_interfaces/include/mypalletizer_interfaces/mypalletizer_interfaces/srv/detail/set_angles__builder.hpp
[1.022s] -- Up-to-date: /home/amin/cobot/cobot_ws/install/mypalletizer_interfaces/include/mypalletizer_interfaces/mypalletizer_interfaces/srv/detail/gripper_status__struct.hpp
[1.022s] -- Up-to-date: /home/amin/cobot/cobot_ws/install/mypalletizer_interfaces/include/mypalletizer_interfaces/mypalletizer_interfaces/srv/detail/gripper_status__traits.hpp
[1.022s] -- Up-to-date: /home/amin/cobot/cobot_ws/install/mypalletizer_interfaces/include/mypalletizer_interfaces/mypalletizer_interfaces/srv/detail/set_coords__struct.hpp
[1.022s] -- Up-to-date: /home/amin/cobot/cobot_ws/install/mypalletizer_interfaces/include/mypalletizer_interfaces/mypalletizer_interfaces/srv/detail/pump_status__builder.hpp
[1.022s] -- Up-to-date: /home/amin/cobot/cobot_ws/install/mypalletizer_interfaces/include/mypalletizer_interfaces/mypalletizer_interfaces/srv/detail/set_coords__builder.hpp
[1.022s] -- Up-to-date: /home/amin/cobot/cobot_ws/install/mypalletizer_interfaces/include/mypalletizer_interfaces/mypalletizer_interfaces/srv/detail/pump_status__type_support.hpp
[1.022s] -- Up-to-date: /home/amin/cobot/cobot_ws/install/mypalletizer_interfaces/include/mypalletizer_interfaces/mypalletizer_interfaces/srv/detail/get_coords__struct.hpp
[1.022s] -- Up-to-date: /home/amin/cobot/cobot_ws/install/mypalletizer_interfaces/include/mypalletizer_interfaces/mypalletizer_interfaces/srv/detail/gripper_status__builder.hpp
[1.022s] -- Up-to-date: /home/amin/cobot/cobot_ws/install/mypalletizer_interfaces/include/mypalletizer_interfaces/mypalletizer_interfaces/srv/detail/pump_status__traits.hpp
[1.023s] -- Up-to-date: /home/amin/cobot/cobot_ws/install/mypalletizer_interfaces/include/mypalletizer_interfaces/mypalletizer_interfaces/srv/detail/get_angles__type_support.hpp
[1.023s] -- Up-to-date: /home/amin/cobot/cobot_ws/install/mypalletizer_interfaces/include/mypalletizer_interfaces/mypalletizer_interfaces/srv/detail/get_coords__traits.hpp
[1.023s] -- Up-to-date: /home/amin/cobot/cobot_ws/install/mypalletizer_interfaces/include/mypalletizer_interfaces/mypalletizer_interfaces/srv/detail/set_angles__struct.hpp
[1.023s] -- Up-to-date: /home/amin/cobot/cobot_ws/install/mypalletizer_interfaces/include/mypalletizer_interfaces/mypalletizer_interfaces/srv/detail/get_angles__traits.hpp
[1.025s] -- Up-to-date: /home/amin/cobot/cobot_ws/install/mypalletizer_interfaces/include/mypalletizer_interfaces/mypalletizer_interfaces/srv/detail/get_coords__builder.hpp
[1.025s] -- Up-to-date: /home/amin/cobot/cobot_ws/install/mypalletizer_interfaces/include/mypalletizer_interfaces/mypalletizer_interfaces/srv/detail/set_coords__type_support.hpp
[1.025s] -- Up-to-date: /home/amin/cobot/cobot_ws/install/mypalletizer_interfaces/include/mypalletizer_interfaces/mypalletizer_interfaces/srv/detail/set_angles__type_support.hpp
[1.025s] -- Up-to-date: /home/amin/cobot/cobot_ws/install/mypalletizer_interfaces/include/mypalletizer_interfaces/mypalletizer_interfaces/srv/detail/set_coords__traits.hpp
[1.025s] -- Up-to-date: /home/amin/cobot/cobot_ws/install/mypalletizer_interfaces/include/mypalletizer_interfaces/mypalletizer_interfaces/srv/detail/get_angles__struct.hpp
[1.025s] -- Up-to-date: /home/amin/cobot/cobot_ws/install/mypalletizer_interfaces/include/mypalletizer_interfaces/mypalletizer_interfaces/srv/detail/pump_status__struct.hpp
[1.026s] -- Up-to-date: /home/amin/cobot/cobot_ws/install/mypalletizer_interfaces/include/mypalletizer_interfaces/mypalletizer_interfaces/srv/set_coords.hpp
[1.026s] -- Up-to-date: /home/amin/cobot/cobot_ws/install/mypalletizer_interfaces/include/mypalletizer_interfaces/mypalletizer_interfaces/srv/get_angles.hpp
[1.026s] -- Up-to-date: /home/amin/cobot/cobot_ws/install/mypalletizer_interfaces/include/mypalletizer_interfaces/mypalletizer_interfaces/srv/pump_status.hpp
[1.026s] -- Up-to-date: /home/amin/cobot/cobot_ws/install/mypalletizer_interfaces/include/mypalletizer_interfaces/mypalletizer_interfaces/msg
[1.026s] -- Up-to-date: /home/amin/cobot/cobot_ws/install/mypalletizer_interfaces/include/mypalletizer_interfaces/mypalletizer_interfaces/msg/mypal_set_coords.hpp
[1.026s] -- Up-to-date: /home/amin/cobot/cobot_ws/install/mypalletizer_interfaces/include/mypalletizer_interfaces/mypalletizer_interfaces/msg/mypal_pump_status.hpp
[1.026s] -- Up-to-date: /home/amin/cobot/cobot_ws/install/mypalletizer_interfaces/include/mypalletizer_interfaces/mypalletizer_interfaces/msg/mypal_set_angles.hpp
[1.026s] -- Up-to-date: /home/amin/cobot/cobot_ws/install/mypalletizer_interfaces/include/mypalletizer_interfaces/mypalletizer_interfaces/msg/detail
[1.026s] -- Up-to-date: /home/amin/cobot/cobot_ws/install/mypalletizer_interfaces/include/mypalletizer_interfaces/mypalletizer_interfaces/msg/detail/mypal_set_angles__struct.hpp
[1.026s] -- Up-to-date: /home/amin/cobot/cobot_ws/install/mypalletizer_interfaces/include/mypalletizer_interfaces/mypalletizer_interfaces/msg/detail/mypal_gripper_status__traits.hpp
[1.026s] -- Up-to-date: /home/amin/cobot/cobot_ws/install/mypalletizer_interfaces/include/mypalletizer_interfaces/mypalletizer_interfaces/msg/detail/mypal_coords__type_support.hpp
[1.026s] -- Up-to-date: /home/amin/cobot/cobot_ws/install/mypalletizer_interfaces/include/mypalletizer_interfaces/mypalletizer_interfaces/msg/detail/mypal_set_angles__type_support.hpp
[1.026s] -- Up-to-date: /home/amin/cobot/cobot_ws/install/mypalletizer_interfaces/include/mypalletizer_interfaces/mypalletizer_interfaces/msg/detail/mypal_set_coords__traits.hpp
[1.026s] -- Up-to-date: /home/amin/cobot/cobot_ws/install/mypalletizer_interfaces/include/mypalletizer_interfaces/mypalletizer_interfaces/msg/detail/mypal_gripper_status__type_support.hpp
[1.026s] -- Up-to-date: /home/amin/cobot/cobot_ws/install/mypalletizer_interfaces/include/mypalletizer_interfaces/mypalletizer_interfaces/msg/detail/mypal_angles__traits.hpp
[1.026s] -- Up-to-date: /home/amin/cobot/cobot_ws/install/mypalletizer_interfaces/include/mypalletizer_interfaces/mypalletizer_interfaces/msg/detail/mypal_pump_status__struct.hpp
[1.027s] -- Up-to-date: /home/amin/cobot/cobot_ws/install/mypalletizer_interfaces/include/mypalletizer_interfaces/mypalletizer_interfaces/msg/detail/mypal_coords__struct.hpp
[1.027s] -- Up-to-date: /home/amin/cobot/cobot_ws/install/mypalletizer_interfaces/include/mypalletizer_interfaces/mypalletizer_interfaces/msg/detail/mypal_gripper_status__builder.hpp
[1.027s] -- Up-to-date: /home/amin/cobot/cobot_ws/install/mypalletizer_interfaces/include/mypalletizer_interfaces/mypalletizer_interfaces/msg/detail/mypal_set_coords__builder.hpp
[1.027s] -- Up-to-date: /home/amin/cobot/cobot_ws/install/mypalletizer_interfaces/include/mypalletizer_interfaces/mypalletizer_interfaces/msg/detail/mypal_pump_status__type_support.hpp
[1.027s] -- Up-to-date: /home/amin/cobot/cobot_ws/install/mypalletizer_interfaces/include/mypalletizer_interfaces/mypalletizer_interfaces/msg/detail/mypal_set_angles__traits.hpp
[1.027s] -- Up-to-date: /home/amin/cobot/cobot_ws/install/mypalletizer_interfaces/include/mypalletizer_interfaces/mypalletizer_interfaces/msg/detail/mypal_gripper_status__struct.hpp
[1.027s] -- Up-to-date: /home/amin/cobot/cobot_ws/install/mypalletizer_interfaces/include/mypalletizer_interfaces/mypalletizer_interfaces/msg/detail/mypal_set_coords__type_support.hpp
[1.027s] -- Up-to-date: /home/amin/cobot/cobot_ws/install/mypalletizer_interfaces/include/mypalletizer_interfaces/mypalletizer_interfaces/msg/detail/mypal_angles__builder.hpp
[1.027s] -- Up-to-date: /home/amin/cobot/cobot_ws/install/mypalletizer_interfaces/include/mypalletizer_interfaces/mypalletizer_interfaces/msg/detail/mypal_pump_status__traits.hpp
[1.027s] -- Up-to-date: /home/amin/cobot/cobot_ws/install/mypalletizer_interfaces/include/mypalletizer_interfaces/mypalletizer_interfaces/msg/detail/mypal_angles__type_support.hpp
[1.027s] -- Up-to-date: /home/amin/cobot/cobot_ws/install/mypalletizer_interfaces/include/mypalletizer_interfaces/mypalletizer_interfaces/msg/detail/mypal_coords__traits.hpp
[1.027s] -- Up-to-date: /home/amin/cobot/cobot_ws/install/mypalletizer_interfaces/include/mypalletizer_interfaces/mypalletizer_interfaces/msg/detail/mypal_angles__struct.hpp
[1.027s] -- Up-to-date: /home/amin/cobot/cobot_ws/install/mypalletizer_interfaces/include/mypalletizer_interfaces/mypalletizer_interfaces/msg/detail/mypal_set_coords__struct.hpp
[1.028s] -- Up-to-date: /home/amin/cobot/cobot_ws/install/mypalletizer_interfaces/include/mypalletizer_interfaces/mypalletizer_interfaces/msg/detail/mypal_coords__builder.hpp
[1.028s] -- Up-to-date: /home/amin/cobot/cobot_ws/install/mypalletizer_interfaces/include/mypalletizer_interfaces/mypalletizer_interfaces/msg/detail/mypal_set_angles__builder.hpp
[1.028s] -- Up-to-date: /home/amin/cobot/cobot_ws/install/mypalletizer_interfaces/include/mypalletizer_interfaces/mypalletizer_interfaces/msg/detail/mypal_pump_status__builder.hpp
[1.028s] -- Up-to-date: /home/amin/cobot/cobot_ws/install/mypalletizer_interfaces/include/mypalletizer_interfaces/mypalletizer_interfaces/msg/mypal_angles.hpp
[1.028s] -- Up-to-date: /home/amin/cobot/cobot_ws/install/mypalletizer_interfaces/include/mypalletizer_interfaces/mypalletizer_interfaces/msg/rosidl_generator_cpp__visibility_control.hpp
[1.028s] -- Up-to-date: /home/amin/cobot/cobot_ws/install/mypalletizer_interfaces/include/mypalletizer_interfaces/mypalletizer_interfaces/msg/mypal_coords.hpp
[1.028s] -- Up-to-date: /home/amin/cobot/cobot_ws/install/mypalletizer_interfaces/include/mypalletizer_interfaces/mypalletizer_interfaces/msg/mypal_gripper_status.hpp
[1.028s] -- Up-to-date: /home/amin/cobot/cobot_ws/install/mypalletizer_interfaces/include/mypalletizer_interfaces/mypalletizer_interfaces
[1.028s] -- Up-to-date: /home/amin/cobot/cobot_ws/install/mypalletizer_interfaces/include/mypalletizer_interfaces/mypalletizer_interfaces/srv
[1.028s] -- Up-to-date: /home/amin/cobot/cobot_ws/install/mypalletizer_interfaces/include/mypalletizer_interfaces/mypalletizer_interfaces/srv/detail
[1.028s] -- Up-to-date: /home/amin/cobot/cobot_ws/install/mypalletizer_interfaces/include/mypalletizer_interfaces/mypalletizer_interfaces/srv/detail/gripper_status__rosidl_typesupport_fastrtps_cpp.hpp
[1.028s] -- Up-to-date: /home/amin/cobot/cobot_ws/install/mypalletizer_interfaces/include/mypalletizer_interfaces/mypalletizer_interfaces/srv/detail/pump_status__rosidl_typesupport_fastrtps_cpp.hpp
[1.029s] -- Up-to-date: /home/amin/cobot/cobot_ws/install/mypalletizer_interfaces/include/mypalletizer_interfaces/mypalletizer_interfaces/srv/detail/dds_fastrtps
[1.029s] -- Up-to-date: /home/amin/cobot/cobot_ws/install/mypalletizer_interfaces/include/mypalletizer_interfaces/mypalletizer_interfaces/srv/detail/get_angles__rosidl_typesupport_fastrtps_cpp.hpp
[1.029s] -- Up-to-date: /home/amin/cobot/cobot_ws/install/mypalletizer_interfaces/include/mypalletizer_interfaces/mypalletizer_interfaces/srv/detail/set_coords__rosidl_typesupport_fastrtps_cpp.hpp
[1.030s] -- Up-to-date: /home/amin/cobot/cobot_ws/install/mypalletizer_interfaces/include/mypalletizer_interfaces/mypalletizer_interfaces/srv/detail/get_coords__rosidl_typesupport_fastrtps_cpp.hpp
[1.030s] -- Up-to-date: /home/amin/cobot/cobot_ws/install/mypalletizer_interfaces/include/mypalletizer_interfaces/mypalletizer_interfaces/srv/detail/set_angles__rosidl_typesupport_fastrtps_cpp.hpp
[1.030s] -- Up-to-date: /home/amin/cobot/cobot_ws/install/mypalletizer_interfaces/include/mypalletizer_interfaces/mypalletizer_interfaces/msg
[1.030s] -- Up-to-date: /home/amin/cobot/cobot_ws/install/mypalletizer_interfaces/include/mypalletizer_interfaces/mypalletizer_interfaces/msg/detail
[1.030s] -- Up-to-date: /home/amin/cobot/cobot_ws/install/mypalletizer_interfaces/include/mypalletizer_interfaces/mypalletizer_interfaces/msg/detail/mypal_pump_status__rosidl_typesupport_fastrtps_cpp.hpp
[1.030s] -- Up-to-date: /home/amin/cobot/cobot_ws/install/mypalletizer_interfaces/include/mypalletizer_interfaces/mypalletizer_interfaces/msg/detail/mypal_set_angles__rosidl_typesupport_fastrtps_cpp.hpp
[1.030s] -- Up-to-date: /home/amin/cobot/cobot_ws/install/mypalletizer_interfaces/include/mypalletizer_interfaces/mypalletizer_interfaces/msg/detail/dds_fastrtps
[1.031s] -- Up-to-date: /home/amin/cobot/cobot_ws/install/mypalletizer_interfaces/include/mypalletizer_interfaces/mypalletizer_interfaces/msg/detail/mypal_coords__rosidl_typesupport_fastrtps_cpp.hpp
[1.031s] -- Up-to-date: /home/amin/cobot/cobot_ws/install/mypalletizer_interfaces/include/mypalletizer_interfaces/mypalletizer_interfaces/msg/detail/mypal_set_coords__rosidl_typesupport_fastrtps_cpp.hpp
[1.031s] -- Up-to-date: /home/amin/cobot/cobot_ws/install/mypalletizer_interfaces/include/mypalletizer_interfaces/mypalletizer_interfaces/msg/detail/mypal_angles__rosidl_typesupport_fastrtps_cpp.hpp
[1.031s] -- Up-to-date: /home/amin/cobot/cobot_ws/install/mypalletizer_interfaces/include/mypalletizer_interfaces/mypalletizer_interfaces/msg/detail/mypal_gripper_status__rosidl_typesupport_fastrtps_cpp.hpp
[1.031s] -- Up-to-date: /home/amin/cobot/cobot_ws/install/mypalletizer_interfaces/include/mypalletizer_interfaces/mypalletizer_interfaces/msg/rosidl_typesupport_fastrtps_cpp__visibility_control.h
[1.031s] -- Up-to-date: /home/amin/cobot/cobot_ws/install/mypalletizer_interfaces/lib/libmypalletizer_interfaces__rosidl_typesupport_fastrtps_cpp.so
[1.031s] -- Up-to-date: /home/amin/cobot/cobot_ws/install/mypalletizer_interfaces/include/mypalletizer_interfaces/mypalletizer_interfaces
[1.031s] -- Up-to-date: /home/amin/cobot/cobot_ws/install/mypalletizer_interfaces/include/mypalletizer_interfaces/mypalletizer_interfaces/srv
[1.031s] -- Up-to-date: /home/amin/cobot/cobot_ws/install/mypalletizer_interfaces/include/mypalletizer_interfaces/mypalletizer_interfaces/srv/detail
[1.031s] -- Up-to-date: /home/amin/cobot/cobot_ws/install/mypalletizer_interfaces/include/mypalletizer_interfaces/mypalletizer_interfaces/srv/detail/set_coords__type_support.cpp
[1.031s] -- Up-to-date: /home/amin/cobot/cobot_ws/install/mypalletizer_interfaces/include/mypalletizer_interfaces/mypalletizer_interfaces/srv/detail/pump_status__rosidl_typesupport_introspection_cpp.hpp
[1.031s] -- Up-to-date: /home/amin/cobot/cobot_ws/install/mypalletizer_interfaces/include/mypalletizer_interfaces/mypalletizer_interfaces/srv/detail/gripper_status__type_support.cpp
[1.031s] -- Up-to-date: /home/amin/cobot/cobot_ws/install/mypalletizer_interfaces/include/mypalletizer_interfaces/mypalletizer_interfaces/srv/detail/gripper_status__rosidl_typesupport_introspection_cpp.hpp
[1.031s] -- Up-to-date: /home/amin/cobot/cobot_ws/install/mypalletizer_interfaces/include/mypalletizer_interfaces/mypalletizer_interfaces/srv/detail/get_coords__type_support.cpp
[1.032s] -- Up-to-date: /home/amin/cobot/cobot_ws/install/mypalletizer_interfaces/include/mypalletizer_interfaces/mypalletizer_interfaces/srv/detail/set_angles__rosidl_typesupport_introspection_cpp.hpp
[1.032s] -- Up-to-date: /home/amin/cobot/cobot_ws/install/mypalletizer_interfaces/include/mypalletizer_interfaces/mypalletizer_interfaces/srv/detail/set_angles__type_support.cpp
[1.032s] -- Up-to-date: /home/amin/cobot/cobot_ws/install/mypalletizer_interfaces/include/mypalletizer_interfaces/mypalletizer_interfaces/srv/detail/get_angles__type_support.cpp
[1.032s] -- Up-to-date: /home/amin/cobot/cobot_ws/install/mypalletizer_interfaces/include/mypalletizer_interfaces/mypalletizer_interfaces/srv/detail/pump_status__type_support.cpp
[1.032s] -- Up-to-date: /home/amin/cobot/cobot_ws/install/mypalletizer_interfaces/include/mypalletizer_interfaces/mypalletizer_interfaces/srv/detail/get_angles__rosidl_typesupport_introspection_cpp.hpp
[1.032s] -- Up-to-date: /home/amin/cobot/cobot_ws/install/mypalletizer_interfaces/include/mypalletizer_interfaces/mypalletizer_interfaces/srv/detail/set_coords__rosidl_typesupport_introspection_cpp.hpp
[1.032s] -- Up-to-date: /home/amin/cobot/cobot_ws/install/mypalletizer_interfaces/include/mypalletizer_interfaces/mypalletizer_interfaces/srv/detail/get_coords__rosidl_typesupport_introspection_cpp.hpp
[1.032s] -- Up-to-date: /home/amin/cobot/cobot_ws/install/mypalletizer_interfaces/include/mypalletizer_interfaces/mypalletizer_interfaces/msg
[1.032s] -- Up-to-date: /home/amin/cobot/cobot_ws/install/mypalletizer_interfaces/include/mypalletizer_interfaces/mypalletizer_interfaces/msg/detail
[1.032s] -- Up-to-date: /home/amin/cobot/cobot_ws/install/mypalletizer_interfaces/include/mypalletizer_interfaces/mypalletizer_interfaces/msg/detail/mypal_angles__type_support.cpp
[1.032s] -- Up-to-date: /home/amin/cobot/cobot_ws/install/mypalletizer_interfaces/include/mypalletizer_interfaces/mypalletizer_interfaces/msg/detail/mypal_gripper_status__rosidl_typesupport_introspection_cpp.hpp
[1.032s] -- Up-to-date: /home/amin/cobot/cobot_ws/install/mypalletizer_interfaces/include/mypalletizer_interfaces/mypalletizer_interfaces/msg/detail/mypal_set_coords__rosidl_typesupport_introspection_cpp.hpp
[1.032s] -- Up-to-date: /home/amin/cobot/cobot_ws/install/mypalletizer_interfaces/include/mypalletizer_interfaces/mypalletizer_interfaces/msg/detail/mypal_gripper_status__type_support.cpp
[1.032s] -- Up-to-date: /home/amin/cobot/cobot_ws/install/mypalletizer_interfaces/include/mypalletizer_interfaces/mypalletizer_interfaces/msg/detail/mypal_pump_status__type_support.cpp
[1.032s] -- Up-to-date: /home/amin/cobot/cobot_ws/install/mypalletizer_interfaces/include/mypalletizer_interfaces/mypalletizer_interfaces/msg/detail/mypal_angles__rosidl_typesupport_introspection_cpp.hpp
[1.033s] -- Up-to-date: /home/amin/cobot/cobot_ws/install/mypalletizer_interfaces/include/mypalletizer_interfaces/mypalletizer_interfaces/msg/detail/mypal_set_angles__type_support.cpp
[1.033s] -- Up-to-date: /home/amin/cobot/cobot_ws/install/mypalletizer_interfaces/include/mypalletizer_interfaces/mypalletizer_interfaces/msg/detail/mypal_coords__rosidl_typesupport_introspection_cpp.hpp
[1.033s] -- Up-to-date: /home/amin/cobot/cobot_ws/install/mypalletizer_interfaces/include/mypalletizer_interfaces/mypalletizer_interfaces/msg/detail/mypal_set_coords__type_support.cpp
[1.033s] -- Up-to-date: /home/amin/cobot/cobot_ws/install/mypalletizer_interfaces/include/mypalletizer_interfaces/mypalletizer_interfaces/msg/detail/mypal_set_angles__rosidl_typesupport_introspection_cpp.hpp
[1.033s] -- Up-to-date: /home/amin/cobot/cobot_ws/install/mypalletizer_interfaces/include/mypalletizer_interfaces/mypalletizer_interfaces/msg/detail/mypal_coords__type_support.cpp
[1.033s] -- Up-to-date: /home/amin/cobot/cobot_ws/install/mypalletizer_interfaces/include/mypalletizer_interfaces/mypalletizer_interfaces/msg/detail/mypal_pump_status__rosidl_typesupport_introspection_cpp.hpp
[1.033s] -- Up-to-date: /home/amin/cobot/cobot_ws/install/mypalletizer_interfaces/lib/libmypalletizer_interfaces__rosidl_typesupport_introspection_cpp.so
[1.033s] -- Up-to-date: /home/amin/cobot/cobot_ws/install/mypalletizer_interfaces/lib/libmypalletizer_interfaces__rosidl_typesupport_cpp.so
[1.033s] -- Up-to-date: /home/amin/cobot/cobot_ws/install/mypalletizer_interfaces/share/mypalletizer_interfaces/environment/pythonpath.sh
[1.033s] -- Up-to-date: /home/amin/cobot/cobot_ws/install/mypalletizer_interfaces/share/mypalletizer_interfaces/environment/pythonpath.dsv
[1.033s] -- Up-to-date: /home/amin/cobot/cobot_ws/install/mypalletizer_interfaces/lib/python3.12/site-packages/mypalletizer_interfaces-0.0.0-py3.12.egg-info
[1.033s] -- Installing: /home/amin/cobot/cobot_ws/install/mypalletizer_interfaces/lib/python3.12/site-packages/mypalletizer_interfaces-0.0.0-py3.12.egg-info/SOURCES.txt
[1.033s] -- Installing: /home/amin/cobot/cobot_ws/install/mypalletizer_interfaces/lib/python3.12/site-packages/mypalletizer_interfaces-0.0.0-py3.12.egg-info/PKG-INFO
[1.033s] -- Installing: /home/amin/cobot/cobot_ws/install/mypalletizer_interfaces/lib/python3.12/site-packages/mypalletizer_interfaces-0.0.0-py3.12.egg-info/top_level.txt
[1.033s] -- Installing: /home/amin/cobot/cobot_ws/install/mypalletizer_interfaces/lib/python3.12/site-packages/mypalletizer_interfaces-0.0.0-py3.12.egg-info/dependency_links.txt
[1.033s] -- Up-to-date: /home/amin/cobot/cobot_ws/install/mypalletizer_interfaces/lib/python3.12/site-packages/mypalletizer_interfaces
[1.034s] -- Up-to-date: /home/amin/cobot/cobot_ws/install/mypalletizer_interfaces/lib/python3.12/site-packages/mypalletizer_interfaces/mypalletizer_interfaces_s__rosidl_typesupport_fastrtps_c.so
[1.034s] -- Up-to-date: /home/amin/cobot/cobot_ws/install/mypalletizer_interfaces/lib/python3.12/site-packages/mypalletizer_interfaces/mypalletizer_interfaces_s__rosidl_typesupport_introspection_c.so
[1.034s] -- Up-to-date: /home/amin/cobot/cobot_ws/install/mypalletizer_interfaces/lib/python3.12/site-packages/mypalletizer_interfaces/_mypalletizer_interfaces_s.ep.rosidl_typesupport_introspection_c.c
[1.034s] -- Up-to-date: /home/amin/cobot/cobot_ws/install/mypalletizer_interfaces/lib/python3.12/site-packages/mypalletizer_interfaces/__init__.py
[1.034s] -- Up-to-date: /home/amin/cobot/cobot_ws/install/mypalletizer_interfaces/lib/python3.12/site-packages/mypalletizer_interfaces/srv
[1.034s] -- Up-to-date: /home/amin/cobot/cobot_ws/install/mypalletizer_interfaces/lib/python3.12/site-packages/mypalletizer_interfaces/srv/_get_coords_s.c
[1.034s] -- Up-to-date: /home/amin/cobot/cobot_ws/install/mypalletizer_interfaces/lib/python3.12/site-packages/mypalletizer_interfaces/srv/_get_angles_s.c
[1.034s] -- Up-to-date: /home/amin/cobot/cobot_ws/install/mypalletizer_interfaces/lib/python3.12/site-packages/mypalletizer_interfaces/srv/_get_angles.py
[1.034s] -- Up-to-date: /home/amin/cobot/cobot_ws/install/mypalletizer_interfaces/lib/python3.12/site-packages/mypalletizer_interfaces/srv/_set_angles.py
[1.034s] -- Up-to-date: /home/amin/cobot/cobot_ws/install/mypalletizer_interfaces/lib/python3.12/site-packages/mypalletizer_interfaces/srv/_pump_status.py
[1.034s] -- Up-to-date: /home/amin/cobot/cobot_ws/install/mypalletizer_interfaces/lib/python3.12/site-packages/mypalletizer_interfaces/srv/_pump_status_s.c
[1.034s] -- Up-to-date: /home/amin/cobot/cobot_ws/install/mypalletizer_interfaces/lib/python3.12/site-packages/mypalletizer_interfaces/srv/_set_coords.py
[1.034s] -- Up-to-date: /home/amin/cobot/cobot_ws/install/mypalletizer_interfaces/lib/python3.12/site-packages/mypalletizer_interfaces/srv/__init__.py
[1.034s] -- Up-to-date: /home/amin/cobot/cobot_ws/install/mypalletizer_interfaces/lib/python3.12/site-packages/mypalletizer_interfaces/srv/_get_coords.py
[1.034s] -- Up-to-date: /home/amin/cobot/cobot_ws/install/mypalletizer_interfaces/lib/python3.12/site-packages/mypalletizer_interfaces/srv/_gripper_status_s.c
[1.035s] -- Up-to-date: /home/amin/cobot/cobot_ws/install/mypalletizer_interfaces/lib/python3.12/site-packages/mypalletizer_interfaces/srv/_gripper_status.py
[1.035s] -- Up-to-date: /home/amin/cobot/cobot_ws/install/mypalletizer_interfaces/lib/python3.12/site-packages/mypalletizer_interfaces/srv/_set_coords_s.c
[1.035s] -- Up-to-date: /home/amin/cobot/cobot_ws/install/mypalletizer_interfaces/lib/python3.12/site-packages/mypalletizer_interfaces/srv/_set_angles_s.c
[1.035s] -- Up-to-date: /home/amin/cobot/cobot_ws/install/mypalletizer_interfaces/lib/python3.12/site-packages/mypalletizer_interfaces/msg
[1.035s] -- Up-to-date: /home/amin/cobot/cobot_ws/install/mypalletizer_interfaces/lib/python3.12/site-packages/mypalletizer_interfaces/msg/_mypal_angles.py
[1.035s] -- Up-to-date: /home/amin/cobot/cobot_ws/install/mypalletizer_interfaces/lib/python3.12/site-packages/mypalletizer_interfaces/msg/_mypal_gripper_status_s.c
[1.035s] -- Up-to-date: /home/amin/cobot/cobot_ws/install/mypalletizer_interfaces/lib/python3.12/site-packages/mypalletizer_interfaces/msg/_mypal_set_coords.py
[1.035s] -- Up-to-date: /home/amin/cobot/cobot_ws/install/mypalletizer_interfaces/lib/python3.12/site-packages/mypalletizer_interfaces/msg/_mypal_set_angles_s.c
[1.035s] -- Up-to-date: /home/amin/cobot/cobot_ws/install/mypalletizer_interfaces/lib/python3.12/site-packages/mypalletizer_interfaces/msg/__init__.py
[1.035s] -- Up-to-date: /home/amin/cobot/cobot_ws/install/mypalletizer_interfaces/lib/python3.12/site-packages/mypalletizer_interfaces/msg/_mypal_gripper_status.py
[1.035s] -- Up-to-date: /home/amin/cobot/cobot_ws/install/mypalletizer_interfaces/lib/python3.12/site-packages/mypalletizer_interfaces/msg/_mypal_coords.py
[1.035s] -- Up-to-date: /home/amin/cobot/cobot_ws/install/mypalletizer_interfaces/lib/python3.12/site-packages/mypalletizer_interfaces/msg/_mypal_pump_status.py
[1.036s] -- Up-to-date: /home/amin/cobot/cobot_ws/install/mypalletizer_interfaces/lib/python3.12/site-packages/mypalletizer_interfaces/msg/_mypal_angles_s.c
[1.036s] -- Up-to-date: /home/amin/cobot/cobot_ws/install/mypalletizer_interfaces/lib/python3.12/site-packages/mypalletizer_interfaces/msg/_mypal_set_coords_s.c
[1.036s] -- Up-to-date: /home/amin/cobot/cobot_ws/install/mypalletizer_interfaces/lib/python3.12/site-packages/mypalletizer_interfaces/msg/_mypal_coords_s.c
[1.036s] -- Up-to-date: /home/amin/cobot/cobot_ws/install/mypalletizer_interfaces/lib/python3.12/site-packages/mypalletizer_interfaces/msg/_mypal_pump_status_s.c
[1.036s] -- Up-to-date: /home/amin/cobot/cobot_ws/install/mypalletizer_interfaces/lib/python3.12/site-packages/mypalletizer_interfaces/msg/_mypal_set_angles.py
[1.036s] -- Up-to-date: /home/amin/cobot/cobot_ws/install/mypalletizer_interfaces/lib/python3.12/site-packages/mypalletizer_interfaces/_mypalletizer_interfaces_s.ep.rosidl_typesupport_c.c
[1.036s] -- Up-to-date: /home/amin/cobot/cobot_ws/install/mypalletizer_interfaces/lib/python3.12/site-packages/mypalletizer_interfaces/mypalletizer_interfaces_s__rosidl_typesupport_c.so
[1.036s] -- Up-to-date: /home/amin/cobot/cobot_ws/install/mypalletizer_interfaces/lib/python3.12/site-packages/mypalletizer_interfaces/_mypalletizer_interfaces_s.ep.rosidl_typesupport_fastrtps_c.c
[1.056s] Listing '/home/amin/cobot/cobot_ws/install/mypalletizer_interfaces/lib/python3.12/site-packages/mypalletizer_interfaces'...
[1.057s] Listing '/home/amin/cobot/cobot_ws/install/mypalletizer_interfaces/lib/python3.12/site-packages/mypalletizer_interfaces/msg'...
[1.057s] Listing '/home/amin/cobot/cobot_ws/install/mypalletizer_interfaces/lib/python3.12/site-packages/mypalletizer_interfaces/srv'...
[1.063s] -- Up-to-date: /home/amin/cobot/cobot_ws/install/mypalletizer_interfaces/lib/python3.12/site-packages/mypalletizer_interfaces/mypalletizer_interfaces_s__rosidl_typesupport_fastrtps_c.so
[1.063s] -- Up-to-date: /home/amin/cobot/cobot_ws/install/mypalletizer_interfaces/lib/python3.12/site-packages/mypalletizer_interfaces/mypalletizer_interfaces_s__rosidl_typesupport_introspection_c.so
[1.064s] -- Up-to-date: /home/amin/cobot/cobot_ws/install/mypalletizer_interfaces/lib/python3.12/site-packages/mypalletizer_interfaces/mypalletizer_interfaces_s__rosidl_typesupport_c.so
[1.064s] -- Up-to-date: /home/amin/cobot/cobot_ws/install/mypalletizer_interfaces/lib/libmypalletizer_interfaces__rosidl_generator_py.so
[1.065s] -- Up-to-date: /home/amin/cobot/cobot_ws/install/mypalletizer_interfaces/share/mypalletizer_interfaces/msg/MypalAngles.idl
[1.065s] -- Up-to-date: /home/amin/cobot/cobot_ws/install/mypalletizer_interfaces/share/mypalletizer_interfaces/msg/MypalCoords.idl
[1.065s] -- Up-to-date: /home/amin/cobot/cobot_ws/install/mypalletizer_interfaces/share/mypalletizer_interfaces/msg/MypalSetAngles.idl
[1.065s] -- Up-to-date: /home/amin/cobot/cobot_ws/install/mypalletizer_interfaces/share/mypalletizer_interfaces/msg/MypalSetCoords.idl
[1.065s] -- Up-to-date: /home/amin/cobot/cobot_ws/install/mypalletizer_interfaces/share/mypalletizer_interfaces/msg/MypalGripperStatus.idl
[1.065s] -- Up-to-date: /home/amin/cobot/cobot_ws/install/mypalletizer_interfaces/share/mypalletizer_interfaces/msg/MypalPumpStatus.idl
[1.065s] -- Up-to-date: /home/amin/cobot/cobot_ws/install/mypalletizer_interfaces/share/mypalletizer_interfaces/srv/GetAngles.idl
[1.065s] -- Up-to-date: /home/amin/cobot/cobot_ws/install/mypalletizer_interfaces/share/mypalletizer_interfaces/srv/SetAngles.idl
[1.065s] -- Up-to-date: /home/amin/cobot/cobot_ws/install/mypalletizer_interfaces/share/mypalletizer_interfaces/srv/GetCoords.idl
[1.065s] -- Up-to-date: /home/amin/cobot/cobot_ws/install/mypalletizer_interfaces/share/mypalletizer_interfaces/srv/SetCoords.idl
[1.065s] -- Up-to-date: /home/amin/cobot/cobot_ws/install/mypalletizer_interfaces/share/mypalletizer_interfaces/srv/GripperStatus.idl
[1.065s] -- Up-to-date: /home/amin/cobot/cobot_ws/install/mypalletizer_interfaces/share/mypalletizer_interfaces/srv/PumpStatus.idl
[1.066s] -- Up-to-date: /home/amin/cobot/cobot_ws/install/mypalletizer_interfaces/share/mypalletizer_interfaces/msg/MypalAngles.msg
[1.066s] -- Up-to-date: /home/amin/cobot/cobot_ws/install/mypalletizer_interfaces/share/mypalletizer_interfaces/msg/MypalCoords.msg
[1.066s] -- Up-to-date: /home/amin/cobot/cobot_ws/install/mypalletizer_interfaces/share/mypalletizer_interfaces/msg/MypalSetAngles.msg
[1.066s] -- Up-to-date: /home/amin/cobot/cobot_ws/install/mypalletizer_interfaces/share/mypalletizer_interfaces/msg/MypalSetCoords.msg
[1.066s] -- Up-to-date: /home/amin/cobot/cobot_ws/install/mypalletizer_interfaces/share/mypalletizer_interfaces/msg/MypalGripperStatus.msg
[1.066s] -- Up-to-date: /home/amin/cobot/cobot_ws/install/mypalletizer_interfaces/share/mypalletizer_interfaces/msg/MypalPumpStatus.msg
[1.066s] -- Up-to-date: /home/amin/cobot/cobot_ws/install/mypalletizer_interfaces/share/mypalletizer_interfaces/srv/GetAngles.srv
[1.066s] -- Up-to-date: /home/amin/cobot/cobot_ws/install/mypalletizer_interfaces/share/mypalletizer_interfaces/srv/SetAngles.srv
[1.066s] -- Up-to-date: /home/amin/cobot/cobot_ws/install/mypalletizer_interfaces/share/mypalletizer_interfaces/srv/GetCoords.srv
[1.066s] -- Up-to-date: /home/amin/cobot/cobot_ws/install/mypalletizer_interfaces/share/mypalletizer_interfaces/srv/SetCoords.srv
[1.066s] -- Up-to-date: /home/amin/cobot/cobot_ws/install/mypalletizer_interfaces/share/mypalletizer_interfaces/srv/GripperStatus.srv
[1.067s] -- Up-to-date: /home/amin/cobot/cobot_ws/install/mypalletizer_interfaces/share/mypalletizer_interfaces/srv/PumpStatus.srv
[1.067s] -- Up-to-date: /home/amin/cobot/cobot_ws/install/mypalletizer_interfaces/share/ament_index/resource_index/package_run_dependencies/mypalletizer_interfaces
[1.067s] -- Up-to-date: /home/amin/cobot/cobot_ws/install/mypalletizer_interfaces/share/ament_index/resource_index/parent_prefix_path/mypalletizer_interfaces
[1.067s] -- Up-to-date: /home/amin/cobot/cobot_ws/install/mypalletizer_interfaces/share/mypalletizer_interfaces/environment/ament_prefix_path.sh
[1.067s] -- Up-to-date: /home/amin/cobot/cobot_ws/install/mypalletizer_interfaces/share/mypalletizer_interfaces/environment/ament_prefix_path.dsv
[1.067s] -- Up-to-date: /home/amin/cobot/cobot_ws/install/mypalletizer_interfaces/share/mypalletizer_interfaces/environment/path.sh
[1.067s] -- Up-to-date: /home/amin/cobot/cobot_ws/install/mypalletizer_interfaces/share/mypalletizer_interfaces/environment/path.dsv
[1.068s] -- Up-to-date: /home/amin/cobot/cobot_ws/install/mypalletizer_interfaces/share/mypalletizer_interfaces/local_setup.bash
[1.068s] -- Up-to-date: /home/amin/cobot/cobot_ws/install/mypalletizer_interfaces/share/mypalletizer_interfaces/local_setup.sh
[1.068s] -- Up-to-date: /home/amin/cobot/cobot_ws/install/mypalletizer_interfaces/share/mypalletizer_interfaces/local_setup.zsh
[1.068s] -- Up-to-date: /home/amin/cobot/cobot_ws/install/mypalletizer_interfaces/share/mypalletizer_interfaces/local_setup.dsv
[1.068s] -- Installing: /home/amin/cobot/cobot_ws/install/mypalletizer_interfaces/share/mypalletizer_interfaces/package.dsv
[1.068s] -- Up-to-date: /home/amin/cobot/cobot_ws/install/mypalletizer_interfaces/share/ament_index/resource_index/packages/mypalletizer_interfaces
[1.068s] -- Up-to-date: /home/amin/cobot/cobot_ws/install/mypalletizer_interfaces/share/mypalletizer_interfaces/cmake/export_mypalletizer_interfaces__rosidl_generator_cExport.cmake
[1.068s] -- Up-to-date: /home/amin/cobot/cobot_ws/install/mypalletizer_interfaces/share/mypalletizer_interfaces/cmake/export_mypalletizer_interfaces__rosidl_generator_cExport-noconfig.cmake
[1.068s] -- Up-to-date: /home/amin/cobot/cobot_ws/install/mypalletizer_interfaces/share/mypalletizer_interfaces/cmake/export_mypalletizer_interfaces__rosidl_typesupport_fastrtps_cExport.cmake
[1.068s] -- Up-to-date: /home/amin/cobot/cobot_ws/install/mypalletizer_interfaces/share/mypalletizer_interfaces/cmake/export_mypalletizer_interfaces__rosidl_typesupport_fastrtps_cExport-noconfig.cmake
[1.068s] -- Up-to-date: /home/amin/cobot/cobot_ws/install/mypalletizer_interfaces/share/mypalletizer_interfaces/cmake/mypalletizer_interfaces__rosidl_typesupport_introspection_cExport.cmake
[1.069s] -- Up-to-date: /home/amin/cobot/cobot_ws/install/mypalletizer_interfaces/share/mypalletizer_interfaces/cmake/mypalletizer_interfaces__rosidl_typesupport_introspection_cExport-noconfig.cmake
[1.069s] -- Up-to-date: /home/amin/cobot/cobot_ws/install/mypalletizer_interfaces/share/mypalletizer_interfaces/cmake/mypalletizer_interfaces__rosidl_typesupport_cExport.cmake
[1.069s] -- Up-to-date: /home/amin/cobot/cobot_ws/install/mypalletizer_interfaces/share/mypalletizer_interfaces/cmake/mypalletizer_interfaces__rosidl_typesupport_cExport-noconfig.cmake
[1.069s] -- Up-to-date: /home/amin/cobot/cobot_ws/install/mypalletizer_interfaces/share/mypalletizer_interfaces/cmake/export_mypalletizer_interfaces__rosidl_generator_cppExport.cmake
[1.069s] -- Up-to-date: /home/amin/cobot/cobot_ws/install/mypalletizer_interfaces/share/mypalletizer_interfaces/cmake/export_mypalletizer_interfaces__rosidl_typesupport_fastrtps_cppExport.cmake
[1.069s] -- Up-to-date: /home/amin/cobot/cobot_ws/install/mypalletizer_interfaces/share/mypalletizer_interfaces/cmake/export_mypalletizer_interfaces__rosidl_typesupport_fastrtps_cppExport-noconfig.cmake
[1.069s] -- Up-to-date: /home/amin/cobot/cobot_ws/install/mypalletizer_interfaces/share/mypalletizer_interfaces/cmake/mypalletizer_interfaces__rosidl_typesupport_introspection_cppExport.cmake
[1.069s] -- Up-to-date: /home/amin/cobot/cobot_ws/install/mypalletizer_interfaces/share/mypalletizer_interfaces/cmake/mypalletizer_interfaces__rosidl_typesupport_introspection_cppExport-noconfig.cmake
[1.069s] -- Up-to-date: /home/amin/cobot/cobot_ws/install/mypalletizer_interfaces/share/mypalletizer_interfaces/cmake/mypalletizer_interfaces__rosidl_typesupport_cppExport.cmake
[1.069s] -- Up-to-date: /home/amin/cobot/cobot_ws/install/mypalletizer_interfaces/share/mypalletizer_interfaces/cmake/mypalletizer_interfaces__rosidl_typesupport_cppExport-noconfig.cmake
[1.069s] -- Up-to-date: /home/amin/cobot/cobot_ws/install/mypalletizer_interfaces/share/mypalletizer_interfaces/cmake/export_mypalletizer_interfaces__rosidl_generator_pyExport.cmake
[1.069s] -- Up-to-date: /home/amin/cobot/cobot_ws/install/mypalletizer_interfaces/share/mypalletizer_interfaces/cmake/export_mypalletizer_interfaces__rosidl_generator_pyExport-noconfig.cmake
[1.070s] -- Up-to-date: /home/amin/cobot/cobot_ws/install/mypalletizer_interfaces/share/mypalletizer_interfaces/cmake/rosidl_cmake-extras.cmake
[1.070s] -- Up-to-date: /home/amin/cobot/cobot_ws/install/mypalletizer_interfaces/share/mypalletizer_interfaces/cmake/ament_cmake_export_dependencies-extras.cmake
[1.070s] -- Up-to-date: /home/amin/cobot/cobot_ws/install/mypalletizer_interfaces/share/mypalletizer_interfaces/cmake/ament_cmake_export_include_directories-extras.cmake
[1.070s] -- Up-to-date: /home/amin/cobot/cobot_ws/install/mypalletizer_interfaces/share/mypalletizer_interfaces/cmake/ament_cmake_export_libraries-extras.cmake
[1.070s] -- Up-to-date: /home/amin/cobot/cobot_ws/install/mypalletizer_interfaces/share/mypalletizer_interfaces/cmake/ament_cmake_export_targets-extras.cmake
[1.070s] -- Up-to-date: /home/amin/cobot/cobot_ws/install/mypalletizer_interfaces/share/mypalletizer_interfaces/cmake/rosidl_cmake_export_typesupport_targets-extras.cmake
[1.070s] -- Up-to-date: /home/amin/cobot/cobot_ws/install/mypalletizer_interfaces/share/mypalletizer_interfaces/cmake/rosidl_cmake_export_typesupport_libraries-extras.cmake
[1.070s] -- Up-to-date: /home/amin/cobot/cobot_ws/install/mypalletizer_interfaces/share/mypalletizer_interfaces/cmake/mypalletizer_interfacesConfig.cmake
[1.070s] -- Up-to-date: /home/amin/cobot/cobot_ws/install/mypalletizer_interfaces/share/mypalletizer_interfaces/cmake/mypalletizer_interfacesConfig-version.cmake
[1.070s] -- Up-to-date: /home/amin/cobot/cobot_ws/install/mypalletizer_interfaces/share/mypalletizer_interfaces/package.xml
[1.343s] Invoked command in '/home/amin/cobot/cobot_ws/build/mypalletizer_interfaces' returned '0': CMAKE_PREFIX_PATH=${CMAKE_PREFIX_PATH}:/home/amin/cobot/cobot_ws/install/ultraarm:/home/amin/cobot/cobot_ws/install/pro450_moveit2_control:/home/amin/cobot/cobot_ws/install/mypalletizer_communication:/home/amin/cobot/cobot_ws/install/mypalletizer_260_pi:/home/amin/cobot/cobot_ws/install/mypalletizer_260:/home/amin/cobot/cobot_ws/install/mycobot_pro_450:/home/amin/cobot/cobot_ws/install/myarm_m750:/home/amin/cobot/cobot_ws/install/myarm_c650:/home/amin/cobot/cobot_ws/install/mycobot_communication:/home/amin/cobot/cobot_ws/install/mecharm_communication:/home/amin/cobot/cobot_ws/install/mycobot_630:/home/amin/cobot/cobot_ws/install/mycobot_600:/home/amin/cobot/cobot_ws/install/mycobot_320pi:/home/amin/cobot/cobot_ws/install/mycobot_320_riscv:/home/amin/cobot/cobot_ws/install/mycobot_320:/home/amin/cobot/cobot_ws/install/mycobot_280pi:/home/amin/cobot/cobot_ws/install/mycobot_280jn:/home/amin/cobot/cobot_ws/install/mycobot_280_x3pi:/home/amin/cobot/cobot_ws/install/mycobot_280_riscv:/home/amin/cobot/cobot_ws/install/mycobot_280_rdkx5:/home/amin/cobot/cobot_ws/install/mycobot_280_moveit2_control:/home/amin/cobot/cobot_ws/install/mycobot_280_arduino:/home/amin/cobot/cobot_ws/install/mycobot_280:/home/amin/cobot/cobot_ws/install/mybuddy:/home/amin/cobot/cobot_ws/install/myarm_300:/home/amin/cobot/cobot_ws/install/mecharm_pi:/home/amin/cobot/cobot_ws/install/mecharm:/home/amin/cobot/cobot_ws/install/mycobot_description:/opt/ros/jazzy DEBUGINFOD_URLS=https://debuginfod.ubuntu.com /usr/bin/cmake --install /home/amin/cobot/cobot_ws/build/mypalletizer_interfaces
