[1.042s] Invoking command in '/home/amin/cobot/cobot_ws/src/mycobot_ros2/mycobot_pro/mycobot_630': AMENT_PREFIX_PATH=/home/amin/cobot/cobot_ws/install/mycobot_description:${AMENT_PREFIX_PATH} DEBUGINFOD_URLS=https://debuginfod.ubuntu.com PYTHONPATH=/home/amin/cobot/cobot_ws/build/mycobot_630/prefix_override:/usr/lib/python3/dist-packages/colcon_core/task/python/colcon_distutils_commands:/home/amin/cobot/cobot_ws/install/mycobot_630/lib/python3.12/site-packages:/home/amin/cobot/cobot_ws/install/mycobot_description/lib/python3.12/site-packages:${PYTHONPATH} /usr/bin/python3 -W ignore:setup.py install is deprecated -W ignore:easy_install command is deprecated setup.py egg_info --egg-base ../../../../build/mycobot_630 build --build-base /home/amin/cobot/cobot_ws/build/mycobot_630/build install --record /home/amin/cobot/cobot_ws/build/mycobot_630/install.log --single-version-externally-managed install_data
[1.265s] running egg_info
[1.280s] writing ../../../../build/mycobot_630/mycobot_630.egg-info/PKG-INFO
[1.281s] writing dependency_links to ../../../../build/mycobot_630/mycobot_630.egg-info/dependency_links.txt
[1.281s] writing entry points to ../../../../build/mycobot_630/mycobot_630.egg-info/entry_points.txt
[1.281s] writing requirements to ../../../../build/mycobot_630/mycobot_630.egg-info/requires.txt
[1.281s] writing top-level names to ../../../../build/mycobot_630/mycobot_630.egg-info/top_level.txt
[1.310s] reading manifest file '../../../../build/mycobot_630/mycobot_630.egg-info/SOURCES.txt'
[1.310s] adding license file 'LICENSE'
[1.310s] writing manifest file '../../../../build/mycobot_630/mycobot_630.egg-info/SOURCES.txt'
[1.311s] running build
[1.311s] running build_py
[1.311s] running install
[1.316s] running install_lib
[1.336s] running install_data
[1.336s] running install_egg_info
[1.353s] removing '/home/amin/cobot/cobot_ws/install/mycobot_630/lib/python3.12/site-packages/mycobot_630-0.0.0-py3.12.egg-info' (and everything under it)
[1.355s] Copying ../../../../build/mycobot_630/mycobot_630.egg-info to /home/amin/cobot/cobot_ws/install/mycobot_630/lib/python3.12/site-packages/mycobot_630-0.0.0-py3.12.egg-info
[1.362s] running install_scripts
[1.532s] Installing slider_control script to /home/amin/cobot/cobot_ws/install/mycobot_630/lib/mycobot_630
[1.533s] writing list of installed files to '/home/amin/cobot/cobot_ws/build/mycobot_630/install.log'
[1.628s] Invoked command in '/home/amin/cobot/cobot_ws/src/mycobot_ros2/mycobot_pro/mycobot_630' returned '0': AMENT_PREFIX_PATH=/home/amin/cobot/cobot_ws/install/mycobot_description:${AMENT_PREFIX_PATH} DEBUGINFOD_URLS=https://debuginfod.ubuntu.com PYTHONPATH=/home/amin/cobot/cobot_ws/build/mycobot_630/prefix_override:/usr/lib/python3/dist-packages/colcon_core/task/python/colcon_distutils_commands:/home/amin/cobot/cobot_ws/install/mycobot_630/lib/python3.12/site-packages:/home/amin/cobot/cobot_ws/install/mycobot_description/lib/python3.12/site-packages:${PYTHONPATH} /usr/bin/python3 -W ignore:setup.py install is deprecated -W ignore:easy_install command is deprecated setup.py egg_info --egg-base ../../../../build/mycobot_630 build --build-base /home/amin/cobot/cobot_ws/build/mycobot_630/build install --record /home/amin/cobot/cobot_ws/build/mycobot_630/install.log --single-version-externally-managed install_data
